zero-velocity boundary -> /mnt/c/Users/payne/Code/Hill_4BP/professional_neck_studies/e1_dense_001/survey/level_005_delta_1e_minus_7/open/shard_0004/zero_velocity_boundary.csv
lambda1=0.0272549 lambda2=2.97275 A=-0.986373 B=0.486373 c=0.0976566 c1=0 c2=0 c3=-0.0976566 h=-2.39154 (C=4.78307)
E1/E2 neck h=-2.39154 (C=4.78307), E3/E4 neck h=-0.454039 (C=0.908078)
energy_mode=neck_delta neck=E1 hcrit=-2.39154 delta=1e-07 side=open actual_neck_side=open delta_h=1e-07
x_count=600 xdot_count=121 iterates=250 index range=[76,94] velocity_mode=fraction x_range=[0.789875,0.791235] max_return_time=100
smooth coordinates R=sqrt(rho), CAPD crossing mode=Both solver_order=28 max_step=0.005 abs_tol=1e-15 rel_tol=1e-13 collision_radius=1e-06 outer_radius=5
velocity row 0/120 IC 76/599 x0=0.790047 velocity_parameter=-0.97 elapsed=1.28e-07s written=0
  crossing 0/250
  stopped velocity row 0 IC 76 x0=0.790047 velocity_parameter=-0.97 status=collision: trajectory reached the configured collision radius
  stopped velocity row 0 IC 77 x0=0.79005 velocity_parameter=-0.97 status=collision: trajectory reached the configured collision radius
  stopped velocity row 0 IC 78 x0=0.790052 velocity_parameter=-0.97 status=collision: trajectory reached the configured collision radius
  stopped velocity row 0 IC 79 x0=0.790054 velocity_parameter=-0.97 status=collision: trajectory reached the configured collision radius
  stopped velocity row 0 IC 80 x0=0.790056 velocity_parameter=-0.97 status=collision: trajectory reached the configured collision radius
  stopped velocity row 0 IC 81 x0=0.790059 velocity_parameter=-0.97 status=collision: trajectory reached the configured collision radius
  stopped velocity row 0 IC 82 x0=0.790061 velocity_parameter=-0.97 status=collision: trajectory reached the configured collision radius
  stopped velocity row 0 IC 83 x0=0.790063 velocity_parameter=-0.97 status=collision: trajectory reached the configured collision radius
  stopped velocity row 0 IC 84 x0=0.790065 velocity_parameter=-0.97 status=collision: trajectory reached the configured collision radius
  stopped velocity row 0 IC 85 x0=0.790068 velocity_parameter=-0.97 status=collision: trajectory reached the configured collision radius
velocity row 0/120 IC 86/599 x0=0.79007 velocity_parameter=-0.97 elapsed=0.895695s written=0
  crossing 0/250
  stopped velocity row 0 IC 86 x0=0.79007 velocity_parameter=-0.97 status=collision: trajectory reached the configured collision radius
velocity row 0/120 IC 94/599 x0=0.790088 velocity_parameter=-0.97 elapsed=1.56971s written=0
  crossing 0/250
  stopped velocity row 0 IC 94 x0=0.790088 velocity_parameter=-0.97 status=collision: trajectory reached the configured collision radius
velocity row 1/120 IC 76/599 x0=0.790047 velocity_parameter=-0.953833 elapsed=1.65393s written=0
  crossing 0/250
  stopped velocity row 1 IC 76 x0=0.790047 velocity_parameter=-0.953833 status=collision: trajectory reached the configured collision radius
velocity row 1/120 IC 86/599 x0=0.79007 velocity_parameter=-0.953833 elapsed=2.531s written=0
  crossing 0/250
  stopped velocity row 1 IC 86 x0=0.79007 velocity_parameter=-0.953833 status=collision: trajectory reached the configured collision radius
velocity row 1/120 IC 94/599 x0=0.790088 velocity_parameter=-0.953833 elapsed=3.21192s written=0
  crossing 0/250
  stopped velocity row 1 IC 94 x0=0.790088 velocity_parameter=-0.953833 status=collision: trajectory reached the configured collision radius
velocity row 2/120 IC 76/599 x0=0.790047 velocity_parameter=-0.937667 elapsed=3.29671s written=0
  crossing 0/250
  stopped velocity row 2 IC 76 x0=0.790047 velocity_parameter=-0.937667 status=collision: trajectory reached the configured collision radius
velocity row 2/120 IC 86/599 x0=0.79007 velocity_parameter=-0.937667 elapsed=4.14109s written=0
  crossing 0/250
  stopped velocity row 2 IC 86 x0=0.79007 velocity_parameter=-0.937667 status=collision: trajectory reached the configured collision radius
velocity row 2/120 IC 94/599 x0=0.790088 velocity_parameter=-0.937667 elapsed=4.87046s written=0
  crossing 0/250
  stopped velocity row 2 IC 94 x0=0.790088 velocity_parameter=-0.937667 status=collision: trajectory reached the configured collision radius
velocity row 3/120 IC 76/599 x0=0.790047 velocity_parameter=-0.9215 elapsed=4.96056s written=0
  crossing 0/250
  stopped velocity row 3 IC 76 x0=0.790047 velocity_parameter=-0.9215 status=collision: trajectory reached the configured collision radius
velocity row 3/120 IC 86/599 x0=0.79007 velocity_parameter=-0.9215 elapsed=5.84744s written=0
  crossing 0/250
  stopped velocity row 3 IC 86 x0=0.79007 velocity_parameter=-0.9215 status=collision: trajectory reached the configured collision radius
velocity row 3/120 IC 94/599 x0=0.790088 velocity_parameter=-0.9215 elapsed=6.57442s written=0
  crossing 0/250
  stopped velocity row 3 IC 94 x0=0.790088 velocity_parameter=-0.9215 status=collision: trajectory reached the configured collision radius
velocity row 4/120 IC 76/599 x0=0.790047 velocity_parameter=-0.905333 elapsed=6.66884s written=0
  crossing 0/250
  stopped velocity row 4 IC 76 x0=0.790047 velocity_parameter=-0.905333 status=collision: trajectory reached the configured collision radius
velocity row 4/120 IC 86/599 x0=0.79007 velocity_parameter=-0.905333 elapsed=7.5298s written=0
  crossing 0/250
  stopped velocity row 4 IC 86 x0=0.79007 velocity_parameter=-0.905333 status=collision: trajectory reached the configured collision radius
velocity row 4/120 IC 94/599 x0=0.790088 velocity_parameter=-0.905333 elapsed=8.21271s written=0
  crossing 0/250
  stopped velocity row 4 IC 94 x0=0.790088 velocity_parameter=-0.905333 status=collision: trajectory reached the configured collision radius
velocity row 5/120 IC 76/599 x0=0.790047 velocity_parameter=-0.889167 elapsed=8.29609s written=0
  crossing 0/250
  stopped velocity row 5 IC 76 x0=0.790047 velocity_parameter=-0.889167 status=collision: trajectory reached the configured collision radius
velocity row 5/120 IC 86/599 x0=0.79007 velocity_parameter=-0.889167 elapsed=9.15991s written=0
  crossing 0/250
  stopped velocity row 5 IC 86 x0=0.79007 velocity_parameter=-0.889167 status=collision: trajectory reached the configured collision radius
velocity row 5/120 IC 94/599 x0=0.790088 velocity_parameter=-0.889167 elapsed=9.85487s written=0
  crossing 0/250
  stopped velocity row 5 IC 94 x0=0.790088 velocity_parameter=-0.889167 status=collision: trajectory reached the configured collision radius
velocity row 6/120 IC 76/599 x0=0.790047 velocity_parameter=-0.873 elapsed=9.94155s written=0
  crossing 0/250
  stopped velocity row 6 IC 76 x0=0.790047 velocity_parameter=-0.873 status=collision: trajectory reached the configured collision radius
velocity row 6/120 IC 86/599 x0=0.79007 velocity_parameter=-0.873 elapsed=10.8009s written=0
  crossing 0/250
  stopped velocity row 6 IC 86 x0=0.79007 velocity_parameter=-0.873 status=collision: trajectory reached the configured collision radius
velocity row 6/120 IC 94/599 x0=0.790088 velocity_parameter=-0.873 elapsed=11.4712s written=0
  crossing 0/250
  stopped velocity row 6 IC 94 x0=0.790088 velocity_parameter=-0.873 status=collision: trajectory reached the configured collision radius
velocity row 7/120 IC 76/599 x0=0.790047 velocity_parameter=-0.856833 elapsed=11.5612s written=0
  crossing 0/250
  stopped velocity row 7 IC 76 x0=0.790047 velocity_parameter=-0.856833 status=collision: trajectory reached the configured collision radius
velocity row 7/120 IC 86/599 x0=0.79007 velocity_parameter=-0.856833 elapsed=12.418s written=0
  crossing 0/250
  stopped velocity row 7 IC 86 x0=0.79007 velocity_parameter=-0.856833 status=collision: trajectory reached the configured collision radius
velocity row 7/120 IC 94/599 x0=0.790088 velocity_parameter=-0.856833 elapsed=13.1022s written=0
  crossing 0/250
  stopped velocity row 7 IC 94 x0=0.790088 velocity_parameter=-0.856833 status=collision: trajectory reached the configured collision radius
velocity row 8/120 IC 76/599 x0=0.790047 velocity_parameter=-0.840667 elapsed=13.1822s written=0
  crossing 0/250
  stopped velocity row 8 IC 76 x0=0.790047 velocity_parameter=-0.840667 status=collision: trajectory reached the configured collision radius
velocity row 8/120 IC 86/599 x0=0.79007 velocity_parameter=-0.840667 elapsed=14.0211s written=0
  crossing 0/250
  stopped velocity row 8 IC 86 x0=0.79007 velocity_parameter=-0.840667 status=collision: trajectory reached the configured collision radius
velocity row 8/120 IC 94/599 x0=0.790088 velocity_parameter=-0.840667 elapsed=14.7005s written=0
  crossing 0/250
  stopped velocity row 8 IC 94 x0=0.790088 velocity_parameter=-0.840667 status=collision: trajectory reached the configured collision radius
velocity row 9/120 IC 76/599 x0=0.790047 velocity_parameter=-0.8245 elapsed=14.7844s written=0
  crossing 0/250
  stopped velocity row 9 IC 76 x0=0.790047 velocity_parameter=-0.8245 status=collision: trajectory reached the configured collision radius
velocity row 9/120 IC 86/599 x0=0.79007 velocity_parameter=-0.8245 elapsed=15.6411s written=0
  crossing 0/250
  stopped velocity row 9 IC 86 x0=0.79007 velocity_parameter=-0.8245 status=collision: trajectory reached the configured collision radius
velocity row 9/120 IC 94/599 x0=0.790088 velocity_parameter=-0.8245 elapsed=16.3676s written=0
  crossing 0/250
  stopped velocity row 9 IC 94 x0=0.790088 velocity_parameter=-0.8245 status=collision: trajectory reached the configured collision radius
velocity row 10/120 IC 76/599 x0=0.790047 velocity_parameter=-0.808333 elapsed=16.4498s written=0
  crossing 0/250
  stopped velocity row 10 IC 76 x0=0.790047 velocity_parameter=-0.808333 status=collision: trajectory reached the configured collision radius
velocity row 10/120 IC 86/599 x0=0.79007 velocity_parameter=-0.808333 elapsed=17.3076s written=0
  crossing 0/250
  stopped velocity row 10 IC 86 x0=0.79007 velocity_parameter=-0.808333 status=collision: trajectory reached the configured collision radius
velocity row 10/120 IC 94/599 x0=0.790088 velocity_parameter=-0.808333 elapsed=17.9857s written=0
  crossing 0/250
  stopped velocity row 10 IC 94 x0=0.790088 velocity_parameter=-0.808333 status=collision: trajectory reached the configured collision radius
velocity row 11/120 IC 76/599 x0=0.790047 velocity_parameter=-0.792167 elapsed=18.0665s written=0
  crossing 0/250
  stopped velocity row 11 IC 76 x0=0.790047 velocity_parameter=-0.792167 status=collision: trajectory reached the configured collision radius
velocity row 11/120 IC 86/599 x0=0.79007 velocity_parameter=-0.792167 elapsed=18.9621s written=0
  crossing 0/250
  stopped velocity row 11 IC 86 x0=0.79007 velocity_parameter=-0.792167 status=collision: trajectory reached the configured collision radius
velocity row 11/120 IC 94/599 x0=0.790088 velocity_parameter=-0.792167 elapsed=19.6398s written=0
  crossing 0/250
  stopped velocity row 11 IC 94 x0=0.790088 velocity_parameter=-0.792167 status=collision: trajectory reached the configured collision radius
velocity row 12/120 IC 76/599 x0=0.790047 velocity_parameter=-0.776 elapsed=19.7278s written=0
  crossing 0/250
  stopped velocity row 12 IC 76 x0=0.790047 velocity_parameter=-0.776 status=collision: trajectory reached the configured collision radius
velocity row 12/120 IC 86/599 x0=0.79007 velocity_parameter=-0.776 elapsed=20.5614s written=0
  crossing 0/250
  stopped velocity row 12 IC 86 x0=0.79007 velocity_parameter=-0.776 status=collision: trajectory reached the configured collision radius
velocity row 12/120 IC 94/599 x0=0.790088 velocity_parameter=-0.776 elapsed=21.231s written=0
  crossing 0/250
  stopped velocity row 12 IC 94 x0=0.790088 velocity_parameter=-0.776 status=collision: trajectory reached the configured collision radius
velocity row 13/120 IC 76/599 x0=0.790047 velocity_parameter=-0.759833 elapsed=21.3124s written=0
  crossing 0/250
  stopped velocity row 13 IC 76 x0=0.790047 velocity_parameter=-0.759833 status=collision: trajectory reached the configured collision radius
velocity row 13/120 IC 86/599 x0=0.79007 velocity_parameter=-0.759833 elapsed=22.1558s written=0
  crossing 0/250
  stopped velocity row 13 IC 86 x0=0.79007 velocity_parameter=-0.759833 status=collision: trajectory reached the configured collision radius
velocity row 13/120 IC 94/599 x0=0.790088 velocity_parameter=-0.759833 elapsed=22.8199s written=0
  crossing 0/250
  stopped velocity row 13 IC 94 x0=0.790088 velocity_parameter=-0.759833 status=collision: trajectory reached the configured collision radius
velocity row 14/120 IC 76/599 x0=0.790047 velocity_parameter=-0.743667 elapsed=22.9055s written=0
  crossing 0/250
  stopped velocity row 14 IC 76 x0=0.790047 velocity_parameter=-0.743667 status=collision: trajectory reached the configured collision radius
velocity row 14/120 IC 86/599 x0=0.79007 velocity_parameter=-0.743667 elapsed=23.7328s written=0
  crossing 0/250
  stopped velocity row 14 IC 86 x0=0.79007 velocity_parameter=-0.743667 status=collision: trajectory reached the configured collision radius
velocity row 14/120 IC 94/599 x0=0.790088 velocity_parameter=-0.743667 elapsed=24.4047s written=0
  crossing 0/250
  stopped velocity row 14 IC 94 x0=0.790088 velocity_parameter=-0.743667 status=collision: trajectory reached the configured collision radius
velocity row 15/120 IC 76/599 x0=0.790047 velocity_parameter=-0.7275 elapsed=24.5006s written=0
  crossing 0/250
  stopped velocity row 15 IC 76 x0=0.790047 velocity_parameter=-0.7275 status=collision: trajectory reached the configured collision radius
velocity row 15/120 IC 86/599 x0=0.79007 velocity_parameter=-0.7275 elapsed=25.3515s written=0
  crossing 0/250
  stopped velocity row 15 IC 86 x0=0.79007 velocity_parameter=-0.7275 status=collision: trajectory reached the configured collision radius
velocity row 15/120 IC 94/599 x0=0.790088 velocity_parameter=-0.7275 elapsed=26.0017s written=0
  crossing 0/250
  stopped velocity row 15 IC 94 x0=0.790088 velocity_parameter=-0.7275 status=collision: trajectory reached the configured collision radius
velocity row 16/120 IC 76/599 x0=0.790047 velocity_parameter=-0.711333 elapsed=26.0797s written=0
  crossing 0/250
  stopped velocity row 16 IC 76 x0=0.790047 velocity_parameter=-0.711333 status=collision: trajectory reached the configured collision radius
velocity row 16/120 IC 86/599 x0=0.79007 velocity_parameter=-0.711333 elapsed=26.8081s written=0
  crossing 0/250
  stopped velocity row 16 IC 86 x0=0.79007 velocity_parameter=-0.711333 status=collision: trajectory reached the configured collision radius
velocity row 16/120 IC 94/599 x0=0.790088 velocity_parameter=-0.711333 elapsed=27.3271s written=0
  crossing 0/250
  stopped velocity row 16 IC 94 x0=0.790088 velocity_parameter=-0.711333 status=collision: trajectory reached the configured collision radius
velocity row 17/120 IC 76/599 x0=0.790047 velocity_parameter=-0.695167 elapsed=27.3945s written=0
  crossing 0/250
  stopped velocity row 17 IC 76 x0=0.790047 velocity_parameter=-0.695167 status=collision: trajectory reached the configured collision radius
velocity row 17/120 IC 86/599 x0=0.79007 velocity_parameter=-0.695167 elapsed=28.0538s written=0
  crossing 0/250
  stopped velocity row 17 IC 86 x0=0.79007 velocity_parameter=-0.695167 status=collision: trajectory reached the configured collision radius
velocity row 17/120 IC 94/599 x0=0.790088 velocity_parameter=-0.695167 elapsed=28.5689s written=0
  crossing 0/250
  stopped velocity row 17 IC 94 x0=0.790088 velocity_parameter=-0.695167 status=collision: trajectory reached the configured collision radius
velocity row 18/120 IC 76/599 x0=0.790047 velocity_parameter=-0.679 elapsed=28.6274s written=0
  crossing 0/250
  stopped velocity row 18 IC 76 x0=0.790047 velocity_parameter=-0.679 status=collision: trajectory reached the configured collision radius
velocity row 18/120 IC 86/599 x0=0.79007 velocity_parameter=-0.679 elapsed=29.2298s written=0
  crossing 0/250
  stopped velocity row 18 IC 86 x0=0.79007 velocity_parameter=-0.679 status=collision: trajectory reached the configured collision radius
velocity row 18/120 IC 94/599 x0=0.790088 velocity_parameter=-0.679 elapsed=29.7007s written=0
  crossing 0/250
  stopped velocity row 18 IC 94 x0=0.790088 velocity_parameter=-0.679 status=collision: trajectory reached the configured collision radius
velocity row 19/120 IC 76/599 x0=0.790047 velocity_parameter=-0.662833 elapsed=29.7555s written=0
  crossing 0/250
  stopped velocity row 19 IC 76 x0=0.790047 velocity_parameter=-0.662833 status=collision: trajectory reached the configured collision radius
velocity row 19/120 IC 86/599 x0=0.79007 velocity_parameter=-0.662833 elapsed=30.2022s written=0
  crossing 0/250
  stopped velocity row 19 IC 86 x0=0.79007 velocity_parameter=-0.662833 status=collision: trajectory reached the configured collision radius
velocity row 19/120 IC 94/599 x0=0.790088 velocity_parameter=-0.662833 elapsed=30.6305s written=0
  crossing 0/250
  stopped velocity row 19 IC 94 x0=0.790088 velocity_parameter=-0.662833 status=collision: trajectory reached the configured collision radius
velocity row 20/120 IC 76/599 x0=0.790047 velocity_parameter=-0.646667 elapsed=30.6959s written=0
  crossing 0/250
  stopped velocity row 20 IC 76 x0=0.790047 velocity_parameter=-0.646667 status=collision: trajectory reached the configured collision radius
velocity row 20/120 IC 86/599 x0=0.79007 velocity_parameter=-0.646667 elapsed=31.3149s written=0
  crossing 0/250
  stopped velocity row 20 IC 86 x0=0.79007 velocity_parameter=-0.646667 status=collision: trajectory reached the configured collision radius
velocity row 20/120 IC 94/599 x0=0.790088 velocity_parameter=-0.646667 elapsed=31.7489s written=0
  crossing 0/250
  stopped velocity row 20 IC 94 x0=0.790088 velocity_parameter=-0.646667 status=collision: trajectory reached the configured collision radius
velocity row 21/120 IC 76/599 x0=0.790047 velocity_parameter=-0.6305 elapsed=31.7884s written=0
  crossing 0/250
  stopped velocity row 21 IC 76 x0=0.790047 velocity_parameter=-0.6305 status=collision: trajectory reached the configured collision radius
velocity row 21/120 IC 86/599 x0=0.79007 velocity_parameter=-0.6305 elapsed=32.2846s written=0
  crossing 0/250
  stopped velocity row 21 IC 86 x0=0.79007 velocity_parameter=-0.6305 status=collision: trajectory reached the configured collision radius
velocity row 21/120 IC 94/599 x0=0.790088 velocity_parameter=-0.6305 elapsed=32.6991s written=0
  crossing 0/250
  stopped velocity row 21 IC 94 x0=0.790088 velocity_parameter=-0.6305 status=collision: trajectory reached the configured collision radius
velocity row 22/120 IC 76/599 x0=0.790047 velocity_parameter=-0.614333 elapsed=32.7374s written=0
  crossing 0/250
  stopped velocity row 22 IC 76 x0=0.790047 velocity_parameter=-0.614333 status=collision: trajectory reached the configured collision radius
velocity row 22/120 IC 86/599 x0=0.79007 velocity_parameter=-0.614333 elapsed=33.1879s written=0
  crossing 0/250
  stopped velocity row 22 IC 86 x0=0.79007 velocity_parameter=-0.614333 status=collision: trajectory reached the configured collision radius
velocity row 22/120 IC 94/599 x0=0.790088 velocity_parameter=-0.614333 elapsed=33.5712s written=0
  crossing 0/250
  stopped velocity row 22 IC 94 x0=0.790088 velocity_parameter=-0.614333 status=collision: trajectory reached the configured collision radius
velocity row 23/120 IC 76/599 x0=0.790047 velocity_parameter=-0.598167 elapsed=33.6212s written=0
  crossing 0/250
  stopped velocity row 23 IC 76 x0=0.790047 velocity_parameter=-0.598167 status=collision: trajectory reached the configured collision radius
velocity row 23/120 IC 86/599 x0=0.79007 velocity_parameter=-0.598167 elapsed=34.1054s written=0
  crossing 0/250
  stopped velocity row 23 IC 86 x0=0.79007 velocity_parameter=-0.598167 status=collision: trajectory reached the configured collision radius
velocity row 23/120 IC 94/599 x0=0.790088 velocity_parameter=-0.598167 elapsed=34.5214s written=0
  crossing 0/250
  stopped velocity row 23 IC 94 x0=0.790088 velocity_parameter=-0.598167 status=collision: trajectory reached the configured collision radius
velocity row 24/120 IC 76/599 x0=0.790047 velocity_parameter=-0.582 elapsed=34.5706s written=0
  crossing 0/250
  stopped velocity row 24 IC 76 x0=0.790047 velocity_parameter=-0.582 status=collision: trajectory reached the configured collision radius
velocity row 24/120 IC 86/599 x0=0.79007 velocity_parameter=-0.582 elapsed=34.9845s written=0
  crossing 0/250
  stopped velocity row 24 IC 86 x0=0.79007 velocity_parameter=-0.582 status=collision: trajectory reached the configured collision radius
velocity row 24/120 IC 94/599 x0=0.790088 velocity_parameter=-0.582 elapsed=35.3484s written=0
  crossing 0/250
  stopped velocity row 24 IC 94 x0=0.790088 velocity_parameter=-0.582 status=collision: trajectory reached the configured collision radius
velocity row 25/120 IC 76/599 x0=0.790047 velocity_parameter=-0.565833 elapsed=35.3933s written=0
  crossing 0/250
  stopped velocity row 25 IC 76 x0=0.790047 velocity_parameter=-0.565833 status=collision: trajectory reached the configured collision radius
velocity row 25/120 IC 86/599 x0=0.79007 velocity_parameter=-0.565833 elapsed=35.8721s written=0
  crossing 0/250
  stopped velocity row 25 IC 86 x0=0.79007 velocity_parameter=-0.565833 status=collision: trajectory reached the configured collision radius
velocity row 25/120 IC 94/599 x0=0.790088 velocity_parameter=-0.565833 elapsed=36.2835s written=0
  crossing 0/250
  stopped velocity row 25 IC 94 x0=0.790088 velocity_parameter=-0.565833 status=collision: trajectory reached the configured collision radius
velocity row 26/120 IC 76/599 x0=0.790047 velocity_parameter=-0.549667 elapsed=36.3208s written=0
  crossing 0/250
  stopped velocity row 26 IC 76 x0=0.790047 velocity_parameter=-0.549667 status=collision: trajectory reached the configured collision radius
velocity row 26/120 IC 86/599 x0=0.79007 velocity_parameter=-0.549667 elapsed=36.8094s written=0
  crossing 0/250
  stopped velocity row 26 IC 86 x0=0.79007 velocity_parameter=-0.549667 status=collision: trajectory reached the configured collision radius
velocity row 26/120 IC 94/599 x0=0.790088 velocity_parameter=-0.549667 elapsed=37.1744s written=0
  crossing 0/250
  stopped velocity row 26 IC 94 x0=0.790088 velocity_parameter=-0.549667 status=collision: trajectory reached the configured collision radius
velocity row 27/120 IC 76/599 x0=0.790047 velocity_parameter=-0.5335 elapsed=37.2197s written=0
  crossing 0/250
  stopped velocity row 27 IC 76 x0=0.790047 velocity_parameter=-0.5335 status=collision: trajectory reached the configured collision radius
velocity row 27/120 IC 86/599 x0=0.79007 velocity_parameter=-0.5335 elapsed=37.7079s written=0
  crossing 0/250
  stopped velocity row 27 IC 86 x0=0.79007 velocity_parameter=-0.5335 status=collision: trajectory reached the configured collision radius
velocity row 27/120 IC 94/599 x0=0.790088 velocity_parameter=-0.5335 elapsed=38.1012s written=0
  crossing 0/250
  stopped velocity row 27 IC 94 x0=0.790088 velocity_parameter=-0.5335 status=collision: trajectory reached the configured collision radius
velocity row 28/120 IC 76/599 x0=0.790047 velocity_parameter=-0.517333 elapsed=38.1479s written=0
  crossing 0/250
  stopped velocity row 28 IC 76 x0=0.790047 velocity_parameter=-0.517333 status=collision: trajectory reached the configured collision radius
velocity row 28/120 IC 86/599 x0=0.79007 velocity_parameter=-0.517333 elapsed=38.592s written=0
  crossing 0/250
  stopped velocity row 28 IC 86 x0=0.79007 velocity_parameter=-0.517333 status=collision: trajectory reached the configured collision radius
velocity row 28/120 IC 94/599 x0=0.790088 velocity_parameter=-0.517333 elapsed=38.9561s written=0
  crossing 0/250
  stopped velocity row 28 IC 94 x0=0.790088 velocity_parameter=-0.517333 status=collision: trajectory reached the configured collision radius
velocity row 29/120 IC 76/599 x0=0.790047 velocity_parameter=-0.501167 elapsed=39.0207s written=0
  crossing 0/250
  stopped velocity row 29 IC 76 x0=0.790047 velocity_parameter=-0.501167 status=collision: trajectory reached the configured collision radius
velocity row 29/120 IC 86/599 x0=0.79007 velocity_parameter=-0.501167 elapsed=39.5286s written=0
  crossing 0/250
  stopped velocity row 29 IC 86 x0=0.79007 velocity_parameter=-0.501167 status=collision: trajectory reached the configured collision radius
velocity row 29/120 IC 94/599 x0=0.790088 velocity_parameter=-0.501167 elapsed=39.8939s written=0
  crossing 0/250
  stopped velocity row 29 IC 94 x0=0.790088 velocity_parameter=-0.501167 status=collision: trajectory reached the configured collision radius
velocity row 30/120 IC 76/599 x0=0.790047 velocity_parameter=-0.485 elapsed=39.936s written=0
  crossing 0/250
  stopped velocity row 30 IC 76 x0=0.790047 velocity_parameter=-0.485 status=collision: trajectory reached the configured collision radius
velocity row 30/120 IC 86/599 x0=0.79007 velocity_parameter=-0.485 elapsed=40.4119s written=0
  crossing 0/250
  stopped velocity row 30 IC 86 x0=0.79007 velocity_parameter=-0.485 status=collision: trajectory reached the configured collision radius
velocity row 30/120 IC 94/599 x0=0.790088 velocity_parameter=-0.485 elapsed=40.8226s written=0
  crossing 0/250
  stopped velocity row 30 IC 94 x0=0.790088 velocity_parameter=-0.485 status=collision: trajectory reached the configured collision radius
velocity row 31/120 IC 76/599 x0=0.790047 velocity_parameter=-0.468833 elapsed=40.88s written=0
  crossing 0/250
  stopped velocity row 31 IC 76 x0=0.790047 velocity_parameter=-0.468833 status=collision: trajectory reached the configured collision radius
velocity row 31/120 IC 86/599 x0=0.79007 velocity_parameter=-0.468833 elapsed=41.3005s written=0
  crossing 0/250
  stopped velocity row 31 IC 86 x0=0.79007 velocity_parameter=-0.468833 status=collision: trajectory reached the configured collision radius
velocity row 31/120 IC 94/599 x0=0.790088 velocity_parameter=-0.468833 elapsed=41.6437s written=0
  crossing 0/250
  stopped velocity row 31 IC 94 x0=0.790088 velocity_parameter=-0.468833 status=collision: trajectory reached the configured collision radius
velocity row 32/120 IC 76/599 x0=0.790047 velocity_parameter=-0.452667 elapsed=41.7141s written=0
  crossing 0/250
  stopped velocity row 32 IC 76 x0=0.790047 velocity_parameter=-0.452667 status=collision: trajectory reached the configured collision radius
velocity row 32/120 IC 86/599 x0=0.79007 velocity_parameter=-0.452667 elapsed=42.1835s written=0
  crossing 0/250
  stopped velocity row 32 IC 86 x0=0.79007 velocity_parameter=-0.452667 status=collision: trajectory reached the configured collision radius
velocity row 32/120 IC 94/599 x0=0.790088 velocity_parameter=-0.452667 elapsed=42.5289s written=0
  crossing 0/250
  stopped velocity row 32 IC 94 x0=0.790088 velocity_parameter=-0.452667 status=collision: trajectory reached the configured collision radius
velocity row 33/120 IC 76/599 x0=0.790047 velocity_parameter=-0.4365 elapsed=42.5917s written=0
  crossing 0/250
  stopped velocity row 33 IC 76 x0=0.790047 velocity_parameter=-0.4365 status=collision: trajectory reached the configured collision radius
velocity row 33/120 IC 86/599 x0=0.79007 velocity_parameter=-0.4365 elapsed=42.9863s written=0
  crossing 0/250
  stopped velocity row 33 IC 86 x0=0.79007 velocity_parameter=-0.4365 status=collision: trajectory reached the configured collision radius
velocity row 33/120 IC 94/599 x0=0.790088 velocity_parameter=-0.4365 elapsed=43.3599s written=0
  crossing 0/250
  stopped velocity row 33 IC 94 x0=0.790088 velocity_parameter=-0.4365 status=collision: trajectory reached the configured collision radius
velocity row 34/120 IC 76/599 x0=0.790047 velocity_parameter=-0.420333 elapsed=43.4027s written=0
  crossing 0/250
  stopped velocity row 34 IC 76 x0=0.790047 velocity_parameter=-0.420333 status=collision: trajectory reached the configured collision radius
velocity row 34/120 IC 86/599 x0=0.79007 velocity_parameter=-0.420333 elapsed=43.9005s written=0
  crossing 0/250
  stopped velocity row 34 IC 86 x0=0.79007 velocity_parameter=-0.420333 status=collision: trajectory reached the configured collision radius
velocity row 34/120 IC 94/599 x0=0.790088 velocity_parameter=-0.420333 elapsed=44.2121s written=0
  crossing 0/250
  stopped velocity row 34 IC 94 x0=0.790088 velocity_parameter=-0.420333 status=collision: trajectory reached the configured collision radius
velocity row 35/120 IC 76/599 x0=0.790047 velocity_parameter=-0.404167 elapsed=44.249s written=0
  crossing 0/250
  stopped velocity row 35 IC 76 x0=0.790047 velocity_parameter=-0.404167 status=collision: trajectory reached the configured collision radius
velocity row 35/120 IC 86/599 x0=0.79007 velocity_parameter=-0.404167 elapsed=44.7174s written=0
  crossing 0/250
  stopped velocity row 35 IC 86 x0=0.79007 velocity_parameter=-0.404167 status=collision: trajectory reached the configured collision radius
velocity row 35/120 IC 94/599 x0=0.790088 velocity_parameter=-0.404167 elapsed=45.0651s written=0
  crossing 0/250
  stopped velocity row 35 IC 94 x0=0.790088 velocity_parameter=-0.404167 status=collision: trajectory reached the configured collision radius
velocity row 36/120 IC 76/599 x0=0.790047 velocity_parameter=-0.388 elapsed=45.1059s written=0
  crossing 0/250
  stopped velocity row 36 IC 76 x0=0.790047 velocity_parameter=-0.388 status=collision: trajectory reached the configured collision radius
velocity row 36/120 IC 86/599 x0=0.79007 velocity_parameter=-0.388 elapsed=45.6017s written=0
  crossing 0/250
  stopped velocity row 36 IC 86 x0=0.79007 velocity_parameter=-0.388 status=collision: trajectory reached the configured collision radius
velocity row 36/120 IC 94/599 x0=0.790088 velocity_parameter=-0.388 elapsed=45.9258s written=0
  crossing 0/250
  stopped velocity row 36 IC 94 x0=0.790088 velocity_parameter=-0.388 status=collision: trajectory reached the configured collision radius
velocity row 37/120 IC 76/599 x0=0.790047 velocity_parameter=-0.371833 elapsed=45.9629s written=0
  crossing 0/250
  stopped velocity row 37 IC 76 x0=0.790047 velocity_parameter=-0.371833 status=collision: trajectory reached the configured collision radius
velocity row 37/120 IC 86/599 x0=0.79007 velocity_parameter=-0.371833 elapsed=46.3896s written=0
  crossing 0/250
  stopped velocity row 37 IC 86 x0=0.79007 velocity_parameter=-0.371833 status=collision: trajectory reached the configured collision radius
velocity row 37/120 IC 94/599 x0=0.790088 velocity_parameter=-0.371833 elapsed=46.7091s written=0
  crossing 0/250
  stopped velocity row 37 IC 94 x0=0.790088 velocity_parameter=-0.371833 status=collision: trajectory reached the configured collision radius
velocity row 38/120 IC 76/599 x0=0.790047 velocity_parameter=-0.355667 elapsed=46.7615s written=0
  crossing 0/250
  stopped velocity row 38 IC 76 x0=0.790047 velocity_parameter=-0.355667 status=collision: trajectory reached the configured collision radius
velocity row 38/120 IC 86/599 x0=0.79007 velocity_parameter=-0.355667 elapsed=47.1846s written=0
  crossing 0/250
  stopped velocity row 38 IC 86 x0=0.79007 velocity_parameter=-0.355667 status=collision: trajectory reached the configured collision radius
velocity row 38/120 IC 94/599 x0=0.790088 velocity_parameter=-0.355667 elapsed=47.5233s written=0
  crossing 0/250
  stopped velocity row 38 IC 94 x0=0.790088 velocity_parameter=-0.355667 status=collision: trajectory reached the configured collision radius
velocity row 39/120 IC 76/599 x0=0.790047 velocity_parameter=-0.3395 elapsed=47.5732s written=0
  crossing 0/250
  stopped velocity row 39 IC 76 x0=0.790047 velocity_parameter=-0.3395 status=collision: trajectory reached the configured collision radius
velocity row 39/120 IC 86/599 x0=0.79007 velocity_parameter=-0.3395 elapsed=48.0201s written=0
  crossing 0/250
  stopped velocity row 39 IC 86 x0=0.79007 velocity_parameter=-0.3395 status=collision: trajectory reached the configured collision radius
velocity row 39/120 IC 94/599 x0=0.790088 velocity_parameter=-0.3395 elapsed=48.3433s written=0
  crossing 0/250
  stopped velocity row 39 IC 94 x0=0.790088 velocity_parameter=-0.3395 status=collision: trajectory reached the configured collision radius
velocity row 40/120 IC 76/599 x0=0.790047 velocity_parameter=-0.323333 elapsed=48.3805s written=0
  crossing 0/250
  stopped velocity row 40 IC 76 x0=0.790047 velocity_parameter=-0.323333 status=collision: trajectory reached the configured collision radius
velocity row 40/120 IC 86/599 x0=0.79007 velocity_parameter=-0.323333 elapsed=48.8445s written=0
  crossing 0/250
  stopped velocity row 40 IC 86 x0=0.79007 velocity_parameter=-0.323333 status=collision: trajectory reached the configured collision radius
velocity row 40/120 IC 94/599 x0=0.790088 velocity_parameter=-0.323333 elapsed=49.1784s written=0
  crossing 0/250
  stopped velocity row 40 IC 94 x0=0.790088 velocity_parameter=-0.323333 status=collision: trajectory reached the configured collision radius
velocity row 41/120 IC 76/599 x0=0.790047 velocity_parameter=-0.307167 elapsed=49.223s written=0
  crossing 0/250
  stopped velocity row 41 IC 76 x0=0.790047 velocity_parameter=-0.307167 status=collision: trajectory reached the configured collision radius
velocity row 41/120 IC 86/599 x0=0.79007 velocity_parameter=-0.307167 elapsed=49.6265s written=0
  crossing 0/250
  stopped velocity row 41 IC 86 x0=0.79007 velocity_parameter=-0.307167 status=collision: trajectory reached the configured collision radius
velocity row 41/120 IC 94/599 x0=0.790088 velocity_parameter=-0.307167 elapsed=49.959s written=0
  crossing 0/250
  stopped velocity row 41 IC 94 x0=0.790088 velocity_parameter=-0.307167 status=collision: trajectory reached the configured collision radius
velocity row 42/120 IC 76/599 x0=0.790047 velocity_parameter=-0.291 elapsed=50.007s written=0
  crossing 0/250
  stopped velocity row 42 IC 76 x0=0.790047 velocity_parameter=-0.291 status=collision: trajectory reached the configured collision radius
velocity row 42/120 IC 86/599 x0=0.79007 velocity_parameter=-0.291 elapsed=50.3852s written=0
  crossing 0/250
  stopped velocity row 42 IC 86 x0=0.79007 velocity_parameter=-0.291 status=collision: trajectory reached the configured collision radius
velocity row 42/120 IC 94/599 x0=0.790088 velocity_parameter=-0.291 elapsed=50.7451s written=0
  crossing 0/250
  stopped velocity row 42 IC 94 x0=0.790088 velocity_parameter=-0.291 status=collision: trajectory reached the configured collision radius
velocity row 43/120 IC 76/599 x0=0.790047 velocity_parameter=-0.274833 elapsed=50.7825s written=0
  crossing 0/250
  stopped velocity row 43 IC 76 x0=0.790047 velocity_parameter=-0.274833 status=collision: trajectory reached the configured collision radius
velocity row 43/120 IC 86/599 x0=0.79007 velocity_parameter=-0.274833 elapsed=51.2282s written=0
  crossing 0/250
  stopped velocity row 43 IC 86 x0=0.79007 velocity_parameter=-0.274833 status=collision: trajectory reached the configured collision radius
velocity row 43/120 IC 94/599 x0=0.790088 velocity_parameter=-0.274833 elapsed=51.6088s written=0
  crossing 0/250
  stopped velocity row 43 IC 94 x0=0.790088 velocity_parameter=-0.274833 status=collision: trajectory reached the configured collision radius
velocity row 44/120 IC 76/599 x0=0.790047 velocity_parameter=-0.258667 elapsed=51.6715s written=0
  crossing 0/250
  stopped velocity row 44 IC 76 x0=0.790047 velocity_parameter=-0.258667 status=collision: trajectory reached the configured collision radius
velocity row 44/120 IC 86/599 x0=0.79007 velocity_parameter=-0.258667 elapsed=52.1109s written=0
  crossing 0/250
  stopped velocity row 44 IC 86 x0=0.79007 velocity_parameter=-0.258667 status=collision: trajectory reached the configured collision radius
velocity row 44/120 IC 94/599 x0=0.790088 velocity_parameter=-0.258667 elapsed=52.4297s written=0
  crossing 0/250
  stopped velocity row 44 IC 94 x0=0.790088 velocity_parameter=-0.258667 status=collision: trajectory reached the configured collision radius
velocity row 45/120 IC 76/599 x0=0.790047 velocity_parameter=-0.2425 elapsed=52.4666s written=0
  crossing 0/250
  stopped velocity row 45 IC 76 x0=0.790047 velocity_parameter=-0.2425 status=collision: trajectory reached the configured collision radius
velocity row 45/120 IC 86/599 x0=0.79007 velocity_parameter=-0.2425 elapsed=52.9632s written=0
  crossing 0/250
  stopped velocity row 45 IC 86 x0=0.79007 velocity_parameter=-0.2425 status=collision: trajectory reached the configured collision radius
velocity row 45/120 IC 94/599 x0=0.790088 velocity_parameter=-0.2425 elapsed=53.2636s written=0
  crossing 0/250
  stopped velocity row 45 IC 94 x0=0.790088 velocity_parameter=-0.2425 status=collision: trajectory reached the configured collision radius
velocity row 46/120 IC 76/599 x0=0.790047 velocity_parameter=-0.226333 elapsed=53.2999s written=0
  crossing 0/250
  stopped velocity row 46 IC 76 x0=0.790047 velocity_parameter=-0.226333 status=collision: trajectory reached the configured collision radius
velocity row 46/120 IC 86/599 x0=0.79007 velocity_parameter=-0.226333 elapsed=53.6639s written=0
  crossing 0/250
  stopped velocity row 46 IC 86 x0=0.79007 velocity_parameter=-0.226333 status=collision: trajectory reached the configured collision radius
velocity row 46/120 IC 94/599 x0=0.790088 velocity_parameter=-0.226333 elapsed=54.0792s written=0
  crossing 0/250
  stopped velocity row 46 IC 94 x0=0.790088 velocity_parameter=-0.226333 status=collision: trajectory reached the configured collision radius
velocity row 47/120 IC 76/599 x0=0.790047 velocity_parameter=-0.210167 elapsed=54.127s written=0
  crossing 0/250
  stopped velocity row 47 IC 76 x0=0.790047 velocity_parameter=-0.210167 status=collision: trajectory reached the configured collision radius
velocity row 47/120 IC 86/599 x0=0.79007 velocity_parameter=-0.210167 elapsed=54.5611s written=0
  crossing 0/250
  stopped velocity row 47 IC 86 x0=0.79007 velocity_parameter=-0.210167 status=collision: trajectory reached the configured collision radius
velocity row 47/120 IC 94/599 x0=0.790088 velocity_parameter=-0.210167 elapsed=54.9473s written=0
  crossing 0/250
  stopped velocity row 47 IC 94 x0=0.790088 velocity_parameter=-0.210167 status=collision: trajectory reached the configured collision radius
velocity row 48/120 IC 76/599 x0=0.790047 velocity_parameter=-0.194 elapsed=54.9916s written=0
  crossing 0/250
  stopped velocity row 48 IC 76 x0=0.790047 velocity_parameter=-0.194 status=collision: trajectory reached the configured collision radius
velocity row 48/120 IC 86/599 x0=0.79007 velocity_parameter=-0.194 elapsed=55.4455s written=0
  crossing 0/250
  stopped velocity row 48 IC 86 x0=0.79007 velocity_parameter=-0.194 status=collision: trajectory reached the configured collision radius
velocity row 48/120 IC 94/599 x0=0.790088 velocity_parameter=-0.194 elapsed=55.7683s written=0
  crossing 0/250
  stopped velocity row 48 IC 94 x0=0.790088 velocity_parameter=-0.194 status=collision: trajectory reached the configured collision radius
velocity row 49/120 IC 76/599 x0=0.790047 velocity_parameter=-0.177833 elapsed=55.8054s written=0
  crossing 0/250
  stopped velocity row 49 IC 76 x0=0.790047 velocity_parameter=-0.177833 status=collision: trajectory reached the configured collision radius
velocity row 49/120 IC 86/599 x0=0.79007 velocity_parameter=-0.177833 elapsed=56.2189s written=0
  crossing 0/250
  stopped velocity row 49 IC 86 x0=0.79007 velocity_parameter=-0.177833 status=collision: trajectory reached the configured collision radius
velocity row 49/120 IC 94/599 x0=0.790088 velocity_parameter=-0.177833 elapsed=56.5398s written=0
  crossing 0/250
  stopped velocity row 49 IC 94 x0=0.790088 velocity_parameter=-0.177833 status=collision: trajectory reached the configured collision radius
velocity row 50/120 IC 76/599 x0=0.790047 velocity_parameter=-0.161667 elapsed=56.5774s written=0
  crossing 0/250
  stopped velocity row 50 IC 76 x0=0.790047 velocity_parameter=-0.161667 status=collision: trajectory reached the configured collision radius
velocity row 50/120 IC 86/599 x0=0.79007 velocity_parameter=-0.161667 elapsed=57.007s written=0
  crossing 0/250
  stopped velocity row 50 IC 86 x0=0.79007 velocity_parameter=-0.161667 status=collision: trajectory reached the configured collision radius
velocity row 50/120 IC 94/599 x0=0.790088 velocity_parameter=-0.161667 elapsed=57.3216s written=0
  crossing 0/250
  stopped velocity row 50 IC 94 x0=0.790088 velocity_parameter=-0.161667 status=collision: trajectory reached the configured collision radius
velocity row 51/120 IC 76/599 x0=0.790047 velocity_parameter=-0.1455 elapsed=57.3581s written=0
  crossing 0/250
  stopped velocity row 51 IC 76 x0=0.790047 velocity_parameter=-0.1455 status=collision: trajectory reached the configured collision radius
velocity row 51/120 IC 86/599 x0=0.79007 velocity_parameter=-0.1455 elapsed=57.7456s written=0
  crossing 0/250
  stopped velocity row 51 IC 86 x0=0.79007 velocity_parameter=-0.1455 status=collision: trajectory reached the configured collision radius
velocity row 51/120 IC 94/599 x0=0.790088 velocity_parameter=-0.1455 elapsed=58.0786s written=0
  crossing 0/250
  stopped velocity row 51 IC 94 x0=0.790088 velocity_parameter=-0.1455 status=collision: trajectory reached the configured collision radius
velocity row 52/120 IC 76/599 x0=0.790047 velocity_parameter=-0.129333 elapsed=58.1166s written=0
  crossing 0/250
  stopped velocity row 52 IC 76 x0=0.790047 velocity_parameter=-0.129333 status=collision: trajectory reached the configured collision radius
velocity row 52/120 IC 86/599 x0=0.79007 velocity_parameter=-0.129333 elapsed=58.5291s written=0
  crossing 0/250
  stopped velocity row 52 IC 86 x0=0.79007 velocity_parameter=-0.129333 status=collision: trajectory reached the configured collision radius
velocity row 52/120 IC 94/599 x0=0.790088 velocity_parameter=-0.129333 elapsed=58.8829s written=0
  crossing 0/250
  stopped velocity row 52 IC 94 x0=0.790088 velocity_parameter=-0.129333 status=collision: trajectory reached the configured collision radius
velocity row 53/120 IC 76/599 x0=0.790047 velocity_parameter=-0.113167 elapsed=58.9207s written=0
  crossing 0/250
  stopped velocity row 53 IC 76 x0=0.790047 velocity_parameter=-0.113167 status=collision: trajectory reached the configured collision radius
velocity row 53/120 IC 86/599 x0=0.79007 velocity_parameter=-0.113167 elapsed=59.4472s written=0
  crossing 0/250
  stopped velocity row 53 IC 86 x0=0.79007 velocity_parameter=-0.113167 status=collision: trajectory reached the configured collision radius
velocity row 53/120 IC 94/599 x0=0.790088 velocity_parameter=-0.113167 elapsed=59.8085s written=0
  crossing 0/250
  stopped velocity row 53 IC 94 x0=0.790088 velocity_parameter=-0.113167 status=collision: trajectory reached the configured collision radius
velocity row 54/120 IC 76/599 x0=0.790047 velocity_parameter=-0.097 elapsed=59.8797s written=0
  crossing 0/250
  stopped velocity row 54 IC 76 x0=0.790047 velocity_parameter=-0.097 status=collision: trajectory reached the configured collision radius
velocity row 54/120 IC 86/599 x0=0.79007 velocity_parameter=-0.097 elapsed=60.2633s written=0
  crossing 0/250
  stopped velocity row 54 IC 86 x0=0.79007 velocity_parameter=-0.097 status=collision: trajectory reached the configured collision radius
velocity row 54/120 IC 94/599 x0=0.790088 velocity_parameter=-0.097 elapsed=60.5845s written=0
  crossing 0/250
  stopped velocity row 54 IC 94 x0=0.790088 velocity_parameter=-0.097 status=collision: trajectory reached the configured collision radius
velocity row 55/120 IC 76/599 x0=0.790047 velocity_parameter=-0.0808333 elapsed=60.6236s written=0
  crossing 0/250
  stopped velocity row 55 IC 76 x0=0.790047 velocity_parameter=-0.0808333 status=collision: trajectory reached the configured collision radius
velocity row 55/120 IC 86/599 x0=0.79007 velocity_parameter=-0.0808333 elapsed=61.0279s written=0
  crossing 0/250
  stopped velocity row 55 IC 86 x0=0.79007 velocity_parameter=-0.0808333 status=collision: trajectory reached the configured collision radius
velocity row 55/120 IC 94/599 x0=0.790088 velocity_parameter=-0.0808333 elapsed=61.3523s written=0
  crossing 0/250
  stopped velocity row 55 IC 94 x0=0.790088 velocity_parameter=-0.0808333 status=collision: trajectory reached the configured collision radius
velocity row 56/120 IC 76/599 x0=0.790047 velocity_parameter=-0.0646667 elapsed=61.3889s written=0
  crossing 0/250
  stopped velocity row 56 IC 76 x0=0.790047 velocity_parameter=-0.0646667 status=collision: trajectory reached the configured collision radius
velocity row 56/120 IC 86/599 x0=0.79007 velocity_parameter=-0.0646667 elapsed=61.7569s written=0
  crossing 0/250
  stopped velocity row 56 IC 86 x0=0.79007 velocity_parameter=-0.0646667 status=collision: trajectory reached the configured collision radius
velocity row 56/120 IC 94/599 x0=0.790088 velocity_parameter=-0.0646667 elapsed=62.0644s written=0
  crossing 0/250
  stopped velocity row 56 IC 94 x0=0.790088 velocity_parameter=-0.0646667 status=collision: trajectory reached the configured collision radius
velocity row 57/120 IC 76/599 x0=0.790047 velocity_parameter=-0.0485 elapsed=62.1012s written=0
  crossing 0/250
  stopped velocity row 57 IC 76 x0=0.790047 velocity_parameter=-0.0485 status=collision: trajectory reached the configured collision radius
velocity row 57/120 IC 86/599 x0=0.79007 velocity_parameter=-0.0485 elapsed=62.5209s written=0
  crossing 0/250
  stopped velocity row 57 IC 86 x0=0.79007 velocity_parameter=-0.0485 status=collision: trajectory reached the configured collision radius
velocity row 57/120 IC 94/599 x0=0.790088 velocity_parameter=-0.0485 elapsed=62.8676s written=0
  crossing 0/250
  stopped velocity row 57 IC 94 x0=0.790088 velocity_parameter=-0.0485 status=collision: trajectory reached the configured collision radius
velocity row 58/120 IC 76/599 x0=0.790047 velocity_parameter=-0.0323333 elapsed=62.9043s written=0
  crossing 0/250
  stopped velocity row 58 IC 76 x0=0.790047 velocity_parameter=-0.0323333 status=collision: trajectory reached the configured collision radius
velocity row 58/120 IC 86/599 x0=0.79007 velocity_parameter=-0.0323333 elapsed=63.3451s written=0
  crossing 0/250
  stopped velocity row 58 IC 86 x0=0.79007 velocity_parameter=-0.0323333 status=collision: trajectory reached the configured collision radius
velocity row 58/120 IC 94/599 x0=0.790088 velocity_parameter=-0.0323333 elapsed=63.6743s written=0
  crossing 0/250
  stopped velocity row 58 IC 94 x0=0.790088 velocity_parameter=-0.0323333 status=collision: trajectory reached the configured collision radius
velocity row 59/120 IC 76/599 x0=0.790047 velocity_parameter=-0.0161667 elapsed=63.7096s written=0
  crossing 0/250
  stopped velocity row 59 IC 76 x0=0.790047 velocity_parameter=-0.0161667 status=collision: trajectory reached the configured collision radius
velocity row 59/120 IC 86/599 x0=0.79007 velocity_parameter=-0.0161667 elapsed=64.1388s written=0
  crossing 0/250
  stopped velocity row 59 IC 86 x0=0.79007 velocity_parameter=-0.0161667 status=collision: trajectory reached the configured collision radius
velocity row 59/120 IC 94/599 x0=0.790088 velocity_parameter=-0.0161667 elapsed=64.4968s written=0
  crossing 0/250
  stopped velocity row 59 IC 94 x0=0.790088 velocity_parameter=-0.0161667 status=collision: trajectory reached the configured collision radius
velocity row 60/120 IC 76/599 x0=0.790047 velocity_parameter=0 elapsed=64.5328s written=0
  crossing 0/250
  stopped velocity row 60 IC 76 x0=0.790047 velocity_parameter=0 status=collision: trajectory reached the configured collision radius
velocity row 60/120 IC 86/599 x0=0.79007 velocity_parameter=0 elapsed=64.9741s written=0
  crossing 0/250
  stopped velocity row 60 IC 86 x0=0.79007 velocity_parameter=0 status=collision: trajectory reached the configured collision radius
velocity row 60/120 IC 94/599 x0=0.790088 velocity_parameter=0 elapsed=65.3404s written=0
  crossing 0/250
  stopped velocity row 60 IC 94 x0=0.790088 velocity_parameter=0 status=collision: trajectory reached the configured collision radius
velocity row 61/120 IC 76/599 x0=0.790047 velocity_parameter=0.0161667 elapsed=65.377s written=0
  crossing 0/250
  stopped velocity row 61 IC 76 x0=0.790047 velocity_parameter=0.0161667 status=collision: trajectory reached the configured collision radius
velocity row 61/120 IC 86/599 x0=0.79007 velocity_parameter=0.0161667 elapsed=65.7877s written=0
  crossing 0/250
  stopped velocity row 61 IC 86 x0=0.79007 velocity_parameter=0.0161667 status=collision: trajectory reached the configured collision radius
velocity row 61/120 IC 94/599 x0=0.790088 velocity_parameter=0.0161667 elapsed=66.0917s written=0
  crossing 0/250
  stopped velocity row 61 IC 94 x0=0.790088 velocity_parameter=0.0161667 status=collision: trajectory reached the configured collision radius
velocity row 62/120 IC 76/599 x0=0.790047 velocity_parameter=0.0323333 elapsed=66.145s written=0
  crossing 0/250
  stopped velocity row 62 IC 76 x0=0.790047 velocity_parameter=0.0323333 status=collision: trajectory reached the configured collision radius
velocity row 62/120 IC 86/599 x0=0.79007 velocity_parameter=0.0323333 elapsed=66.58s written=0
  crossing 0/250
  stopped velocity row 62 IC 86 x0=0.79007 velocity_parameter=0.0323333 status=collision: trajectory reached the configured collision radius
velocity row 62/120 IC 94/599 x0=0.790088 velocity_parameter=0.0323333 elapsed=66.9247s written=0
  crossing 0/250
  stopped velocity row 62 IC 94 x0=0.790088 velocity_parameter=0.0323333 status=collision: trajectory reached the configured collision radius
velocity row 63/120 IC 76/599 x0=0.790047 velocity_parameter=0.0485 elapsed=66.9608s written=0
  crossing 0/250
  stopped velocity row 63 IC 76 x0=0.790047 velocity_parameter=0.0485 status=collision: trajectory reached the configured collision radius
velocity row 63/120 IC 86/599 x0=0.79007 velocity_parameter=0.0485 elapsed=67.3251s written=0
  crossing 0/250
  stopped velocity row 63 IC 86 x0=0.79007 velocity_parameter=0.0485 status=collision: trajectory reached the configured collision radius
velocity row 63/120 IC 94/599 x0=0.790088 velocity_parameter=0.0485 elapsed=67.7019s written=0
  crossing 0/250
  stopped velocity row 63 IC 94 x0=0.790088 velocity_parameter=0.0485 status=collision: trajectory reached the configured collision radius
velocity row 64/120 IC 76/599 x0=0.790047 velocity_parameter=0.0646667 elapsed=67.7729s written=0
  crossing 0/250
  stopped velocity row 64 IC 76 x0=0.790047 velocity_parameter=0.0646667 status=collision: trajectory reached the configured collision radius
velocity row 64/120 IC 86/599 x0=0.79007 velocity_parameter=0.0646667 elapsed=68.1423s written=0
  crossing 0/250
  stopped velocity row 64 IC 86 x0=0.79007 velocity_parameter=0.0646667 status=collision: trajectory reached the configured collision radius
velocity row 64/120 IC 94/599 x0=0.790088 velocity_parameter=0.0646667 elapsed=68.4547s written=0
  crossing 0/250
  stopped velocity row 64 IC 94 x0=0.790088 velocity_parameter=0.0646667 status=collision: trajectory reached the configured collision radius
velocity row 65/120 IC 76/599 x0=0.790047 velocity_parameter=0.0808333 elapsed=68.4906s written=0
  crossing 0/250
  stopped velocity row 65 IC 76 x0=0.790047 velocity_parameter=0.0808333 status=collision: trajectory reached the configured collision radius
velocity row 65/120 IC 86/599 x0=0.79007 velocity_parameter=0.0808333 elapsed=68.8764s written=0
  crossing 0/250
  stopped velocity row 65 IC 86 x0=0.79007 velocity_parameter=0.0808333 status=collision: trajectory reached the configured collision radius
velocity row 65/120 IC 94/599 x0=0.790088 velocity_parameter=0.0808333 elapsed=69.2701s written=0
  crossing 0/250
  stopped velocity row 65 IC 94 x0=0.790088 velocity_parameter=0.0808333 status=collision: trajectory reached the configured collision radius
velocity row 66/120 IC 76/599 x0=0.790047 velocity_parameter=0.097 elapsed=69.3082s written=0
  crossing 0/250
  stopped velocity row 66 IC 76 x0=0.790047 velocity_parameter=0.097 status=collision: trajectory reached the configured collision radius
velocity row 66/120 IC 86/599 x0=0.79007 velocity_parameter=0.097 elapsed=69.7021s written=0
  crossing 0/250
  stopped velocity row 66 IC 86 x0=0.79007 velocity_parameter=0.097 status=collision: trajectory reached the configured collision radius
velocity row 66/120 IC 94/599 x0=0.790088 velocity_parameter=0.097 elapsed=70.0015s written=0
  crossing 0/250
  stopped velocity row 66 IC 94 x0=0.790088 velocity_parameter=0.097 status=collision: trajectory reached the configured collision radius
velocity row 67/120 IC 76/599 x0=0.790047 velocity_parameter=0.113167 elapsed=70.0374s written=0
  crossing 0/250
  stopped velocity row 67 IC 76 x0=0.790047 velocity_parameter=0.113167 status=collision: trajectory reached the configured collision radius
velocity row 67/120 IC 86/599 x0=0.79007 velocity_parameter=0.113167 elapsed=70.4361s written=0
  crossing 0/250
  stopped velocity row 67 IC 86 x0=0.79007 velocity_parameter=0.113167 status=collision: trajectory reached the configured collision radius
velocity row 67/120 IC 94/599 x0=0.790088 velocity_parameter=0.113167 elapsed=70.7796s written=0
  crossing 0/250
  stopped velocity row 67 IC 94 x0=0.790088 velocity_parameter=0.113167 status=collision: trajectory reached the configured collision radius
velocity row 68/120 IC 76/599 x0=0.790047 velocity_parameter=0.129333 elapsed=70.8157s written=0
  crossing 0/250
  stopped velocity row 68 IC 76 x0=0.790047 velocity_parameter=0.129333 status=collision: trajectory reached the configured collision radius
velocity row 68/120 IC 86/599 x0=0.79007 velocity_parameter=0.129333 elapsed=71.2328s written=0
  crossing 0/250
  stopped velocity row 68 IC 86 x0=0.79007 velocity_parameter=0.129333 status=collision: trajectory reached the configured collision radius
velocity row 68/120 IC 94/599 x0=0.790088 velocity_parameter=0.129333 elapsed=71.5802s written=0
  crossing 0/250
  stopped velocity row 68 IC 94 x0=0.790088 velocity_parameter=0.129333 status=collision: trajectory reached the configured collision radius
velocity row 69/120 IC 76/599 x0=0.790047 velocity_parameter=0.1455 elapsed=71.6164s written=0
  crossing 0/250
  stopped velocity row 69 IC 76 x0=0.790047 velocity_parameter=0.1455 status=collision: trajectory reached the configured collision radius
velocity row 69/120 IC 86/599 x0=0.79007 velocity_parameter=0.1455 elapsed=72.0134s written=0
  crossing 0/250
  stopped velocity row 69 IC 86 x0=0.79007 velocity_parameter=0.1455 status=collision: trajectory reached the configured collision radius
velocity row 69/120 IC 94/599 x0=0.790088 velocity_parameter=0.1455 elapsed=72.3644s written=0
  crossing 0/250
  stopped velocity row 69 IC 94 x0=0.790088 velocity_parameter=0.1455 status=collision: trajectory reached the configured collision radius
velocity row 70/120 IC 76/599 x0=0.790047 velocity_parameter=0.161667 elapsed=72.4004s written=0
  crossing 0/250
  stopped velocity row 70 IC 76 x0=0.790047 velocity_parameter=0.161667 status=collision: trajectory reached the configured collision radius
velocity row 70/120 IC 86/599 x0=0.79007 velocity_parameter=0.161667 elapsed=72.7695s written=0
  crossing 0/250
  stopped velocity row 70 IC 86 x0=0.79007 velocity_parameter=0.161667 status=collision: trajectory reached the configured collision radius
velocity row 70/120 IC 94/599 x0=0.790088 velocity_parameter=0.161667 elapsed=73.0832s written=0
  crossing 0/250
  stopped velocity row 70 IC 94 x0=0.790088 velocity_parameter=0.161667 status=collision: trajectory reached the configured collision radius
velocity row 71/120 IC 76/599 x0=0.790047 velocity_parameter=0.177833 elapsed=73.1207s written=0
  crossing 0/250
  stopped velocity row 71 IC 76 x0=0.790047 velocity_parameter=0.177833 status=collision: trajectory reached the configured collision radius
velocity row 71/120 IC 86/599 x0=0.79007 velocity_parameter=0.177833 elapsed=73.5461s written=0
  crossing 0/250
  stopped velocity row 71 IC 86 x0=0.79007 velocity_parameter=0.177833 status=collision: trajectory reached the configured collision radius
velocity row 71/120 IC 94/599 x0=0.790088 velocity_parameter=0.177833 elapsed=73.9069s written=0
  crossing 0/250
  stopped velocity row 71 IC 94 x0=0.790088 velocity_parameter=0.177833 status=collision: trajectory reached the configured collision radius
velocity row 72/120 IC 76/599 x0=0.790047 velocity_parameter=0.194 elapsed=73.9749s written=0
  crossing 0/250
  stopped velocity row 72 IC 76 x0=0.790047 velocity_parameter=0.194 status=collision: trajectory reached the configured collision radius
velocity row 72/120 IC 86/599 x0=0.79007 velocity_parameter=0.194 elapsed=74.3867s written=0
  crossing 0/250
  stopped velocity row 72 IC 86 x0=0.79007 velocity_parameter=0.194 status=collision: trajectory reached the configured collision radius
velocity row 72/120 IC 94/599 x0=0.790088 velocity_parameter=0.194 elapsed=74.6981s written=0
  crossing 0/250
  stopped velocity row 72 IC 94 x0=0.790088 velocity_parameter=0.194 status=collision: trajectory reached the configured collision radius
velocity row 73/120 IC 76/599 x0=0.790047 velocity_parameter=0.210167 elapsed=74.7364s written=0
  crossing 0/250
  stopped velocity row 73 IC 76 x0=0.790047 velocity_parameter=0.210167 status=collision: trajectory reached the configured collision radius
velocity row 73/120 IC 86/599 x0=0.79007 velocity_parameter=0.210167 elapsed=75.1378s written=0
  crossing 0/250
  stopped velocity row 73 IC 86 x0=0.79007 velocity_parameter=0.210167 status=collision: trajectory reached the configured collision radius
velocity row 73/120 IC 94/599 x0=0.790088 velocity_parameter=0.210167 elapsed=75.4624s written=0
  crossing 0/250
  stopped velocity row 73 IC 94 x0=0.790088 velocity_parameter=0.210167 status=collision: trajectory reached the configured collision radius
velocity row 74/120 IC 76/599 x0=0.790047 velocity_parameter=0.226333 elapsed=75.5s written=0
  crossing 0/250
  stopped velocity row 74 IC 76 x0=0.790047 velocity_parameter=0.226333 status=collision: trajectory reached the configured collision radius
velocity row 74/120 IC 86/599 x0=0.79007 velocity_parameter=0.226333 elapsed=75.8807s written=0
  crossing 0/250
  stopped velocity row 74 IC 86 x0=0.79007 velocity_parameter=0.226333 status=collision: trajectory reached the configured collision radius
velocity row 74/120 IC 94/599 x0=0.790088 velocity_parameter=0.226333 elapsed=76.182s written=0
  crossing 0/250
  stopped velocity row 74 IC 94 x0=0.790088 velocity_parameter=0.226333 status=collision: trajectory reached the configured collision radius
velocity row 75/120 IC 76/599 x0=0.790047 velocity_parameter=0.2425 elapsed=76.2188s written=0
  crossing 0/250
  stopped velocity row 75 IC 76 x0=0.790047 velocity_parameter=0.2425 status=collision: trajectory reached the configured collision radius
velocity row 75/120 IC 86/599 x0=0.79007 velocity_parameter=0.2425 elapsed=76.6496s written=0
  crossing 0/250
  stopped velocity row 75 IC 86 x0=0.79007 velocity_parameter=0.2425 status=collision: trajectory reached the configured collision radius
velocity row 75/120 IC 94/599 x0=0.790088 velocity_parameter=0.2425 elapsed=76.9733s written=0
  crossing 0/250
  stopped velocity row 75 IC 94 x0=0.790088 velocity_parameter=0.2425 status=collision: trajectory reached the configured collision radius
velocity row 76/120 IC 76/599 x0=0.790047 velocity_parameter=0.258667 elapsed=77.0097s written=0
  crossing 0/250
  stopped velocity row 76 IC 76 x0=0.790047 velocity_parameter=0.258667 status=collision: trajectory reached the configured collision radius
velocity row 76/120 IC 86/599 x0=0.79007 velocity_parameter=0.258667 elapsed=77.3974s written=0
  crossing 0/250
  stopped velocity row 76 IC 86 x0=0.79007 velocity_parameter=0.258667 status=collision: trajectory reached the configured collision radius
velocity row 76/120 IC 94/599 x0=0.790088 velocity_parameter=0.258667 elapsed=77.7053s written=0
  crossing 0/250
  stopped velocity row 76 IC 94 x0=0.790088 velocity_parameter=0.258667 status=collision: trajectory reached the configured collision radius
velocity row 77/120 IC 76/599 x0=0.790047 velocity_parameter=0.274833 elapsed=77.7418s written=0
  crossing 0/250
  stopped velocity row 77 IC 76 x0=0.790047 velocity_parameter=0.274833 status=collision: trajectory reached the configured collision radius
velocity row 77/120 IC 86/599 x0=0.79007 velocity_parameter=0.274833 elapsed=78.144s written=0
  crossing 0/250
  stopped velocity row 77 IC 86 x0=0.79007 velocity_parameter=0.274833 status=collision: trajectory reached the configured collision radius
velocity row 77/120 IC 94/599 x0=0.790088 velocity_parameter=0.274833 elapsed=78.4472s written=0
  crossing 0/250
  stopped velocity row 77 IC 94 x0=0.790088 velocity_parameter=0.274833 status=collision: trajectory reached the configured collision radius
velocity row 78/120 IC 76/599 x0=0.790047 velocity_parameter=0.291 elapsed=78.5029s written=0
  crossing 0/250
  stopped velocity row 78 IC 76 x0=0.790047 velocity_parameter=0.291 status=collision: trajectory reached the configured collision radius
velocity row 78/120 IC 86/599 x0=0.79007 velocity_parameter=0.291 elapsed=78.9281s written=0
  crossing 0/250
  stopped velocity row 78 IC 86 x0=0.79007 velocity_parameter=0.291 status=collision: trajectory reached the configured collision radius
velocity row 78/120 IC 94/599 x0=0.790088 velocity_parameter=0.291 elapsed=79.2187s written=0
  crossing 0/250
  stopped velocity row 78 IC 94 x0=0.790088 velocity_parameter=0.291 status=collision: trajectory reached the configured collision radius
velocity row 79/120 IC 76/599 x0=0.790047 velocity_parameter=0.307167 elapsed=79.269s written=0
  crossing 0/250
  stopped velocity row 79 IC 76 x0=0.790047 velocity_parameter=0.307167 status=collision: trajectory reached the configured collision radius
velocity row 79/120 IC 86/599 x0=0.79007 velocity_parameter=0.307167 elapsed=79.6661s written=0
  crossing 0/250
  stopped velocity row 79 IC 86 x0=0.79007 velocity_parameter=0.307167 status=collision: trajectory reached the configured collision radius
velocity row 79/120 IC 94/599 x0=0.790088 velocity_parameter=0.307167 elapsed=79.9992s written=0
  crossing 0/250
  stopped velocity row 79 IC 94 x0=0.790088 velocity_parameter=0.307167 status=collision: trajectory reached the configured collision radius
velocity row 80/120 IC 76/599 x0=0.790047 velocity_parameter=0.323333 elapsed=80.0358s written=0
  crossing 0/250
  stopped velocity row 80 IC 76 x0=0.790047 velocity_parameter=0.323333 status=collision: trajectory reached the configured collision radius
velocity row 80/120 IC 86/599 x0=0.79007 velocity_parameter=0.323333 elapsed=80.4144s written=0
  crossing 0/250
  stopped velocity row 80 IC 86 x0=0.79007 velocity_parameter=0.323333 status=collision: trajectory reached the configured collision radius
velocity row 80/120 IC 94/599 x0=0.790088 velocity_parameter=0.323333 elapsed=80.7858s written=0
  crossing 0/250
  stopped velocity row 80 IC 94 x0=0.790088 velocity_parameter=0.323333 status=collision: trajectory reached the configured collision radius
velocity row 81/120 IC 76/599 x0=0.790047 velocity_parameter=0.3395 elapsed=80.8221s written=0
  crossing 0/250
  stopped velocity row 81 IC 76 x0=0.790047 velocity_parameter=0.3395 status=collision: trajectory reached the configured collision radius
velocity row 81/120 IC 86/599 x0=0.79007 velocity_parameter=0.3395 elapsed=81.2178s written=0
  crossing 0/250
  stopped velocity row 81 IC 86 x0=0.79007 velocity_parameter=0.3395 status=collision: trajectory reached the configured collision radius
velocity row 81/120 IC 94/599 x0=0.790088 velocity_parameter=0.3395 elapsed=81.557s written=0
  crossing 0/250
  stopped velocity row 81 IC 94 x0=0.790088 velocity_parameter=0.3395 status=collision: trajectory reached the configured collision radius
velocity row 82/120 IC 76/599 x0=0.790047 velocity_parameter=0.355667 elapsed=81.5944s written=0
  crossing 0/250
  stopped velocity row 82 IC 76 x0=0.790047 velocity_parameter=0.355667 status=collision: trajectory reached the configured collision radius
velocity row 82/120 IC 86/599 x0=0.79007 velocity_parameter=0.355667 elapsed=81.9672s written=0
  crossing 0/250
  stopped velocity row 82 IC 86 x0=0.79007 velocity_parameter=0.355667 status=collision: trajectory reached the configured collision radius
velocity row 82/120 IC 94/599 x0=0.790088 velocity_parameter=0.355667 elapsed=82.2966s written=0
  crossing 0/250
  stopped velocity row 82 IC 94 x0=0.790088 velocity_parameter=0.355667 status=collision: trajectory reached the configured collision radius
velocity row 83/120 IC 76/599 x0=0.790047 velocity_parameter=0.371833 elapsed=82.3365s written=0
  crossing 0/250
  stopped velocity row 83 IC 76 x0=0.790047 velocity_parameter=0.371833 status=collision: trajectory reached the configured collision radius
velocity row 83/120 IC 86/599 x0=0.79007 velocity_parameter=0.371833 elapsed=82.7599s written=0
  crossing 0/250
  stopped velocity row 83 IC 86 x0=0.79007 velocity_parameter=0.371833 status=collision: trajectory reached the configured collision radius
velocity row 83/120 IC 94/599 x0=0.790088 velocity_parameter=0.371833 elapsed=83.1232s written=0
  crossing 0/250
  stopped velocity row 83 IC 94 x0=0.790088 velocity_parameter=0.371833 status=collision: trajectory reached the configured collision radius
velocity row 84/120 IC 76/599 x0=0.790047 velocity_parameter=0.388 elapsed=83.1606s written=0
  crossing 0/250
  stopped velocity row 84 IC 76 x0=0.790047 velocity_parameter=0.388 status=collision: trajectory reached the configured collision radius
velocity row 84/120 IC 86/599 x0=0.79007 velocity_parameter=0.388 elapsed=83.5266s written=0
  crossing 0/250
  stopped velocity row 84 IC 86 x0=0.79007 velocity_parameter=0.388 status=collision: trajectory reached the configured collision radius
velocity row 84/120 IC 94/599 x0=0.790088 velocity_parameter=0.388 elapsed=83.8145s written=0
  crossing 0/250
  stopped velocity row 84 IC 94 x0=0.790088 velocity_parameter=0.388 status=collision: trajectory reached the configured collision radius
velocity row 85/120 IC 76/599 x0=0.790047 velocity_parameter=0.404167 elapsed=83.8507s written=0
  crossing 0/250
  stopped velocity row 85 IC 76 x0=0.790047 velocity_parameter=0.404167 status=collision: trajectory reached the configured collision radius
velocity row 85/120 IC 86/599 x0=0.79007 velocity_parameter=0.404167 elapsed=84.276s written=0
  crossing 0/250
  stopped velocity row 85 IC 86 x0=0.79007 velocity_parameter=0.404167 status=collision: trajectory reached the configured collision radius
velocity row 85/120 IC 94/599 x0=0.790088 velocity_parameter=0.404167 elapsed=84.5671s written=0
  crossing 0/250
  stopped velocity row 85 IC 94 x0=0.790088 velocity_parameter=0.404167 status=collision: trajectory reached the configured collision radius
velocity row 86/120 IC 76/599 x0=0.790047 velocity_parameter=0.420333 elapsed=84.603s written=0
  crossing 0/250
  stopped velocity row 86 IC 76 x0=0.790047 velocity_parameter=0.420333 status=collision: trajectory reached the configured collision radius
velocity row 86/120 IC 86/599 x0=0.79007 velocity_parameter=0.420333 elapsed=85.0225s written=0
  crossing 0/250
  stopped velocity row 86 IC 86 x0=0.79007 velocity_parameter=0.420333 status=collision: trajectory reached the configured collision radius
velocity row 86/120 IC 94/599 x0=0.790088 velocity_parameter=0.420333 elapsed=85.314s written=0
  crossing 0/250
  stopped velocity row 86 IC 94 x0=0.790088 velocity_parameter=0.420333 status=collision: trajectory reached the configured collision radius
velocity row 87/120 IC 76/599 x0=0.790047 velocity_parameter=0.4365 elapsed=85.3504s written=0
  crossing 0/250
  stopped velocity row 87 IC 76 x0=0.790047 velocity_parameter=0.4365 status=collision: trajectory reached the configured collision radius
velocity row 87/120 IC 86/599 x0=0.79007 velocity_parameter=0.4365 elapsed=85.7086s written=0
  crossing 0/250
  stopped velocity row 87 IC 86 x0=0.79007 velocity_parameter=0.4365 status=collision: trajectory reached the configured collision radius
velocity row 87/120 IC 94/599 x0=0.790088 velocity_parameter=0.4365 elapsed=85.9988s written=0
  crossing 0/250
  stopped velocity row 87 IC 94 x0=0.790088 velocity_parameter=0.4365 status=collision: trajectory reached the configured collision radius
velocity row 88/120 IC 76/599 x0=0.790047 velocity_parameter=0.452667 elapsed=86.035s written=0
  crossing 0/250
  stopped velocity row 88 IC 76 x0=0.790047 velocity_parameter=0.452667 status=collision: trajectory reached the configured collision radius
velocity row 88/120 IC 86/599 x0=0.79007 velocity_parameter=0.452667 elapsed=86.437s written=0
  crossing 0/250
  stopped velocity row 88 IC 86 x0=0.79007 velocity_parameter=0.452667 status=collision: trajectory reached the configured collision radius
velocity row 88/120 IC 94/599 x0=0.790088 velocity_parameter=0.452667 elapsed=86.7465s written=0
  crossing 0/250
  stopped velocity row 88 IC 94 x0=0.790088 velocity_parameter=0.452667 status=collision: trajectory reached the configured collision radius
velocity row 89/120 IC 76/599 x0=0.790047 velocity_parameter=0.468833 elapsed=86.7822s written=0
  crossing 0/250
  stopped velocity row 89 IC 76 x0=0.790047 velocity_parameter=0.468833 status=collision: trajectory reached the configured collision radius
velocity row 89/120 IC 86/599 x0=0.79007 velocity_parameter=0.468833 elapsed=87.1485s written=0
  crossing 0/250
  stopped velocity row 89 IC 86 x0=0.79007 velocity_parameter=0.468833 status=collision: trajectory reached the configured collision radius
velocity row 89/120 IC 94/599 x0=0.790088 velocity_parameter=0.468833 elapsed=87.4419s written=0
  crossing 0/250
  stopped velocity row 89 IC 94 x0=0.790088 velocity_parameter=0.468833 status=collision: trajectory reached the configured collision radius
velocity row 90/120 IC 76/599 x0=0.790047 velocity_parameter=0.485 elapsed=87.4788s written=0
  crossing 0/250
  stopped velocity row 90 IC 76 x0=0.790047 velocity_parameter=0.485 status=collision: trajectory reached the configured collision radius
velocity row 90/120 IC 86/599 x0=0.79007 velocity_parameter=0.485 elapsed=87.8436s written=0
  crossing 0/250
  stopped velocity row 90 IC 86 x0=0.79007 velocity_parameter=0.485 status=collision: trajectory reached the configured collision radius
velocity row 90/120 IC 94/599 x0=0.790088 velocity_parameter=0.485 elapsed=88.1841s written=0
  crossing 0/250
  stopped velocity row 90 IC 94 x0=0.790088 velocity_parameter=0.485 status=collision: trajectory reached the configured collision radius
velocity row 91/120 IC 76/599 x0=0.790047 velocity_parameter=0.501167 elapsed=88.2195s written=0
  crossing 0/250
  stopped velocity row 91 IC 76 x0=0.790047 velocity_parameter=0.501167 status=collision: trajectory reached the configured collision radius
velocity row 91/120 IC 86/599 x0=0.79007 velocity_parameter=0.501167 elapsed=88.63s written=0
  crossing 0/250
  stopped velocity row 91 IC 86 x0=0.79007 velocity_parameter=0.501167 status=collision: trajectory reached the configured collision radius
velocity row 91/120 IC 94/599 x0=0.790088 velocity_parameter=0.501167 elapsed=88.9173s written=0
  crossing 0/250
  stopped velocity row 91 IC 94 x0=0.790088 velocity_parameter=0.501167 status=collision: trajectory reached the configured collision radius
velocity row 92/120 IC 76/599 x0=0.790047 velocity_parameter=0.517333 elapsed=88.9529s written=0
  crossing 0/250
  stopped velocity row 92 IC 76 x0=0.790047 velocity_parameter=0.517333 status=collision: trajectory reached the configured collision radius
velocity row 92/120 IC 86/599 x0=0.79007 velocity_parameter=0.517333 elapsed=89.3176s written=0
  crossing 0/250
  stopped velocity row 92 IC 86 x0=0.79007 velocity_parameter=0.517333 status=collision: trajectory reached the configured collision radius
velocity row 92/120 IC 94/599 x0=0.790088 velocity_parameter=0.517333 elapsed=89.6456s written=0
  crossing 0/250
  stopped velocity row 92 IC 94 x0=0.790088 velocity_parameter=0.517333 status=collision: trajectory reached the configured collision radius
velocity row 93/120 IC 76/599 x0=0.790047 velocity_parameter=0.5335 elapsed=89.6821s written=0
  crossing 0/250
  stopped velocity row 93 IC 76 x0=0.790047 velocity_parameter=0.5335 status=collision: trajectory reached the configured collision radius
velocity row 93/120 IC 86/599 x0=0.79007 velocity_parameter=0.5335 elapsed=90.0681s written=0
  crossing 0/250
  stopped velocity row 93 IC 86 x0=0.79007 velocity_parameter=0.5335 status=collision: trajectory reached the configured collision radius
velocity row 93/120 IC 94/599 x0=0.790088 velocity_parameter=0.5335 elapsed=90.3613s written=0
  crossing 0/250
  stopped velocity row 93 IC 94 x0=0.790088 velocity_parameter=0.5335 status=collision: trajectory reached the configured collision radius
velocity row 94/120 IC 76/599 x0=0.790047 velocity_parameter=0.549667 elapsed=90.3985s written=0
  crossing 0/250
  stopped velocity row 94 IC 76 x0=0.790047 velocity_parameter=0.549667 status=collision: trajectory reached the configured collision radius
velocity row 94/120 IC 86/599 x0=0.79007 velocity_parameter=0.549667 elapsed=90.7739s written=0
  crossing 0/250
  stopped velocity row 94 IC 86 x0=0.79007 velocity_parameter=0.549667 status=collision: trajectory reached the configured collision radius
velocity row 94/120 IC 94/599 x0=0.790088 velocity_parameter=0.549667 elapsed=91.125s written=0
  crossing 0/250
  stopped velocity row 94 IC 94 x0=0.790088 velocity_parameter=0.549667 status=collision: trajectory reached the configured collision radius
velocity row 95/120 IC 76/599 x0=0.790047 velocity_parameter=0.565833 elapsed=91.1603s written=0
  crossing 0/250
  stopped velocity row 95 IC 76 x0=0.790047 velocity_parameter=0.565833 status=collision: trajectory reached the configured collision radius
velocity row 95/120 IC 86/599 x0=0.79007 velocity_parameter=0.565833 elapsed=91.5253s written=0
  crossing 0/250
  stopped velocity row 95 IC 86 x0=0.79007 velocity_parameter=0.565833 status=collision: trajectory reached the configured collision radius
velocity row 95/120 IC 94/599 x0=0.790088 velocity_parameter=0.565833 elapsed=91.8113s written=0
  crossing 0/250
  stopped velocity row 95 IC 94 x0=0.790088 velocity_parameter=0.565833 status=collision: trajectory reached the configured collision radius
velocity row 96/120 IC 76/599 x0=0.790047 velocity_parameter=0.582 elapsed=91.8472s written=0
  crossing 0/250
  stopped velocity row 96 IC 76 x0=0.790047 velocity_parameter=0.582 status=collision: trajectory reached the configured collision radius
velocity row 96/120 IC 86/599 x0=0.79007 velocity_parameter=0.582 elapsed=92.2309s written=0
  crossing 0/250
  stopped velocity row 96 IC 86 x0=0.79007 velocity_parameter=0.582 status=collision: trajectory reached the configured collision radius
velocity row 96/120 IC 94/599 x0=0.790088 velocity_parameter=0.582 elapsed=92.5179s written=0
  crossing 0/250
  stopped velocity row 96 IC 94 x0=0.790088 velocity_parameter=0.582 status=collision: trajectory reached the configured collision radius
velocity row 97/120 IC 76/599 x0=0.790047 velocity_parameter=0.598167 elapsed=92.5545s written=0
  crossing 0/250
  stopped velocity row 97 IC 76 x0=0.790047 velocity_parameter=0.598167 status=collision: trajectory reached the configured collision radius
velocity row 97/120 IC 86/599 x0=0.79007 velocity_parameter=0.598167 elapsed=92.9166s written=0
  crossing 0/250
  stopped velocity row 97 IC 86 x0=0.79007 velocity_parameter=0.598167 status=collision: trajectory reached the configured collision radius
velocity row 97/120 IC 94/599 x0=0.790088 velocity_parameter=0.598167 elapsed=93.1997s written=0
  crossing 0/250
  stopped velocity row 97 IC 94 x0=0.790088 velocity_parameter=0.598167 status=collision: trajectory reached the configured collision radius
velocity row 98/120 IC 76/599 x0=0.790047 velocity_parameter=0.614333 elapsed=93.2355s written=0
  crossing 0/250
  stopped velocity row 98 IC 76 x0=0.790047 velocity_parameter=0.614333 status=collision: trajectory reached the configured collision radius
velocity row 98/120 IC 86/599 x0=0.79007 velocity_parameter=0.614333 elapsed=93.5931s written=0
  crossing 0/250
  stopped velocity row 98 IC 86 x0=0.79007 velocity_parameter=0.614333 status=collision: trajectory reached the configured collision radius
velocity row 98/120 IC 94/599 x0=0.790088 velocity_parameter=0.614333 elapsed=93.8917s written=0
  crossing 0/250
  stopped velocity row 98 IC 94 x0=0.790088 velocity_parameter=0.614333 status=collision: trajectory reached the configured collision radius
velocity row 99/120 IC 76/599 x0=0.790047 velocity_parameter=0.6305 elapsed=93.9294s written=0
  crossing 0/250
  stopped velocity row 99 IC 76 x0=0.790047 velocity_parameter=0.6305 status=collision: trajectory reached the configured collision radius
velocity row 99/120 IC 86/599 x0=0.79007 velocity_parameter=0.6305 elapsed=94.2908s written=0
  crossing 0/250
  stopped velocity row 99 IC 86 x0=0.79007 velocity_parameter=0.6305 status=collision: trajectory reached the configured collision radius
velocity row 99/120 IC 94/599 x0=0.790088 velocity_parameter=0.6305 elapsed=94.5843s written=0
  crossing 0/250
  stopped velocity row 99 IC 94 x0=0.790088 velocity_parameter=0.6305 status=collision: trajectory reached the configured collision radius
velocity row 100/120 IC 76/599 x0=0.790047 velocity_parameter=0.646667 elapsed=94.6199s written=0
  crossing 0/250
  stopped velocity row 100 IC 76 x0=0.790047 velocity_parameter=0.646667 status=collision: trajectory reached the configured collision radius
velocity row 100/120 IC 86/599 x0=0.79007 velocity_parameter=0.646667 elapsed=94.9919s written=0
  crossing 0/250
  stopped velocity row 100 IC 86 x0=0.79007 velocity_parameter=0.646667 status=collision: trajectory reached the configured collision radius
velocity row 100/120 IC 94/599 x0=0.790088 velocity_parameter=0.646667 elapsed=95.3018s written=0
  crossing 0/250
  stopped velocity row 100 IC 94 x0=0.790088 velocity_parameter=0.646667 status=collision: trajectory reached the configured collision radius
velocity row 101/120 IC 76/599 x0=0.790047 velocity_parameter=0.662833 elapsed=95.337s written=0
  crossing 0/250
  stopped velocity row 101 IC 76 x0=0.790047 velocity_parameter=0.662833 status=collision: trajectory reached the configured collision radius
velocity row 101/120 IC 86/599 x0=0.79007 velocity_parameter=0.662833 elapsed=95.7119s written=0
  crossing 0/250
  stopped velocity row 101 IC 86 x0=0.79007 velocity_parameter=0.662833 status=collision: trajectory reached the configured collision radius
velocity row 101/120 IC 94/599 x0=0.790088 velocity_parameter=0.662833 elapsed=95.9998s written=0
  crossing 0/250
  stopped velocity row 101 IC 94 x0=0.790088 velocity_parameter=0.662833 status=collision: trajectory reached the configured collision radius
velocity row 102/120 IC 76/599 x0=0.790047 velocity_parameter=0.679 elapsed=96.0359s written=0
  crossing 0/250
  stopped velocity row 102 IC 76 x0=0.790047 velocity_parameter=0.679 status=collision: trajectory reached the configured collision radius
velocity row 102/120 IC 86/599 x0=0.79007 velocity_parameter=0.679 elapsed=96.3908s written=0
  crossing 0/250
  stopped velocity row 102 IC 86 x0=0.79007 velocity_parameter=0.679 status=collision: trajectory reached the configured collision radius
velocity row 102/120 IC 94/599 x0=0.790088 velocity_parameter=0.679 elapsed=96.6792s written=0
  crossing 0/250
  stopped velocity row 102 IC 94 x0=0.790088 velocity_parameter=0.679 status=collision: trajectory reached the configured collision radius
velocity row 103/120 IC 76/599 x0=0.790047 velocity_parameter=0.695167 elapsed=96.7144s written=0
  crossing 0/250
  stopped velocity row 103 IC 76 x0=0.790047 velocity_parameter=0.695167 status=collision: trajectory reached the configured collision radius
velocity row 103/120 IC 86/599 x0=0.79007 velocity_parameter=0.695167 elapsed=97.0687s written=0
  crossing 0/250
  stopped velocity row 103 IC 86 x0=0.79007 velocity_parameter=0.695167 status=collision: trajectory reached the configured collision radius
velocity row 103/120 IC 94/599 x0=0.790088 velocity_parameter=0.695167 elapsed=97.351s written=0
  crossing 0/250
  stopped velocity row 103 IC 94 x0=0.790088 velocity_parameter=0.695167 status=collision: trajectory reached the configured collision radius
velocity row 104/120 IC 76/599 x0=0.790047 velocity_parameter=0.711333 elapsed=97.389s written=0
  crossing 0/250
  stopped velocity row 104 IC 76 x0=0.790047 velocity_parameter=0.711333 status=collision: trajectory reached the configured collision radius
velocity row 104/120 IC 86/599 x0=0.79007 velocity_parameter=0.711333 elapsed=97.7382s written=0
  crossing 0/250
  stopped velocity row 104 IC 86 x0=0.79007 velocity_parameter=0.711333 status=collision: trajectory reached the configured collision radius
velocity row 104/120 IC 94/599 x0=0.790088 velocity_parameter=0.711333 elapsed=98.0259s written=0
  crossing 0/250
  stopped velocity row 104 IC 94 x0=0.790088 velocity_parameter=0.711333 status=collision: trajectory reached the configured collision radius
velocity row 105/120 IC 76/599 x0=0.790047 velocity_parameter=0.7275 elapsed=98.0611s written=0
  crossing 0/250
  stopped velocity row 105 IC 76 x0=0.790047 velocity_parameter=0.7275 status=collision: trajectory reached the configured collision radius
velocity row 105/120 IC 86/599 x0=0.79007 velocity_parameter=0.7275 elapsed=98.4107s written=0
  crossing 0/250
  stopped velocity row 105 IC 86 x0=0.79007 velocity_parameter=0.7275 status=collision: trajectory reached the configured collision radius
velocity row 105/120 IC 94/599 x0=0.790088 velocity_parameter=0.7275 elapsed=98.6875s written=0
  crossing 0/250
  stopped velocity row 105 IC 94 x0=0.790088 velocity_parameter=0.7275 status=collision: trajectory reached the configured collision radius
velocity row 106/120 IC 76/599 x0=0.790047 velocity_parameter=0.743667 elapsed=98.723s written=0
  crossing 0/250
  stopped velocity row 106 IC 76 x0=0.790047 velocity_parameter=0.743667 status=collision: trajectory reached the configured collision radius
velocity row 106/120 IC 86/599 x0=0.79007 velocity_parameter=0.743667 elapsed=99.0725s written=0
  crossing 0/250
  stopped velocity row 106 IC 86 x0=0.79007 velocity_parameter=0.743667 status=collision: trajectory reached the configured collision radius
velocity row 106/120 IC 94/599 x0=0.790088 velocity_parameter=0.743667 elapsed=99.3476s written=0
  crossing 0/250
  stopped velocity row 106 IC 94 x0=0.790088 velocity_parameter=0.743667 status=collision: trajectory reached the configured collision radius
velocity row 107/120 IC 76/599 x0=0.790047 velocity_parameter=0.759833 elapsed=99.3847s written=0
  crossing 0/250
  stopped velocity row 107 IC 76 x0=0.790047 velocity_parameter=0.759833 status=collision: trajectory reached the configured collision radius
velocity row 107/120 IC 86/599 x0=0.79007 velocity_parameter=0.759833 elapsed=99.7265s written=0
  crossing 0/250
  stopped velocity row 107 IC 86 x0=0.79007 velocity_parameter=0.759833 status=collision: trajectory reached the configured collision radius
velocity row 107/120 IC 94/599 x0=0.790088 velocity_parameter=0.759833 elapsed=100.004s written=0
  crossing 0/250
  stopped velocity row 107 IC 94 x0=0.790088 velocity_parameter=0.759833 status=collision: trajectory reached the configured collision radius
velocity row 108/120 IC 76/599 x0=0.790047 velocity_parameter=0.776 elapsed=100.039s written=0
  crossing 0/250
  stopped velocity row 108 IC 76 x0=0.790047 velocity_parameter=0.776 status=collision: trajectory reached the configured collision radius
velocity row 108/120 IC 86/599 x0=0.79007 velocity_parameter=0.776 elapsed=100.391s written=0
  crossing 0/250
  stopped velocity row 108 IC 86 x0=0.79007 velocity_parameter=0.776 status=collision: trajectory reached the configured collision radius
velocity row 108/120 IC 94/599 x0=0.790088 velocity_parameter=0.776 elapsed=100.664s written=0
  crossing 0/250
  stopped velocity row 108 IC 94 x0=0.790088 velocity_parameter=0.776 status=collision: trajectory reached the configured collision radius
velocity row 109/120 IC 76/599 x0=0.790047 velocity_parameter=0.792167 elapsed=100.699s written=0
  crossing 0/250
  stopped velocity row 109 IC 76 x0=0.790047 velocity_parameter=0.792167 status=collision: trajectory reached the configured collision radius
velocity row 109/120 IC 86/599 x0=0.79007 velocity_parameter=0.792167 elapsed=101.059s written=9
  crossing 0/250
  stopped velocity row 109 IC 86 x0=0.79007 velocity_parameter=0.792167 status=collision: trajectory reached the configured collision radius
velocity row 109/120 IC 94/599 x0=0.790088 velocity_parameter=0.792167 elapsed=101.333s written=17
  crossing 0/250
  stopped velocity row 109 IC 94 x0=0.790088 velocity_parameter=0.792167 status=collision: trajectory reached the configured collision radius
velocity row 110/120 IC 76/599 x0=0.790047 velocity_parameter=0.808333 elapsed=101.372s written=18
  crossing 0/250
  stopped velocity row 110 IC 76 x0=0.790047 velocity_parameter=0.808333 status=collision: trajectory reached the configured collision radius
velocity row 110/120 IC 86/599 x0=0.79007 velocity_parameter=0.808333 elapsed=101.719s written=28
  crossing 0/250
  stopped velocity row 110 IC 86 x0=0.79007 velocity_parameter=0.808333 status=collision: trajectory reached the configured collision radius
velocity row 110/120 IC 94/599 x0=0.790088 velocity_parameter=0.808333 elapsed=102.004s written=36
  crossing 0/250
  stopped velocity row 110 IC 94 x0=0.790088 velocity_parameter=0.808333 status=collision: trajectory reached the configured collision radius
velocity row 111/120 IC 76/599 x0=0.790047 velocity_parameter=0.8245 elapsed=102.039s written=37
  crossing 0/250
  stopped velocity row 111 IC 76 x0=0.790047 velocity_parameter=0.8245 status=collision: trajectory reached the configured collision radius
velocity row 111/120 IC 86/599 x0=0.79007 velocity_parameter=0.8245 elapsed=102.386s written=47
  crossing 0/250
  stopped velocity row 111 IC 86 x0=0.79007 velocity_parameter=0.8245 status=collision: trajectory reached the configured collision radius
velocity row 111/120 IC 94/599 x0=0.790088 velocity_parameter=0.8245 elapsed=102.664s written=55
  crossing 0/250
  stopped velocity row 111 IC 94 x0=0.790088 velocity_parameter=0.8245 status=collision: trajectory reached the configured collision radius
velocity row 112/120 IC 76/599 x0=0.790047 velocity_parameter=0.840667 elapsed=102.699s written=56
  crossing 0/250
  stopped velocity row 112 IC 76 x0=0.790047 velocity_parameter=0.840667 status=collision: trajectory reached the configured collision radius
velocity row 112/120 IC 86/599 x0=0.79007 velocity_parameter=0.840667 elapsed=103.052s written=66
  crossing 0/250
  stopped velocity row 112 IC 86 x0=0.79007 velocity_parameter=0.840667 status=collision: trajectory reached the configured collision radius
velocity row 112/120 IC 94/599 x0=0.790088 velocity_parameter=0.840667 elapsed=103.33s written=74
  crossing 0/250
  stopped velocity row 112 IC 94 x0=0.790088 velocity_parameter=0.840667 status=collision: trajectory reached the configured collision radius
velocity row 113/120 IC 76/599 x0=0.790047 velocity_parameter=0.856833 elapsed=103.366s written=75
  crossing 0/250
  stopped velocity row 113 IC 76 x0=0.790047 velocity_parameter=0.856833 status=collision: trajectory reached the configured collision radius
velocity row 113/120 IC 86/599 x0=0.79007 velocity_parameter=0.856833 elapsed=103.713s written=85
  crossing 0/250
  stopped velocity row 113 IC 86 x0=0.79007 velocity_parameter=0.856833 status=collision: trajectory reached the configured collision radius
velocity row 113/120 IC 94/599 x0=0.790088 velocity_parameter=0.856833 elapsed=103.946s written=92
  crossing 0/250
  stopped velocity row 113 IC 94 x0=0.790088 velocity_parameter=0.856833 status=outer_limit: trajectory reached the configured outer_limit radius
velocity row 114/120 IC 76/599 x0=0.790047 velocity_parameter=0.873 elapsed=103.954s written=92
  crossing 0/250
  stopped velocity row 114 IC 76 x0=0.790047 velocity_parameter=0.873 status=collision: trajectory reached the configured collision radius
velocity row 114/120 IC 86/599 x0=0.79007 velocity_parameter=0.873 elapsed=104.309s written=102
  crossing 0/250
  stopped velocity row 114 IC 86 x0=0.79007 velocity_parameter=0.873 status=collision: trajectory reached the configured collision radius
velocity row 114/120 IC 94/599 x0=0.790088 velocity_parameter=0.873 elapsed=104.434s written=105
  crossing 0/250
  stopped velocity row 114 IC 94 x0=0.790088 velocity_parameter=0.873 status=outer_limit: trajectory reached the configured outer_limit radius
velocity row 115/120 IC 76/599 x0=0.790047 velocity_parameter=0.889167 elapsed=104.442s written=105
  crossing 0/250
  stopped velocity row 115 IC 76 x0=0.790047 velocity_parameter=0.889167 status=collision: trajectory reached the configured collision radius
velocity row 115/120 IC 86/599 x0=0.79007 velocity_parameter=0.889167 elapsed=104.794s written=115
  crossing 0/250
  stopped velocity row 115 IC 86 x0=0.79007 velocity_parameter=0.889167 status=collision: trajectory reached the configured collision radius
velocity row 115/120 IC 94/599 x0=0.790088 velocity_parameter=0.889167 elapsed=104.89s written=117
  crossing 0/250
  stopped velocity row 115 IC 94 x0=0.790088 velocity_parameter=0.889167 status=outer_limit: trajectory reached the configured outer_limit radius
velocity row 116/120 IC 76/599 x0=0.790047 velocity_parameter=0.905333 elapsed=104.898s written=117
  crossing 0/250
  stopped velocity row 116 IC 76 x0=0.790047 velocity_parameter=0.905333 status=collision: trajectory reached the configured collision radius
velocity row 116/120 IC 86/599 x0=0.79007 velocity_parameter=0.905333 elapsed=105.248s written=127
  crossing 0/250
  stopped velocity row 116 IC 86 x0=0.79007 velocity_parameter=0.905333 status=collision: trajectory reached the configured collision radius
velocity row 116/120 IC 94/599 x0=0.790088 velocity_parameter=0.905333 elapsed=105.4s written=132
  crossing 0/250
  stopped velocity row 116 IC 94 x0=0.790088 velocity_parameter=0.905333 status=outer_limit: trajectory reached the configured outer_limit radius
velocity row 117/120 IC 76/599 x0=0.790047 velocity_parameter=0.9215 elapsed=105.408s written=132
  crossing 0/250
  stopped velocity row 117 IC 76 x0=0.790047 velocity_parameter=0.9215 status=collision: trajectory reached the configured collision radius
velocity row 117/120 IC 86/599 x0=0.79007 velocity_parameter=0.9215 elapsed=105.75s written=142
  crossing 0/250
  stopped velocity row 117 IC 86 x0=0.79007 velocity_parameter=0.9215 status=collision: trajectory reached the configured collision radius
velocity row 117/120 IC 94/599 x0=0.790088 velocity_parameter=0.9215 elapsed=106.029s written=150
  crossing 0/250
  stopped velocity row 117 IC 94 x0=0.790088 velocity_parameter=0.9215 status=collision: trajectory reached the configured collision radius
velocity row 118/120 IC 76/599 x0=0.790047 velocity_parameter=0.937667 elapsed=106.066s written=151
  crossing 0/250
  stopped velocity row 118 IC 76 x0=0.790047 velocity_parameter=0.937667 status=collision: trajectory reached the configured collision radius
velocity row 118/120 IC 86/599 x0=0.79007 velocity_parameter=0.937667 elapsed=106.406s written=161
  crossing 0/250
  stopped velocity row 118 IC 86 x0=0.79007 velocity_parameter=0.937667 status=collision: trajectory reached the configured collision radius
velocity row 118/120 IC 94/599 x0=0.790088 velocity_parameter=0.937667 elapsed=106.679s written=169
  crossing 0/250
  stopped velocity row 118 IC 94 x0=0.790088 velocity_parameter=0.937667 status=collision: trajectory reached the configured collision radius
velocity row 119/120 IC 76/599 x0=0.790047 velocity_parameter=0.953833 elapsed=106.712s written=170
  crossing 0/250
  stopped velocity row 119 IC 76 x0=0.790047 velocity_parameter=0.953833 status=collision: trajectory reached the configured collision radius
velocity row 119/120 IC 86/599 x0=0.79007 velocity_parameter=0.953833 elapsed=107.048s written=180
  crossing 0/250
  stopped velocity row 119 IC 86 x0=0.79007 velocity_parameter=0.953833 status=collision: trajectory reached the configured collision radius
velocity row 119/120 IC 94/599 x0=0.790088 velocity_parameter=0.953833 elapsed=107.319s written=188
  crossing 0/250
  stopped velocity row 119 IC 94 x0=0.790088 velocity_parameter=0.953833 status=collision: trajectory reached the configured collision radius
velocity row 120/120 IC 76/599 x0=0.790047 velocity_parameter=0.97 elapsed=107.353s written=189
  crossing 0/250
  stopped velocity row 120 IC 76 x0=0.790047 velocity_parameter=0.97 status=collision: trajectory reached the configured collision radius
velocity row 120/120 IC 86/599 x0=0.79007 velocity_parameter=0.97 elapsed=107.688s written=199
  crossing 0/250
  stopped velocity row 120 IC 86 x0=0.79007 velocity_parameter=0.97 status=collision: trajectory reached the configured collision radius
velocity row 120/120 IC 94/599 x0=0.790088 velocity_parameter=0.97 elapsed=107.952s written=207
  crossing 0/250
  stopped velocity row 120 IC 94 x0=0.790088 velocity_parameter=0.97 status=collision: trajectory reached the configured collision radius
svg -> /mnt/c/Users/payne/Code/Hill_4BP/professional_neck_studies/e1_dense_001/survey/level_005_delta_1e_minus_7/open/shard_0004/preview.svg
metadata -> /mnt/c/Users/payne/Code/Hill_4BP/professional_neck_studies/e1_dense_001/survey/level_005_delta_1e_minus_7/open/shard_0004/metadata.txt
wrote 208 points (0 ICs skipped, 2299 orbits stopped early, elapsed=107.988s) -> /mnt/c/Users/payne/Code/Hill_4BP/professional_neck_studies/e1_dense_001/survey/level_005_delta_1e_minus_7/open/shard_0004/points.csv
outcomes: collision=2275 completed=0 forbidden=0 inner_radius_limit=0 invalid_initial_radius=0 invalid_velocity=0 nontransverse=0 numerical_failure=0 outer_limit=24 timeout=0
maximum sampled |H-h|=9.00556e-16
