zero-velocity boundary -> /mnt/c/Users/payne/Code/Hill_4BP/professional_neck_studies/e1_dense_001/survey/level_006_delta_1e_minus_8/closed/shard_0007/zero_velocity_boundary.csv
lambda1=0.0272549 lambda2=2.97275 A=-0.986373 B=0.486373 c=0.0976566 c1=0 c2=0 c3=-0.0976566 h=-2.39154 (C=4.78307)
E1/E2 neck h=-2.39154 (C=4.78307), E3/E4 neck h=-0.454039 (C=0.908078)
energy_mode=neck_delta neck=E1 hcrit=-2.39154 delta=1e-08 side=closed actual_neck_side=closed delta_h=-1e-08
x_count=600 xdot_count=121 iterates=250 index range=[133,151] velocity_mode=fraction x_range=[0.79034,0.79077] max_return_time=100
smooth coordinates R=sqrt(rho), CAPD crossing mode=Both solver_order=28 max_step=0.005 abs_tol=1e-15 rel_tol=1e-13 collision_radius=1e-06 outer_radius=5
velocity row 0/120 IC 133/599 x0=0.790435 velocity_parameter=-0.97 elapsed=1.19e-07s written=0
  crossing 0/250
  stopped velocity row 0 IC 133 x0=0.790435 velocity_parameter=-0.97 status=collision: trajectory reached the configured collision radius
  stopped velocity row 0 IC 134 x0=0.790436 velocity_parameter=-0.97 status=collision: trajectory reached the configured collision radius
  stopped velocity row 0 IC 135 x0=0.790437 velocity_parameter=-0.97 status=collision: trajectory reached the configured collision radius
  stopped velocity row 0 IC 136 x0=0.790437 velocity_parameter=-0.97 status=collision: trajectory reached the configured collision radius
  stopped velocity row 0 IC 137 x0=0.790438 velocity_parameter=-0.97 status=collision: trajectory reached the configured collision radius
  stopped velocity row 0 IC 138 x0=0.790439 velocity_parameter=-0.97 status=collision: trajectory reached the configured collision radius
  stopped velocity row 0 IC 139 x0=0.790439 velocity_parameter=-0.97 status=collision: trajectory reached the configured collision radius
  stopped velocity row 0 IC 140 x0=0.79044 velocity_parameter=-0.97 status=collision: trajectory reached the configured collision radius
  stopped velocity row 0 IC 141 x0=0.790441 velocity_parameter=-0.97 status=collision: trajectory reached the configured collision radius
  stopped velocity row 0 IC 142 x0=0.790442 velocity_parameter=-0.97 status=collision: trajectory reached the configured collision radius
velocity row 0/120 IC 143/599 x0=0.790442 velocity_parameter=-0.97 elapsed=0.867242s written=0
  crossing 0/250
  stopped velocity row 0 IC 143 x0=0.790442 velocity_parameter=-0.97 status=collision: trajectory reached the configured collision radius
velocity row 0/120 IC 151/599 x0=0.790448 velocity_parameter=-0.97 elapsed=1.5679s written=0
  crossing 0/250
  stopped velocity row 0 IC 151 x0=0.790448 velocity_parameter=-0.97 status=collision: trajectory reached the configured collision radius
velocity row 1/120 IC 133/599 x0=0.790435 velocity_parameter=-0.953833 elapsed=1.64792s written=0
  crossing 0/250
  stopped velocity row 1 IC 133 x0=0.790435 velocity_parameter=-0.953833 status=collision: trajectory reached the configured collision radius
velocity row 1/120 IC 143/599 x0=0.790442 velocity_parameter=-0.953833 elapsed=2.49164s written=0
  crossing 0/250
  stopped velocity row 1 IC 143 x0=0.790442 velocity_parameter=-0.953833 status=collision: trajectory reached the configured collision radius
velocity row 1/120 IC 151/599 x0=0.790448 velocity_parameter=-0.953833 elapsed=3.17543s written=0
  crossing 0/250
  stopped velocity row 1 IC 151 x0=0.790448 velocity_parameter=-0.953833 status=collision: trajectory reached the configured collision radius
velocity row 2/120 IC 133/599 x0=0.790435 velocity_parameter=-0.937667 elapsed=3.26954s written=0
  crossing 0/250
  stopped velocity row 2 IC 133 x0=0.790435 velocity_parameter=-0.937667 status=collision: trajectory reached the configured collision radius
velocity row 2/120 IC 143/599 x0=0.790442 velocity_parameter=-0.937667 elapsed=4.11865s written=0
  crossing 0/250
  stopped velocity row 2 IC 143 x0=0.790442 velocity_parameter=-0.937667 status=collision: trajectory reached the configured collision radius
velocity row 2/120 IC 151/599 x0=0.790448 velocity_parameter=-0.937667 elapsed=4.7738s written=0
  crossing 0/250
  stopped velocity row 2 IC 151 x0=0.790448 velocity_parameter=-0.937667 status=collision: trajectory reached the configured collision radius
velocity row 3/120 IC 133/599 x0=0.790435 velocity_parameter=-0.9215 elapsed=4.85194s written=0
  crossing 0/250
  stopped velocity row 3 IC 133 x0=0.790435 velocity_parameter=-0.9215 status=collision: trajectory reached the configured collision radius
velocity row 3/120 IC 143/599 x0=0.790442 velocity_parameter=-0.9215 elapsed=5.62486s written=0
  crossing 0/250
  stopped velocity row 3 IC 143 x0=0.790442 velocity_parameter=-0.9215 status=collision: trajectory reached the configured collision radius
velocity row 3/120 IC 151/599 x0=0.790448 velocity_parameter=-0.9215 elapsed=6.23715s written=0
  crossing 0/250
  stopped velocity row 3 IC 151 x0=0.790448 velocity_parameter=-0.9215 status=collision: trajectory reached the configured collision radius
velocity row 4/120 IC 133/599 x0=0.790435 velocity_parameter=-0.905333 elapsed=6.30928s written=0
  crossing 0/250
  stopped velocity row 4 IC 133 x0=0.790435 velocity_parameter=-0.905333 status=collision: trajectory reached the configured collision radius
velocity row 4/120 IC 143/599 x0=0.790442 velocity_parameter=-0.905333 elapsed=7.05505s written=0
  crossing 0/250
  stopped velocity row 4 IC 143 x0=0.790442 velocity_parameter=-0.905333 status=collision: trajectory reached the configured collision radius
velocity row 4/120 IC 151/599 x0=0.790448 velocity_parameter=-0.905333 elapsed=7.66326s written=0
  crossing 0/250
  stopped velocity row 4 IC 151 x0=0.790448 velocity_parameter=-0.905333 status=collision: trajectory reached the configured collision radius
velocity row 5/120 IC 133/599 x0=0.790435 velocity_parameter=-0.889167 elapsed=7.73927s written=0
  crossing 0/250
  stopped velocity row 5 IC 133 x0=0.790435 velocity_parameter=-0.889167 status=collision: trajectory reached the configured collision radius
velocity row 5/120 IC 143/599 x0=0.790442 velocity_parameter=-0.889167 elapsed=8.50336s written=0
  crossing 0/250
  stopped velocity row 5 IC 143 x0=0.790442 velocity_parameter=-0.889167 status=collision: trajectory reached the configured collision radius
velocity row 5/120 IC 151/599 x0=0.790448 velocity_parameter=-0.889167 elapsed=9.11966s written=0
  crossing 0/250
  stopped velocity row 5 IC 151 x0=0.790448 velocity_parameter=-0.889167 status=collision: trajectory reached the configured collision radius
velocity row 6/120 IC 133/599 x0=0.790435 velocity_parameter=-0.873 elapsed=9.19307s written=0
  crossing 0/250
  stopped velocity row 6 IC 133 x0=0.790435 velocity_parameter=-0.873 status=collision: trajectory reached the configured collision radius
velocity row 6/120 IC 143/599 x0=0.790442 velocity_parameter=-0.873 elapsed=9.94583s written=0
  crossing 0/250
  stopped velocity row 6 IC 143 x0=0.790442 velocity_parameter=-0.873 status=collision: trajectory reached the configured collision radius
velocity row 6/120 IC 151/599 x0=0.790448 velocity_parameter=-0.873 elapsed=10.5456s written=0
  crossing 0/250
  stopped velocity row 6 IC 151 x0=0.790448 velocity_parameter=-0.873 status=collision: trajectory reached the configured collision radius
velocity row 7/120 IC 133/599 x0=0.790435 velocity_parameter=-0.856833 elapsed=10.6184s written=0
  crossing 0/250
  stopped velocity row 7 IC 133 x0=0.790435 velocity_parameter=-0.856833 status=collision: trajectory reached the configured collision radius
velocity row 7/120 IC 143/599 x0=0.790442 velocity_parameter=-0.856833 elapsed=11.331s written=0
  crossing 0/250
  stopped velocity row 7 IC 143 x0=0.790442 velocity_parameter=-0.856833 status=collision: trajectory reached the configured collision radius
velocity row 7/120 IC 151/599 x0=0.790448 velocity_parameter=-0.856833 elapsed=11.9213s written=0
  crossing 0/250
  stopped velocity row 7 IC 151 x0=0.790448 velocity_parameter=-0.856833 status=collision: trajectory reached the configured collision radius
velocity row 8/120 IC 133/599 x0=0.790435 velocity_parameter=-0.840667 elapsed=11.9951s written=0
  crossing 0/250
  stopped velocity row 8 IC 133 x0=0.790435 velocity_parameter=-0.840667 status=collision: trajectory reached the configured collision radius
velocity row 8/120 IC 143/599 x0=0.790442 velocity_parameter=-0.840667 elapsed=12.7316s written=0
  crossing 0/250
  stopped velocity row 8 IC 143 x0=0.790442 velocity_parameter=-0.840667 status=collision: trajectory reached the configured collision radius
velocity row 8/120 IC 151/599 x0=0.790448 velocity_parameter=-0.840667 elapsed=13.3065s written=0
  crossing 0/250
  stopped velocity row 8 IC 151 x0=0.790448 velocity_parameter=-0.840667 status=collision: trajectory reached the configured collision radius
velocity row 9/120 IC 133/599 x0=0.790435 velocity_parameter=-0.8245 elapsed=13.3853s written=0
  crossing 0/250
  stopped velocity row 9 IC 133 x0=0.790435 velocity_parameter=-0.8245 status=collision: trajectory reached the configured collision radius
velocity row 9/120 IC 143/599 x0=0.790442 velocity_parameter=-0.8245 elapsed=14.163s written=0
  crossing 0/250
  stopped velocity row 9 IC 143 x0=0.790442 velocity_parameter=-0.8245 status=collision: trajectory reached the configured collision radius
velocity row 9/120 IC 151/599 x0=0.790448 velocity_parameter=-0.8245 elapsed=14.7821s written=0
  crossing 0/250
  stopped velocity row 9 IC 151 x0=0.790448 velocity_parameter=-0.8245 status=collision: trajectory reached the configured collision radius
velocity row 10/120 IC 133/599 x0=0.790435 velocity_parameter=-0.808333 elapsed=14.8618s written=0
  crossing 0/250
  stopped velocity row 10 IC 133 x0=0.790435 velocity_parameter=-0.808333 status=collision: trajectory reached the configured collision radius
velocity row 10/120 IC 143/599 x0=0.790442 velocity_parameter=-0.808333 elapsed=15.6133s written=0
  crossing 0/250
  stopped velocity row 10 IC 143 x0=0.790442 velocity_parameter=-0.808333 status=collision: trajectory reached the configured collision radius
velocity row 10/120 IC 151/599 x0=0.790448 velocity_parameter=-0.808333 elapsed=16.2088s written=0
  crossing 0/250
  stopped velocity row 10 IC 151 x0=0.790448 velocity_parameter=-0.808333 status=collision: trajectory reached the configured collision radius
velocity row 11/120 IC 133/599 x0=0.790435 velocity_parameter=-0.792167 elapsed=16.2872s written=0
  crossing 0/250
  stopped velocity row 11 IC 133 x0=0.790435 velocity_parameter=-0.792167 status=collision: trajectory reached the configured collision radius
velocity row 11/120 IC 143/599 x0=0.790442 velocity_parameter=-0.792167 elapsed=17.0372s written=0
  crossing 0/250
  stopped velocity row 11 IC 143 x0=0.790442 velocity_parameter=-0.792167 status=collision: trajectory reached the configured collision radius
velocity row 11/120 IC 151/599 x0=0.790448 velocity_parameter=-0.792167 elapsed=17.6273s written=0
  crossing 0/250
  stopped velocity row 11 IC 151 x0=0.790448 velocity_parameter=-0.792167 status=collision: trajectory reached the configured collision radius
velocity row 12/120 IC 133/599 x0=0.790435 velocity_parameter=-0.776 elapsed=17.7015s written=0
  crossing 0/250
  stopped velocity row 12 IC 133 x0=0.790435 velocity_parameter=-0.776 status=collision: trajectory reached the configured collision radius
velocity row 12/120 IC 143/599 x0=0.790442 velocity_parameter=-0.776 elapsed=18.4484s written=0
  crossing 0/250
  stopped velocity row 12 IC 143 x0=0.790442 velocity_parameter=-0.776 status=collision: trajectory reached the configured collision radius
velocity row 12/120 IC 151/599 x0=0.790448 velocity_parameter=-0.776 elapsed=19.0378s written=0
  crossing 0/250
  stopped velocity row 12 IC 151 x0=0.790448 velocity_parameter=-0.776 status=collision: trajectory reached the configured collision radius
velocity row 13/120 IC 133/599 x0=0.790435 velocity_parameter=-0.759833 elapsed=19.1109s written=0
  crossing 0/250
  stopped velocity row 13 IC 133 x0=0.790435 velocity_parameter=-0.759833 status=collision: trajectory reached the configured collision radius
velocity row 13/120 IC 143/599 x0=0.790442 velocity_parameter=-0.759833 elapsed=19.8444s written=0
  crossing 0/250
  stopped velocity row 13 IC 143 x0=0.790442 velocity_parameter=-0.759833 status=collision: trajectory reached the configured collision radius
velocity row 13/120 IC 151/599 x0=0.790448 velocity_parameter=-0.759833 elapsed=20.4191s written=0
  crossing 0/250
  stopped velocity row 13 IC 151 x0=0.790448 velocity_parameter=-0.759833 status=collision: trajectory reached the configured collision radius
velocity row 14/120 IC 133/599 x0=0.790435 velocity_parameter=-0.743667 elapsed=20.4995s written=0
  crossing 0/250
  stopped velocity row 14 IC 133 x0=0.790435 velocity_parameter=-0.743667 status=collision: trajectory reached the configured collision radius
velocity row 14/120 IC 143/599 x0=0.790442 velocity_parameter=-0.743667 elapsed=21.2285s written=0
  crossing 0/250
  stopped velocity row 14 IC 143 x0=0.790442 velocity_parameter=-0.743667 status=collision: trajectory reached the configured collision radius
velocity row 14/120 IC 151/599 x0=0.790448 velocity_parameter=-0.743667 elapsed=21.8074s written=0
  crossing 0/250
  stopped velocity row 14 IC 151 x0=0.790448 velocity_parameter=-0.743667 status=collision: trajectory reached the configured collision radius
velocity row 15/120 IC 133/599 x0=0.790435 velocity_parameter=-0.7275 elapsed=21.886s written=0
  crossing 0/250
  stopped velocity row 15 IC 133 x0=0.790435 velocity_parameter=-0.7275 status=collision: trajectory reached the configured collision radius
velocity row 15/120 IC 143/599 x0=0.790442 velocity_parameter=-0.7275 elapsed=22.611s written=0
  crossing 0/250
  stopped velocity row 15 IC 143 x0=0.790442 velocity_parameter=-0.7275 status=collision: trajectory reached the configured collision radius
velocity row 15/120 IC 151/599 x0=0.790448 velocity_parameter=-0.7275 elapsed=23.206s written=0
  crossing 0/250
  stopped velocity row 15 IC 151 x0=0.790448 velocity_parameter=-0.7275 status=collision: trajectory reached the configured collision radius
velocity row 16/120 IC 133/599 x0=0.790435 velocity_parameter=-0.711333 elapsed=23.2799s written=0
  crossing 0/250
  stopped velocity row 16 IC 133 x0=0.790435 velocity_parameter=-0.711333 status=collision: trajectory reached the configured collision radius
velocity row 16/120 IC 143/599 x0=0.790442 velocity_parameter=-0.711333 elapsed=24.0065s written=0
  crossing 0/250
  stopped velocity row 16 IC 143 x0=0.790442 velocity_parameter=-0.711333 status=collision: trajectory reached the configured collision radius
velocity row 16/120 IC 151/599 x0=0.790448 velocity_parameter=-0.711333 elapsed=24.5022s written=0
  crossing 0/250
  stopped velocity row 16 IC 151 x0=0.790448 velocity_parameter=-0.711333 status=collision: trajectory reached the configured collision radius
velocity row 17/120 IC 133/599 x0=0.790435 velocity_parameter=-0.695167 elapsed=24.569s written=0
  crossing 0/250
  stopped velocity row 17 IC 133 x0=0.790435 velocity_parameter=-0.695167 status=collision: trajectory reached the configured collision radius
velocity row 17/120 IC 143/599 x0=0.790442 velocity_parameter=-0.695167 elapsed=25.1814s written=0
  crossing 0/250
  stopped velocity row 17 IC 143 x0=0.790442 velocity_parameter=-0.695167 status=collision: trajectory reached the configured collision radius
velocity row 17/120 IC 151/599 x0=0.790448 velocity_parameter=-0.695167 elapsed=25.6302s written=0
  crossing 0/250
  stopped velocity row 17 IC 151 x0=0.790448 velocity_parameter=-0.695167 status=collision: trajectory reached the configured collision radius
velocity row 18/120 IC 133/599 x0=0.790435 velocity_parameter=-0.679 elapsed=25.6688s written=0
  crossing 0/250
  stopped velocity row 18 IC 133 x0=0.790435 velocity_parameter=-0.679 status=collision: trajectory reached the configured collision radius
velocity row 18/120 IC 143/599 x0=0.790442 velocity_parameter=-0.679 elapsed=26.1414s written=0
  crossing 0/250
  stopped velocity row 18 IC 143 x0=0.790442 velocity_parameter=-0.679 status=collision: trajectory reached the configured collision radius
velocity row 18/120 IC 151/599 x0=0.790448 velocity_parameter=-0.679 elapsed=26.5123s written=0
  crossing 0/250
  stopped velocity row 18 IC 151 x0=0.790448 velocity_parameter=-0.679 status=collision: trajectory reached the configured collision radius
velocity row 19/120 IC 133/599 x0=0.790435 velocity_parameter=-0.662833 elapsed=26.5571s written=0
  crossing 0/250
  stopped velocity row 19 IC 133 x0=0.790435 velocity_parameter=-0.662833 status=collision: trajectory reached the configured collision radius
velocity row 19/120 IC 143/599 x0=0.790442 velocity_parameter=-0.662833 elapsed=26.9623s written=0
  crossing 0/250
  stopped velocity row 19 IC 143 x0=0.790442 velocity_parameter=-0.662833 status=collision: trajectory reached the configured collision radius
velocity row 19/120 IC 151/599 x0=0.790448 velocity_parameter=-0.662833 elapsed=27.2937s written=0
  crossing 0/250
  stopped velocity row 19 IC 151 x0=0.790448 velocity_parameter=-0.662833 status=collision: trajectory reached the configured collision radius
velocity row 20/120 IC 133/599 x0=0.790435 velocity_parameter=-0.646667 elapsed=27.334s written=0
  crossing 0/250
  stopped velocity row 20 IC 133 x0=0.790435 velocity_parameter=-0.646667 status=collision: trajectory reached the configured collision radius
velocity row 20/120 IC 143/599 x0=0.790442 velocity_parameter=-0.646667 elapsed=27.7551s written=0
  crossing 0/250
  stopped velocity row 20 IC 143 x0=0.790442 velocity_parameter=-0.646667 status=collision: trajectory reached the configured collision radius
velocity row 20/120 IC 151/599 x0=0.790448 velocity_parameter=-0.646667 elapsed=28.0575s written=0
  crossing 0/250
  stopped velocity row 20 IC 151 x0=0.790448 velocity_parameter=-0.646667 status=collision: trajectory reached the configured collision radius
velocity row 21/120 IC 133/599 x0=0.790435 velocity_parameter=-0.6305 elapsed=28.0924s written=0
  crossing 0/250
  stopped velocity row 21 IC 133 x0=0.790435 velocity_parameter=-0.6305 status=collision: trajectory reached the configured collision radius
velocity row 21/120 IC 143/599 x0=0.790442 velocity_parameter=-0.6305 elapsed=28.4903s written=0
  crossing 0/250
  stopped velocity row 21 IC 143 x0=0.790442 velocity_parameter=-0.6305 status=collision: trajectory reached the configured collision radius
velocity row 21/120 IC 151/599 x0=0.790448 velocity_parameter=-0.6305 elapsed=28.7709s written=0
  crossing 0/250
  stopped velocity row 21 IC 151 x0=0.790448 velocity_parameter=-0.6305 status=collision: trajectory reached the configured collision radius
velocity row 22/120 IC 133/599 x0=0.790435 velocity_parameter=-0.614333 elapsed=28.8064s written=0
  crossing 0/250
  stopped velocity row 22 IC 133 x0=0.790435 velocity_parameter=-0.614333 status=collision: trajectory reached the configured collision radius
velocity row 22/120 IC 143/599 x0=0.790442 velocity_parameter=-0.614333 elapsed=29.2143s written=0
  crossing 0/250
  stopped velocity row 22 IC 143 x0=0.790442 velocity_parameter=-0.614333 status=collision: trajectory reached the configured collision radius
velocity row 22/120 IC 151/599 x0=0.790448 velocity_parameter=-0.614333 elapsed=29.4993s written=0
  crossing 0/250
  stopped velocity row 22 IC 151 x0=0.790448 velocity_parameter=-0.614333 status=collision: trajectory reached the configured collision radius
velocity row 23/120 IC 133/599 x0=0.790435 velocity_parameter=-0.598167 elapsed=29.5353s written=0
  crossing 0/250
  stopped velocity row 23 IC 133 x0=0.790435 velocity_parameter=-0.598167 status=collision: trajectory reached the configured collision radius
velocity row 23/120 IC 143/599 x0=0.790442 velocity_parameter=-0.598167 elapsed=29.8956s written=0
  crossing 0/250
  stopped velocity row 23 IC 143 x0=0.790442 velocity_parameter=-0.598167 status=collision: trajectory reached the configured collision radius
velocity row 23/120 IC 151/599 x0=0.790448 velocity_parameter=-0.598167 elapsed=30.1871s written=0
  crossing 0/250
  stopped velocity row 23 IC 151 x0=0.790448 velocity_parameter=-0.598167 status=collision: trajectory reached the configured collision radius
velocity row 24/120 IC 133/599 x0=0.790435 velocity_parameter=-0.582 elapsed=30.2385s written=0
  crossing 0/250
  stopped velocity row 24 IC 133 x0=0.790435 velocity_parameter=-0.582 status=collision: trajectory reached the configured collision radius
velocity row 24/120 IC 143/599 x0=0.790442 velocity_parameter=-0.582 elapsed=30.6524s written=0
  crossing 0/250
  stopped velocity row 24 IC 143 x0=0.790442 velocity_parameter=-0.582 status=collision: trajectory reached the configured collision radius
velocity row 24/120 IC 151/599 x0=0.790448 velocity_parameter=-0.582 elapsed=30.9527s written=0
  crossing 0/250
  stopped velocity row 24 IC 151 x0=0.790448 velocity_parameter=-0.582 status=collision: trajectory reached the configured collision radius
velocity row 25/120 IC 133/599 x0=0.790435 velocity_parameter=-0.565833 elapsed=30.989s written=0
  crossing 0/250
  stopped velocity row 25 IC 133 x0=0.790435 velocity_parameter=-0.565833 status=collision: trajectory reached the configured collision radius
velocity row 25/120 IC 143/599 x0=0.790442 velocity_parameter=-0.565833 elapsed=31.3786s written=0
  crossing 0/250
  stopped velocity row 25 IC 143 x0=0.790442 velocity_parameter=-0.565833 status=collision: trajectory reached the configured collision radius
velocity row 25/120 IC 151/599 x0=0.790448 velocity_parameter=-0.565833 elapsed=31.6607s written=0
  crossing 0/250
  stopped velocity row 25 IC 151 x0=0.790448 velocity_parameter=-0.565833 status=collision: trajectory reached the configured collision radius
velocity row 26/120 IC 133/599 x0=0.790435 velocity_parameter=-0.549667 elapsed=31.6958s written=0
  crossing 0/250
  stopped velocity row 26 IC 133 x0=0.790435 velocity_parameter=-0.549667 status=collision: trajectory reached the configured collision radius
velocity row 26/120 IC 143/599 x0=0.790442 velocity_parameter=-0.549667 elapsed=32.0713s written=0
  crossing 0/250
  stopped velocity row 26 IC 143 x0=0.790442 velocity_parameter=-0.549667 status=collision: trajectory reached the configured collision radius
velocity row 26/120 IC 151/599 x0=0.790448 velocity_parameter=-0.549667 elapsed=32.3763s written=0
  crossing 0/250
  stopped velocity row 26 IC 151 x0=0.790448 velocity_parameter=-0.549667 status=collision: trajectory reached the configured collision radius
velocity row 27/120 IC 133/599 x0=0.790435 velocity_parameter=-0.5335 elapsed=32.4125s written=0
  crossing 0/250
  stopped velocity row 27 IC 133 x0=0.790435 velocity_parameter=-0.5335 status=collision: trajectory reached the configured collision radius
velocity row 27/120 IC 143/599 x0=0.790442 velocity_parameter=-0.5335 elapsed=32.769s written=0
  crossing 0/250
  stopped velocity row 27 IC 143 x0=0.790442 velocity_parameter=-0.5335 status=collision: trajectory reached the configured collision radius
velocity row 27/120 IC 151/599 x0=0.790448 velocity_parameter=-0.5335 elapsed=33.0856s written=0
  crossing 0/250
  stopped velocity row 27 IC 151 x0=0.790448 velocity_parameter=-0.5335 status=collision: trajectory reached the configured collision radius
velocity row 28/120 IC 133/599 x0=0.790435 velocity_parameter=-0.517333 elapsed=33.1217s written=0
  crossing 0/250
  stopped velocity row 28 IC 133 x0=0.790435 velocity_parameter=-0.517333 status=collision: trajectory reached the configured collision radius
velocity row 28/120 IC 143/599 x0=0.790442 velocity_parameter=-0.517333 elapsed=33.5339s written=0
  crossing 0/250
  stopped velocity row 28 IC 143 x0=0.790442 velocity_parameter=-0.517333 status=collision: trajectory reached the configured collision radius
velocity row 28/120 IC 151/599 x0=0.790448 velocity_parameter=-0.517333 elapsed=33.8233s written=0
  crossing 0/250
  stopped velocity row 28 IC 151 x0=0.790448 velocity_parameter=-0.517333 status=collision: trajectory reached the configured collision radius
velocity row 29/120 IC 133/599 x0=0.790435 velocity_parameter=-0.501167 elapsed=33.8584s written=0
  crossing 0/250
  stopped velocity row 29 IC 133 x0=0.790435 velocity_parameter=-0.501167 status=collision: trajectory reached the configured collision radius
velocity row 29/120 IC 143/599 x0=0.790442 velocity_parameter=-0.501167 elapsed=34.2714s written=0
  crossing 0/250
  stopped velocity row 29 IC 143 x0=0.790442 velocity_parameter=-0.501167 status=collision: trajectory reached the configured collision radius
velocity row 29/120 IC 151/599 x0=0.790448 velocity_parameter=-0.501167 elapsed=34.5583s written=0
  crossing 0/250
  stopped velocity row 29 IC 151 x0=0.790448 velocity_parameter=-0.501167 status=collision: trajectory reached the configured collision radius
velocity row 30/120 IC 133/599 x0=0.790435 velocity_parameter=-0.485 elapsed=34.5944s written=0
  crossing 0/250
  stopped velocity row 30 IC 133 x0=0.790435 velocity_parameter=-0.485 status=collision: trajectory reached the configured collision radius
velocity row 30/120 IC 143/599 x0=0.790442 velocity_parameter=-0.485 elapsed=34.9783s written=0
  crossing 0/250
  stopped velocity row 30 IC 143 x0=0.790442 velocity_parameter=-0.485 status=collision: trajectory reached the configured collision radius
velocity row 30/120 IC 151/599 x0=0.790448 velocity_parameter=-0.485 elapsed=35.2958s written=0
  crossing 0/250
  stopped velocity row 30 IC 151 x0=0.790448 velocity_parameter=-0.485 status=collision: trajectory reached the configured collision radius
velocity row 31/120 IC 133/599 x0=0.790435 velocity_parameter=-0.468833 elapsed=35.3316s written=0
  crossing 0/250
  stopped velocity row 31 IC 133 x0=0.790435 velocity_parameter=-0.468833 status=collision: trajectory reached the configured collision radius
velocity row 31/120 IC 143/599 x0=0.790442 velocity_parameter=-0.468833 elapsed=35.6859s written=0
  crossing 0/250
  stopped velocity row 31 IC 143 x0=0.790442 velocity_parameter=-0.468833 status=collision: trajectory reached the configured collision radius
velocity row 31/120 IC 151/599 x0=0.790448 velocity_parameter=-0.468833 elapsed=36.0018s written=0
  crossing 0/250
  stopped velocity row 31 IC 151 x0=0.790448 velocity_parameter=-0.468833 status=collision: trajectory reached the configured collision radius
velocity row 32/120 IC 133/599 x0=0.790435 velocity_parameter=-0.452667 elapsed=36.0372s written=0
  crossing 0/250
  stopped velocity row 32 IC 133 x0=0.790435 velocity_parameter=-0.452667 status=collision: trajectory reached the configured collision radius
velocity row 32/120 IC 143/599 x0=0.790442 velocity_parameter=-0.452667 elapsed=36.4225s written=0
  crossing 0/250
  stopped velocity row 32 IC 143 x0=0.790442 velocity_parameter=-0.452667 status=collision: trajectory reached the configured collision radius
velocity row 32/120 IC 151/599 x0=0.790448 velocity_parameter=-0.452667 elapsed=36.7251s written=0
  crossing 0/250
  stopped velocity row 32 IC 151 x0=0.790448 velocity_parameter=-0.452667 status=collision: trajectory reached the configured collision radius
velocity row 33/120 IC 133/599 x0=0.790435 velocity_parameter=-0.4365 elapsed=36.768s written=0
  crossing 0/250
  stopped velocity row 33 IC 133 x0=0.790435 velocity_parameter=-0.4365 status=collision: trajectory reached the configured collision radius
velocity row 33/120 IC 143/599 x0=0.790442 velocity_parameter=-0.4365 elapsed=37.1387s written=0
  crossing 0/250
  stopped velocity row 33 IC 143 x0=0.790442 velocity_parameter=-0.4365 status=collision: trajectory reached the configured collision radius
velocity row 33/120 IC 151/599 x0=0.790448 velocity_parameter=-0.4365 elapsed=37.4998s written=0
  crossing 0/250
  stopped velocity row 33 IC 151 x0=0.790448 velocity_parameter=-0.4365 status=collision: trajectory reached the configured collision radius
velocity row 34/120 IC 133/599 x0=0.790435 velocity_parameter=-0.420333 elapsed=37.5628s written=0
  crossing 0/250
  stopped velocity row 34 IC 133 x0=0.790435 velocity_parameter=-0.420333 status=collision: trajectory reached the configured collision radius
velocity row 34/120 IC 143/599 x0=0.790442 velocity_parameter=-0.420333 elapsed=37.9833s written=0
  crossing 0/250
  stopped velocity row 34 IC 143 x0=0.790442 velocity_parameter=-0.420333 status=collision: trajectory reached the configured collision radius
velocity row 34/120 IC 151/599 x0=0.790448 velocity_parameter=-0.420333 elapsed=38.3169s written=0
  crossing 0/250
  stopped velocity row 34 IC 151 x0=0.790448 velocity_parameter=-0.420333 status=collision: trajectory reached the configured collision radius
velocity row 35/120 IC 133/599 x0=0.790435 velocity_parameter=-0.404167 elapsed=38.3623s written=0
  crossing 0/250
  stopped velocity row 35 IC 133 x0=0.790435 velocity_parameter=-0.404167 status=collision: trajectory reached the configured collision radius
velocity row 35/120 IC 143/599 x0=0.790442 velocity_parameter=-0.404167 elapsed=38.7856s written=0
  crossing 0/250
  stopped velocity row 35 IC 143 x0=0.790442 velocity_parameter=-0.404167 status=collision: trajectory reached the configured collision radius
velocity row 35/120 IC 151/599 x0=0.790448 velocity_parameter=-0.404167 elapsed=39.0909s written=0
  crossing 0/250
  stopped velocity row 35 IC 151 x0=0.790448 velocity_parameter=-0.404167 status=collision: trajectory reached the configured collision radius
velocity row 36/120 IC 133/599 x0=0.790435 velocity_parameter=-0.388 elapsed=39.1276s written=0
  crossing 0/250
  stopped velocity row 36 IC 133 x0=0.790435 velocity_parameter=-0.388 status=collision: trajectory reached the configured collision radius
velocity row 36/120 IC 143/599 x0=0.790442 velocity_parameter=-0.388 elapsed=39.4805s written=0
  crossing 0/250
  stopped velocity row 36 IC 143 x0=0.790442 velocity_parameter=-0.388 status=collision: trajectory reached the configured collision radius
velocity row 36/120 IC 151/599 x0=0.790448 velocity_parameter=-0.388 elapsed=39.7668s written=0
  crossing 0/250
  stopped velocity row 36 IC 151 x0=0.790448 velocity_parameter=-0.388 status=collision: trajectory reached the configured collision radius
velocity row 37/120 IC 133/599 x0=0.790435 velocity_parameter=-0.371833 elapsed=39.8051s written=0
  crossing 0/250
  stopped velocity row 37 IC 133 x0=0.790435 velocity_parameter=-0.371833 status=collision: trajectory reached the configured collision radius
velocity row 37/120 IC 143/599 x0=0.790442 velocity_parameter=-0.371833 elapsed=40.1716s written=0
  crossing 0/250
  stopped velocity row 37 IC 143 x0=0.790442 velocity_parameter=-0.371833 status=collision: trajectory reached the configured collision radius
velocity row 37/120 IC 151/599 x0=0.790448 velocity_parameter=-0.371833 elapsed=40.4547s written=0
  crossing 0/250
  stopped velocity row 37 IC 151 x0=0.790448 velocity_parameter=-0.371833 status=collision: trajectory reached the configured collision radius
velocity row 38/120 IC 133/599 x0=0.790435 velocity_parameter=-0.355667 elapsed=40.4921s written=0
  crossing 0/250
  stopped velocity row 38 IC 133 x0=0.790435 velocity_parameter=-0.355667 status=collision: trajectory reached the configured collision radius
velocity row 38/120 IC 143/599 x0=0.790442 velocity_parameter=-0.355667 elapsed=40.8747s written=0
  crossing 0/250
  stopped velocity row 38 IC 143 x0=0.790442 velocity_parameter=-0.355667 status=collision: trajectory reached the configured collision radius
velocity row 38/120 IC 151/599 x0=0.790448 velocity_parameter=-0.355667 elapsed=41.1965s written=0
  crossing 0/250
  stopped velocity row 38 IC 151 x0=0.790448 velocity_parameter=-0.355667 status=collision: trajectory reached the configured collision radius
velocity row 39/120 IC 133/599 x0=0.790435 velocity_parameter=-0.3395 elapsed=41.2321s written=0
  crossing 0/250
  stopped velocity row 39 IC 133 x0=0.790435 velocity_parameter=-0.3395 status=collision: trajectory reached the configured collision radius
velocity row 39/120 IC 143/599 x0=0.790442 velocity_parameter=-0.3395 elapsed=41.5967s written=0
  crossing 0/250
  stopped velocity row 39 IC 143 x0=0.790442 velocity_parameter=-0.3395 status=collision: trajectory reached the configured collision radius
velocity row 39/120 IC 151/599 x0=0.790448 velocity_parameter=-0.3395 elapsed=41.8845s written=0
  crossing 0/250
  stopped velocity row 39 IC 151 x0=0.790448 velocity_parameter=-0.3395 status=collision: trajectory reached the configured collision radius
velocity row 40/120 IC 133/599 x0=0.790435 velocity_parameter=-0.323333 elapsed=41.9203s written=0
  crossing 0/250
  stopped velocity row 40 IC 133 x0=0.790435 velocity_parameter=-0.323333 status=collision: trajectory reached the configured collision radius
velocity row 40/120 IC 143/599 x0=0.790442 velocity_parameter=-0.323333 elapsed=42.3143s written=0
  crossing 0/250
  stopped velocity row 40 IC 143 x0=0.790442 velocity_parameter=-0.323333 status=collision: trajectory reached the configured collision radius
velocity row 40/120 IC 151/599 x0=0.790448 velocity_parameter=-0.323333 elapsed=42.6097s written=0
  crossing 0/250
  stopped velocity row 40 IC 151 x0=0.790448 velocity_parameter=-0.323333 status=collision: trajectory reached the configured collision radius
velocity row 41/120 IC 133/599 x0=0.790435 velocity_parameter=-0.307167 elapsed=42.6451s written=0
  crossing 0/250
  stopped velocity row 41 IC 133 x0=0.790435 velocity_parameter=-0.307167 status=collision: trajectory reached the configured collision radius
velocity row 41/120 IC 143/599 x0=0.790442 velocity_parameter=-0.307167 elapsed=43.0306s written=0
  crossing 0/250
  stopped velocity row 41 IC 143 x0=0.790442 velocity_parameter=-0.307167 status=collision: trajectory reached the configured collision radius
velocity row 41/120 IC 151/599 x0=0.790448 velocity_parameter=-0.307167 elapsed=43.3232s written=0
  crossing 0/250
  stopped velocity row 41 IC 151 x0=0.790448 velocity_parameter=-0.307167 status=collision: trajectory reached the configured collision radius
velocity row 42/120 IC 133/599 x0=0.790435 velocity_parameter=-0.291 elapsed=43.3583s written=0
  crossing 0/250
  stopped velocity row 42 IC 133 x0=0.790435 velocity_parameter=-0.291 status=collision: trajectory reached the configured collision radius
velocity row 42/120 IC 143/599 x0=0.790442 velocity_parameter=-0.291 elapsed=43.7188s written=0
  crossing 0/250
  stopped velocity row 42 IC 143 x0=0.790442 velocity_parameter=-0.291 status=collision: trajectory reached the configured collision radius
velocity row 42/120 IC 151/599 x0=0.790448 velocity_parameter=-0.291 elapsed=44.0194s written=0
  crossing 0/250
  stopped velocity row 42 IC 151 x0=0.790448 velocity_parameter=-0.291 status=collision: trajectory reached the configured collision radius
velocity row 43/120 IC 133/599 x0=0.790435 velocity_parameter=-0.274833 elapsed=44.0554s written=0
  crossing 0/250
  stopped velocity row 43 IC 133 x0=0.790435 velocity_parameter=-0.274833 status=collision: trajectory reached the configured collision radius
velocity row 43/120 IC 143/599 x0=0.790442 velocity_parameter=-0.274833 elapsed=44.4505s written=0
  crossing 0/250
  stopped velocity row 43 IC 143 x0=0.790442 velocity_parameter=-0.274833 status=collision: trajectory reached the configured collision radius
velocity row 43/120 IC 151/599 x0=0.790448 velocity_parameter=-0.274833 elapsed=44.7717s written=0
  crossing 0/250
  stopped velocity row 43 IC 151 x0=0.790448 velocity_parameter=-0.274833 status=collision: trajectory reached the configured collision radius
velocity row 44/120 IC 133/599 x0=0.790435 velocity_parameter=-0.258667 elapsed=44.8159s written=0
  crossing 0/250
  stopped velocity row 44 IC 133 x0=0.790435 velocity_parameter=-0.258667 status=collision: trajectory reached the configured collision radius
velocity row 44/120 IC 143/599 x0=0.790442 velocity_parameter=-0.258667 elapsed=45.2027s written=0
  crossing 0/250
  stopped velocity row 44 IC 143 x0=0.790442 velocity_parameter=-0.258667 status=collision: trajectory reached the configured collision radius
velocity row 44/120 IC 151/599 x0=0.790448 velocity_parameter=-0.258667 elapsed=45.5169s written=0
  crossing 0/250
  stopped velocity row 44 IC 151 x0=0.790448 velocity_parameter=-0.258667 status=collision: trajectory reached the configured collision radius
velocity row 45/120 IC 133/599 x0=0.790435 velocity_parameter=-0.2425 elapsed=45.552s written=0
  crossing 0/250
  stopped velocity row 45 IC 133 x0=0.790435 velocity_parameter=-0.2425 status=collision: trajectory reached the configured collision radius
velocity row 45/120 IC 143/599 x0=0.790442 velocity_parameter=-0.2425 elapsed=45.9066s written=0
  crossing 0/250
  stopped velocity row 45 IC 143 x0=0.790442 velocity_parameter=-0.2425 status=collision: trajectory reached the configured collision radius
velocity row 45/120 IC 151/599 x0=0.790448 velocity_parameter=-0.2425 elapsed=46.2273s written=0
  crossing 0/250
  stopped velocity row 45 IC 151 x0=0.790448 velocity_parameter=-0.2425 status=collision: trajectory reached the configured collision radius
velocity row 46/120 IC 133/599 x0=0.790435 velocity_parameter=-0.226333 elapsed=46.2628s written=0
  crossing 0/250
  stopped velocity row 46 IC 133 x0=0.790435 velocity_parameter=-0.226333 status=collision: trajectory reached the configured collision radius
velocity row 46/120 IC 143/599 x0=0.790442 velocity_parameter=-0.226333 elapsed=46.6287s written=0
  crossing 0/250
  stopped velocity row 46 IC 143 x0=0.790442 velocity_parameter=-0.226333 status=collision: trajectory reached the configured collision radius
velocity row 46/120 IC 151/599 x0=0.790448 velocity_parameter=-0.226333 elapsed=46.9374s written=0
  crossing 0/250
  stopped velocity row 46 IC 151 x0=0.790448 velocity_parameter=-0.226333 status=collision: trajectory reached the configured collision radius
velocity row 47/120 IC 133/599 x0=0.790435 velocity_parameter=-0.210167 elapsed=46.9732s written=0
  crossing 0/250
  stopped velocity row 47 IC 133 x0=0.790435 velocity_parameter=-0.210167 status=collision: trajectory reached the configured collision radius
velocity row 47/120 IC 143/599 x0=0.790442 velocity_parameter=-0.210167 elapsed=47.3541s written=0
  crossing 0/250
  stopped velocity row 47 IC 143 x0=0.790442 velocity_parameter=-0.210167 status=collision: trajectory reached the configured collision radius
velocity row 47/120 IC 151/599 x0=0.790448 velocity_parameter=-0.210167 elapsed=47.665s written=0
  crossing 0/250
  stopped velocity row 47 IC 151 x0=0.790448 velocity_parameter=-0.210167 status=collision: trajectory reached the configured collision radius
velocity row 48/120 IC 133/599 x0=0.790435 velocity_parameter=-0.194 elapsed=47.7012s written=0
  crossing 0/250
  stopped velocity row 48 IC 133 x0=0.790435 velocity_parameter=-0.194 status=collision: trajectory reached the configured collision radius
velocity row 48/120 IC 143/599 x0=0.790442 velocity_parameter=-0.194 elapsed=48.0651s written=0
  crossing 0/250
  stopped velocity row 48 IC 143 x0=0.790442 velocity_parameter=-0.194 status=collision: trajectory reached the configured collision radius
velocity row 48/120 IC 151/599 x0=0.790448 velocity_parameter=-0.194 elapsed=48.3567s written=0
  crossing 0/250
  stopped velocity row 48 IC 151 x0=0.790448 velocity_parameter=-0.194 status=collision: trajectory reached the configured collision radius
velocity row 49/120 IC 133/599 x0=0.790435 velocity_parameter=-0.177833 elapsed=48.3939s written=0
  crossing 0/250
  stopped velocity row 49 IC 133 x0=0.790435 velocity_parameter=-0.177833 status=collision: trajectory reached the configured collision radius
velocity row 49/120 IC 143/599 x0=0.790442 velocity_parameter=-0.177833 elapsed=48.7516s written=0
  crossing 0/250
  stopped velocity row 49 IC 143 x0=0.790442 velocity_parameter=-0.177833 status=collision: trajectory reached the configured collision radius
velocity row 49/120 IC 151/599 x0=0.790448 velocity_parameter=-0.177833 elapsed=49.061s written=0
  crossing 0/250
  stopped velocity row 49 IC 151 x0=0.790448 velocity_parameter=-0.177833 status=collision: trajectory reached the configured collision radius
velocity row 50/120 IC 133/599 x0=0.790435 velocity_parameter=-0.161667 elapsed=49.0973s written=0
  crossing 0/250
  stopped velocity row 50 IC 133 x0=0.790435 velocity_parameter=-0.161667 status=collision: trajectory reached the configured collision radius
velocity row 50/120 IC 143/599 x0=0.790442 velocity_parameter=-0.161667 elapsed=49.4803s written=0
  crossing 0/250
  stopped velocity row 50 IC 143 x0=0.790442 velocity_parameter=-0.161667 status=collision: trajectory reached the configured collision radius
velocity row 50/120 IC 151/599 x0=0.790448 velocity_parameter=-0.161667 elapsed=49.7684s written=0
  crossing 0/250
  stopped velocity row 50 IC 151 x0=0.790448 velocity_parameter=-0.161667 status=collision: trajectory reached the configured collision radius
velocity row 51/120 IC 133/599 x0=0.790435 velocity_parameter=-0.1455 elapsed=49.8061s written=0
  crossing 0/250
  stopped velocity row 51 IC 133 x0=0.790435 velocity_parameter=-0.1455 status=collision: trajectory reached the configured collision radius
velocity row 51/120 IC 143/599 x0=0.790442 velocity_parameter=-0.1455 elapsed=50.1698s written=0
  crossing 0/250
  stopped velocity row 51 IC 143 x0=0.790442 velocity_parameter=-0.1455 status=collision: trajectory reached the configured collision radius
velocity row 51/120 IC 151/599 x0=0.790448 velocity_parameter=-0.1455 elapsed=50.4988s written=0
  crossing 0/250
  stopped velocity row 51 IC 151 x0=0.790448 velocity_parameter=-0.1455 status=collision: trajectory reached the configured collision radius
velocity row 52/120 IC 133/599 x0=0.790435 velocity_parameter=-0.129333 elapsed=50.5339s written=0
  crossing 0/250
  stopped velocity row 52 IC 133 x0=0.790435 velocity_parameter=-0.129333 status=collision: trajectory reached the configured collision radius
velocity row 52/120 IC 143/599 x0=0.790442 velocity_parameter=-0.129333 elapsed=50.9111s written=0
  crossing 0/250
  stopped velocity row 52 IC 143 x0=0.790442 velocity_parameter=-0.129333 status=collision: trajectory reached the configured collision radius
velocity row 52/120 IC 151/599 x0=0.790448 velocity_parameter=-0.129333 elapsed=51.2229s written=0
  crossing 0/250
  stopped velocity row 52 IC 151 x0=0.790448 velocity_parameter=-0.129333 status=collision: trajectory reached the configured collision radius
velocity row 53/120 IC 133/599 x0=0.790435 velocity_parameter=-0.113167 elapsed=51.2847s written=0
  crossing 0/250
  stopped velocity row 53 IC 133 x0=0.790435 velocity_parameter=-0.113167 status=collision: trajectory reached the configured collision radius
velocity row 53/120 IC 143/599 x0=0.790442 velocity_parameter=-0.113167 elapsed=51.6612s written=0
  crossing 0/250
  stopped velocity row 53 IC 143 x0=0.790442 velocity_parameter=-0.113167 status=collision: trajectory reached the configured collision radius
velocity row 53/120 IC 151/599 x0=0.790448 velocity_parameter=-0.113167 elapsed=51.9481s written=0
  crossing 0/250
  stopped velocity row 53 IC 151 x0=0.790448 velocity_parameter=-0.113167 status=collision: trajectory reached the configured collision radius
velocity row 54/120 IC 133/599 x0=0.790435 velocity_parameter=-0.097 elapsed=51.9833s written=0
  crossing 0/250
  stopped velocity row 54 IC 133 x0=0.790435 velocity_parameter=-0.097 status=collision: trajectory reached the configured collision radius
velocity row 54/120 IC 143/599 x0=0.790442 velocity_parameter=-0.097 elapsed=52.4158s written=0
  crossing 0/250
  stopped velocity row 54 IC 143 x0=0.790442 velocity_parameter=-0.097 status=collision: trajectory reached the configured collision radius
velocity row 54/120 IC 151/599 x0=0.790448 velocity_parameter=-0.097 elapsed=52.7228s written=0
  crossing 0/250
  stopped velocity row 54 IC 151 x0=0.790448 velocity_parameter=-0.097 status=collision: trajectory reached the configured collision radius
velocity row 55/120 IC 133/599 x0=0.790435 velocity_parameter=-0.0808333 elapsed=52.7588s written=0
  crossing 0/250
  stopped velocity row 55 IC 133 x0=0.790435 velocity_parameter=-0.0808333 status=collision: trajectory reached the configured collision radius
velocity row 55/120 IC 143/599 x0=0.790442 velocity_parameter=-0.0808333 elapsed=53.1208s written=0
  crossing 0/250
  stopped velocity row 55 IC 143 x0=0.790442 velocity_parameter=-0.0808333 status=collision: trajectory reached the configured collision radius
velocity row 55/120 IC 151/599 x0=0.790448 velocity_parameter=-0.0808333 elapsed=53.4248s written=0
  crossing 0/250
  stopped velocity row 55 IC 151 x0=0.790448 velocity_parameter=-0.0808333 status=collision: trajectory reached the configured collision radius
velocity row 56/120 IC 133/599 x0=0.790435 velocity_parameter=-0.0646667 elapsed=53.4605s written=0
  crossing 0/250
  stopped velocity row 56 IC 133 x0=0.790435 velocity_parameter=-0.0646667 status=collision: trajectory reached the configured collision radius
velocity row 56/120 IC 143/599 x0=0.790442 velocity_parameter=-0.0646667 elapsed=53.8416s written=0
  crossing 0/250
  stopped velocity row 56 IC 143 x0=0.790442 velocity_parameter=-0.0646667 status=collision: trajectory reached the configured collision radius
velocity row 56/120 IC 151/599 x0=0.790448 velocity_parameter=-0.0646667 elapsed=54.1472s written=0
  crossing 0/250
  stopped velocity row 56 IC 151 x0=0.790448 velocity_parameter=-0.0646667 status=collision: trajectory reached the configured collision radius
velocity row 57/120 IC 133/599 x0=0.790435 velocity_parameter=-0.0485 elapsed=54.1831s written=0
  crossing 0/250
  stopped velocity row 57 IC 133 x0=0.790435 velocity_parameter=-0.0485 status=collision: trajectory reached the configured collision radius
velocity row 57/120 IC 143/599 x0=0.790442 velocity_parameter=-0.0485 elapsed=54.5829s written=0
  crossing 0/250
  stopped velocity row 57 IC 143 x0=0.790442 velocity_parameter=-0.0485 status=collision: trajectory reached the configured collision radius
velocity row 57/120 IC 151/599 x0=0.790448 velocity_parameter=-0.0485 elapsed=54.8658s written=0
  crossing 0/250
  stopped velocity row 57 IC 151 x0=0.790448 velocity_parameter=-0.0485 status=collision: trajectory reached the configured collision radius
velocity row 58/120 IC 133/599 x0=0.790435 velocity_parameter=-0.0323333 elapsed=54.9023s written=0
  crossing 0/250
  stopped velocity row 58 IC 133 x0=0.790435 velocity_parameter=-0.0323333 status=collision: trajectory reached the configured collision radius
velocity row 58/120 IC 143/599 x0=0.790442 velocity_parameter=-0.0323333 elapsed=55.2589s written=0
  crossing 0/250
  stopped velocity row 58 IC 143 x0=0.790442 velocity_parameter=-0.0323333 status=collision: trajectory reached the configured collision radius
velocity row 58/120 IC 151/599 x0=0.790448 velocity_parameter=-0.0323333 elapsed=55.5782s written=0
  crossing 0/250
  stopped velocity row 58 IC 151 x0=0.790448 velocity_parameter=-0.0323333 status=collision: trajectory reached the configured collision radius
velocity row 59/120 IC 133/599 x0=0.790435 velocity_parameter=-0.0161667 elapsed=55.6229s written=0
  crossing 0/250
  stopped velocity row 59 IC 133 x0=0.790435 velocity_parameter=-0.0161667 status=collision: trajectory reached the configured collision radius
velocity row 59/120 IC 143/599 x0=0.790442 velocity_parameter=-0.0161667 elapsed=55.9926s written=0
  crossing 0/250
  stopped velocity row 59 IC 143 x0=0.790442 velocity_parameter=-0.0161667 status=collision: trajectory reached the configured collision radius
velocity row 59/120 IC 151/599 x0=0.790448 velocity_parameter=-0.0161667 elapsed=56.2778s written=0
  crossing 0/250
  stopped velocity row 59 IC 151 x0=0.790448 velocity_parameter=-0.0161667 status=collision: trajectory reached the configured collision radius
velocity row 60/120 IC 133/599 x0=0.790435 velocity_parameter=0 elapsed=56.3381s written=0
  crossing 0/250
  stopped velocity row 60 IC 133 x0=0.790435 velocity_parameter=0 status=collision: trajectory reached the configured collision radius
velocity row 60/120 IC 143/599 x0=0.790442 velocity_parameter=0 elapsed=56.7136s written=0
  crossing 0/250
  stopped velocity row 60 IC 143 x0=0.790442 velocity_parameter=0 status=collision: trajectory reached the configured collision radius
velocity row 60/120 IC 151/599 x0=0.790448 velocity_parameter=0 elapsed=57.0321s written=0
  crossing 0/250
  stopped velocity row 60 IC 151 x0=0.790448 velocity_parameter=0 status=collision: trajectory reached the configured collision radius
velocity row 61/120 IC 133/599 x0=0.790435 velocity_parameter=0.0161667 elapsed=57.0684s written=0
  crossing 0/250
  stopped velocity row 61 IC 133 x0=0.790435 velocity_parameter=0.0161667 status=collision: trajectory reached the configured collision radius
velocity row 61/120 IC 143/599 x0=0.790442 velocity_parameter=0.0161667 elapsed=57.4934s written=0
  crossing 0/250
  stopped velocity row 61 IC 143 x0=0.790442 velocity_parameter=0.0161667 status=collision: trajectory reached the configured collision radius
velocity row 61/120 IC 151/599 x0=0.790448 velocity_parameter=0.0161667 elapsed=57.8138s written=0
  crossing 0/250
  stopped velocity row 61 IC 151 x0=0.790448 velocity_parameter=0.0161667 status=collision: trajectory reached the configured collision radius
velocity row 62/120 IC 133/599 x0=0.790435 velocity_parameter=0.0323333 elapsed=57.8496s written=0
  crossing 0/250
  stopped velocity row 62 IC 133 x0=0.790435 velocity_parameter=0.0323333 status=collision: trajectory reached the configured collision radius
velocity row 62/120 IC 143/599 x0=0.790442 velocity_parameter=0.0323333 elapsed=58.2225s written=0
  crossing 0/250
  stopped velocity row 62 IC 143 x0=0.790442 velocity_parameter=0.0323333 status=collision: trajectory reached the configured collision radius
velocity row 62/120 IC 151/599 x0=0.790448 velocity_parameter=0.0323333 elapsed=58.5394s written=0
  crossing 0/250
  stopped velocity row 62 IC 151 x0=0.790448 velocity_parameter=0.0323333 status=collision: trajectory reached the configured collision radius
velocity row 63/120 IC 133/599 x0=0.790435 velocity_parameter=0.0485 elapsed=58.5906s written=0
  crossing 0/250
  stopped velocity row 63 IC 133 x0=0.790435 velocity_parameter=0.0485 status=collision: trajectory reached the configured collision radius
velocity row 63/120 IC 143/599 x0=0.790442 velocity_parameter=0.0485 elapsed=59.046s written=0
  crossing 0/250
  stopped velocity row 63 IC 143 x0=0.790442 velocity_parameter=0.0485 status=collision: trajectory reached the configured collision radius
velocity row 63/120 IC 151/599 x0=0.790448 velocity_parameter=0.0485 elapsed=59.3398s written=0
  crossing 0/250
  stopped velocity row 63 IC 151 x0=0.790448 velocity_parameter=0.0485 status=collision: trajectory reached the configured collision radius
velocity row 64/120 IC 133/599 x0=0.790435 velocity_parameter=0.0646667 elapsed=59.3756s written=0
  crossing 0/250
  stopped velocity row 64 IC 133 x0=0.790435 velocity_parameter=0.0646667 status=collision: trajectory reached the configured collision radius
velocity row 64/120 IC 143/599 x0=0.790442 velocity_parameter=0.0646667 elapsed=59.7322s written=0
  crossing 0/250
  stopped velocity row 64 IC 143 x0=0.790442 velocity_parameter=0.0646667 status=collision: trajectory reached the configured collision radius
velocity row 64/120 IC 151/599 x0=0.790448 velocity_parameter=0.0646667 elapsed=60.0206s written=0
  crossing 0/250
  stopped velocity row 64 IC 151 x0=0.790448 velocity_parameter=0.0646667 status=collision: trajectory reached the configured collision radius
velocity row 65/120 IC 133/599 x0=0.790435 velocity_parameter=0.0808333 elapsed=60.0564s written=0
  crossing 0/250
  stopped velocity row 65 IC 133 x0=0.790435 velocity_parameter=0.0808333 status=collision: trajectory reached the configured collision radius
velocity row 65/120 IC 143/599 x0=0.790442 velocity_parameter=0.0808333 elapsed=60.4186s written=0
  crossing 0/250
  stopped velocity row 65 IC 143 x0=0.790442 velocity_parameter=0.0808333 status=collision: trajectory reached the configured collision radius
velocity row 65/120 IC 151/599 x0=0.790448 velocity_parameter=0.0808333 elapsed=60.7429s written=0
  crossing 0/250
  stopped velocity row 65 IC 151 x0=0.790448 velocity_parameter=0.0808333 status=collision: trajectory reached the configured collision radius
velocity row 66/120 IC 133/599 x0=0.790435 velocity_parameter=0.097 elapsed=60.7806s written=0
  crossing 0/250
  stopped velocity row 66 IC 133 x0=0.790435 velocity_parameter=0.097 status=collision: trajectory reached the configured collision radius
velocity row 66/120 IC 143/599 x0=0.790442 velocity_parameter=0.097 elapsed=61.1501s written=0
  crossing 0/250
  stopped velocity row 66 IC 143 x0=0.790442 velocity_parameter=0.097 status=collision: trajectory reached the configured collision radius
velocity row 66/120 IC 151/599 x0=0.790448 velocity_parameter=0.097 elapsed=61.4725s written=0
  crossing 0/250
  stopped velocity row 66 IC 151 x0=0.790448 velocity_parameter=0.097 status=collision: trajectory reached the configured collision radius
velocity row 67/120 IC 133/599 x0=0.790435 velocity_parameter=0.113167 elapsed=61.5091s written=0
  crossing 0/250
  stopped velocity row 67 IC 133 x0=0.790435 velocity_parameter=0.113167 status=collision: trajectory reached the configured collision radius
velocity row 67/120 IC 143/599 x0=0.790442 velocity_parameter=0.113167 elapsed=61.9124s written=0
  crossing 0/250
  stopped velocity row 67 IC 143 x0=0.790442 velocity_parameter=0.113167 status=collision: trajectory reached the configured collision radius
velocity row 67/120 IC 151/599 x0=0.790448 velocity_parameter=0.113167 elapsed=62.2518s written=0
  crossing 0/250
  stopped velocity row 67 IC 151 x0=0.790448 velocity_parameter=0.113167 status=collision: trajectory reached the configured collision radius
velocity row 68/120 IC 133/599 x0=0.790435 velocity_parameter=0.129333 elapsed=62.311s written=0
  crossing 0/250
  stopped velocity row 68 IC 133 x0=0.790435 velocity_parameter=0.129333 status=collision: trajectory reached the configured collision radius
velocity row 68/120 IC 143/599 x0=0.790442 velocity_parameter=0.129333 elapsed=62.6975s written=0
  crossing 0/250
  stopped velocity row 68 IC 143 x0=0.790442 velocity_parameter=0.129333 status=collision: trajectory reached the configured collision radius
velocity row 68/120 IC 151/599 x0=0.790448 velocity_parameter=0.129333 elapsed=62.9859s written=0
  crossing 0/250
  stopped velocity row 68 IC 151 x0=0.790448 velocity_parameter=0.129333 status=collision: trajectory reached the configured collision radius
velocity row 69/120 IC 133/599 x0=0.790435 velocity_parameter=0.1455 elapsed=63.0227s written=0
  crossing 0/250
  stopped velocity row 69 IC 133 x0=0.790435 velocity_parameter=0.1455 status=collision: trajectory reached the configured collision radius
velocity row 69/120 IC 143/599 x0=0.790442 velocity_parameter=0.1455 elapsed=63.3962s written=0
  crossing 0/250
  stopped velocity row 69 IC 143 x0=0.790442 velocity_parameter=0.1455 status=collision: trajectory reached the configured collision radius
velocity row 69/120 IC 151/599 x0=0.790448 velocity_parameter=0.1455 elapsed=63.6928s written=0
  crossing 0/250
  stopped velocity row 69 IC 151 x0=0.790448 velocity_parameter=0.1455 status=collision: trajectory reached the configured collision radius
velocity row 70/120 IC 133/599 x0=0.790435 velocity_parameter=0.161667 elapsed=63.7291s written=0
  crossing 0/250
  stopped velocity row 70 IC 133 x0=0.790435 velocity_parameter=0.161667 status=collision: trajectory reached the configured collision radius
velocity row 70/120 IC 143/599 x0=0.790442 velocity_parameter=0.161667 elapsed=64.1107s written=0
  crossing 0/250
  stopped velocity row 70 IC 143 x0=0.790442 velocity_parameter=0.161667 status=collision: trajectory reached the configured collision radius
velocity row 70/120 IC 151/599 x0=0.790448 velocity_parameter=0.161667 elapsed=64.4002s written=0
  crossing 0/250
  stopped velocity row 70 IC 151 x0=0.790448 velocity_parameter=0.161667 status=collision: trajectory reached the configured collision radius
velocity row 71/120 IC 133/599 x0=0.790435 velocity_parameter=0.177833 elapsed=64.4358s written=0
  crossing 0/250
  stopped velocity row 71 IC 133 x0=0.790435 velocity_parameter=0.177833 status=collision: trajectory reached the configured collision radius
velocity row 71/120 IC 143/599 x0=0.790442 velocity_parameter=0.177833 elapsed=64.8355s written=0
  crossing 0/250
  stopped velocity row 71 IC 143 x0=0.790442 velocity_parameter=0.177833 status=collision: trajectory reached the configured collision radius
velocity row 71/120 IC 151/599 x0=0.790448 velocity_parameter=0.177833 elapsed=65.1262s written=0
  crossing 0/250
  stopped velocity row 71 IC 151 x0=0.790448 velocity_parameter=0.177833 status=collision: trajectory reached the configured collision radius
velocity row 72/120 IC 133/599 x0=0.790435 velocity_parameter=0.194 elapsed=65.1618s written=0
  crossing 0/250
  stopped velocity row 72 IC 133 x0=0.790435 velocity_parameter=0.194 status=collision: trajectory reached the configured collision radius
velocity row 72/120 IC 143/599 x0=0.790442 velocity_parameter=0.194 elapsed=65.5246s written=0
  crossing 0/250
  stopped velocity row 72 IC 143 x0=0.790442 velocity_parameter=0.194 status=collision: trajectory reached the configured collision radius
velocity row 72/120 IC 151/599 x0=0.790448 velocity_parameter=0.194 elapsed=65.8221s written=0
  crossing 0/250
  stopped velocity row 72 IC 151 x0=0.790448 velocity_parameter=0.194 status=collision: trajectory reached the configured collision radius
velocity row 73/120 IC 133/599 x0=0.790435 velocity_parameter=0.210167 elapsed=65.8579s written=0
  crossing 0/250
  stopped velocity row 73 IC 133 x0=0.790435 velocity_parameter=0.210167 status=collision: trajectory reached the configured collision radius
velocity row 73/120 IC 143/599 x0=0.790442 velocity_parameter=0.210167 elapsed=66.2189s written=0
  crossing 0/250
  stopped velocity row 73 IC 143 x0=0.790442 velocity_parameter=0.210167 status=collision: trajectory reached the configured collision radius
velocity row 73/120 IC 151/599 x0=0.790448 velocity_parameter=0.210167 elapsed=66.5418s written=0
  crossing 0/250
  stopped velocity row 73 IC 151 x0=0.790448 velocity_parameter=0.210167 status=collision: trajectory reached the configured collision radius
velocity row 74/120 IC 133/599 x0=0.790435 velocity_parameter=0.226333 elapsed=66.5885s written=0
  crossing 0/250
  stopped velocity row 74 IC 133 x0=0.790435 velocity_parameter=0.226333 status=collision: trajectory reached the configured collision radius
velocity row 74/120 IC 143/599 x0=0.790442 velocity_parameter=0.226333 elapsed=66.9661s written=0
  crossing 0/250
  stopped velocity row 74 IC 143 x0=0.790442 velocity_parameter=0.226333 status=collision: trajectory reached the configured collision radius
velocity row 74/120 IC 151/599 x0=0.790448 velocity_parameter=0.226333 elapsed=67.2545s written=0
  crossing 0/250
  stopped velocity row 74 IC 151 x0=0.790448 velocity_parameter=0.226333 status=collision: trajectory reached the configured collision radius
velocity row 75/120 IC 133/599 x0=0.790435 velocity_parameter=0.2425 elapsed=67.2907s written=0
  crossing 0/250
  stopped velocity row 75 IC 133 x0=0.790435 velocity_parameter=0.2425 status=collision: trajectory reached the configured collision radius
velocity row 75/120 IC 143/599 x0=0.790442 velocity_parameter=0.2425 elapsed=67.674s written=0
  crossing 0/250
  stopped velocity row 75 IC 143 x0=0.790442 velocity_parameter=0.2425 status=collision: trajectory reached the configured collision radius
velocity row 75/120 IC 151/599 x0=0.790448 velocity_parameter=0.2425 elapsed=68.007s written=0
  crossing 0/250
  stopped velocity row 75 IC 151 x0=0.790448 velocity_parameter=0.2425 status=collision: trajectory reached the configured collision radius
velocity row 76/120 IC 133/599 x0=0.790435 velocity_parameter=0.258667 elapsed=68.0432s written=0
  crossing 0/250
  stopped velocity row 76 IC 133 x0=0.790435 velocity_parameter=0.258667 status=collision: trajectory reached the configured collision radius
velocity row 76/120 IC 143/599 x0=0.790442 velocity_parameter=0.258667 elapsed=68.4019s written=0
  crossing 0/250
  stopped velocity row 76 IC 143 x0=0.790442 velocity_parameter=0.258667 status=collision: trajectory reached the configured collision radius
velocity row 76/120 IC 151/599 x0=0.790448 velocity_parameter=0.258667 elapsed=68.7251s written=0
  crossing 0/250
  stopped velocity row 76 IC 151 x0=0.790448 velocity_parameter=0.258667 status=collision: trajectory reached the configured collision radius
velocity row 77/120 IC 133/599 x0=0.790435 velocity_parameter=0.274833 elapsed=68.792s written=0
  crossing 0/250
  stopped velocity row 77 IC 133 x0=0.790435 velocity_parameter=0.274833 status=collision: trajectory reached the configured collision radius
velocity row 77/120 IC 143/599 x0=0.790442 velocity_parameter=0.274833 elapsed=69.1921s written=0
  crossing 0/250
  stopped velocity row 77 IC 143 x0=0.790442 velocity_parameter=0.274833 status=collision: trajectory reached the configured collision radius
velocity row 77/120 IC 151/599 x0=0.790448 velocity_parameter=0.274833 elapsed=69.4848s written=0
  crossing 0/250
  stopped velocity row 77 IC 151 x0=0.790448 velocity_parameter=0.274833 status=collision: trajectory reached the configured collision radius
velocity row 78/120 IC 133/599 x0=0.790435 velocity_parameter=0.291 elapsed=69.5208s written=0
  crossing 0/250
  stopped velocity row 78 IC 133 x0=0.790435 velocity_parameter=0.291 status=collision: trajectory reached the configured collision radius
velocity row 78/120 IC 143/599 x0=0.790442 velocity_parameter=0.291 elapsed=69.8953s written=0
  crossing 0/250
  stopped velocity row 78 IC 143 x0=0.790442 velocity_parameter=0.291 status=collision: trajectory reached the configured collision radius
velocity row 78/120 IC 151/599 x0=0.790448 velocity_parameter=0.291 elapsed=70.184s written=0
  crossing 0/250
  stopped velocity row 78 IC 151 x0=0.790448 velocity_parameter=0.291 status=collision: trajectory reached the configured collision radius
velocity row 79/120 IC 133/599 x0=0.790435 velocity_parameter=0.307167 elapsed=70.2202s written=0
  crossing 0/250
  stopped velocity row 79 IC 133 x0=0.790435 velocity_parameter=0.307167 status=collision: trajectory reached the configured collision radius
velocity row 79/120 IC 143/599 x0=0.790442 velocity_parameter=0.307167 elapsed=70.5943s written=0
  crossing 0/250
  stopped velocity row 79 IC 143 x0=0.790442 velocity_parameter=0.307167 status=collision: trajectory reached the configured collision radius
velocity row 79/120 IC 151/599 x0=0.790448 velocity_parameter=0.307167 elapsed=70.8825s written=0
  crossing 0/250
  stopped velocity row 79 IC 151 x0=0.790448 velocity_parameter=0.307167 status=collision: trajectory reached the configured collision radius
velocity row 80/120 IC 133/599 x0=0.790435 velocity_parameter=0.323333 elapsed=70.9369s written=0
  crossing 0/250
  stopped velocity row 80 IC 133 x0=0.790435 velocity_parameter=0.323333 status=collision: trajectory reached the configured collision radius
velocity row 80/120 IC 143/599 x0=0.790442 velocity_parameter=0.323333 elapsed=71.3051s written=0
  crossing 0/250
  stopped velocity row 80 IC 143 x0=0.790442 velocity_parameter=0.323333 status=collision: trajectory reached the configured collision radius
velocity row 80/120 IC 151/599 x0=0.790448 velocity_parameter=0.323333 elapsed=71.6206s written=0
  crossing 0/250
  stopped velocity row 80 IC 151 x0=0.790448 velocity_parameter=0.323333 status=collision: trajectory reached the configured collision radius
velocity row 81/120 IC 133/599 x0=0.790435 velocity_parameter=0.3395 elapsed=71.6565s written=0
  crossing 0/250
  stopped velocity row 81 IC 133 x0=0.790435 velocity_parameter=0.3395 status=collision: trajectory reached the configured collision radius
velocity row 81/120 IC 143/599 x0=0.790442 velocity_parameter=0.3395 elapsed=72.0155s written=0
  crossing 0/250
  stopped velocity row 81 IC 143 x0=0.790442 velocity_parameter=0.3395 status=collision: trajectory reached the configured collision radius
velocity row 81/120 IC 151/599 x0=0.790448 velocity_parameter=0.3395 elapsed=72.3002s written=0
  crossing 0/250
  stopped velocity row 81 IC 151 x0=0.790448 velocity_parameter=0.3395 status=collision: trajectory reached the configured collision radius
velocity row 82/120 IC 133/599 x0=0.790435 velocity_parameter=0.355667 elapsed=72.3387s written=0
  crossing 0/250
  stopped velocity row 82 IC 133 x0=0.790435 velocity_parameter=0.355667 status=collision: trajectory reached the configured collision radius
velocity row 82/120 IC 143/599 x0=0.790442 velocity_parameter=0.355667 elapsed=72.698s written=0
  crossing 0/250
  stopped velocity row 82 IC 143 x0=0.790442 velocity_parameter=0.355667 status=collision: trajectory reached the configured collision radius
velocity row 82/120 IC 151/599 x0=0.790448 velocity_parameter=0.355667 elapsed=73.0127s written=0
  crossing 0/250
  stopped velocity row 82 IC 151 x0=0.790448 velocity_parameter=0.355667 status=collision: trajectory reached the configured collision radius
velocity row 83/120 IC 133/599 x0=0.790435 velocity_parameter=0.371833 elapsed=73.0481s written=0
  crossing 0/250
  stopped velocity row 83 IC 133 x0=0.790435 velocity_parameter=0.371833 status=collision: trajectory reached the configured collision radius
velocity row 83/120 IC 143/599 x0=0.790442 velocity_parameter=0.371833 elapsed=73.4378s written=0
  crossing 0/250
  stopped velocity row 83 IC 143 x0=0.790442 velocity_parameter=0.371833 status=collision: trajectory reached the configured collision radius
velocity row 83/120 IC 151/599 x0=0.790448 velocity_parameter=0.371833 elapsed=73.7258s written=0
  crossing 0/250
  stopped velocity row 83 IC 151 x0=0.790448 velocity_parameter=0.371833 status=collision: trajectory reached the configured collision radius
velocity row 84/120 IC 133/599 x0=0.790435 velocity_parameter=0.388 elapsed=73.7627s written=0
  crossing 0/250
  stopped velocity row 84 IC 133 x0=0.790435 velocity_parameter=0.388 status=collision: trajectory reached the configured collision radius
velocity row 84/120 IC 143/599 x0=0.790442 velocity_parameter=0.388 elapsed=74.1203s written=0
  crossing 0/250
  stopped velocity row 84 IC 143 x0=0.790442 velocity_parameter=0.388 status=collision: trajectory reached the configured collision radius
velocity row 84/120 IC 151/599 x0=0.790448 velocity_parameter=0.388 elapsed=74.4067s written=0
  crossing 0/250
  stopped velocity row 84 IC 151 x0=0.790448 velocity_parameter=0.388 status=collision: trajectory reached the configured collision radius
velocity row 85/120 IC 133/599 x0=0.790435 velocity_parameter=0.404167 elapsed=74.4422s written=0
  crossing 0/250
  stopped velocity row 85 IC 133 x0=0.790435 velocity_parameter=0.404167 status=collision: trajectory reached the configured collision radius
velocity row 85/120 IC 143/599 x0=0.790442 velocity_parameter=0.404167 elapsed=74.8054s written=0
  crossing 0/250
  stopped velocity row 85 IC 143 x0=0.790442 velocity_parameter=0.404167 status=collision: trajectory reached the configured collision radius
velocity row 85/120 IC 151/599 x0=0.790448 velocity_parameter=0.404167 elapsed=75.0916s written=0
  crossing 0/250
  stopped velocity row 85 IC 151 x0=0.790448 velocity_parameter=0.404167 status=collision: trajectory reached the configured collision radius
velocity row 86/120 IC 133/599 x0=0.790435 velocity_parameter=0.420333 elapsed=75.1277s written=0
  crossing 0/250
  stopped velocity row 86 IC 133 x0=0.790435 velocity_parameter=0.420333 status=collision: trajectory reached the configured collision radius
velocity row 86/120 IC 143/599 x0=0.790442 velocity_parameter=0.420333 elapsed=75.5072s written=0
  crossing 0/250
  stopped velocity row 86 IC 143 x0=0.790442 velocity_parameter=0.420333 status=collision: trajectory reached the configured collision radius
velocity row 86/120 IC 151/599 x0=0.790448 velocity_parameter=0.420333 elapsed=75.7948s written=0
  crossing 0/250
  stopped velocity row 86 IC 151 x0=0.790448 velocity_parameter=0.420333 status=collision: trajectory reached the configured collision radius
velocity row 87/120 IC 133/599 x0=0.790435 velocity_parameter=0.4365 elapsed=75.8473s written=0
  crossing 0/250
  stopped velocity row 87 IC 133 x0=0.790435 velocity_parameter=0.4365 status=collision: trajectory reached the configured collision radius
velocity row 87/120 IC 143/599 x0=0.790442 velocity_parameter=0.4365 elapsed=76.2185s written=0
  crossing 0/250
  stopped velocity row 87 IC 143 x0=0.790442 velocity_parameter=0.4365 status=collision: trajectory reached the configured collision radius
velocity row 87/120 IC 151/599 x0=0.790448 velocity_parameter=0.4365 elapsed=76.5237s written=0
  crossing 0/250
  stopped velocity row 87 IC 151 x0=0.790448 velocity_parameter=0.4365 status=collision: trajectory reached the configured collision radius
velocity row 88/120 IC 133/599 x0=0.790435 velocity_parameter=0.452667 elapsed=76.5596s written=0
  crossing 0/250
  stopped velocity row 88 IC 133 x0=0.790435 velocity_parameter=0.452667 status=collision: trajectory reached the configured collision radius
velocity row 88/120 IC 143/599 x0=0.790442 velocity_parameter=0.452667 elapsed=76.9224s written=0
  crossing 0/250
  stopped velocity row 88 IC 143 x0=0.790442 velocity_parameter=0.452667 status=collision: trajectory reached the configured collision radius
velocity row 88/120 IC 151/599 x0=0.790448 velocity_parameter=0.452667 elapsed=77.2277s written=0
  crossing 0/250
  stopped velocity row 88 IC 151 x0=0.790448 velocity_parameter=0.452667 status=collision: trajectory reached the configured collision radius
velocity row 89/120 IC 133/599 x0=0.790435 velocity_parameter=0.468833 elapsed=77.2627s written=0
  crossing 0/250
  stopped velocity row 89 IC 133 x0=0.790435 velocity_parameter=0.468833 status=collision: trajectory reached the configured collision radius
velocity row 89/120 IC 143/599 x0=0.790442 velocity_parameter=0.468833 elapsed=77.618s written=0
  crossing 0/250
  stopped velocity row 89 IC 143 x0=0.790442 velocity_parameter=0.468833 status=collision: trajectory reached the configured collision radius
velocity row 89/120 IC 151/599 x0=0.790448 velocity_parameter=0.468833 elapsed=77.8994s written=0
  crossing 0/250
  stopped velocity row 89 IC 151 x0=0.790448 velocity_parameter=0.468833 status=collision: trajectory reached the configured collision radius
velocity row 90/120 IC 133/599 x0=0.790435 velocity_parameter=0.485 elapsed=77.9352s written=0
  crossing 0/250
  stopped velocity row 90 IC 133 x0=0.790435 velocity_parameter=0.485 status=collision: trajectory reached the configured collision radius
velocity row 90/120 IC 143/599 x0=0.790442 velocity_parameter=0.485 elapsed=78.2922s written=0
  crossing 0/250
  stopped velocity row 90 IC 143 x0=0.790442 velocity_parameter=0.485 status=collision: trajectory reached the configured collision radius
velocity row 90/120 IC 151/599 x0=0.790448 velocity_parameter=0.485 elapsed=78.5883s written=0
  crossing 0/250
  stopped velocity row 90 IC 151 x0=0.790448 velocity_parameter=0.485 status=collision: trajectory reached the configured collision radius
velocity row 91/120 IC 133/599 x0=0.790435 velocity_parameter=0.501167 elapsed=78.6234s written=0
  crossing 0/250
  stopped velocity row 91 IC 133 x0=0.790435 velocity_parameter=0.501167 status=collision: trajectory reached the configured collision radius
velocity row 91/120 IC 143/599 x0=0.790442 velocity_parameter=0.501167 elapsed=78.9784s written=0
  crossing 0/250
  stopped velocity row 91 IC 143 x0=0.790442 velocity_parameter=0.501167 status=collision: trajectory reached the configured collision radius
velocity row 91/120 IC 151/599 x0=0.790448 velocity_parameter=0.501167 elapsed=79.279s written=0
  crossing 0/250
  stopped velocity row 91 IC 151 x0=0.790448 velocity_parameter=0.501167 status=collision: trajectory reached the configured collision radius
velocity row 92/120 IC 133/599 x0=0.790435 velocity_parameter=0.517333 elapsed=79.3151s written=0
  crossing 0/250
  stopped velocity row 92 IC 133 x0=0.790435 velocity_parameter=0.517333 status=collision: trajectory reached the configured collision radius
velocity row 92/120 IC 143/599 x0=0.790442 velocity_parameter=0.517333 elapsed=79.6748s written=0
  crossing 0/250
  stopped velocity row 92 IC 143 x0=0.790442 velocity_parameter=0.517333 status=collision: trajectory reached the configured collision radius
velocity row 92/120 IC 151/599 x0=0.790448 velocity_parameter=0.517333 elapsed=79.9594s written=0
  crossing 0/250
  stopped velocity row 92 IC 151 x0=0.790448 velocity_parameter=0.517333 status=collision: trajectory reached the configured collision radius
velocity row 93/120 IC 133/599 x0=0.790435 velocity_parameter=0.5335 elapsed=79.995s written=0
  crossing 0/250
  stopped velocity row 93 IC 133 x0=0.790435 velocity_parameter=0.5335 status=collision: trajectory reached the configured collision radius
velocity row 93/120 IC 143/599 x0=0.790442 velocity_parameter=0.5335 elapsed=80.3666s written=0
  crossing 0/250
  stopped velocity row 93 IC 143 x0=0.790442 velocity_parameter=0.5335 status=collision: trajectory reached the configured collision radius
velocity row 93/120 IC 151/599 x0=0.790448 velocity_parameter=0.5335 elapsed=80.651s written=0
  crossing 0/250
  stopped velocity row 93 IC 151 x0=0.790448 velocity_parameter=0.5335 status=collision: trajectory reached the configured collision radius
velocity row 94/120 IC 133/599 x0=0.790435 velocity_parameter=0.549667 elapsed=80.6876s written=0
  crossing 0/250
  stopped velocity row 94 IC 133 x0=0.790435 velocity_parameter=0.549667 status=collision: trajectory reached the configured collision radius
velocity row 94/120 IC 143/599 x0=0.790442 velocity_parameter=0.549667 elapsed=81.064s written=0
  crossing 0/250
  stopped velocity row 94 IC 143 x0=0.790442 velocity_parameter=0.549667 status=collision: trajectory reached the configured collision radius
velocity row 94/120 IC 151/599 x0=0.790448 velocity_parameter=0.549667 elapsed=81.3597s written=0
  crossing 0/250
  stopped velocity row 94 IC 151 x0=0.790448 velocity_parameter=0.549667 status=collision: trajectory reached the configured collision radius
velocity row 95/120 IC 133/599 x0=0.790435 velocity_parameter=0.565833 elapsed=81.3961s written=0
  crossing 0/250
  stopped velocity row 95 IC 133 x0=0.790435 velocity_parameter=0.565833 status=collision: trajectory reached the configured collision radius
velocity row 95/120 IC 143/599 x0=0.790442 velocity_parameter=0.565833 elapsed=81.762s written=0
  crossing 0/250
  stopped velocity row 95 IC 143 x0=0.790442 velocity_parameter=0.565833 status=collision: trajectory reached the configured collision radius
velocity row 95/120 IC 151/599 x0=0.790448 velocity_parameter=0.565833 elapsed=82.0463s written=0
  crossing 0/250
  stopped velocity row 95 IC 151 x0=0.790448 velocity_parameter=0.565833 status=collision: trajectory reached the configured collision radius
velocity row 96/120 IC 133/599 x0=0.790435 velocity_parameter=0.582 elapsed=82.0826s written=0
  crossing 0/250
  stopped velocity row 96 IC 133 x0=0.790435 velocity_parameter=0.582 status=collision: trajectory reached the configured collision radius
velocity row 96/120 IC 143/599 x0=0.790442 velocity_parameter=0.582 elapsed=82.4456s written=0
  crossing 0/250
  stopped velocity row 96 IC 143 x0=0.790442 velocity_parameter=0.582 status=collision: trajectory reached the configured collision radius
velocity row 96/120 IC 151/599 x0=0.790448 velocity_parameter=0.582 elapsed=82.7502s written=0
  crossing 0/250
  stopped velocity row 96 IC 151 x0=0.790448 velocity_parameter=0.582 status=collision: trajectory reached the configured collision radius
velocity row 97/120 IC 133/599 x0=0.790435 velocity_parameter=0.598167 elapsed=82.7861s written=0
  crossing 0/250
  stopped velocity row 97 IC 133 x0=0.790435 velocity_parameter=0.598167 status=collision: trajectory reached the configured collision radius
velocity row 97/120 IC 143/599 x0=0.790442 velocity_parameter=0.598167 elapsed=83.1496s written=0
  crossing 0/250
  stopped velocity row 97 IC 143 x0=0.790442 velocity_parameter=0.598167 status=collision: trajectory reached the configured collision radius
velocity row 97/120 IC 151/599 x0=0.790448 velocity_parameter=0.598167 elapsed=83.4347s written=0
  crossing 0/250
  stopped velocity row 97 IC 151 x0=0.790448 velocity_parameter=0.598167 status=collision: trajectory reached the configured collision radius
velocity row 98/120 IC 133/599 x0=0.790435 velocity_parameter=0.614333 elapsed=83.4706s written=0
  crossing 0/250
  stopped velocity row 98 IC 133 x0=0.790435 velocity_parameter=0.614333 status=collision: trajectory reached the configured collision radius
velocity row 98/120 IC 143/599 x0=0.790442 velocity_parameter=0.614333 elapsed=83.8271s written=0
  crossing 0/250
  stopped velocity row 98 IC 143 x0=0.790442 velocity_parameter=0.614333 status=collision: trajectory reached the configured collision radius
velocity row 98/120 IC 151/599 x0=0.790448 velocity_parameter=0.614333 elapsed=84.1433s written=0
  crossing 0/250
  stopped velocity row 98 IC 151 x0=0.790448 velocity_parameter=0.614333 status=collision: trajectory reached the configured collision radius
velocity row 99/120 IC 133/599 x0=0.790435 velocity_parameter=0.6305 elapsed=84.1793s written=0
  crossing 0/250
  stopped velocity row 99 IC 133 x0=0.790435 velocity_parameter=0.6305 status=collision: trajectory reached the configured collision radius
velocity row 99/120 IC 143/599 x0=0.790442 velocity_parameter=0.6305 elapsed=84.5419s written=0
  crossing 0/250
  stopped velocity row 99 IC 143 x0=0.790442 velocity_parameter=0.6305 status=collision: trajectory reached the configured collision radius
velocity row 99/120 IC 151/599 x0=0.790448 velocity_parameter=0.6305 elapsed=84.8513s written=0
  crossing 0/250
  stopped velocity row 99 IC 151 x0=0.790448 velocity_parameter=0.6305 status=collision: trajectory reached the configured collision radius
velocity row 100/120 IC 133/599 x0=0.790435 velocity_parameter=0.646667 elapsed=84.8874s written=0
  crossing 0/250
  stopped velocity row 100 IC 133 x0=0.790435 velocity_parameter=0.646667 status=collision: trajectory reached the configured collision radius
velocity row 100/120 IC 143/599 x0=0.790442 velocity_parameter=0.646667 elapsed=85.2628s written=0
  crossing 0/250
  stopped velocity row 100 IC 143 x0=0.790442 velocity_parameter=0.646667 status=collision: trajectory reached the configured collision radius
velocity row 100/120 IC 151/599 x0=0.790448 velocity_parameter=0.646667 elapsed=85.5743s written=0
  crossing 0/250
  stopped velocity row 100 IC 151 x0=0.790448 velocity_parameter=0.646667 status=collision: trajectory reached the configured collision radius
velocity row 101/120 IC 133/599 x0=0.790435 velocity_parameter=0.662833 elapsed=85.6101s written=0
  crossing 0/250
  stopped velocity row 101 IC 133 x0=0.790435 velocity_parameter=0.662833 status=collision: trajectory reached the configured collision radius
velocity row 101/120 IC 143/599 x0=0.790442 velocity_parameter=0.662833 elapsed=85.9892s written=0
  crossing 0/250
  stopped velocity row 101 IC 143 x0=0.790442 velocity_parameter=0.662833 status=collision: trajectory reached the configured collision radius
velocity row 101/120 IC 151/599 x0=0.790448 velocity_parameter=0.662833 elapsed=86.2761s written=0
  crossing 0/250
  stopped velocity row 101 IC 151 x0=0.790448 velocity_parameter=0.662833 status=collision: trajectory reached the configured collision radius
velocity row 102/120 IC 133/599 x0=0.790435 velocity_parameter=0.679 elapsed=86.3112s written=0
  crossing 0/250
  stopped velocity row 102 IC 133 x0=0.790435 velocity_parameter=0.679 status=collision: trajectory reached the configured collision radius
velocity row 102/120 IC 143/599 x0=0.790442 velocity_parameter=0.679 elapsed=86.6709s written=0
  crossing 0/250
  stopped velocity row 102 IC 143 x0=0.790442 velocity_parameter=0.679 status=collision: trajectory reached the configured collision radius
velocity row 102/120 IC 151/599 x0=0.790448 velocity_parameter=0.679 elapsed=86.9562s written=0
  crossing 0/250
  stopped velocity row 102 IC 151 x0=0.790448 velocity_parameter=0.679 status=collision: trajectory reached the configured collision radius
velocity row 103/120 IC 133/599 x0=0.790435 velocity_parameter=0.695167 elapsed=86.992s written=0
  crossing 0/250
  stopped velocity row 103 IC 133 x0=0.790435 velocity_parameter=0.695167 status=collision: trajectory reached the configured collision radius
velocity row 103/120 IC 143/599 x0=0.790442 velocity_parameter=0.695167 elapsed=87.3551s written=0
  crossing 0/250
  stopped velocity row 103 IC 143 x0=0.790442 velocity_parameter=0.695167 status=collision: trajectory reached the configured collision radius
velocity row 103/120 IC 151/599 x0=0.790448 velocity_parameter=0.695167 elapsed=87.6426s written=0
  crossing 0/250
  stopped velocity row 103 IC 151 x0=0.790448 velocity_parameter=0.695167 status=collision: trajectory reached the configured collision radius
velocity row 104/120 IC 133/599 x0=0.790435 velocity_parameter=0.711333 elapsed=87.6787s written=0
  crossing 0/250
  stopped velocity row 104 IC 133 x0=0.790435 velocity_parameter=0.711333 status=collision: trajectory reached the configured collision radius
velocity row 104/120 IC 143/599 x0=0.790442 velocity_parameter=0.711333 elapsed=88.0529s written=0
  crossing 0/250
  stopped velocity row 104 IC 143 x0=0.790442 velocity_parameter=0.711333 status=collision: trajectory reached the configured collision radius
velocity row 104/120 IC 151/599 x0=0.790448 velocity_parameter=0.711333 elapsed=88.3458s written=0
  crossing 0/250
  stopped velocity row 104 IC 151 x0=0.790448 velocity_parameter=0.711333 status=collision: trajectory reached the configured collision radius
velocity row 105/120 IC 133/599 x0=0.790435 velocity_parameter=0.7275 elapsed=88.3815s written=0
  crossing 0/250
  stopped velocity row 105 IC 133 x0=0.790435 velocity_parameter=0.7275 status=collision: trajectory reached the configured collision radius
velocity row 105/120 IC 143/599 x0=0.790442 velocity_parameter=0.7275 elapsed=88.7573s written=0
  crossing 0/250
  stopped velocity row 105 IC 143 x0=0.790442 velocity_parameter=0.7275 status=collision: trajectory reached the configured collision radius
velocity row 105/120 IC 151/599 x0=0.790448 velocity_parameter=0.7275 elapsed=89.0538s written=0
  crossing 0/250
  stopped velocity row 105 IC 151 x0=0.790448 velocity_parameter=0.7275 status=collision: trajectory reached the configured collision radius
velocity row 106/120 IC 133/599 x0=0.790435 velocity_parameter=0.743667 elapsed=89.0908s written=0
  crossing 0/250
  stopped velocity row 106 IC 133 x0=0.790435 velocity_parameter=0.743667 status=collision: trajectory reached the configured collision radius
velocity row 106/120 IC 143/599 x0=0.790442 velocity_parameter=0.743667 elapsed=89.4736s written=0
  crossing 0/250
  stopped velocity row 106 IC 143 x0=0.790442 velocity_parameter=0.743667 status=collision: trajectory reached the configured collision radius
velocity row 106/120 IC 151/599 x0=0.790448 velocity_parameter=0.743667 elapsed=89.7717s written=0
  crossing 0/250
  stopped velocity row 106 IC 151 x0=0.790448 velocity_parameter=0.743667 status=collision: trajectory reached the configured collision radius
velocity row 107/120 IC 133/599 x0=0.790435 velocity_parameter=0.759833 elapsed=89.8072s written=0
  crossing 0/250
  stopped velocity row 107 IC 133 x0=0.790435 velocity_parameter=0.759833 status=collision: trajectory reached the configured collision radius
velocity row 107/120 IC 143/599 x0=0.790442 velocity_parameter=0.759833 elapsed=90.1676s written=0
  crossing 0/250
  stopped velocity row 107 IC 143 x0=0.790442 velocity_parameter=0.759833 status=collision: trajectory reached the configured collision radius
velocity row 107/120 IC 151/599 x0=0.790448 velocity_parameter=0.759833 elapsed=90.458s written=0
  crossing 0/250
  stopped velocity row 107 IC 151 x0=0.790448 velocity_parameter=0.759833 status=collision: trajectory reached the configured collision radius
velocity row 108/120 IC 133/599 x0=0.790435 velocity_parameter=0.776 elapsed=90.4945s written=0
  crossing 0/250
  stopped velocity row 108 IC 133 x0=0.790435 velocity_parameter=0.776 status=collision: trajectory reached the configured collision radius
velocity row 108/120 IC 143/599 x0=0.790442 velocity_parameter=0.776 elapsed=90.8524s written=0
  crossing 0/250
  stopped velocity row 108 IC 143 x0=0.790442 velocity_parameter=0.776 status=collision: trajectory reached the configured collision radius
velocity row 108/120 IC 151/599 x0=0.790448 velocity_parameter=0.776 elapsed=91.1441s written=0
  crossing 0/250
  stopped velocity row 108 IC 151 x0=0.790448 velocity_parameter=0.776 status=collision: trajectory reached the configured collision radius
velocity row 109/120 IC 133/599 x0=0.790435 velocity_parameter=0.792167 elapsed=91.1792s written=0
  crossing 0/250
  stopped velocity row 109 IC 133 x0=0.790435 velocity_parameter=0.792167 status=collision: trajectory reached the configured collision radius
velocity row 109/120 IC 143/599 x0=0.790442 velocity_parameter=0.792167 elapsed=91.5469s written=0
  crossing 0/250
  stopped velocity row 109 IC 143 x0=0.790442 velocity_parameter=0.792167 status=collision: trajectory reached the configured collision radius
velocity row 109/120 IC 151/599 x0=0.790448 velocity_parameter=0.792167 elapsed=91.8386s written=0
  crossing 0/250
  stopped velocity row 109 IC 151 x0=0.790448 velocity_parameter=0.792167 status=collision: trajectory reached the configured collision radius
velocity row 110/120 IC 133/599 x0=0.790435 velocity_parameter=0.808333 elapsed=91.8754s written=0
  crossing 0/250
  stopped velocity row 110 IC 133 x0=0.790435 velocity_parameter=0.808333 status=collision: trajectory reached the configured collision radius
velocity row 110/120 IC 143/599 x0=0.790442 velocity_parameter=0.808333 elapsed=92.2766s written=0
  crossing 0/250
  stopped velocity row 110 IC 143 x0=0.790442 velocity_parameter=0.808333 status=collision: trajectory reached the configured collision radius
velocity row 110/120 IC 151/599 x0=0.790448 velocity_parameter=0.808333 elapsed=92.5751s written=0
  crossing 0/250
  stopped velocity row 110 IC 151 x0=0.790448 velocity_parameter=0.808333 status=collision: trajectory reached the configured collision radius
velocity row 111/120 IC 133/599 x0=0.790435 velocity_parameter=0.8245 elapsed=92.6123s written=0
  crossing 0/250
  stopped velocity row 111 IC 133 x0=0.790435 velocity_parameter=0.8245 status=collision: trajectory reached the configured collision radius
velocity row 111/120 IC 143/599 x0=0.790442 velocity_parameter=0.8245 elapsed=93.0132s written=0
  crossing 0/250
  stopped velocity row 111 IC 143 x0=0.790442 velocity_parameter=0.8245 status=collision: trajectory reached the configured collision radius
velocity row 111/120 IC 151/599 x0=0.790448 velocity_parameter=0.8245 elapsed=93.342s written=0
  crossing 0/250
  stopped velocity row 111 IC 151 x0=0.790448 velocity_parameter=0.8245 status=collision: trajectory reached the configured collision radius
velocity row 112/120 IC 133/599 x0=0.790435 velocity_parameter=0.840667 elapsed=93.3787s written=0
  crossing 0/250
  stopped velocity row 112 IC 133 x0=0.790435 velocity_parameter=0.840667 status=collision: trajectory reached the configured collision radius
velocity row 112/120 IC 143/599 x0=0.790442 velocity_parameter=0.840667 elapsed=93.7426s written=0
  crossing 0/250
  stopped velocity row 112 IC 143 x0=0.790442 velocity_parameter=0.840667 status=collision: trajectory reached the configured collision radius
velocity row 112/120 IC 151/599 x0=0.790448 velocity_parameter=0.840667 elapsed=94.03s written=0
  crossing 0/250
  stopped velocity row 112 IC 151 x0=0.790448 velocity_parameter=0.840667 status=collision: trajectory reached the configured collision radius
velocity row 113/120 IC 133/599 x0=0.790435 velocity_parameter=0.856833 elapsed=94.0661s written=0
  crossing 0/250
  stopped velocity row 113 IC 133 x0=0.790435 velocity_parameter=0.856833 status=collision: trajectory reached the configured collision radius
velocity row 113/120 IC 143/599 x0=0.790442 velocity_parameter=0.856833 elapsed=94.433s written=0
  crossing 0/250
  stopped velocity row 113 IC 143 x0=0.790442 velocity_parameter=0.856833 status=collision: trajectory reached the configured collision radius
velocity row 113/120 IC 151/599 x0=0.790448 velocity_parameter=0.856833 elapsed=94.7251s written=0
  crossing 0/250
  stopped velocity row 113 IC 151 x0=0.790448 velocity_parameter=0.856833 status=collision: trajectory reached the configured collision radius
velocity row 114/120 IC 133/599 x0=0.790435 velocity_parameter=0.873 elapsed=94.761s written=0
  crossing 0/250
  stopped velocity row 114 IC 133 x0=0.790435 velocity_parameter=0.873 status=collision: trajectory reached the configured collision radius
velocity row 114/120 IC 143/599 x0=0.790442 velocity_parameter=0.873 elapsed=95.1239s written=0
  crossing 0/250
  stopped velocity row 114 IC 143 x0=0.790442 velocity_parameter=0.873 status=collision: trajectory reached the configured collision radius
velocity row 114/120 IC 151/599 x0=0.790448 velocity_parameter=0.873 elapsed=95.4211s written=0
  crossing 0/250
  stopped velocity row 114 IC 151 x0=0.790448 velocity_parameter=0.873 status=collision: trajectory reached the configured collision radius
velocity row 115/120 IC 133/599 x0=0.790435 velocity_parameter=0.889167 elapsed=95.4596s written=0
  crossing 0/250
  stopped velocity row 115 IC 133 x0=0.790435 velocity_parameter=0.889167 status=collision: trajectory reached the configured collision radius
velocity row 115/120 IC 143/599 x0=0.790442 velocity_parameter=0.889167 elapsed=95.8229s written=0
  crossing 0/250
  stopped velocity row 115 IC 143 x0=0.790442 velocity_parameter=0.889167 status=collision: trajectory reached the configured collision radius
velocity row 115/120 IC 151/599 x0=0.790448 velocity_parameter=0.889167 elapsed=96.1188s written=0
  crossing 0/250
  stopped velocity row 115 IC 151 x0=0.790448 velocity_parameter=0.889167 status=collision: trajectory reached the configured collision radius
velocity row 116/120 IC 133/599 x0=0.790435 velocity_parameter=0.905333 elapsed=96.1552s written=0
  crossing 0/250
  stopped velocity row 116 IC 133 x0=0.790435 velocity_parameter=0.905333 status=collision: trajectory reached the configured collision radius
velocity row 116/120 IC 143/599 x0=0.790442 velocity_parameter=0.905333 elapsed=96.5201s written=0
  crossing 0/250
  stopped velocity row 116 IC 143 x0=0.790442 velocity_parameter=0.905333 status=collision: trajectory reached the configured collision radius
velocity row 116/120 IC 151/599 x0=0.790448 velocity_parameter=0.905333 elapsed=96.8226s written=0
  crossing 0/250
  stopped velocity row 116 IC 151 x0=0.790448 velocity_parameter=0.905333 status=collision: trajectory reached the configured collision radius
velocity row 117/120 IC 133/599 x0=0.790435 velocity_parameter=0.9215 elapsed=96.8585s written=0
  crossing 0/250
  stopped velocity row 117 IC 133 x0=0.790435 velocity_parameter=0.9215 status=collision: trajectory reached the configured collision radius
velocity row 117/120 IC 143/599 x0=0.790442 velocity_parameter=0.9215 elapsed=97.2242s written=0
  crossing 0/250
  stopped velocity row 117 IC 143 x0=0.790442 velocity_parameter=0.9215 status=collision: trajectory reached the configured collision radius
velocity row 117/120 IC 151/599 x0=0.790448 velocity_parameter=0.9215 elapsed=97.5369s written=0
  crossing 0/250
  stopped velocity row 117 IC 151 x0=0.790448 velocity_parameter=0.9215 status=collision: trajectory reached the configured collision radius
velocity row 118/120 IC 133/599 x0=0.790435 velocity_parameter=0.937667 elapsed=97.5759s written=0
  crossing 0/250
  stopped velocity row 118 IC 133 x0=0.790435 velocity_parameter=0.937667 status=collision: trajectory reached the configured collision radius
velocity row 118/120 IC 143/599 x0=0.790442 velocity_parameter=0.937667 elapsed=97.9578s written=0
  crossing 0/250
  stopped velocity row 118 IC 143 x0=0.790442 velocity_parameter=0.937667 status=collision: trajectory reached the configured collision radius
velocity row 118/120 IC 151/599 x0=0.790448 velocity_parameter=0.937667 elapsed=98.2495s written=0
  crossing 0/250
  stopped velocity row 118 IC 151 x0=0.790448 velocity_parameter=0.937667 status=collision: trajectory reached the configured collision radius
velocity row 119/120 IC 133/599 x0=0.790435 velocity_parameter=0.953833 elapsed=98.2857s written=0
  crossing 0/250
  stopped velocity row 119 IC 133 x0=0.790435 velocity_parameter=0.953833 status=collision: trajectory reached the configured collision radius
velocity row 119/120 IC 143/599 x0=0.790442 velocity_parameter=0.953833 elapsed=98.6562s written=10
  crossing 0/250
  stopped velocity row 119 IC 143 x0=0.790442 velocity_parameter=0.953833 status=collision: trajectory reached the configured collision radius
velocity row 119/120 IC 151/599 x0=0.790448 velocity_parameter=0.953833 elapsed=98.9517s written=18
  crossing 0/250
  stopped velocity row 119 IC 151 x0=0.790448 velocity_parameter=0.953833 status=collision: trajectory reached the configured collision radius
velocity row 120/120 IC 133/599 x0=0.790435 velocity_parameter=0.97 elapsed=98.9873s written=19
  crossing 0/250
  stopped velocity row 120 IC 133 x0=0.790435 velocity_parameter=0.97 status=collision: trajectory reached the configured collision radius
velocity row 120/120 IC 143/599 x0=0.790442 velocity_parameter=0.97 elapsed=99.3476s written=29
  crossing 0/250
  stopped velocity row 120 IC 143 x0=0.790442 velocity_parameter=0.97 status=collision: trajectory reached the configured collision radius
velocity row 120/120 IC 151/599 x0=0.790448 velocity_parameter=0.97 elapsed=99.6322s written=37
  crossing 0/250
  stopped velocity row 120 IC 151 x0=0.790448 velocity_parameter=0.97 status=collision: trajectory reached the configured collision radius
svg -> /mnt/c/Users/payne/Code/Hill_4BP/professional_neck_studies/e1_dense_001/survey/level_006_delta_1e_minus_8/closed/shard_0007/preview.svg
metadata -> /mnt/c/Users/payne/Code/Hill_4BP/professional_neck_studies/e1_dense_001/survey/level_006_delta_1e_minus_8/closed/shard_0007/metadata.txt
wrote 38 points (0 ICs skipped, 2299 orbits stopped early, elapsed=99.6682s) -> /mnt/c/Users/payne/Code/Hill_4BP/professional_neck_studies/e1_dense_001/survey/level_006_delta_1e_minus_8/closed/shard_0007/points.csv
outcomes: collision=2299 completed=0 forbidden=0 inner_radius_limit=0 invalid_initial_radius=0 invalid_velocity=0 nontransverse=0 numerical_failure=0 outer_limit=0 timeout=0
maximum sampled |H-h|=8.99303e-16
