zero-velocity boundary -> /mnt/c/Users/payne/Code/Hill_4BP/professional_neck_studies/e1_dense_001/survey/level_003_delta_1e_minus_5/closed/shard_0006/zero_velocity_boundary.csv
lambda1=0.0272549 lambda2=2.97275 A=-0.986373 B=0.486373 c=0.0976566 c1=0 c2=0 c3=-0.0976566 h=-2.39155 (C=4.78309)
E1/E2 neck h=-2.39154 (C=4.78307), E3/E4 neck h=-0.454039 (C=0.908078)
energy_mode=neck_delta neck=E1 hcrit=-2.39154 delta=1e-05 side=closed actual_neck_side=closed delta_h=-1e-05
x_count=600 xdot_count=121 iterates=250 index range=[114,132] velocity_mode=fraction x_range=[0.783756,0.797354] max_return_time=100
smooth coordinates R=sqrt(rho), CAPD crossing mode=Both solver_order=28 max_step=0.005 abs_tol=1e-15 rel_tol=1e-13 collision_radius=1e-06 outer_radius=5
velocity row 0/120 IC 114/599 x0=0.786344 velocity_parameter=-0.97 elapsed=1.42e-07s written=0
  crossing 0/250
  stopped velocity row 0 IC 114 x0=0.786344 velocity_parameter=-0.97 status=collision: trajectory reached the configured collision radius
  stopped velocity row 0 IC 115 x0=0.786366 velocity_parameter=-0.97 status=collision: trajectory reached the configured collision radius
  stopped velocity row 0 IC 116 x0=0.786389 velocity_parameter=-0.97 status=collision: trajectory reached the configured collision radius
  stopped velocity row 0 IC 117 x0=0.786412 velocity_parameter=-0.97 status=collision: trajectory reached the configured collision radius
  stopped velocity row 0 IC 118 x0=0.786434 velocity_parameter=-0.97 status=collision: trajectory reached the configured collision radius
  stopped velocity row 0 IC 119 x0=0.786457 velocity_parameter=-0.97 status=collision: trajectory reached the configured collision radius
  stopped velocity row 0 IC 120 x0=0.78648 velocity_parameter=-0.97 status=collision: trajectory reached the configured collision radius
  stopped velocity row 0 IC 121 x0=0.786502 velocity_parameter=-0.97 status=collision: trajectory reached the configured collision radius
  stopped velocity row 0 IC 122 x0=0.786525 velocity_parameter=-0.97 status=collision: trajectory reached the configured collision radius
  stopped velocity row 0 IC 123 x0=0.786548 velocity_parameter=-0.97 status=collision: trajectory reached the configured collision radius
velocity row 0/120 IC 124/599 x0=0.786571 velocity_parameter=-0.97 elapsed=0.829489s written=0
  crossing 0/250
  stopped velocity row 0 IC 124 x0=0.786571 velocity_parameter=-0.97 status=collision: trajectory reached the configured collision radius
velocity row 0/120 IC 132/599 x0=0.786752 velocity_parameter=-0.97 elapsed=1.47201s written=0
  crossing 0/250
  stopped velocity row 0 IC 132 x0=0.786752 velocity_parameter=-0.97 status=collision: trajectory reached the configured collision radius
velocity row 1/120 IC 114/599 x0=0.786344 velocity_parameter=-0.953833 elapsed=1.54609s written=0
  crossing 0/250
  stopped velocity row 1 IC 114 x0=0.786344 velocity_parameter=-0.953833 status=collision: trajectory reached the configured collision radius
velocity row 1/120 IC 124/599 x0=0.786571 velocity_parameter=-0.953833 elapsed=2.34394s written=0
  crossing 0/250
  stopped velocity row 1 IC 124 x0=0.786571 velocity_parameter=-0.953833 status=collision: trajectory reached the configured collision radius
velocity row 1/120 IC 132/599 x0=0.786752 velocity_parameter=-0.953833 elapsed=2.99067s written=0
  crossing 0/250
  stopped velocity row 1 IC 132 x0=0.786752 velocity_parameter=-0.953833 status=collision: trajectory reached the configured collision radius
velocity row 2/120 IC 114/599 x0=0.786344 velocity_parameter=-0.937667 elapsed=3.06239s written=0
  crossing 0/250
  stopped velocity row 2 IC 114 x0=0.786344 velocity_parameter=-0.937667 status=collision: trajectory reached the configured collision radius
velocity row 2/120 IC 124/599 x0=0.786571 velocity_parameter=-0.937667 elapsed=3.85173s written=0
  crossing 0/250
  stopped velocity row 2 IC 124 x0=0.786571 velocity_parameter=-0.937667 status=collision: trajectory reached the configured collision radius
velocity row 2/120 IC 132/599 x0=0.786752 velocity_parameter=-0.937667 elapsed=4.48443s written=0
  crossing 0/250
  stopped velocity row 2 IC 132 x0=0.786752 velocity_parameter=-0.937667 status=collision: trajectory reached the configured collision radius
velocity row 3/120 IC 114/599 x0=0.786344 velocity_parameter=-0.9215 elapsed=4.56085s written=0
  crossing 0/250
  stopped velocity row 3 IC 114 x0=0.786344 velocity_parameter=-0.9215 status=collision: trajectory reached the configured collision radius
velocity row 3/120 IC 124/599 x0=0.786571 velocity_parameter=-0.9215 elapsed=5.32419s written=0
  crossing 0/250
  stopped velocity row 3 IC 124 x0=0.786571 velocity_parameter=-0.9215 status=collision: trajectory reached the configured collision radius
velocity row 3/120 IC 132/599 x0=0.786752 velocity_parameter=-0.9215 elapsed=5.93096s written=0
  crossing 0/250
  stopped velocity row 3 IC 132 x0=0.786752 velocity_parameter=-0.9215 status=collision: trajectory reached the configured collision radius
velocity row 4/120 IC 114/599 x0=0.786344 velocity_parameter=-0.905333 elapsed=6.00437s written=0
  crossing 0/250
  stopped velocity row 4 IC 114 x0=0.786344 velocity_parameter=-0.905333 status=collision: trajectory reached the configured collision radius
velocity row 4/120 IC 124/599 x0=0.786571 velocity_parameter=-0.905333 elapsed=6.751s written=0
  crossing 0/250
  stopped velocity row 4 IC 124 x0=0.786571 velocity_parameter=-0.905333 status=collision: trajectory reached the configured collision radius
velocity row 4/120 IC 132/599 x0=0.786752 velocity_parameter=-0.905333 elapsed=7.34953s written=0
  crossing 0/250
  stopped velocity row 4 IC 132 x0=0.786752 velocity_parameter=-0.905333 status=collision: trajectory reached the configured collision radius
velocity row 5/120 IC 114/599 x0=0.786344 velocity_parameter=-0.889167 elapsed=7.425s written=0
  crossing 0/250
  stopped velocity row 5 IC 114 x0=0.786344 velocity_parameter=-0.889167 status=collision: trajectory reached the configured collision radius
velocity row 5/120 IC 124/599 x0=0.786571 velocity_parameter=-0.889167 elapsed=8.14963s written=0
  crossing 0/250
  stopped velocity row 5 IC 124 x0=0.786571 velocity_parameter=-0.889167 status=collision: trajectory reached the configured collision radius
velocity row 5/120 IC 132/599 x0=0.786752 velocity_parameter=-0.889167 elapsed=8.75486s written=0
  crossing 0/250
  stopped velocity row 5 IC 132 x0=0.786752 velocity_parameter=-0.889167 status=collision: trajectory reached the configured collision radius
velocity row 6/120 IC 114/599 x0=0.786344 velocity_parameter=-0.873 elapsed=8.8285s written=0
  crossing 0/250
  stopped velocity row 6 IC 114 x0=0.786344 velocity_parameter=-0.873 status=collision: trajectory reached the configured collision radius
velocity row 6/120 IC 124/599 x0=0.786571 velocity_parameter=-0.873 elapsed=9.58245s written=0
  crossing 0/250
  stopped velocity row 6 IC 124 x0=0.786571 velocity_parameter=-0.873 status=collision: trajectory reached the configured collision radius
velocity row 6/120 IC 132/599 x0=0.786752 velocity_parameter=-0.873 elapsed=10.1491s written=0
  crossing 0/250
  stopped velocity row 6 IC 132 x0=0.786752 velocity_parameter=-0.873 status=collision: trajectory reached the configured collision radius
velocity row 7/120 IC 114/599 x0=0.786344 velocity_parameter=-0.856833 elapsed=10.221s written=0
  crossing 0/250
  stopped velocity row 7 IC 114 x0=0.786344 velocity_parameter=-0.856833 status=collision: trajectory reached the configured collision radius
velocity row 7/120 IC 124/599 x0=0.786571 velocity_parameter=-0.856833 elapsed=10.9338s written=0
  crossing 0/250
  stopped velocity row 7 IC 124 x0=0.786571 velocity_parameter=-0.856833 status=collision: trajectory reached the configured collision radius
velocity row 7/120 IC 132/599 x0=0.786752 velocity_parameter=-0.856833 elapsed=11.5043s written=0
  crossing 0/250
  stopped velocity row 7 IC 132 x0=0.786752 velocity_parameter=-0.856833 status=collision: trajectory reached the configured collision radius
velocity row 8/120 IC 114/599 x0=0.786344 velocity_parameter=-0.840667 elapsed=11.5804s written=0
  crossing 0/250
  stopped velocity row 8 IC 114 x0=0.786344 velocity_parameter=-0.840667 status=collision: trajectory reached the configured collision radius
velocity row 8/120 IC 124/599 x0=0.786571 velocity_parameter=-0.840667 elapsed=12.3129s written=0
  crossing 0/250
  stopped velocity row 8 IC 124 x0=0.786571 velocity_parameter=-0.840667 status=collision: trajectory reached the configured collision radius
velocity row 8/120 IC 132/599 x0=0.786752 velocity_parameter=-0.840667 elapsed=12.8944s written=0
  crossing 0/250
  stopped velocity row 8 IC 132 x0=0.786752 velocity_parameter=-0.840667 status=collision: trajectory reached the configured collision radius
velocity row 9/120 IC 114/599 x0=0.786344 velocity_parameter=-0.8245 elapsed=12.9678s written=0
  crossing 0/250
  stopped velocity row 9 IC 114 x0=0.786344 velocity_parameter=-0.8245 status=collision: trajectory reached the configured collision radius
velocity row 9/120 IC 124/599 x0=0.786571 velocity_parameter=-0.8245 elapsed=13.7051s written=0
  crossing 0/250
  stopped velocity row 9 IC 124 x0=0.786571 velocity_parameter=-0.8245 status=collision: trajectory reached the configured collision radius
velocity row 9/120 IC 132/599 x0=0.786752 velocity_parameter=-0.8245 elapsed=14.2708s written=0
  crossing 0/250
  stopped velocity row 9 IC 132 x0=0.786752 velocity_parameter=-0.8245 status=collision: trajectory reached the configured collision radius
velocity row 10/120 IC 114/599 x0=0.786344 velocity_parameter=-0.808333 elapsed=14.3464s written=0
  crossing 0/250
  stopped velocity row 10 IC 114 x0=0.786344 velocity_parameter=-0.808333 status=collision: trajectory reached the configured collision radius
velocity row 10/120 IC 124/599 x0=0.786571 velocity_parameter=-0.808333 elapsed=15.0565s written=0
  crossing 0/250
  stopped velocity row 10 IC 124 x0=0.786571 velocity_parameter=-0.808333 status=collision: trajectory reached the configured collision radius
velocity row 10/120 IC 132/599 x0=0.786752 velocity_parameter=-0.808333 elapsed=15.5644s written=0
  crossing 0/250
  stopped velocity row 10 IC 132 x0=0.786752 velocity_parameter=-0.808333 status=collision: trajectory reached the configured collision radius
velocity row 11/120 IC 114/599 x0=0.786344 velocity_parameter=-0.792167 elapsed=15.6314s written=0
  crossing 0/250
  stopped velocity row 11 IC 114 x0=0.786344 velocity_parameter=-0.792167 status=collision: trajectory reached the configured collision radius
velocity row 11/120 IC 124/599 x0=0.786571 velocity_parameter=-0.792167 elapsed=16.251s written=0
  crossing 0/250
  stopped velocity row 11 IC 124 x0=0.786571 velocity_parameter=-0.792167 status=collision: trajectory reached the configured collision radius
velocity row 11/120 IC 132/599 x0=0.786752 velocity_parameter=-0.792167 elapsed=16.6693s written=0
  crossing 0/250
  stopped velocity row 11 IC 132 x0=0.786752 velocity_parameter=-0.792167 status=collision: trajectory reached the configured collision radius
velocity row 12/120 IC 114/599 x0=0.786344 velocity_parameter=-0.776 elapsed=16.7304s written=0
  crossing 0/250
  stopped velocity row 12 IC 114 x0=0.786344 velocity_parameter=-0.776 status=collision: trajectory reached the configured collision radius
velocity row 12/120 IC 124/599 x0=0.786571 velocity_parameter=-0.776 elapsed=17.2173s written=0
  crossing 0/250
  stopped velocity row 12 IC 124 x0=0.786571 velocity_parameter=-0.776 status=collision: trajectory reached the configured collision radius
velocity row 12/120 IC 132/599 x0=0.786752 velocity_parameter=-0.776 elapsed=17.5943s written=0
  crossing 0/250
  stopped velocity row 12 IC 132 x0=0.786752 velocity_parameter=-0.776 status=collision: trajectory reached the configured collision radius
velocity row 13/120 IC 114/599 x0=0.786344 velocity_parameter=-0.759833 elapsed=17.6318s written=0
  crossing 0/250
  stopped velocity row 13 IC 114 x0=0.786344 velocity_parameter=-0.759833 status=collision: trajectory reached the configured collision radius
velocity row 13/120 IC 124/599 x0=0.786571 velocity_parameter=-0.759833 elapsed=18.0902s written=0
  crossing 0/250
  stopped velocity row 13 IC 124 x0=0.786571 velocity_parameter=-0.759833 status=collision: trajectory reached the configured collision radius
velocity row 13/120 IC 132/599 x0=0.786752 velocity_parameter=-0.759833 elapsed=18.4321s written=0
  crossing 0/250
  stopped velocity row 13 IC 132 x0=0.786752 velocity_parameter=-0.759833 status=collision: trajectory reached the configured collision radius
velocity row 14/120 IC 114/599 x0=0.786344 velocity_parameter=-0.743667 elapsed=18.4662s written=0
  crossing 0/250
  stopped velocity row 14 IC 114 x0=0.786344 velocity_parameter=-0.743667 status=collision: trajectory reached the configured collision radius
velocity row 14/120 IC 124/599 x0=0.786571 velocity_parameter=-0.743667 elapsed=18.8529s written=0
  crossing 0/250
  stopped velocity row 14 IC 124 x0=0.786571 velocity_parameter=-0.743667 status=collision: trajectory reached the configured collision radius
velocity row 14/120 IC 132/599 x0=0.786752 velocity_parameter=-0.743667 elapsed=19.1542s written=0
  crossing 0/250
  stopped velocity row 14 IC 132 x0=0.786752 velocity_parameter=-0.743667 status=collision: trajectory reached the configured collision radius
velocity row 15/120 IC 114/599 x0=0.786344 velocity_parameter=-0.7275 elapsed=19.1872s written=0
  crossing 0/250
  stopped velocity row 15 IC 114 x0=0.786344 velocity_parameter=-0.7275 status=collision: trajectory reached the configured collision radius
velocity row 15/120 IC 124/599 x0=0.786571 velocity_parameter=-0.7275 elapsed=19.5503s written=0
  crossing 0/250
  stopped velocity row 15 IC 124 x0=0.786571 velocity_parameter=-0.7275 status=collision: trajectory reached the configured collision radius
velocity row 15/120 IC 132/599 x0=0.786752 velocity_parameter=-0.7275 elapsed=19.8259s written=0
  crossing 0/250
  stopped velocity row 15 IC 132 x0=0.786752 velocity_parameter=-0.7275 status=collision: trajectory reached the configured collision radius
velocity row 16/120 IC 114/599 x0=0.786344 velocity_parameter=-0.711333 elapsed=19.8597s written=0
  crossing 0/250
  stopped velocity row 16 IC 114 x0=0.786344 velocity_parameter=-0.711333 status=collision: trajectory reached the configured collision radius
velocity row 16/120 IC 124/599 x0=0.786571 velocity_parameter=-0.711333 elapsed=20.2251s written=0
  crossing 0/250
  stopped velocity row 16 IC 124 x0=0.786571 velocity_parameter=-0.711333 status=collision: trajectory reached the configured collision radius
velocity row 16/120 IC 132/599 x0=0.786752 velocity_parameter=-0.711333 elapsed=20.505s written=0
  crossing 0/250
  stopped velocity row 16 IC 132 x0=0.786752 velocity_parameter=-0.711333 status=collision: trajectory reached the configured collision radius
velocity row 17/120 IC 114/599 x0=0.786344 velocity_parameter=-0.695167 elapsed=20.5379s written=0
  crossing 0/250
  stopped velocity row 17 IC 114 x0=0.786344 velocity_parameter=-0.695167 status=collision: trajectory reached the configured collision radius
velocity row 17/120 IC 124/599 x0=0.786571 velocity_parameter=-0.695167 elapsed=20.8817s written=0
  crossing 0/250
  stopped velocity row 17 IC 124 x0=0.786571 velocity_parameter=-0.695167 status=collision: trajectory reached the configured collision radius
velocity row 17/120 IC 132/599 x0=0.786752 velocity_parameter=-0.695167 elapsed=21.1899s written=0
  crossing 0/250
  stopped velocity row 17 IC 132 x0=0.786752 velocity_parameter=-0.695167 status=collision: trajectory reached the configured collision radius
velocity row 18/120 IC 114/599 x0=0.786344 velocity_parameter=-0.679 elapsed=21.2369s written=0
  crossing 0/250
  stopped velocity row 18 IC 114 x0=0.786344 velocity_parameter=-0.679 status=collision: trajectory reached the configured collision radius
velocity row 18/120 IC 124/599 x0=0.786571 velocity_parameter=-0.679 elapsed=21.5837s written=0
  crossing 0/250
  stopped velocity row 18 IC 124 x0=0.786571 velocity_parameter=-0.679 status=collision: trajectory reached the configured collision radius
velocity row 18/120 IC 132/599 x0=0.786752 velocity_parameter=-0.679 elapsed=21.8525s written=0
  crossing 0/250
  stopped velocity row 18 IC 132 x0=0.786752 velocity_parameter=-0.679 status=collision: trajectory reached the configured collision radius
velocity row 19/120 IC 114/599 x0=0.786344 velocity_parameter=-0.662833 elapsed=21.8859s written=0
  crossing 0/250
  stopped velocity row 19 IC 114 x0=0.786344 velocity_parameter=-0.662833 status=collision: trajectory reached the configured collision radius
velocity row 19/120 IC 124/599 x0=0.786571 velocity_parameter=-0.662833 elapsed=22.234s written=0
  crossing 0/250
  stopped velocity row 19 IC 124 x0=0.786571 velocity_parameter=-0.662833 status=collision: trajectory reached the configured collision radius
velocity row 19/120 IC 132/599 x0=0.786752 velocity_parameter=-0.662833 elapsed=22.5003s written=0
  crossing 0/250
  stopped velocity row 19 IC 132 x0=0.786752 velocity_parameter=-0.662833 status=collision: trajectory reached the configured collision radius
velocity row 20/120 IC 114/599 x0=0.786344 velocity_parameter=-0.646667 elapsed=22.5417s written=0
  crossing 0/250
  stopped velocity row 20 IC 114 x0=0.786344 velocity_parameter=-0.646667 status=collision: trajectory reached the configured collision radius
velocity row 20/120 IC 124/599 x0=0.786571 velocity_parameter=-0.646667 elapsed=22.8935s written=0
  crossing 0/250
  stopped velocity row 20 IC 124 x0=0.786571 velocity_parameter=-0.646667 status=collision: trajectory reached the configured collision radius
velocity row 20/120 IC 132/599 x0=0.786752 velocity_parameter=-0.646667 elapsed=23.2086s written=0
  crossing 0/250
  stopped velocity row 20 IC 132 x0=0.786752 velocity_parameter=-0.646667 status=collision: trajectory reached the configured collision radius
velocity row 21/120 IC 114/599 x0=0.786344 velocity_parameter=-0.6305 elapsed=23.2426s written=0
  crossing 0/250
  stopped velocity row 21 IC 114 x0=0.786344 velocity_parameter=-0.6305 status=collision: trajectory reached the configured collision radius
velocity row 21/120 IC 124/599 x0=0.786571 velocity_parameter=-0.6305 elapsed=23.6156s written=0
  crossing 0/250
  stopped velocity row 21 IC 124 x0=0.786571 velocity_parameter=-0.6305 status=collision: trajectory reached the configured collision radius
velocity row 21/120 IC 132/599 x0=0.786752 velocity_parameter=-0.6305 elapsed=23.8861s written=0
  crossing 0/250
  stopped velocity row 21 IC 132 x0=0.786752 velocity_parameter=-0.6305 status=collision: trajectory reached the configured collision radius
velocity row 22/120 IC 114/599 x0=0.786344 velocity_parameter=-0.614333 elapsed=23.9289s written=0
  crossing 0/250
  stopped velocity row 22 IC 114 x0=0.786344 velocity_parameter=-0.614333 status=collision: trajectory reached the configured collision radius
velocity row 22/120 IC 124/599 x0=0.786571 velocity_parameter=-0.614333 elapsed=24.2618s written=0
  crossing 0/250
  stopped velocity row 22 IC 124 x0=0.786571 velocity_parameter=-0.614333 status=collision: trajectory reached the configured collision radius
velocity row 22/120 IC 132/599 x0=0.786752 velocity_parameter=-0.614333 elapsed=24.5527s written=0
  crossing 0/250
  stopped velocity row 22 IC 132 x0=0.786752 velocity_parameter=-0.614333 status=collision: trajectory reached the configured collision radius
velocity row 23/120 IC 114/599 x0=0.786344 velocity_parameter=-0.598167 elapsed=24.5857s written=0
  crossing 0/250
  stopped velocity row 23 IC 114 x0=0.786344 velocity_parameter=-0.598167 status=collision: trajectory reached the configured collision radius
velocity row 23/120 IC 124/599 x0=0.786571 velocity_parameter=-0.598167 elapsed=24.9264s written=0
  crossing 0/250
  stopped velocity row 23 IC 124 x0=0.786571 velocity_parameter=-0.598167 status=collision: trajectory reached the configured collision radius
velocity row 23/120 IC 132/599 x0=0.786752 velocity_parameter=-0.598167 elapsed=25.1951s written=0
  crossing 0/250
  stopped velocity row 23 IC 132 x0=0.786752 velocity_parameter=-0.598167 status=collision: trajectory reached the configured collision radius
velocity row 24/120 IC 114/599 x0=0.786344 velocity_parameter=-0.582 elapsed=25.2285s written=0
  crossing 0/250
  stopped velocity row 24 IC 114 x0=0.786344 velocity_parameter=-0.582 status=collision: trajectory reached the configured collision radius
velocity row 24/120 IC 124/599 x0=0.786571 velocity_parameter=-0.582 elapsed=25.6017s written=0
  crossing 0/250
  stopped velocity row 24 IC 124 x0=0.786571 velocity_parameter=-0.582 status=collision: trajectory reached the configured collision radius
velocity row 24/120 IC 132/599 x0=0.786752 velocity_parameter=-0.582 elapsed=25.9058s written=0
  crossing 0/250
  stopped velocity row 24 IC 132 x0=0.786752 velocity_parameter=-0.582 status=collision: trajectory reached the configured collision radius
velocity row 25/120 IC 114/599 x0=0.786344 velocity_parameter=-0.565833 elapsed=25.9392s written=0
  crossing 0/250
  stopped velocity row 25 IC 114 x0=0.786344 velocity_parameter=-0.565833 status=collision: trajectory reached the configured collision radius
velocity row 25/120 IC 124/599 x0=0.786571 velocity_parameter=-0.565833 elapsed=26.2915s written=0
  crossing 0/250
  stopped velocity row 25 IC 124 x0=0.786571 velocity_parameter=-0.565833 status=collision: trajectory reached the configured collision radius
velocity row 25/120 IC 132/599 x0=0.786752 velocity_parameter=-0.565833 elapsed=26.563s written=0
  crossing 0/250
  stopped velocity row 25 IC 132 x0=0.786752 velocity_parameter=-0.565833 status=collision: trajectory reached the configured collision radius
velocity row 26/120 IC 114/599 x0=0.786344 velocity_parameter=-0.549667 elapsed=26.5971s written=0
  crossing 0/250
  stopped velocity row 26 IC 114 x0=0.786344 velocity_parameter=-0.549667 status=collision: trajectory reached the configured collision radius
velocity row 26/120 IC 124/599 x0=0.786571 velocity_parameter=-0.549667 elapsed=26.9359s written=0
  crossing 0/250
  stopped velocity row 26 IC 124 x0=0.786571 velocity_parameter=-0.549667 status=collision: trajectory reached the configured collision radius
velocity row 26/120 IC 132/599 x0=0.786752 velocity_parameter=-0.549667 elapsed=27.2232s written=0
  crossing 0/250
  stopped velocity row 26 IC 132 x0=0.786752 velocity_parameter=-0.549667 status=collision: trajectory reached the configured collision radius
velocity row 27/120 IC 114/599 x0=0.786344 velocity_parameter=-0.5335 elapsed=27.2564s written=0
  crossing 0/250
  stopped velocity row 27 IC 114 x0=0.786344 velocity_parameter=-0.5335 status=collision: trajectory reached the configured collision radius
velocity row 27/120 IC 124/599 x0=0.786571 velocity_parameter=-0.5335 elapsed=27.5934s written=0
  crossing 0/250
  stopped velocity row 27 IC 124 x0=0.786571 velocity_parameter=-0.5335 status=collision: trajectory reached the configured collision radius
velocity row 27/120 IC 132/599 x0=0.786752 velocity_parameter=-0.5335 elapsed=27.8867s written=0
  crossing 0/250
  stopped velocity row 27 IC 132 x0=0.786752 velocity_parameter=-0.5335 status=collision: trajectory reached the configured collision radius
velocity row 28/120 IC 114/599 x0=0.786344 velocity_parameter=-0.517333 elapsed=27.9209s written=0
  crossing 0/250
  stopped velocity row 28 IC 114 x0=0.786344 velocity_parameter=-0.517333 status=collision: trajectory reached the configured collision radius
velocity row 28/120 IC 124/599 x0=0.786571 velocity_parameter=-0.517333 elapsed=28.2985s written=0
  crossing 0/250
  stopped velocity row 28 IC 124 x0=0.786571 velocity_parameter=-0.517333 status=collision: trajectory reached the configured collision radius
velocity row 28/120 IC 132/599 x0=0.786752 velocity_parameter=-0.517333 elapsed=28.5715s written=0
  crossing 0/250
  stopped velocity row 28 IC 132 x0=0.786752 velocity_parameter=-0.517333 status=collision: trajectory reached the configured collision radius
velocity row 29/120 IC 114/599 x0=0.786344 velocity_parameter=-0.501167 elapsed=28.6041s written=0
  crossing 0/250
  stopped velocity row 29 IC 114 x0=0.786344 velocity_parameter=-0.501167 status=collision: trajectory reached the configured collision radius
velocity row 29/120 IC 124/599 x0=0.786571 velocity_parameter=-0.501167 elapsed=28.9747s written=0
  crossing 0/250
  stopped velocity row 29 IC 124 x0=0.786571 velocity_parameter=-0.501167 status=collision: trajectory reached the configured collision radius
velocity row 29/120 IC 132/599 x0=0.786752 velocity_parameter=-0.501167 elapsed=29.2439s written=0
  crossing 0/250
  stopped velocity row 29 IC 132 x0=0.786752 velocity_parameter=-0.501167 status=collision: trajectory reached the configured collision radius
velocity row 30/120 IC 114/599 x0=0.786344 velocity_parameter=-0.485 elapsed=29.2781s written=0
  crossing 0/250
  stopped velocity row 30 IC 114 x0=0.786344 velocity_parameter=-0.485 status=collision: trajectory reached the configured collision radius
velocity row 30/120 IC 124/599 x0=0.786571 velocity_parameter=-0.485 elapsed=29.6158s written=0
  crossing 0/250
  stopped velocity row 30 IC 124 x0=0.786571 velocity_parameter=-0.485 status=collision: trajectory reached the configured collision radius
velocity row 30/120 IC 132/599 x0=0.786752 velocity_parameter=-0.485 elapsed=29.8926s written=0
  crossing 0/250
  stopped velocity row 30 IC 132 x0=0.786752 velocity_parameter=-0.485 status=collision: trajectory reached the configured collision radius
velocity row 31/120 IC 114/599 x0=0.786344 velocity_parameter=-0.468833 elapsed=29.9277s written=0
  crossing 0/250
  stopped velocity row 31 IC 114 x0=0.786344 velocity_parameter=-0.468833 status=collision: trajectory reached the configured collision radius
velocity row 31/120 IC 124/599 x0=0.786571 velocity_parameter=-0.468833 elapsed=30.263s written=0
  crossing 0/250
  stopped velocity row 31 IC 124 x0=0.786571 velocity_parameter=-0.468833 status=collision: trajectory reached the configured collision radius
velocity row 31/120 IC 132/599 x0=0.786752 velocity_parameter=-0.468833 elapsed=30.5651s written=0
  crossing 0/250
  stopped velocity row 31 IC 132 x0=0.786752 velocity_parameter=-0.468833 status=collision: trajectory reached the configured collision radius
velocity row 32/120 IC 114/599 x0=0.786344 velocity_parameter=-0.452667 elapsed=30.5994s written=0
  crossing 0/250
  stopped velocity row 32 IC 114 x0=0.786344 velocity_parameter=-0.452667 status=collision: trajectory reached the configured collision radius
velocity row 32/120 IC 124/599 x0=0.786571 velocity_parameter=-0.452667 elapsed=30.9695s written=0
  crossing 0/250
  stopped velocity row 32 IC 124 x0=0.786571 velocity_parameter=-0.452667 status=collision: trajectory reached the configured collision radius
velocity row 32/120 IC 132/599 x0=0.786752 velocity_parameter=-0.452667 elapsed=31.2714s written=0
  crossing 0/250
  stopped velocity row 32 IC 132 x0=0.786752 velocity_parameter=-0.452667 status=collision: trajectory reached the configured collision radius
velocity row 33/120 IC 114/599 x0=0.786344 velocity_parameter=-0.4365 elapsed=31.3073s written=0
  crossing 0/250
  stopped velocity row 33 IC 114 x0=0.786344 velocity_parameter=-0.4365 status=collision: trajectory reached the configured collision radius
velocity row 33/120 IC 124/599 x0=0.786571 velocity_parameter=-0.4365 elapsed=31.6933s written=0
  crossing 0/250
  stopped velocity row 33 IC 124 x0=0.786571 velocity_parameter=-0.4365 status=collision: trajectory reached the configured collision radius
velocity row 33/120 IC 132/599 x0=0.786752 velocity_parameter=-0.4365 elapsed=32.002s written=0
  crossing 0/250
  stopped velocity row 33 IC 132 x0=0.786752 velocity_parameter=-0.4365 status=collision: trajectory reached the configured collision radius
velocity row 34/120 IC 114/599 x0=0.786344 velocity_parameter=-0.420333 elapsed=32.0365s written=0
  crossing 0/250
  stopped velocity row 34 IC 114 x0=0.786344 velocity_parameter=-0.420333 status=collision: trajectory reached the configured collision radius
velocity row 34/120 IC 124/599 x0=0.786571 velocity_parameter=-0.420333 elapsed=32.3852s written=0
  crossing 0/250
  stopped velocity row 34 IC 124 x0=0.786571 velocity_parameter=-0.420333 status=collision: trajectory reached the configured collision radius
velocity row 34/120 IC 132/599 x0=0.786752 velocity_parameter=-0.420333 elapsed=32.6537s written=0
  crossing 0/250
  stopped velocity row 34 IC 132 x0=0.786752 velocity_parameter=-0.420333 status=collision: trajectory reached the configured collision radius
velocity row 35/120 IC 114/599 x0=0.786344 velocity_parameter=-0.404167 elapsed=32.6866s written=0
  crossing 0/250
  stopped velocity row 35 IC 114 x0=0.786344 velocity_parameter=-0.404167 status=collision: trajectory reached the configured collision radius
velocity row 35/120 IC 124/599 x0=0.786571 velocity_parameter=-0.404167 elapsed=33.0268s written=0
  crossing 0/250
  stopped velocity row 35 IC 124 x0=0.786571 velocity_parameter=-0.404167 status=collision: trajectory reached the configured collision radius
velocity row 35/120 IC 132/599 x0=0.786752 velocity_parameter=-0.404167 elapsed=33.3104s written=0
  crossing 0/250
  stopped velocity row 35 IC 132 x0=0.786752 velocity_parameter=-0.404167 status=collision: trajectory reached the configured collision radius
velocity row 36/120 IC 114/599 x0=0.786344 velocity_parameter=-0.388 elapsed=33.3444s written=0
  crossing 0/250
  stopped velocity row 36 IC 114 x0=0.786344 velocity_parameter=-0.388 status=collision: trajectory reached the configured collision radius
velocity row 36/120 IC 124/599 x0=0.786571 velocity_parameter=-0.388 elapsed=33.6778s written=0
  crossing 0/250
  stopped velocity row 36 IC 124 x0=0.786571 velocity_parameter=-0.388 status=collision: trajectory reached the configured collision radius
velocity row 36/120 IC 132/599 x0=0.786752 velocity_parameter=-0.388 elapsed=33.9443s written=0
  crossing 0/250
  stopped velocity row 36 IC 132 x0=0.786752 velocity_parameter=-0.388 status=collision: trajectory reached the configured collision radius
velocity row 37/120 IC 114/599 x0=0.786344 velocity_parameter=-0.371833 elapsed=34.0106s written=0
  crossing 0/250
  stopped velocity row 37 IC 114 x0=0.786344 velocity_parameter=-0.371833 status=collision: trajectory reached the configured collision radius
velocity row 37/120 IC 124/599 x0=0.786571 velocity_parameter=-0.371833 elapsed=34.3519s written=0
  crossing 0/250
  stopped velocity row 37 IC 124 x0=0.786571 velocity_parameter=-0.371833 status=collision: trajectory reached the configured collision radius
velocity row 37/120 IC 132/599 x0=0.786752 velocity_parameter=-0.371833 elapsed=34.6298s written=0
  crossing 0/250
  stopped velocity row 37 IC 132 x0=0.786752 velocity_parameter=-0.371833 status=collision: trajectory reached the configured collision radius
velocity row 38/120 IC 114/599 x0=0.786344 velocity_parameter=-0.355667 elapsed=34.6647s written=0
  crossing 0/250
  stopped velocity row 38 IC 114 x0=0.786344 velocity_parameter=-0.355667 status=collision: trajectory reached the configured collision radius
velocity row 38/120 IC 124/599 x0=0.786571 velocity_parameter=-0.355667 elapsed=35.0018s written=0
  crossing 0/250
  stopped velocity row 38 IC 124 x0=0.786571 velocity_parameter=-0.355667 status=collision: trajectory reached the configured collision radius
velocity row 38/120 IC 132/599 x0=0.786752 velocity_parameter=-0.355667 elapsed=35.3135s written=0
  crossing 0/250
  stopped velocity row 38 IC 132 x0=0.786752 velocity_parameter=-0.355667 status=collision: trajectory reached the configured collision radius
velocity row 39/120 IC 114/599 x0=0.786344 velocity_parameter=-0.3395 elapsed=35.3467s written=0
  crossing 0/250
  stopped velocity row 39 IC 114 x0=0.786344 velocity_parameter=-0.3395 status=collision: trajectory reached the configured collision radius
velocity row 39/120 IC 124/599 x0=0.786571 velocity_parameter=-0.3395 elapsed=35.7098s written=0
  crossing 0/250
  stopped velocity row 39 IC 124 x0=0.786571 velocity_parameter=-0.3395 status=collision: trajectory reached the configured collision radius
velocity row 39/120 IC 132/599 x0=0.786752 velocity_parameter=-0.3395 elapsed=35.9809s written=0
  crossing 0/250
  stopped velocity row 39 IC 132 x0=0.786752 velocity_parameter=-0.3395 status=collision: trajectory reached the configured collision radius
velocity row 40/120 IC 114/599 x0=0.786344 velocity_parameter=-0.323333 elapsed=36.0146s written=0
  crossing 0/250
  stopped velocity row 40 IC 114 x0=0.786344 velocity_parameter=-0.323333 status=collision: trajectory reached the configured collision radius
velocity row 40/120 IC 124/599 x0=0.786571 velocity_parameter=-0.323333 elapsed=36.3483s written=0
  crossing 0/250
  stopped velocity row 40 IC 124 x0=0.786571 velocity_parameter=-0.323333 status=collision: trajectory reached the configured collision radius
velocity row 40/120 IC 132/599 x0=0.786752 velocity_parameter=-0.323333 elapsed=36.6163s written=0
  crossing 0/250
  stopped velocity row 40 IC 132 x0=0.786752 velocity_parameter=-0.323333 status=collision: trajectory reached the configured collision radius
velocity row 41/120 IC 114/599 x0=0.786344 velocity_parameter=-0.307167 elapsed=36.6507s written=0
  crossing 0/250
  stopped velocity row 41 IC 114 x0=0.786344 velocity_parameter=-0.307167 status=collision: trajectory reached the configured collision radius
velocity row 41/120 IC 124/599 x0=0.786571 velocity_parameter=-0.307167 elapsed=36.9976s written=0
  crossing 0/250
  stopped velocity row 41 IC 124 x0=0.786571 velocity_parameter=-0.307167 status=collision: trajectory reached the configured collision radius
velocity row 41/120 IC 132/599 x0=0.786752 velocity_parameter=-0.307167 elapsed=37.29s written=0
  crossing 0/250
  stopped velocity row 41 IC 132 x0=0.786752 velocity_parameter=-0.307167 status=collision: trajectory reached the configured collision radius
velocity row 42/120 IC 114/599 x0=0.786344 velocity_parameter=-0.291 elapsed=37.3306s written=0
  crossing 0/250
  stopped velocity row 42 IC 114 x0=0.786344 velocity_parameter=-0.291 status=collision: trajectory reached the configured collision radius
velocity row 42/120 IC 124/599 x0=0.786571 velocity_parameter=-0.291 elapsed=37.6856s written=0
  crossing 0/250
  stopped velocity row 42 IC 124 x0=0.786571 velocity_parameter=-0.291 status=collision: trajectory reached the configured collision radius
velocity row 42/120 IC 132/599 x0=0.786752 velocity_parameter=-0.291 elapsed=37.9701s written=0
  crossing 0/250
  stopped velocity row 42 IC 132 x0=0.786752 velocity_parameter=-0.291 status=collision: trajectory reached the configured collision radius
velocity row 43/120 IC 114/599 x0=0.786344 velocity_parameter=-0.274833 elapsed=38.0037s written=0
  crossing 0/250
  stopped velocity row 43 IC 114 x0=0.786344 velocity_parameter=-0.274833 status=collision: trajectory reached the configured collision radius
velocity row 43/120 IC 124/599 x0=0.786571 velocity_parameter=-0.274833 elapsed=38.3992s written=0
  crossing 0/250
  stopped velocity row 43 IC 124 x0=0.786571 velocity_parameter=-0.274833 status=collision: trajectory reached the configured collision radius
velocity row 43/120 IC 132/599 x0=0.786752 velocity_parameter=-0.274833 elapsed=38.6836s written=0
  crossing 0/250
  stopped velocity row 43 IC 132 x0=0.786752 velocity_parameter=-0.274833 status=collision: trajectory reached the configured collision radius
velocity row 44/120 IC 114/599 x0=0.786344 velocity_parameter=-0.258667 elapsed=38.7184s written=0
  crossing 0/250
  stopped velocity row 44 IC 114 x0=0.786344 velocity_parameter=-0.258667 status=collision: trajectory reached the configured collision radius
velocity row 44/120 IC 124/599 x0=0.786571 velocity_parameter=-0.258667 elapsed=39.1198s written=0
  crossing 0/250
  stopped velocity row 44 IC 124 x0=0.786571 velocity_parameter=-0.258667 status=collision: trajectory reached the configured collision radius
velocity row 44/120 IC 132/599 x0=0.786752 velocity_parameter=-0.258667 elapsed=39.4226s written=0
  crossing 0/250
  stopped velocity row 44 IC 132 x0=0.786752 velocity_parameter=-0.258667 status=collision: trajectory reached the configured collision radius
velocity row 45/120 IC 114/599 x0=0.786344 velocity_parameter=-0.2425 elapsed=39.456s written=0
  crossing 0/250
  stopped velocity row 45 IC 114 x0=0.786344 velocity_parameter=-0.2425 status=collision: trajectory reached the configured collision radius
velocity row 45/120 IC 124/599 x0=0.786571 velocity_parameter=-0.2425 elapsed=39.8159s written=0
  crossing 0/250
  stopped velocity row 45 IC 124 x0=0.786571 velocity_parameter=-0.2425 status=collision: trajectory reached the configured collision radius
velocity row 45/120 IC 132/599 x0=0.786752 velocity_parameter=-0.2425 elapsed=40.1267s written=0
  crossing 0/250
  stopped velocity row 45 IC 132 x0=0.786752 velocity_parameter=-0.2425 status=collision: trajectory reached the configured collision radius
velocity row 46/120 IC 114/599 x0=0.786344 velocity_parameter=-0.226333 elapsed=40.1766s written=0
  crossing 0/250
  stopped velocity row 46 IC 114 x0=0.786344 velocity_parameter=-0.226333 status=collision: trajectory reached the configured collision radius
velocity row 46/120 IC 124/599 x0=0.786571 velocity_parameter=-0.226333 elapsed=40.5376s written=0
  crossing 0/250
  stopped velocity row 46 IC 124 x0=0.786571 velocity_parameter=-0.226333 status=collision: trajectory reached the configured collision radius
velocity row 46/120 IC 132/599 x0=0.786752 velocity_parameter=-0.226333 elapsed=40.8279s written=0
  crossing 0/250
  stopped velocity row 46 IC 132 x0=0.786752 velocity_parameter=-0.226333 status=collision: trajectory reached the configured collision radius
velocity row 47/120 IC 114/599 x0=0.786344 velocity_parameter=-0.210167 elapsed=40.8622s written=0
  crossing 0/250
  stopped velocity row 47 IC 114 x0=0.786344 velocity_parameter=-0.210167 status=collision: trajectory reached the configured collision radius
velocity row 47/120 IC 124/599 x0=0.786571 velocity_parameter=-0.210167 elapsed=41.2647s written=0
  crossing 0/250
  stopped velocity row 47 IC 124 x0=0.786571 velocity_parameter=-0.210167 status=collision: trajectory reached the configured collision radius
velocity row 47/120 IC 132/599 x0=0.786752 velocity_parameter=-0.210167 elapsed=41.5747s written=0
  crossing 0/250
  stopped velocity row 47 IC 132 x0=0.786752 velocity_parameter=-0.210167 status=collision: trajectory reached the configured collision radius
velocity row 48/120 IC 114/599 x0=0.786344 velocity_parameter=-0.194 elapsed=41.6381s written=0
  crossing 0/250
  stopped velocity row 48 IC 114 x0=0.786344 velocity_parameter=-0.194 status=collision: trajectory reached the configured collision radius
velocity row 48/120 IC 124/599 x0=0.786571 velocity_parameter=-0.194 elapsed=41.9852s written=0
  crossing 0/250
  stopped velocity row 48 IC 124 x0=0.786571 velocity_parameter=-0.194 status=collision: trajectory reached the configured collision radius
velocity row 48/120 IC 132/599 x0=0.786752 velocity_parameter=-0.194 elapsed=42.3067s written=0
  crossing 0/250
  stopped velocity row 48 IC 132 x0=0.786752 velocity_parameter=-0.194 status=collision: trajectory reached the configured collision radius
velocity row 49/120 IC 114/599 x0=0.786344 velocity_parameter=-0.177833 elapsed=42.3562s written=0
  crossing 0/250
  stopped velocity row 49 IC 114 x0=0.786344 velocity_parameter=-0.177833 status=collision: trajectory reached the configured collision radius
velocity row 49/120 IC 124/599 x0=0.786571 velocity_parameter=-0.177833 elapsed=42.764s written=0
  crossing 0/250
  stopped velocity row 49 IC 124 x0=0.786571 velocity_parameter=-0.177833 status=collision: trajectory reached the configured collision radius
velocity row 49/120 IC 132/599 x0=0.786752 velocity_parameter=-0.177833 elapsed=43.0699s written=0
  crossing 0/250
  stopped velocity row 49 IC 132 x0=0.786752 velocity_parameter=-0.177833 status=collision: trajectory reached the configured collision radius
velocity row 50/120 IC 114/599 x0=0.786344 velocity_parameter=-0.161667 elapsed=43.1081s written=0
  crossing 0/250
  stopped velocity row 50 IC 114 x0=0.786344 velocity_parameter=-0.161667 status=collision: trajectory reached the configured collision radius
velocity row 50/120 IC 124/599 x0=0.786571 velocity_parameter=-0.161667 elapsed=43.4554s written=0
  crossing 0/250
  stopped velocity row 50 IC 124 x0=0.786571 velocity_parameter=-0.161667 status=collision: trajectory reached the configured collision radius
velocity row 50/120 IC 132/599 x0=0.786752 velocity_parameter=-0.161667 elapsed=43.7308s written=0
  crossing 0/250
  stopped velocity row 50 IC 132 x0=0.786752 velocity_parameter=-0.161667 status=collision: trajectory reached the configured collision radius
velocity row 51/120 IC 114/599 x0=0.786344 velocity_parameter=-0.1455 elapsed=43.7648s written=0
  crossing 0/250
  stopped velocity row 51 IC 114 x0=0.786344 velocity_parameter=-0.1455 status=collision: trajectory reached the configured collision radius
velocity row 51/120 IC 124/599 x0=0.786571 velocity_parameter=-0.1455 elapsed=44.1046s written=0
  crossing 0/250
  stopped velocity row 51 IC 124 x0=0.786571 velocity_parameter=-0.1455 status=collision: trajectory reached the configured collision radius
velocity row 51/120 IC 132/599 x0=0.786752 velocity_parameter=-0.1455 elapsed=44.4196s written=0
  crossing 0/250
  stopped velocity row 51 IC 132 x0=0.786752 velocity_parameter=-0.1455 status=collision: trajectory reached the configured collision radius
velocity row 52/120 IC 114/599 x0=0.786344 velocity_parameter=-0.129333 elapsed=44.4532s written=0
  crossing 0/250
  stopped velocity row 52 IC 114 x0=0.786344 velocity_parameter=-0.129333 status=collision: trajectory reached the configured collision radius
velocity row 52/120 IC 124/599 x0=0.786571 velocity_parameter=-0.129333 elapsed=44.8186s written=0
  crossing 0/250
  stopped velocity row 52 IC 124 x0=0.786571 velocity_parameter=-0.129333 status=collision: trajectory reached the configured collision radius
velocity row 52/120 IC 132/599 x0=0.786752 velocity_parameter=-0.129333 elapsed=45.1147s written=0
  crossing 0/250
  stopped velocity row 52 IC 132 x0=0.786752 velocity_parameter=-0.129333 status=collision: trajectory reached the configured collision radius
velocity row 53/120 IC 114/599 x0=0.786344 velocity_parameter=-0.113167 elapsed=45.1487s written=0
  crossing 0/250
  stopped velocity row 53 IC 114 x0=0.786344 velocity_parameter=-0.113167 status=collision: trajectory reached the configured collision radius
velocity row 53/120 IC 124/599 x0=0.786571 velocity_parameter=-0.113167 elapsed=45.5363s written=0
  crossing 0/250
  stopped velocity row 53 IC 124 x0=0.786571 velocity_parameter=-0.113167 status=collision: trajectory reached the configured collision radius
velocity row 53/120 IC 132/599 x0=0.786752 velocity_parameter=-0.113167 elapsed=45.841s written=0
  crossing 0/250
  stopped velocity row 53 IC 132 x0=0.786752 velocity_parameter=-0.113167 status=collision: trajectory reached the configured collision radius
velocity row 54/120 IC 114/599 x0=0.786344 velocity_parameter=-0.097 elapsed=45.8786s written=0
  crossing 0/250
  stopped velocity row 54 IC 114 x0=0.786344 velocity_parameter=-0.097 status=collision: trajectory reached the configured collision radius
velocity row 54/120 IC 124/599 x0=0.786571 velocity_parameter=-0.097 elapsed=46.2366s written=0
  crossing 0/250
  stopped velocity row 54 IC 124 x0=0.786571 velocity_parameter=-0.097 status=collision: trajectory reached the configured collision radius
velocity row 54/120 IC 132/599 x0=0.786752 velocity_parameter=-0.097 elapsed=46.5375s written=0
  crossing 0/250
  stopped velocity row 54 IC 132 x0=0.786752 velocity_parameter=-0.097 status=collision: trajectory reached the configured collision radius
velocity row 55/120 IC 114/599 x0=0.786344 velocity_parameter=-0.0808333 elapsed=46.5755s written=0
  crossing 0/250
  stopped velocity row 55 IC 114 x0=0.786344 velocity_parameter=-0.0808333 status=collision: trajectory reached the configured collision radius
velocity row 55/120 IC 124/599 x0=0.786571 velocity_parameter=-0.0808333 elapsed=46.9753s written=0
  crossing 0/250
  stopped velocity row 55 IC 124 x0=0.786571 velocity_parameter=-0.0808333 status=collision: trajectory reached the configured collision radius
velocity row 55/120 IC 132/599 x0=0.786752 velocity_parameter=-0.0808333 elapsed=47.2993s written=0
  crossing 0/250
  stopped velocity row 55 IC 132 x0=0.786752 velocity_parameter=-0.0808333 status=collision: trajectory reached the configured collision radius
velocity row 56/120 IC 114/599 x0=0.786344 velocity_parameter=-0.0646667 elapsed=47.333s written=0
  crossing 0/250
  stopped velocity row 56 IC 114 x0=0.786344 velocity_parameter=-0.0646667 status=collision: trajectory reached the configured collision radius
velocity row 56/120 IC 124/599 x0=0.786571 velocity_parameter=-0.0646667 elapsed=47.7298s written=0
  crossing 0/250
  stopped velocity row 56 IC 124 x0=0.786571 velocity_parameter=-0.0646667 status=collision: trajectory reached the configured collision radius
velocity row 56/120 IC 132/599 x0=0.786752 velocity_parameter=-0.0646667 elapsed=48.0439s written=0
  crossing 0/250
  stopped velocity row 56 IC 132 x0=0.786752 velocity_parameter=-0.0646667 status=collision: trajectory reached the configured collision radius
velocity row 57/120 IC 114/599 x0=0.786344 velocity_parameter=-0.0485 elapsed=48.0792s written=0
  crossing 0/250
  stopped velocity row 57 IC 114 x0=0.786344 velocity_parameter=-0.0485 status=collision: trajectory reached the configured collision radius
velocity row 57/120 IC 124/599 x0=0.786571 velocity_parameter=-0.0485 elapsed=48.444s written=0
  crossing 0/250
  stopped velocity row 57 IC 124 x0=0.786571 velocity_parameter=-0.0485 status=collision: trajectory reached the configured collision radius
velocity row 57/120 IC 132/599 x0=0.786752 velocity_parameter=-0.0485 elapsed=48.7426s written=0
  crossing 0/250
  stopped velocity row 57 IC 132 x0=0.786752 velocity_parameter=-0.0485 status=collision: trajectory reached the configured collision radius
velocity row 58/120 IC 114/599 x0=0.786344 velocity_parameter=-0.0323333 elapsed=48.7831s written=0
  crossing 0/250
  stopped velocity row 58 IC 114 x0=0.786344 velocity_parameter=-0.0323333 status=collision: trajectory reached the configured collision radius
velocity row 58/120 IC 124/599 x0=0.786571 velocity_parameter=-0.0323333 elapsed=49.136s written=0
  crossing 0/250
  stopped velocity row 58 IC 124 x0=0.786571 velocity_parameter=-0.0323333 status=collision: trajectory reached the configured collision radius
velocity row 58/120 IC 132/599 x0=0.786752 velocity_parameter=-0.0323333 elapsed=49.4096s written=0
  crossing 0/250
  stopped velocity row 58 IC 132 x0=0.786752 velocity_parameter=-0.0323333 status=collision: trajectory reached the configured collision radius
velocity row 59/120 IC 114/599 x0=0.786344 velocity_parameter=-0.0161667 elapsed=49.4433s written=0
  crossing 0/250
  stopped velocity row 59 IC 114 x0=0.786344 velocity_parameter=-0.0161667 status=collision: trajectory reached the configured collision radius
velocity row 59/120 IC 124/599 x0=0.786571 velocity_parameter=-0.0161667 elapsed=49.7835s written=0
  crossing 0/250
  stopped velocity row 59 IC 124 x0=0.786571 velocity_parameter=-0.0161667 status=collision: trajectory reached the configured collision radius
velocity row 59/120 IC 132/599 x0=0.786752 velocity_parameter=-0.0161667 elapsed=50.0657s written=0
  crossing 0/250
  stopped velocity row 59 IC 132 x0=0.786752 velocity_parameter=-0.0161667 status=collision: trajectory reached the configured collision radius
velocity row 60/120 IC 114/599 x0=0.786344 velocity_parameter=0 elapsed=50.1126s written=0
  crossing 0/250
  stopped velocity row 60 IC 114 x0=0.786344 velocity_parameter=0 status=collision: trajectory reached the configured collision radius
velocity row 60/120 IC 124/599 x0=0.786571 velocity_parameter=0 elapsed=50.5049s written=0
  crossing 0/250
  stopped velocity row 60 IC 124 x0=0.786571 velocity_parameter=0 status=collision: trajectory reached the configured collision radius
velocity row 60/120 IC 132/599 x0=0.786752 velocity_parameter=0 elapsed=50.7893s written=0
  crossing 0/250
  stopped velocity row 60 IC 132 x0=0.786752 velocity_parameter=0 status=collision: trajectory reached the configured collision radius
velocity row 61/120 IC 114/599 x0=0.786344 velocity_parameter=0.0161667 elapsed=50.8233s written=0
  crossing 0/250
  stopped velocity row 61 IC 114 x0=0.786344 velocity_parameter=0.0161667 status=collision: trajectory reached the configured collision radius
velocity row 61/120 IC 124/599 x0=0.786571 velocity_parameter=0.0161667 elapsed=51.2071s written=0
  crossing 0/250
  stopped velocity row 61 IC 124 x0=0.786571 velocity_parameter=0.0161667 status=collision: trajectory reached the configured collision radius
velocity row 61/120 IC 132/599 x0=0.786752 velocity_parameter=0.0161667 elapsed=51.5246s written=0
  crossing 0/250
  stopped velocity row 61 IC 132 x0=0.786752 velocity_parameter=0.0161667 status=collision: trajectory reached the configured collision radius
velocity row 62/120 IC 114/599 x0=0.786344 velocity_parameter=0.0323333 elapsed=51.5584s written=0
  crossing 0/250
  stopped velocity row 62 IC 114 x0=0.786344 velocity_parameter=0.0323333 status=collision: trajectory reached the configured collision radius
velocity row 62/120 IC 124/599 x0=0.786571 velocity_parameter=0.0323333 elapsed=51.9629s written=0
  crossing 0/250
  stopped velocity row 62 IC 124 x0=0.786571 velocity_parameter=0.0323333 status=collision: trajectory reached the configured collision radius
velocity row 62/120 IC 132/599 x0=0.786752 velocity_parameter=0.0323333 elapsed=52.2479s written=0
  crossing 0/250
  stopped velocity row 62 IC 132 x0=0.786752 velocity_parameter=0.0323333 status=collision: trajectory reached the configured collision radius
velocity row 63/120 IC 114/599 x0=0.786344 velocity_parameter=0.0485 elapsed=52.2834s written=0
  crossing 0/250
  stopped velocity row 63 IC 114 x0=0.786344 velocity_parameter=0.0485 status=collision: trajectory reached the configured collision radius
velocity row 63/120 IC 124/599 x0=0.786571 velocity_parameter=0.0485 elapsed=52.6374s written=0
  crossing 0/250
  stopped velocity row 63 IC 124 x0=0.786571 velocity_parameter=0.0485 status=collision: trajectory reached the configured collision radius
velocity row 63/120 IC 132/599 x0=0.786752 velocity_parameter=0.0485 elapsed=52.9403s written=0
  crossing 0/250
  stopped velocity row 63 IC 132 x0=0.786752 velocity_parameter=0.0485 status=collision: trajectory reached the configured collision radius
velocity row 64/120 IC 114/599 x0=0.786344 velocity_parameter=0.0646667 elapsed=52.9743s written=0
  crossing 0/250
  stopped velocity row 64 IC 114 x0=0.786344 velocity_parameter=0.0646667 status=collision: trajectory reached the configured collision radius
velocity row 64/120 IC 124/599 x0=0.786571 velocity_parameter=0.0646667 elapsed=53.3208s written=0
  crossing 0/250
  stopped velocity row 64 IC 124 x0=0.786571 velocity_parameter=0.0646667 status=collision: trajectory reached the configured collision radius
velocity row 64/120 IC 132/599 x0=0.786752 velocity_parameter=0.0646667 elapsed=53.5926s written=0
  crossing 0/250
  stopped velocity row 64 IC 132 x0=0.786752 velocity_parameter=0.0646667 status=collision: trajectory reached the configured collision radius
velocity row 65/120 IC 114/599 x0=0.786344 velocity_parameter=0.0808333 elapsed=53.6272s written=0
  crossing 0/250
  stopped velocity row 65 IC 114 x0=0.786344 velocity_parameter=0.0808333 status=collision: trajectory reached the configured collision radius
velocity row 65/120 IC 124/599 x0=0.786571 velocity_parameter=0.0808333 elapsed=54.0314s written=0
  crossing 0/250
  stopped velocity row 65 IC 124 x0=0.786571 velocity_parameter=0.0808333 status=collision: trajectory reached the configured collision radius
velocity row 65/120 IC 132/599 x0=0.786752 velocity_parameter=0.0808333 elapsed=54.303s written=0
  crossing 0/250
  stopped velocity row 65 IC 132 x0=0.786752 velocity_parameter=0.0808333 status=collision: trajectory reached the configured collision radius
velocity row 66/120 IC 114/599 x0=0.786344 velocity_parameter=0.097 elapsed=54.3368s written=0
  crossing 0/250
  stopped velocity row 66 IC 114 x0=0.786344 velocity_parameter=0.097 status=collision: trajectory reached the configured collision radius
velocity row 66/120 IC 124/599 x0=0.786571 velocity_parameter=0.097 elapsed=54.7142s written=0
  crossing 0/250
  stopped velocity row 66 IC 124 x0=0.786571 velocity_parameter=0.097 status=collision: trajectory reached the configured collision radius
velocity row 66/120 IC 132/599 x0=0.786752 velocity_parameter=0.097 elapsed=54.9936s written=0
  crossing 0/250
  stopped velocity row 66 IC 132 x0=0.786752 velocity_parameter=0.097 status=collision: trajectory reached the configured collision radius
velocity row 67/120 IC 114/599 x0=0.786344 velocity_parameter=0.113167 elapsed=55.0283s written=0
  crossing 0/250
  stopped velocity row 67 IC 114 x0=0.786344 velocity_parameter=0.113167 status=collision: trajectory reached the configured collision radius
velocity row 67/120 IC 124/599 x0=0.786571 velocity_parameter=0.113167 elapsed=55.3901s written=0
  crossing 0/250
  stopped velocity row 67 IC 124 x0=0.786571 velocity_parameter=0.113167 status=collision: trajectory reached the configured collision radius
velocity row 67/120 IC 132/599 x0=0.786752 velocity_parameter=0.113167 elapsed=55.6888s written=0
  crossing 0/250
  stopped velocity row 67 IC 132 x0=0.786752 velocity_parameter=0.113167 status=collision: trajectory reached the configured collision radius
velocity row 68/120 IC 114/599 x0=0.786344 velocity_parameter=0.129333 elapsed=55.7223s written=0
  crossing 0/250
  stopped velocity row 68 IC 114 x0=0.786344 velocity_parameter=0.129333 status=collision: trajectory reached the configured collision radius
velocity row 68/120 IC 124/599 x0=0.786571 velocity_parameter=0.129333 elapsed=56.067s written=0
  crossing 0/250
  stopped velocity row 68 IC 124 x0=0.786571 velocity_parameter=0.129333 status=collision: trajectory reached the configured collision radius
velocity row 68/120 IC 132/599 x0=0.786752 velocity_parameter=0.129333 elapsed=56.3438s written=0
  crossing 0/250
  stopped velocity row 68 IC 132 x0=0.786752 velocity_parameter=0.129333 status=collision: trajectory reached the configured collision radius
velocity row 69/120 IC 114/599 x0=0.786344 velocity_parameter=0.1455 elapsed=56.378s written=0
  crossing 0/250
  stopped velocity row 69 IC 114 x0=0.786344 velocity_parameter=0.1455 status=collision: trajectory reached the configured collision radius
velocity row 69/120 IC 124/599 x0=0.786571 velocity_parameter=0.1455 elapsed=56.7696s written=0
  crossing 0/250
  stopped velocity row 69 IC 124 x0=0.786571 velocity_parameter=0.1455 status=collision: trajectory reached the configured collision radius
velocity row 69/120 IC 132/599 x0=0.786752 velocity_parameter=0.1455 elapsed=57.0423s written=0
  crossing 0/250
  stopped velocity row 69 IC 132 x0=0.786752 velocity_parameter=0.1455 status=collision: trajectory reached the configured collision radius
velocity row 70/120 IC 114/599 x0=0.786344 velocity_parameter=0.161667 elapsed=57.0755s written=0
  crossing 0/250
  stopped velocity row 70 IC 114 x0=0.786344 velocity_parameter=0.161667 status=collision: trajectory reached the configured collision radius
velocity row 70/120 IC 124/599 x0=0.786571 velocity_parameter=0.161667 elapsed=57.4479s written=0
  crossing 0/250
  stopped velocity row 70 IC 124 x0=0.786571 velocity_parameter=0.161667 status=collision: trajectory reached the configured collision radius
velocity row 70/120 IC 132/599 x0=0.786752 velocity_parameter=0.161667 elapsed=57.7234s written=0
  crossing 0/250
  stopped velocity row 70 IC 132 x0=0.786752 velocity_parameter=0.161667 status=collision: trajectory reached the configured collision radius
velocity row 71/120 IC 114/599 x0=0.786344 velocity_parameter=0.177833 elapsed=57.7567s written=0
  crossing 0/250
  stopped velocity row 71 IC 114 x0=0.786344 velocity_parameter=0.177833 status=collision: trajectory reached the configured collision radius
velocity row 71/120 IC 124/599 x0=0.786571 velocity_parameter=0.177833 elapsed=58.0985s written=0
  crossing 0/250
  stopped velocity row 71 IC 124 x0=0.786571 velocity_parameter=0.177833 status=collision: trajectory reached the configured collision radius
velocity row 71/120 IC 132/599 x0=0.786752 velocity_parameter=0.177833 elapsed=58.3725s written=0
  crossing 0/250
  stopped velocity row 71 IC 132 x0=0.786752 velocity_parameter=0.177833 status=collision: trajectory reached the configured collision radius
velocity row 72/120 IC 114/599 x0=0.786344 velocity_parameter=0.194 elapsed=58.4065s written=0
  crossing 0/250
  stopped velocity row 72 IC 114 x0=0.786344 velocity_parameter=0.194 status=collision: trajectory reached the configured collision radius
velocity row 72/120 IC 124/599 x0=0.786571 velocity_parameter=0.194 elapsed=58.7651s written=0
  crossing 0/250
  stopped velocity row 72 IC 124 x0=0.786571 velocity_parameter=0.194 status=collision: trajectory reached the configured collision radius
velocity row 72/120 IC 132/599 x0=0.786752 velocity_parameter=0.194 elapsed=59.0737s written=0
  crossing 0/250
  stopped velocity row 72 IC 132 x0=0.786752 velocity_parameter=0.194 status=collision: trajectory reached the configured collision radius
velocity row 73/120 IC 114/599 x0=0.786344 velocity_parameter=0.210167 elapsed=59.1304s written=0
  crossing 0/250
  stopped velocity row 73 IC 114 x0=0.786344 velocity_parameter=0.210167 status=collision: trajectory reached the configured collision radius
velocity row 73/120 IC 124/599 x0=0.786571 velocity_parameter=0.210167 elapsed=59.4777s written=0
  crossing 0/250
  stopped velocity row 73 IC 124 x0=0.786571 velocity_parameter=0.210167 status=collision: trajectory reached the configured collision radius
velocity row 73/120 IC 132/599 x0=0.786752 velocity_parameter=0.210167 elapsed=59.7953s written=0
  crossing 0/250
  stopped velocity row 73 IC 132 x0=0.786752 velocity_parameter=0.210167 status=collision: trajectory reached the configured collision radius
velocity row 74/120 IC 114/599 x0=0.786344 velocity_parameter=0.226333 elapsed=59.8294s written=0
  crossing 0/250
  stopped velocity row 74 IC 114 x0=0.786344 velocity_parameter=0.226333 status=collision: trajectory reached the configured collision radius
velocity row 74/120 IC 124/599 x0=0.786571 velocity_parameter=0.226333 elapsed=60.1867s written=0
  crossing 0/250
  stopped velocity row 74 IC 124 x0=0.786571 velocity_parameter=0.226333 status=collision: trajectory reached the configured collision radius
velocity row 74/120 IC 132/599 x0=0.786752 velocity_parameter=0.226333 elapsed=60.4824s written=0
  crossing 0/250
  stopped velocity row 74 IC 132 x0=0.786752 velocity_parameter=0.226333 status=collision: trajectory reached the configured collision radius
velocity row 75/120 IC 114/599 x0=0.786344 velocity_parameter=0.2425 elapsed=60.5157s written=0
  crossing 0/250
  stopped velocity row 75 IC 114 x0=0.786344 velocity_parameter=0.2425 status=collision: trajectory reached the configured collision radius
velocity row 75/120 IC 124/599 x0=0.786571 velocity_parameter=0.2425 elapsed=60.8859s written=0
  crossing 0/250
  stopped velocity row 75 IC 124 x0=0.786571 velocity_parameter=0.2425 status=collision: trajectory reached the configured collision radius
velocity row 75/120 IC 132/599 x0=0.786752 velocity_parameter=0.2425 elapsed=61.1657s written=0
  crossing 0/250
  stopped velocity row 75 IC 132 x0=0.786752 velocity_parameter=0.2425 status=collision: trajectory reached the configured collision radius
velocity row 76/120 IC 114/599 x0=0.786344 velocity_parameter=0.258667 elapsed=61.1993s written=0
  crossing 0/250
  stopped velocity row 76 IC 114 x0=0.786344 velocity_parameter=0.258667 status=collision: trajectory reached the configured collision radius
velocity row 76/120 IC 124/599 x0=0.786571 velocity_parameter=0.258667 elapsed=61.5534s written=0
  crossing 0/250
  stopped velocity row 76 IC 124 x0=0.786571 velocity_parameter=0.258667 status=collision: trajectory reached the configured collision radius
velocity row 76/120 IC 132/599 x0=0.786752 velocity_parameter=0.258667 elapsed=61.8421s written=0
  crossing 0/250
  stopped velocity row 76 IC 132 x0=0.786752 velocity_parameter=0.258667 status=collision: trajectory reached the configured collision radius
velocity row 77/120 IC 114/599 x0=0.786344 velocity_parameter=0.274833 elapsed=61.8761s written=0
  crossing 0/250
  stopped velocity row 77 IC 114 x0=0.786344 velocity_parameter=0.274833 status=collision: trajectory reached the configured collision radius
velocity row 77/120 IC 124/599 x0=0.786571 velocity_parameter=0.274833 elapsed=62.2129s written=0
  crossing 0/250
  stopped velocity row 77 IC 124 x0=0.786571 velocity_parameter=0.274833 status=collision: trajectory reached the configured collision radius
velocity row 77/120 IC 132/599 x0=0.786752 velocity_parameter=0.274833 elapsed=62.4821s written=0
  crossing 0/250
  stopped velocity row 77 IC 132 x0=0.786752 velocity_parameter=0.274833 status=collision: trajectory reached the configured collision radius
velocity row 78/120 IC 114/599 x0=0.786344 velocity_parameter=0.291 elapsed=62.5167s written=0
  crossing 0/250
  stopped velocity row 78 IC 114 x0=0.786344 velocity_parameter=0.291 status=collision: trajectory reached the configured collision radius
velocity row 78/120 IC 124/599 x0=0.786571 velocity_parameter=0.291 elapsed=62.8978s written=0
  crossing 0/250
  stopped velocity row 78 IC 124 x0=0.786571 velocity_parameter=0.291 status=collision: trajectory reached the configured collision radius
velocity row 78/120 IC 132/599 x0=0.786752 velocity_parameter=0.291 elapsed=63.1693s written=0
  crossing 0/250
  stopped velocity row 78 IC 132 x0=0.786752 velocity_parameter=0.291 status=collision: trajectory reached the configured collision radius
velocity row 79/120 IC 114/599 x0=0.786344 velocity_parameter=0.307167 elapsed=63.203s written=0
  crossing 0/250
  stopped velocity row 79 IC 114 x0=0.786344 velocity_parameter=0.307167 status=collision: trajectory reached the configured collision radius
velocity row 79/120 IC 124/599 x0=0.786571 velocity_parameter=0.307167 elapsed=63.561s written=0
  crossing 0/250
  stopped velocity row 79 IC 124 x0=0.786571 velocity_parameter=0.307167 status=collision: trajectory reached the configured collision radius
velocity row 79/120 IC 132/599 x0=0.786752 velocity_parameter=0.307167 elapsed=63.8293s written=0
  crossing 0/250
  stopped velocity row 79 IC 132 x0=0.786752 velocity_parameter=0.307167 status=collision: trajectory reached the configured collision radius
velocity row 80/120 IC 114/599 x0=0.786344 velocity_parameter=0.323333 elapsed=63.8641s written=0
  crossing 0/250
  stopped velocity row 80 IC 114 x0=0.786344 velocity_parameter=0.323333 status=collision: trajectory reached the configured collision radius
velocity row 80/120 IC 124/599 x0=0.786571 velocity_parameter=0.323333 elapsed=64.2265s written=0
  crossing 0/250
  stopped velocity row 80 IC 124 x0=0.786571 velocity_parameter=0.323333 status=collision: trajectory reached the configured collision radius
velocity row 80/120 IC 132/599 x0=0.786752 velocity_parameter=0.323333 elapsed=64.5181s written=0
  crossing 0/250
  stopped velocity row 80 IC 132 x0=0.786752 velocity_parameter=0.323333 status=collision: trajectory reached the configured collision radius
velocity row 81/120 IC 114/599 x0=0.786344 velocity_parameter=0.3395 elapsed=64.5627s written=0
  crossing 0/250
  stopped velocity row 81 IC 114 x0=0.786344 velocity_parameter=0.3395 status=collision: trajectory reached the configured collision radius
velocity row 81/120 IC 124/599 x0=0.786571 velocity_parameter=0.3395 elapsed=64.9009s written=0
  crossing 0/250
  stopped velocity row 81 IC 124 x0=0.786571 velocity_parameter=0.3395 status=collision: trajectory reached the configured collision radius
velocity row 81/120 IC 132/599 x0=0.786752 velocity_parameter=0.3395 elapsed=65.171s written=0
  crossing 0/250
  stopped velocity row 81 IC 132 x0=0.786752 velocity_parameter=0.3395 status=collision: trajectory reached the configured collision radius
velocity row 82/120 IC 114/599 x0=0.786344 velocity_parameter=0.355667 elapsed=65.2049s written=0
  crossing 0/250
  stopped velocity row 82 IC 114 x0=0.786344 velocity_parameter=0.355667 status=collision: trajectory reached the configured collision radius
velocity row 82/120 IC 124/599 x0=0.786571 velocity_parameter=0.355667 elapsed=65.5422s written=0
  crossing 0/250
  stopped velocity row 82 IC 124 x0=0.786571 velocity_parameter=0.355667 status=collision: trajectory reached the configured collision radius
velocity row 82/120 IC 132/599 x0=0.786752 velocity_parameter=0.355667 elapsed=65.8108s written=0
  crossing 0/250
  stopped velocity row 82 IC 132 x0=0.786752 velocity_parameter=0.355667 status=collision: trajectory reached the configured collision radius
velocity row 83/120 IC 114/599 x0=0.786344 velocity_parameter=0.371833 elapsed=65.8446s written=0
  crossing 0/250
  stopped velocity row 83 IC 114 x0=0.786344 velocity_parameter=0.371833 status=collision: trajectory reached the configured collision radius
velocity row 83/120 IC 124/599 x0=0.786571 velocity_parameter=0.371833 elapsed=66.184s written=0
  crossing 0/250
  stopped velocity row 83 IC 124 x0=0.786571 velocity_parameter=0.371833 status=collision: trajectory reached the configured collision radius
velocity row 83/120 IC 132/599 x0=0.786752 velocity_parameter=0.371833 elapsed=66.4707s written=0
  crossing 0/250
  stopped velocity row 83 IC 132 x0=0.786752 velocity_parameter=0.371833 status=collision: trajectory reached the configured collision radius
velocity row 84/120 IC 114/599 x0=0.786344 velocity_parameter=0.388 elapsed=66.5045s written=0
  crossing 0/250
  stopped velocity row 84 IC 114 x0=0.786344 velocity_parameter=0.388 status=collision: trajectory reached the configured collision radius
velocity row 84/120 IC 124/599 x0=0.786571 velocity_parameter=0.388 elapsed=66.8772s written=0
  crossing 0/250
  stopped velocity row 84 IC 124 x0=0.786571 velocity_parameter=0.388 status=collision: trajectory reached the configured collision radius
velocity row 84/120 IC 132/599 x0=0.786752 velocity_parameter=0.388 elapsed=67.1821s written=0
  crossing 0/250
  stopped velocity row 84 IC 132 x0=0.786752 velocity_parameter=0.388 status=collision: trajectory reached the configured collision radius
velocity row 85/120 IC 114/599 x0=0.786344 velocity_parameter=0.404167 elapsed=67.2164s written=0
  crossing 0/250
  stopped velocity row 85 IC 114 x0=0.786344 velocity_parameter=0.404167 status=collision: trajectory reached the configured collision radius
velocity row 85/120 IC 124/599 x0=0.786571 velocity_parameter=0.404167 elapsed=67.5494s written=0
  crossing 0/250
  stopped velocity row 85 IC 124 x0=0.786571 velocity_parameter=0.404167 status=collision: trajectory reached the configured collision radius
velocity row 85/120 IC 132/599 x0=0.786752 velocity_parameter=0.404167 elapsed=67.8814s written=0
  crossing 0/250
  stopped velocity row 85 IC 132 x0=0.786752 velocity_parameter=0.404167 status=collision: trajectory reached the configured collision radius
velocity row 86/120 IC 114/599 x0=0.786344 velocity_parameter=0.420333 elapsed=67.9162s written=0
  crossing 0/250
  stopped velocity row 86 IC 114 x0=0.786344 velocity_parameter=0.420333 status=collision: trajectory reached the configured collision radius
velocity row 86/120 IC 124/599 x0=0.786571 velocity_parameter=0.420333 elapsed=68.3278s written=0
  crossing 0/250
  stopped velocity row 86 IC 124 x0=0.786571 velocity_parameter=0.420333 status=collision: trajectory reached the configured collision radius
velocity row 86/120 IC 132/599 x0=0.786752 velocity_parameter=0.420333 elapsed=68.6281s written=0
  crossing 0/250
  stopped velocity row 86 IC 132 x0=0.786752 velocity_parameter=0.420333 status=collision: trajectory reached the configured collision radius
velocity row 87/120 IC 114/599 x0=0.786344 velocity_parameter=0.4365 elapsed=68.6618s written=0
  crossing 0/250
  stopped velocity row 87 IC 114 x0=0.786344 velocity_parameter=0.4365 status=collision: trajectory reached the configured collision radius
velocity row 87/120 IC 124/599 x0=0.786571 velocity_parameter=0.4365 elapsed=69.0323s written=0
  crossing 0/250
  stopped velocity row 87 IC 124 x0=0.786571 velocity_parameter=0.4365 status=collision: trajectory reached the configured collision radius
velocity row 87/120 IC 132/599 x0=0.786752 velocity_parameter=0.4365 elapsed=69.3525s written=0
  crossing 0/250
  stopped velocity row 87 IC 132 x0=0.786752 velocity_parameter=0.4365 status=collision: trajectory reached the configured collision radius
velocity row 88/120 IC 114/599 x0=0.786344 velocity_parameter=0.452667 elapsed=69.3868s written=0
  crossing 0/250
  stopped velocity row 88 IC 114 x0=0.786344 velocity_parameter=0.452667 status=collision: trajectory reached the configured collision radius
velocity row 88/120 IC 124/599 x0=0.786571 velocity_parameter=0.452667 elapsed=69.7806s written=0
  crossing 0/250
  stopped velocity row 88 IC 124 x0=0.786571 velocity_parameter=0.452667 status=collision: trajectory reached the configured collision radius
velocity row 88/120 IC 132/599 x0=0.786752 velocity_parameter=0.452667 elapsed=70.1468s written=0
  crossing 0/250
  stopped velocity row 88 IC 132 x0=0.786752 velocity_parameter=0.452667 status=collision: trajectory reached the configured collision radius
velocity row 89/120 IC 114/599 x0=0.786344 velocity_parameter=0.468833 elapsed=70.1854s written=0
  crossing 0/250
  stopped velocity row 89 IC 114 x0=0.786344 velocity_parameter=0.468833 status=collision: trajectory reached the configured collision radius
velocity row 89/120 IC 124/599 x0=0.786571 velocity_parameter=0.468833 elapsed=70.5605s written=0
  crossing 0/250
  stopped velocity row 89 IC 124 x0=0.786571 velocity_parameter=0.468833 status=collision: trajectory reached the configured collision radius
velocity row 89/120 IC 132/599 x0=0.786752 velocity_parameter=0.468833 elapsed=70.8505s written=0
  crossing 0/250
  stopped velocity row 89 IC 132 x0=0.786752 velocity_parameter=0.468833 status=collision: trajectory reached the configured collision radius
velocity row 90/120 IC 114/599 x0=0.786344 velocity_parameter=0.485 elapsed=70.9012s written=0
  crossing 0/250
  stopped velocity row 90 IC 114 x0=0.786344 velocity_parameter=0.485 status=collision: trajectory reached the configured collision radius
velocity row 90/120 IC 124/599 x0=0.786571 velocity_parameter=0.485 elapsed=71.2468s written=0
  crossing 0/250
  stopped velocity row 90 IC 124 x0=0.786571 velocity_parameter=0.485 status=collision: trajectory reached the configured collision radius
velocity row 90/120 IC 132/599 x0=0.786752 velocity_parameter=0.485 elapsed=71.5224s written=0
  crossing 0/250
  stopped velocity row 90 IC 132 x0=0.786752 velocity_parameter=0.485 status=collision: trajectory reached the configured collision radius
velocity row 91/120 IC 114/599 x0=0.786344 velocity_parameter=0.501167 elapsed=71.5572s written=0
  crossing 0/250
  stopped velocity row 91 IC 114 x0=0.786344 velocity_parameter=0.501167 status=collision: trajectory reached the configured collision radius
velocity row 91/120 IC 124/599 x0=0.786571 velocity_parameter=0.501167 elapsed=71.9203s written=0
  crossing 0/250
  stopped velocity row 91 IC 124 x0=0.786571 velocity_parameter=0.501167 status=collision: trajectory reached the configured collision radius
velocity row 91/120 IC 132/599 x0=0.786752 velocity_parameter=0.501167 elapsed=72.2139s written=0
  crossing 0/250
  stopped velocity row 91 IC 132 x0=0.786752 velocity_parameter=0.501167 status=collision: trajectory reached the configured collision radius
velocity row 92/120 IC 114/599 x0=0.786344 velocity_parameter=0.517333 elapsed=72.2484s written=0
  crossing 0/250
  stopped velocity row 92 IC 114 x0=0.786344 velocity_parameter=0.517333 status=collision: trajectory reached the configured collision radius
velocity row 92/120 IC 124/599 x0=0.786571 velocity_parameter=0.517333 elapsed=72.6232s written=0
  crossing 0/250
  stopped velocity row 92 IC 124 x0=0.786571 velocity_parameter=0.517333 status=collision: trajectory reached the configured collision radius
velocity row 92/120 IC 132/599 x0=0.786752 velocity_parameter=0.517333 elapsed=72.9089s written=0
  crossing 0/250
  stopped velocity row 92 IC 132 x0=0.786752 velocity_parameter=0.517333 status=collision: trajectory reached the configured collision radius
velocity row 93/120 IC 114/599 x0=0.786344 velocity_parameter=0.5335 elapsed=72.9437s written=0
  crossing 0/250
  stopped velocity row 93 IC 114 x0=0.786344 velocity_parameter=0.5335 status=collision: trajectory reached the configured collision radius
velocity row 93/120 IC 124/599 x0=0.786571 velocity_parameter=0.5335 elapsed=73.3019s written=0
  crossing 0/250
  stopped velocity row 93 IC 124 x0=0.786571 velocity_parameter=0.5335 status=collision: trajectory reached the configured collision radius
velocity row 93/120 IC 132/599 x0=0.786752 velocity_parameter=0.5335 elapsed=73.5992s written=0
  crossing 0/250
  stopped velocity row 93 IC 132 x0=0.786752 velocity_parameter=0.5335 status=collision: trajectory reached the configured collision radius
velocity row 94/120 IC 114/599 x0=0.786344 velocity_parameter=0.549667 elapsed=73.6332s written=0
  crossing 0/250
  stopped velocity row 94 IC 114 x0=0.786344 velocity_parameter=0.549667 status=collision: trajectory reached the configured collision radius
velocity row 94/120 IC 124/599 x0=0.786571 velocity_parameter=0.549667 elapsed=73.9754s written=0
  crossing 0/250
  stopped velocity row 94 IC 124 x0=0.786571 velocity_parameter=0.549667 status=collision: trajectory reached the configured collision radius
velocity row 94/120 IC 132/599 x0=0.786752 velocity_parameter=0.549667 elapsed=74.2548s written=0
  crossing 0/250
  stopped velocity row 94 IC 132 x0=0.786752 velocity_parameter=0.549667 status=collision: trajectory reached the configured collision radius
velocity row 95/120 IC 114/599 x0=0.786344 velocity_parameter=0.565833 elapsed=74.2892s written=0
  crossing 0/250
  stopped velocity row 95 IC 114 x0=0.786344 velocity_parameter=0.565833 status=collision: trajectory reached the configured collision radius
velocity row 95/120 IC 124/599 x0=0.786571 velocity_parameter=0.565833 elapsed=74.6571s written=0
  crossing 0/250
  stopped velocity row 95 IC 124 x0=0.786571 velocity_parameter=0.565833 status=collision: trajectory reached the configured collision radius
velocity row 95/120 IC 132/599 x0=0.786752 velocity_parameter=0.565833 elapsed=74.9346s written=0
  crossing 0/250
  stopped velocity row 95 IC 132 x0=0.786752 velocity_parameter=0.565833 status=collision: trajectory reached the configured collision radius
velocity row 96/120 IC 114/599 x0=0.786344 velocity_parameter=0.582 elapsed=74.9692s written=0
  crossing 0/250
  stopped velocity row 96 IC 114 x0=0.786344 velocity_parameter=0.582 status=collision: trajectory reached the configured collision radius
velocity row 96/120 IC 124/599 x0=0.786571 velocity_parameter=0.582 elapsed=75.3395s written=0
  crossing 0/250
  stopped velocity row 96 IC 124 x0=0.786571 velocity_parameter=0.582 status=collision: trajectory reached the configured collision radius
velocity row 96/120 IC 132/599 x0=0.786752 velocity_parameter=0.582 elapsed=75.6256s written=0
  crossing 0/250
  stopped velocity row 96 IC 132 x0=0.786752 velocity_parameter=0.582 status=collision: trajectory reached the configured collision radius
velocity row 97/120 IC 114/599 x0=0.786344 velocity_parameter=0.598167 elapsed=75.6594s written=0
  crossing 0/250
  stopped velocity row 97 IC 114 x0=0.786344 velocity_parameter=0.598167 status=collision: trajectory reached the configured collision radius
velocity row 97/120 IC 124/599 x0=0.786571 velocity_parameter=0.598167 elapsed=76.0559s written=0
  crossing 0/250
  stopped velocity row 97 IC 124 x0=0.786571 velocity_parameter=0.598167 status=collision: trajectory reached the configured collision radius
velocity row 97/120 IC 132/599 x0=0.786752 velocity_parameter=0.598167 elapsed=76.3465s written=0
  crossing 0/250
  stopped velocity row 97 IC 132 x0=0.786752 velocity_parameter=0.598167 status=collision: trajectory reached the configured collision radius
velocity row 98/120 IC 114/599 x0=0.786344 velocity_parameter=0.614333 elapsed=76.381s written=0
  crossing 0/250
  stopped velocity row 98 IC 114 x0=0.786344 velocity_parameter=0.614333 status=collision: trajectory reached the configured collision radius
velocity row 98/120 IC 124/599 x0=0.786571 velocity_parameter=0.614333 elapsed=76.7239s written=0
  crossing 0/250
  stopped velocity row 98 IC 124 x0=0.786571 velocity_parameter=0.614333 status=collision: trajectory reached the configured collision radius
velocity row 98/120 IC 132/599 x0=0.786752 velocity_parameter=0.614333 elapsed=77.016s written=0
  crossing 0/250
  stopped velocity row 98 IC 132 x0=0.786752 velocity_parameter=0.614333 status=collision: trajectory reached the configured collision radius
velocity row 99/120 IC 114/599 x0=0.786344 velocity_parameter=0.6305 elapsed=77.0507s written=0
  crossing 0/250
  stopped velocity row 99 IC 114 x0=0.786344 velocity_parameter=0.6305 status=collision: trajectory reached the configured collision radius
velocity row 99/120 IC 124/599 x0=0.786571 velocity_parameter=0.6305 elapsed=77.3929s written=0
  crossing 0/250
  stopped velocity row 99 IC 124 x0=0.786571 velocity_parameter=0.6305 status=collision: trajectory reached the configured collision radius
velocity row 99/120 IC 132/599 x0=0.786752 velocity_parameter=0.6305 elapsed=77.6756s written=0
  crossing 0/250
  stopped velocity row 99 IC 132 x0=0.786752 velocity_parameter=0.6305 status=collision: trajectory reached the configured collision radius
velocity row 100/120 IC 114/599 x0=0.786344 velocity_parameter=0.646667 elapsed=77.7096s written=0
  crossing 0/250
  stopped velocity row 100 IC 114 x0=0.786344 velocity_parameter=0.646667 status=collision: trajectory reached the configured collision radius
velocity row 100/120 IC 124/599 x0=0.786571 velocity_parameter=0.646667 elapsed=78.0643s written=0
  crossing 0/250
  stopped velocity row 100 IC 124 x0=0.786571 velocity_parameter=0.646667 status=collision: trajectory reached the configured collision radius
velocity row 100/120 IC 132/599 x0=0.786752 velocity_parameter=0.646667 elapsed=78.3361s written=0
  crossing 0/250
  stopped velocity row 100 IC 132 x0=0.786752 velocity_parameter=0.646667 status=collision: trajectory reached the configured collision radius
velocity row 101/120 IC 114/599 x0=0.786344 velocity_parameter=0.662833 elapsed=78.3699s written=0
  crossing 0/250
  stopped velocity row 101 IC 114 x0=0.786344 velocity_parameter=0.662833 status=collision: trajectory reached the configured collision radius
velocity row 101/120 IC 124/599 x0=0.786571 velocity_parameter=0.662833 elapsed=78.7102s written=0
  crossing 0/250
  stopped velocity row 101 IC 124 x0=0.786571 velocity_parameter=0.662833 status=collision: trajectory reached the configured collision radius
velocity row 101/120 IC 132/599 x0=0.786752 velocity_parameter=0.662833 elapsed=79.0279s written=0
  crossing 0/250
  stopped velocity row 101 IC 132 x0=0.786752 velocity_parameter=0.662833 status=collision: trajectory reached the configured collision radius
velocity row 102/120 IC 114/599 x0=0.786344 velocity_parameter=0.679 elapsed=79.0628s written=0
  crossing 0/250
  stopped velocity row 102 IC 114 x0=0.786344 velocity_parameter=0.679 status=collision: trajectory reached the configured collision radius
velocity row 102/120 IC 124/599 x0=0.786571 velocity_parameter=0.679 elapsed=79.4445s written=0
  crossing 0/250
  stopped velocity row 102 IC 124 x0=0.786571 velocity_parameter=0.679 status=collision: trajectory reached the configured collision radius
velocity row 102/120 IC 132/599 x0=0.786752 velocity_parameter=0.679 elapsed=79.7602s written=0
  crossing 0/250
  stopped velocity row 102 IC 132 x0=0.786752 velocity_parameter=0.679 status=collision: trajectory reached the configured collision radius
velocity row 103/120 IC 114/599 x0=0.786344 velocity_parameter=0.695167 elapsed=79.7942s written=0
  crossing 0/250
  stopped velocity row 103 IC 114 x0=0.786344 velocity_parameter=0.695167 status=collision: trajectory reached the configured collision radius
velocity row 103/120 IC 124/599 x0=0.786571 velocity_parameter=0.695167 elapsed=80.1422s written=0
  crossing 0/250
  stopped velocity row 103 IC 124 x0=0.786571 velocity_parameter=0.695167 status=collision: trajectory reached the configured collision radius
velocity row 103/120 IC 132/599 x0=0.786752 velocity_parameter=0.695167 elapsed=80.4125s written=0
  crossing 0/250
  stopped velocity row 103 IC 132 x0=0.786752 velocity_parameter=0.695167 status=collision: trajectory reached the configured collision radius
velocity row 104/120 IC 114/599 x0=0.786344 velocity_parameter=0.711333 elapsed=80.4474s written=0
  crossing 0/250
  stopped velocity row 104 IC 114 x0=0.786344 velocity_parameter=0.711333 status=collision: trajectory reached the configured collision radius
velocity row 104/120 IC 124/599 x0=0.786571 velocity_parameter=0.711333 elapsed=80.7976s written=0
  crossing 0/250
  stopped velocity row 104 IC 124 x0=0.786571 velocity_parameter=0.711333 status=collision: trajectory reached the configured collision radius
velocity row 104/120 IC 132/599 x0=0.786752 velocity_parameter=0.711333 elapsed=81.0838s written=0
  crossing 0/250
  stopped velocity row 104 IC 132 x0=0.786752 velocity_parameter=0.711333 status=collision: trajectory reached the configured collision radius
velocity row 105/120 IC 114/599 x0=0.786344 velocity_parameter=0.7275 elapsed=81.1183s written=0
  crossing 0/250
  stopped velocity row 105 IC 114 x0=0.786344 velocity_parameter=0.7275 status=collision: trajectory reached the configured collision radius
velocity row 105/120 IC 124/599 x0=0.786571 velocity_parameter=0.7275 elapsed=81.4633s written=0
  crossing 0/250
  stopped velocity row 105 IC 124 x0=0.786571 velocity_parameter=0.7275 status=collision: trajectory reached the configured collision radius
velocity row 105/120 IC 132/599 x0=0.786752 velocity_parameter=0.7275 elapsed=81.7447s written=0
  crossing 0/250
  stopped velocity row 105 IC 132 x0=0.786752 velocity_parameter=0.7275 status=collision: trajectory reached the configured collision radius
velocity row 106/120 IC 114/599 x0=0.786344 velocity_parameter=0.743667 elapsed=81.7952s written=0
  crossing 0/250
  stopped velocity row 106 IC 114 x0=0.786344 velocity_parameter=0.743667 status=collision: trajectory reached the configured collision radius
velocity row 106/120 IC 124/599 x0=0.786571 velocity_parameter=0.743667 elapsed=82.1513s written=0
  crossing 0/250
  stopped velocity row 106 IC 124 x0=0.786571 velocity_parameter=0.743667 status=collision: trajectory reached the configured collision radius
velocity row 106/120 IC 132/599 x0=0.786752 velocity_parameter=0.743667 elapsed=82.4296s written=0
  crossing 0/250
  stopped velocity row 106 IC 132 x0=0.786752 velocity_parameter=0.743667 status=collision: trajectory reached the configured collision radius
velocity row 107/120 IC 114/599 x0=0.786344 velocity_parameter=0.759833 elapsed=82.4643s written=0
  crossing 0/250
  stopped velocity row 107 IC 114 x0=0.786344 velocity_parameter=0.759833 status=collision: trajectory reached the configured collision radius
velocity row 107/120 IC 124/599 x0=0.786571 velocity_parameter=0.759833 elapsed=82.8632s written=0
  crossing 0/250
  stopped velocity row 107 IC 124 x0=0.786571 velocity_parameter=0.759833 status=collision: trajectory reached the configured collision radius
velocity row 107/120 IC 132/599 x0=0.786752 velocity_parameter=0.759833 elapsed=83.1366s written=0
  crossing 0/250
  stopped velocity row 107 IC 132 x0=0.786752 velocity_parameter=0.759833 status=collision: trajectory reached the configured collision radius
velocity row 108/120 IC 114/599 x0=0.786344 velocity_parameter=0.776 elapsed=83.2034s written=0
  crossing 0/250
  stopped velocity row 108 IC 114 x0=0.786344 velocity_parameter=0.776 status=collision: trajectory reached the configured collision radius
velocity row 108/120 IC 124/599 x0=0.786571 velocity_parameter=0.776 elapsed=83.5695s written=0
  crossing 0/250
  stopped velocity row 108 IC 124 x0=0.786571 velocity_parameter=0.776 status=collision: trajectory reached the configured collision radius
velocity row 108/120 IC 132/599 x0=0.786752 velocity_parameter=0.776 elapsed=83.8512s written=0
  crossing 0/250
  stopped velocity row 108 IC 132 x0=0.786752 velocity_parameter=0.776 status=collision: trajectory reached the configured collision radius
velocity row 109/120 IC 114/599 x0=0.786344 velocity_parameter=0.792167 elapsed=83.886s written=0
  crossing 0/250
  stopped velocity row 109 IC 114 x0=0.786344 velocity_parameter=0.792167 status=collision: trajectory reached the configured collision radius
velocity row 109/120 IC 124/599 x0=0.786571 velocity_parameter=0.792167 elapsed=84.2485s written=0
  crossing 0/250
  stopped velocity row 109 IC 124 x0=0.786571 velocity_parameter=0.792167 status=collision: trajectory reached the configured collision radius
velocity row 109/120 IC 132/599 x0=0.786752 velocity_parameter=0.792167 elapsed=84.5234s written=0
  crossing 0/250
  stopped velocity row 109 IC 132 x0=0.786752 velocity_parameter=0.792167 status=collision: trajectory reached the configured collision radius
velocity row 110/120 IC 114/599 x0=0.786344 velocity_parameter=0.808333 elapsed=84.5574s written=0
  crossing 0/250
  stopped velocity row 110 IC 114 x0=0.786344 velocity_parameter=0.808333 status=collision: trajectory reached the configured collision radius
velocity row 110/120 IC 124/599 x0=0.786571 velocity_parameter=0.808333 elapsed=84.8999s written=0
  crossing 0/250
  stopped velocity row 110 IC 124 x0=0.786571 velocity_parameter=0.808333 status=collision: trajectory reached the configured collision radius
velocity row 110/120 IC 132/599 x0=0.786752 velocity_parameter=0.808333 elapsed=85.217s written=0
  crossing 0/250
  stopped velocity row 110 IC 132 x0=0.786752 velocity_parameter=0.808333 status=collision: trajectory reached the configured collision radius
velocity row 111/120 IC 114/599 x0=0.786344 velocity_parameter=0.8245 elapsed=85.2511s written=0
  crossing 0/250
  stopped velocity row 111 IC 114 x0=0.786344 velocity_parameter=0.8245 status=collision: trajectory reached the configured collision radius
velocity row 111/120 IC 124/599 x0=0.786571 velocity_parameter=0.8245 elapsed=85.6028s written=0
  crossing 0/250
  stopped velocity row 111 IC 124 x0=0.786571 velocity_parameter=0.8245 status=collision: trajectory reached the configured collision radius
velocity row 111/120 IC 132/599 x0=0.786752 velocity_parameter=0.8245 elapsed=85.9096s written=0
  crossing 0/250
  stopped velocity row 111 IC 132 x0=0.786752 velocity_parameter=0.8245 status=collision: trajectory reached the configured collision radius
velocity row 112/120 IC 114/599 x0=0.786344 velocity_parameter=0.840667 elapsed=85.9438s written=0
  crossing 0/250
  stopped velocity row 112 IC 114 x0=0.786344 velocity_parameter=0.840667 status=collision: trajectory reached the configured collision radius
velocity row 112/120 IC 124/599 x0=0.786571 velocity_parameter=0.840667 elapsed=86.2872s written=0
  crossing 0/250
  stopped velocity row 112 IC 124 x0=0.786571 velocity_parameter=0.840667 status=collision: trajectory reached the configured collision radius
velocity row 112/120 IC 132/599 x0=0.786752 velocity_parameter=0.840667 elapsed=86.5623s written=0
  crossing 0/250
  stopped velocity row 112 IC 132 x0=0.786752 velocity_parameter=0.840667 status=collision: trajectory reached the configured collision radius
velocity row 113/120 IC 114/599 x0=0.786344 velocity_parameter=0.856833 elapsed=86.5964s written=0
  crossing 0/250
  stopped velocity row 113 IC 114 x0=0.786344 velocity_parameter=0.856833 status=collision: trajectory reached the configured collision radius
velocity row 113/120 IC 124/599 x0=0.786571 velocity_parameter=0.856833 elapsed=86.9396s written=0
  crossing 0/250
  stopped velocity row 113 IC 124 x0=0.786571 velocity_parameter=0.856833 status=collision: trajectory reached the configured collision radius
velocity row 113/120 IC 132/599 x0=0.786752 velocity_parameter=0.856833 elapsed=87.2337s written=0
  crossing 0/250
  stopped velocity row 113 IC 132 x0=0.786752 velocity_parameter=0.856833 status=collision: trajectory reached the configured collision radius
velocity row 114/120 IC 114/599 x0=0.786344 velocity_parameter=0.873 elapsed=87.2675s written=0
  crossing 0/250
  stopped velocity row 114 IC 114 x0=0.786344 velocity_parameter=0.873 status=collision: trajectory reached the configured collision radius
velocity row 114/120 IC 124/599 x0=0.786571 velocity_parameter=0.873 elapsed=87.6117s written=0
  crossing 0/250
  stopped velocity row 114 IC 124 x0=0.786571 velocity_parameter=0.873 status=collision: trajectory reached the configured collision radius
velocity row 114/120 IC 132/599 x0=0.786752 velocity_parameter=0.873 elapsed=87.8895s written=0
  crossing 0/250
  stopped velocity row 114 IC 132 x0=0.786752 velocity_parameter=0.873 status=collision: trajectory reached the configured collision radius
velocity row 115/120 IC 114/599 x0=0.786344 velocity_parameter=0.889167 elapsed=87.9239s written=0
  crossing 0/250
  stopped velocity row 115 IC 114 x0=0.786344 velocity_parameter=0.889167 status=collision: trajectory reached the configured collision radius
velocity row 115/120 IC 124/599 x0=0.786571 velocity_parameter=0.889167 elapsed=88.2788s written=0
  crossing 0/250
  stopped velocity row 115 IC 124 x0=0.786571 velocity_parameter=0.889167 status=collision: trajectory reached the configured collision radius
velocity row 115/120 IC 132/599 x0=0.786752 velocity_parameter=0.889167 elapsed=88.5831s written=0
  crossing 0/250
  stopped velocity row 115 IC 132 x0=0.786752 velocity_parameter=0.889167 status=collision: trajectory reached the configured collision radius
velocity row 116/120 IC 114/599 x0=0.786344 velocity_parameter=0.905333 elapsed=88.6184s written=0
  crossing 0/250
  stopped velocity row 116 IC 114 x0=0.786344 velocity_parameter=0.905333 status=collision: trajectory reached the configured collision radius
velocity row 116/120 IC 124/599 x0=0.786571 velocity_parameter=0.905333 elapsed=88.9606s written=0
  crossing 0/250
  stopped velocity row 116 IC 124 x0=0.786571 velocity_parameter=0.905333 status=collision: trajectory reached the configured collision radius
velocity row 116/120 IC 132/599 x0=0.786752 velocity_parameter=0.905333 elapsed=89.2355s written=0
  crossing 0/250
  stopped velocity row 116 IC 132 x0=0.786752 velocity_parameter=0.905333 status=collision: trajectory reached the configured collision radius
velocity row 117/120 IC 114/599 x0=0.786344 velocity_parameter=0.9215 elapsed=89.2693s written=0
  crossing 0/250
  stopped velocity row 117 IC 114 x0=0.786344 velocity_parameter=0.9215 status=collision: trajectory reached the configured collision radius
velocity row 117/120 IC 124/599 x0=0.786571 velocity_parameter=0.9215 elapsed=89.6157s written=0
  crossing 0/250
  stopped velocity row 117 IC 124 x0=0.786571 velocity_parameter=0.9215 status=collision: trajectory reached the configured collision radius
velocity row 117/120 IC 132/599 x0=0.786752 velocity_parameter=0.9215 elapsed=89.8908s written=0
  crossing 0/250
  stopped velocity row 117 IC 132 x0=0.786752 velocity_parameter=0.9215 status=collision: trajectory reached the configured collision radius
velocity row 118/120 IC 114/599 x0=0.786344 velocity_parameter=0.937667 elapsed=89.9251s written=0
  crossing 0/250
  stopped velocity row 118 IC 114 x0=0.786344 velocity_parameter=0.937667 status=collision: trajectory reached the configured collision radius
velocity row 118/120 IC 124/599 x0=0.786571 velocity_parameter=0.937667 elapsed=90.2743s written=9
  crossing 0/250
  stopped velocity row 118 IC 124 x0=0.786571 velocity_parameter=0.937667 status=collision: trajectory reached the configured collision radius
velocity row 118/120 IC 132/599 x0=0.786752 velocity_parameter=0.937667 elapsed=90.5617s written=9
  crossing 0/250
  stopped velocity row 118 IC 132 x0=0.786752 velocity_parameter=0.937667 status=collision: trajectory reached the configured collision radius
velocity row 119/120 IC 114/599 x0=0.786344 velocity_parameter=0.953833 elapsed=90.5962s written=9
  crossing 0/250
  stopped velocity row 119 IC 114 x0=0.786344 velocity_parameter=0.953833 status=collision: trajectory reached the configured collision radius
velocity row 119/120 IC 124/599 x0=0.786571 velocity_parameter=0.953833 elapsed=90.9568s written=19
  crossing 0/250
  stopped velocity row 119 IC 124 x0=0.786571 velocity_parameter=0.953833 status=collision: trajectory reached the configured collision radius
velocity row 119/120 IC 132/599 x0=0.786752 velocity_parameter=0.953833 elapsed=91.251s written=27
  crossing 0/250
  stopped velocity row 119 IC 132 x0=0.786752 velocity_parameter=0.953833 status=collision: trajectory reached the configured collision radius
velocity row 120/120 IC 114/599 x0=0.786344 velocity_parameter=0.97 elapsed=91.2856s written=28
  crossing 0/250
  stopped velocity row 120 IC 114 x0=0.786344 velocity_parameter=0.97 status=collision: trajectory reached the configured collision radius
velocity row 120/120 IC 124/599 x0=0.786571 velocity_parameter=0.97 elapsed=91.6421s written=38
  crossing 0/250
  stopped velocity row 120 IC 124 x0=0.786571 velocity_parameter=0.97 status=collision: trajectory reached the configured collision radius
velocity row 120/120 IC 132/599 x0=0.786752 velocity_parameter=0.97 elapsed=91.9052s written=46
  crossing 0/250
  stopped velocity row 120 IC 132 x0=0.786752 velocity_parameter=0.97 status=collision: trajectory reached the configured collision radius
svg -> /mnt/c/Users/payne/Code/Hill_4BP/professional_neck_studies/e1_dense_001/survey/level_003_delta_1e_minus_5/closed/shard_0006/preview.svg
metadata -> /mnt/c/Users/payne/Code/Hill_4BP/professional_neck_studies/e1_dense_001/survey/level_003_delta_1e_minus_5/closed/shard_0006/metadata.txt
wrote 47 points (0 ICs skipped, 2299 orbits stopped early, elapsed=91.9399s) -> /mnt/c/Users/payne/Code/Hill_4BP/professional_neck_studies/e1_dense_001/survey/level_003_delta_1e_minus_5/closed/shard_0006/points.csv
outcomes: collision=2299 completed=0 forbidden=0 inner_radius_limit=0 invalid_initial_radius=0 invalid_velocity=0 nontransverse=0 numerical_failure=0 outer_limit=0 timeout=0
maximum sampled |H-h|=9.14658e-16
