zero-velocity boundary -> /mnt/c/Users/payne/Code/Hill_4BP/professional_neck_studies/e1_dense_001/survey/level_001_delta_1e_minus_3/open/shard_0030/zero_velocity_boundary.csv
lambda1=0.0272549 lambda2=2.97275 A=-0.986373 B=0.486373 c=0.0976566 c1=0 c2=0 c3=-0.0976566 h=-2.39054 (C=4.78107)
E1/E2 neck h=-2.39154 (C=4.78307), E3/E4 neck h=-0.454039 (C=0.908078)
energy_mode=neck_delta neck=E1 hcrit=-2.39154 delta=0.001 side=open actual_neck_side=open delta_h=0.001
x_count=600 xdot_count=121 iterates=250 index range=[564,581] velocity_mode=fraction x_range=[0.722563,0.858546] max_return_time=100
smooth coordinates R=sqrt(rho), CAPD crossing mode=Both solver_order=28 max_step=0.005 abs_tol=1e-15 rel_tol=1e-13 collision_radius=1e-06 outer_radius=5
velocity row 0/120 IC 564/599 x0=0.850601 velocity_parameter=-0.97 elapsed=1.1e-07s written=0
  crossing 0/250
  stopped velocity row 0 IC 564 x0=0.850601 velocity_parameter=-0.97 status=outer_limit: trajectory reached the configured outer_limit radius
  stopped velocity row 0 IC 565 x0=0.850828 velocity_parameter=-0.97 status=outer_limit: trajectory reached the configured outer_limit radius
  stopped velocity row 0 IC 566 x0=0.851055 velocity_parameter=-0.97 status=outer_limit: trajectory reached the configured outer_limit radius
  stopped velocity row 0 IC 567 x0=0.851282 velocity_parameter=-0.97 status=outer_limit: trajectory reached the configured outer_limit radius
  stopped velocity row 0 IC 568 x0=0.851509 velocity_parameter=-0.97 status=outer_limit: trajectory reached the configured outer_limit radius
  stopped velocity row 0 IC 569 x0=0.851736 velocity_parameter=-0.97 status=outer_limit: trajectory reached the configured outer_limit radius
  stopped velocity row 0 IC 570 x0=0.851963 velocity_parameter=-0.97 status=outer_limit: trajectory reached the configured outer_limit radius
  stopped velocity row 0 IC 571 x0=0.85219 velocity_parameter=-0.97 status=outer_limit: trajectory reached the configured outer_limit radius
  stopped velocity row 0 IC 572 x0=0.852417 velocity_parameter=-0.97 status=outer_limit: trajectory reached the configured outer_limit radius
  stopped velocity row 0 IC 573 x0=0.852644 velocity_parameter=-0.97 status=outer_limit: trajectory reached the configured outer_limit radius
velocity row 0/120 IC 574/599 x0=0.852871 velocity_parameter=-0.97 elapsed=0.0720673s written=0
  crossing 0/250
  stopped velocity row 0 IC 574 x0=0.852871 velocity_parameter=-0.97 status=outer_limit: trajectory reached the configured outer_limit radius
velocity row 0/120 IC 581/599 x0=0.85446 velocity_parameter=-0.97 elapsed=0.114764s written=0
  crossing 0/250
  stopped velocity row 0 IC 581 x0=0.85446 velocity_parameter=-0.97 status=outer_limit: trajectory reached the configured outer_limit radius
velocity row 1/120 IC 564/599 x0=0.850601 velocity_parameter=-0.953833 elapsed=0.121487s written=0
  crossing 0/250
  stopped velocity row 1 IC 564 x0=0.850601 velocity_parameter=-0.953833 status=outer_limit: trajectory reached the configured outer_limit radius
velocity row 1/120 IC 574/599 x0=0.852871 velocity_parameter=-0.953833 elapsed=0.18069s written=0
  crossing 0/250
  stopped velocity row 1 IC 574 x0=0.852871 velocity_parameter=-0.953833 status=outer_limit: trajectory reached the configured outer_limit radius
velocity row 1/120 IC 581/599 x0=0.85446 velocity_parameter=-0.953833 elapsed=0.220892s written=0
  crossing 0/250
  stopped velocity row 1 IC 581 x0=0.85446 velocity_parameter=-0.953833 status=outer_limit: trajectory reached the configured outer_limit radius
velocity row 2/120 IC 564/599 x0=0.850601 velocity_parameter=-0.937667 elapsed=0.227858s written=0
  crossing 0/250
  stopped velocity row 2 IC 564 x0=0.850601 velocity_parameter=-0.937667 status=outer_limit: trajectory reached the configured outer_limit radius
velocity row 2/120 IC 574/599 x0=0.852871 velocity_parameter=-0.937667 elapsed=0.291527s written=0
  crossing 0/250
  stopped velocity row 2 IC 574 x0=0.852871 velocity_parameter=-0.937667 status=outer_limit: trajectory reached the configured outer_limit radius
velocity row 2/120 IC 581/599 x0=0.85446 velocity_parameter=-0.937667 elapsed=0.336371s written=0
  crossing 0/250
  stopped velocity row 2 IC 581 x0=0.85446 velocity_parameter=-0.937667 status=outer_limit: trajectory reached the configured outer_limit radius
velocity row 3/120 IC 564/599 x0=0.850601 velocity_parameter=-0.9215 elapsed=0.347361s written=0
  crossing 0/250
  stopped velocity row 3 IC 564 x0=0.850601 velocity_parameter=-0.9215 status=outer_limit: trajectory reached the configured outer_limit radius
velocity row 3/120 IC 574/599 x0=0.852871 velocity_parameter=-0.9215 elapsed=0.419094s written=0
  crossing 0/250
  stopped velocity row 3 IC 574 x0=0.852871 velocity_parameter=-0.9215 status=outer_limit: trajectory reached the configured outer_limit radius
velocity row 3/120 IC 581/599 x0=0.85446 velocity_parameter=-0.9215 elapsed=0.45804s written=0
  crossing 0/250
  stopped velocity row 3 IC 581 x0=0.85446 velocity_parameter=-0.9215 status=outer_limit: trajectory reached the configured outer_limit radius
velocity row 4/120 IC 564/599 x0=0.850601 velocity_parameter=-0.905333 elapsed=0.464863s written=0
  crossing 0/250
  stopped velocity row 4 IC 564 x0=0.850601 velocity_parameter=-0.905333 status=outer_limit: trajectory reached the configured outer_limit radius
velocity row 4/120 IC 574/599 x0=0.852871 velocity_parameter=-0.905333 elapsed=0.542467s written=0
  crossing 0/250
  stopped velocity row 4 IC 574 x0=0.852871 velocity_parameter=-0.905333 status=outer_limit: trajectory reached the configured outer_limit radius
velocity row 4/120 IC 581/599 x0=0.85446 velocity_parameter=-0.905333 elapsed=0.593789s written=0
  crossing 0/250
  stopped velocity row 4 IC 581 x0=0.85446 velocity_parameter=-0.905333 status=outer_limit: trajectory reached the configured outer_limit radius
velocity row 5/120 IC 564/599 x0=0.850601 velocity_parameter=-0.889167 elapsed=0.603327s written=0
  crossing 0/250
  stopped velocity row 5 IC 564 x0=0.850601 velocity_parameter=-0.889167 status=outer_limit: trajectory reached the configured outer_limit radius
velocity row 5/120 IC 574/599 x0=0.852871 velocity_parameter=-0.889167 elapsed=0.665983s written=0
  crossing 0/250
  stopped velocity row 5 IC 574 x0=0.852871 velocity_parameter=-0.889167 status=outer_limit: trajectory reached the configured outer_limit radius
velocity row 5/120 IC 581/599 x0=0.85446 velocity_parameter=-0.889167 elapsed=0.705604s written=0
  crossing 0/250
  stopped velocity row 5 IC 581 x0=0.85446 velocity_parameter=-0.889167 status=outer_limit: trajectory reached the configured outer_limit radius
velocity row 6/120 IC 564/599 x0=0.850601 velocity_parameter=-0.873 elapsed=0.711492s written=0
  crossing 0/250
  stopped velocity row 6 IC 564 x0=0.850601 velocity_parameter=-0.873 status=outer_limit: trajectory reached the configured outer_limit radius
velocity row 6/120 IC 574/599 x0=0.852871 velocity_parameter=-0.873 elapsed=0.771117s written=0
  crossing 0/250
  stopped velocity row 6 IC 574 x0=0.852871 velocity_parameter=-0.873 status=outer_limit: trajectory reached the configured outer_limit radius
velocity row 6/120 IC 581/599 x0=0.85446 velocity_parameter=-0.873 elapsed=0.811315s written=0
  crossing 0/250
  stopped velocity row 6 IC 581 x0=0.85446 velocity_parameter=-0.873 status=outer_limit: trajectory reached the configured outer_limit radius
velocity row 7/120 IC 564/599 x0=0.850601 velocity_parameter=-0.856833 elapsed=0.827427s written=0
  crossing 0/250
  stopped velocity row 7 IC 564 x0=0.850601 velocity_parameter=-0.856833 status=outer_limit: trajectory reached the configured outer_limit radius
velocity row 7/120 IC 574/599 x0=0.852871 velocity_parameter=-0.856833 elapsed=0.889322s written=0
  crossing 0/250
  stopped velocity row 7 IC 574 x0=0.852871 velocity_parameter=-0.856833 status=outer_limit: trajectory reached the configured outer_limit radius
velocity row 7/120 IC 581/599 x0=0.85446 velocity_parameter=-0.856833 elapsed=0.930913s written=0
  crossing 0/250
  stopped velocity row 7 IC 581 x0=0.85446 velocity_parameter=-0.856833 status=outer_limit: trajectory reached the configured outer_limit radius
velocity row 8/120 IC 564/599 x0=0.850601 velocity_parameter=-0.840667 elapsed=0.935695s written=0
  crossing 0/250
  stopped velocity row 8 IC 564 x0=0.850601 velocity_parameter=-0.840667 status=outer_limit: trajectory reached the configured outer_limit radius
velocity row 8/120 IC 574/599 x0=0.852871 velocity_parameter=-0.840667 elapsed=0.98872s written=0
  crossing 0/250
  stopped velocity row 8 IC 574 x0=0.852871 velocity_parameter=-0.840667 status=outer_limit: trajectory reached the configured outer_limit radius
velocity row 8/120 IC 581/599 x0=0.85446 velocity_parameter=-0.840667 elapsed=1.02416s written=0
  crossing 0/250
  stopped velocity row 8 IC 581 x0=0.85446 velocity_parameter=-0.840667 status=outer_limit: trajectory reached the configured outer_limit radius
velocity row 9/120 IC 564/599 x0=0.850601 velocity_parameter=-0.8245 elapsed=1.03073s written=0
  crossing 0/250
  stopped velocity row 9 IC 564 x0=0.850601 velocity_parameter=-0.8245 status=outer_limit: trajectory reached the configured outer_limit radius
velocity row 9/120 IC 574/599 x0=0.852871 velocity_parameter=-0.8245 elapsed=1.09447s written=0
  crossing 0/250
  stopped velocity row 9 IC 574 x0=0.852871 velocity_parameter=-0.8245 status=outer_limit: trajectory reached the configured outer_limit radius
velocity row 9/120 IC 581/599 x0=0.85446 velocity_parameter=-0.8245 elapsed=1.14296s written=0
  crossing 0/250
  stopped velocity row 9 IC 581 x0=0.85446 velocity_parameter=-0.8245 status=outer_limit: trajectory reached the configured outer_limit radius
velocity row 10/120 IC 564/599 x0=0.850601 velocity_parameter=-0.808333 elapsed=1.14782s written=0
  crossing 0/250
  stopped velocity row 10 IC 564 x0=0.850601 velocity_parameter=-0.808333 status=outer_limit: trajectory reached the configured outer_limit radius
velocity row 10/120 IC 574/599 x0=0.852871 velocity_parameter=-0.808333 elapsed=1.21054s written=0
  crossing 0/250
  stopped velocity row 10 IC 574 x0=0.852871 velocity_parameter=-0.808333 status=outer_limit: trajectory reached the configured outer_limit radius
velocity row 10/120 IC 581/599 x0=0.85446 velocity_parameter=-0.808333 elapsed=1.25629s written=0
  crossing 0/250
  stopped velocity row 10 IC 581 x0=0.85446 velocity_parameter=-0.808333 status=outer_limit: trajectory reached the configured outer_limit radius
velocity row 11/120 IC 564/599 x0=0.850601 velocity_parameter=-0.792167 elapsed=1.26166s written=0
  crossing 0/250
  stopped velocity row 11 IC 564 x0=0.850601 velocity_parameter=-0.792167 status=outer_limit: trajectory reached the configured outer_limit radius
velocity row 11/120 IC 574/599 x0=0.852871 velocity_parameter=-0.792167 elapsed=1.31539s written=0
  crossing 0/250
  stopped velocity row 11 IC 574 x0=0.852871 velocity_parameter=-0.792167 status=outer_limit: trajectory reached the configured outer_limit radius
velocity row 11/120 IC 581/599 x0=0.85446 velocity_parameter=-0.792167 elapsed=1.35123s written=0
  crossing 0/250
  stopped velocity row 11 IC 581 x0=0.85446 velocity_parameter=-0.792167 status=outer_limit: trajectory reached the configured outer_limit radius
velocity row 12/120 IC 564/599 x0=0.850601 velocity_parameter=-0.776 elapsed=1.35683s written=0
  crossing 0/250
  stopped velocity row 12 IC 564 x0=0.850601 velocity_parameter=-0.776 status=outer_limit: trajectory reached the configured outer_limit radius
velocity row 12/120 IC 574/599 x0=0.852871 velocity_parameter=-0.776 elapsed=1.40896s written=0
  crossing 0/250
  stopped velocity row 12 IC 574 x0=0.852871 velocity_parameter=-0.776 status=outer_limit: trajectory reached the configured outer_limit radius
velocity row 12/120 IC 581/599 x0=0.85446 velocity_parameter=-0.776 elapsed=1.44487s written=0
  crossing 0/250
  stopped velocity row 12 IC 581 x0=0.85446 velocity_parameter=-0.776 status=outer_limit: trajectory reached the configured outer_limit radius
velocity row 13/120 IC 564/599 x0=0.850601 velocity_parameter=-0.759833 elapsed=1.44925s written=0
  crossing 0/250
  stopped velocity row 13 IC 564 x0=0.850601 velocity_parameter=-0.759833 status=outer_limit: trajectory reached the configured outer_limit radius
velocity row 13/120 IC 574/599 x0=0.852871 velocity_parameter=-0.759833 elapsed=1.50537s written=0
  crossing 0/250
  stopped velocity row 13 IC 574 x0=0.852871 velocity_parameter=-0.759833 status=outer_limit: trajectory reached the configured outer_limit radius
velocity row 13/120 IC 581/599 x0=0.85446 velocity_parameter=-0.759833 elapsed=1.55185s written=0
  crossing 0/250
  stopped velocity row 13 IC 581 x0=0.85446 velocity_parameter=-0.759833 status=outer_limit: trajectory reached the configured outer_limit radius
velocity row 14/120 IC 564/599 x0=0.850601 velocity_parameter=-0.743667 elapsed=1.55799s written=0
  crossing 0/250
  stopped velocity row 14 IC 564 x0=0.850601 velocity_parameter=-0.743667 status=outer_limit: trajectory reached the configured outer_limit radius
velocity row 14/120 IC 574/599 x0=0.852871 velocity_parameter=-0.743667 elapsed=1.63486s written=0
  crossing 0/250
  stopped velocity row 14 IC 574 x0=0.852871 velocity_parameter=-0.743667 status=outer_limit: trajectory reached the configured outer_limit radius
velocity row 14/120 IC 581/599 x0=0.85446 velocity_parameter=-0.743667 elapsed=1.67505s written=0
  crossing 0/250
  stopped velocity row 14 IC 581 x0=0.85446 velocity_parameter=-0.743667 status=outer_limit: trajectory reached the configured outer_limit radius
velocity row 15/120 IC 564/599 x0=0.850601 velocity_parameter=-0.7275 elapsed=1.67945s written=0
  crossing 0/250
  stopped velocity row 15 IC 564 x0=0.850601 velocity_parameter=-0.7275 status=outer_limit: trajectory reached the configured outer_limit radius
velocity row 15/120 IC 574/599 x0=0.852871 velocity_parameter=-0.7275 elapsed=1.72916s written=0
  crossing 0/250
  stopped velocity row 15 IC 574 x0=0.852871 velocity_parameter=-0.7275 status=outer_limit: trajectory reached the configured outer_limit radius
velocity row 15/120 IC 581/599 x0=0.85446 velocity_parameter=-0.7275 elapsed=1.76648s written=0
  crossing 0/250
  stopped velocity row 15 IC 581 x0=0.85446 velocity_parameter=-0.7275 status=outer_limit: trajectory reached the configured outer_limit radius
velocity row 16/120 IC 564/599 x0=0.850601 velocity_parameter=-0.711333 elapsed=1.77119s written=0
  crossing 0/250
  stopped velocity row 16 IC 564 x0=0.850601 velocity_parameter=-0.711333 status=outer_limit: trajectory reached the configured outer_limit radius
velocity row 16/120 IC 574/599 x0=0.852871 velocity_parameter=-0.711333 elapsed=1.83495s written=0
  crossing 0/250
  stopped velocity row 16 IC 574 x0=0.852871 velocity_parameter=-0.711333 status=outer_limit: trajectory reached the configured outer_limit radius
velocity row 16/120 IC 581/599 x0=0.85446 velocity_parameter=-0.711333 elapsed=1.87028s written=0
  crossing 0/250
  stopped velocity row 16 IC 581 x0=0.85446 velocity_parameter=-0.711333 status=outer_limit: trajectory reached the configured outer_limit radius
velocity row 17/120 IC 564/599 x0=0.850601 velocity_parameter=-0.695167 elapsed=1.87524s written=0
  crossing 0/250
  stopped velocity row 17 IC 564 x0=0.850601 velocity_parameter=-0.695167 status=outer_limit: trajectory reached the configured outer_limit radius
velocity row 17/120 IC 574/599 x0=0.852871 velocity_parameter=-0.695167 elapsed=1.91852s written=0
  crossing 0/250
  stopped velocity row 17 IC 574 x0=0.852871 velocity_parameter=-0.695167 status=outer_limit: trajectory reached the configured outer_limit radius
velocity row 17/120 IC 581/599 x0=0.85446 velocity_parameter=-0.695167 elapsed=1.95146s written=0
  crossing 0/250
  stopped velocity row 17 IC 581 x0=0.85446 velocity_parameter=-0.695167 status=outer_limit: trajectory reached the configured outer_limit radius
velocity row 18/120 IC 564/599 x0=0.850601 velocity_parameter=-0.679 elapsed=1.95876s written=0
  crossing 0/250
  stopped velocity row 18 IC 564 x0=0.850601 velocity_parameter=-0.679 status=outer_limit: trajectory reached the configured outer_limit radius
velocity row 18/120 IC 574/599 x0=0.852871 velocity_parameter=-0.679 elapsed=2.01528s written=0
  crossing 0/250
  stopped velocity row 18 IC 574 x0=0.852871 velocity_parameter=-0.679 status=outer_limit: trajectory reached the configured outer_limit radius
velocity row 18/120 IC 581/599 x0=0.85446 velocity_parameter=-0.679 elapsed=2.04508s written=0
  crossing 0/250
  stopped velocity row 18 IC 581 x0=0.85446 velocity_parameter=-0.679 status=outer_limit: trajectory reached the configured outer_limit radius
velocity row 19/120 IC 564/599 x0=0.850601 velocity_parameter=-0.662833 elapsed=2.04923s written=0
  crossing 0/250
  stopped velocity row 19 IC 564 x0=0.850601 velocity_parameter=-0.662833 status=outer_limit: trajectory reached the configured outer_limit radius
velocity row 19/120 IC 574/599 x0=0.852871 velocity_parameter=-0.662833 elapsed=2.10626s written=0
  crossing 0/250
  stopped velocity row 19 IC 574 x0=0.852871 velocity_parameter=-0.662833 status=outer_limit: trajectory reached the configured outer_limit radius
velocity row 19/120 IC 581/599 x0=0.85446 velocity_parameter=-0.662833 elapsed=2.14243s written=0
  crossing 0/250
  stopped velocity row 19 IC 581 x0=0.85446 velocity_parameter=-0.662833 status=outer_limit: trajectory reached the configured outer_limit radius
velocity row 20/120 IC 564/599 x0=0.850601 velocity_parameter=-0.646667 elapsed=2.14688s written=0
  crossing 0/250
  stopped velocity row 20 IC 564 x0=0.850601 velocity_parameter=-0.646667 status=outer_limit: trajectory reached the configured outer_limit radius
velocity row 20/120 IC 574/599 x0=0.852871 velocity_parameter=-0.646667 elapsed=2.20264s written=0
  crossing 0/250
  stopped velocity row 20 IC 574 x0=0.852871 velocity_parameter=-0.646667 status=outer_limit: trajectory reached the configured outer_limit radius
velocity row 20/120 IC 581/599 x0=0.85446 velocity_parameter=-0.646667 elapsed=2.2534s written=0
  crossing 0/250
  stopped velocity row 20 IC 581 x0=0.85446 velocity_parameter=-0.646667 status=outer_limit: trajectory reached the configured outer_limit radius
velocity row 21/120 IC 564/599 x0=0.850601 velocity_parameter=-0.6305 elapsed=2.25815s written=0
  crossing 0/250
  stopped velocity row 21 IC 564 x0=0.850601 velocity_parameter=-0.6305 status=outer_limit: trajectory reached the configured outer_limit radius
velocity row 21/120 IC 574/599 x0=0.852871 velocity_parameter=-0.6305 elapsed=2.31761s written=0
  crossing 0/250
  stopped velocity row 21 IC 574 x0=0.852871 velocity_parameter=-0.6305 status=outer_limit: trajectory reached the configured outer_limit radius
velocity row 21/120 IC 581/599 x0=0.85446 velocity_parameter=-0.6305 elapsed=2.35316s written=0
  crossing 0/250
  stopped velocity row 21 IC 581 x0=0.85446 velocity_parameter=-0.6305 status=outer_limit: trajectory reached the configured outer_limit radius
velocity row 22/120 IC 564/599 x0=0.850601 velocity_parameter=-0.614333 elapsed=2.36034s written=0
  crossing 0/250
  stopped velocity row 22 IC 564 x0=0.850601 velocity_parameter=-0.614333 status=outer_limit: trajectory reached the configured outer_limit radius
velocity row 22/120 IC 574/599 x0=0.852871 velocity_parameter=-0.614333 elapsed=2.41042s written=0
  crossing 0/250
  stopped velocity row 22 IC 574 x0=0.852871 velocity_parameter=-0.614333 status=outer_limit: trajectory reached the configured outer_limit radius
velocity row 22/120 IC 581/599 x0=0.85446 velocity_parameter=-0.614333 elapsed=2.45084s written=0
  crossing 0/250
  stopped velocity row 22 IC 581 x0=0.85446 velocity_parameter=-0.614333 status=outer_limit: trajectory reached the configured outer_limit radius
velocity row 23/120 IC 564/599 x0=0.850601 velocity_parameter=-0.598167 elapsed=2.45685s written=0
  crossing 0/250
  stopped velocity row 23 IC 564 x0=0.850601 velocity_parameter=-0.598167 status=outer_limit: trajectory reached the configured outer_limit radius
velocity row 23/120 IC 574/599 x0=0.852871 velocity_parameter=-0.598167 elapsed=2.50891s written=0
  crossing 0/250
  stopped velocity row 23 IC 574 x0=0.852871 velocity_parameter=-0.598167 status=outer_limit: trajectory reached the configured outer_limit radius
velocity row 23/120 IC 581/599 x0=0.85446 velocity_parameter=-0.598167 elapsed=2.55324s written=0
  crossing 0/250
  stopped velocity row 23 IC 581 x0=0.85446 velocity_parameter=-0.598167 status=outer_limit: trajectory reached the configured outer_limit radius
velocity row 24/120 IC 564/599 x0=0.850601 velocity_parameter=-0.582 elapsed=2.55756s written=0
  crossing 0/250
  stopped velocity row 24 IC 564 x0=0.850601 velocity_parameter=-0.582 status=outer_limit: trajectory reached the configured outer_limit radius
velocity row 24/120 IC 574/599 x0=0.852871 velocity_parameter=-0.582 elapsed=2.60591s written=0
  crossing 0/250
  stopped velocity row 24 IC 574 x0=0.852871 velocity_parameter=-0.582 status=outer_limit: trajectory reached the configured outer_limit radius
velocity row 24/120 IC 581/599 x0=0.85446 velocity_parameter=-0.582 elapsed=2.65851s written=0
  crossing 0/250
  stopped velocity row 24 IC 581 x0=0.85446 velocity_parameter=-0.582 status=outer_limit: trajectory reached the configured outer_limit radius
velocity row 25/120 IC 564/599 x0=0.850601 velocity_parameter=-0.565833 elapsed=2.67123s written=0
  crossing 0/250
  stopped velocity row 25 IC 564 x0=0.850601 velocity_parameter=-0.565833 status=outer_limit: trajectory reached the configured outer_limit radius
velocity row 25/120 IC 574/599 x0=0.852871 velocity_parameter=-0.565833 elapsed=2.73631s written=0
  crossing 0/250
  stopped velocity row 25 IC 574 x0=0.852871 velocity_parameter=-0.565833 status=outer_limit: trajectory reached the configured outer_limit radius
velocity row 25/120 IC 581/599 x0=0.85446 velocity_parameter=-0.565833 elapsed=2.77239s written=0
  crossing 0/250
  stopped velocity row 25 IC 581 x0=0.85446 velocity_parameter=-0.565833 status=outer_limit: trajectory reached the configured outer_limit radius
velocity row 26/120 IC 564/599 x0=0.850601 velocity_parameter=-0.549667 elapsed=2.77813s written=0
  crossing 0/250
  stopped velocity row 26 IC 564 x0=0.850601 velocity_parameter=-0.549667 status=outer_limit: trajectory reached the configured outer_limit radius
velocity row 26/120 IC 574/599 x0=0.852871 velocity_parameter=-0.549667 elapsed=2.82742s written=0
  crossing 0/250
  stopped velocity row 26 IC 574 x0=0.852871 velocity_parameter=-0.549667 status=outer_limit: trajectory reached the configured outer_limit radius
velocity row 26/120 IC 581/599 x0=0.85446 velocity_parameter=-0.549667 elapsed=2.86646s written=0
  crossing 0/250
  stopped velocity row 26 IC 581 x0=0.85446 velocity_parameter=-0.549667 status=outer_limit: trajectory reached the configured outer_limit radius
velocity row 27/120 IC 564/599 x0=0.850601 velocity_parameter=-0.5335 elapsed=2.87145s written=0
  crossing 0/250
  stopped velocity row 27 IC 564 x0=0.850601 velocity_parameter=-0.5335 status=outer_limit: trajectory reached the configured outer_limit radius
velocity row 27/120 IC 574/599 x0=0.852871 velocity_parameter=-0.5335 elapsed=2.91378s written=0
  crossing 0/250
  stopped velocity row 27 IC 574 x0=0.852871 velocity_parameter=-0.5335 status=outer_limit: trajectory reached the configured outer_limit radius
velocity row 27/120 IC 581/599 x0=0.85446 velocity_parameter=-0.5335 elapsed=2.95295s written=0
  crossing 0/250
  stopped velocity row 27 IC 581 x0=0.85446 velocity_parameter=-0.5335 status=outer_limit: trajectory reached the configured outer_limit radius
velocity row 28/120 IC 564/599 x0=0.850601 velocity_parameter=-0.517333 elapsed=2.95701s written=0
  crossing 0/250
  stopped velocity row 28 IC 564 x0=0.850601 velocity_parameter=-0.517333 status=outer_limit: trajectory reached the configured outer_limit radius
velocity row 28/120 IC 574/599 x0=0.852871 velocity_parameter=-0.517333 elapsed=3.01073s written=0
  crossing 0/250
  stopped velocity row 28 IC 574 x0=0.852871 velocity_parameter=-0.517333 status=outer_limit: trajectory reached the configured outer_limit radius
velocity row 28/120 IC 581/599 x0=0.85446 velocity_parameter=-0.517333 elapsed=3.04481s written=0
  crossing 0/250
  stopped velocity row 28 IC 581 x0=0.85446 velocity_parameter=-0.517333 status=outer_limit: trajectory reached the configured outer_limit radius
velocity row 29/120 IC 564/599 x0=0.850601 velocity_parameter=-0.501167 elapsed=3.05096s written=0
  crossing 0/250
  stopped velocity row 29 IC 564 x0=0.850601 velocity_parameter=-0.501167 status=outer_limit: trajectory reached the configured outer_limit radius
velocity row 29/120 IC 574/599 x0=0.852871 velocity_parameter=-0.501167 elapsed=3.09417s written=0
  crossing 0/250
  stopped velocity row 29 IC 574 x0=0.852871 velocity_parameter=-0.501167 status=outer_limit: trajectory reached the configured outer_limit radius
velocity row 29/120 IC 581/599 x0=0.85446 velocity_parameter=-0.501167 elapsed=3.12912s written=0
  crossing 0/250
  stopped velocity row 29 IC 581 x0=0.85446 velocity_parameter=-0.501167 status=outer_limit: trajectory reached the configured outer_limit radius
velocity row 30/120 IC 564/599 x0=0.850601 velocity_parameter=-0.485 elapsed=3.13932s written=0
  crossing 0/250
  stopped velocity row 30 IC 564 x0=0.850601 velocity_parameter=-0.485 status=outer_limit: trajectory reached the configured outer_limit radius
velocity row 30/120 IC 574/599 x0=0.852871 velocity_parameter=-0.485 elapsed=3.18841s written=0
  crossing 0/250
  stopped velocity row 30 IC 574 x0=0.852871 velocity_parameter=-0.485 status=outer_limit: trajectory reached the configured outer_limit radius
velocity row 30/120 IC 581/599 x0=0.85446 velocity_parameter=-0.485 elapsed=3.23075s written=0
  crossing 0/250
  stopped velocity row 30 IC 581 x0=0.85446 velocity_parameter=-0.485 status=outer_limit: trajectory reached the configured outer_limit radius
velocity row 31/120 IC 564/599 x0=0.850601 velocity_parameter=-0.468833 elapsed=3.23494s written=0
  crossing 0/250
  stopped velocity row 31 IC 564 x0=0.850601 velocity_parameter=-0.468833 status=outer_limit: trajectory reached the configured outer_limit radius
velocity row 31/120 IC 574/599 x0=0.852871 velocity_parameter=-0.468833 elapsed=3.28029s written=0
  crossing 0/250
  stopped velocity row 31 IC 574 x0=0.852871 velocity_parameter=-0.468833 status=outer_limit: trajectory reached the configured outer_limit radius
velocity row 31/120 IC 581/599 x0=0.85446 velocity_parameter=-0.468833 elapsed=3.31478s written=0
  crossing 0/250
  stopped velocity row 31 IC 581 x0=0.85446 velocity_parameter=-0.468833 status=outer_limit: trajectory reached the configured outer_limit radius
velocity row 32/120 IC 564/599 x0=0.850601 velocity_parameter=-0.452667 elapsed=3.31892s written=0
  crossing 0/250
  stopped velocity row 32 IC 564 x0=0.850601 velocity_parameter=-0.452667 status=outer_limit: trajectory reached the configured outer_limit radius
velocity row 32/120 IC 574/599 x0=0.852871 velocity_parameter=-0.452667 elapsed=3.37088s written=0
  crossing 0/250
  stopped velocity row 32 IC 574 x0=0.852871 velocity_parameter=-0.452667 status=outer_limit: trajectory reached the configured outer_limit radius
velocity row 32/120 IC 581/599 x0=0.85446 velocity_parameter=-0.452667 elapsed=3.40972s written=0
  crossing 0/250
  stopped velocity row 32 IC 581 x0=0.85446 velocity_parameter=-0.452667 status=outer_limit: trajectory reached the configured outer_limit radius
velocity row 33/120 IC 564/599 x0=0.850601 velocity_parameter=-0.4365 elapsed=3.41529s written=0
  crossing 0/250
  stopped velocity row 33 IC 564 x0=0.850601 velocity_parameter=-0.4365 status=outer_limit: trajectory reached the configured outer_limit radius
velocity row 33/120 IC 574/599 x0=0.852871 velocity_parameter=-0.4365 elapsed=3.46568s written=0
  crossing 0/250
  stopped velocity row 33 IC 574 x0=0.852871 velocity_parameter=-0.4365 status=outer_limit: trajectory reached the configured outer_limit radius
velocity row 33/120 IC 581/599 x0=0.85446 velocity_parameter=-0.4365 elapsed=3.50748s written=0
  crossing 0/250
  stopped velocity row 33 IC 581 x0=0.85446 velocity_parameter=-0.4365 status=outer_limit: trajectory reached the configured outer_limit radius
velocity row 34/120 IC 564/599 x0=0.850601 velocity_parameter=-0.420333 elapsed=3.51385s written=0
  crossing 0/250
  stopped velocity row 34 IC 564 x0=0.850601 velocity_parameter=-0.420333 status=outer_limit: trajectory reached the configured outer_limit radius
velocity row 34/120 IC 574/599 x0=0.852871 velocity_parameter=-0.420333 elapsed=3.56855s written=0
  crossing 0/250
  stopped velocity row 34 IC 574 x0=0.852871 velocity_parameter=-0.420333 status=outer_limit: trajectory reached the configured outer_limit radius
velocity row 34/120 IC 581/599 x0=0.85446 velocity_parameter=-0.420333 elapsed=3.60093s written=0
  crossing 0/250
  stopped velocity row 34 IC 581 x0=0.85446 velocity_parameter=-0.420333 status=outer_limit: trajectory reached the configured outer_limit radius
velocity row 35/120 IC 564/599 x0=0.850601 velocity_parameter=-0.404167 elapsed=3.61197s written=0
  crossing 0/250
  stopped velocity row 35 IC 564 x0=0.850601 velocity_parameter=-0.404167 status=outer_limit: trajectory reached the configured outer_limit radius
velocity row 35/120 IC 574/599 x0=0.852871 velocity_parameter=-0.404167 elapsed=3.6596s written=0
  crossing 0/250
  stopped velocity row 35 IC 574 x0=0.852871 velocity_parameter=-0.404167 status=outer_limit: trajectory reached the configured outer_limit radius
velocity row 35/120 IC 581/599 x0=0.85446 velocity_parameter=-0.404167 elapsed=3.69905s written=0
  crossing 0/250
  stopped velocity row 35 IC 581 x0=0.85446 velocity_parameter=-0.404167 status=outer_limit: trajectory reached the configured outer_limit radius
velocity row 36/120 IC 564/599 x0=0.850601 velocity_parameter=-0.388 elapsed=3.70302s written=0
  crossing 0/250
  stopped velocity row 36 IC 564 x0=0.850601 velocity_parameter=-0.388 status=outer_limit: trajectory reached the configured outer_limit radius
velocity row 36/120 IC 574/599 x0=0.852871 velocity_parameter=-0.388 elapsed=3.74895s written=0
  crossing 0/250
  stopped velocity row 36 IC 574 x0=0.852871 velocity_parameter=-0.388 status=outer_limit: trajectory reached the configured outer_limit radius
velocity row 36/120 IC 581/599 x0=0.85446 velocity_parameter=-0.388 elapsed=3.77858s written=0
  crossing 0/250
  stopped velocity row 36 IC 581 x0=0.85446 velocity_parameter=-0.388 status=outer_limit: trajectory reached the configured outer_limit radius
velocity row 37/120 IC 564/599 x0=0.850601 velocity_parameter=-0.371833 elapsed=3.78326s written=0
  crossing 0/250
  stopped velocity row 37 IC 564 x0=0.850601 velocity_parameter=-0.371833 status=outer_limit: trajectory reached the configured outer_limit radius
velocity row 37/120 IC 574/599 x0=0.852871 velocity_parameter=-0.371833 elapsed=3.82984s written=0
  crossing 0/250
  stopped velocity row 37 IC 574 x0=0.852871 velocity_parameter=-0.371833 status=outer_limit: trajectory reached the configured outer_limit radius
velocity row 37/120 IC 581/599 x0=0.85446 velocity_parameter=-0.371833 elapsed=3.8659s written=0
  crossing 0/250
  stopped velocity row 37 IC 581 x0=0.85446 velocity_parameter=-0.371833 status=outer_limit: trajectory reached the configured outer_limit radius
velocity row 38/120 IC 564/599 x0=0.850601 velocity_parameter=-0.355667 elapsed=3.87187s written=0
  crossing 0/250
  stopped velocity row 38 IC 564 x0=0.850601 velocity_parameter=-0.355667 status=outer_limit: trajectory reached the configured outer_limit radius
velocity row 38/120 IC 574/599 x0=0.852871 velocity_parameter=-0.355667 elapsed=3.9282s written=0
  crossing 0/250
  stopped velocity row 38 IC 574 x0=0.852871 velocity_parameter=-0.355667 status=outer_limit: trajectory reached the configured outer_limit radius
velocity row 38/120 IC 581/599 x0=0.85446 velocity_parameter=-0.355667 elapsed=3.96395s written=0
  crossing 0/250
  stopped velocity row 38 IC 581 x0=0.85446 velocity_parameter=-0.355667 status=outer_limit: trajectory reached the configured outer_limit radius
velocity row 39/120 IC 564/599 x0=0.850601 velocity_parameter=-0.3395 elapsed=3.96824s written=0
  crossing 0/250
  stopped velocity row 39 IC 564 x0=0.850601 velocity_parameter=-0.3395 status=outer_limit: trajectory reached the configured outer_limit radius
velocity row 39/120 IC 574/599 x0=0.852871 velocity_parameter=-0.3395 elapsed=4.01979s written=0
  crossing 0/250
  stopped velocity row 39 IC 574 x0=0.852871 velocity_parameter=-0.3395 status=outer_limit: trajectory reached the configured outer_limit radius
velocity row 39/120 IC 581/599 x0=0.85446 velocity_parameter=-0.3395 elapsed=4.0534s written=0
  crossing 0/250
  stopped velocity row 39 IC 581 x0=0.85446 velocity_parameter=-0.3395 status=outer_limit: trajectory reached the configured outer_limit radius
velocity row 40/120 IC 564/599 x0=0.850601 velocity_parameter=-0.323333 elapsed=4.05907s written=0
  crossing 0/250
  stopped velocity row 40 IC 564 x0=0.850601 velocity_parameter=-0.323333 status=outer_limit: trajectory reached the configured outer_limit radius
velocity row 40/120 IC 574/599 x0=0.852871 velocity_parameter=-0.323333 elapsed=4.10639s written=0
  crossing 0/250
  stopped velocity row 40 IC 574 x0=0.852871 velocity_parameter=-0.323333 status=outer_limit: trajectory reached the configured outer_limit radius
velocity row 40/120 IC 581/599 x0=0.85446 velocity_parameter=-0.323333 elapsed=4.13716s written=0
  crossing 0/250
  stopped velocity row 40 IC 581 x0=0.85446 velocity_parameter=-0.323333 status=outer_limit: trajectory reached the configured outer_limit radius
velocity row 41/120 IC 564/599 x0=0.850601 velocity_parameter=-0.307167 elapsed=4.14204s written=0
  crossing 0/250
  stopped velocity row 41 IC 564 x0=0.850601 velocity_parameter=-0.307167 status=outer_limit: trajectory reached the configured outer_limit radius
velocity row 41/120 IC 574/599 x0=0.852871 velocity_parameter=-0.307167 elapsed=4.18896s written=0
  crossing 0/250
  stopped velocity row 41 IC 574 x0=0.852871 velocity_parameter=-0.307167 status=outer_limit: trajectory reached the configured outer_limit radius
velocity row 41/120 IC 581/599 x0=0.85446 velocity_parameter=-0.307167 elapsed=4.2177s written=0
  crossing 0/250
  stopped velocity row 41 IC 581 x0=0.85446 velocity_parameter=-0.307167 status=outer_limit: trajectory reached the configured outer_limit radius
velocity row 42/120 IC 564/599 x0=0.850601 velocity_parameter=-0.291 elapsed=4.22309s written=0
  crossing 0/250
  stopped velocity row 42 IC 564 x0=0.850601 velocity_parameter=-0.291 status=outer_limit: trajectory reached the configured outer_limit radius
velocity row 42/120 IC 574/599 x0=0.852871 velocity_parameter=-0.291 elapsed=4.2692s written=0
  crossing 0/250
  stopped velocity row 42 IC 574 x0=0.852871 velocity_parameter=-0.291 status=outer_limit: trajectory reached the configured outer_limit radius
velocity row 42/120 IC 581/599 x0=0.85446 velocity_parameter=-0.291 elapsed=4.304s written=0
  crossing 0/250
  stopped velocity row 42 IC 581 x0=0.85446 velocity_parameter=-0.291 status=outer_limit: trajectory reached the configured outer_limit radius
velocity row 43/120 IC 564/599 x0=0.850601 velocity_parameter=-0.274833 elapsed=4.30777s written=0
  crossing 0/250
  stopped velocity row 43 IC 564 x0=0.850601 velocity_parameter=-0.274833 status=outer_limit: trajectory reached the configured outer_limit radius
velocity row 43/120 IC 574/599 x0=0.852871 velocity_parameter=-0.274833 elapsed=4.35539s written=0
  crossing 0/250
  stopped velocity row 43 IC 574 x0=0.852871 velocity_parameter=-0.274833 status=outer_limit: trajectory reached the configured outer_limit radius
velocity row 43/120 IC 581/599 x0=0.85446 velocity_parameter=-0.274833 elapsed=4.38494s written=0
  crossing 0/250
  stopped velocity row 43 IC 581 x0=0.85446 velocity_parameter=-0.274833 status=outer_limit: trajectory reached the configured outer_limit radius
velocity row 44/120 IC 564/599 x0=0.850601 velocity_parameter=-0.258667 elapsed=4.39211s written=0
  crossing 0/250
  stopped velocity row 44 IC 564 x0=0.850601 velocity_parameter=-0.258667 status=outer_limit: trajectory reached the configured outer_limit radius
velocity row 44/120 IC 574/599 x0=0.852871 velocity_parameter=-0.258667 elapsed=4.43864s written=0
  crossing 0/250
  stopped velocity row 44 IC 574 x0=0.852871 velocity_parameter=-0.258667 status=outer_limit: trajectory reached the configured outer_limit radius
velocity row 44/120 IC 581/599 x0=0.85446 velocity_parameter=-0.258667 elapsed=4.47184s written=0
  crossing 0/250
  stopped velocity row 44 IC 581 x0=0.85446 velocity_parameter=-0.258667 status=outer_limit: trajectory reached the configured outer_limit radius
velocity row 45/120 IC 564/599 x0=0.850601 velocity_parameter=-0.2425 elapsed=4.47617s written=0
  crossing 0/250
  stopped velocity row 45 IC 564 x0=0.850601 velocity_parameter=-0.2425 status=outer_limit: trajectory reached the configured outer_limit radius
velocity row 45/120 IC 574/599 x0=0.852871 velocity_parameter=-0.2425 elapsed=4.51908s written=0
  crossing 0/250
  stopped velocity row 45 IC 574 x0=0.852871 velocity_parameter=-0.2425 status=outer_limit: trajectory reached the configured outer_limit radius
velocity row 45/120 IC 581/599 x0=0.85446 velocity_parameter=-0.2425 elapsed=4.5483s written=0
  crossing 0/250
  stopped velocity row 45 IC 581 x0=0.85446 velocity_parameter=-0.2425 status=outer_limit: trajectory reached the configured outer_limit radius
velocity row 46/120 IC 564/599 x0=0.850601 velocity_parameter=-0.226333 elapsed=4.55167s written=0
  crossing 0/250
  stopped velocity row 46 IC 564 x0=0.850601 velocity_parameter=-0.226333 status=outer_limit: trajectory reached the configured outer_limit radius
velocity row 46/120 IC 574/599 x0=0.852871 velocity_parameter=-0.226333 elapsed=4.59266s written=0
  crossing 0/250
  stopped velocity row 46 IC 574 x0=0.852871 velocity_parameter=-0.226333 status=outer_limit: trajectory reached the configured outer_limit radius
velocity row 46/120 IC 581/599 x0=0.85446 velocity_parameter=-0.226333 elapsed=4.62645s written=0
  crossing 0/250
  stopped velocity row 46 IC 581 x0=0.85446 velocity_parameter=-0.226333 status=outer_limit: trajectory reached the configured outer_limit radius
velocity row 47/120 IC 564/599 x0=0.850601 velocity_parameter=-0.210167 elapsed=4.63002s written=0
  crossing 0/250
  stopped velocity row 47 IC 564 x0=0.850601 velocity_parameter=-0.210167 status=outer_limit: trajectory reached the configured outer_limit radius
velocity row 47/120 IC 574/599 x0=0.852871 velocity_parameter=-0.210167 elapsed=4.67685s written=0
  crossing 0/250
  stopped velocity row 47 IC 574 x0=0.852871 velocity_parameter=-0.210167 status=outer_limit: trajectory reached the configured outer_limit radius
velocity row 47/120 IC 581/599 x0=0.85446 velocity_parameter=-0.210167 elapsed=4.71786s written=0
  crossing 0/250
  stopped velocity row 47 IC 581 x0=0.85446 velocity_parameter=-0.210167 status=outer_limit: trajectory reached the configured outer_limit radius
velocity row 48/120 IC 564/599 x0=0.850601 velocity_parameter=-0.194 elapsed=4.72241s written=0
  crossing 0/250
  stopped velocity row 48 IC 564 x0=0.850601 velocity_parameter=-0.194 status=outer_limit: trajectory reached the configured outer_limit radius
velocity row 48/120 IC 574/599 x0=0.852871 velocity_parameter=-0.194 elapsed=4.76882s written=0
  crossing 0/250
  stopped velocity row 48 IC 574 x0=0.852871 velocity_parameter=-0.194 status=outer_limit: trajectory reached the configured outer_limit radius
velocity row 48/120 IC 581/599 x0=0.85446 velocity_parameter=-0.194 elapsed=4.79826s written=0
  crossing 0/250
  stopped velocity row 48 IC 581 x0=0.85446 velocity_parameter=-0.194 status=outer_limit: trajectory reached the configured outer_limit radius
velocity row 49/120 IC 564/599 x0=0.850601 velocity_parameter=-0.177833 elapsed=4.80258s written=0
  crossing 0/250
  stopped velocity row 49 IC 564 x0=0.850601 velocity_parameter=-0.177833 status=outer_limit: trajectory reached the configured outer_limit radius
velocity row 49/120 IC 574/599 x0=0.852871 velocity_parameter=-0.177833 elapsed=4.85565s written=0
  crossing 0/250
  stopped velocity row 49 IC 574 x0=0.852871 velocity_parameter=-0.177833 status=outer_limit: trajectory reached the configured outer_limit radius
velocity row 49/120 IC 581/599 x0=0.85446 velocity_parameter=-0.177833 elapsed=4.89577s written=0
  crossing 0/250
  stopped velocity row 49 IC 581 x0=0.85446 velocity_parameter=-0.177833 status=outer_limit: trajectory reached the configured outer_limit radius
velocity row 50/120 IC 564/599 x0=0.850601 velocity_parameter=-0.161667 elapsed=4.89967s written=0
  crossing 0/250
  stopped velocity row 50 IC 564 x0=0.850601 velocity_parameter=-0.161667 status=outer_limit: trajectory reached the configured outer_limit radius
velocity row 50/120 IC 574/599 x0=0.852871 velocity_parameter=-0.161667 elapsed=4.94958s written=0
  crossing 0/250
  stopped velocity row 50 IC 574 x0=0.852871 velocity_parameter=-0.161667 status=outer_limit: trajectory reached the configured outer_limit radius
velocity row 50/120 IC 581/599 x0=0.85446 velocity_parameter=-0.161667 elapsed=4.98144s written=0
  crossing 0/250
  stopped velocity row 50 IC 581 x0=0.85446 velocity_parameter=-0.161667 status=outer_limit: trajectory reached the configured outer_limit radius
velocity row 51/120 IC 564/599 x0=0.850601 velocity_parameter=-0.1455 elapsed=4.98491s written=0
  crossing 0/250
  stopped velocity row 51 IC 564 x0=0.850601 velocity_parameter=-0.1455 status=outer_limit: trajectory reached the configured outer_limit radius
velocity row 51/120 IC 574/599 x0=0.852871 velocity_parameter=-0.1455 elapsed=5.02727s written=0
  crossing 0/250
  stopped velocity row 51 IC 574 x0=0.852871 velocity_parameter=-0.1455 status=outer_limit: trajectory reached the configured outer_limit radius
velocity row 51/120 IC 581/599 x0=0.85446 velocity_parameter=-0.1455 elapsed=5.05156s written=0
  crossing 0/250
  stopped velocity row 51 IC 581 x0=0.85446 velocity_parameter=-0.1455 status=outer_limit: trajectory reached the configured outer_limit radius
velocity row 52/120 IC 564/599 x0=0.850601 velocity_parameter=-0.129333 elapsed=5.05673s written=0
  crossing 0/250
  stopped velocity row 52 IC 564 x0=0.850601 velocity_parameter=-0.129333 status=outer_limit: trajectory reached the configured outer_limit radius
velocity row 52/120 IC 574/599 x0=0.852871 velocity_parameter=-0.129333 elapsed=5.09892s written=0
  crossing 0/250
  stopped velocity row 52 IC 574 x0=0.852871 velocity_parameter=-0.129333 status=outer_limit: trajectory reached the configured outer_limit radius
velocity row 52/120 IC 581/599 x0=0.85446 velocity_parameter=-0.129333 elapsed=5.13618s written=0
  crossing 0/250
  stopped velocity row 52 IC 581 x0=0.85446 velocity_parameter=-0.129333 status=outer_limit: trajectory reached the configured outer_limit radius
velocity row 53/120 IC 564/599 x0=0.850601 velocity_parameter=-0.113167 elapsed=5.14053s written=0
  crossing 0/250
  stopped velocity row 53 IC 564 x0=0.850601 velocity_parameter=-0.113167 status=outer_limit: trajectory reached the configured outer_limit radius
velocity row 53/120 IC 574/599 x0=0.852871 velocity_parameter=-0.113167 elapsed=5.18892s written=0
  crossing 0/250
  stopped velocity row 53 IC 574 x0=0.852871 velocity_parameter=-0.113167 status=outer_limit: trajectory reached the configured outer_limit radius
velocity row 53/120 IC 581/599 x0=0.85446 velocity_parameter=-0.113167 elapsed=5.21743s written=0
  crossing 0/250
  stopped velocity row 53 IC 581 x0=0.85446 velocity_parameter=-0.113167 status=outer_limit: trajectory reached the configured outer_limit radius
velocity row 54/120 IC 564/599 x0=0.850601 velocity_parameter=-0.097 elapsed=5.22133s written=0
  crossing 0/250
  stopped velocity row 54 IC 564 x0=0.850601 velocity_parameter=-0.097 status=outer_limit: trajectory reached the configured outer_limit radius
velocity row 54/120 IC 574/599 x0=0.852871 velocity_parameter=-0.097 elapsed=5.27536s written=0
  crossing 0/250
  stopped velocity row 54 IC 574 x0=0.852871 velocity_parameter=-0.097 status=outer_limit: trajectory reached the configured outer_limit radius
velocity row 54/120 IC 581/599 x0=0.85446 velocity_parameter=-0.097 elapsed=5.30603s written=0
  crossing 0/250
  stopped velocity row 54 IC 581 x0=0.85446 velocity_parameter=-0.097 status=outer_limit: trajectory reached the configured outer_limit radius
velocity row 55/120 IC 564/599 x0=0.850601 velocity_parameter=-0.0808333 elapsed=5.31023s written=0
  crossing 0/250
  stopped velocity row 55 IC 564 x0=0.850601 velocity_parameter=-0.0808333 status=outer_limit: trajectory reached the configured outer_limit radius
velocity row 55/120 IC 574/599 x0=0.852871 velocity_parameter=-0.0808333 elapsed=5.34938s written=0
  crossing 0/250
  stopped velocity row 55 IC 574 x0=0.852871 velocity_parameter=-0.0808333 status=outer_limit: trajectory reached the configured outer_limit radius
velocity row 55/120 IC 581/599 x0=0.85446 velocity_parameter=-0.0808333 elapsed=5.37517s written=0
  crossing 0/250
  stopped velocity row 55 IC 581 x0=0.85446 velocity_parameter=-0.0808333 status=outer_limit: trajectory reached the configured outer_limit radius
velocity row 56/120 IC 564/599 x0=0.850601 velocity_parameter=-0.0646667 elapsed=5.38006s written=0
  crossing 0/250
  stopped velocity row 56 IC 564 x0=0.850601 velocity_parameter=-0.0646667 status=outer_limit: trajectory reached the configured outer_limit radius
velocity row 56/120 IC 574/599 x0=0.852871 velocity_parameter=-0.0646667 elapsed=5.42573s written=0
  crossing 0/250
  stopped velocity row 56 IC 574 x0=0.852871 velocity_parameter=-0.0646667 status=outer_limit: trajectory reached the configured outer_limit radius
velocity row 56/120 IC 581/599 x0=0.85446 velocity_parameter=-0.0646667 elapsed=5.45423s written=0
  crossing 0/250
  stopped velocity row 56 IC 581 x0=0.85446 velocity_parameter=-0.0646667 status=outer_limit: trajectory reached the configured outer_limit radius
velocity row 57/120 IC 564/599 x0=0.850601 velocity_parameter=-0.0485 elapsed=5.45806s written=0
  crossing 0/250
  stopped velocity row 57 IC 564 x0=0.850601 velocity_parameter=-0.0485 status=outer_limit: trajectory reached the configured outer_limit radius
velocity row 57/120 IC 574/599 x0=0.852871 velocity_parameter=-0.0485 elapsed=5.51102s written=0
  crossing 0/250
  stopped velocity row 57 IC 574 x0=0.852871 velocity_parameter=-0.0485 status=outer_limit: trajectory reached the configured outer_limit radius
velocity row 57/120 IC 581/599 x0=0.85446 velocity_parameter=-0.0485 elapsed=5.54469s written=0
  crossing 0/250
  stopped velocity row 57 IC 581 x0=0.85446 velocity_parameter=-0.0485 status=outer_limit: trajectory reached the configured outer_limit radius
velocity row 58/120 IC 564/599 x0=0.850601 velocity_parameter=-0.0323333 elapsed=5.55033s written=0
  crossing 0/250
  stopped velocity row 58 IC 564 x0=0.850601 velocity_parameter=-0.0323333 status=outer_limit: trajectory reached the configured outer_limit radius
velocity row 58/120 IC 574/599 x0=0.852871 velocity_parameter=-0.0323333 elapsed=5.59784s written=0
  crossing 0/250
  stopped velocity row 58 IC 574 x0=0.852871 velocity_parameter=-0.0323333 status=outer_limit: trajectory reached the configured outer_limit radius
velocity row 58/120 IC 581/599 x0=0.85446 velocity_parameter=-0.0323333 elapsed=5.63492s written=0
  crossing 0/250
  stopped velocity row 58 IC 581 x0=0.85446 velocity_parameter=-0.0323333 status=outer_limit: trajectory reached the configured outer_limit radius
velocity row 59/120 IC 564/599 x0=0.850601 velocity_parameter=-0.0161667 elapsed=5.63921s written=0
  crossing 0/250
  stopped velocity row 59 IC 564 x0=0.850601 velocity_parameter=-0.0161667 status=outer_limit: trajectory reached the configured outer_limit radius
velocity row 59/120 IC 574/599 x0=0.852871 velocity_parameter=-0.0161667 elapsed=5.69354s written=0
  crossing 0/250
  stopped velocity row 59 IC 574 x0=0.852871 velocity_parameter=-0.0161667 status=outer_limit: trajectory reached the configured outer_limit radius
velocity row 59/120 IC 581/599 x0=0.85446 velocity_parameter=-0.0161667 elapsed=5.72828s written=0
  crossing 0/250
  stopped velocity row 59 IC 581 x0=0.85446 velocity_parameter=-0.0161667 status=outer_limit: trajectory reached the configured outer_limit radius
velocity row 60/120 IC 564/599 x0=0.850601 velocity_parameter=0 elapsed=5.73181s written=0
  crossing 0/250
  stopped velocity row 60 IC 564 x0=0.850601 velocity_parameter=0 status=outer_limit: trajectory reached the configured outer_limit radius
velocity row 60/120 IC 574/599 x0=0.852871 velocity_parameter=0 elapsed=5.7714s written=0
  crossing 0/250
  stopped velocity row 60 IC 574 x0=0.852871 velocity_parameter=0 status=outer_limit: trajectory reached the configured outer_limit radius
velocity row 60/120 IC 581/599 x0=0.85446 velocity_parameter=0 elapsed=5.80719s written=0
  crossing 0/250
  stopped velocity row 60 IC 581 x0=0.85446 velocity_parameter=0 status=outer_limit: trajectory reached the configured outer_limit radius
velocity row 61/120 IC 564/599 x0=0.850601 velocity_parameter=0.0161667 elapsed=5.81196s written=0
  crossing 0/250
  stopped velocity row 61 IC 564 x0=0.850601 velocity_parameter=0.0161667 status=outer_limit: trajectory reached the configured outer_limit radius
velocity row 61/120 IC 574/599 x0=0.852871 velocity_parameter=0.0161667 elapsed=5.85742s written=0
  crossing 0/250
  stopped velocity row 61 IC 574 x0=0.852871 velocity_parameter=0.0161667 status=outer_limit: trajectory reached the configured outer_limit radius
velocity row 61/120 IC 581/599 x0=0.85446 velocity_parameter=0.0161667 elapsed=5.88525s written=0
  crossing 0/250
  stopped velocity row 61 IC 581 x0=0.85446 velocity_parameter=0.0161667 status=outer_limit: trajectory reached the configured outer_limit radius
velocity row 62/120 IC 564/599 x0=0.850601 velocity_parameter=0.0323333 elapsed=5.88978s written=0
  crossing 0/250
  stopped velocity row 62 IC 564 x0=0.850601 velocity_parameter=0.0323333 status=outer_limit: trajectory reached the configured outer_limit radius
velocity row 62/120 IC 574/599 x0=0.852871 velocity_parameter=0.0323333 elapsed=5.95427s written=0
  crossing 0/250
  stopped velocity row 62 IC 574 x0=0.852871 velocity_parameter=0.0323333 status=outer_limit: trajectory reached the configured outer_limit radius
velocity row 62/120 IC 581/599 x0=0.85446 velocity_parameter=0.0323333 elapsed=5.98791s written=0
  crossing 0/250
  stopped velocity row 62 IC 581 x0=0.85446 velocity_parameter=0.0323333 status=outer_limit: trajectory reached the configured outer_limit radius
velocity row 63/120 IC 564/599 x0=0.850601 velocity_parameter=0.0485 elapsed=5.9919s written=0
  crossing 0/250
  stopped velocity row 63 IC 564 x0=0.850601 velocity_parameter=0.0485 status=outer_limit: trajectory reached the configured outer_limit radius
velocity row 63/120 IC 574/599 x0=0.852871 velocity_parameter=0.0485 elapsed=6.0386s written=0
  crossing 0/250
  stopped velocity row 63 IC 574 x0=0.852871 velocity_parameter=0.0485 status=outer_limit: trajectory reached the configured outer_limit radius
velocity row 63/120 IC 581/599 x0=0.85446 velocity_parameter=0.0485 elapsed=6.0667s written=0
  crossing 0/250
  stopped velocity row 63 IC 581 x0=0.85446 velocity_parameter=0.0485 status=outer_limit: trajectory reached the configured outer_limit radius
velocity row 64/120 IC 564/599 x0=0.850601 velocity_parameter=0.0646667 elapsed=6.0699s written=0
  crossing 0/250
  stopped velocity row 64 IC 564 x0=0.850601 velocity_parameter=0.0646667 status=outer_limit: trajectory reached the configured outer_limit radius
velocity row 64/120 IC 574/599 x0=0.852871 velocity_parameter=0.0646667 elapsed=6.11166s written=0
  crossing 0/250
  stopped velocity row 64 IC 574 x0=0.852871 velocity_parameter=0.0646667 status=outer_limit: trajectory reached the configured outer_limit radius
velocity row 64/120 IC 581/599 x0=0.85446 velocity_parameter=0.0646667 elapsed=6.14306s written=0
  crossing 0/250
  stopped velocity row 64 IC 581 x0=0.85446 velocity_parameter=0.0646667 status=outer_limit: trajectory reached the configured outer_limit radius
velocity row 65/120 IC 564/599 x0=0.850601 velocity_parameter=0.0808333 elapsed=6.14629s written=0
  crossing 0/250
  stopped velocity row 65 IC 564 x0=0.850601 velocity_parameter=0.0808333 status=outer_limit: trajectory reached the configured outer_limit radius
velocity row 65/120 IC 574/599 x0=0.852871 velocity_parameter=0.0808333 elapsed=6.18866s written=0
  crossing 0/250
  stopped velocity row 65 IC 574 x0=0.852871 velocity_parameter=0.0808333 status=outer_limit: trajectory reached the configured outer_limit radius
velocity row 65/120 IC 581/599 x0=0.85446 velocity_parameter=0.0808333 elapsed=6.2138s written=0
  crossing 0/250
  stopped velocity row 65 IC 581 x0=0.85446 velocity_parameter=0.0808333 status=outer_limit: trajectory reached the configured outer_limit radius
velocity row 66/120 IC 564/599 x0=0.850601 velocity_parameter=0.097 elapsed=6.21714s written=0
  crossing 0/250
  stopped velocity row 66 IC 564 x0=0.850601 velocity_parameter=0.097 status=outer_limit: trajectory reached the configured outer_limit radius
velocity row 66/120 IC 574/599 x0=0.852871 velocity_parameter=0.097 elapsed=6.26107s written=0
  crossing 0/250
  stopped velocity row 66 IC 574 x0=0.852871 velocity_parameter=0.097 status=outer_limit: trajectory reached the configured outer_limit radius
velocity row 66/120 IC 581/599 x0=0.85446 velocity_parameter=0.097 elapsed=6.29438s written=0
  crossing 0/250
  stopped velocity row 66 IC 581 x0=0.85446 velocity_parameter=0.097 status=outer_limit: trajectory reached the configured outer_limit radius
velocity row 67/120 IC 564/599 x0=0.850601 velocity_parameter=0.113167 elapsed=6.2993s written=0
  crossing 0/250
  stopped velocity row 67 IC 564 x0=0.850601 velocity_parameter=0.113167 status=outer_limit: trajectory reached the configured outer_limit radius
velocity row 67/120 IC 574/599 x0=0.852871 velocity_parameter=0.113167 elapsed=6.33907s written=0
  crossing 0/250
  stopped velocity row 67 IC 574 x0=0.852871 velocity_parameter=0.113167 status=outer_limit: trajectory reached the configured outer_limit radius
velocity row 67/120 IC 581/599 x0=0.85446 velocity_parameter=0.113167 elapsed=6.36905s written=0
  crossing 0/250
  stopped velocity row 67 IC 581 x0=0.85446 velocity_parameter=0.113167 status=outer_limit: trajectory reached the configured outer_limit radius
velocity row 68/120 IC 564/599 x0=0.850601 velocity_parameter=0.129333 elapsed=6.37499s written=0
  crossing 0/250
  stopped velocity row 68 IC 564 x0=0.850601 velocity_parameter=0.129333 status=outer_limit: trajectory reached the configured outer_limit radius
velocity row 68/120 IC 574/599 x0=0.852871 velocity_parameter=0.129333 elapsed=6.42087s written=0
  crossing 0/250
  stopped velocity row 68 IC 574 x0=0.852871 velocity_parameter=0.129333 status=outer_limit: trajectory reached the configured outer_limit radius
velocity row 68/120 IC 581/599 x0=0.85446 velocity_parameter=0.129333 elapsed=6.46027s written=0
  crossing 0/250
  stopped velocity row 68 IC 581 x0=0.85446 velocity_parameter=0.129333 status=outer_limit: trajectory reached the configured outer_limit radius
velocity row 69/120 IC 564/599 x0=0.850601 velocity_parameter=0.1455 elapsed=6.4706s written=0
  crossing 0/250
  stopped velocity row 69 IC 564 x0=0.850601 velocity_parameter=0.1455 status=outer_limit: trajectory reached the configured outer_limit radius
velocity row 69/120 IC 574/599 x0=0.852871 velocity_parameter=0.1455 elapsed=6.50949s written=0
  crossing 0/250
  stopped velocity row 69 IC 574 x0=0.852871 velocity_parameter=0.1455 status=outer_limit: trajectory reached the configured outer_limit radius
velocity row 69/120 IC 581/599 x0=0.85446 velocity_parameter=0.1455 elapsed=6.53899s written=0
  crossing 0/250
  stopped velocity row 69 IC 581 x0=0.85446 velocity_parameter=0.1455 status=outer_limit: trajectory reached the configured outer_limit radius
velocity row 70/120 IC 564/599 x0=0.850601 velocity_parameter=0.161667 elapsed=6.54253s written=0
  crossing 0/250
  stopped velocity row 70 IC 564 x0=0.850601 velocity_parameter=0.161667 status=outer_limit: trajectory reached the configured outer_limit radius
velocity row 70/120 IC 574/599 x0=0.852871 velocity_parameter=0.161667 elapsed=6.58091s written=0
  crossing 0/250
  stopped velocity row 70 IC 574 x0=0.852871 velocity_parameter=0.161667 status=outer_limit: trajectory reached the configured outer_limit radius
velocity row 70/120 IC 581/599 x0=0.85446 velocity_parameter=0.161667 elapsed=6.61015s written=0
  crossing 0/250
  stopped velocity row 70 IC 581 x0=0.85446 velocity_parameter=0.161667 status=outer_limit: trajectory reached the configured outer_limit radius
velocity row 71/120 IC 564/599 x0=0.850601 velocity_parameter=0.177833 elapsed=6.61367s written=0
  crossing 0/250
  stopped velocity row 71 IC 564 x0=0.850601 velocity_parameter=0.177833 status=outer_limit: trajectory reached the configured outer_limit radius
velocity row 71/120 IC 574/599 x0=0.852871 velocity_parameter=0.177833 elapsed=6.64995s written=0
  crossing 0/250
  stopped velocity row 71 IC 574 x0=0.852871 velocity_parameter=0.177833 status=outer_limit: trajectory reached the configured outer_limit radius
velocity row 71/120 IC 581/599 x0=0.85446 velocity_parameter=0.177833 elapsed=6.67702s written=0
  crossing 0/250
  stopped velocity row 71 IC 581 x0=0.85446 velocity_parameter=0.177833 status=outer_limit: trajectory reached the configured outer_limit radius
velocity row 72/120 IC 564/599 x0=0.850601 velocity_parameter=0.194 elapsed=6.68117s written=0
  crossing 0/250
  stopped velocity row 72 IC 564 x0=0.850601 velocity_parameter=0.194 status=outer_limit: trajectory reached the configured outer_limit radius
velocity row 72/120 IC 574/599 x0=0.852871 velocity_parameter=0.194 elapsed=6.72925s written=0
  crossing 0/250
  stopped velocity row 72 IC 574 x0=0.852871 velocity_parameter=0.194 status=outer_limit: trajectory reached the configured outer_limit radius
velocity row 72/120 IC 581/599 x0=0.85446 velocity_parameter=0.194 elapsed=6.76088s written=0
  crossing 0/250
  stopped velocity row 72 IC 581 x0=0.85446 velocity_parameter=0.194 status=outer_limit: trajectory reached the configured outer_limit radius
velocity row 73/120 IC 564/599 x0=0.850601 velocity_parameter=0.210167 elapsed=6.76525s written=0
  crossing 0/250
  stopped velocity row 73 IC 564 x0=0.850601 velocity_parameter=0.210167 status=outer_limit: trajectory reached the configured outer_limit radius
velocity row 73/120 IC 574/599 x0=0.852871 velocity_parameter=0.210167 elapsed=6.80695s written=0
  crossing 0/250
  stopped velocity row 73 IC 574 x0=0.852871 velocity_parameter=0.210167 status=outer_limit: trajectory reached the configured outer_limit radius
velocity row 73/120 IC 581/599 x0=0.85446 velocity_parameter=0.210167 elapsed=6.83698s written=0
  crossing 0/250
  stopped velocity row 73 IC 581 x0=0.85446 velocity_parameter=0.210167 status=outer_limit: trajectory reached the configured outer_limit radius
velocity row 74/120 IC 564/599 x0=0.850601 velocity_parameter=0.226333 elapsed=6.84366s written=0
  crossing 0/250
  stopped velocity row 74 IC 564 x0=0.850601 velocity_parameter=0.226333 status=outer_limit: trajectory reached the configured outer_limit radius
velocity row 74/120 IC 574/599 x0=0.852871 velocity_parameter=0.226333 elapsed=6.8836s written=0
  crossing 0/250
  stopped velocity row 74 IC 574 x0=0.852871 velocity_parameter=0.226333 status=outer_limit: trajectory reached the configured outer_limit radius
velocity row 74/120 IC 581/599 x0=0.85446 velocity_parameter=0.226333 elapsed=6.91245s written=0
  crossing 0/250
  stopped velocity row 74 IC 581 x0=0.85446 velocity_parameter=0.226333 status=outer_limit: trajectory reached the configured outer_limit radius
velocity row 75/120 IC 564/599 x0=0.850601 velocity_parameter=0.2425 elapsed=6.91652s written=0
  crossing 0/250
  stopped velocity row 75 IC 564 x0=0.850601 velocity_parameter=0.2425 status=outer_limit: trajectory reached the configured outer_limit radius
velocity row 75/120 IC 574/599 x0=0.852871 velocity_parameter=0.2425 elapsed=6.95504s written=0
  crossing 0/250
  stopped velocity row 75 IC 574 x0=0.852871 velocity_parameter=0.2425 status=outer_limit: trajectory reached the configured outer_limit radius
velocity row 75/120 IC 581/599 x0=0.85446 velocity_parameter=0.2425 elapsed=6.98139s written=0
  crossing 0/250
  stopped velocity row 75 IC 581 x0=0.85446 velocity_parameter=0.2425 status=outer_limit: trajectory reached the configured outer_limit radius
velocity row 76/120 IC 564/599 x0=0.850601 velocity_parameter=0.258667 elapsed=6.98704s written=0
  crossing 0/250
  stopped velocity row 76 IC 564 x0=0.850601 velocity_parameter=0.258667 status=outer_limit: trajectory reached the configured outer_limit radius
velocity row 76/120 IC 574/599 x0=0.852871 velocity_parameter=0.258667 elapsed=7.03201s written=0
  crossing 0/250
  stopped velocity row 76 IC 574 x0=0.852871 velocity_parameter=0.258667 status=outer_limit: trajectory reached the configured outer_limit radius
velocity row 76/120 IC 581/599 x0=0.85446 velocity_parameter=0.258667 elapsed=7.05902s written=0
  crossing 0/250
  stopped velocity row 76 IC 581 x0=0.85446 velocity_parameter=0.258667 status=outer_limit: trajectory reached the configured outer_limit radius
velocity row 77/120 IC 564/599 x0=0.850601 velocity_parameter=0.274833 elapsed=7.06463s written=0
  crossing 0/250
  stopped velocity row 77 IC 564 x0=0.850601 velocity_parameter=0.274833 status=outer_limit: trajectory reached the configured outer_limit radius
velocity row 77/120 IC 574/599 x0=0.852871 velocity_parameter=0.274833 elapsed=7.10508s written=0
  crossing 0/250
  stopped velocity row 77 IC 574 x0=0.852871 velocity_parameter=0.274833 status=outer_limit: trajectory reached the configured outer_limit radius
velocity row 77/120 IC 581/599 x0=0.85446 velocity_parameter=0.274833 elapsed=7.14104s written=0
  crossing 0/250
  stopped velocity row 77 IC 581 x0=0.85446 velocity_parameter=0.274833 status=outer_limit: trajectory reached the configured outer_limit radius
velocity row 78/120 IC 564/599 x0=0.850601 velocity_parameter=0.291 elapsed=7.14419s written=0
  crossing 0/250
  stopped velocity row 78 IC 564 x0=0.850601 velocity_parameter=0.291 status=outer_limit: trajectory reached the configured outer_limit radius
velocity row 78/120 IC 574/599 x0=0.852871 velocity_parameter=0.291 elapsed=7.198s written=0
  crossing 0/250
  stopped velocity row 78 IC 574 x0=0.852871 velocity_parameter=0.291 status=outer_limit: trajectory reached the configured outer_limit radius
velocity row 78/120 IC 581/599 x0=0.85446 velocity_parameter=0.291 elapsed=7.25869s written=0
  crossing 0/250
  stopped velocity row 78 IC 581 x0=0.85446 velocity_parameter=0.291 status=outer_limit: trajectory reached the configured outer_limit radius
velocity row 79/120 IC 564/599 x0=0.850601 velocity_parameter=0.307167 elapsed=7.26214s written=0
  crossing 0/250
  stopped velocity row 79 IC 564 x0=0.850601 velocity_parameter=0.307167 status=outer_limit: trajectory reached the configured outer_limit radius
velocity row 79/120 IC 574/599 x0=0.852871 velocity_parameter=0.307167 elapsed=7.3065s written=0
  crossing 0/250
  stopped velocity row 79 IC 574 x0=0.852871 velocity_parameter=0.307167 status=outer_limit: trajectory reached the configured outer_limit radius
velocity row 79/120 IC 581/599 x0=0.85446 velocity_parameter=0.307167 elapsed=7.33722s written=0
  crossing 0/250
  stopped velocity row 79 IC 581 x0=0.85446 velocity_parameter=0.307167 status=outer_limit: trajectory reached the configured outer_limit radius
velocity row 80/120 IC 564/599 x0=0.850601 velocity_parameter=0.323333 elapsed=7.3406s written=0
  crossing 0/250
  stopped velocity row 80 IC 564 x0=0.850601 velocity_parameter=0.323333 status=outer_limit: trajectory reached the configured outer_limit radius
velocity row 80/120 IC 574/599 x0=0.852871 velocity_parameter=0.323333 elapsed=7.38023s written=0
  crossing 0/250
  stopped velocity row 80 IC 574 x0=0.852871 velocity_parameter=0.323333 status=outer_limit: trajectory reached the configured outer_limit radius
velocity row 80/120 IC 581/599 x0=0.85446 velocity_parameter=0.323333 elapsed=7.40682s written=0
  crossing 0/250
  stopped velocity row 80 IC 581 x0=0.85446 velocity_parameter=0.323333 status=outer_limit: trajectory reached the configured outer_limit radius
velocity row 81/120 IC 564/599 x0=0.850601 velocity_parameter=0.3395 elapsed=7.41181s written=0
  crossing 0/250
  stopped velocity row 81 IC 564 x0=0.850601 velocity_parameter=0.3395 status=outer_limit: trajectory reached the configured outer_limit radius
velocity row 81/120 IC 574/599 x0=0.852871 velocity_parameter=0.3395 elapsed=7.44951s written=0
  crossing 0/250
  stopped velocity row 81 IC 574 x0=0.852871 velocity_parameter=0.3395 status=outer_limit: trajectory reached the configured outer_limit radius
velocity row 81/120 IC 581/599 x0=0.85446 velocity_parameter=0.3395 elapsed=7.48217s written=0
  crossing 0/250
  stopped velocity row 81 IC 581 x0=0.85446 velocity_parameter=0.3395 status=outer_limit: trajectory reached the configured outer_limit radius
velocity row 82/120 IC 564/599 x0=0.850601 velocity_parameter=0.355667 elapsed=7.48634s written=0
  crossing 0/250
  stopped velocity row 82 IC 564 x0=0.850601 velocity_parameter=0.355667 status=outer_limit: trajectory reached the configured outer_limit radius
velocity row 82/120 IC 574/599 x0=0.852871 velocity_parameter=0.355667 elapsed=7.53584s written=0
  crossing 0/250
  stopped velocity row 82 IC 574 x0=0.852871 velocity_parameter=0.355667 status=outer_limit: trajectory reached the configured outer_limit radius
velocity row 82/120 IC 581/599 x0=0.85446 velocity_parameter=0.355667 elapsed=7.56543s written=0
  crossing 0/250
  stopped velocity row 82 IC 581 x0=0.85446 velocity_parameter=0.355667 status=outer_limit: trajectory reached the configured outer_limit radius
velocity row 83/120 IC 564/599 x0=0.850601 velocity_parameter=0.371833 elapsed=7.57136s written=0
  crossing 0/250
  stopped velocity row 83 IC 564 x0=0.850601 velocity_parameter=0.371833 status=outer_limit: trajectory reached the configured outer_limit radius
velocity row 83/120 IC 574/599 x0=0.852871 velocity_parameter=0.371833 elapsed=7.61484s written=0
  crossing 0/250
  stopped velocity row 83 IC 574 x0=0.852871 velocity_parameter=0.371833 status=outer_limit: trajectory reached the configured outer_limit radius
velocity row 83/120 IC 581/599 x0=0.85446 velocity_parameter=0.371833 elapsed=7.65048s written=0
  crossing 0/250
  stopped velocity row 83 IC 581 x0=0.85446 velocity_parameter=0.371833 status=outer_limit: trajectory reached the configured outer_limit radius
velocity row 84/120 IC 564/599 x0=0.850601 velocity_parameter=0.388 elapsed=7.65407s written=0
  crossing 0/250
  stopped velocity row 84 IC 564 x0=0.850601 velocity_parameter=0.388 status=outer_limit: trajectory reached the configured outer_limit radius
velocity row 84/120 IC 574/599 x0=0.852871 velocity_parameter=0.388 elapsed=7.69595s written=0
  crossing 0/250
  stopped velocity row 84 IC 574 x0=0.852871 velocity_parameter=0.388 status=outer_limit: trajectory reached the configured outer_limit radius
velocity row 84/120 IC 581/599 x0=0.85446 velocity_parameter=0.388 elapsed=7.72194s written=0
  crossing 0/250
  stopped velocity row 84 IC 581 x0=0.85446 velocity_parameter=0.388 status=outer_limit: trajectory reached the configured outer_limit radius
velocity row 85/120 IC 564/599 x0=0.850601 velocity_parameter=0.404167 elapsed=7.72626s written=0
  crossing 0/250
  stopped velocity row 85 IC 564 x0=0.850601 velocity_parameter=0.404167 status=outer_limit: trajectory reached the configured outer_limit radius
velocity row 85/120 IC 574/599 x0=0.852871 velocity_parameter=0.404167 elapsed=7.76508s written=0
  crossing 0/250
  stopped velocity row 85 IC 574 x0=0.852871 velocity_parameter=0.404167 status=outer_limit: trajectory reached the configured outer_limit radius
velocity row 85/120 IC 581/599 x0=0.85446 velocity_parameter=0.404167 elapsed=7.80204s written=0
  crossing 0/250
  stopped velocity row 85 IC 581 x0=0.85446 velocity_parameter=0.404167 status=outer_limit: trajectory reached the configured outer_limit radius
velocity row 86/120 IC 564/599 x0=0.850601 velocity_parameter=0.420333 elapsed=7.80755s written=0
  crossing 0/250
  stopped velocity row 86 IC 564 x0=0.850601 velocity_parameter=0.420333 status=outer_limit: trajectory reached the configured outer_limit radius
velocity row 86/120 IC 574/599 x0=0.852871 velocity_parameter=0.420333 elapsed=7.85229s written=0
  crossing 0/250
  stopped velocity row 86 IC 574 x0=0.852871 velocity_parameter=0.420333 status=outer_limit: trajectory reached the configured outer_limit radius
velocity row 86/120 IC 581/599 x0=0.85446 velocity_parameter=0.420333 elapsed=7.88176s written=0
  crossing 0/250
  stopped velocity row 86 IC 581 x0=0.85446 velocity_parameter=0.420333 status=outer_limit: trajectory reached the configured outer_limit radius
velocity row 87/120 IC 564/599 x0=0.850601 velocity_parameter=0.4365 elapsed=7.88602s written=0
  crossing 0/250
  stopped velocity row 87 IC 564 x0=0.850601 velocity_parameter=0.4365 status=outer_limit: trajectory reached the configured outer_limit radius
velocity row 87/120 IC 574/599 x0=0.852871 velocity_parameter=0.4365 elapsed=7.93436s written=0
  crossing 0/250
  stopped velocity row 87 IC 574 x0=0.852871 velocity_parameter=0.4365 status=outer_limit: trajectory reached the configured outer_limit radius
velocity row 87/120 IC 581/599 x0=0.85446 velocity_parameter=0.4365 elapsed=7.96409s written=0
  crossing 0/250
  stopped velocity row 87 IC 581 x0=0.85446 velocity_parameter=0.4365 status=outer_limit: trajectory reached the configured outer_limit radius
velocity row 88/120 IC 564/599 x0=0.850601 velocity_parameter=0.452667 elapsed=7.97408s written=0
  crossing 0/250
  stopped velocity row 88 IC 564 x0=0.850601 velocity_parameter=0.452667 status=outer_limit: trajectory reached the configured outer_limit radius
velocity row 88/120 IC 574/599 x0=0.852871 velocity_parameter=0.452667 elapsed=8.01451s written=0
  crossing 0/250
  stopped velocity row 88 IC 574 x0=0.852871 velocity_parameter=0.452667 status=outer_limit: trajectory reached the configured outer_limit radius
velocity row 88/120 IC 581/599 x0=0.85446 velocity_parameter=0.452667 elapsed=8.04514s written=0
  crossing 0/250
  stopped velocity row 88 IC 581 x0=0.85446 velocity_parameter=0.452667 status=outer_limit: trajectory reached the configured outer_limit radius
velocity row 89/120 IC 564/599 x0=0.850601 velocity_parameter=0.468833 elapsed=8.04993s written=0
  crossing 0/250
  stopped velocity row 89 IC 564 x0=0.850601 velocity_parameter=0.468833 status=outer_limit: trajectory reached the configured outer_limit radius
velocity row 89/120 IC 574/599 x0=0.852871 velocity_parameter=0.468833 elapsed=8.09002s written=0
  crossing 0/250
  stopped velocity row 89 IC 574 x0=0.852871 velocity_parameter=0.468833 status=outer_limit: trajectory reached the configured outer_limit radius
velocity row 89/120 IC 581/599 x0=0.85446 velocity_parameter=0.468833 elapsed=8.12158s written=0
  crossing 0/250
  stopped velocity row 89 IC 581 x0=0.85446 velocity_parameter=0.468833 status=outer_limit: trajectory reached the configured outer_limit radius
velocity row 90/120 IC 564/599 x0=0.850601 velocity_parameter=0.485 elapsed=8.12566s written=0
  crossing 0/250
  stopped velocity row 90 IC 564 x0=0.850601 velocity_parameter=0.485 status=outer_limit: trajectory reached the configured outer_limit radius
velocity row 90/120 IC 574/599 x0=0.852871 velocity_parameter=0.485 elapsed=8.16558s written=0
  crossing 0/250
  stopped velocity row 90 IC 574 x0=0.852871 velocity_parameter=0.485 status=outer_limit: trajectory reached the configured outer_limit radius
velocity row 90/120 IC 581/599 x0=0.85446 velocity_parameter=0.485 elapsed=8.19522s written=0
  crossing 0/250
  stopped velocity row 90 IC 581 x0=0.85446 velocity_parameter=0.485 status=outer_limit: trajectory reached the configured outer_limit radius
velocity row 91/120 IC 564/599 x0=0.850601 velocity_parameter=0.501167 elapsed=8.20057s written=0
  crossing 0/250
  stopped velocity row 91 IC 564 x0=0.850601 velocity_parameter=0.501167 status=outer_limit: trajectory reached the configured outer_limit radius
velocity row 91/120 IC 574/599 x0=0.852871 velocity_parameter=0.501167 elapsed=8.23953s written=0
  crossing 0/250
  stopped velocity row 91 IC 574 x0=0.852871 velocity_parameter=0.501167 status=outer_limit: trajectory reached the configured outer_limit radius
velocity row 91/120 IC 581/599 x0=0.85446 velocity_parameter=0.501167 elapsed=8.27417s written=0
  crossing 0/250
  stopped velocity row 91 IC 581 x0=0.85446 velocity_parameter=0.501167 status=outer_limit: trajectory reached the configured outer_limit radius
velocity row 92/120 IC 564/599 x0=0.850601 velocity_parameter=0.517333 elapsed=8.28327s written=0
  crossing 0/250
  stopped velocity row 92 IC 564 x0=0.850601 velocity_parameter=0.517333 status=outer_limit: trajectory reached the configured outer_limit radius
velocity row 92/120 IC 574/599 x0=0.852871 velocity_parameter=0.517333 elapsed=8.32572s written=0
  crossing 0/250
  stopped velocity row 92 IC 574 x0=0.852871 velocity_parameter=0.517333 status=outer_limit: trajectory reached the configured outer_limit radius
velocity row 92/120 IC 581/599 x0=0.85446 velocity_parameter=0.517333 elapsed=8.35292s written=0
  crossing 0/250
  stopped velocity row 92 IC 581 x0=0.85446 velocity_parameter=0.517333 status=outer_limit: trajectory reached the configured outer_limit radius
velocity row 93/120 IC 564/599 x0=0.850601 velocity_parameter=0.5335 elapsed=8.3569s written=0
  crossing 0/250
  stopped velocity row 93 IC 564 x0=0.850601 velocity_parameter=0.5335 status=outer_limit: trajectory reached the configured outer_limit radius
velocity row 93/120 IC 574/599 x0=0.852871 velocity_parameter=0.5335 elapsed=8.40293s written=0
  crossing 0/250
  stopped velocity row 93 IC 574 x0=0.852871 velocity_parameter=0.5335 status=outer_limit: trajectory reached the configured outer_limit radius
velocity row 93/120 IC 581/599 x0=0.85446 velocity_parameter=0.5335 elapsed=8.4341s written=0
  crossing 0/250
  stopped velocity row 93 IC 581 x0=0.85446 velocity_parameter=0.5335 status=outer_limit: trajectory reached the configured outer_limit radius
velocity row 94/120 IC 564/599 x0=0.850601 velocity_parameter=0.549667 elapsed=8.43714s written=0
  crossing 0/250
  stopped velocity row 94 IC 564 x0=0.850601 velocity_parameter=0.549667 status=outer_limit: trajectory reached the configured outer_limit radius
velocity row 94/120 IC 574/599 x0=0.852871 velocity_parameter=0.549667 elapsed=8.48354s written=0
  crossing 0/250
  stopped velocity row 94 IC 574 x0=0.852871 velocity_parameter=0.549667 status=outer_limit: trajectory reached the configured outer_limit radius
velocity row 94/120 IC 581/599 x0=0.85446 velocity_parameter=0.549667 elapsed=8.51626s written=0
  crossing 0/250
  stopped velocity row 94 IC 581 x0=0.85446 velocity_parameter=0.549667 status=outer_limit: trajectory reached the configured outer_limit radius
velocity row 95/120 IC 564/599 x0=0.850601 velocity_parameter=0.565833 elapsed=8.51984s written=0
  crossing 0/250
  stopped velocity row 95 IC 564 x0=0.850601 velocity_parameter=0.565833 status=outer_limit: trajectory reached the configured outer_limit radius
velocity row 95/120 IC 574/599 x0=0.852871 velocity_parameter=0.565833 elapsed=8.55739s written=0
  crossing 0/250
  stopped velocity row 95 IC 574 x0=0.852871 velocity_parameter=0.565833 status=outer_limit: trajectory reached the configured outer_limit radius
velocity row 95/120 IC 581/599 x0=0.85446 velocity_parameter=0.565833 elapsed=8.5831s written=0
  crossing 0/250
  stopped velocity row 95 IC 581 x0=0.85446 velocity_parameter=0.565833 status=outer_limit: trajectory reached the configured outer_limit radius
velocity row 96/120 IC 564/599 x0=0.850601 velocity_parameter=0.582 elapsed=8.58718s written=0
  crossing 0/250
  stopped velocity row 96 IC 564 x0=0.850601 velocity_parameter=0.582 status=outer_limit: trajectory reached the configured outer_limit radius
velocity row 96/120 IC 574/599 x0=0.852871 velocity_parameter=0.582 elapsed=8.63602s written=0
  crossing 0/250
  stopped velocity row 96 IC 574 x0=0.852871 velocity_parameter=0.582 status=outer_limit: trajectory reached the configured outer_limit radius
velocity row 96/120 IC 581/599 x0=0.85446 velocity_parameter=0.582 elapsed=8.66563s written=0
  crossing 0/250
  stopped velocity row 96 IC 581 x0=0.85446 velocity_parameter=0.582 status=outer_limit: trajectory reached the configured outer_limit radius
velocity row 97/120 IC 564/599 x0=0.850601 velocity_parameter=0.598167 elapsed=8.67358s written=0
  crossing 0/250
  stopped velocity row 97 IC 564 x0=0.850601 velocity_parameter=0.598167 status=outer_limit: trajectory reached the configured outer_limit radius
velocity row 97/120 IC 574/599 x0=0.852871 velocity_parameter=0.598167 elapsed=8.70907s written=0
  crossing 0/250
  stopped velocity row 97 IC 574 x0=0.852871 velocity_parameter=0.598167 status=outer_limit: trajectory reached the configured outer_limit radius
velocity row 97/120 IC 581/599 x0=0.85446 velocity_parameter=0.598167 elapsed=8.73318s written=0
  crossing 0/250
  stopped velocity row 97 IC 581 x0=0.85446 velocity_parameter=0.598167 status=outer_limit: trajectory reached the configured outer_limit radius
velocity row 98/120 IC 564/599 x0=0.850601 velocity_parameter=0.614333 elapsed=8.73714s written=0
  crossing 0/250
  stopped velocity row 98 IC 564 x0=0.850601 velocity_parameter=0.614333 status=outer_limit: trajectory reached the configured outer_limit radius
velocity row 98/120 IC 574/599 x0=0.852871 velocity_parameter=0.614333 elapsed=8.77719s written=0
  crossing 0/250
  stopped velocity row 98 IC 574 x0=0.852871 velocity_parameter=0.614333 status=outer_limit: trajectory reached the configured outer_limit radius
velocity row 98/120 IC 581/599 x0=0.85446 velocity_parameter=0.614333 elapsed=8.81112s written=0
  crossing 0/250
  stopped velocity row 98 IC 581 x0=0.85446 velocity_parameter=0.614333 status=outer_limit: trajectory reached the configured outer_limit radius
velocity row 99/120 IC 564/599 x0=0.850601 velocity_parameter=0.6305 elapsed=8.81421s written=0
  crossing 0/250
  stopped velocity row 99 IC 564 x0=0.850601 velocity_parameter=0.6305 status=outer_limit: trajectory reached the configured outer_limit radius
velocity row 99/120 IC 574/599 x0=0.852871 velocity_parameter=0.6305 elapsed=8.86242s written=0
  crossing 0/250
  stopped velocity row 99 IC 574 x0=0.852871 velocity_parameter=0.6305 status=outer_limit: trajectory reached the configured outer_limit radius
velocity row 99/120 IC 581/599 x0=0.85446 velocity_parameter=0.6305 elapsed=8.89626s written=0
  crossing 0/250
  stopped velocity row 99 IC 581 x0=0.85446 velocity_parameter=0.6305 status=outer_limit: trajectory reached the configured outer_limit radius
velocity row 100/120 IC 564/599 x0=0.850601 velocity_parameter=0.646667 elapsed=8.90091s written=0
  crossing 0/250
  stopped velocity row 100 IC 564 x0=0.850601 velocity_parameter=0.646667 status=outer_limit: trajectory reached the configured outer_limit radius
velocity row 100/120 IC 574/599 x0=0.852871 velocity_parameter=0.646667 elapsed=8.94108s written=0
  crossing 0/250
  stopped velocity row 100 IC 574 x0=0.852871 velocity_parameter=0.646667 status=outer_limit: trajectory reached the configured outer_limit radius
velocity row 100/120 IC 581/599 x0=0.85446 velocity_parameter=0.646667 elapsed=8.96445s written=0
  crossing 0/250
  stopped velocity row 100 IC 581 x0=0.85446 velocity_parameter=0.646667 status=outer_limit: trajectory reached the configured outer_limit radius
velocity row 101/120 IC 564/599 x0=0.850601 velocity_parameter=0.662833 elapsed=8.9681s written=0
  crossing 0/250
  stopped velocity row 101 IC 564 x0=0.850601 velocity_parameter=0.662833 status=outer_limit: trajectory reached the configured outer_limit radius
velocity row 101/120 IC 574/599 x0=0.852871 velocity_parameter=0.662833 elapsed=9.01375s written=0
  crossing 0/250
  stopped velocity row 101 IC 574 x0=0.852871 velocity_parameter=0.662833 status=outer_limit: trajectory reached the configured outer_limit radius
velocity row 101/120 IC 581/599 x0=0.85446 velocity_parameter=0.662833 elapsed=9.04135s written=0
  crossing 0/250
  stopped velocity row 101 IC 581 x0=0.85446 velocity_parameter=0.662833 status=outer_limit: trajectory reached the configured outer_limit radius
velocity row 102/120 IC 564/599 x0=0.850601 velocity_parameter=0.679 elapsed=9.0453s written=0
  crossing 0/250
  stopped velocity row 102 IC 564 x0=0.850601 velocity_parameter=0.679 status=outer_limit: trajectory reached the configured outer_limit radius
velocity row 102/120 IC 574/599 x0=0.852871 velocity_parameter=0.679 elapsed=9.08799s written=0
  crossing 0/250
  stopped velocity row 102 IC 574 x0=0.852871 velocity_parameter=0.679 status=outer_limit: trajectory reached the configured outer_limit radius
velocity row 102/120 IC 581/599 x0=0.85446 velocity_parameter=0.679 elapsed=9.12102s written=0
  crossing 0/250
  stopped velocity row 102 IC 581 x0=0.85446 velocity_parameter=0.679 status=outer_limit: trajectory reached the configured outer_limit radius
velocity row 103/120 IC 564/599 x0=0.850601 velocity_parameter=0.695167 elapsed=9.1279s written=0
  crossing 0/250
  stopped velocity row 103 IC 564 x0=0.850601 velocity_parameter=0.695167 status=outer_limit: trajectory reached the configured outer_limit radius
velocity row 103/120 IC 574/599 x0=0.852871 velocity_parameter=0.695167 elapsed=9.16822s written=0
  crossing 0/250
  stopped velocity row 103 IC 574 x0=0.852871 velocity_parameter=0.695167 status=outer_limit: trajectory reached the configured outer_limit radius
velocity row 103/120 IC 581/599 x0=0.85446 velocity_parameter=0.695167 elapsed=9.19146s written=0
  crossing 0/250
  stopped velocity row 103 IC 581 x0=0.85446 velocity_parameter=0.695167 status=outer_limit: trajectory reached the configured outer_limit radius
velocity row 104/120 IC 564/599 x0=0.850601 velocity_parameter=0.711333 elapsed=9.19676s written=0
  crossing 0/250
  stopped velocity row 104 IC 564 x0=0.850601 velocity_parameter=0.711333 status=outer_limit: trajectory reached the configured outer_limit radius
velocity row 104/120 IC 574/599 x0=0.852871 velocity_parameter=0.711333 elapsed=9.23824s written=0
  crossing 0/250
  stopped velocity row 104 IC 574 x0=0.852871 velocity_parameter=0.711333 status=outer_limit: trajectory reached the configured outer_limit radius
velocity row 104/120 IC 581/599 x0=0.85446 velocity_parameter=0.711333 elapsed=9.26438s written=0
  crossing 0/250
  stopped velocity row 104 IC 581 x0=0.85446 velocity_parameter=0.711333 status=outer_limit: trajectory reached the configured outer_limit radius
velocity row 105/120 IC 564/599 x0=0.850601 velocity_parameter=0.7275 elapsed=9.26807s written=0
  crossing 0/250
  stopped velocity row 105 IC 564 x0=0.850601 velocity_parameter=0.7275 status=outer_limit: trajectory reached the configured outer_limit radius
velocity row 105/120 IC 574/599 x0=0.852871 velocity_parameter=0.7275 elapsed=9.31265s written=0
  crossing 0/250
  stopped velocity row 105 IC 574 x0=0.852871 velocity_parameter=0.7275 status=outer_limit: trajectory reached the configured outer_limit radius
velocity row 105/120 IC 581/599 x0=0.85446 velocity_parameter=0.7275 elapsed=9.34969s written=0
  crossing 0/250
  stopped velocity row 105 IC 581 x0=0.85446 velocity_parameter=0.7275 status=outer_limit: trajectory reached the configured outer_limit radius
velocity row 106/120 IC 564/599 x0=0.850601 velocity_parameter=0.743667 elapsed=9.35296s written=0
  crossing 0/250
  stopped velocity row 106 IC 564 x0=0.850601 velocity_parameter=0.743667 status=outer_limit: trajectory reached the configured outer_limit radius
velocity row 106/120 IC 574/599 x0=0.852871 velocity_parameter=0.743667 elapsed=9.39192s written=0
  crossing 0/250
  stopped velocity row 106 IC 574 x0=0.852871 velocity_parameter=0.743667 status=outer_limit: trajectory reached the configured outer_limit radius
velocity row 106/120 IC 581/599 x0=0.85446 velocity_parameter=0.743667 elapsed=9.41928s written=0
  crossing 0/250
  stopped velocity row 106 IC 581 x0=0.85446 velocity_parameter=0.743667 status=outer_limit: trajectory reached the configured outer_limit radius
velocity row 107/120 IC 564/599 x0=0.850601 velocity_parameter=0.759833 elapsed=9.42234s written=0
  crossing 0/250
  stopped velocity row 107 IC 564 x0=0.850601 velocity_parameter=0.759833 status=outer_limit: trajectory reached the configured outer_limit radius
velocity row 107/120 IC 574/599 x0=0.852871 velocity_parameter=0.759833 elapsed=9.46146s written=0
  crossing 0/250
  stopped velocity row 107 IC 574 x0=0.852871 velocity_parameter=0.759833 status=outer_limit: trajectory reached the configured outer_limit radius
velocity row 107/120 IC 581/599 x0=0.85446 velocity_parameter=0.759833 elapsed=9.48748s written=0
  crossing 0/250
  stopped velocity row 107 IC 581 x0=0.85446 velocity_parameter=0.759833 status=outer_limit: trajectory reached the configured outer_limit radius
velocity row 108/120 IC 564/599 x0=0.850601 velocity_parameter=0.776 elapsed=9.49186s written=0
  crossing 0/250
  stopped velocity row 108 IC 564 x0=0.850601 velocity_parameter=0.776 status=outer_limit: trajectory reached the configured outer_limit radius
velocity row 108/120 IC 574/599 x0=0.852871 velocity_parameter=0.776 elapsed=9.53674s written=0
  crossing 0/250
  stopped velocity row 108 IC 574 x0=0.852871 velocity_parameter=0.776 status=outer_limit: trajectory reached the configured outer_limit radius
velocity row 108/120 IC 581/599 x0=0.85446 velocity_parameter=0.776 elapsed=9.56447s written=0
  crossing 0/250
  stopped velocity row 108 IC 581 x0=0.85446 velocity_parameter=0.776 status=outer_limit: trajectory reached the configured outer_limit radius
velocity row 109/120 IC 564/599 x0=0.850601 velocity_parameter=0.792167 elapsed=9.5687s written=0
  crossing 0/250
  stopped velocity row 109 IC 564 x0=0.850601 velocity_parameter=0.792167 status=outer_limit: trajectory reached the configured outer_limit radius
velocity row 109/120 IC 574/599 x0=0.852871 velocity_parameter=0.792167 elapsed=9.60827s written=0
  crossing 0/250
  stopped velocity row 109 IC 574 x0=0.852871 velocity_parameter=0.792167 status=outer_limit: trajectory reached the configured outer_limit radius
velocity row 109/120 IC 581/599 x0=0.85446 velocity_parameter=0.792167 elapsed=9.63323s written=0
  crossing 0/250
  stopped velocity row 109 IC 581 x0=0.85446 velocity_parameter=0.792167 status=outer_limit: trajectory reached the configured outer_limit radius
velocity row 110/120 IC 564/599 x0=0.850601 velocity_parameter=0.808333 elapsed=9.6396s written=0
  crossing 0/250
  stopped velocity row 110 IC 564 x0=0.850601 velocity_parameter=0.808333 status=outer_limit: trajectory reached the configured outer_limit radius
velocity row 110/120 IC 574/599 x0=0.852871 velocity_parameter=0.808333 elapsed=9.67339s written=0
  crossing 0/250
  stopped velocity row 110 IC 574 x0=0.852871 velocity_parameter=0.808333 status=outer_limit: trajectory reached the configured outer_limit radius
velocity row 110/120 IC 581/599 x0=0.85446 velocity_parameter=0.808333 elapsed=9.69727s written=0
  crossing 0/250
  stopped velocity row 110 IC 581 x0=0.85446 velocity_parameter=0.808333 status=outer_limit: trajectory reached the configured outer_limit radius
velocity row 111/120 IC 564/599 x0=0.850601 velocity_parameter=0.8245 elapsed=9.70143s written=0
  crossing 0/250
  stopped velocity row 111 IC 564 x0=0.850601 velocity_parameter=0.8245 status=outer_limit: trajectory reached the configured outer_limit radius
velocity row 111/120 IC 574/599 x0=0.852871 velocity_parameter=0.8245 elapsed=9.73731s written=0
  crossing 0/250
  stopped velocity row 111 IC 574 x0=0.852871 velocity_parameter=0.8245 status=outer_limit: trajectory reached the configured outer_limit radius
velocity row 111/120 IC 581/599 x0=0.85446 velocity_parameter=0.8245 elapsed=9.76806s written=0
  crossing 0/250
  stopped velocity row 111 IC 581 x0=0.85446 velocity_parameter=0.8245 status=outer_limit: trajectory reached the configured outer_limit radius
velocity row 112/120 IC 564/599 x0=0.850601 velocity_parameter=0.840667 elapsed=9.7724s written=0
  crossing 0/250
  stopped velocity row 112 IC 564 x0=0.850601 velocity_parameter=0.840667 status=outer_limit: trajectory reached the configured outer_limit radius
velocity row 112/120 IC 574/599 x0=0.852871 velocity_parameter=0.840667 elapsed=9.81702s written=0
  crossing 0/250
  stopped velocity row 112 IC 574 x0=0.852871 velocity_parameter=0.840667 status=outer_limit: trajectory reached the configured outer_limit radius
velocity row 112/120 IC 581/599 x0=0.85446 velocity_parameter=0.840667 elapsed=9.85365s written=0
  crossing 0/250
  stopped velocity row 112 IC 581 x0=0.85446 velocity_parameter=0.840667 status=outer_limit: trajectory reached the configured outer_limit radius
velocity row 113/120 IC 564/599 x0=0.850601 velocity_parameter=0.856833 elapsed=9.85711s written=0
  crossing 0/250
  stopped velocity row 113 IC 564 x0=0.850601 velocity_parameter=0.856833 status=outer_limit: trajectory reached the configured outer_limit radius
velocity row 113/120 IC 574/599 x0=0.852871 velocity_parameter=0.856833 elapsed=9.89179s written=0
  crossing 0/250
  stopped velocity row 113 IC 574 x0=0.852871 velocity_parameter=0.856833 status=outer_limit: trajectory reached the configured outer_limit radius
velocity row 113/120 IC 581/599 x0=0.85446 velocity_parameter=0.856833 elapsed=9.92684s written=0
  crossing 0/250
  stopped velocity row 113 IC 581 x0=0.85446 velocity_parameter=0.856833 status=outer_limit: trajectory reached the configured outer_limit radius
velocity row 114/120 IC 564/599 x0=0.850601 velocity_parameter=0.873 elapsed=9.93083s written=0
  crossing 0/250
  stopped velocity row 114 IC 564 x0=0.850601 velocity_parameter=0.873 status=outer_limit: trajectory reached the configured outer_limit radius
velocity row 114/120 IC 574/599 x0=0.852871 velocity_parameter=0.873 elapsed=9.9803s written=0
  crossing 0/250
  stopped velocity row 114 IC 574 x0=0.852871 velocity_parameter=0.873 status=outer_limit: trajectory reached the configured outer_limit radius
velocity row 114/120 IC 581/599 x0=0.85446 velocity_parameter=0.873 elapsed=10.0134s written=0
  crossing 0/250
  stopped velocity row 114 IC 581 x0=0.85446 velocity_parameter=0.873 status=outer_limit: trajectory reached the configured outer_limit radius
velocity row 115/120 IC 564/599 x0=0.850601 velocity_parameter=0.889167 elapsed=10.0183s written=0
  crossing 0/250
  stopped velocity row 115 IC 564 x0=0.850601 velocity_parameter=0.889167 status=outer_limit: trajectory reached the configured outer_limit radius
velocity row 115/120 IC 574/599 x0=0.852871 velocity_parameter=0.889167 elapsed=10.0586s written=0
  crossing 0/250
  stopped velocity row 115 IC 574 x0=0.852871 velocity_parameter=0.889167 status=outer_limit: trajectory reached the configured outer_limit radius
velocity row 115/120 IC 581/599 x0=0.85446 velocity_parameter=0.889167 elapsed=10.0846s written=0
  crossing 0/250
  stopped velocity row 115 IC 581 x0=0.85446 velocity_parameter=0.889167 status=outer_limit: trajectory reached the configured outer_limit radius
velocity row 116/120 IC 564/599 x0=0.850601 velocity_parameter=0.905333 elapsed=10.0884s written=0
  crossing 0/250
  stopped velocity row 116 IC 564 x0=0.850601 velocity_parameter=0.905333 status=outer_limit: trajectory reached the configured outer_limit radius
velocity row 116/120 IC 574/599 x0=0.852871 velocity_parameter=0.905333 elapsed=10.1335s written=0
  crossing 0/250
  stopped velocity row 116 IC 574 x0=0.852871 velocity_parameter=0.905333 status=outer_limit: trajectory reached the configured outer_limit radius
velocity row 116/120 IC 581/599 x0=0.85446 velocity_parameter=0.905333 elapsed=10.1599s written=0
  crossing 0/250
  stopped velocity row 116 IC 581 x0=0.85446 velocity_parameter=0.905333 status=outer_limit: trajectory reached the configured outer_limit radius
velocity row 117/120 IC 564/599 x0=0.850601 velocity_parameter=0.9215 elapsed=10.1657s written=0
  crossing 0/250
  stopped velocity row 117 IC 564 x0=0.850601 velocity_parameter=0.9215 status=outer_limit: trajectory reached the configured outer_limit radius
velocity row 117/120 IC 574/599 x0=0.852871 velocity_parameter=0.9215 elapsed=10.2039s written=0
  crossing 0/250
  stopped velocity row 117 IC 574 x0=0.852871 velocity_parameter=0.9215 status=outer_limit: trajectory reached the configured outer_limit radius
velocity row 117/120 IC 581/599 x0=0.85446 velocity_parameter=0.9215 elapsed=10.2328s written=0
  crossing 0/250
  stopped velocity row 117 IC 581 x0=0.85446 velocity_parameter=0.9215 status=outer_limit: trajectory reached the configured outer_limit radius
velocity row 118/120 IC 564/599 x0=0.850601 velocity_parameter=0.937667 elapsed=10.2377s written=0
  crossing 0/250
  stopped velocity row 118 IC 564 x0=0.850601 velocity_parameter=0.937667 status=outer_limit: trajectory reached the configured outer_limit radius
velocity row 118/120 IC 574/599 x0=0.852871 velocity_parameter=0.937667 elapsed=10.2819s written=0
  crossing 0/250
  stopped velocity row 118 IC 574 x0=0.852871 velocity_parameter=0.937667 status=outer_limit: trajectory reached the configured outer_limit radius
velocity row 118/120 IC 581/599 x0=0.85446 velocity_parameter=0.937667 elapsed=10.3122s written=0
  crossing 0/250
  stopped velocity row 118 IC 581 x0=0.85446 velocity_parameter=0.937667 status=outer_limit: trajectory reached the configured outer_limit radius
velocity row 119/120 IC 564/599 x0=0.850601 velocity_parameter=0.953833 elapsed=10.3156s written=0
  crossing 0/250
  stopped velocity row 119 IC 564 x0=0.850601 velocity_parameter=0.953833 status=outer_limit: trajectory reached the configured outer_limit radius
velocity row 119/120 IC 574/599 x0=0.852871 velocity_parameter=0.953833 elapsed=10.3595s written=0
  crossing 0/250
  stopped velocity row 119 IC 574 x0=0.852871 velocity_parameter=0.953833 status=outer_limit: trajectory reached the configured outer_limit radius
velocity row 119/120 IC 581/599 x0=0.85446 velocity_parameter=0.953833 elapsed=10.3856s written=0
  crossing 0/250
  stopped velocity row 119 IC 581 x0=0.85446 velocity_parameter=0.953833 status=outer_limit: trajectory reached the configured outer_limit radius
velocity row 120/120 IC 564/599 x0=0.850601 velocity_parameter=0.97 elapsed=10.3889s written=0
  crossing 0/250
  stopped velocity row 120 IC 564 x0=0.850601 velocity_parameter=0.97 status=outer_limit: trajectory reached the configured outer_limit radius
velocity row 120/120 IC 574/599 x0=0.852871 velocity_parameter=0.97 elapsed=10.4225s written=0
  crossing 0/250
  stopped velocity row 120 IC 574 x0=0.852871 velocity_parameter=0.97 status=outer_limit: trajectory reached the configured outer_limit radius
velocity row 120/120 IC 581/599 x0=0.85446 velocity_parameter=0.97 elapsed=10.4498s written=0
  crossing 0/250
  stopped velocity row 120 IC 581 x0=0.85446 velocity_parameter=0.97 status=outer_limit: trajectory reached the configured outer_limit radius
metadata -> /mnt/c/Users/payne/Code/Hill_4BP/professional_neck_studies/e1_dense_001/survey/level_001_delta_1e_minus_3/open/shard_0030/metadata.txt
wrote 0 points (0 ICs skipped, 2178 orbits stopped early, elapsed=10.4527s) -> /mnt/c/Users/payne/Code/Hill_4BP/professional_neck_studies/e1_dense_001/survey/level_001_delta_1e_minus_3/open/shard_0030/points.csv
outcomes: collision=0 completed=0 forbidden=0 inner_radius_limit=0 invalid_initial_radius=0 invalid_velocity=0 nontransverse=0 numerical_failure=0 outer_limit=2178 timeout=0
maximum sampled |H-h|=1.08152e-15
