zero-velocity boundary -> /mnt/c/Users/payne/Code/Hill_4BP/professional_neck_studies/e1_dense_001/survey/level_000_delta_1e_minus_2/closed/shard_0021/zero_velocity_boundary.csv
lambda1=0.0272549 lambda2=2.97275 A=-0.986373 B=0.486373 c=0.0976566 c1=0 c2=0 c3=-0.0976566 h=-2.40154 (C=4.80307)
E1/E2 neck h=-2.39154 (C=4.78307), E3/E4 neck h=-0.454039 (C=0.908078)
energy_mode=neck_delta neck=E1 hcrit=-2.39154 delta=0.01 side=closed actual_neck_side=closed delta_h=-0.01
x_count=600 xdot_count=121 iterates=250 index range=[399,417] velocity_mode=fraction x_range=[0.575546,1.00556] max_return_time=100
smooth coordinates R=sqrt(rho), CAPD crossing mode=Both solver_order=28 max_step=0.005 abs_tol=1e-15 rel_tol=1e-13 collision_radius=1e-06 outer_radius=5
velocity row 0/120 IC 399/599 x0=0.861985 velocity_parameter=-0.97 elapsed=2.1e-07s written=0
  crossing 0/250
  stopped velocity row 0 IC 399 x0=0.861985 velocity_parameter=-0.97 status=outer_limit: trajectory reached the configured outer_limit radius
  stopped velocity row 0 IC 400 x0=0.862703 velocity_parameter=-0.97 status=outer_limit: trajectory reached the configured outer_limit radius
  stopped velocity row 0 IC 401 x0=0.863421 velocity_parameter=-0.97 status=outer_limit: trajectory reached the configured outer_limit radius
  stopped velocity row 0 IC 402 x0=0.864139 velocity_parameter=-0.97 status=outer_limit: trajectory reached the configured outer_limit radius
  stopped velocity row 0 IC 403 x0=0.864857 velocity_parameter=-0.97 status=outer_limit: trajectory reached the configured outer_limit radius
  stopped velocity row 0 IC 404 x0=0.865574 velocity_parameter=-0.97 status=outer_limit: trajectory reached the configured outer_limit radius
  stopped velocity row 0 IC 405 x0=0.866292 velocity_parameter=-0.97 status=outer_limit: trajectory reached the configured outer_limit radius
  stopped velocity row 0 IC 406 x0=0.86701 velocity_parameter=-0.97 status=outer_limit: trajectory reached the configured outer_limit radius
  stopped velocity row 0 IC 407 x0=0.867728 velocity_parameter=-0.97 status=outer_limit: trajectory reached the configured outer_limit radius
  stopped velocity row 0 IC 408 x0=0.868446 velocity_parameter=-0.97 status=outer_limit: trajectory reached the configured outer_limit radius
velocity row 0/120 IC 409/599 x0=0.869164 velocity_parameter=-0.97 elapsed=0.0699202s written=0
  crossing 0/250
  stopped velocity row 0 IC 409 x0=0.869164 velocity_parameter=-0.97 status=outer_limit: trajectory reached the configured outer_limit radius
velocity row 0/120 IC 417/599 x0=0.874907 velocity_parameter=-0.97 elapsed=0.11923s written=0
  crossing 0/250
  stopped velocity row 0 IC 417 x0=0.874907 velocity_parameter=-0.97 status=outer_limit: trajectory reached the configured outer_limit radius
velocity row 1/120 IC 399/599 x0=0.861985 velocity_parameter=-0.953833 elapsed=0.124383s written=0
  crossing 0/250
  stopped velocity row 1 IC 399 x0=0.861985 velocity_parameter=-0.953833 status=outer_limit: trajectory reached the configured outer_limit radius
velocity row 1/120 IC 409/599 x0=0.869164 velocity_parameter=-0.953833 elapsed=0.182667s written=0
  crossing 0/250
  stopped velocity row 1 IC 409 x0=0.869164 velocity_parameter=-0.953833 status=outer_limit: trajectory reached the configured outer_limit radius
velocity row 1/120 IC 417/599 x0=0.874907 velocity_parameter=-0.953833 elapsed=0.229671s written=0
  crossing 0/250
  stopped velocity row 1 IC 417 x0=0.874907 velocity_parameter=-0.953833 status=outer_limit: trajectory reached the configured outer_limit radius
velocity row 2/120 IC 399/599 x0=0.861985 velocity_parameter=-0.937667 elapsed=0.235227s written=0
  crossing 0/250
  stopped velocity row 2 IC 399 x0=0.861985 velocity_parameter=-0.937667 status=outer_limit: trajectory reached the configured outer_limit radius
velocity row 2/120 IC 409/599 x0=0.869164 velocity_parameter=-0.937667 elapsed=0.291571s written=0
  crossing 0/250
  stopped velocity row 2 IC 409 x0=0.869164 velocity_parameter=-0.937667 status=outer_limit: trajectory reached the configured outer_limit radius
velocity row 2/120 IC 417/599 x0=0.874907 velocity_parameter=-0.937667 elapsed=0.338616s written=0
  crossing 0/250
  stopped velocity row 2 IC 417 x0=0.874907 velocity_parameter=-0.937667 status=outer_limit: trajectory reached the configured outer_limit radius
velocity row 3/120 IC 399/599 x0=0.861985 velocity_parameter=-0.9215 elapsed=0.344107s written=0
  crossing 0/250
  stopped velocity row 3 IC 399 x0=0.861985 velocity_parameter=-0.9215 status=outer_limit: trajectory reached the configured outer_limit radius
velocity row 3/120 IC 409/599 x0=0.869164 velocity_parameter=-0.9215 elapsed=0.395358s written=0
  crossing 0/250
  stopped velocity row 3 IC 409 x0=0.869164 velocity_parameter=-0.9215 status=outer_limit: trajectory reached the configured outer_limit radius
velocity row 3/120 IC 417/599 x0=0.874907 velocity_parameter=-0.9215 elapsed=0.454402s written=0
  crossing 0/250
  stopped velocity row 3 IC 417 x0=0.874907 velocity_parameter=-0.9215 status=outer_limit: trajectory reached the configured outer_limit radius
velocity row 4/120 IC 399/599 x0=0.861985 velocity_parameter=-0.905333 elapsed=0.461395s written=0
  crossing 0/250
  stopped velocity row 4 IC 399 x0=0.861985 velocity_parameter=-0.905333 status=outer_limit: trajectory reached the configured outer_limit radius
velocity row 4/120 IC 409/599 x0=0.869164 velocity_parameter=-0.905333 elapsed=0.520742s written=0
  crossing 0/250
  stopped velocity row 4 IC 409 x0=0.869164 velocity_parameter=-0.905333 status=outer_limit: trajectory reached the configured outer_limit radius
velocity row 4/120 IC 417/599 x0=0.874907 velocity_parameter=-0.905333 elapsed=0.565244s written=0
  crossing 0/250
  stopped velocity row 4 IC 417 x0=0.874907 velocity_parameter=-0.905333 status=outer_limit: trajectory reached the configured outer_limit radius
velocity row 5/120 IC 399/599 x0=0.861985 velocity_parameter=-0.889167 elapsed=0.570044s written=0
  crossing 0/250
  stopped velocity row 5 IC 399 x0=0.861985 velocity_parameter=-0.889167 status=outer_limit: trajectory reached the configured outer_limit radius
velocity row 5/120 IC 409/599 x0=0.869164 velocity_parameter=-0.889167 elapsed=0.624121s written=0
  crossing 0/250
  stopped velocity row 5 IC 409 x0=0.869164 velocity_parameter=-0.889167 status=outer_limit: trajectory reached the configured outer_limit radius
velocity row 5/120 IC 417/599 x0=0.874907 velocity_parameter=-0.889167 elapsed=0.670029s written=0
  crossing 0/250
  stopped velocity row 5 IC 417 x0=0.874907 velocity_parameter=-0.889167 status=outer_limit: trajectory reached the configured outer_limit radius
velocity row 6/120 IC 399/599 x0=0.861985 velocity_parameter=-0.873 elapsed=0.676331s written=0
  crossing 0/250
  stopped velocity row 6 IC 399 x0=0.861985 velocity_parameter=-0.873 status=outer_limit: trajectory reached the configured outer_limit radius
velocity row 6/120 IC 409/599 x0=0.869164 velocity_parameter=-0.873 elapsed=0.731082s written=0
  crossing 0/250
  stopped velocity row 6 IC 409 x0=0.869164 velocity_parameter=-0.873 status=outer_limit: trajectory reached the configured outer_limit radius
velocity row 6/120 IC 417/599 x0=0.874907 velocity_parameter=-0.873 elapsed=0.774325s written=0
  crossing 0/250
  stopped velocity row 6 IC 417 x0=0.874907 velocity_parameter=-0.873 status=outer_limit: trajectory reached the configured outer_limit radius
velocity row 7/120 IC 399/599 x0=0.861985 velocity_parameter=-0.856833 elapsed=0.780108s written=0
  crossing 0/250
  stopped velocity row 7 IC 399 x0=0.861985 velocity_parameter=-0.856833 status=outer_limit: trajectory reached the configured outer_limit radius
velocity row 7/120 IC 409/599 x0=0.869164 velocity_parameter=-0.856833 elapsed=0.831551s written=0
  crossing 0/250
  stopped velocity row 7 IC 409 x0=0.869164 velocity_parameter=-0.856833 status=outer_limit: trajectory reached the configured outer_limit radius
velocity row 7/120 IC 417/599 x0=0.874907 velocity_parameter=-0.856833 elapsed=0.871274s written=0
  crossing 0/250
  stopped velocity row 7 IC 417 x0=0.874907 velocity_parameter=-0.856833 status=outer_limit: trajectory reached the configured outer_limit radius
velocity row 8/120 IC 399/599 x0=0.861985 velocity_parameter=-0.840667 elapsed=0.878961s written=0
  crossing 0/250
  stopped velocity row 8 IC 399 x0=0.861985 velocity_parameter=-0.840667 status=outer_limit: trajectory reached the configured outer_limit radius
velocity row 8/120 IC 409/599 x0=0.869164 velocity_parameter=-0.840667 elapsed=0.935174s written=0
  crossing 0/250
  stopped velocity row 8 IC 409 x0=0.869164 velocity_parameter=-0.840667 status=outer_limit: trajectory reached the configured outer_limit radius
velocity row 8/120 IC 417/599 x0=0.874907 velocity_parameter=-0.840667 elapsed=0.976482s written=0
  crossing 0/250
  stopped velocity row 8 IC 417 x0=0.874907 velocity_parameter=-0.840667 status=outer_limit: trajectory reached the configured outer_limit radius
velocity row 9/120 IC 399/599 x0=0.861985 velocity_parameter=-0.8245 elapsed=0.981109s written=0
  crossing 0/250
  stopped velocity row 9 IC 399 x0=0.861985 velocity_parameter=-0.8245 status=outer_limit: trajectory reached the configured outer_limit radius
velocity row 9/120 IC 409/599 x0=0.869164 velocity_parameter=-0.8245 elapsed=1.033s written=0
  crossing 0/250
  stopped velocity row 9 IC 409 x0=0.869164 velocity_parameter=-0.8245 status=outer_limit: trajectory reached the configured outer_limit radius
velocity row 9/120 IC 417/599 x0=0.874907 velocity_parameter=-0.8245 elapsed=1.07324s written=0
  crossing 0/250
  stopped velocity row 9 IC 417 x0=0.874907 velocity_parameter=-0.8245 status=outer_limit: trajectory reached the configured outer_limit radius
velocity row 10/120 IC 399/599 x0=0.861985 velocity_parameter=-0.808333 elapsed=1.07768s written=0
  crossing 0/250
  stopped velocity row 10 IC 399 x0=0.861985 velocity_parameter=-0.808333 status=outer_limit: trajectory reached the configured outer_limit radius
velocity row 10/120 IC 409/599 x0=0.869164 velocity_parameter=-0.808333 elapsed=1.13217s written=0
  crossing 0/250
  stopped velocity row 10 IC 409 x0=0.869164 velocity_parameter=-0.808333 status=outer_limit: trajectory reached the configured outer_limit radius
velocity row 10/120 IC 417/599 x0=0.874907 velocity_parameter=-0.808333 elapsed=1.1691s written=0
  crossing 0/250
  stopped velocity row 10 IC 417 x0=0.874907 velocity_parameter=-0.808333 status=outer_limit: trajectory reached the configured outer_limit radius
velocity row 11/120 IC 399/599 x0=0.861985 velocity_parameter=-0.792167 elapsed=1.17385s written=0
  crossing 0/250
  stopped velocity row 11 IC 399 x0=0.861985 velocity_parameter=-0.792167 status=outer_limit: trajectory reached the configured outer_limit radius
velocity row 11/120 IC 409/599 x0=0.869164 velocity_parameter=-0.792167 elapsed=1.2332s written=0
  crossing 0/250
  stopped velocity row 11 IC 409 x0=0.869164 velocity_parameter=-0.792167 status=outer_limit: trajectory reached the configured outer_limit radius
velocity row 11/120 IC 417/599 x0=0.874907 velocity_parameter=-0.792167 elapsed=1.27728s written=0
  crossing 0/250
  stopped velocity row 11 IC 417 x0=0.874907 velocity_parameter=-0.792167 status=outer_limit: trajectory reached the configured outer_limit radius
velocity row 12/120 IC 399/599 x0=0.861985 velocity_parameter=-0.776 elapsed=1.28121s written=0
  crossing 0/250
  stopped velocity row 12 IC 399 x0=0.861985 velocity_parameter=-0.776 status=outer_limit: trajectory reached the configured outer_limit radius
velocity row 12/120 IC 409/599 x0=0.869164 velocity_parameter=-0.776 elapsed=1.33148s written=0
  crossing 0/250
  stopped velocity row 12 IC 409 x0=0.869164 velocity_parameter=-0.776 status=outer_limit: trajectory reached the configured outer_limit radius
velocity row 12/120 IC 417/599 x0=0.874907 velocity_parameter=-0.776 elapsed=1.37052s written=0
  crossing 0/250
  stopped velocity row 12 IC 417 x0=0.874907 velocity_parameter=-0.776 status=outer_limit: trajectory reached the configured outer_limit radius
velocity row 13/120 IC 399/599 x0=0.861985 velocity_parameter=-0.759833 elapsed=1.37588s written=0
  crossing 0/250
  stopped velocity row 13 IC 399 x0=0.861985 velocity_parameter=-0.759833 status=outer_limit: trajectory reached the configured outer_limit radius
velocity row 13/120 IC 409/599 x0=0.869164 velocity_parameter=-0.759833 elapsed=1.42506s written=0
  crossing 0/250
  stopped velocity row 13 IC 409 x0=0.869164 velocity_parameter=-0.759833 status=outer_limit: trajectory reached the configured outer_limit radius
velocity row 13/120 IC 417/599 x0=0.874907 velocity_parameter=-0.759833 elapsed=1.46682s written=0
  crossing 0/250
  stopped velocity row 13 IC 417 x0=0.874907 velocity_parameter=-0.759833 status=outer_limit: trajectory reached the configured outer_limit radius
velocity row 14/120 IC 399/599 x0=0.861985 velocity_parameter=-0.743667 elapsed=1.47125s written=0
  crossing 0/250
  stopped velocity row 14 IC 399 x0=0.861985 velocity_parameter=-0.743667 status=outer_limit: trajectory reached the configured outer_limit radius
velocity row 14/120 IC 409/599 x0=0.869164 velocity_parameter=-0.743667 elapsed=1.52049s written=0
  crossing 0/250
  stopped velocity row 14 IC 409 x0=0.869164 velocity_parameter=-0.743667 status=outer_limit: trajectory reached the configured outer_limit radius
velocity row 14/120 IC 417/599 x0=0.874907 velocity_parameter=-0.743667 elapsed=1.56148s written=0
  crossing 0/250
  stopped velocity row 14 IC 417 x0=0.874907 velocity_parameter=-0.743667 status=outer_limit: trajectory reached the configured outer_limit radius
velocity row 15/120 IC 399/599 x0=0.861985 velocity_parameter=-0.7275 elapsed=1.56533s written=0
  crossing 0/250
  stopped velocity row 15 IC 399 x0=0.861985 velocity_parameter=-0.7275 status=outer_limit: trajectory reached the configured outer_limit radius
velocity row 15/120 IC 409/599 x0=0.869164 velocity_parameter=-0.7275 elapsed=1.61202s written=0
  crossing 0/250
  stopped velocity row 15 IC 409 x0=0.869164 velocity_parameter=-0.7275 status=outer_limit: trajectory reached the configured outer_limit radius
velocity row 15/120 IC 417/599 x0=0.874907 velocity_parameter=-0.7275 elapsed=1.64892s written=0
  crossing 0/250
  stopped velocity row 15 IC 417 x0=0.874907 velocity_parameter=-0.7275 status=outer_limit: trajectory reached the configured outer_limit radius
velocity row 16/120 IC 399/599 x0=0.861985 velocity_parameter=-0.711333 elapsed=1.65419s written=0
  crossing 0/250
  stopped velocity row 16 IC 399 x0=0.861985 velocity_parameter=-0.711333 status=outer_limit: trajectory reached the configured outer_limit radius
velocity row 16/120 IC 409/599 x0=0.869164 velocity_parameter=-0.711333 elapsed=1.71136s written=0
  crossing 0/250
  stopped velocity row 16 IC 409 x0=0.869164 velocity_parameter=-0.711333 status=outer_limit: trajectory reached the configured outer_limit radius
velocity row 16/120 IC 417/599 x0=0.874907 velocity_parameter=-0.711333 elapsed=1.75217s written=0
  crossing 0/250
  stopped velocity row 16 IC 417 x0=0.874907 velocity_parameter=-0.711333 status=outer_limit: trajectory reached the configured outer_limit radius
velocity row 17/120 IC 399/599 x0=0.861985 velocity_parameter=-0.695167 elapsed=1.75658s written=0
  crossing 0/250
  stopped velocity row 17 IC 399 x0=0.861985 velocity_parameter=-0.695167 status=outer_limit: trajectory reached the configured outer_limit radius
velocity row 17/120 IC 409/599 x0=0.869164 velocity_parameter=-0.695167 elapsed=1.80508s written=0
  crossing 0/250
  stopped velocity row 17 IC 409 x0=0.869164 velocity_parameter=-0.695167 status=outer_limit: trajectory reached the configured outer_limit radius
velocity row 17/120 IC 417/599 x0=0.874907 velocity_parameter=-0.695167 elapsed=1.84177s written=0
  crossing 0/250
  stopped velocity row 17 IC 417 x0=0.874907 velocity_parameter=-0.695167 status=outer_limit: trajectory reached the configured outer_limit radius
velocity row 18/120 IC 399/599 x0=0.861985 velocity_parameter=-0.679 elapsed=1.84616s written=0
  crossing 0/250
  stopped velocity row 18 IC 399 x0=0.861985 velocity_parameter=-0.679 status=outer_limit: trajectory reached the configured outer_limit radius
velocity row 18/120 IC 409/599 x0=0.869164 velocity_parameter=-0.679 elapsed=1.89183s written=0
  crossing 0/250
  stopped velocity row 18 IC 409 x0=0.869164 velocity_parameter=-0.679 status=outer_limit: trajectory reached the configured outer_limit radius
velocity row 18/120 IC 417/599 x0=0.874907 velocity_parameter=-0.679 elapsed=1.93084s written=0
  crossing 0/250
  stopped velocity row 18 IC 417 x0=0.874907 velocity_parameter=-0.679 status=outer_limit: trajectory reached the configured outer_limit radius
velocity row 19/120 IC 399/599 x0=0.861985 velocity_parameter=-0.662833 elapsed=1.93612s written=0
  crossing 0/250
  stopped velocity row 19 IC 399 x0=0.861985 velocity_parameter=-0.662833 status=outer_limit: trajectory reached the configured outer_limit radius
velocity row 19/120 IC 409/599 x0=0.869164 velocity_parameter=-0.662833 elapsed=1.98635s written=0
  crossing 0/250
  stopped velocity row 19 IC 409 x0=0.869164 velocity_parameter=-0.662833 status=outer_limit: trajectory reached the configured outer_limit radius
velocity row 19/120 IC 417/599 x0=0.874907 velocity_parameter=-0.662833 elapsed=2.02535s written=0
  crossing 0/250
  stopped velocity row 19 IC 417 x0=0.874907 velocity_parameter=-0.662833 status=outer_limit: trajectory reached the configured outer_limit radius
velocity row 20/120 IC 399/599 x0=0.861985 velocity_parameter=-0.646667 elapsed=2.0308s written=0
  crossing 0/250
  stopped velocity row 20 IC 399 x0=0.861985 velocity_parameter=-0.646667 status=outer_limit: trajectory reached the configured outer_limit radius
velocity row 20/120 IC 409/599 x0=0.869164 velocity_parameter=-0.646667 elapsed=2.08181s written=0
  crossing 0/250
  stopped velocity row 20 IC 409 x0=0.869164 velocity_parameter=-0.646667 status=outer_limit: trajectory reached the configured outer_limit radius
velocity row 20/120 IC 417/599 x0=0.874907 velocity_parameter=-0.646667 elapsed=2.12447s written=0
  crossing 0/250
  stopped velocity row 20 IC 417 x0=0.874907 velocity_parameter=-0.646667 status=outer_limit: trajectory reached the configured outer_limit radius
velocity row 21/120 IC 399/599 x0=0.861985 velocity_parameter=-0.6305 elapsed=2.13483s written=0
  crossing 0/250
  stopped velocity row 21 IC 399 x0=0.861985 velocity_parameter=-0.6305 status=outer_limit: trajectory reached the configured outer_limit radius
velocity row 21/120 IC 409/599 x0=0.869164 velocity_parameter=-0.6305 elapsed=2.18607s written=0
  crossing 0/250
  stopped velocity row 21 IC 409 x0=0.869164 velocity_parameter=-0.6305 status=outer_limit: trajectory reached the configured outer_limit radius
velocity row 21/120 IC 417/599 x0=0.874907 velocity_parameter=-0.6305 elapsed=2.22285s written=0
  crossing 0/250
  stopped velocity row 21 IC 417 x0=0.874907 velocity_parameter=-0.6305 status=outer_limit: trajectory reached the configured outer_limit radius
velocity row 22/120 IC 399/599 x0=0.861985 velocity_parameter=-0.614333 elapsed=2.22819s written=0
  crossing 0/250
  stopped velocity row 22 IC 399 x0=0.861985 velocity_parameter=-0.614333 status=outer_limit: trajectory reached the configured outer_limit radius
velocity row 22/120 IC 409/599 x0=0.869164 velocity_parameter=-0.614333 elapsed=2.27433s written=0
  crossing 0/250
  stopped velocity row 22 IC 409 x0=0.869164 velocity_parameter=-0.614333 status=outer_limit: trajectory reached the configured outer_limit radius
velocity row 22/120 IC 417/599 x0=0.874907 velocity_parameter=-0.614333 elapsed=2.31127s written=0
  crossing 0/250
  stopped velocity row 22 IC 417 x0=0.874907 velocity_parameter=-0.614333 status=outer_limit: trajectory reached the configured outer_limit radius
velocity row 23/120 IC 399/599 x0=0.861985 velocity_parameter=-0.598167 elapsed=2.31522s written=0
  crossing 0/250
  stopped velocity row 23 IC 399 x0=0.861985 velocity_parameter=-0.598167 status=outer_limit: trajectory reached the configured outer_limit radius
velocity row 23/120 IC 409/599 x0=0.869164 velocity_parameter=-0.598167 elapsed=2.35848s written=0
  crossing 0/250
  stopped velocity row 23 IC 409 x0=0.869164 velocity_parameter=-0.598167 status=outer_limit: trajectory reached the configured outer_limit radius
velocity row 23/120 IC 417/599 x0=0.874907 velocity_parameter=-0.598167 elapsed=2.39652s written=0
  crossing 0/250
  stopped velocity row 23 IC 417 x0=0.874907 velocity_parameter=-0.598167 status=outer_limit: trajectory reached the configured outer_limit radius
velocity row 24/120 IC 399/599 x0=0.861985 velocity_parameter=-0.582 elapsed=2.4065s written=0
  crossing 0/250
  stopped velocity row 24 IC 399 x0=0.861985 velocity_parameter=-0.582 status=outer_limit: trajectory reached the configured outer_limit radius
velocity row 24/120 IC 409/599 x0=0.869164 velocity_parameter=-0.582 elapsed=2.45918s written=0
  crossing 0/250
  stopped velocity row 24 IC 409 x0=0.869164 velocity_parameter=-0.582 status=outer_limit: trajectory reached the configured outer_limit radius
velocity row 24/120 IC 417/599 x0=0.874907 velocity_parameter=-0.582 elapsed=2.4937s written=0
  crossing 0/250
  stopped velocity row 24 IC 417 x0=0.874907 velocity_parameter=-0.582 status=outer_limit: trajectory reached the configured outer_limit radius
velocity row 25/120 IC 399/599 x0=0.861985 velocity_parameter=-0.565833 elapsed=2.49907s written=0
  crossing 0/250
  stopped velocity row 25 IC 399 x0=0.861985 velocity_parameter=-0.565833 status=outer_limit: trajectory reached the configured outer_limit radius
velocity row 25/120 IC 409/599 x0=0.869164 velocity_parameter=-0.565833 elapsed=2.54474s written=0
  crossing 0/250
  stopped velocity row 25 IC 409 x0=0.869164 velocity_parameter=-0.565833 status=outer_limit: trajectory reached the configured outer_limit radius
velocity row 25/120 IC 417/599 x0=0.874907 velocity_parameter=-0.565833 elapsed=2.58152s written=0
  crossing 0/250
  stopped velocity row 25 IC 417 x0=0.874907 velocity_parameter=-0.565833 status=outer_limit: trajectory reached the configured outer_limit radius
velocity row 26/120 IC 399/599 x0=0.861985 velocity_parameter=-0.549667 elapsed=2.58732s written=0
  crossing 0/250
  stopped velocity row 26 IC 399 x0=0.861985 velocity_parameter=-0.549667 status=outer_limit: trajectory reached the configured outer_limit radius
velocity row 26/120 IC 409/599 x0=0.869164 velocity_parameter=-0.549667 elapsed=2.63331s written=0
  crossing 0/250
  stopped velocity row 26 IC 409 x0=0.869164 velocity_parameter=-0.549667 status=outer_limit: trajectory reached the configured outer_limit radius
velocity row 26/120 IC 417/599 x0=0.874907 velocity_parameter=-0.549667 elapsed=2.66788s written=0
  crossing 0/250
  stopped velocity row 26 IC 417 x0=0.874907 velocity_parameter=-0.549667 status=outer_limit: trajectory reached the configured outer_limit radius
velocity row 27/120 IC 399/599 x0=0.861985 velocity_parameter=-0.5335 elapsed=2.67404s written=0
  crossing 0/250
  stopped velocity row 27 IC 399 x0=0.861985 velocity_parameter=-0.5335 status=outer_limit: trajectory reached the configured outer_limit radius
velocity row 27/120 IC 409/599 x0=0.869164 velocity_parameter=-0.5335 elapsed=2.72144s written=0
  crossing 0/250
  stopped velocity row 27 IC 409 x0=0.869164 velocity_parameter=-0.5335 status=outer_limit: trajectory reached the configured outer_limit radius
velocity row 27/120 IC 417/599 x0=0.874907 velocity_parameter=-0.5335 elapsed=2.75784s written=0
  crossing 0/250
  stopped velocity row 27 IC 417 x0=0.874907 velocity_parameter=-0.5335 status=outer_limit: trajectory reached the configured outer_limit radius
velocity row 28/120 IC 399/599 x0=0.861985 velocity_parameter=-0.517333 elapsed=2.76459s written=0
  crossing 0/250
  stopped velocity row 28 IC 399 x0=0.861985 velocity_parameter=-0.517333 status=outer_limit: trajectory reached the configured outer_limit radius
velocity row 28/120 IC 409/599 x0=0.869164 velocity_parameter=-0.517333 elapsed=2.80819s written=0
  crossing 0/250
  stopped velocity row 28 IC 409 x0=0.869164 velocity_parameter=-0.517333 status=outer_limit: trajectory reached the configured outer_limit radius
velocity row 28/120 IC 417/599 x0=0.874907 velocity_parameter=-0.517333 elapsed=2.85008s written=0
  crossing 0/250
  stopped velocity row 28 IC 417 x0=0.874907 velocity_parameter=-0.517333 status=outer_limit: trajectory reached the configured outer_limit radius
velocity row 29/120 IC 399/599 x0=0.861985 velocity_parameter=-0.501167 elapsed=2.85502s written=0
  crossing 0/250
  stopped velocity row 29 IC 399 x0=0.861985 velocity_parameter=-0.501167 status=outer_limit: trajectory reached the configured outer_limit radius
velocity row 29/120 IC 409/599 x0=0.869164 velocity_parameter=-0.501167 elapsed=2.89942s written=0
  crossing 0/250
  stopped velocity row 29 IC 409 x0=0.869164 velocity_parameter=-0.501167 status=outer_limit: trajectory reached the configured outer_limit radius
velocity row 29/120 IC 417/599 x0=0.874907 velocity_parameter=-0.501167 elapsed=2.93398s written=0
  crossing 0/250
  stopped velocity row 29 IC 417 x0=0.874907 velocity_parameter=-0.501167 status=outer_limit: trajectory reached the configured outer_limit radius
velocity row 30/120 IC 399/599 x0=0.861985 velocity_parameter=-0.485 elapsed=2.93809s written=0
  crossing 0/250
  stopped velocity row 30 IC 399 x0=0.861985 velocity_parameter=-0.485 status=outer_limit: trajectory reached the configured outer_limit radius
velocity row 30/120 IC 409/599 x0=0.869164 velocity_parameter=-0.485 elapsed=2.98779s written=0
  crossing 0/250
  stopped velocity row 30 IC 409 x0=0.869164 velocity_parameter=-0.485 status=outer_limit: trajectory reached the configured outer_limit radius
velocity row 30/120 IC 417/599 x0=0.874907 velocity_parameter=-0.485 elapsed=3.02268s written=0
  crossing 0/250
  stopped velocity row 30 IC 417 x0=0.874907 velocity_parameter=-0.485 status=outer_limit: trajectory reached the configured outer_limit radius
velocity row 31/120 IC 399/599 x0=0.861985 velocity_parameter=-0.468833 elapsed=3.02667s written=0
  crossing 0/250
  stopped velocity row 31 IC 399 x0=0.861985 velocity_parameter=-0.468833 status=outer_limit: trajectory reached the configured outer_limit radius
velocity row 31/120 IC 409/599 x0=0.869164 velocity_parameter=-0.468833 elapsed=3.06795s written=0
  crossing 0/250
  stopped velocity row 31 IC 409 x0=0.869164 velocity_parameter=-0.468833 status=outer_limit: trajectory reached the configured outer_limit radius
velocity row 31/120 IC 417/599 x0=0.874907 velocity_parameter=-0.468833 elapsed=3.10438s written=0
  crossing 0/250
  stopped velocity row 31 IC 417 x0=0.874907 velocity_parameter=-0.468833 status=outer_limit: trajectory reached the configured outer_limit radius
velocity row 32/120 IC 399/599 x0=0.861985 velocity_parameter=-0.452667 elapsed=3.10887s written=0
  crossing 0/250
  stopped velocity row 32 IC 399 x0=0.861985 velocity_parameter=-0.452667 status=outer_limit: trajectory reached the configured outer_limit radius
velocity row 32/120 IC 409/599 x0=0.869164 velocity_parameter=-0.452667 elapsed=3.15568s written=0
  crossing 0/250
  stopped velocity row 32 IC 409 x0=0.869164 velocity_parameter=-0.452667 status=outer_limit: trajectory reached the configured outer_limit radius
velocity row 32/120 IC 417/599 x0=0.874907 velocity_parameter=-0.452667 elapsed=3.18775s written=0
  crossing 0/250
  stopped velocity row 32 IC 417 x0=0.874907 velocity_parameter=-0.452667 status=outer_limit: trajectory reached the configured outer_limit radius
velocity row 33/120 IC 399/599 x0=0.861985 velocity_parameter=-0.4365 elapsed=3.19134s written=0
  crossing 0/250
  stopped velocity row 33 IC 399 x0=0.861985 velocity_parameter=-0.4365 status=outer_limit: trajectory reached the configured outer_limit radius
velocity row 33/120 IC 409/599 x0=0.869164 velocity_parameter=-0.4365 elapsed=3.2453s written=0
  crossing 0/250
  stopped velocity row 33 IC 409 x0=0.869164 velocity_parameter=-0.4365 status=outer_limit: trajectory reached the configured outer_limit radius
velocity row 33/120 IC 417/599 x0=0.874907 velocity_parameter=-0.4365 elapsed=3.28024s written=0
  crossing 0/250
  stopped velocity row 33 IC 417 x0=0.874907 velocity_parameter=-0.4365 status=outer_limit: trajectory reached the configured outer_limit radius
velocity row 34/120 IC 399/599 x0=0.861985 velocity_parameter=-0.420333 elapsed=3.2854s written=0
  crossing 0/250
  stopped velocity row 34 IC 399 x0=0.861985 velocity_parameter=-0.420333 status=outer_limit: trajectory reached the configured outer_limit radius
velocity row 34/120 IC 409/599 x0=0.869164 velocity_parameter=-0.420333 elapsed=3.33092s written=0
  crossing 0/250
  stopped velocity row 34 IC 409 x0=0.869164 velocity_parameter=-0.420333 status=outer_limit: trajectory reached the configured outer_limit radius
velocity row 34/120 IC 417/599 x0=0.874907 velocity_parameter=-0.420333 elapsed=3.36623s written=0
  crossing 0/250
  stopped velocity row 34 IC 417 x0=0.874907 velocity_parameter=-0.420333 status=outer_limit: trajectory reached the configured outer_limit radius
velocity row 35/120 IC 399/599 x0=0.861985 velocity_parameter=-0.404167 elapsed=3.36974s written=0
  crossing 0/250
  stopped velocity row 35 IC 399 x0=0.861985 velocity_parameter=-0.404167 status=outer_limit: trajectory reached the configured outer_limit radius
velocity row 35/120 IC 409/599 x0=0.869164 velocity_parameter=-0.404167 elapsed=3.41569s written=0
  crossing 0/250
  stopped velocity row 35 IC 409 x0=0.869164 velocity_parameter=-0.404167 status=outer_limit: trajectory reached the configured outer_limit radius
velocity row 35/120 IC 417/599 x0=0.874907 velocity_parameter=-0.404167 elapsed=3.44899s written=0
  crossing 0/250
  stopped velocity row 35 IC 417 x0=0.874907 velocity_parameter=-0.404167 status=outer_limit: trajectory reached the configured outer_limit radius
velocity row 36/120 IC 399/599 x0=0.861985 velocity_parameter=-0.388 elapsed=3.45241s written=0
  crossing 0/250
  stopped velocity row 36 IC 399 x0=0.861985 velocity_parameter=-0.388 status=outer_limit: trajectory reached the configured outer_limit radius
velocity row 36/120 IC 409/599 x0=0.869164 velocity_parameter=-0.388 elapsed=3.49444s written=0
  crossing 0/250
  stopped velocity row 36 IC 409 x0=0.869164 velocity_parameter=-0.388 status=outer_limit: trajectory reached the configured outer_limit radius
velocity row 36/120 IC 417/599 x0=0.874907 velocity_parameter=-0.388 elapsed=3.53266s written=0
  crossing 0/250
  stopped velocity row 36 IC 417 x0=0.874907 velocity_parameter=-0.388 status=outer_limit: trajectory reached the configured outer_limit radius
velocity row 37/120 IC 399/599 x0=0.861985 velocity_parameter=-0.371833 elapsed=3.53734s written=0
  crossing 0/250
  stopped velocity row 37 IC 399 x0=0.861985 velocity_parameter=-0.371833 status=outer_limit: trajectory reached the configured outer_limit radius
velocity row 37/120 IC 409/599 x0=0.869164 velocity_parameter=-0.371833 elapsed=3.58537s written=0
  crossing 0/250
  stopped velocity row 37 IC 409 x0=0.869164 velocity_parameter=-0.371833 status=outer_limit: trajectory reached the configured outer_limit radius
velocity row 37/120 IC 417/599 x0=0.874907 velocity_parameter=-0.371833 elapsed=3.61957s written=0
  crossing 0/250
  stopped velocity row 37 IC 417 x0=0.874907 velocity_parameter=-0.371833 status=outer_limit: trajectory reached the configured outer_limit radius
velocity row 38/120 IC 399/599 x0=0.861985 velocity_parameter=-0.355667 elapsed=3.62456s written=0
  crossing 0/250
  stopped velocity row 38 IC 399 x0=0.861985 velocity_parameter=-0.355667 status=outer_limit: trajectory reached the configured outer_limit radius
velocity row 38/120 IC 409/599 x0=0.869164 velocity_parameter=-0.355667 elapsed=3.66893s written=0
  crossing 0/250
  stopped velocity row 38 IC 409 x0=0.869164 velocity_parameter=-0.355667 status=outer_limit: trajectory reached the configured outer_limit radius
velocity row 38/120 IC 417/599 x0=0.874907 velocity_parameter=-0.355667 elapsed=3.71031s written=0
  crossing 0/250
  stopped velocity row 38 IC 417 x0=0.874907 velocity_parameter=-0.355667 status=outer_limit: trajectory reached the configured outer_limit radius
velocity row 39/120 IC 399/599 x0=0.861985 velocity_parameter=-0.3395 elapsed=3.71447s written=0
  crossing 0/250
  stopped velocity row 39 IC 399 x0=0.861985 velocity_parameter=-0.3395 status=outer_limit: trajectory reached the configured outer_limit radius
velocity row 39/120 IC 409/599 x0=0.869164 velocity_parameter=-0.3395 elapsed=3.75798s written=0
  crossing 0/250
  stopped velocity row 39 IC 409 x0=0.869164 velocity_parameter=-0.3395 status=outer_limit: trajectory reached the configured outer_limit radius
velocity row 39/120 IC 417/599 x0=0.874907 velocity_parameter=-0.3395 elapsed=3.79111s written=0
  crossing 0/250
  stopped velocity row 39 IC 417 x0=0.874907 velocity_parameter=-0.3395 status=outer_limit: trajectory reached the configured outer_limit radius
velocity row 40/120 IC 399/599 x0=0.861985 velocity_parameter=-0.323333 elapsed=3.79566s written=0
  crossing 0/250
  stopped velocity row 40 IC 399 x0=0.861985 velocity_parameter=-0.323333 status=outer_limit: trajectory reached the configured outer_limit radius
velocity row 40/120 IC 409/599 x0=0.869164 velocity_parameter=-0.323333 elapsed=3.83858s written=0
  crossing 0/250
  stopped velocity row 40 IC 409 x0=0.869164 velocity_parameter=-0.323333 status=outer_limit: trajectory reached the configured outer_limit radius
velocity row 40/120 IC 417/599 x0=0.874907 velocity_parameter=-0.323333 elapsed=3.87081s written=0
  crossing 0/250
  stopped velocity row 40 IC 417 x0=0.874907 velocity_parameter=-0.323333 status=outer_limit: trajectory reached the configured outer_limit radius
velocity row 41/120 IC 399/599 x0=0.861985 velocity_parameter=-0.307167 elapsed=3.87512s written=0
  crossing 0/250
  stopped velocity row 41 IC 399 x0=0.861985 velocity_parameter=-0.307167 status=outer_limit: trajectory reached the configured outer_limit radius
velocity row 41/120 IC 409/599 x0=0.869164 velocity_parameter=-0.307167 elapsed=3.91679s written=0
  crossing 0/250
  stopped velocity row 41 IC 409 x0=0.869164 velocity_parameter=-0.307167 status=outer_limit: trajectory reached the configured outer_limit radius
velocity row 41/120 IC 417/599 x0=0.874907 velocity_parameter=-0.307167 elapsed=3.94854s written=0
  crossing 0/250
  stopped velocity row 41 IC 417 x0=0.874907 velocity_parameter=-0.307167 status=outer_limit: trajectory reached the configured outer_limit radius
velocity row 42/120 IC 399/599 x0=0.861985 velocity_parameter=-0.291 elapsed=3.95229s written=0
  crossing 0/250
  stopped velocity row 42 IC 399 x0=0.861985 velocity_parameter=-0.291 status=outer_limit: trajectory reached the configured outer_limit radius
velocity row 42/120 IC 409/599 x0=0.869164 velocity_parameter=-0.291 elapsed=3.99816s written=0
  crossing 0/250
  stopped velocity row 42 IC 409 x0=0.869164 velocity_parameter=-0.291 status=outer_limit: trajectory reached the configured outer_limit radius
velocity row 42/120 IC 417/599 x0=0.874907 velocity_parameter=-0.291 elapsed=4.03231s written=0
  crossing 0/250
  stopped velocity row 42 IC 417 x0=0.874907 velocity_parameter=-0.291 status=outer_limit: trajectory reached the configured outer_limit radius
velocity row 43/120 IC 399/599 x0=0.861985 velocity_parameter=-0.274833 elapsed=4.03609s written=0
  crossing 0/250
  stopped velocity row 43 IC 399 x0=0.861985 velocity_parameter=-0.274833 status=outer_limit: trajectory reached the configured outer_limit radius
velocity row 43/120 IC 409/599 x0=0.869164 velocity_parameter=-0.274833 elapsed=4.08342s written=0
  crossing 0/250
  stopped velocity row 43 IC 409 x0=0.869164 velocity_parameter=-0.274833 status=outer_limit: trajectory reached the configured outer_limit radius
velocity row 43/120 IC 417/599 x0=0.874907 velocity_parameter=-0.274833 elapsed=4.11816s written=0
  crossing 0/250
  stopped velocity row 43 IC 417 x0=0.874907 velocity_parameter=-0.274833 status=outer_limit: trajectory reached the configured outer_limit radius
velocity row 44/120 IC 399/599 x0=0.861985 velocity_parameter=-0.258667 elapsed=4.12208s written=0
  crossing 0/250
  stopped velocity row 44 IC 399 x0=0.861985 velocity_parameter=-0.258667 status=outer_limit: trajectory reached the configured outer_limit radius
velocity row 44/120 IC 409/599 x0=0.869164 velocity_parameter=-0.258667 elapsed=4.17053s written=0
  crossing 0/250
  stopped velocity row 44 IC 409 x0=0.869164 velocity_parameter=-0.258667 status=outer_limit: trajectory reached the configured outer_limit radius
velocity row 44/120 IC 417/599 x0=0.874907 velocity_parameter=-0.258667 elapsed=4.20771s written=0
  crossing 0/250
  stopped velocity row 44 IC 417 x0=0.874907 velocity_parameter=-0.258667 status=outer_limit: trajectory reached the configured outer_limit radius
velocity row 45/120 IC 399/599 x0=0.861985 velocity_parameter=-0.2425 elapsed=4.21257s written=0
  crossing 0/250
  stopped velocity row 45 IC 399 x0=0.861985 velocity_parameter=-0.2425 status=outer_limit: trajectory reached the configured outer_limit radius
velocity row 45/120 IC 409/599 x0=0.869164 velocity_parameter=-0.2425 elapsed=4.25771s written=0
  crossing 0/250
  stopped velocity row 45 IC 409 x0=0.869164 velocity_parameter=-0.2425 status=outer_limit: trajectory reached the configured outer_limit radius
velocity row 45/120 IC 417/599 x0=0.874907 velocity_parameter=-0.2425 elapsed=4.29259s written=0
  crossing 0/250
  stopped velocity row 45 IC 417 x0=0.874907 velocity_parameter=-0.2425 status=outer_limit: trajectory reached the configured outer_limit radius
velocity row 46/120 IC 399/599 x0=0.861985 velocity_parameter=-0.226333 elapsed=4.29899s written=0
  crossing 0/250
  stopped velocity row 46 IC 399 x0=0.861985 velocity_parameter=-0.226333 status=outer_limit: trajectory reached the configured outer_limit radius
velocity row 46/120 IC 409/599 x0=0.869164 velocity_parameter=-0.226333 elapsed=4.34118s written=0
  crossing 0/250
  stopped velocity row 46 IC 409 x0=0.869164 velocity_parameter=-0.226333 status=outer_limit: trajectory reached the configured outer_limit radius
velocity row 46/120 IC 417/599 x0=0.874907 velocity_parameter=-0.226333 elapsed=4.37778s written=0
  crossing 0/250
  stopped velocity row 46 IC 417 x0=0.874907 velocity_parameter=-0.226333 status=outer_limit: trajectory reached the configured outer_limit radius
velocity row 47/120 IC 399/599 x0=0.861985 velocity_parameter=-0.210167 elapsed=4.3811s written=0
  crossing 0/250
  stopped velocity row 47 IC 399 x0=0.861985 velocity_parameter=-0.210167 status=outer_limit: trajectory reached the configured outer_limit radius
velocity row 47/120 IC 409/599 x0=0.869164 velocity_parameter=-0.210167 elapsed=4.41974s written=0
  crossing 0/250
  stopped velocity row 47 IC 409 x0=0.869164 velocity_parameter=-0.210167 status=outer_limit: trajectory reached the configured outer_limit radius
velocity row 47/120 IC 417/599 x0=0.874907 velocity_parameter=-0.210167 elapsed=4.44786s written=0
  crossing 0/250
  stopped velocity row 47 IC 417 x0=0.874907 velocity_parameter=-0.210167 status=outer_limit: trajectory reached the configured outer_limit radius
velocity row 48/120 IC 399/599 x0=0.861985 velocity_parameter=-0.194 elapsed=4.45232s written=0
  crossing 0/250
  stopped velocity row 48 IC 399 x0=0.861985 velocity_parameter=-0.194 status=outer_limit: trajectory reached the configured outer_limit radius
velocity row 48/120 IC 409/599 x0=0.869164 velocity_parameter=-0.194 elapsed=4.48618s written=0
  crossing 0/250
  stopped velocity row 48 IC 409 x0=0.869164 velocity_parameter=-0.194 status=outer_limit: trajectory reached the configured outer_limit radius
velocity row 48/120 IC 417/599 x0=0.874907 velocity_parameter=-0.194 elapsed=4.50996s written=0
  crossing 0/250
  stopped velocity row 48 IC 417 x0=0.874907 velocity_parameter=-0.194 status=outer_limit: trajectory reached the configured outer_limit radius
velocity row 49/120 IC 399/599 x0=0.861985 velocity_parameter=-0.177833 elapsed=4.51302s written=0
  crossing 0/250
  stopped velocity row 49 IC 399 x0=0.861985 velocity_parameter=-0.177833 status=outer_limit: trajectory reached the configured outer_limit radius
velocity row 49/120 IC 409/599 x0=0.869164 velocity_parameter=-0.177833 elapsed=4.54707s written=0
  crossing 0/250
  stopped velocity row 49 IC 409 x0=0.869164 velocity_parameter=-0.177833 status=outer_limit: trajectory reached the configured outer_limit radius
velocity row 49/120 IC 417/599 x0=0.874907 velocity_parameter=-0.177833 elapsed=4.57211s written=0
  crossing 0/250
  stopped velocity row 49 IC 417 x0=0.874907 velocity_parameter=-0.177833 status=outer_limit: trajectory reached the configured outer_limit radius
velocity row 50/120 IC 399/599 x0=0.861985 velocity_parameter=-0.161667 elapsed=4.57634s written=0
  crossing 0/250
  stopped velocity row 50 IC 399 x0=0.861985 velocity_parameter=-0.161667 status=outer_limit: trajectory reached the configured outer_limit radius
velocity row 50/120 IC 409/599 x0=0.869164 velocity_parameter=-0.161667 elapsed=4.60941s written=0
  crossing 0/250
  stopped velocity row 50 IC 409 x0=0.869164 velocity_parameter=-0.161667 status=outer_limit: trajectory reached the configured outer_limit radius
velocity row 50/120 IC 417/599 x0=0.874907 velocity_parameter=-0.161667 elapsed=4.63714s written=0
  crossing 0/250
  stopped velocity row 50 IC 417 x0=0.874907 velocity_parameter=-0.161667 status=outer_limit: trajectory reached the configured outer_limit radius
velocity row 51/120 IC 399/599 x0=0.861985 velocity_parameter=-0.1455 elapsed=4.64045s written=0
  crossing 0/250
  stopped velocity row 51 IC 399 x0=0.861985 velocity_parameter=-0.1455 status=outer_limit: trajectory reached the configured outer_limit radius
velocity row 51/120 IC 409/599 x0=0.869164 velocity_parameter=-0.1455 elapsed=4.67367s written=0
  crossing 0/250
  stopped velocity row 51 IC 409 x0=0.869164 velocity_parameter=-0.1455 status=outer_limit: trajectory reached the configured outer_limit radius
velocity row 51/120 IC 417/599 x0=0.874907 velocity_parameter=-0.1455 elapsed=4.69913s written=0
  crossing 0/250
  stopped velocity row 51 IC 417 x0=0.874907 velocity_parameter=-0.1455 status=outer_limit: trajectory reached the configured outer_limit radius
velocity row 52/120 IC 399/599 x0=0.861985 velocity_parameter=-0.129333 elapsed=4.70217s written=0
  crossing 0/250
  stopped velocity row 52 IC 399 x0=0.861985 velocity_parameter=-0.129333 status=outer_limit: trajectory reached the configured outer_limit radius
velocity row 52/120 IC 409/599 x0=0.869164 velocity_parameter=-0.129333 elapsed=4.73523s written=0
  crossing 0/250
  stopped velocity row 52 IC 409 x0=0.869164 velocity_parameter=-0.129333 status=outer_limit: trajectory reached the configured outer_limit radius
velocity row 52/120 IC 417/599 x0=0.874907 velocity_parameter=-0.129333 elapsed=4.76058s written=0
  crossing 0/250
  stopped velocity row 52 IC 417 x0=0.874907 velocity_parameter=-0.129333 status=outer_limit: trajectory reached the configured outer_limit radius
velocity row 53/120 IC 399/599 x0=0.861985 velocity_parameter=-0.113167 elapsed=4.76311s written=0
  crossing 0/250
  stopped velocity row 53 IC 399 x0=0.861985 velocity_parameter=-0.113167 status=outer_limit: trajectory reached the configured outer_limit radius
velocity row 53/120 IC 409/599 x0=0.869164 velocity_parameter=-0.113167 elapsed=4.79479s written=0
  crossing 0/250
  stopped velocity row 53 IC 409 x0=0.869164 velocity_parameter=-0.113167 status=outer_limit: trajectory reached the configured outer_limit radius
velocity row 53/120 IC 417/599 x0=0.874907 velocity_parameter=-0.113167 elapsed=4.82294s written=0
  crossing 0/250
  stopped velocity row 53 IC 417 x0=0.874907 velocity_parameter=-0.113167 status=outer_limit: trajectory reached the configured outer_limit radius
velocity row 54/120 IC 399/599 x0=0.861985 velocity_parameter=-0.097 elapsed=4.82685s written=0
  crossing 0/250
  stopped velocity row 54 IC 399 x0=0.861985 velocity_parameter=-0.097 status=outer_limit: trajectory reached the configured outer_limit radius
velocity row 54/120 IC 409/599 x0=0.869164 velocity_parameter=-0.097 elapsed=4.86173s written=0
  crossing 0/250
  stopped velocity row 54 IC 409 x0=0.869164 velocity_parameter=-0.097 status=outer_limit: trajectory reached the configured outer_limit radius
velocity row 54/120 IC 417/599 x0=0.874907 velocity_parameter=-0.097 elapsed=4.89645s written=0
  crossing 0/250
  stopped velocity row 54 IC 417 x0=0.874907 velocity_parameter=-0.097 status=outer_limit: trajectory reached the configured outer_limit radius
velocity row 55/120 IC 399/599 x0=0.861985 velocity_parameter=-0.0808333 elapsed=4.90057s written=0
  crossing 0/250
  stopped velocity row 55 IC 399 x0=0.861985 velocity_parameter=-0.0808333 status=outer_limit: trajectory reached the configured outer_limit radius
velocity row 55/120 IC 409/599 x0=0.869164 velocity_parameter=-0.0808333 elapsed=4.93439s written=0
  crossing 0/250
  stopped velocity row 55 IC 409 x0=0.869164 velocity_parameter=-0.0808333 status=outer_limit: trajectory reached the configured outer_limit radius
velocity row 55/120 IC 417/599 x0=0.874907 velocity_parameter=-0.0808333 elapsed=4.96111s written=0
  crossing 0/250
  stopped velocity row 55 IC 417 x0=0.874907 velocity_parameter=-0.0808333 status=outer_limit: trajectory reached the configured outer_limit radius
velocity row 56/120 IC 399/599 x0=0.861985 velocity_parameter=-0.0646667 elapsed=4.96436s written=0
  crossing 0/250
  stopped velocity row 56 IC 399 x0=0.861985 velocity_parameter=-0.0646667 status=outer_limit: trajectory reached the configured outer_limit radius
velocity row 56/120 IC 409/599 x0=0.869164 velocity_parameter=-0.0646667 elapsed=5.00079s written=0
  crossing 0/250
  stopped velocity row 56 IC 409 x0=0.869164 velocity_parameter=-0.0646667 status=outer_limit: trajectory reached the configured outer_limit radius
velocity row 56/120 IC 417/599 x0=0.874907 velocity_parameter=-0.0646667 elapsed=5.02976s written=0
  crossing 0/250
  stopped velocity row 56 IC 417 x0=0.874907 velocity_parameter=-0.0646667 status=outer_limit: trajectory reached the configured outer_limit radius
velocity row 57/120 IC 399/599 x0=0.861985 velocity_parameter=-0.0485 elapsed=5.03255s written=0
  crossing 0/250
  stopped velocity row 57 IC 399 x0=0.861985 velocity_parameter=-0.0485 status=outer_limit: trajectory reached the configured outer_limit radius
velocity row 57/120 IC 409/599 x0=0.869164 velocity_parameter=-0.0485 elapsed=5.06632s written=0
  crossing 0/250
  stopped velocity row 57 IC 409 x0=0.869164 velocity_parameter=-0.0485 status=outer_limit: trajectory reached the configured outer_limit radius
velocity row 57/120 IC 417/599 x0=0.874907 velocity_parameter=-0.0485 elapsed=5.09012s written=0
  crossing 0/250
  stopped velocity row 57 IC 417 x0=0.874907 velocity_parameter=-0.0485 status=outer_limit: trajectory reached the configured outer_limit radius
velocity row 58/120 IC 399/599 x0=0.861985 velocity_parameter=-0.0323333 elapsed=5.09348s written=0
  crossing 0/250
  stopped velocity row 58 IC 399 x0=0.861985 velocity_parameter=-0.0323333 status=outer_limit: trajectory reached the configured outer_limit radius
velocity row 58/120 IC 409/599 x0=0.869164 velocity_parameter=-0.0323333 elapsed=5.12426s written=0
  crossing 0/250
  stopped velocity row 58 IC 409 x0=0.869164 velocity_parameter=-0.0323333 status=outer_limit: trajectory reached the configured outer_limit radius
velocity row 58/120 IC 417/599 x0=0.874907 velocity_parameter=-0.0323333 elapsed=5.14967s written=0
  crossing 0/250
  stopped velocity row 58 IC 417 x0=0.874907 velocity_parameter=-0.0323333 status=outer_limit: trajectory reached the configured outer_limit radius
velocity row 59/120 IC 399/599 x0=0.861985 velocity_parameter=-0.0161667 elapsed=5.15377s written=0
  crossing 0/250
  stopped velocity row 59 IC 399 x0=0.861985 velocity_parameter=-0.0161667 status=outer_limit: trajectory reached the configured outer_limit radius
velocity row 59/120 IC 409/599 x0=0.869164 velocity_parameter=-0.0161667 elapsed=5.18626s written=0
  crossing 0/250
  stopped velocity row 59 IC 409 x0=0.869164 velocity_parameter=-0.0161667 status=outer_limit: trajectory reached the configured outer_limit radius
velocity row 59/120 IC 417/599 x0=0.874907 velocity_parameter=-0.0161667 elapsed=5.20975s written=0
  crossing 0/250
  stopped velocity row 59 IC 417 x0=0.874907 velocity_parameter=-0.0161667 status=outer_limit: trajectory reached the configured outer_limit radius
velocity row 60/120 IC 399/599 x0=0.861985 velocity_parameter=0 elapsed=5.21264s written=0
  crossing 0/250
  stopped velocity row 60 IC 399 x0=0.861985 velocity_parameter=0 status=outer_limit: trajectory reached the configured outer_limit radius
velocity row 60/120 IC 409/599 x0=0.869164 velocity_parameter=0 elapsed=5.24404s written=0
  crossing 0/250
  stopped velocity row 60 IC 409 x0=0.869164 velocity_parameter=0 status=outer_limit: trajectory reached the configured outer_limit radius
velocity row 60/120 IC 417/599 x0=0.874907 velocity_parameter=0 elapsed=5.26658s written=0
  crossing 0/250
  stopped velocity row 60 IC 417 x0=0.874907 velocity_parameter=0 status=outer_limit: trajectory reached the configured outer_limit radius
velocity row 61/120 IC 399/599 x0=0.861985 velocity_parameter=0.0161667 elapsed=5.26992s written=0
  crossing 0/250
  stopped velocity row 61 IC 399 x0=0.861985 velocity_parameter=0.0161667 status=outer_limit: trajectory reached the configured outer_limit radius
velocity row 61/120 IC 409/599 x0=0.869164 velocity_parameter=0.0161667 elapsed=5.30077s written=0
  crossing 0/250
  stopped velocity row 61 IC 409 x0=0.869164 velocity_parameter=0.0161667 status=outer_limit: trajectory reached the configured outer_limit radius
velocity row 61/120 IC 417/599 x0=0.874907 velocity_parameter=0.0161667 elapsed=5.32536s written=0
  crossing 0/250
  stopped velocity row 61 IC 417 x0=0.874907 velocity_parameter=0.0161667 status=outer_limit: trajectory reached the configured outer_limit radius
velocity row 62/120 IC 399/599 x0=0.861985 velocity_parameter=0.0323333 elapsed=5.3283s written=0
  crossing 0/250
  stopped velocity row 62 IC 399 x0=0.861985 velocity_parameter=0.0323333 status=outer_limit: trajectory reached the configured outer_limit radius
velocity row 62/120 IC 409/599 x0=0.869164 velocity_parameter=0.0323333 elapsed=5.36075s written=0
  crossing 0/250
  stopped velocity row 62 IC 409 x0=0.869164 velocity_parameter=0.0323333 status=outer_limit: trajectory reached the configured outer_limit radius
velocity row 62/120 IC 417/599 x0=0.874907 velocity_parameter=0.0323333 elapsed=5.38424s written=0
  crossing 0/250
  stopped velocity row 62 IC 417 x0=0.874907 velocity_parameter=0.0323333 status=outer_limit: trajectory reached the configured outer_limit radius
velocity row 63/120 IC 399/599 x0=0.861985 velocity_parameter=0.0485 elapsed=5.3874s written=0
  crossing 0/250
  stopped velocity row 63 IC 399 x0=0.861985 velocity_parameter=0.0485 status=outer_limit: trajectory reached the configured outer_limit radius
velocity row 63/120 IC 409/599 x0=0.869164 velocity_parameter=0.0485 elapsed=5.41998s written=0
  crossing 0/250
  stopped velocity row 63 IC 409 x0=0.869164 velocity_parameter=0.0485 status=outer_limit: trajectory reached the configured outer_limit radius
velocity row 63/120 IC 417/599 x0=0.874907 velocity_parameter=0.0485 elapsed=5.44595s written=0
  crossing 0/250
  stopped velocity row 63 IC 417 x0=0.874907 velocity_parameter=0.0485 status=outer_limit: trajectory reached the configured outer_limit radius
velocity row 64/120 IC 399/599 x0=0.861985 velocity_parameter=0.0646667 elapsed=5.44929s written=0
  crossing 0/250
  stopped velocity row 64 IC 399 x0=0.861985 velocity_parameter=0.0646667 status=outer_limit: trajectory reached the configured outer_limit radius
velocity row 64/120 IC 409/599 x0=0.869164 velocity_parameter=0.0646667 elapsed=5.48305s written=0
  crossing 0/250
  stopped velocity row 64 IC 409 x0=0.869164 velocity_parameter=0.0646667 status=outer_limit: trajectory reached the configured outer_limit radius
velocity row 64/120 IC 417/599 x0=0.874907 velocity_parameter=0.0646667 elapsed=5.50831s written=0
  crossing 0/250
  stopped velocity row 64 IC 417 x0=0.874907 velocity_parameter=0.0646667 status=outer_limit: trajectory reached the configured outer_limit radius
velocity row 65/120 IC 399/599 x0=0.861985 velocity_parameter=0.0808333 elapsed=5.51152s written=0
  crossing 0/250
  stopped velocity row 65 IC 399 x0=0.861985 velocity_parameter=0.0808333 status=outer_limit: trajectory reached the configured outer_limit radius
velocity row 65/120 IC 409/599 x0=0.869164 velocity_parameter=0.0808333 elapsed=5.54256s written=0
  crossing 0/250
  stopped velocity row 65 IC 409 x0=0.869164 velocity_parameter=0.0808333 status=outer_limit: trajectory reached the configured outer_limit radius
velocity row 65/120 IC 417/599 x0=0.874907 velocity_parameter=0.0808333 elapsed=5.56921s written=0
  crossing 0/250
  stopped velocity row 65 IC 417 x0=0.874907 velocity_parameter=0.0808333 status=outer_limit: trajectory reached the configured outer_limit radius
velocity row 66/120 IC 399/599 x0=0.861985 velocity_parameter=0.097 elapsed=5.57303s written=0
  crossing 0/250
  stopped velocity row 66 IC 399 x0=0.861985 velocity_parameter=0.097 status=outer_limit: trajectory reached the configured outer_limit radius
velocity row 66/120 IC 409/599 x0=0.869164 velocity_parameter=0.097 elapsed=5.60667s written=0
  crossing 0/250
  stopped velocity row 66 IC 409 x0=0.869164 velocity_parameter=0.097 status=outer_limit: trajectory reached the configured outer_limit radius
velocity row 66/120 IC 417/599 x0=0.874907 velocity_parameter=0.097 elapsed=5.63132s written=0
  crossing 0/250
  stopped velocity row 66 IC 417 x0=0.874907 velocity_parameter=0.097 status=outer_limit: trajectory reached the configured outer_limit radius
velocity row 67/120 IC 399/599 x0=0.861985 velocity_parameter=0.113167 elapsed=5.63462s written=0
  crossing 0/250
  stopped velocity row 67 IC 399 x0=0.861985 velocity_parameter=0.113167 status=outer_limit: trajectory reached the configured outer_limit radius
velocity row 67/120 IC 409/599 x0=0.869164 velocity_parameter=0.113167 elapsed=5.66444s written=0
  crossing 0/250
  stopped velocity row 67 IC 409 x0=0.869164 velocity_parameter=0.113167 status=outer_limit: trajectory reached the configured outer_limit radius
velocity row 67/120 IC 417/599 x0=0.874907 velocity_parameter=0.113167 elapsed=5.68893s written=0
  crossing 0/250
  stopped velocity row 67 IC 417 x0=0.874907 velocity_parameter=0.113167 status=outer_limit: trajectory reached the configured outer_limit radius
velocity row 68/120 IC 399/599 x0=0.861985 velocity_parameter=0.129333 elapsed=5.69216s written=0
  crossing 0/250
  stopped velocity row 68 IC 399 x0=0.861985 velocity_parameter=0.129333 status=outer_limit: trajectory reached the configured outer_limit radius
velocity row 68/120 IC 409/599 x0=0.869164 velocity_parameter=0.129333 elapsed=5.72289s written=0
  crossing 0/250
  stopped velocity row 68 IC 409 x0=0.869164 velocity_parameter=0.129333 status=outer_limit: trajectory reached the configured outer_limit radius
velocity row 68/120 IC 417/599 x0=0.874907 velocity_parameter=0.129333 elapsed=5.75887s written=0
  crossing 0/250
  stopped velocity row 68 IC 417 x0=0.874907 velocity_parameter=0.129333 status=outer_limit: trajectory reached the configured outer_limit radius
velocity row 69/120 IC 399/599 x0=0.861985 velocity_parameter=0.1455 elapsed=5.76189s written=0
  crossing 0/250
  stopped velocity row 69 IC 399 x0=0.861985 velocity_parameter=0.1455 status=outer_limit: trajectory reached the configured outer_limit radius
velocity row 69/120 IC 409/599 x0=0.869164 velocity_parameter=0.1455 elapsed=5.79332s written=0
  crossing 0/250
  stopped velocity row 69 IC 409 x0=0.869164 velocity_parameter=0.1455 status=outer_limit: trajectory reached the configured outer_limit radius
velocity row 69/120 IC 417/599 x0=0.874907 velocity_parameter=0.1455 elapsed=5.81755s written=0
  crossing 0/250
  stopped velocity row 69 IC 417 x0=0.874907 velocity_parameter=0.1455 status=outer_limit: trajectory reached the configured outer_limit radius
velocity row 70/120 IC 399/599 x0=0.861985 velocity_parameter=0.161667 elapsed=5.82034s written=0
  crossing 0/250
  stopped velocity row 70 IC 399 x0=0.861985 velocity_parameter=0.161667 status=outer_limit: trajectory reached the configured outer_limit radius
velocity row 70/120 IC 409/599 x0=0.869164 velocity_parameter=0.161667 elapsed=5.84969s written=0
  crossing 0/250
  stopped velocity row 70 IC 409 x0=0.869164 velocity_parameter=0.161667 status=outer_limit: trajectory reached the configured outer_limit radius
velocity row 70/120 IC 417/599 x0=0.874907 velocity_parameter=0.161667 elapsed=5.87317s written=0
  crossing 0/250
  stopped velocity row 70 IC 417 x0=0.874907 velocity_parameter=0.161667 status=outer_limit: trajectory reached the configured outer_limit radius
velocity row 71/120 IC 399/599 x0=0.861985 velocity_parameter=0.177833 elapsed=5.87665s written=0
  crossing 0/250
  stopped velocity row 71 IC 399 x0=0.861985 velocity_parameter=0.177833 status=outer_limit: trajectory reached the configured outer_limit radius
velocity row 71/120 IC 409/599 x0=0.869164 velocity_parameter=0.177833 elapsed=5.90826s written=0
  crossing 0/250
  stopped velocity row 71 IC 409 x0=0.869164 velocity_parameter=0.177833 status=outer_limit: trajectory reached the configured outer_limit radius
velocity row 71/120 IC 417/599 x0=0.874907 velocity_parameter=0.177833 elapsed=5.93338s written=0
  crossing 0/250
  stopped velocity row 71 IC 417 x0=0.874907 velocity_parameter=0.177833 status=outer_limit: trajectory reached the configured outer_limit radius
velocity row 72/120 IC 399/599 x0=0.861985 velocity_parameter=0.194 elapsed=5.93618s written=0
  crossing 0/250
  stopped velocity row 72 IC 399 x0=0.861985 velocity_parameter=0.194 status=outer_limit: trajectory reached the configured outer_limit radius
velocity row 72/120 IC 409/599 x0=0.869164 velocity_parameter=0.194 elapsed=5.96837s written=0
  crossing 0/250
  stopped velocity row 72 IC 409 x0=0.869164 velocity_parameter=0.194 status=outer_limit: trajectory reached the configured outer_limit radius
velocity row 72/120 IC 417/599 x0=0.874907 velocity_parameter=0.194 elapsed=5.99318s written=0
  crossing 0/250
  stopped velocity row 72 IC 417 x0=0.874907 velocity_parameter=0.194 status=outer_limit: trajectory reached the configured outer_limit radius
velocity row 73/120 IC 399/599 x0=0.861985 velocity_parameter=0.210167 elapsed=5.99631s written=0
  crossing 0/250
  stopped velocity row 73 IC 399 x0=0.861985 velocity_parameter=0.210167 status=outer_limit: trajectory reached the configured outer_limit radius
velocity row 73/120 IC 409/599 x0=0.869164 velocity_parameter=0.210167 elapsed=6.02671s written=0
  crossing 0/250
  stopped velocity row 73 IC 409 x0=0.869164 velocity_parameter=0.210167 status=outer_limit: trajectory reached the configured outer_limit radius
velocity row 73/120 IC 417/599 x0=0.874907 velocity_parameter=0.210167 elapsed=6.05009s written=0
  crossing 0/250
  stopped velocity row 73 IC 417 x0=0.874907 velocity_parameter=0.210167 status=outer_limit: trajectory reached the configured outer_limit radius
velocity row 74/120 IC 399/599 x0=0.861985 velocity_parameter=0.226333 elapsed=6.05386s written=0
  crossing 0/250
  stopped velocity row 74 IC 399 x0=0.861985 velocity_parameter=0.226333 status=outer_limit: trajectory reached the configured outer_limit radius
velocity row 74/120 IC 409/599 x0=0.869164 velocity_parameter=0.226333 elapsed=6.08682s written=0
  crossing 0/250
  stopped velocity row 74 IC 409 x0=0.869164 velocity_parameter=0.226333 status=outer_limit: trajectory reached the configured outer_limit radius
velocity row 74/120 IC 417/599 x0=0.874907 velocity_parameter=0.226333 elapsed=6.11116s written=0
  crossing 0/250
  stopped velocity row 74 IC 417 x0=0.874907 velocity_parameter=0.226333 status=outer_limit: trajectory reached the configured outer_limit radius
velocity row 75/120 IC 399/599 x0=0.861985 velocity_parameter=0.2425 elapsed=6.11446s written=0
  crossing 0/250
  stopped velocity row 75 IC 399 x0=0.861985 velocity_parameter=0.2425 status=outer_limit: trajectory reached the configured outer_limit radius
velocity row 75/120 IC 409/599 x0=0.869164 velocity_parameter=0.2425 elapsed=6.14761s written=0
  crossing 0/250
  stopped velocity row 75 IC 409 x0=0.869164 velocity_parameter=0.2425 status=outer_limit: trajectory reached the configured outer_limit radius
velocity row 75/120 IC 417/599 x0=0.874907 velocity_parameter=0.2425 elapsed=6.17322s written=0
  crossing 0/250
  stopped velocity row 75 IC 417 x0=0.874907 velocity_parameter=0.2425 status=outer_limit: trajectory reached the configured outer_limit radius
velocity row 76/120 IC 399/599 x0=0.861985 velocity_parameter=0.258667 elapsed=6.17632s written=0
  crossing 0/250
  stopped velocity row 76 IC 399 x0=0.861985 velocity_parameter=0.258667 status=outer_limit: trajectory reached the configured outer_limit radius
velocity row 76/120 IC 409/599 x0=0.869164 velocity_parameter=0.258667 elapsed=6.20532s written=0
  crossing 0/250
  stopped velocity row 76 IC 409 x0=0.869164 velocity_parameter=0.258667 status=outer_limit: trajectory reached the configured outer_limit radius
velocity row 76/120 IC 417/599 x0=0.874907 velocity_parameter=0.258667 elapsed=6.22764s written=0
  crossing 0/250
  stopped velocity row 76 IC 417 x0=0.874907 velocity_parameter=0.258667 status=outer_limit: trajectory reached the configured outer_limit radius
velocity row 77/120 IC 399/599 x0=0.861985 velocity_parameter=0.274833 elapsed=6.23067s written=0
  crossing 0/250
  stopped velocity row 77 IC 399 x0=0.861985 velocity_parameter=0.274833 status=outer_limit: trajectory reached the configured outer_limit radius
velocity row 77/120 IC 409/599 x0=0.869164 velocity_parameter=0.274833 elapsed=6.26159s written=0
  crossing 0/250
  stopped velocity row 77 IC 409 x0=0.869164 velocity_parameter=0.274833 status=outer_limit: trajectory reached the configured outer_limit radius
velocity row 77/120 IC 417/599 x0=0.874907 velocity_parameter=0.274833 elapsed=6.28564s written=0
  crossing 0/250
  stopped velocity row 77 IC 417 x0=0.874907 velocity_parameter=0.274833 status=outer_limit: trajectory reached the configured outer_limit radius
velocity row 78/120 IC 399/599 x0=0.861985 velocity_parameter=0.291 elapsed=6.28906s written=0
  crossing 0/250
  stopped velocity row 78 IC 399 x0=0.861985 velocity_parameter=0.291 status=outer_limit: trajectory reached the configured outer_limit radius
velocity row 78/120 IC 409/599 x0=0.869164 velocity_parameter=0.291 elapsed=6.32085s written=0
  crossing 0/250
  stopped velocity row 78 IC 409 x0=0.869164 velocity_parameter=0.291 status=outer_limit: trajectory reached the configured outer_limit radius
velocity row 78/120 IC 417/599 x0=0.874907 velocity_parameter=0.291 elapsed=6.3437s written=0
  crossing 0/250
  stopped velocity row 78 IC 417 x0=0.874907 velocity_parameter=0.291 status=outer_limit: trajectory reached the configured outer_limit radius
velocity row 79/120 IC 399/599 x0=0.861985 velocity_parameter=0.307167 elapsed=6.34804s written=0
  crossing 0/250
  stopped velocity row 79 IC 399 x0=0.861985 velocity_parameter=0.307167 status=outer_limit: trajectory reached the configured outer_limit radius
velocity row 79/120 IC 409/599 x0=0.869164 velocity_parameter=0.307167 elapsed=6.3825s written=0
  crossing 0/250
  stopped velocity row 79 IC 409 x0=0.869164 velocity_parameter=0.307167 status=outer_limit: trajectory reached the configured outer_limit radius
velocity row 79/120 IC 417/599 x0=0.874907 velocity_parameter=0.307167 elapsed=6.41506s written=0
  crossing 0/250
  stopped velocity row 79 IC 417 x0=0.874907 velocity_parameter=0.307167 status=outer_limit: trajectory reached the configured outer_limit radius
velocity row 80/120 IC 399/599 x0=0.861985 velocity_parameter=0.323333 elapsed=6.41784s written=0
  crossing 0/250
  stopped velocity row 80 IC 399 x0=0.861985 velocity_parameter=0.323333 status=outer_limit: trajectory reached the configured outer_limit radius
velocity row 80/120 IC 409/599 x0=0.869164 velocity_parameter=0.323333 elapsed=6.44763s written=0
  crossing 0/250
  stopped velocity row 80 IC 409 x0=0.869164 velocity_parameter=0.323333 status=outer_limit: trajectory reached the configured outer_limit radius
velocity row 80/120 IC 417/599 x0=0.874907 velocity_parameter=0.323333 elapsed=6.47059s written=0
  crossing 0/250
  stopped velocity row 80 IC 417 x0=0.874907 velocity_parameter=0.323333 status=outer_limit: trajectory reached the configured outer_limit radius
velocity row 81/120 IC 399/599 x0=0.861985 velocity_parameter=0.3395 elapsed=6.47382s written=0
  crossing 0/250
  stopped velocity row 81 IC 399 x0=0.861985 velocity_parameter=0.3395 status=outer_limit: trajectory reached the configured outer_limit radius
velocity row 81/120 IC 409/599 x0=0.869164 velocity_parameter=0.3395 elapsed=6.50209s written=0
  crossing 0/250
  stopped velocity row 81 IC 409 x0=0.869164 velocity_parameter=0.3395 status=outer_limit: trajectory reached the configured outer_limit radius
velocity row 81/120 IC 417/599 x0=0.874907 velocity_parameter=0.3395 elapsed=6.52375s written=0
  crossing 0/250
  stopped velocity row 81 IC 417 x0=0.874907 velocity_parameter=0.3395 status=outer_limit: trajectory reached the configured outer_limit radius
velocity row 82/120 IC 399/599 x0=0.861985 velocity_parameter=0.355667 elapsed=6.52636s written=0
  crossing 0/250
  stopped velocity row 82 IC 399 x0=0.861985 velocity_parameter=0.355667 status=outer_limit: trajectory reached the configured outer_limit radius
velocity row 82/120 IC 409/599 x0=0.869164 velocity_parameter=0.355667 elapsed=6.55371s written=0
  crossing 0/250
  stopped velocity row 82 IC 409 x0=0.869164 velocity_parameter=0.355667 status=outer_limit: trajectory reached the configured outer_limit radius
velocity row 82/120 IC 417/599 x0=0.874907 velocity_parameter=0.355667 elapsed=6.57519s written=0
  crossing 0/250
  stopped velocity row 82 IC 417 x0=0.874907 velocity_parameter=0.355667 status=outer_limit: trajectory reached the configured outer_limit radius
velocity row 83/120 IC 399/599 x0=0.861985 velocity_parameter=0.371833 elapsed=6.5781s written=0
  crossing 0/250
  stopped velocity row 83 IC 399 x0=0.861985 velocity_parameter=0.371833 status=outer_limit: trajectory reached the configured outer_limit radius
velocity row 83/120 IC 409/599 x0=0.869164 velocity_parameter=0.371833 elapsed=6.60613s written=0
  crossing 0/250
  stopped velocity row 83 IC 409 x0=0.869164 velocity_parameter=0.371833 status=outer_limit: trajectory reached the configured outer_limit radius
velocity row 83/120 IC 417/599 x0=0.874907 velocity_parameter=0.371833 elapsed=6.62691s written=0
  crossing 0/250
  stopped velocity row 83 IC 417 x0=0.874907 velocity_parameter=0.371833 status=outer_limit: trajectory reached the configured outer_limit radius
velocity row 84/120 IC 399/599 x0=0.861985 velocity_parameter=0.388 elapsed=6.63007s written=0
  crossing 0/250
  stopped velocity row 84 IC 399 x0=0.861985 velocity_parameter=0.388 status=outer_limit: trajectory reached the configured outer_limit radius
velocity row 84/120 IC 409/599 x0=0.869164 velocity_parameter=0.388 elapsed=6.65729s written=0
  crossing 0/250
  stopped velocity row 84 IC 409 x0=0.869164 velocity_parameter=0.388 status=outer_limit: trajectory reached the configured outer_limit radius
velocity row 84/120 IC 417/599 x0=0.874907 velocity_parameter=0.388 elapsed=6.67734s written=0
  crossing 0/250
  stopped velocity row 84 IC 417 x0=0.874907 velocity_parameter=0.388 status=outer_limit: trajectory reached the configured outer_limit radius
velocity row 85/120 IC 399/599 x0=0.861985 velocity_parameter=0.404167 elapsed=6.68147s written=0
  crossing 0/250
  stopped velocity row 85 IC 399 x0=0.861985 velocity_parameter=0.404167 status=outer_limit: trajectory reached the configured outer_limit radius
velocity row 85/120 IC 409/599 x0=0.869164 velocity_parameter=0.404167 elapsed=6.70737s written=0
  crossing 0/250
  stopped velocity row 85 IC 409 x0=0.869164 velocity_parameter=0.404167 status=outer_limit: trajectory reached the configured outer_limit radius
velocity row 85/120 IC 417/599 x0=0.874907 velocity_parameter=0.404167 elapsed=6.72619s written=0
  crossing 0/250
  stopped velocity row 85 IC 417 x0=0.874907 velocity_parameter=0.404167 status=outer_limit: trajectory reached the configured outer_limit radius
velocity row 86/120 IC 399/599 x0=0.861985 velocity_parameter=0.420333 elapsed=6.729s written=0
  crossing 0/250
  stopped velocity row 86 IC 399 x0=0.861985 velocity_parameter=0.420333 status=outer_limit: trajectory reached the configured outer_limit radius
velocity row 86/120 IC 409/599 x0=0.869164 velocity_parameter=0.420333 elapsed=6.75408s written=0
  crossing 0/250
  stopped velocity row 86 IC 409 x0=0.869164 velocity_parameter=0.420333 status=outer_limit: trajectory reached the configured outer_limit radius
velocity row 86/120 IC 417/599 x0=0.874907 velocity_parameter=0.420333 elapsed=6.77468s written=0
  crossing 0/250
  stopped velocity row 86 IC 417 x0=0.874907 velocity_parameter=0.420333 status=outer_limit: trajectory reached the configured outer_limit radius
velocity row 87/120 IC 399/599 x0=0.861985 velocity_parameter=0.4365 elapsed=6.7776s written=0
  crossing 0/250
  stopped velocity row 87 IC 399 x0=0.861985 velocity_parameter=0.4365 status=outer_limit: trajectory reached the configured outer_limit radius
velocity row 87/120 IC 409/599 x0=0.869164 velocity_parameter=0.4365 elapsed=6.80644s written=0
  crossing 0/250
  stopped velocity row 87 IC 409 x0=0.869164 velocity_parameter=0.4365 status=outer_limit: trajectory reached the configured outer_limit radius
velocity row 87/120 IC 417/599 x0=0.874907 velocity_parameter=0.4365 elapsed=6.82609s written=0
  crossing 0/250
  stopped velocity row 87 IC 417 x0=0.874907 velocity_parameter=0.4365 status=outer_limit: trajectory reached the configured outer_limit radius
velocity row 88/120 IC 399/599 x0=0.861985 velocity_parameter=0.452667 elapsed=6.82855s written=0
  crossing 0/250
  stopped velocity row 88 IC 399 x0=0.861985 velocity_parameter=0.452667 status=outer_limit: trajectory reached the configured outer_limit radius
velocity row 88/120 IC 409/599 x0=0.869164 velocity_parameter=0.452667 elapsed=6.85191s written=0
  crossing 0/250
  stopped velocity row 88 IC 409 x0=0.869164 velocity_parameter=0.452667 status=outer_limit: trajectory reached the configured outer_limit radius
velocity row 88/120 IC 417/599 x0=0.874907 velocity_parameter=0.452667 elapsed=6.8706s written=0
  crossing 0/250
  stopped velocity row 88 IC 417 x0=0.874907 velocity_parameter=0.452667 status=outer_limit: trajectory reached the configured outer_limit radius
velocity row 89/120 IC 399/599 x0=0.861985 velocity_parameter=0.468833 elapsed=6.87285s written=0
  crossing 0/250
  stopped velocity row 89 IC 399 x0=0.861985 velocity_parameter=0.468833 status=outer_limit: trajectory reached the configured outer_limit radius
velocity row 89/120 IC 409/599 x0=0.869164 velocity_parameter=0.468833 elapsed=6.89731s written=0
  crossing 0/250
  stopped velocity row 89 IC 409 x0=0.869164 velocity_parameter=0.468833 status=outer_limit: trajectory reached the configured outer_limit radius
velocity row 89/120 IC 417/599 x0=0.874907 velocity_parameter=0.468833 elapsed=6.91674s written=0
  crossing 0/250
  stopped velocity row 89 IC 417 x0=0.874907 velocity_parameter=0.468833 status=outer_limit: trajectory reached the configured outer_limit radius
velocity row 90/120 IC 399/599 x0=0.861985 velocity_parameter=0.485 elapsed=6.91989s written=0
  crossing 0/250
  stopped velocity row 90 IC 399 x0=0.861985 velocity_parameter=0.485 status=outer_limit: trajectory reached the configured outer_limit radius
velocity row 90/120 IC 409/599 x0=0.869164 velocity_parameter=0.485 elapsed=6.94343s written=0
  crossing 0/250
  stopped velocity row 90 IC 409 x0=0.869164 velocity_parameter=0.485 status=outer_limit: trajectory reached the configured outer_limit radius
velocity row 90/120 IC 417/599 x0=0.874907 velocity_parameter=0.485 elapsed=6.96141s written=0
  crossing 0/250
  stopped velocity row 90 IC 417 x0=0.874907 velocity_parameter=0.485 status=outer_limit: trajectory reached the configured outer_limit radius
velocity row 91/120 IC 399/599 x0=0.861985 velocity_parameter=0.501167 elapsed=6.96441s written=0
  crossing 0/250
  stopped velocity row 91 IC 399 x0=0.861985 velocity_parameter=0.501167 status=outer_limit: trajectory reached the configured outer_limit radius
velocity row 91/120 IC 409/599 x0=0.869164 velocity_parameter=0.501167 elapsed=6.98485s written=0
  crossing 0/250
  stopped velocity row 91 IC 409 x0=0.869164 velocity_parameter=0.501167 status=outer_limit: trajectory reached the configured outer_limit radius
velocity row 91/120 IC 417/599 x0=0.874907 velocity_parameter=0.501167 elapsed=7.00261s written=0
  crossing 0/250
  stopped velocity row 91 IC 417 x0=0.874907 velocity_parameter=0.501167 status=outer_limit: trajectory reached the configured outer_limit radius
velocity row 92/120 IC 399/599 x0=0.861985 velocity_parameter=0.517333 elapsed=7.00442s written=0
  crossing 0/250
  stopped velocity row 92 IC 399 x0=0.861985 velocity_parameter=0.517333 status=outer_limit: trajectory reached the configured outer_limit radius
velocity row 92/120 IC 409/599 x0=0.869164 velocity_parameter=0.517333 elapsed=7.02711s written=0
  crossing 0/250
  stopped velocity row 92 IC 409 x0=0.869164 velocity_parameter=0.517333 status=outer_limit: trajectory reached the configured outer_limit radius
velocity row 92/120 IC 417/599 x0=0.874907 velocity_parameter=0.517333 elapsed=7.04698s written=0
  crossing 0/250
  stopped velocity row 92 IC 417 x0=0.874907 velocity_parameter=0.517333 status=outer_limit: trajectory reached the configured outer_limit radius
velocity row 93/120 IC 399/599 x0=0.861985 velocity_parameter=0.5335 elapsed=7.04974s written=0
  crossing 0/250
  stopped velocity row 93 IC 399 x0=0.861985 velocity_parameter=0.5335 status=outer_limit: trajectory reached the configured outer_limit radius
velocity row 93/120 IC 409/599 x0=0.869164 velocity_parameter=0.5335 elapsed=7.07247s written=0
  crossing 0/250
  stopped velocity row 93 IC 409 x0=0.869164 velocity_parameter=0.5335 status=outer_limit: trajectory reached the configured outer_limit radius
velocity row 93/120 IC 417/599 x0=0.874907 velocity_parameter=0.5335 elapsed=7.08998s written=0
  crossing 0/250
  stopped velocity row 93 IC 417 x0=0.874907 velocity_parameter=0.5335 status=outer_limit: trajectory reached the configured outer_limit radius
velocity row 94/120 IC 399/599 x0=0.861985 velocity_parameter=0.549667 elapsed=7.09291s written=0
  crossing 0/250
  stopped velocity row 94 IC 399 x0=0.861985 velocity_parameter=0.549667 status=outer_limit: trajectory reached the configured outer_limit radius
velocity row 94/120 IC 409/599 x0=0.869164 velocity_parameter=0.549667 elapsed=7.11626s written=0
  crossing 0/250
  stopped velocity row 94 IC 409 x0=0.869164 velocity_parameter=0.549667 status=outer_limit: trajectory reached the configured outer_limit radius
velocity row 94/120 IC 417/599 x0=0.874907 velocity_parameter=0.549667 elapsed=7.13467s written=0
  crossing 0/250
  stopped velocity row 94 IC 417 x0=0.874907 velocity_parameter=0.549667 status=outer_limit: trajectory reached the configured outer_limit radius
velocity row 95/120 IC 399/599 x0=0.861985 velocity_parameter=0.565833 elapsed=7.13637s written=0
  crossing 0/250
  stopped velocity row 95 IC 399 x0=0.861985 velocity_parameter=0.565833 status=outer_limit: trajectory reached the configured outer_limit radius
velocity row 95/120 IC 409/599 x0=0.869164 velocity_parameter=0.565833 elapsed=7.15833s written=0
  crossing 0/250
  stopped velocity row 95 IC 409 x0=0.869164 velocity_parameter=0.565833 status=outer_limit: trajectory reached the configured outer_limit radius
velocity row 95/120 IC 417/599 x0=0.874907 velocity_parameter=0.565833 elapsed=7.17545s written=0
  crossing 0/250
  stopped velocity row 95 IC 417 x0=0.874907 velocity_parameter=0.565833 status=outer_limit: trajectory reached the configured outer_limit radius
velocity row 96/120 IC 399/599 x0=0.861985 velocity_parameter=0.582 elapsed=7.17874s written=0
  crossing 0/250
  stopped velocity row 96 IC 399 x0=0.861985 velocity_parameter=0.582 status=outer_limit: trajectory reached the configured outer_limit radius
velocity row 96/120 IC 409/599 x0=0.869164 velocity_parameter=0.582 elapsed=7.20357s written=0
  crossing 0/250
  stopped velocity row 96 IC 409 x0=0.869164 velocity_parameter=0.582 status=outer_limit: trajectory reached the configured outer_limit radius
velocity row 96/120 IC 417/599 x0=0.874907 velocity_parameter=0.582 elapsed=7.22172s written=0
  crossing 0/250
  stopped velocity row 96 IC 417 x0=0.874907 velocity_parameter=0.582 status=outer_limit: trajectory reached the configured outer_limit radius
velocity row 97/120 IC 399/599 x0=0.861985 velocity_parameter=0.598167 elapsed=7.22428s written=0
  crossing 0/250
  stopped velocity row 97 IC 399 x0=0.861985 velocity_parameter=0.598167 status=outer_limit: trajectory reached the configured outer_limit radius
velocity row 97/120 IC 409/599 x0=0.869164 velocity_parameter=0.598167 elapsed=7.24828s written=0
  crossing 0/250
  stopped velocity row 97 IC 409 x0=0.869164 velocity_parameter=0.598167 status=outer_limit: trajectory reached the configured outer_limit radius
velocity row 97/120 IC 417/599 x0=0.874907 velocity_parameter=0.598167 elapsed=7.26602s written=0
  crossing 0/250
  stopped velocity row 97 IC 417 x0=0.874907 velocity_parameter=0.598167 status=outer_limit: trajectory reached the configured outer_limit radius
velocity row 98/120 IC 399/599 x0=0.861985 velocity_parameter=0.614333 elapsed=7.26874s written=0
  crossing 0/250
  stopped velocity row 98 IC 399 x0=0.861985 velocity_parameter=0.614333 status=outer_limit: trajectory reached the configured outer_limit radius
velocity row 98/120 IC 409/599 x0=0.869164 velocity_parameter=0.614333 elapsed=7.28795s written=0
  crossing 0/250
  stopped velocity row 98 IC 409 x0=0.869164 velocity_parameter=0.614333 status=outer_limit: trajectory reached the configured outer_limit radius
velocity row 98/120 IC 417/599 x0=0.874907 velocity_parameter=0.614333 elapsed=7.30309s written=0
  crossing 0/250
  stopped velocity row 98 IC 417 x0=0.874907 velocity_parameter=0.614333 status=outer_limit: trajectory reached the configured outer_limit radius
velocity row 99/120 IC 399/599 x0=0.861985 velocity_parameter=0.6305 elapsed=7.30477s written=0
  crossing 0/250
  stopped velocity row 99 IC 399 x0=0.861985 velocity_parameter=0.6305 status=outer_limit: trajectory reached the configured outer_limit radius
velocity row 99/120 IC 409/599 x0=0.869164 velocity_parameter=0.6305 elapsed=7.32628s written=0
  crossing 0/250
  stopped velocity row 99 IC 409 x0=0.869164 velocity_parameter=0.6305 status=outer_limit: trajectory reached the configured outer_limit radius
velocity row 99/120 IC 417/599 x0=0.874907 velocity_parameter=0.6305 elapsed=7.34119s written=0
  crossing 0/250
  stopped velocity row 99 IC 417 x0=0.874907 velocity_parameter=0.6305 status=outer_limit: trajectory reached the configured outer_limit radius
velocity row 100/120 IC 399/599 x0=0.861985 velocity_parameter=0.646667 elapsed=7.3427s written=0
  crossing 0/250
  stopped velocity row 100 IC 399 x0=0.861985 velocity_parameter=0.646667 status=outer_limit: trajectory reached the configured outer_limit radius
velocity row 100/120 IC 409/599 x0=0.869164 velocity_parameter=0.646667 elapsed=7.36103s written=0
  crossing 0/250
  stopped velocity row 100 IC 409 x0=0.869164 velocity_parameter=0.646667 status=outer_limit: trajectory reached the configured outer_limit radius
velocity row 100/120 IC 417/599 x0=0.874907 velocity_parameter=0.646667 elapsed=7.37589s written=0
  crossing 0/250
  stopped velocity row 100 IC 417 x0=0.874907 velocity_parameter=0.646667 status=outer_limit: trajectory reached the configured outer_limit radius
velocity row 101/120 IC 399/599 x0=0.861985 velocity_parameter=0.662833 elapsed=7.37805s written=0
  crossing 0/250
  stopped velocity row 101 IC 399 x0=0.861985 velocity_parameter=0.662833 status=outer_limit: trajectory reached the configured outer_limit radius
velocity row 101/120 IC 409/599 x0=0.869164 velocity_parameter=0.662833 elapsed=7.40084s written=0
  crossing 0/250
  stopped velocity row 101 IC 409 x0=0.869164 velocity_parameter=0.662833 status=outer_limit: trajectory reached the configured outer_limit radius
velocity row 101/120 IC 417/599 x0=0.874907 velocity_parameter=0.662833 elapsed=7.41881s written=0
  crossing 0/250
  stopped velocity row 101 IC 417 x0=0.874907 velocity_parameter=0.662833 status=outer_limit: trajectory reached the configured outer_limit radius
velocity row 102/120 IC 399/599 x0=0.861985 velocity_parameter=0.679 elapsed=7.42116s written=0
  crossing 0/250
  stopped velocity row 102 IC 399 x0=0.861985 velocity_parameter=0.679 status=outer_limit: trajectory reached the configured outer_limit radius
velocity row 102/120 IC 409/599 x0=0.869164 velocity_parameter=0.679 elapsed=7.44313s written=0
  crossing 0/250
  stopped velocity row 102 IC 409 x0=0.869164 velocity_parameter=0.679 status=outer_limit: trajectory reached the configured outer_limit radius
velocity row 102/120 IC 417/599 x0=0.874907 velocity_parameter=0.679 elapsed=7.45884s written=0
  crossing 0/250
  stopped velocity row 102 IC 417 x0=0.874907 velocity_parameter=0.679 status=outer_limit: trajectory reached the configured outer_limit radius
velocity row 103/120 IC 399/599 x0=0.861985 velocity_parameter=0.695167 elapsed=7.46108s written=0
  crossing 0/250
  stopped velocity row 103 IC 399 x0=0.861985 velocity_parameter=0.695167 status=outer_limit: trajectory reached the configured outer_limit radius
velocity row 103/120 IC 409/599 x0=0.869164 velocity_parameter=0.695167 elapsed=7.48143s written=0
  crossing 0/250
  stopped velocity row 103 IC 409 x0=0.869164 velocity_parameter=0.695167 status=outer_limit: trajectory reached the configured outer_limit radius
velocity row 103/120 IC 417/599 x0=0.874907 velocity_parameter=0.695167 elapsed=7.4971s written=0
  crossing 0/250
  stopped velocity row 103 IC 417 x0=0.874907 velocity_parameter=0.695167 status=outer_limit: trajectory reached the configured outer_limit radius
velocity row 104/120 IC 399/599 x0=0.861985 velocity_parameter=0.711333 elapsed=7.49921s written=0
  crossing 0/250
  stopped velocity row 104 IC 399 x0=0.861985 velocity_parameter=0.711333 status=outer_limit: trajectory reached the configured outer_limit radius
velocity row 104/120 IC 409/599 x0=0.869164 velocity_parameter=0.711333 elapsed=7.51867s written=0
  crossing 0/250
  stopped velocity row 104 IC 409 x0=0.869164 velocity_parameter=0.711333 status=outer_limit: trajectory reached the configured outer_limit radius
velocity row 104/120 IC 417/599 x0=0.874907 velocity_parameter=0.711333 elapsed=7.53542s written=0
  crossing 0/250
  stopped velocity row 104 IC 417 x0=0.874907 velocity_parameter=0.711333 status=outer_limit: trajectory reached the configured outer_limit radius
velocity row 105/120 IC 399/599 x0=0.861985 velocity_parameter=0.7275 elapsed=7.53718s written=0
  crossing 0/250
  stopped velocity row 105 IC 399 x0=0.861985 velocity_parameter=0.7275 status=outer_limit: trajectory reached the configured outer_limit radius
velocity row 105/120 IC 409/599 x0=0.869164 velocity_parameter=0.7275 elapsed=7.55839s written=0
  crossing 0/250
  stopped velocity row 105 IC 409 x0=0.869164 velocity_parameter=0.7275 status=outer_limit: trajectory reached the configured outer_limit radius
velocity row 105/120 IC 417/599 x0=0.874907 velocity_parameter=0.7275 elapsed=7.57655s written=0
  crossing 0/250
  stopped velocity row 105 IC 417 x0=0.874907 velocity_parameter=0.7275 status=outer_limit: trajectory reached the configured outer_limit radius
velocity row 106/120 IC 399/599 x0=0.861985 velocity_parameter=0.743667 elapsed=7.57917s written=0
  crossing 0/250
  stopped velocity row 106 IC 399 x0=0.861985 velocity_parameter=0.743667 status=outer_limit: trajectory reached the configured outer_limit radius
velocity row 106/120 IC 409/599 x0=0.869164 velocity_parameter=0.743667 elapsed=7.6034s written=0
  crossing 0/250
  stopped velocity row 106 IC 409 x0=0.869164 velocity_parameter=0.743667 status=outer_limit: trajectory reached the configured outer_limit radius
velocity row 106/120 IC 417/599 x0=0.874907 velocity_parameter=0.743667 elapsed=7.62127s written=0
  crossing 0/250
  stopped velocity row 106 IC 417 x0=0.874907 velocity_parameter=0.743667 status=outer_limit: trajectory reached the configured outer_limit radius
velocity row 107/120 IC 399/599 x0=0.861985 velocity_parameter=0.759833 elapsed=7.6238s written=0
  crossing 0/250
  stopped velocity row 107 IC 399 x0=0.861985 velocity_parameter=0.759833 status=outer_limit: trajectory reached the configured outer_limit radius
velocity row 107/120 IC 409/599 x0=0.869164 velocity_parameter=0.759833 elapsed=7.64517s written=0
  crossing 0/250
  stopped velocity row 107 IC 409 x0=0.869164 velocity_parameter=0.759833 status=outer_limit: trajectory reached the configured outer_limit radius
velocity row 107/120 IC 417/599 x0=0.874907 velocity_parameter=0.759833 elapsed=7.66126s written=0
  crossing 0/250
  stopped velocity row 107 IC 417 x0=0.874907 velocity_parameter=0.759833 status=outer_limit: trajectory reached the configured outer_limit radius
velocity row 108/120 IC 399/599 x0=0.861985 velocity_parameter=0.776 elapsed=7.66363s written=0
  crossing 0/250
  stopped velocity row 108 IC 399 x0=0.861985 velocity_parameter=0.776 status=outer_limit: trajectory reached the configured outer_limit radius
velocity row 108/120 IC 409/599 x0=0.869164 velocity_parameter=0.776 elapsed=7.6826s written=0
  crossing 0/250
  stopped velocity row 108 IC 409 x0=0.869164 velocity_parameter=0.776 status=outer_limit: trajectory reached the configured outer_limit radius
velocity row 108/120 IC 417/599 x0=0.874907 velocity_parameter=0.776 elapsed=7.69796s written=0
  crossing 0/250
  stopped velocity row 108 IC 417 x0=0.874907 velocity_parameter=0.776 status=outer_limit: trajectory reached the configured outer_limit radius
velocity row 109/120 IC 399/599 x0=0.861985 velocity_parameter=0.792167 elapsed=7.70037s written=0
  crossing 0/250
  stopped velocity row 109 IC 399 x0=0.861985 velocity_parameter=0.792167 status=outer_limit: trajectory reached the configured outer_limit radius
velocity row 109/120 IC 409/599 x0=0.869164 velocity_parameter=0.792167 elapsed=7.71956s written=0
  crossing 0/250
  stopped velocity row 109 IC 409 x0=0.869164 velocity_parameter=0.792167 status=outer_limit: trajectory reached the configured outer_limit radius
velocity row 109/120 IC 417/599 x0=0.874907 velocity_parameter=0.792167 elapsed=7.7343s written=0
  crossing 0/250
  stopped velocity row 109 IC 417 x0=0.874907 velocity_parameter=0.792167 status=outer_limit: trajectory reached the configured outer_limit radius
velocity row 110/120 IC 399/599 x0=0.861985 velocity_parameter=0.808333 elapsed=7.73588s written=0
  crossing 0/250
  stopped velocity row 110 IC 399 x0=0.861985 velocity_parameter=0.808333 status=outer_limit: trajectory reached the configured outer_limit radius
velocity row 110/120 IC 409/599 x0=0.869164 velocity_parameter=0.808333 elapsed=7.75601s written=0
  crossing 0/250
  stopped velocity row 110 IC 409 x0=0.869164 velocity_parameter=0.808333 status=outer_limit: trajectory reached the configured outer_limit radius
velocity row 110/120 IC 417/599 x0=0.874907 velocity_parameter=0.808333 elapsed=7.77113s written=0
  crossing 0/250
  stopped velocity row 110 IC 417 x0=0.874907 velocity_parameter=0.808333 status=outer_limit: trajectory reached the configured outer_limit radius
velocity row 111/120 IC 399/599 x0=0.861985 velocity_parameter=0.8245 elapsed=7.7736s written=0
  crossing 0/250
  stopped velocity row 111 IC 399 x0=0.861985 velocity_parameter=0.8245 status=outer_limit: trajectory reached the configured outer_limit radius
velocity row 111/120 IC 409/599 x0=0.869164 velocity_parameter=0.8245 elapsed=7.79233s written=0
  crossing 0/250
  stopped velocity row 111 IC 409 x0=0.869164 velocity_parameter=0.8245 status=outer_limit: trajectory reached the configured outer_limit radius
velocity row 111/120 IC 417/599 x0=0.874907 velocity_parameter=0.8245 elapsed=7.80562s written=0
  crossing 0/250
  stopped velocity row 111 IC 417 x0=0.874907 velocity_parameter=0.8245 status=outer_limit: trajectory reached the configured outer_limit radius
velocity row 112/120 IC 399/599 x0=0.861985 velocity_parameter=0.840667 elapsed=7.80696s written=0
  crossing 0/250
  stopped velocity row 112 IC 399 x0=0.861985 velocity_parameter=0.840667 status=outer_limit: trajectory reached the configured outer_limit radius
velocity row 112/120 IC 409/599 x0=0.869164 velocity_parameter=0.840667 elapsed=7.82748s written=0
  crossing 0/250
  stopped velocity row 112 IC 409 x0=0.869164 velocity_parameter=0.840667 status=outer_limit: trajectory reached the configured outer_limit radius
velocity row 112/120 IC 417/599 x0=0.874907 velocity_parameter=0.840667 elapsed=7.84166s written=0
  crossing 0/250
  stopped velocity row 112 IC 417 x0=0.874907 velocity_parameter=0.840667 status=outer_limit: trajectory reached the configured outer_limit radius
velocity row 113/120 IC 399/599 x0=0.861985 velocity_parameter=0.856833 elapsed=7.84309s written=0
  crossing 0/250
  stopped velocity row 113 IC 399 x0=0.861985 velocity_parameter=0.856833 status=outer_limit: trajectory reached the configured outer_limit radius
velocity row 113/120 IC 409/599 x0=0.869164 velocity_parameter=0.856833 elapsed=7.865s written=0
  crossing 0/250
  stopped velocity row 113 IC 409 x0=0.869164 velocity_parameter=0.856833 status=outer_limit: trajectory reached the configured outer_limit radius
velocity row 113/120 IC 417/599 x0=0.874907 velocity_parameter=0.856833 elapsed=7.87952s written=0
  crossing 0/250
  stopped velocity row 113 IC 417 x0=0.874907 velocity_parameter=0.856833 status=outer_limit: trajectory reached the configured outer_limit radius
velocity row 114/120 IC 399/599 x0=0.861985 velocity_parameter=0.873 elapsed=7.88189s written=0
  crossing 0/250
  stopped velocity row 114 IC 399 x0=0.861985 velocity_parameter=0.873 status=outer_limit: trajectory reached the configured outer_limit radius
velocity row 114/120 IC 409/599 x0=0.869164 velocity_parameter=0.873 elapsed=7.90162s written=0
  crossing 0/250
  stopped velocity row 114 IC 409 x0=0.869164 velocity_parameter=0.873 status=outer_limit: trajectory reached the configured outer_limit radius
velocity row 114/120 IC 417/599 x0=0.874907 velocity_parameter=0.873 elapsed=7.91676s written=0
  crossing 0/250
  stopped velocity row 114 IC 417 x0=0.874907 velocity_parameter=0.873 status=outer_limit: trajectory reached the configured outer_limit radius
velocity row 115/120 IC 399/599 x0=0.861985 velocity_parameter=0.889167 elapsed=7.91823s written=0
  crossing 0/250
  stopped velocity row 115 IC 399 x0=0.861985 velocity_parameter=0.889167 status=outer_limit: trajectory reached the configured outer_limit radius
velocity row 115/120 IC 409/599 x0=0.869164 velocity_parameter=0.889167 elapsed=7.93579s written=0
  crossing 0/250
  stopped velocity row 115 IC 409 x0=0.869164 velocity_parameter=0.889167 status=outer_limit: trajectory reached the configured outer_limit radius
velocity row 115/120 IC 417/599 x0=0.874907 velocity_parameter=0.889167 elapsed=7.94736s written=0
  crossing 0/250
  stopped velocity row 115 IC 417 x0=0.874907 velocity_parameter=0.889167 status=outer_limit: trajectory reached the configured outer_limit radius
velocity row 116/120 IC 399/599 x0=0.861985 velocity_parameter=0.905333 elapsed=7.94884s written=0
  crossing 0/250
  stopped velocity row 116 IC 399 x0=0.861985 velocity_parameter=0.905333 status=outer_limit: trajectory reached the configured outer_limit radius
velocity row 116/120 IC 409/599 x0=0.869164 velocity_parameter=0.905333 elapsed=7.96585s written=0
  crossing 0/250
  stopped velocity row 116 IC 409 x0=0.869164 velocity_parameter=0.905333 status=outer_limit: trajectory reached the configured outer_limit radius
velocity row 116/120 IC 417/599 x0=0.874907 velocity_parameter=0.905333 elapsed=7.97965s written=0
  crossing 0/250
  stopped velocity row 116 IC 417 x0=0.874907 velocity_parameter=0.905333 status=outer_limit: trajectory reached the configured outer_limit radius
velocity row 117/120 IC 399/599 x0=0.861985 velocity_parameter=0.9215 elapsed=7.98151s written=0
  crossing 0/250
  stopped velocity row 117 IC 399 x0=0.861985 velocity_parameter=0.9215 status=outer_limit: trajectory reached the configured outer_limit radius
velocity row 117/120 IC 409/599 x0=0.869164 velocity_parameter=0.9215 elapsed=7.99633s written=0
  crossing 0/250
  stopped velocity row 117 IC 409 x0=0.869164 velocity_parameter=0.9215 status=outer_limit: trajectory reached the configured outer_limit radius
velocity row 117/120 IC 417/599 x0=0.874907 velocity_parameter=0.9215 elapsed=8.00885s written=0
  crossing 0/250
  stopped velocity row 117 IC 417 x0=0.874907 velocity_parameter=0.9215 status=outer_limit: trajectory reached the configured outer_limit radius
velocity row 118/120 IC 399/599 x0=0.861985 velocity_parameter=0.937667 elapsed=8.01127s written=0
  crossing 0/250
  stopped velocity row 118 IC 399 x0=0.861985 velocity_parameter=0.937667 status=outer_limit: trajectory reached the configured outer_limit radius
velocity row 118/120 IC 409/599 x0=0.869164 velocity_parameter=0.937667 elapsed=8.0269s written=0
  crossing 0/250
  stopped velocity row 118 IC 409 x0=0.869164 velocity_parameter=0.937667 status=outer_limit: trajectory reached the configured outer_limit radius
velocity row 118/120 IC 417/599 x0=0.874907 velocity_parameter=0.937667 elapsed=8.03859s written=0
  crossing 0/250
  stopped velocity row 118 IC 417 x0=0.874907 velocity_parameter=0.937667 status=outer_limit: trajectory reached the configured outer_limit radius
velocity row 119/120 IC 399/599 x0=0.861985 velocity_parameter=0.953833 elapsed=8.04015s written=0
  crossing 0/250
  stopped velocity row 119 IC 399 x0=0.861985 velocity_parameter=0.953833 status=outer_limit: trajectory reached the configured outer_limit radius
velocity row 119/120 IC 409/599 x0=0.869164 velocity_parameter=0.953833 elapsed=8.05597s written=0
  crossing 0/250
  stopped velocity row 119 IC 409 x0=0.869164 velocity_parameter=0.953833 status=outer_limit: trajectory reached the configured outer_limit radius
velocity row 119/120 IC 417/599 x0=0.874907 velocity_parameter=0.953833 elapsed=8.07005s written=0
  crossing 0/250
  stopped velocity row 119 IC 417 x0=0.874907 velocity_parameter=0.953833 status=outer_limit: trajectory reached the configured outer_limit radius
velocity row 120/120 IC 399/599 x0=0.861985 velocity_parameter=0.97 elapsed=8.07229s written=0
  crossing 0/250
  stopped velocity row 120 IC 399 x0=0.861985 velocity_parameter=0.97 status=outer_limit: trajectory reached the configured outer_limit radius
velocity row 120/120 IC 409/599 x0=0.869164 velocity_parameter=0.97 elapsed=8.09035s written=0
  crossing 0/250
  stopped velocity row 120 IC 409 x0=0.869164 velocity_parameter=0.97 status=outer_limit: trajectory reached the configured outer_limit radius
velocity row 120/120 IC 417/599 x0=0.874907 velocity_parameter=0.97 elapsed=8.10222s written=0
  crossing 0/250
  stopped velocity row 120 IC 417 x0=0.874907 velocity_parameter=0.97 status=outer_limit: trajectory reached the configured outer_limit radius
metadata -> /mnt/c/Users/payne/Code/Hill_4BP/professional_neck_studies/e1_dense_001/survey/level_000_delta_1e_minus_2/closed/shard_0021/metadata.txt
wrote 0 points (0 ICs skipped, 2299 orbits stopped early, elapsed=8.10366s) -> /mnt/c/Users/payne/Code/Hill_4BP/professional_neck_studies/e1_dense_001/survey/level_000_delta_1e_minus_2/closed/shard_0021/points.csv
outcomes: collision=0 completed=0 forbidden=0 inner_radius_limit=0 invalid_initial_radius=0 invalid_velocity=0 nontransverse=0 numerical_failure=0 outer_limit=2299 timeout=0
maximum sampled |H-h|=1.03748e-15
