zero-velocity boundary -> /mnt/c/Users/payne/Code/Hill_4BP/professional_neck_studies/e1_dense_001/survey/level_004_delta_1e_minus_6/closed/shard_0023/zero_velocity_boundary.csv
lambda1=0.0272549 lambda2=2.97275 A=-0.986373 B=0.486373 c=0.0976566 c1=0 c2=0 c3=-0.0976566 h=-2.39154 (C=4.78308)
E1/E2 neck h=-2.39154 (C=4.78307), E3/E4 neck h=-0.454039 (C=0.908078)
energy_mode=neck_delta neck=E1 hcrit=-2.39154 delta=1e-06 side=closed actual_neck_side=closed delta_h=-1e-06
x_count=600 xdot_count=121 iterates=250 index range=[437,455] velocity_mode=fraction x_range=[0.788405,0.792705] max_return_time=100
smooth coordinates R=sqrt(rho), CAPD crossing mode=Both solver_order=28 max_step=0.005 abs_tol=1e-15 rel_tol=1e-13 collision_radius=1e-06 outer_radius=5
velocity row 0/120 IC 437/599 x0=0.791542 velocity_parameter=-0.97 elapsed=1.78e-07s written=0
  crossing 0/250
  stopped velocity row 0 IC 437 x0=0.791542 velocity_parameter=-0.97 status=outer_limit: trajectory reached the configured outer_limit radius
  stopped velocity row 0 IC 438 x0=0.791549 velocity_parameter=-0.97 status=outer_limit: trajectory reached the configured outer_limit radius
  stopped velocity row 0 IC 439 x0=0.791556 velocity_parameter=-0.97 status=outer_limit: trajectory reached the configured outer_limit radius
  stopped velocity row 0 IC 440 x0=0.791563 velocity_parameter=-0.97 status=outer_limit: trajectory reached the configured outer_limit radius
  stopped velocity row 0 IC 441 x0=0.791571 velocity_parameter=-0.97 status=outer_limit: trajectory reached the configured outer_limit radius
  stopped velocity row 0 IC 442 x0=0.791578 velocity_parameter=-0.97 status=outer_limit: trajectory reached the configured outer_limit radius
  stopped velocity row 0 IC 443 x0=0.791585 velocity_parameter=-0.97 status=outer_limit: trajectory reached the configured outer_limit radius
  stopped velocity row 0 IC 444 x0=0.791592 velocity_parameter=-0.97 status=outer_limit: trajectory reached the configured outer_limit radius
  stopped velocity row 0 IC 445 x0=0.791599 velocity_parameter=-0.97 status=outer_limit: trajectory reached the configured outer_limit radius
  stopped velocity row 0 IC 446 x0=0.791606 velocity_parameter=-0.97 status=outer_limit: trajectory reached the configured outer_limit radius
velocity row 0/120 IC 447/599 x0=0.791614 velocity_parameter=-0.97 elapsed=0.15103s written=0
  crossing 0/250
  stopped velocity row 0 IC 447 x0=0.791614 velocity_parameter=-0.97 status=outer_limit: trajectory reached the configured outer_limit radius
velocity row 0/120 IC 455/599 x0=0.791671 velocity_parameter=-0.97 elapsed=0.251826s written=0
  crossing 0/250
  stopped velocity row 0 IC 455 x0=0.791671 velocity_parameter=-0.97 status=outer_limit: trajectory reached the configured outer_limit radius
velocity row 1/120 IC 437/599 x0=0.791542 velocity_parameter=-0.953833 elapsed=0.264047s written=0
  crossing 0/250
  stopped velocity row 1 IC 437 x0=0.791542 velocity_parameter=-0.953833 status=outer_limit: trajectory reached the configured outer_limit radius
velocity row 1/120 IC 447/599 x0=0.791614 velocity_parameter=-0.953833 elapsed=0.391107s written=0
  crossing 0/250
  stopped velocity row 1 IC 447 x0=0.791614 velocity_parameter=-0.953833 status=outer_limit: trajectory reached the configured outer_limit radius
velocity row 1/120 IC 455/599 x0=0.791671 velocity_parameter=-0.953833 elapsed=0.487824s written=0
  crossing 0/250
  stopped velocity row 1 IC 455 x0=0.791671 velocity_parameter=-0.953833 status=outer_limit: trajectory reached the configured outer_limit radius
velocity row 2/120 IC 437/599 x0=0.791542 velocity_parameter=-0.937667 elapsed=0.502518s written=0
  crossing 0/250
  stopped velocity row 2 IC 437 x0=0.791542 velocity_parameter=-0.937667 status=outer_limit: trajectory reached the configured outer_limit radius
velocity row 2/120 IC 447/599 x0=0.791614 velocity_parameter=-0.937667 elapsed=0.619578s written=0
  crossing 0/250
  stopped velocity row 2 IC 447 x0=0.791614 velocity_parameter=-0.937667 status=outer_limit: trajectory reached the configured outer_limit radius
velocity row 2/120 IC 455/599 x0=0.791671 velocity_parameter=-0.937667 elapsed=0.729039s written=0
  crossing 0/250
  stopped velocity row 2 IC 455 x0=0.791671 velocity_parameter=-0.937667 status=outer_limit: trajectory reached the configured outer_limit radius
velocity row 3/120 IC 437/599 x0=0.791542 velocity_parameter=-0.9215 elapsed=0.742066s written=0
  crossing 0/250
  stopped velocity row 3 IC 437 x0=0.791542 velocity_parameter=-0.9215 status=outer_limit: trajectory reached the configured outer_limit radius
velocity row 3/120 IC 447/599 x0=0.791614 velocity_parameter=-0.9215 elapsed=0.863849s written=0
  crossing 0/250
  stopped velocity row 3 IC 447 x0=0.791614 velocity_parameter=-0.9215 status=outer_limit: trajectory reached the configured outer_limit radius
velocity row 3/120 IC 455/599 x0=0.791671 velocity_parameter=-0.9215 elapsed=0.970423s written=0
  crossing 0/250
  stopped velocity row 3 IC 455 x0=0.791671 velocity_parameter=-0.9215 status=outer_limit: trajectory reached the configured outer_limit radius
velocity row 4/120 IC 437/599 x0=0.791542 velocity_parameter=-0.905333 elapsed=0.981901s written=0
  crossing 0/250
  stopped velocity row 4 IC 437 x0=0.791542 velocity_parameter=-0.905333 status=outer_limit: trajectory reached the configured outer_limit radius
velocity row 4/120 IC 447/599 x0=0.791614 velocity_parameter=-0.905333 elapsed=1.11702s written=0
  crossing 0/250
  stopped velocity row 4 IC 447 x0=0.791614 velocity_parameter=-0.905333 status=outer_limit: trajectory reached the configured outer_limit radius
velocity row 4/120 IC 455/599 x0=0.791671 velocity_parameter=-0.905333 elapsed=1.22395s written=0
  crossing 0/250
  stopped velocity row 4 IC 455 x0=0.791671 velocity_parameter=-0.905333 status=outer_limit: trajectory reached the configured outer_limit radius
velocity row 5/120 IC 437/599 x0=0.791542 velocity_parameter=-0.889167 elapsed=1.23522s written=0
  crossing 0/250
  stopped velocity row 5 IC 437 x0=0.791542 velocity_parameter=-0.889167 status=outer_limit: trajectory reached the configured outer_limit radius
velocity row 5/120 IC 447/599 x0=0.791614 velocity_parameter=-0.889167 elapsed=1.36009s written=0
  crossing 0/250
  stopped velocity row 5 IC 447 x0=0.791614 velocity_parameter=-0.889167 status=outer_limit: trajectory reached the configured outer_limit radius
velocity row 5/120 IC 455/599 x0=0.791671 velocity_parameter=-0.889167 elapsed=1.46533s written=0
  crossing 0/250
  stopped velocity row 5 IC 455 x0=0.791671 velocity_parameter=-0.889167 status=outer_limit: trajectory reached the configured outer_limit radius
velocity row 6/120 IC 437/599 x0=0.791542 velocity_parameter=-0.873 elapsed=1.47879s written=0
  crossing 0/250
  stopped velocity row 6 IC 437 x0=0.791542 velocity_parameter=-0.873 status=outer_limit: trajectory reached the configured outer_limit radius
velocity row 6/120 IC 447/599 x0=0.791614 velocity_parameter=-0.873 elapsed=1.60454s written=0
  crossing 0/250
  stopped velocity row 6 IC 447 x0=0.791614 velocity_parameter=-0.873 status=outer_limit: trajectory reached the configured outer_limit radius
velocity row 6/120 IC 455/599 x0=0.791671 velocity_parameter=-0.873 elapsed=1.70444s written=0
  crossing 0/250
  stopped velocity row 6 IC 455 x0=0.791671 velocity_parameter=-0.873 status=outer_limit: trajectory reached the configured outer_limit radius
velocity row 7/120 IC 437/599 x0=0.791542 velocity_parameter=-0.856833 elapsed=1.71849s written=0
  crossing 0/250
  stopped velocity row 7 IC 437 x0=0.791542 velocity_parameter=-0.856833 status=outer_limit: trajectory reached the configured outer_limit radius
velocity row 7/120 IC 447/599 x0=0.791614 velocity_parameter=-0.856833 elapsed=1.85811s written=0
  crossing 0/250
  stopped velocity row 7 IC 447 x0=0.791614 velocity_parameter=-0.856833 status=outer_limit: trajectory reached the configured outer_limit radius
velocity row 7/120 IC 455/599 x0=0.791671 velocity_parameter=-0.856833 elapsed=1.96533s written=0
  crossing 0/250
  stopped velocity row 7 IC 455 x0=0.791671 velocity_parameter=-0.856833 status=outer_limit: trajectory reached the configured outer_limit radius
velocity row 8/120 IC 437/599 x0=0.791542 velocity_parameter=-0.840667 elapsed=1.98239s written=0
  crossing 0/250
  stopped velocity row 8 IC 437 x0=0.791542 velocity_parameter=-0.840667 status=outer_limit: trajectory reached the configured outer_limit radius
velocity row 8/120 IC 447/599 x0=0.791614 velocity_parameter=-0.840667 elapsed=2.12291s written=0
  crossing 0/250
  stopped velocity row 8 IC 447 x0=0.791614 velocity_parameter=-0.840667 status=outer_limit: trajectory reached the configured outer_limit radius
velocity row 8/120 IC 455/599 x0=0.791671 velocity_parameter=-0.840667 elapsed=2.21996s written=0
  crossing 0/250
  stopped velocity row 8 IC 455 x0=0.791671 velocity_parameter=-0.840667 status=outer_limit: trajectory reached the configured outer_limit radius
velocity row 9/120 IC 437/599 x0=0.791542 velocity_parameter=-0.8245 elapsed=2.2352s written=0
  crossing 0/250
  stopped velocity row 9 IC 437 x0=0.791542 velocity_parameter=-0.8245 status=outer_limit: trajectory reached the configured outer_limit radius
velocity row 9/120 IC 447/599 x0=0.791614 velocity_parameter=-0.8245 elapsed=2.35209s written=0
  crossing 0/250
  stopped velocity row 9 IC 447 x0=0.791614 velocity_parameter=-0.8245 status=outer_limit: trajectory reached the configured outer_limit radius
velocity row 9/120 IC 455/599 x0=0.791671 velocity_parameter=-0.8245 elapsed=2.453s written=0
  crossing 0/250
  stopped velocity row 9 IC 455 x0=0.791671 velocity_parameter=-0.8245 status=outer_limit: trajectory reached the configured outer_limit radius
velocity row 10/120 IC 437/599 x0=0.791542 velocity_parameter=-0.808333 elapsed=2.46541s written=0
  crossing 0/250
  stopped velocity row 10 IC 437 x0=0.791542 velocity_parameter=-0.808333 status=outer_limit: trajectory reached the configured outer_limit radius
velocity row 10/120 IC 447/599 x0=0.791614 velocity_parameter=-0.808333 elapsed=2.59365s written=0
  crossing 0/250
  stopped velocity row 10 IC 447 x0=0.791614 velocity_parameter=-0.808333 status=outer_limit: trajectory reached the configured outer_limit radius
velocity row 10/120 IC 455/599 x0=0.791671 velocity_parameter=-0.808333 elapsed=2.69044s written=0
  crossing 0/250
  stopped velocity row 10 IC 455 x0=0.791671 velocity_parameter=-0.808333 status=outer_limit: trajectory reached the configured outer_limit radius
velocity row 11/120 IC 437/599 x0=0.791542 velocity_parameter=-0.792167 elapsed=2.70153s written=0
  crossing 0/250
  stopped velocity row 11 IC 437 x0=0.791542 velocity_parameter=-0.792167 status=outer_limit: trajectory reached the configured outer_limit radius
velocity row 11/120 IC 447/599 x0=0.791614 velocity_parameter=-0.792167 elapsed=2.82302s written=0
  crossing 0/250
  stopped velocity row 11 IC 447 x0=0.791614 velocity_parameter=-0.792167 status=outer_limit: trajectory reached the configured outer_limit radius
velocity row 11/120 IC 455/599 x0=0.791671 velocity_parameter=-0.792167 elapsed=2.9127s written=0
  crossing 0/250
  stopped velocity row 11 IC 455 x0=0.791671 velocity_parameter=-0.792167 status=outer_limit: trajectory reached the configured outer_limit radius
velocity row 12/120 IC 437/599 x0=0.791542 velocity_parameter=-0.776 elapsed=2.92582s written=0
  crossing 0/250
  stopped velocity row 12 IC 437 x0=0.791542 velocity_parameter=-0.776 status=outer_limit: trajectory reached the configured outer_limit radius
velocity row 12/120 IC 447/599 x0=0.791614 velocity_parameter=-0.776 elapsed=3.04683s written=0
  crossing 0/250
  stopped velocity row 12 IC 447 x0=0.791614 velocity_parameter=-0.776 status=outer_limit: trajectory reached the configured outer_limit radius
velocity row 12/120 IC 455/599 x0=0.791671 velocity_parameter=-0.776 elapsed=3.15295s written=0
  crossing 0/250
  stopped velocity row 12 IC 455 x0=0.791671 velocity_parameter=-0.776 status=outer_limit: trajectory reached the configured outer_limit radius
velocity row 13/120 IC 437/599 x0=0.791542 velocity_parameter=-0.759833 elapsed=3.16765s written=0
  crossing 0/250
  stopped velocity row 13 IC 437 x0=0.791542 velocity_parameter=-0.759833 status=outer_limit: trajectory reached the configured outer_limit radius
velocity row 13/120 IC 447/599 x0=0.791614 velocity_parameter=-0.759833 elapsed=3.27716s written=0
  crossing 0/250
  stopped velocity row 13 IC 447 x0=0.791614 velocity_parameter=-0.759833 status=outer_limit: trajectory reached the configured outer_limit radius
velocity row 13/120 IC 455/599 x0=0.791671 velocity_parameter=-0.759833 elapsed=3.36871s written=0
  crossing 0/250
  stopped velocity row 13 IC 455 x0=0.791671 velocity_parameter=-0.759833 status=outer_limit: trajectory reached the configured outer_limit radius
velocity row 14/120 IC 437/599 x0=0.791542 velocity_parameter=-0.743667 elapsed=3.38143s written=0
  crossing 0/250
  stopped velocity row 14 IC 437 x0=0.791542 velocity_parameter=-0.743667 status=outer_limit: trajectory reached the configured outer_limit radius
velocity row 14/120 IC 447/599 x0=0.791614 velocity_parameter=-0.743667 elapsed=3.50653s written=0
  crossing 0/250
  stopped velocity row 14 IC 447 x0=0.791614 velocity_parameter=-0.743667 status=outer_limit: trajectory reached the configured outer_limit radius
velocity row 14/120 IC 455/599 x0=0.791671 velocity_parameter=-0.743667 elapsed=3.60168s written=0
  crossing 0/250
  stopped velocity row 14 IC 455 x0=0.791671 velocity_parameter=-0.743667 status=outer_limit: trajectory reached the configured outer_limit radius
velocity row 15/120 IC 437/599 x0=0.791542 velocity_parameter=-0.7275 elapsed=3.61294s written=0
  crossing 0/250
  stopped velocity row 15 IC 437 x0=0.791542 velocity_parameter=-0.7275 status=outer_limit: trajectory reached the configured outer_limit radius
velocity row 15/120 IC 447/599 x0=0.791614 velocity_parameter=-0.7275 elapsed=3.73636s written=0
  crossing 0/250
  stopped velocity row 15 IC 447 x0=0.791614 velocity_parameter=-0.7275 status=outer_limit: trajectory reached the configured outer_limit radius
velocity row 15/120 IC 455/599 x0=0.791671 velocity_parameter=-0.7275 elapsed=3.8286s written=0
  crossing 0/250
  stopped velocity row 15 IC 455 x0=0.791671 velocity_parameter=-0.7275 status=outer_limit: trajectory reached the configured outer_limit radius
velocity row 16/120 IC 437/599 x0=0.791542 velocity_parameter=-0.711333 elapsed=3.83806s written=0
  crossing 0/250
  stopped velocity row 16 IC 437 x0=0.791542 velocity_parameter=-0.711333 status=outer_limit: trajectory reached the configured outer_limit radius
velocity row 16/120 IC 447/599 x0=0.791614 velocity_parameter=-0.711333 elapsed=3.95047s written=0
  crossing 0/250
  stopped velocity row 16 IC 447 x0=0.791614 velocity_parameter=-0.711333 status=outer_limit: trajectory reached the configured outer_limit radius
velocity row 16/120 IC 455/599 x0=0.791671 velocity_parameter=-0.711333 elapsed=4.05405s written=0
  crossing 0/250
  stopped velocity row 16 IC 455 x0=0.791671 velocity_parameter=-0.711333 status=outer_limit: trajectory reached the configured outer_limit radius
velocity row 17/120 IC 437/599 x0=0.791542 velocity_parameter=-0.695167 elapsed=4.06819s written=0
  crossing 0/250
  stopped velocity row 17 IC 437 x0=0.791542 velocity_parameter=-0.695167 status=outer_limit: trajectory reached the configured outer_limit radius
velocity row 17/120 IC 447/599 x0=0.791614 velocity_parameter=-0.695167 elapsed=4.20697s written=0
  crossing 0/250
  stopped velocity row 17 IC 447 x0=0.791614 velocity_parameter=-0.695167 status=outer_limit: trajectory reached the configured outer_limit radius
velocity row 17/120 IC 455/599 x0=0.791671 velocity_parameter=-0.695167 elapsed=4.31263s written=0
  crossing 0/250
  stopped velocity row 17 IC 455 x0=0.791671 velocity_parameter=-0.695167 status=outer_limit: trajectory reached the configured outer_limit radius
velocity row 18/120 IC 437/599 x0=0.791542 velocity_parameter=-0.679 elapsed=4.32321s written=0
  crossing 0/250
  stopped velocity row 18 IC 437 x0=0.791542 velocity_parameter=-0.679 status=outer_limit: trajectory reached the configured outer_limit radius
velocity row 18/120 IC 447/599 x0=0.791614 velocity_parameter=-0.679 elapsed=4.43321s written=0
  crossing 0/250
  stopped velocity row 18 IC 447 x0=0.791614 velocity_parameter=-0.679 status=outer_limit: trajectory reached the configured outer_limit radius
velocity row 18/120 IC 455/599 x0=0.791671 velocity_parameter=-0.679 elapsed=4.52091s written=0
  crossing 0/250
  stopped velocity row 18 IC 455 x0=0.791671 velocity_parameter=-0.679 status=outer_limit: trajectory reached the configured outer_limit radius
velocity row 19/120 IC 437/599 x0=0.791542 velocity_parameter=-0.662833 elapsed=4.53378s written=0
  crossing 0/250
  stopped velocity row 19 IC 437 x0=0.791542 velocity_parameter=-0.662833 status=outer_limit: trajectory reached the configured outer_limit radius
velocity row 19/120 IC 447/599 x0=0.791614 velocity_parameter=-0.662833 elapsed=4.6351s written=0
  crossing 0/250
  stopped velocity row 19 IC 447 x0=0.791614 velocity_parameter=-0.662833 status=outer_limit: trajectory reached the configured outer_limit radius
velocity row 19/120 IC 455/599 x0=0.791671 velocity_parameter=-0.662833 elapsed=4.71635s written=0
  crossing 0/250
  stopped velocity row 19 IC 455 x0=0.791671 velocity_parameter=-0.662833 status=outer_limit: trajectory reached the configured outer_limit radius
velocity row 20/120 IC 437/599 x0=0.791542 velocity_parameter=-0.646667 elapsed=4.72746s written=0
  crossing 0/250
  stopped velocity row 20 IC 437 x0=0.791542 velocity_parameter=-0.646667 status=outer_limit: trajectory reached the configured outer_limit radius
velocity row 20/120 IC 447/599 x0=0.791614 velocity_parameter=-0.646667 elapsed=4.83587s written=0
  crossing 0/250
  stopped velocity row 20 IC 447 x0=0.791614 velocity_parameter=-0.646667 status=outer_limit: trajectory reached the configured outer_limit radius
velocity row 20/120 IC 455/599 x0=0.791671 velocity_parameter=-0.646667 elapsed=4.92103s written=0
  crossing 0/250
  stopped velocity row 20 IC 455 x0=0.791671 velocity_parameter=-0.646667 status=outer_limit: trajectory reached the configured outer_limit radius
velocity row 21/120 IC 437/599 x0=0.791542 velocity_parameter=-0.6305 elapsed=4.93131s written=0
  crossing 0/250
  stopped velocity row 21 IC 437 x0=0.791542 velocity_parameter=-0.6305 status=outer_limit: trajectory reached the configured outer_limit radius
velocity row 21/120 IC 447/599 x0=0.791614 velocity_parameter=-0.6305 elapsed=5.03442s written=0
  crossing 0/250
  stopped velocity row 21 IC 447 x0=0.791614 velocity_parameter=-0.6305 status=outer_limit: trajectory reached the configured outer_limit radius
velocity row 21/120 IC 455/599 x0=0.791671 velocity_parameter=-0.6305 elapsed=5.12867s written=0
  crossing 0/250
  stopped velocity row 21 IC 455 x0=0.791671 velocity_parameter=-0.6305 status=outer_limit: trajectory reached the configured outer_limit radius
velocity row 22/120 IC 437/599 x0=0.791542 velocity_parameter=-0.614333 elapsed=5.14691s written=0
  crossing 0/250
  stopped velocity row 22 IC 437 x0=0.791542 velocity_parameter=-0.614333 status=outer_limit: trajectory reached the configured outer_limit radius
velocity row 22/120 IC 447/599 x0=0.791614 velocity_parameter=-0.614333 elapsed=5.24646s written=0
  crossing 0/250
  stopped velocity row 22 IC 447 x0=0.791614 velocity_parameter=-0.614333 status=outer_limit: trajectory reached the configured outer_limit radius
velocity row 22/120 IC 455/599 x0=0.791671 velocity_parameter=-0.614333 elapsed=5.32468s written=0
  crossing 0/250
  stopped velocity row 22 IC 455 x0=0.791671 velocity_parameter=-0.614333 status=outer_limit: trajectory reached the configured outer_limit radius
velocity row 23/120 IC 437/599 x0=0.791542 velocity_parameter=-0.598167 elapsed=5.33564s written=0
  crossing 0/250
  stopped velocity row 23 IC 437 x0=0.791542 velocity_parameter=-0.598167 status=outer_limit: trajectory reached the configured outer_limit radius
velocity row 23/120 IC 447/599 x0=0.791614 velocity_parameter=-0.598167 elapsed=5.4336s written=0
  crossing 0/250
  stopped velocity row 23 IC 447 x0=0.791614 velocity_parameter=-0.598167 status=outer_limit: trajectory reached the configured outer_limit radius
velocity row 23/120 IC 455/599 x0=0.791671 velocity_parameter=-0.598167 elapsed=5.5102s written=0
  crossing 0/250
  stopped velocity row 23 IC 455 x0=0.791671 velocity_parameter=-0.598167 status=outer_limit: trajectory reached the configured outer_limit radius
velocity row 24/120 IC 437/599 x0=0.791542 velocity_parameter=-0.582 elapsed=5.52106s written=0
  crossing 0/250
  stopped velocity row 24 IC 437 x0=0.791542 velocity_parameter=-0.582 status=outer_limit: trajectory reached the configured outer_limit radius
velocity row 24/120 IC 447/599 x0=0.791614 velocity_parameter=-0.582 elapsed=5.61883s written=0
  crossing 0/250
  stopped velocity row 24 IC 447 x0=0.791614 velocity_parameter=-0.582 status=outer_limit: trajectory reached the configured outer_limit radius
velocity row 24/120 IC 455/599 x0=0.791671 velocity_parameter=-0.582 elapsed=5.69685s written=0
  crossing 0/250
  stopped velocity row 24 IC 455 x0=0.791671 velocity_parameter=-0.582 status=outer_limit: trajectory reached the configured outer_limit radius
velocity row 25/120 IC 437/599 x0=0.791542 velocity_parameter=-0.565833 elapsed=5.70702s written=0
  crossing 0/250
  stopped velocity row 25 IC 437 x0=0.791542 velocity_parameter=-0.565833 status=outer_limit: trajectory reached the configured outer_limit radius
velocity row 25/120 IC 447/599 x0=0.791614 velocity_parameter=-0.565833 elapsed=5.80274s written=0
  crossing 0/250
  stopped velocity row 25 IC 447 x0=0.791614 velocity_parameter=-0.565833 status=outer_limit: trajectory reached the configured outer_limit radius
velocity row 25/120 IC 455/599 x0=0.791671 velocity_parameter=-0.565833 elapsed=5.88066s written=0
  crossing 0/250
  stopped velocity row 25 IC 455 x0=0.791671 velocity_parameter=-0.565833 status=outer_limit: trajectory reached the configured outer_limit radius
velocity row 26/120 IC 437/599 x0=0.791542 velocity_parameter=-0.549667 elapsed=5.89098s written=0
  crossing 0/250
  stopped velocity row 26 IC 437 x0=0.791542 velocity_parameter=-0.549667 status=outer_limit: trajectory reached the configured outer_limit radius
velocity row 26/120 IC 447/599 x0=0.791614 velocity_parameter=-0.549667 elapsed=5.98868s written=0
  crossing 0/250
  stopped velocity row 26 IC 447 x0=0.791614 velocity_parameter=-0.549667 status=outer_limit: trajectory reached the configured outer_limit radius
velocity row 26/120 IC 455/599 x0=0.791671 velocity_parameter=-0.549667 elapsed=6.06618s written=0
  crossing 0/250
  stopped velocity row 26 IC 455 x0=0.791671 velocity_parameter=-0.549667 status=outer_limit: trajectory reached the configured outer_limit radius
velocity row 27/120 IC 437/599 x0=0.791542 velocity_parameter=-0.5335 elapsed=6.07569s written=0
  crossing 0/250
  stopped velocity row 27 IC 437 x0=0.791542 velocity_parameter=-0.5335 status=outer_limit: trajectory reached the configured outer_limit radius
velocity row 27/120 IC 447/599 x0=0.791614 velocity_parameter=-0.5335 elapsed=6.17453s written=0
  crossing 0/250
  stopped velocity row 27 IC 447 x0=0.791614 velocity_parameter=-0.5335 status=outer_limit: trajectory reached the configured outer_limit radius
velocity row 27/120 IC 455/599 x0=0.791671 velocity_parameter=-0.5335 elapsed=6.25457s written=0
  crossing 0/250
  stopped velocity row 27 IC 455 x0=0.791671 velocity_parameter=-0.5335 status=outer_limit: trajectory reached the configured outer_limit radius
velocity row 28/120 IC 437/599 x0=0.791542 velocity_parameter=-0.517333 elapsed=6.26443s written=0
  crossing 0/250
  stopped velocity row 28 IC 437 x0=0.791542 velocity_parameter=-0.517333 status=outer_limit: trajectory reached the configured outer_limit radius
velocity row 28/120 IC 447/599 x0=0.791614 velocity_parameter=-0.517333 elapsed=6.36422s written=0
  crossing 0/250
  stopped velocity row 28 IC 447 x0=0.791614 velocity_parameter=-0.517333 status=outer_limit: trajectory reached the configured outer_limit radius
velocity row 28/120 IC 455/599 x0=0.791671 velocity_parameter=-0.517333 elapsed=6.43983s written=0
  crossing 0/250
  stopped velocity row 28 IC 455 x0=0.791671 velocity_parameter=-0.517333 status=outer_limit: trajectory reached the configured outer_limit radius
velocity row 29/120 IC 437/599 x0=0.791542 velocity_parameter=-0.501167 elapsed=6.45029s written=0
  crossing 0/250
  stopped velocity row 29 IC 437 x0=0.791542 velocity_parameter=-0.501167 status=outer_limit: trajectory reached the configured outer_limit radius
velocity row 29/120 IC 447/599 x0=0.791614 velocity_parameter=-0.501167 elapsed=6.55023s written=0
  crossing 0/250
  stopped velocity row 29 IC 447 x0=0.791614 velocity_parameter=-0.501167 status=outer_limit: trajectory reached the configured outer_limit radius
velocity row 29/120 IC 455/599 x0=0.791671 velocity_parameter=-0.501167 elapsed=6.62273s written=0
  crossing 0/250
  stopped velocity row 29 IC 455 x0=0.791671 velocity_parameter=-0.501167 status=outer_limit: trajectory reached the configured outer_limit radius
velocity row 30/120 IC 437/599 x0=0.791542 velocity_parameter=-0.485 elapsed=6.63224s written=0
  crossing 0/250
  stopped velocity row 30 IC 437 x0=0.791542 velocity_parameter=-0.485 status=outer_limit: trajectory reached the configured outer_limit radius
velocity row 30/120 IC 447/599 x0=0.791614 velocity_parameter=-0.485 elapsed=6.72886s written=0
  crossing 0/250
  stopped velocity row 30 IC 447 x0=0.791614 velocity_parameter=-0.485 status=outer_limit: trajectory reached the configured outer_limit radius
velocity row 30/120 IC 455/599 x0=0.791671 velocity_parameter=-0.485 elapsed=6.80324s written=0
  crossing 0/250
  stopped velocity row 30 IC 455 x0=0.791671 velocity_parameter=-0.485 status=outer_limit: trajectory reached the configured outer_limit radius
velocity row 31/120 IC 437/599 x0=0.791542 velocity_parameter=-0.468833 elapsed=6.81238s written=0
  crossing 0/250
  stopped velocity row 31 IC 437 x0=0.791542 velocity_parameter=-0.468833 status=outer_limit: trajectory reached the configured outer_limit radius
velocity row 31/120 IC 447/599 x0=0.791614 velocity_parameter=-0.468833 elapsed=6.90223s written=0
  crossing 0/250
  stopped velocity row 31 IC 447 x0=0.791614 velocity_parameter=-0.468833 status=outer_limit: trajectory reached the configured outer_limit radius
velocity row 31/120 IC 455/599 x0=0.791671 velocity_parameter=-0.468833 elapsed=6.97574s written=0
  crossing 0/250
  stopped velocity row 31 IC 455 x0=0.791671 velocity_parameter=-0.468833 status=outer_limit: trajectory reached the configured outer_limit radius
velocity row 32/120 IC 437/599 x0=0.791542 velocity_parameter=-0.452667 elapsed=6.98511s written=0
  crossing 0/250
  stopped velocity row 32 IC 437 x0=0.791542 velocity_parameter=-0.452667 status=outer_limit: trajectory reached the configured outer_limit radius
velocity row 32/120 IC 447/599 x0=0.791614 velocity_parameter=-0.452667 elapsed=7.07917s written=0
  crossing 0/250
  stopped velocity row 32 IC 447 x0=0.791614 velocity_parameter=-0.452667 status=outer_limit: trajectory reached the configured outer_limit radius
velocity row 32/120 IC 455/599 x0=0.791671 velocity_parameter=-0.452667 elapsed=7.15333s written=0
  crossing 0/250
  stopped velocity row 32 IC 455 x0=0.791671 velocity_parameter=-0.452667 status=outer_limit: trajectory reached the configured outer_limit radius
velocity row 33/120 IC 437/599 x0=0.791542 velocity_parameter=-0.4365 elapsed=7.16234s written=0
  crossing 0/250
  stopped velocity row 33 IC 437 x0=0.791542 velocity_parameter=-0.4365 status=outer_limit: trajectory reached the configured outer_limit radius
velocity row 33/120 IC 447/599 x0=0.791614 velocity_parameter=-0.4365 elapsed=7.25639s written=0
  crossing 0/250
  stopped velocity row 33 IC 447 x0=0.791614 velocity_parameter=-0.4365 status=outer_limit: trajectory reached the configured outer_limit radius
velocity row 33/120 IC 455/599 x0=0.791671 velocity_parameter=-0.4365 elapsed=7.32939s written=0
  crossing 0/250
  stopped velocity row 33 IC 455 x0=0.791671 velocity_parameter=-0.4365 status=outer_limit: trajectory reached the configured outer_limit radius
velocity row 34/120 IC 437/599 x0=0.791542 velocity_parameter=-0.420333 elapsed=7.33863s written=0
  crossing 0/250
  stopped velocity row 34 IC 437 x0=0.791542 velocity_parameter=-0.420333 status=outer_limit: trajectory reached the configured outer_limit radius
velocity row 34/120 IC 447/599 x0=0.791614 velocity_parameter=-0.420333 elapsed=7.4272s written=0
  crossing 0/250
  stopped velocity row 34 IC 447 x0=0.791614 velocity_parameter=-0.420333 status=outer_limit: trajectory reached the configured outer_limit radius
velocity row 34/120 IC 455/599 x0=0.791671 velocity_parameter=-0.420333 elapsed=7.50539s written=0
  crossing 0/250
  stopped velocity row 34 IC 455 x0=0.791671 velocity_parameter=-0.420333 status=outer_limit: trajectory reached the configured outer_limit radius
velocity row 35/120 IC 437/599 x0=0.791542 velocity_parameter=-0.404167 elapsed=7.51514s written=0
  crossing 0/250
  stopped velocity row 35 IC 437 x0=0.791542 velocity_parameter=-0.404167 status=outer_limit: trajectory reached the configured outer_limit radius
velocity row 35/120 IC 447/599 x0=0.791614 velocity_parameter=-0.404167 elapsed=7.60746s written=0
  crossing 0/250
  stopped velocity row 35 IC 447 x0=0.791614 velocity_parameter=-0.404167 status=outer_limit: trajectory reached the configured outer_limit radius
velocity row 35/120 IC 455/599 x0=0.791671 velocity_parameter=-0.404167 elapsed=7.6819s written=0
  crossing 0/250
  stopped velocity row 35 IC 455 x0=0.791671 velocity_parameter=-0.404167 status=outer_limit: trajectory reached the configured outer_limit radius
velocity row 36/120 IC 437/599 x0=0.791542 velocity_parameter=-0.388 elapsed=7.69306s written=0
  crossing 0/250
  stopped velocity row 36 IC 437 x0=0.791542 velocity_parameter=-0.388 status=outer_limit: trajectory reached the configured outer_limit radius
velocity row 36/120 IC 447/599 x0=0.791614 velocity_parameter=-0.388 elapsed=7.7881s written=0
  crossing 0/250
  stopped velocity row 36 IC 447 x0=0.791614 velocity_parameter=-0.388 status=outer_limit: trajectory reached the configured outer_limit radius
velocity row 36/120 IC 455/599 x0=0.791671 velocity_parameter=-0.388 elapsed=7.85962s written=0
  crossing 0/250
  stopped velocity row 36 IC 455 x0=0.791671 velocity_parameter=-0.388 status=outer_limit: trajectory reached the configured outer_limit radius
velocity row 37/120 IC 437/599 x0=0.791542 velocity_parameter=-0.371833 elapsed=7.86932s written=0
  crossing 0/250
  stopped velocity row 37 IC 437 x0=0.791542 velocity_parameter=-0.371833 status=outer_limit: trajectory reached the configured outer_limit radius
velocity row 37/120 IC 447/599 x0=0.791614 velocity_parameter=-0.371833 elapsed=7.96108s written=0
  crossing 0/250
  stopped velocity row 37 IC 447 x0=0.791614 velocity_parameter=-0.371833 status=outer_limit: trajectory reached the configured outer_limit radius
velocity row 37/120 IC 455/599 x0=0.791671 velocity_parameter=-0.371833 elapsed=8.03451s written=0
  crossing 0/250
  stopped velocity row 37 IC 455 x0=0.791671 velocity_parameter=-0.371833 status=outer_limit: trajectory reached the configured outer_limit radius
velocity row 38/120 IC 437/599 x0=0.791542 velocity_parameter=-0.355667 elapsed=8.04426s written=0
  crossing 0/250
  stopped velocity row 38 IC 437 x0=0.791542 velocity_parameter=-0.355667 status=outer_limit: trajectory reached the configured outer_limit radius
velocity row 38/120 IC 447/599 x0=0.791614 velocity_parameter=-0.355667 elapsed=8.13689s written=0
  crossing 0/250
  stopped velocity row 38 IC 447 x0=0.791614 velocity_parameter=-0.355667 status=outer_limit: trajectory reached the configured outer_limit radius
velocity row 38/120 IC 455/599 x0=0.791671 velocity_parameter=-0.355667 elapsed=8.21029s written=0
  crossing 0/250
  stopped velocity row 38 IC 455 x0=0.791671 velocity_parameter=-0.355667 status=outer_limit: trajectory reached the configured outer_limit radius
velocity row 39/120 IC 437/599 x0=0.791542 velocity_parameter=-0.3395 elapsed=8.22037s written=0
  crossing 0/250
  stopped velocity row 39 IC 437 x0=0.791542 velocity_parameter=-0.3395 status=outer_limit: trajectory reached the configured outer_limit radius
velocity row 39/120 IC 447/599 x0=0.791614 velocity_parameter=-0.3395 elapsed=8.30919s written=0
  crossing 0/250
  stopped velocity row 39 IC 447 x0=0.791614 velocity_parameter=-0.3395 status=outer_limit: trajectory reached the configured outer_limit radius
velocity row 39/120 IC 455/599 x0=0.791671 velocity_parameter=-0.3395 elapsed=8.37695s written=0
  crossing 0/250
  stopped velocity row 39 IC 455 x0=0.791671 velocity_parameter=-0.3395 status=outer_limit: trajectory reached the configured outer_limit radius
velocity row 40/120 IC 437/599 x0=0.791542 velocity_parameter=-0.323333 elapsed=8.38718s written=0
  crossing 0/250
  stopped velocity row 40 IC 437 x0=0.791542 velocity_parameter=-0.323333 status=outer_limit: trajectory reached the configured outer_limit radius
velocity row 40/120 IC 447/599 x0=0.791614 velocity_parameter=-0.323333 elapsed=8.49372s written=0
  crossing 0/250
  stopped velocity row 40 IC 447 x0=0.791614 velocity_parameter=-0.323333 status=outer_limit: trajectory reached the configured outer_limit radius
velocity row 40/120 IC 455/599 x0=0.791671 velocity_parameter=-0.323333 elapsed=8.56754s written=0
  crossing 0/250
  stopped velocity row 40 IC 455 x0=0.791671 velocity_parameter=-0.323333 status=outer_limit: trajectory reached the configured outer_limit radius
velocity row 41/120 IC 437/599 x0=0.791542 velocity_parameter=-0.307167 elapsed=8.57661s written=0
  crossing 0/250
  stopped velocity row 41 IC 437 x0=0.791542 velocity_parameter=-0.307167 status=outer_limit: trajectory reached the configured outer_limit radius
velocity row 41/120 IC 447/599 x0=0.791614 velocity_parameter=-0.307167 elapsed=8.66667s written=0
  crossing 0/250
  stopped velocity row 41 IC 447 x0=0.791614 velocity_parameter=-0.307167 status=outer_limit: trajectory reached the configured outer_limit radius
velocity row 41/120 IC 455/599 x0=0.791671 velocity_parameter=-0.307167 elapsed=8.74101s written=0
  crossing 0/250
  stopped velocity row 41 IC 455 x0=0.791671 velocity_parameter=-0.307167 status=outer_limit: trajectory reached the configured outer_limit radius
velocity row 42/120 IC 437/599 x0=0.791542 velocity_parameter=-0.291 elapsed=8.75067s written=0
  crossing 0/250
  stopped velocity row 42 IC 437 x0=0.791542 velocity_parameter=-0.291 status=outer_limit: trajectory reached the configured outer_limit radius
velocity row 42/120 IC 447/599 x0=0.791614 velocity_parameter=-0.291 elapsed=8.84541s written=0
  crossing 0/250
  stopped velocity row 42 IC 447 x0=0.791614 velocity_parameter=-0.291 status=outer_limit: trajectory reached the configured outer_limit radius
velocity row 42/120 IC 455/599 x0=0.791671 velocity_parameter=-0.291 elapsed=8.91976s written=0
  crossing 0/250
  stopped velocity row 42 IC 455 x0=0.791671 velocity_parameter=-0.291 status=outer_limit: trajectory reached the configured outer_limit radius
velocity row 43/120 IC 437/599 x0=0.791542 velocity_parameter=-0.274833 elapsed=8.9281s written=0
  crossing 0/250
  stopped velocity row 43 IC 437 x0=0.791542 velocity_parameter=-0.274833 status=outer_limit: trajectory reached the configured outer_limit radius
velocity row 43/120 IC 447/599 x0=0.791614 velocity_parameter=-0.274833 elapsed=9.0209s written=0
  crossing 0/250
  stopped velocity row 43 IC 447 x0=0.791614 velocity_parameter=-0.274833 status=outer_limit: trajectory reached the configured outer_limit radius
velocity row 43/120 IC 455/599 x0=0.791671 velocity_parameter=-0.274833 elapsed=9.09392s written=0
  crossing 0/250
  stopped velocity row 43 IC 455 x0=0.791671 velocity_parameter=-0.274833 status=outer_limit: trajectory reached the configured outer_limit radius
velocity row 44/120 IC 437/599 x0=0.791542 velocity_parameter=-0.258667 elapsed=9.10276s written=0
  crossing 0/250
  stopped velocity row 44 IC 437 x0=0.791542 velocity_parameter=-0.258667 status=outer_limit: trajectory reached the configured outer_limit radius
velocity row 44/120 IC 447/599 x0=0.791614 velocity_parameter=-0.258667 elapsed=9.1916s written=0
  crossing 0/250
  stopped velocity row 44 IC 447 x0=0.791614 velocity_parameter=-0.258667 status=outer_limit: trajectory reached the configured outer_limit radius
velocity row 44/120 IC 455/599 x0=0.791671 velocity_parameter=-0.258667 elapsed=9.26793s written=0
  crossing 0/250
  stopped velocity row 44 IC 455 x0=0.791671 velocity_parameter=-0.258667 status=outer_limit: trajectory reached the configured outer_limit radius
velocity row 45/120 IC 437/599 x0=0.791542 velocity_parameter=-0.2425 elapsed=9.27642s written=0
  crossing 0/250
  stopped velocity row 45 IC 437 x0=0.791542 velocity_parameter=-0.2425 status=outer_limit: trajectory reached the configured outer_limit radius
velocity row 45/120 IC 447/599 x0=0.791614 velocity_parameter=-0.2425 elapsed=9.36867s written=0
  crossing 0/250
  stopped velocity row 45 IC 447 x0=0.791614 velocity_parameter=-0.2425 status=outer_limit: trajectory reached the configured outer_limit radius
velocity row 45/120 IC 455/599 x0=0.791671 velocity_parameter=-0.2425 elapsed=9.44213s written=0
  crossing 0/250
  stopped velocity row 45 IC 455 x0=0.791671 velocity_parameter=-0.2425 status=outer_limit: trajectory reached the configured outer_limit radius
velocity row 46/120 IC 437/599 x0=0.791542 velocity_parameter=-0.226333 elapsed=9.45129s written=0
  crossing 0/250
  stopped velocity row 46 IC 437 x0=0.791542 velocity_parameter=-0.226333 status=outer_limit: trajectory reached the configured outer_limit radius
velocity row 46/120 IC 447/599 x0=0.791614 velocity_parameter=-0.226333 elapsed=9.54042s written=0
  crossing 0/250
  stopped velocity row 46 IC 447 x0=0.791614 velocity_parameter=-0.226333 status=outer_limit: trajectory reached the configured outer_limit radius
velocity row 46/120 IC 455/599 x0=0.791671 velocity_parameter=-0.226333 elapsed=9.61121s written=0
  crossing 0/250
  stopped velocity row 46 IC 455 x0=0.791671 velocity_parameter=-0.226333 status=outer_limit: trajectory reached the configured outer_limit radius
velocity row 47/120 IC 437/599 x0=0.791542 velocity_parameter=-0.210167 elapsed=9.62225s written=0
  crossing 0/250
  stopped velocity row 47 IC 437 x0=0.791542 velocity_parameter=-0.210167 status=outer_limit: trajectory reached the configured outer_limit radius
velocity row 47/120 IC 447/599 x0=0.791614 velocity_parameter=-0.210167 elapsed=9.71517s written=0
  crossing 0/250
  stopped velocity row 47 IC 447 x0=0.791614 velocity_parameter=-0.210167 status=outer_limit: trajectory reached the configured outer_limit radius
velocity row 47/120 IC 455/599 x0=0.791671 velocity_parameter=-0.210167 elapsed=9.78934s written=0
  crossing 0/250
  stopped velocity row 47 IC 455 x0=0.791671 velocity_parameter=-0.210167 status=outer_limit: trajectory reached the configured outer_limit radius
velocity row 48/120 IC 437/599 x0=0.791542 velocity_parameter=-0.194 elapsed=9.79917s written=0
  crossing 0/250
  stopped velocity row 48 IC 437 x0=0.791542 velocity_parameter=-0.194 status=outer_limit: trajectory reached the configured outer_limit radius
velocity row 48/120 IC 447/599 x0=0.791614 velocity_parameter=-0.194 elapsed=9.89093s written=0
  crossing 0/250
  stopped velocity row 48 IC 447 x0=0.791614 velocity_parameter=-0.194 status=outer_limit: trajectory reached the configured outer_limit radius
velocity row 48/120 IC 455/599 x0=0.791671 velocity_parameter=-0.194 elapsed=9.96215s written=0
  crossing 0/250
  stopped velocity row 48 IC 455 x0=0.791671 velocity_parameter=-0.194 status=outer_limit: trajectory reached the configured outer_limit radius
velocity row 49/120 IC 437/599 x0=0.791542 velocity_parameter=-0.177833 elapsed=9.97056s written=0
  crossing 0/250
  stopped velocity row 49 IC 437 x0=0.791542 velocity_parameter=-0.177833 status=outer_limit: trajectory reached the configured outer_limit radius
velocity row 49/120 IC 447/599 x0=0.791614 velocity_parameter=-0.177833 elapsed=10.0605s written=0
  crossing 0/250
  stopped velocity row 49 IC 447 x0=0.791614 velocity_parameter=-0.177833 status=outer_limit: trajectory reached the configured outer_limit radius
velocity row 49/120 IC 455/599 x0=0.791671 velocity_parameter=-0.177833 elapsed=10.1307s written=0
  crossing 0/250
  stopped velocity row 49 IC 455 x0=0.791671 velocity_parameter=-0.177833 status=outer_limit: trajectory reached the configured outer_limit radius
velocity row 50/120 IC 437/599 x0=0.791542 velocity_parameter=-0.161667 elapsed=10.1403s written=0
  crossing 0/250
  stopped velocity row 50 IC 437 x0=0.791542 velocity_parameter=-0.161667 status=outer_limit: trajectory reached the configured outer_limit radius
velocity row 50/120 IC 447/599 x0=0.791614 velocity_parameter=-0.161667 elapsed=10.2312s written=0
  crossing 0/250
  stopped velocity row 50 IC 447 x0=0.791614 velocity_parameter=-0.161667 status=outer_limit: trajectory reached the configured outer_limit radius
velocity row 50/120 IC 455/599 x0=0.791671 velocity_parameter=-0.161667 elapsed=10.2996s written=0
  crossing 0/250
  stopped velocity row 50 IC 455 x0=0.791671 velocity_parameter=-0.161667 status=outer_limit: trajectory reached the configured outer_limit radius
velocity row 51/120 IC 437/599 x0=0.791542 velocity_parameter=-0.1455 elapsed=10.3081s written=0
  crossing 0/250
  stopped velocity row 51 IC 437 x0=0.791542 velocity_parameter=-0.1455 status=outer_limit: trajectory reached the configured outer_limit radius
velocity row 51/120 IC 447/599 x0=0.791614 velocity_parameter=-0.1455 elapsed=10.4002s written=0
  crossing 0/250
  stopped velocity row 51 IC 447 x0=0.791614 velocity_parameter=-0.1455 status=outer_limit: trajectory reached the configured outer_limit radius
velocity row 51/120 IC 455/599 x0=0.791671 velocity_parameter=-0.1455 elapsed=10.4715s written=0
  crossing 0/250
  stopped velocity row 51 IC 455 x0=0.791671 velocity_parameter=-0.1455 status=outer_limit: trajectory reached the configured outer_limit radius
velocity row 52/120 IC 437/599 x0=0.791542 velocity_parameter=-0.129333 elapsed=10.481s written=0
  crossing 0/250
  stopped velocity row 52 IC 437 x0=0.791542 velocity_parameter=-0.129333 status=outer_limit: trajectory reached the configured outer_limit radius
velocity row 52/120 IC 447/599 x0=0.791614 velocity_parameter=-0.129333 elapsed=10.5708s written=0
  crossing 0/250
  stopped velocity row 52 IC 447 x0=0.791614 velocity_parameter=-0.129333 status=outer_limit: trajectory reached the configured outer_limit radius
velocity row 52/120 IC 455/599 x0=0.791671 velocity_parameter=-0.129333 elapsed=10.6436s written=0
  crossing 0/250
  stopped velocity row 52 IC 455 x0=0.791671 velocity_parameter=-0.129333 status=outer_limit: trajectory reached the configured outer_limit radius
velocity row 53/120 IC 437/599 x0=0.791542 velocity_parameter=-0.113167 elapsed=10.6526s written=0
  crossing 0/250
  stopped velocity row 53 IC 437 x0=0.791542 velocity_parameter=-0.113167 status=outer_limit: trajectory reached the configured outer_limit radius
velocity row 53/120 IC 447/599 x0=0.791614 velocity_parameter=-0.113167 elapsed=10.7414s written=0
  crossing 0/250
  stopped velocity row 53 IC 447 x0=0.791614 velocity_parameter=-0.113167 status=outer_limit: trajectory reached the configured outer_limit radius
velocity row 53/120 IC 455/599 x0=0.791671 velocity_parameter=-0.113167 elapsed=10.8141s written=0
  crossing 0/250
  stopped velocity row 53 IC 455 x0=0.791671 velocity_parameter=-0.113167 status=outer_limit: trajectory reached the configured outer_limit radius
velocity row 54/120 IC 437/599 x0=0.791542 velocity_parameter=-0.097 elapsed=10.8239s written=0
  crossing 0/250
  stopped velocity row 54 IC 437 x0=0.791542 velocity_parameter=-0.097 status=outer_limit: trajectory reached the configured outer_limit radius
velocity row 54/120 IC 447/599 x0=0.791614 velocity_parameter=-0.097 elapsed=10.9226s written=0
  crossing 0/250
  stopped velocity row 54 IC 447 x0=0.791614 velocity_parameter=-0.097 status=outer_limit: trajectory reached the configured outer_limit radius
velocity row 54/120 IC 455/599 x0=0.791671 velocity_parameter=-0.097 elapsed=10.9928s written=0
  crossing 0/250
  stopped velocity row 54 IC 455 x0=0.791671 velocity_parameter=-0.097 status=outer_limit: trajectory reached the configured outer_limit radius
velocity row 55/120 IC 437/599 x0=0.791542 velocity_parameter=-0.0808333 elapsed=11.0015s written=0
  crossing 0/250
  stopped velocity row 55 IC 437 x0=0.791542 velocity_parameter=-0.0808333 status=outer_limit: trajectory reached the configured outer_limit radius
velocity row 55/120 IC 447/599 x0=0.791614 velocity_parameter=-0.0808333 elapsed=11.0892s written=0
  crossing 0/250
  stopped velocity row 55 IC 447 x0=0.791614 velocity_parameter=-0.0808333 status=outer_limit: trajectory reached the configured outer_limit radius
velocity row 55/120 IC 455/599 x0=0.791671 velocity_parameter=-0.0808333 elapsed=11.1611s written=0
  crossing 0/250
  stopped velocity row 55 IC 455 x0=0.791671 velocity_parameter=-0.0808333 status=outer_limit: trajectory reached the configured outer_limit radius
velocity row 56/120 IC 437/599 x0=0.791542 velocity_parameter=-0.0646667 elapsed=11.1727s written=0
  crossing 0/250
  stopped velocity row 56 IC 437 x0=0.791542 velocity_parameter=-0.0646667 status=outer_limit: trajectory reached the configured outer_limit radius
velocity row 56/120 IC 447/599 x0=0.791614 velocity_parameter=-0.0646667 elapsed=11.2645s written=0
  crossing 0/250
  stopped velocity row 56 IC 447 x0=0.791614 velocity_parameter=-0.0646667 status=outer_limit: trajectory reached the configured outer_limit radius
velocity row 56/120 IC 455/599 x0=0.791671 velocity_parameter=-0.0646667 elapsed=11.342s written=0
  crossing 0/250
  stopped velocity row 56 IC 455 x0=0.791671 velocity_parameter=-0.0646667 status=outer_limit: trajectory reached the configured outer_limit radius
velocity row 57/120 IC 437/599 x0=0.791542 velocity_parameter=-0.0485 elapsed=11.3514s written=0
  crossing 0/250
  stopped velocity row 57 IC 437 x0=0.791542 velocity_parameter=-0.0485 status=outer_limit: trajectory reached the configured outer_limit radius
velocity row 57/120 IC 447/599 x0=0.791614 velocity_parameter=-0.0485 elapsed=11.4542s written=0
  crossing 0/250
  stopped velocity row 57 IC 447 x0=0.791614 velocity_parameter=-0.0485 status=outer_limit: trajectory reached the configured outer_limit radius
velocity row 57/120 IC 455/599 x0=0.791671 velocity_parameter=-0.0485 elapsed=11.5278s written=0
  crossing 0/250
  stopped velocity row 57 IC 455 x0=0.791671 velocity_parameter=-0.0485 status=outer_limit: trajectory reached the configured outer_limit radius
velocity row 58/120 IC 437/599 x0=0.791542 velocity_parameter=-0.0323333 elapsed=11.5372s written=0
  crossing 0/250
  stopped velocity row 58 IC 437 x0=0.791542 velocity_parameter=-0.0323333 status=outer_limit: trajectory reached the configured outer_limit radius
velocity row 58/120 IC 447/599 x0=0.791614 velocity_parameter=-0.0323333 elapsed=11.6293s written=0
  crossing 0/250
  stopped velocity row 58 IC 447 x0=0.791614 velocity_parameter=-0.0323333 status=outer_limit: trajectory reached the configured outer_limit radius
velocity row 58/120 IC 455/599 x0=0.791671 velocity_parameter=-0.0323333 elapsed=11.7015s written=0
  crossing 0/250
  stopped velocity row 58 IC 455 x0=0.791671 velocity_parameter=-0.0323333 status=outer_limit: trajectory reached the configured outer_limit radius
velocity row 59/120 IC 437/599 x0=0.791542 velocity_parameter=-0.0161667 elapsed=11.71s written=0
  crossing 0/250
  stopped velocity row 59 IC 437 x0=0.791542 velocity_parameter=-0.0161667 status=outer_limit: trajectory reached the configured outer_limit radius
velocity row 59/120 IC 447/599 x0=0.791614 velocity_parameter=-0.0161667 elapsed=11.801s written=0
  crossing 0/250
  stopped velocity row 59 IC 447 x0=0.791614 velocity_parameter=-0.0161667 status=outer_limit: trajectory reached the configured outer_limit radius
velocity row 59/120 IC 455/599 x0=0.791671 velocity_parameter=-0.0161667 elapsed=11.8691s written=0
  crossing 0/250
  stopped velocity row 59 IC 455 x0=0.791671 velocity_parameter=-0.0161667 status=outer_limit: trajectory reached the configured outer_limit radius
velocity row 60/120 IC 437/599 x0=0.791542 velocity_parameter=0 elapsed=11.8784s written=0
  crossing 0/250
  stopped velocity row 60 IC 437 x0=0.791542 velocity_parameter=0 status=outer_limit: trajectory reached the configured outer_limit radius
velocity row 60/120 IC 447/599 x0=0.791614 velocity_parameter=0 elapsed=11.9667s written=0
  crossing 0/250
  stopped velocity row 60 IC 447 x0=0.791614 velocity_parameter=0 status=outer_limit: trajectory reached the configured outer_limit radius
velocity row 60/120 IC 455/599 x0=0.791671 velocity_parameter=0 elapsed=12.0324s written=0
  crossing 0/250
  stopped velocity row 60 IC 455 x0=0.791671 velocity_parameter=0 status=outer_limit: trajectory reached the configured outer_limit radius
velocity row 61/120 IC 437/599 x0=0.791542 velocity_parameter=0.0161667 elapsed=12.042s written=0
  crossing 0/250
  stopped velocity row 61 IC 437 x0=0.791542 velocity_parameter=0.0161667 status=outer_limit: trajectory reached the configured outer_limit radius
velocity row 61/120 IC 447/599 x0=0.791614 velocity_parameter=0.0161667 elapsed=12.1326s written=0
  crossing 0/250
  stopped velocity row 61 IC 447 x0=0.791614 velocity_parameter=0.0161667 status=outer_limit: trajectory reached the configured outer_limit radius
velocity row 61/120 IC 455/599 x0=0.791671 velocity_parameter=0.0161667 elapsed=12.2028s written=0
  crossing 0/250
  stopped velocity row 61 IC 455 x0=0.791671 velocity_parameter=0.0161667 status=outer_limit: trajectory reached the configured outer_limit radius
velocity row 62/120 IC 437/599 x0=0.791542 velocity_parameter=0.0323333 elapsed=12.2106s written=0
  crossing 0/250
  stopped velocity row 62 IC 437 x0=0.791542 velocity_parameter=0.0323333 status=outer_limit: trajectory reached the configured outer_limit radius
velocity row 62/120 IC 447/599 x0=0.791614 velocity_parameter=0.0323333 elapsed=12.2958s written=0
  crossing 0/250
  stopped velocity row 62 IC 447 x0=0.791614 velocity_parameter=0.0323333 status=outer_limit: trajectory reached the configured outer_limit radius
velocity row 62/120 IC 455/599 x0=0.791671 velocity_parameter=0.0323333 elapsed=12.3661s written=0
  crossing 0/250
  stopped velocity row 62 IC 455 x0=0.791671 velocity_parameter=0.0323333 status=outer_limit: trajectory reached the configured outer_limit radius
velocity row 63/120 IC 437/599 x0=0.791542 velocity_parameter=0.0485 elapsed=12.3746s written=0
  crossing 0/250
  stopped velocity row 63 IC 437 x0=0.791542 velocity_parameter=0.0485 status=outer_limit: trajectory reached the configured outer_limit radius
velocity row 63/120 IC 447/599 x0=0.791614 velocity_parameter=0.0485 elapsed=12.4615s written=0
  crossing 0/250
  stopped velocity row 63 IC 447 x0=0.791614 velocity_parameter=0.0485 status=outer_limit: trajectory reached the configured outer_limit radius
velocity row 63/120 IC 455/599 x0=0.791671 velocity_parameter=0.0485 elapsed=12.5301s written=0
  crossing 0/250
  stopped velocity row 63 IC 455 x0=0.791671 velocity_parameter=0.0485 status=outer_limit: trajectory reached the configured outer_limit radius
velocity row 64/120 IC 437/599 x0=0.791542 velocity_parameter=0.0646667 elapsed=12.5389s written=0
  crossing 0/250
  stopped velocity row 64 IC 437 x0=0.791542 velocity_parameter=0.0646667 status=outer_limit: trajectory reached the configured outer_limit radius
velocity row 64/120 IC 447/599 x0=0.791614 velocity_parameter=0.0646667 elapsed=12.6201s written=0
  crossing 0/250
  stopped velocity row 64 IC 447 x0=0.791614 velocity_parameter=0.0646667 status=outer_limit: trajectory reached the configured outer_limit radius
velocity row 64/120 IC 455/599 x0=0.791671 velocity_parameter=0.0646667 elapsed=12.6897s written=0
  crossing 0/250
  stopped velocity row 64 IC 455 x0=0.791671 velocity_parameter=0.0646667 status=outer_limit: trajectory reached the configured outer_limit radius
velocity row 65/120 IC 437/599 x0=0.791542 velocity_parameter=0.0808333 elapsed=12.698s written=0
  crossing 0/250
  stopped velocity row 65 IC 437 x0=0.791542 velocity_parameter=0.0808333 status=outer_limit: trajectory reached the configured outer_limit radius
velocity row 65/120 IC 447/599 x0=0.791614 velocity_parameter=0.0808333 elapsed=12.782s written=0
  crossing 0/250
  stopped velocity row 65 IC 447 x0=0.791614 velocity_parameter=0.0808333 status=outer_limit: trajectory reached the configured outer_limit radius
velocity row 65/120 IC 455/599 x0=0.791671 velocity_parameter=0.0808333 elapsed=12.8448s written=0
  crossing 0/250
  stopped velocity row 65 IC 455 x0=0.791671 velocity_parameter=0.0808333 status=outer_limit: trajectory reached the configured outer_limit radius
velocity row 66/120 IC 437/599 x0=0.791542 velocity_parameter=0.097 elapsed=12.8538s written=0
  crossing 0/250
  stopped velocity row 66 IC 437 x0=0.791542 velocity_parameter=0.097 status=outer_limit: trajectory reached the configured outer_limit radius
velocity row 66/120 IC 447/599 x0=0.791614 velocity_parameter=0.097 elapsed=12.9401s written=0
  crossing 0/250
  stopped velocity row 66 IC 447 x0=0.791614 velocity_parameter=0.097 status=outer_limit: trajectory reached the configured outer_limit radius
velocity row 66/120 IC 455/599 x0=0.791671 velocity_parameter=0.097 elapsed=13.0038s written=0
  crossing 0/250
  stopped velocity row 66 IC 455 x0=0.791671 velocity_parameter=0.097 status=outer_limit: trajectory reached the configured outer_limit radius
velocity row 67/120 IC 437/599 x0=0.791542 velocity_parameter=0.113167 elapsed=13.0127s written=0
  crossing 0/250
  stopped velocity row 67 IC 437 x0=0.791542 velocity_parameter=0.113167 status=outer_limit: trajectory reached the configured outer_limit radius
velocity row 67/120 IC 447/599 x0=0.791614 velocity_parameter=0.113167 elapsed=13.0943s written=0
  crossing 0/250
  stopped velocity row 67 IC 447 x0=0.791614 velocity_parameter=0.113167 status=outer_limit: trajectory reached the configured outer_limit radius
velocity row 67/120 IC 455/599 x0=0.791671 velocity_parameter=0.113167 elapsed=13.1607s written=0
  crossing 0/250
  stopped velocity row 67 IC 455 x0=0.791671 velocity_parameter=0.113167 status=outer_limit: trajectory reached the configured outer_limit radius
velocity row 68/120 IC 437/599 x0=0.791542 velocity_parameter=0.129333 elapsed=13.1693s written=0
  crossing 0/250
  stopped velocity row 68 IC 437 x0=0.791542 velocity_parameter=0.129333 status=outer_limit: trajectory reached the configured outer_limit radius
velocity row 68/120 IC 447/599 x0=0.791614 velocity_parameter=0.129333 elapsed=13.2444s written=0
  crossing 0/250
  stopped velocity row 68 IC 447 x0=0.791614 velocity_parameter=0.129333 status=outer_limit: trajectory reached the configured outer_limit radius
velocity row 68/120 IC 455/599 x0=0.791671 velocity_parameter=0.129333 elapsed=13.3135s written=0
  crossing 0/250
  stopped velocity row 68 IC 455 x0=0.791671 velocity_parameter=0.129333 status=outer_limit: trajectory reached the configured outer_limit radius
velocity row 69/120 IC 437/599 x0=0.791542 velocity_parameter=0.1455 elapsed=13.3225s written=0
  crossing 0/250
  stopped velocity row 69 IC 437 x0=0.791542 velocity_parameter=0.1455 status=outer_limit: trajectory reached the configured outer_limit radius
velocity row 69/120 IC 447/599 x0=0.791614 velocity_parameter=0.1455 elapsed=13.4063s written=0
  crossing 0/250
  stopped velocity row 69 IC 447 x0=0.791614 velocity_parameter=0.1455 status=outer_limit: trajectory reached the configured outer_limit radius
velocity row 69/120 IC 455/599 x0=0.791671 velocity_parameter=0.1455 elapsed=13.471s written=0
  crossing 0/250
  stopped velocity row 69 IC 455 x0=0.791671 velocity_parameter=0.1455 status=outer_limit: trajectory reached the configured outer_limit radius
velocity row 70/120 IC 437/599 x0=0.791542 velocity_parameter=0.161667 elapsed=13.4801s written=0
  crossing 0/250
  stopped velocity row 70 IC 437 x0=0.791542 velocity_parameter=0.161667 status=outer_limit: trajectory reached the configured outer_limit radius
velocity row 70/120 IC 447/599 x0=0.791614 velocity_parameter=0.161667 elapsed=13.5643s written=0
  crossing 0/250
  stopped velocity row 70 IC 447 x0=0.791614 velocity_parameter=0.161667 status=outer_limit: trajectory reached the configured outer_limit radius
velocity row 70/120 IC 455/599 x0=0.791671 velocity_parameter=0.161667 elapsed=13.6308s written=0
  crossing 0/250
  stopped velocity row 70 IC 455 x0=0.791671 velocity_parameter=0.161667 status=outer_limit: trajectory reached the configured outer_limit radius
velocity row 71/120 IC 437/599 x0=0.791542 velocity_parameter=0.177833 elapsed=13.6386s written=0
  crossing 0/250
  stopped velocity row 71 IC 437 x0=0.791542 velocity_parameter=0.177833 status=outer_limit: trajectory reached the configured outer_limit radius
velocity row 71/120 IC 447/599 x0=0.791614 velocity_parameter=0.177833 elapsed=13.7226s written=0
  crossing 0/250
  stopped velocity row 71 IC 447 x0=0.791614 velocity_parameter=0.177833 status=outer_limit: trajectory reached the configured outer_limit radius
velocity row 71/120 IC 455/599 x0=0.791671 velocity_parameter=0.177833 elapsed=13.7873s written=0
  crossing 0/250
  stopped velocity row 71 IC 455 x0=0.791671 velocity_parameter=0.177833 status=outer_limit: trajectory reached the configured outer_limit radius
velocity row 72/120 IC 437/599 x0=0.791542 velocity_parameter=0.194 elapsed=13.8002s written=0
  crossing 0/250
  stopped velocity row 72 IC 437 x0=0.791542 velocity_parameter=0.194 status=outer_limit: trajectory reached the configured outer_limit radius
velocity row 72/120 IC 447/599 x0=0.791614 velocity_parameter=0.194 elapsed=13.8852s written=0
  crossing 0/250
  stopped velocity row 72 IC 447 x0=0.791614 velocity_parameter=0.194 status=outer_limit: trajectory reached the configured outer_limit radius
velocity row 72/120 IC 455/599 x0=0.791671 velocity_parameter=0.194 elapsed=13.9506s written=0
  crossing 0/250
  stopped velocity row 72 IC 455 x0=0.791671 velocity_parameter=0.194 status=outer_limit: trajectory reached the configured outer_limit radius
velocity row 73/120 IC 437/599 x0=0.791542 velocity_parameter=0.210167 elapsed=13.9599s written=0
  crossing 0/250
  stopped velocity row 73 IC 437 x0=0.791542 velocity_parameter=0.210167 status=outer_limit: trajectory reached the configured outer_limit radius
velocity row 73/120 IC 447/599 x0=0.791614 velocity_parameter=0.210167 elapsed=14.0412s written=0
  crossing 0/250
  stopped velocity row 73 IC 447 x0=0.791614 velocity_parameter=0.210167 status=outer_limit: trajectory reached the configured outer_limit radius
velocity row 73/120 IC 455/599 x0=0.791671 velocity_parameter=0.210167 elapsed=14.1081s written=0
  crossing 0/250
  stopped velocity row 73 IC 455 x0=0.791671 velocity_parameter=0.210167 status=outer_limit: trajectory reached the configured outer_limit radius
velocity row 74/120 IC 437/599 x0=0.791542 velocity_parameter=0.226333 elapsed=14.1146s written=0
  crossing 0/250
  stopped velocity row 74 IC 437 x0=0.791542 velocity_parameter=0.226333 status=outer_limit: trajectory reached the configured outer_limit radius
velocity row 74/120 IC 447/599 x0=0.791614 velocity_parameter=0.226333 elapsed=14.1964s written=0
  crossing 0/250
  stopped velocity row 74 IC 447 x0=0.791614 velocity_parameter=0.226333 status=outer_limit: trajectory reached the configured outer_limit radius
velocity row 74/120 IC 455/599 x0=0.791671 velocity_parameter=0.226333 elapsed=14.2546s written=0
  crossing 0/250
  stopped velocity row 74 IC 455 x0=0.791671 velocity_parameter=0.226333 status=outer_limit: trajectory reached the configured outer_limit radius
velocity row 75/120 IC 437/599 x0=0.791542 velocity_parameter=0.2425 elapsed=14.2632s written=0
  crossing 0/250
  stopped velocity row 75 IC 437 x0=0.791542 velocity_parameter=0.2425 status=outer_limit: trajectory reached the configured outer_limit radius
velocity row 75/120 IC 447/599 x0=0.791614 velocity_parameter=0.2425 elapsed=14.3443s written=0
  crossing 0/250
  stopped velocity row 75 IC 447 x0=0.791614 velocity_parameter=0.2425 status=outer_limit: trajectory reached the configured outer_limit radius
velocity row 75/120 IC 455/599 x0=0.791671 velocity_parameter=0.2425 elapsed=14.4107s written=0
  crossing 0/250
  stopped velocity row 75 IC 455 x0=0.791671 velocity_parameter=0.2425 status=outer_limit: trajectory reached the configured outer_limit radius
velocity row 76/120 IC 437/599 x0=0.791542 velocity_parameter=0.258667 elapsed=14.4193s written=0
  crossing 0/250
  stopped velocity row 76 IC 437 x0=0.791542 velocity_parameter=0.258667 status=outer_limit: trajectory reached the configured outer_limit radius
velocity row 76/120 IC 447/599 x0=0.791614 velocity_parameter=0.258667 elapsed=14.5044s written=0
  crossing 0/250
  stopped velocity row 76 IC 447 x0=0.791614 velocity_parameter=0.258667 status=outer_limit: trajectory reached the configured outer_limit radius
velocity row 76/120 IC 455/599 x0=0.791671 velocity_parameter=0.258667 elapsed=14.5647s written=0
  crossing 0/250
  stopped velocity row 76 IC 455 x0=0.791671 velocity_parameter=0.258667 status=outer_limit: trajectory reached the configured outer_limit radius
velocity row 77/120 IC 437/599 x0=0.791542 velocity_parameter=0.274833 elapsed=14.574s written=0
  crossing 0/250
  stopped velocity row 77 IC 437 x0=0.791542 velocity_parameter=0.274833 status=outer_limit: trajectory reached the configured outer_limit radius
velocity row 77/120 IC 447/599 x0=0.791614 velocity_parameter=0.274833 elapsed=14.6582s written=0
  crossing 0/250
  stopped velocity row 77 IC 447 x0=0.791614 velocity_parameter=0.274833 status=outer_limit: trajectory reached the configured outer_limit radius
velocity row 77/120 IC 455/599 x0=0.791671 velocity_parameter=0.274833 elapsed=14.7233s written=0
  crossing 0/250
  stopped velocity row 77 IC 455 x0=0.791671 velocity_parameter=0.274833 status=outer_limit: trajectory reached the configured outer_limit radius
velocity row 78/120 IC 437/599 x0=0.791542 velocity_parameter=0.291 elapsed=14.7318s written=0
  crossing 0/250
  stopped velocity row 78 IC 437 x0=0.791542 velocity_parameter=0.291 status=outer_limit: trajectory reached the configured outer_limit radius
velocity row 78/120 IC 447/599 x0=0.791614 velocity_parameter=0.291 elapsed=14.8138s written=0
  crossing 0/250
  stopped velocity row 78 IC 447 x0=0.791614 velocity_parameter=0.291 status=outer_limit: trajectory reached the configured outer_limit radius
velocity row 78/120 IC 455/599 x0=0.791671 velocity_parameter=0.291 elapsed=14.8786s written=0
  crossing 0/250
  stopped velocity row 78 IC 455 x0=0.791671 velocity_parameter=0.291 status=outer_limit: trajectory reached the configured outer_limit radius
velocity row 79/120 IC 437/599 x0=0.791542 velocity_parameter=0.307167 elapsed=14.8864s written=0
  crossing 0/250
  stopped velocity row 79 IC 437 x0=0.791542 velocity_parameter=0.307167 status=outer_limit: trajectory reached the configured outer_limit radius
velocity row 79/120 IC 447/599 x0=0.791614 velocity_parameter=0.307167 elapsed=14.9702s written=0
  crossing 0/250
  stopped velocity row 79 IC 447 x0=0.791614 velocity_parameter=0.307167 status=outer_limit: trajectory reached the configured outer_limit radius
velocity row 79/120 IC 455/599 x0=0.791671 velocity_parameter=0.307167 elapsed=15.0343s written=0
  crossing 0/250
  stopped velocity row 79 IC 455 x0=0.791671 velocity_parameter=0.307167 status=outer_limit: trajectory reached the configured outer_limit radius
velocity row 80/120 IC 437/599 x0=0.791542 velocity_parameter=0.323333 elapsed=15.0431s written=0
  crossing 0/250
  stopped velocity row 80 IC 437 x0=0.791542 velocity_parameter=0.323333 status=outer_limit: trajectory reached the configured outer_limit radius
velocity row 80/120 IC 447/599 x0=0.791614 velocity_parameter=0.323333 elapsed=15.1248s written=0
  crossing 0/250
  stopped velocity row 80 IC 447 x0=0.791614 velocity_parameter=0.323333 status=outer_limit: trajectory reached the configured outer_limit radius
velocity row 80/120 IC 455/599 x0=0.791671 velocity_parameter=0.323333 elapsed=15.1915s written=0
  crossing 0/250
  stopped velocity row 80 IC 455 x0=0.791671 velocity_parameter=0.323333 status=outer_limit: trajectory reached the configured outer_limit radius
velocity row 81/120 IC 437/599 x0=0.791542 velocity_parameter=0.3395 elapsed=15.1993s written=0
  crossing 0/250
  stopped velocity row 81 IC 437 x0=0.791542 velocity_parameter=0.3395 status=outer_limit: trajectory reached the configured outer_limit radius
velocity row 81/120 IC 447/599 x0=0.791614 velocity_parameter=0.3395 elapsed=15.2762s written=0
  crossing 0/250
  stopped velocity row 81 IC 447 x0=0.791614 velocity_parameter=0.3395 status=outer_limit: trajectory reached the configured outer_limit radius
velocity row 81/120 IC 455/599 x0=0.791671 velocity_parameter=0.3395 elapsed=15.3419s written=0
  crossing 0/250
  stopped velocity row 81 IC 455 x0=0.791671 velocity_parameter=0.3395 status=outer_limit: trajectory reached the configured outer_limit radius
velocity row 82/120 IC 437/599 x0=0.791542 velocity_parameter=0.355667 elapsed=15.3497s written=0
  crossing 0/250
  stopped velocity row 82 IC 437 x0=0.791542 velocity_parameter=0.355667 status=outer_limit: trajectory reached the configured outer_limit radius
velocity row 82/120 IC 447/599 x0=0.791614 velocity_parameter=0.355667 elapsed=15.4281s written=0
  crossing 0/250
  stopped velocity row 82 IC 447 x0=0.791614 velocity_parameter=0.355667 status=outer_limit: trajectory reached the configured outer_limit radius
velocity row 82/120 IC 455/599 x0=0.791671 velocity_parameter=0.355667 elapsed=15.4915s written=0
  crossing 0/250
  stopped velocity row 82 IC 455 x0=0.791671 velocity_parameter=0.355667 status=outer_limit: trajectory reached the configured outer_limit radius
velocity row 83/120 IC 437/599 x0=0.791542 velocity_parameter=0.371833 elapsed=15.5005s written=0
  crossing 0/250
  stopped velocity row 83 IC 437 x0=0.791542 velocity_parameter=0.371833 status=outer_limit: trajectory reached the configured outer_limit radius
velocity row 83/120 IC 447/599 x0=0.791614 velocity_parameter=0.371833 elapsed=15.5818s written=0
  crossing 0/250
  stopped velocity row 83 IC 447 x0=0.791614 velocity_parameter=0.371833 status=outer_limit: trajectory reached the configured outer_limit radius
velocity row 83/120 IC 455/599 x0=0.791671 velocity_parameter=0.371833 elapsed=15.6477s written=0
  crossing 0/250
  stopped velocity row 83 IC 455 x0=0.791671 velocity_parameter=0.371833 status=outer_limit: trajectory reached the configured outer_limit radius
velocity row 84/120 IC 437/599 x0=0.791542 velocity_parameter=0.388 elapsed=15.6565s written=0
  crossing 0/250
  stopped velocity row 84 IC 437 x0=0.791542 velocity_parameter=0.388 status=outer_limit: trajectory reached the configured outer_limit radius
velocity row 84/120 IC 447/599 x0=0.791614 velocity_parameter=0.388 elapsed=15.7312s written=0
  crossing 0/250
  stopped velocity row 84 IC 447 x0=0.791614 velocity_parameter=0.388 status=outer_limit: trajectory reached the configured outer_limit radius
velocity row 84/120 IC 455/599 x0=0.791671 velocity_parameter=0.388 elapsed=15.7891s written=0
  crossing 0/250
  stopped velocity row 84 IC 455 x0=0.791671 velocity_parameter=0.388 status=outer_limit: trajectory reached the configured outer_limit radius
velocity row 85/120 IC 437/599 x0=0.791542 velocity_parameter=0.404167 elapsed=15.7972s written=0
  crossing 0/250
  stopped velocity row 85 IC 437 x0=0.791542 velocity_parameter=0.404167 status=outer_limit: trajectory reached the configured outer_limit radius
velocity row 85/120 IC 447/599 x0=0.791614 velocity_parameter=0.404167 elapsed=15.8803s written=0
  crossing 0/250
  stopped velocity row 85 IC 447 x0=0.791614 velocity_parameter=0.404167 status=outer_limit: trajectory reached the configured outer_limit radius
velocity row 85/120 IC 455/599 x0=0.791671 velocity_parameter=0.404167 elapsed=15.9402s written=0
  crossing 0/250
  stopped velocity row 85 IC 455 x0=0.791671 velocity_parameter=0.404167 status=outer_limit: trajectory reached the configured outer_limit radius
velocity row 86/120 IC 437/599 x0=0.791542 velocity_parameter=0.420333 elapsed=15.9486s written=0
  crossing 0/250
  stopped velocity row 86 IC 437 x0=0.791542 velocity_parameter=0.420333 status=outer_limit: trajectory reached the configured outer_limit radius
velocity row 86/120 IC 447/599 x0=0.791614 velocity_parameter=0.420333 elapsed=16.0312s written=0
  crossing 0/250
  stopped velocity row 86 IC 447 x0=0.791614 velocity_parameter=0.420333 status=outer_limit: trajectory reached the configured outer_limit radius
velocity row 86/120 IC 455/599 x0=0.791671 velocity_parameter=0.420333 elapsed=16.0945s written=0
  crossing 0/250
  stopped velocity row 86 IC 455 x0=0.791671 velocity_parameter=0.420333 status=outer_limit: trajectory reached the configured outer_limit radius
velocity row 87/120 IC 437/599 x0=0.791542 velocity_parameter=0.4365 elapsed=16.1018s written=0
  crossing 0/250
  stopped velocity row 87 IC 437 x0=0.791542 velocity_parameter=0.4365 status=outer_limit: trajectory reached the configured outer_limit radius
velocity row 87/120 IC 447/599 x0=0.791614 velocity_parameter=0.4365 elapsed=16.1804s written=0
  crossing 0/250
  stopped velocity row 87 IC 447 x0=0.791614 velocity_parameter=0.4365 status=outer_limit: trajectory reached the configured outer_limit radius
velocity row 87/120 IC 455/599 x0=0.791671 velocity_parameter=0.4365 elapsed=16.2447s written=0
  crossing 0/250
  stopped velocity row 87 IC 455 x0=0.791671 velocity_parameter=0.4365 status=outer_limit: trajectory reached the configured outer_limit radius
velocity row 88/120 IC 437/599 x0=0.791542 velocity_parameter=0.452667 elapsed=16.2526s written=0
  crossing 0/250
  stopped velocity row 88 IC 437 x0=0.791542 velocity_parameter=0.452667 status=outer_limit: trajectory reached the configured outer_limit radius
velocity row 88/120 IC 447/599 x0=0.791614 velocity_parameter=0.452667 elapsed=16.3291s written=0
  crossing 0/250
  stopped velocity row 88 IC 447 x0=0.791614 velocity_parameter=0.452667 status=outer_limit: trajectory reached the configured outer_limit radius
velocity row 88/120 IC 455/599 x0=0.791671 velocity_parameter=0.452667 elapsed=16.3909s written=0
  crossing 0/250
  stopped velocity row 88 IC 455 x0=0.791671 velocity_parameter=0.452667 status=outer_limit: trajectory reached the configured outer_limit radius
velocity row 89/120 IC 437/599 x0=0.791542 velocity_parameter=0.468833 elapsed=16.3985s written=0
  crossing 0/250
  stopped velocity row 89 IC 437 x0=0.791542 velocity_parameter=0.468833 status=outer_limit: trajectory reached the configured outer_limit radius
velocity row 89/120 IC 447/599 x0=0.791614 velocity_parameter=0.468833 elapsed=16.4788s written=0
  crossing 0/250
  stopped velocity row 89 IC 447 x0=0.791614 velocity_parameter=0.468833 status=outer_limit: trajectory reached the configured outer_limit radius
velocity row 89/120 IC 455/599 x0=0.791671 velocity_parameter=0.468833 elapsed=16.5431s written=0
  crossing 0/250
  stopped velocity row 89 IC 455 x0=0.791671 velocity_parameter=0.468833 status=outer_limit: trajectory reached the configured outer_limit radius
velocity row 90/120 IC 437/599 x0=0.791542 velocity_parameter=0.485 elapsed=16.552s written=0
  crossing 0/250
  stopped velocity row 90 IC 437 x0=0.791542 velocity_parameter=0.485 status=outer_limit: trajectory reached the configured outer_limit radius
velocity row 90/120 IC 447/599 x0=0.791614 velocity_parameter=0.485 elapsed=16.631s written=0
  crossing 0/250
  stopped velocity row 90 IC 447 x0=0.791614 velocity_parameter=0.485 status=outer_limit: trajectory reached the configured outer_limit radius
velocity row 90/120 IC 455/599 x0=0.791671 velocity_parameter=0.485 elapsed=16.6945s written=0
  crossing 0/250
  stopped velocity row 90 IC 455 x0=0.791671 velocity_parameter=0.485 status=outer_limit: trajectory reached the configured outer_limit radius
velocity row 91/120 IC 437/599 x0=0.791542 velocity_parameter=0.501167 elapsed=16.7016s written=0
  crossing 0/250
  stopped velocity row 91 IC 437 x0=0.791542 velocity_parameter=0.501167 status=outer_limit: trajectory reached the configured outer_limit radius
velocity row 91/120 IC 447/599 x0=0.791614 velocity_parameter=0.501167 elapsed=16.7879s written=0
  crossing 0/250
  stopped velocity row 91 IC 447 x0=0.791614 velocity_parameter=0.501167 status=outer_limit: trajectory reached the configured outer_limit radius
velocity row 91/120 IC 455/599 x0=0.791671 velocity_parameter=0.501167 elapsed=16.8552s written=0
  crossing 0/250
  stopped velocity row 91 IC 455 x0=0.791671 velocity_parameter=0.501167 status=outer_limit: trajectory reached the configured outer_limit radius
velocity row 92/120 IC 437/599 x0=0.791542 velocity_parameter=0.517333 elapsed=16.8634s written=0
  crossing 0/250
  stopped velocity row 92 IC 437 x0=0.791542 velocity_parameter=0.517333 status=outer_limit: trajectory reached the configured outer_limit radius
velocity row 92/120 IC 447/599 x0=0.791614 velocity_parameter=0.517333 elapsed=16.9392s written=0
  crossing 0/250
  stopped velocity row 92 IC 447 x0=0.791614 velocity_parameter=0.517333 status=outer_limit: trajectory reached the configured outer_limit radius
velocity row 92/120 IC 455/599 x0=0.791671 velocity_parameter=0.517333 elapsed=16.9995s written=0
  crossing 0/250
  stopped velocity row 92 IC 455 x0=0.791671 velocity_parameter=0.517333 status=outer_limit: trajectory reached the configured outer_limit radius
velocity row 93/120 IC 437/599 x0=0.791542 velocity_parameter=0.5335 elapsed=17.0071s written=0
  crossing 0/250
  stopped velocity row 93 IC 437 x0=0.791542 velocity_parameter=0.5335 status=outer_limit: trajectory reached the configured outer_limit radius
velocity row 93/120 IC 447/599 x0=0.791614 velocity_parameter=0.5335 elapsed=17.0859s written=0
  crossing 0/250
  stopped velocity row 93 IC 447 x0=0.791614 velocity_parameter=0.5335 status=outer_limit: trajectory reached the configured outer_limit radius
velocity row 93/120 IC 455/599 x0=0.791671 velocity_parameter=0.5335 elapsed=17.1498s written=0
  crossing 0/250
  stopped velocity row 93 IC 455 x0=0.791671 velocity_parameter=0.5335 status=outer_limit: trajectory reached the configured outer_limit radius
velocity row 94/120 IC 437/599 x0=0.791542 velocity_parameter=0.549667 elapsed=17.1581s written=0
  crossing 0/250
  stopped velocity row 94 IC 437 x0=0.791542 velocity_parameter=0.549667 status=outer_limit: trajectory reached the configured outer_limit radius
velocity row 94/120 IC 447/599 x0=0.791614 velocity_parameter=0.549667 elapsed=17.2424s written=0
  crossing 0/250
  stopped velocity row 94 IC 447 x0=0.791614 velocity_parameter=0.549667 status=outer_limit: trajectory reached the configured outer_limit radius
velocity row 94/120 IC 455/599 x0=0.791671 velocity_parameter=0.549667 elapsed=17.3088s written=0
  crossing 0/250
  stopped velocity row 94 IC 455 x0=0.791671 velocity_parameter=0.549667 status=outer_limit: trajectory reached the configured outer_limit radius
velocity row 95/120 IC 437/599 x0=0.791542 velocity_parameter=0.565833 elapsed=17.317s written=0
  crossing 0/250
  stopped velocity row 95 IC 437 x0=0.791542 velocity_parameter=0.565833 status=outer_limit: trajectory reached the configured outer_limit radius
velocity row 95/120 IC 447/599 x0=0.791614 velocity_parameter=0.565833 elapsed=17.3949s written=0
  crossing 0/250
  stopped velocity row 95 IC 447 x0=0.791614 velocity_parameter=0.565833 status=outer_limit: trajectory reached the configured outer_limit radius
velocity row 95/120 IC 455/599 x0=0.791671 velocity_parameter=0.565833 elapsed=17.4604s written=0
  crossing 0/250
  stopped velocity row 95 IC 455 x0=0.791671 velocity_parameter=0.565833 status=outer_limit: trajectory reached the configured outer_limit radius
velocity row 96/120 IC 437/599 x0=0.791542 velocity_parameter=0.582 elapsed=17.4692s written=0
  crossing 0/250
  stopped velocity row 96 IC 437 x0=0.791542 velocity_parameter=0.582 status=outer_limit: trajectory reached the configured outer_limit radius
velocity row 96/120 IC 447/599 x0=0.791614 velocity_parameter=0.582 elapsed=17.5473s written=0
  crossing 0/250
  stopped velocity row 96 IC 447 x0=0.791614 velocity_parameter=0.582 status=outer_limit: trajectory reached the configured outer_limit radius
velocity row 96/120 IC 455/599 x0=0.791671 velocity_parameter=0.582 elapsed=17.6123s written=0
  crossing 0/250
  stopped velocity row 96 IC 455 x0=0.791671 velocity_parameter=0.582 status=outer_limit: trajectory reached the configured outer_limit radius
velocity row 97/120 IC 437/599 x0=0.791542 velocity_parameter=0.598167 elapsed=17.6196s written=0
  crossing 0/250
  stopped velocity row 97 IC 437 x0=0.791542 velocity_parameter=0.598167 status=outer_limit: trajectory reached the configured outer_limit radius
velocity row 97/120 IC 447/599 x0=0.791614 velocity_parameter=0.598167 elapsed=17.696s written=0
  crossing 0/250
  stopped velocity row 97 IC 447 x0=0.791614 velocity_parameter=0.598167 status=outer_limit: trajectory reached the configured outer_limit radius
velocity row 97/120 IC 455/599 x0=0.791671 velocity_parameter=0.598167 elapsed=17.7582s written=0
  crossing 0/250
  stopped velocity row 97 IC 455 x0=0.791671 velocity_parameter=0.598167 status=outer_limit: trajectory reached the configured outer_limit radius
velocity row 98/120 IC 437/599 x0=0.791542 velocity_parameter=0.614333 elapsed=17.765s written=0
  crossing 0/250
  stopped velocity row 98 IC 437 x0=0.791542 velocity_parameter=0.614333 status=outer_limit: trajectory reached the configured outer_limit radius
velocity row 98/120 IC 447/599 x0=0.791614 velocity_parameter=0.614333 elapsed=17.8446s written=0
  crossing 0/250
  stopped velocity row 98 IC 447 x0=0.791614 velocity_parameter=0.614333 status=outer_limit: trajectory reached the configured outer_limit radius
velocity row 98/120 IC 455/599 x0=0.791671 velocity_parameter=0.614333 elapsed=17.9091s written=0
  crossing 0/250
  stopped velocity row 98 IC 455 x0=0.791671 velocity_parameter=0.614333 status=outer_limit: trajectory reached the configured outer_limit radius
velocity row 99/120 IC 437/599 x0=0.791542 velocity_parameter=0.6305 elapsed=17.9175s written=0
  crossing 0/250
  stopped velocity row 99 IC 437 x0=0.791542 velocity_parameter=0.6305 status=outer_limit: trajectory reached the configured outer_limit radius
velocity row 99/120 IC 447/599 x0=0.791614 velocity_parameter=0.6305 elapsed=17.9974s written=0
  crossing 0/250
  stopped velocity row 99 IC 447 x0=0.791614 velocity_parameter=0.6305 status=outer_limit: trajectory reached the configured outer_limit radius
velocity row 99/120 IC 455/599 x0=0.791671 velocity_parameter=0.6305 elapsed=18.0643s written=0
  crossing 0/250
  stopped velocity row 99 IC 455 x0=0.791671 velocity_parameter=0.6305 status=outer_limit: trajectory reached the configured outer_limit radius
velocity row 100/120 IC 437/599 x0=0.791542 velocity_parameter=0.646667 elapsed=18.0708s written=0
  crossing 0/250
  stopped velocity row 100 IC 437 x0=0.791542 velocity_parameter=0.646667 status=outer_limit: trajectory reached the configured outer_limit radius
velocity row 100/120 IC 447/599 x0=0.791614 velocity_parameter=0.646667 elapsed=18.1506s written=0
  crossing 0/250
  stopped velocity row 100 IC 447 x0=0.791614 velocity_parameter=0.646667 status=outer_limit: trajectory reached the configured outer_limit radius
velocity row 100/120 IC 455/599 x0=0.791671 velocity_parameter=0.646667 elapsed=18.2138s written=0
  crossing 0/250
  stopped velocity row 100 IC 455 x0=0.791671 velocity_parameter=0.646667 status=outer_limit: trajectory reached the configured outer_limit radius
velocity row 101/120 IC 437/599 x0=0.791542 velocity_parameter=0.662833 elapsed=18.2215s written=0
  crossing 0/250
  stopped velocity row 101 IC 437 x0=0.791542 velocity_parameter=0.662833 status=outer_limit: trajectory reached the configured outer_limit radius
velocity row 101/120 IC 447/599 x0=0.791614 velocity_parameter=0.662833 elapsed=18.3004s written=0
  crossing 0/250
  stopped velocity row 101 IC 447 x0=0.791614 velocity_parameter=0.662833 status=outer_limit: trajectory reached the configured outer_limit radius
velocity row 101/120 IC 455/599 x0=0.791671 velocity_parameter=0.662833 elapsed=18.3661s written=0
  crossing 0/250
  stopped velocity row 101 IC 455 x0=0.791671 velocity_parameter=0.662833 status=outer_limit: trajectory reached the configured outer_limit radius
velocity row 102/120 IC 437/599 x0=0.791542 velocity_parameter=0.679 elapsed=18.3749s written=0
  crossing 0/250
  stopped velocity row 102 IC 437 x0=0.791542 velocity_parameter=0.679 status=outer_limit: trajectory reached the configured outer_limit radius
velocity row 102/120 IC 447/599 x0=0.791614 velocity_parameter=0.679 elapsed=18.4556s written=0
  crossing 0/250
  stopped velocity row 102 IC 447 x0=0.791614 velocity_parameter=0.679 status=outer_limit: trajectory reached the configured outer_limit radius
velocity row 102/120 IC 455/599 x0=0.791671 velocity_parameter=0.679 elapsed=18.5183s written=0
  crossing 0/250
  stopped velocity row 102 IC 455 x0=0.791671 velocity_parameter=0.679 status=outer_limit: trajectory reached the configured outer_limit radius
velocity row 103/120 IC 437/599 x0=0.791542 velocity_parameter=0.695167 elapsed=18.5267s written=0
  crossing 0/250
  stopped velocity row 103 IC 437 x0=0.791542 velocity_parameter=0.695167 status=outer_limit: trajectory reached the configured outer_limit radius
velocity row 103/120 IC 447/599 x0=0.791614 velocity_parameter=0.695167 elapsed=18.6019s written=0
  crossing 0/250
  stopped velocity row 103 IC 447 x0=0.791614 velocity_parameter=0.695167 status=outer_limit: trajectory reached the configured outer_limit radius
velocity row 103/120 IC 455/599 x0=0.791671 velocity_parameter=0.695167 elapsed=18.6586s written=0
  crossing 0/250
  stopped velocity row 103 IC 455 x0=0.791671 velocity_parameter=0.695167 status=outer_limit: trajectory reached the configured outer_limit radius
velocity row 104/120 IC 437/599 x0=0.791542 velocity_parameter=0.711333 elapsed=18.6669s written=0
  crossing 0/250
  stopped velocity row 104 IC 437 x0=0.791542 velocity_parameter=0.711333 status=outer_limit: trajectory reached the configured outer_limit radius
velocity row 104/120 IC 447/599 x0=0.791614 velocity_parameter=0.711333 elapsed=18.7348s written=0
  crossing 0/250
  stopped velocity row 104 IC 447 x0=0.791614 velocity_parameter=0.711333 status=outer_limit: trajectory reached the configured outer_limit radius
velocity row 104/120 IC 455/599 x0=0.791671 velocity_parameter=0.711333 elapsed=18.7912s written=0
  crossing 0/250
  stopped velocity row 104 IC 455 x0=0.791671 velocity_parameter=0.711333 status=outer_limit: trajectory reached the configured outer_limit radius
velocity row 105/120 IC 437/599 x0=0.791542 velocity_parameter=0.7275 elapsed=18.7966s written=0
  crossing 0/250
  stopped velocity row 105 IC 437 x0=0.791542 velocity_parameter=0.7275 status=outer_limit: trajectory reached the configured outer_limit radius
velocity row 105/120 IC 447/599 x0=0.791614 velocity_parameter=0.7275 elapsed=18.8715s written=0
  crossing 0/250
  stopped velocity row 105 IC 447 x0=0.791614 velocity_parameter=0.7275 status=outer_limit: trajectory reached the configured outer_limit radius
velocity row 105/120 IC 455/599 x0=0.791671 velocity_parameter=0.7275 elapsed=18.9265s written=0
  crossing 0/250
  stopped velocity row 105 IC 455 x0=0.791671 velocity_parameter=0.7275 status=outer_limit: trajectory reached the configured outer_limit radius
velocity row 106/120 IC 437/599 x0=0.791542 velocity_parameter=0.743667 elapsed=18.933s written=0
  crossing 0/250
  stopped velocity row 106 IC 437 x0=0.791542 velocity_parameter=0.743667 status=outer_limit: trajectory reached the configured outer_limit radius
velocity row 106/120 IC 447/599 x0=0.791614 velocity_parameter=0.743667 elapsed=18.9969s written=0
  crossing 0/250
  stopped velocity row 106 IC 447 x0=0.791614 velocity_parameter=0.743667 status=outer_limit: trajectory reached the configured outer_limit radius
velocity row 106/120 IC 455/599 x0=0.791671 velocity_parameter=0.743667 elapsed=19.056s written=0
  crossing 0/250
  stopped velocity row 106 IC 455 x0=0.791671 velocity_parameter=0.743667 status=outer_limit: trajectory reached the configured outer_limit radius
velocity row 107/120 IC 437/599 x0=0.791542 velocity_parameter=0.759833 elapsed=19.0608s written=0
  crossing 0/250
  stopped velocity row 107 IC 437 x0=0.791542 velocity_parameter=0.759833 status=outer_limit: trajectory reached the configured outer_limit radius
velocity row 107/120 IC 447/599 x0=0.791614 velocity_parameter=0.759833 elapsed=19.1322s written=0
  crossing 0/250
  stopped velocity row 107 IC 447 x0=0.791614 velocity_parameter=0.759833 status=outer_limit: trajectory reached the configured outer_limit radius
velocity row 107/120 IC 455/599 x0=0.791671 velocity_parameter=0.759833 elapsed=19.1872s written=0
  crossing 0/250
  stopped velocity row 107 IC 455 x0=0.791671 velocity_parameter=0.759833 status=outer_limit: trajectory reached the configured outer_limit radius
velocity row 108/120 IC 437/599 x0=0.791542 velocity_parameter=0.776 elapsed=19.1935s written=0
  crossing 0/250
  stopped velocity row 108 IC 437 x0=0.791542 velocity_parameter=0.776 status=outer_limit: trajectory reached the configured outer_limit radius
velocity row 108/120 IC 447/599 x0=0.791614 velocity_parameter=0.776 elapsed=19.2573s written=0
  crossing 0/250
  stopped velocity row 108 IC 447 x0=0.791614 velocity_parameter=0.776 status=outer_limit: trajectory reached the configured outer_limit radius
velocity row 108/120 IC 455/599 x0=0.791671 velocity_parameter=0.776 elapsed=19.312s written=0
  crossing 0/250
  stopped velocity row 108 IC 455 x0=0.791671 velocity_parameter=0.776 status=outer_limit: trajectory reached the configured outer_limit radius
velocity row 109/120 IC 437/599 x0=0.791542 velocity_parameter=0.792167 elapsed=19.317s written=0
  crossing 0/250
  stopped velocity row 109 IC 437 x0=0.791542 velocity_parameter=0.792167 status=outer_limit: trajectory reached the configured outer_limit radius
velocity row 109/120 IC 447/599 x0=0.791614 velocity_parameter=0.792167 elapsed=19.3738s written=0
  crossing 0/250
  stopped velocity row 109 IC 447 x0=0.791614 velocity_parameter=0.792167 status=outer_limit: trajectory reached the configured outer_limit radius
velocity row 109/120 IC 455/599 x0=0.791671 velocity_parameter=0.792167 elapsed=19.4236s written=0
  crossing 0/250
  stopped velocity row 109 IC 455 x0=0.791671 velocity_parameter=0.792167 status=outer_limit: trajectory reached the configured outer_limit radius
velocity row 110/120 IC 437/599 x0=0.791542 velocity_parameter=0.808333 elapsed=19.4318s written=0
  crossing 0/250
  stopped velocity row 110 IC 437 x0=0.791542 velocity_parameter=0.808333 status=outer_limit: trajectory reached the configured outer_limit radius
velocity row 110/120 IC 447/599 x0=0.791614 velocity_parameter=0.808333 elapsed=19.4828s written=0
  crossing 0/250
  stopped velocity row 110 IC 447 x0=0.791614 velocity_parameter=0.808333 status=outer_limit: trajectory reached the configured outer_limit radius
velocity row 110/120 IC 455/599 x0=0.791671 velocity_parameter=0.808333 elapsed=19.5268s written=0
  crossing 0/250
  stopped velocity row 110 IC 455 x0=0.791671 velocity_parameter=0.808333 status=outer_limit: trajectory reached the configured outer_limit radius
velocity row 111/120 IC 437/599 x0=0.791542 velocity_parameter=0.8245 elapsed=19.5348s written=0
  crossing 0/250
  stopped velocity row 111 IC 437 x0=0.791542 velocity_parameter=0.8245 status=outer_limit: trajectory reached the configured outer_limit radius
velocity row 111/120 IC 447/599 x0=0.791614 velocity_parameter=0.8245 elapsed=19.5885s written=0
  crossing 0/250
  stopped velocity row 111 IC 447 x0=0.791614 velocity_parameter=0.8245 status=outer_limit: trajectory reached the configured outer_limit radius
velocity row 111/120 IC 455/599 x0=0.791671 velocity_parameter=0.8245 elapsed=19.6382s written=0
  crossing 0/250
  stopped velocity row 111 IC 455 x0=0.791671 velocity_parameter=0.8245 status=outer_limit: trajectory reached the configured outer_limit radius
velocity row 112/120 IC 437/599 x0=0.791542 velocity_parameter=0.840667 elapsed=19.6462s written=0
  crossing 0/250
  stopped velocity row 112 IC 437 x0=0.791542 velocity_parameter=0.840667 status=outer_limit: trajectory reached the configured outer_limit radius
velocity row 112/120 IC 447/599 x0=0.791614 velocity_parameter=0.840667 elapsed=19.7078s written=0
  crossing 0/250
  stopped velocity row 112 IC 447 x0=0.791614 velocity_parameter=0.840667 status=outer_limit: trajectory reached the configured outer_limit radius
velocity row 112/120 IC 455/599 x0=0.791671 velocity_parameter=0.840667 elapsed=19.7534s written=0
  crossing 0/250
  stopped velocity row 112 IC 455 x0=0.791671 velocity_parameter=0.840667 status=outer_limit: trajectory reached the configured outer_limit radius
velocity row 113/120 IC 437/599 x0=0.791542 velocity_parameter=0.856833 elapsed=19.7619s written=0
  crossing 0/250
  stopped velocity row 113 IC 437 x0=0.791542 velocity_parameter=0.856833 status=outer_limit: trajectory reached the configured outer_limit radius
velocity row 113/120 IC 447/599 x0=0.791614 velocity_parameter=0.856833 elapsed=19.8084s written=0
  crossing 0/250
  stopped velocity row 113 IC 447 x0=0.791614 velocity_parameter=0.856833 status=outer_limit: trajectory reached the configured outer_limit radius
velocity row 113/120 IC 455/599 x0=0.791671 velocity_parameter=0.856833 elapsed=19.8441s written=0
  crossing 0/250
  stopped velocity row 113 IC 455 x0=0.791671 velocity_parameter=0.856833 status=outer_limit: trajectory reached the configured outer_limit radius
velocity row 114/120 IC 437/599 x0=0.791542 velocity_parameter=0.873 elapsed=19.8494s written=0
  crossing 0/250
  stopped velocity row 114 IC 437 x0=0.791542 velocity_parameter=0.873 status=outer_limit: trajectory reached the configured outer_limit radius
velocity row 114/120 IC 447/599 x0=0.791614 velocity_parameter=0.873 elapsed=19.9034s written=0
  crossing 0/250
  stopped velocity row 114 IC 447 x0=0.791614 velocity_parameter=0.873 status=outer_limit: trajectory reached the configured outer_limit radius
velocity row 114/120 IC 455/599 x0=0.791671 velocity_parameter=0.873 elapsed=19.9435s written=0
  crossing 0/250
  stopped velocity row 114 IC 455 x0=0.791671 velocity_parameter=0.873 status=outer_limit: trajectory reached the configured outer_limit radius
velocity row 115/120 IC 437/599 x0=0.791542 velocity_parameter=0.889167 elapsed=19.9483s written=0
  crossing 0/250
  stopped velocity row 115 IC 437 x0=0.791542 velocity_parameter=0.889167 status=outer_limit: trajectory reached the configured outer_limit radius
velocity row 115/120 IC 447/599 x0=0.791614 velocity_parameter=0.889167 elapsed=20.0075s written=0
  crossing 0/250
  stopped velocity row 115 IC 447 x0=0.791614 velocity_parameter=0.889167 status=outer_limit: trajectory reached the configured outer_limit radius
velocity row 115/120 IC 455/599 x0=0.791671 velocity_parameter=0.889167 elapsed=20.0447s written=0
  crossing 0/250
  stopped velocity row 115 IC 455 x0=0.791671 velocity_parameter=0.889167 status=outer_limit: trajectory reached the configured outer_limit radius
velocity row 116/120 IC 437/599 x0=0.791542 velocity_parameter=0.905333 elapsed=20.0496s written=0
  crossing 0/250
  stopped velocity row 116 IC 437 x0=0.791542 velocity_parameter=0.905333 status=outer_limit: trajectory reached the configured outer_limit radius
velocity row 116/120 IC 447/599 x0=0.791614 velocity_parameter=0.905333 elapsed=20.0953s written=0
  crossing 0/250
  stopped velocity row 116 IC 447 x0=0.791614 velocity_parameter=0.905333 status=outer_limit: trajectory reached the configured outer_limit radius
velocity row 116/120 IC 455/599 x0=0.791671 velocity_parameter=0.905333 elapsed=20.1372s written=0
  crossing 0/250
  stopped velocity row 116 IC 455 x0=0.791671 velocity_parameter=0.905333 status=outer_limit: trajectory reached the configured outer_limit radius
velocity row 117/120 IC 437/599 x0=0.791542 velocity_parameter=0.9215 elapsed=20.1452s written=0
  crossing 0/250
  stopped velocity row 117 IC 437 x0=0.791542 velocity_parameter=0.9215 status=outer_limit: trajectory reached the configured outer_limit radius
velocity row 117/120 IC 447/599 x0=0.791614 velocity_parameter=0.9215 elapsed=20.2053s written=0
  crossing 0/250
  stopped velocity row 117 IC 447 x0=0.791614 velocity_parameter=0.9215 status=outer_limit: trajectory reached the configured outer_limit radius
velocity row 117/120 IC 455/599 x0=0.791671 velocity_parameter=0.9215 elapsed=20.2515s written=0
  crossing 0/250
  stopped velocity row 117 IC 455 x0=0.791671 velocity_parameter=0.9215 status=outer_limit: trajectory reached the configured outer_limit radius
velocity row 118/120 IC 437/599 x0=0.791542 velocity_parameter=0.937667 elapsed=20.2589s written=0
  crossing 0/250
  stopped velocity row 118 IC 437 x0=0.791542 velocity_parameter=0.937667 status=outer_limit: trajectory reached the configured outer_limit radius
velocity row 118/120 IC 447/599 x0=0.791614 velocity_parameter=0.937667 elapsed=20.308s written=0
  crossing 0/250
  stopped velocity row 118 IC 447 x0=0.791614 velocity_parameter=0.937667 status=outer_limit: trajectory reached the configured outer_limit radius
velocity row 118/120 IC 455/599 x0=0.791671 velocity_parameter=0.937667 elapsed=20.3513s written=0
  crossing 0/250
  stopped velocity row 118 IC 455 x0=0.791671 velocity_parameter=0.937667 status=outer_limit: trajectory reached the configured outer_limit radius
velocity row 119/120 IC 437/599 x0=0.791542 velocity_parameter=0.953833 elapsed=20.3592s written=0
  crossing 0/250
  stopped velocity row 119 IC 437 x0=0.791542 velocity_parameter=0.953833 status=outer_limit: trajectory reached the configured outer_limit radius
velocity row 119/120 IC 447/599 x0=0.791614 velocity_parameter=0.953833 elapsed=20.4223s written=0
  crossing 0/250
  stopped velocity row 119 IC 447 x0=0.791614 velocity_parameter=0.953833 status=outer_limit: trajectory reached the configured outer_limit radius
velocity row 119/120 IC 455/599 x0=0.791671 velocity_parameter=0.953833 elapsed=20.4598s written=0
  crossing 0/250
  stopped velocity row 119 IC 455 x0=0.791671 velocity_parameter=0.953833 status=outer_limit: trajectory reached the configured outer_limit radius
velocity row 120/120 IC 437/599 x0=0.791542 velocity_parameter=0.97 elapsed=20.4642s written=0
  crossing 0/250
  stopped velocity row 120 IC 437 x0=0.791542 velocity_parameter=0.97 status=outer_limit: trajectory reached the configured outer_limit radius
velocity row 120/120 IC 447/599 x0=0.791614 velocity_parameter=0.97 elapsed=20.5148s written=0
  crossing 0/250
  stopped velocity row 120 IC 447 x0=0.791614 velocity_parameter=0.97 status=outer_limit: trajectory reached the configured outer_limit radius
velocity row 120/120 IC 455/599 x0=0.791671 velocity_parameter=0.97 elapsed=20.5563s written=0
  crossing 0/250
  stopped velocity row 120 IC 455 x0=0.791671 velocity_parameter=0.97 status=outer_limit: trajectory reached the configured outer_limit radius
metadata -> /mnt/c/Users/payne/Code/Hill_4BP/professional_neck_studies/e1_dense_001/survey/level_004_delta_1e_minus_6/closed/shard_0023/metadata.txt
wrote 0 points (0 ICs skipped, 2299 orbits stopped early, elapsed=20.5607s) -> /mnt/c/Users/payne/Code/Hill_4BP/professional_neck_studies/e1_dense_001/survey/level_004_delta_1e_minus_6/closed/shard_0023/points.csv
outcomes: collision=0 completed=0 forbidden=0 inner_radius_limit=0 invalid_initial_radius=0 invalid_velocity=0 nontransverse=0 numerical_failure=0 outer_limit=2299 timeout=0
maximum sampled |H-h|=4.47733e-16
