zero-velocity boundary -> /mnt/c/Users/payne/Code/Hill_4BP/professional_neck_studies/e1_dense_001/survey/level_000_delta_1e_minus_2/closed/shard_0025/zero_velocity_boundary.csv
lambda1=0.0272549 lambda2=2.97275 A=-0.986373 B=0.486373 c=0.0976566 c1=0 c2=0 c3=-0.0976566 h=-2.40154 (C=4.80307)
E1/E2 neck h=-2.39154 (C=4.78307), E3/E4 neck h=-0.454039 (C=0.908078)
energy_mode=neck_delta neck=E1 hcrit=-2.39154 delta=0.01 side=closed actual_neck_side=closed delta_h=-0.01
x_count=600 xdot_count=121 iterates=250 index range=[474,491] velocity_mode=fraction x_range=[0.575546,1.00556] max_return_time=100
smooth coordinates R=sqrt(rho), CAPD crossing mode=Both solver_order=28 max_step=0.005 abs_tol=1e-15 rel_tol=1e-13 collision_radius=1e-06 outer_radius=5
velocity row 0/120 IC 474/599 x0=0.915827 velocity_parameter=-0.97 elapsed=1.71e-07s written=0
  crossing 0/250
  stopped velocity row 0 IC 474 x0=0.915827 velocity_parameter=-0.97 status=outer_limit: trajectory reached the configured outer_limit radius
  stopped velocity row 0 IC 475 x0=0.916545 velocity_parameter=-0.97 status=outer_limit: trajectory reached the configured outer_limit radius
  stopped velocity row 0 IC 476 x0=0.917263 velocity_parameter=-0.97 status=outer_limit: trajectory reached the configured outer_limit radius
  stopped velocity row 0 IC 477 x0=0.917981 velocity_parameter=-0.97 status=outer_limit: trajectory reached the configured outer_limit radius
  stopped velocity row 0 IC 478 x0=0.918698 velocity_parameter=-0.97 status=outer_limit: trajectory reached the configured outer_limit radius
  stopped velocity row 0 IC 479 x0=0.919416 velocity_parameter=-0.97 status=outer_limit: trajectory reached the configured outer_limit radius
  stopped velocity row 0 IC 480 x0=0.920134 velocity_parameter=-0.97 status=outer_limit: trajectory reached the configured outer_limit radius
  stopped velocity row 0 IC 481 x0=0.920852 velocity_parameter=-0.97 status=outer_limit: trajectory reached the configured outer_limit radius
  stopped velocity row 0 IC 482 x0=0.92157 velocity_parameter=-0.97 status=outer_limit: trajectory reached the configured outer_limit radius
  stopped velocity row 0 IC 483 x0=0.922288 velocity_parameter=-0.97 status=outer_limit: trajectory reached the configured outer_limit radius
velocity row 0/120 IC 484/599 x0=0.923006 velocity_parameter=-0.97 elapsed=0.0606525s written=0
  crossing 0/250
  stopped velocity row 0 IC 484 x0=0.923006 velocity_parameter=-0.97 status=outer_limit: trajectory reached the configured outer_limit radius
velocity row 0/120 IC 491/599 x0=0.928031 velocity_parameter=-0.97 elapsed=0.0974053s written=0
  crossing 0/250
  stopped velocity row 0 IC 491 x0=0.928031 velocity_parameter=-0.97 status=outer_limit: trajectory reached the configured outer_limit radius
velocity row 1/120 IC 474/599 x0=0.915827 velocity_parameter=-0.953833 elapsed=0.10628s written=0
  crossing 0/250
  stopped velocity row 1 IC 474 x0=0.915827 velocity_parameter=-0.953833 status=outer_limit: trajectory reached the configured outer_limit radius
velocity row 1/120 IC 484/599 x0=0.923006 velocity_parameter=-0.953833 elapsed=0.15851s written=0
  crossing 0/250
  stopped velocity row 1 IC 484 x0=0.923006 velocity_parameter=-0.953833 status=outer_limit: trajectory reached the configured outer_limit radius
velocity row 1/120 IC 491/599 x0=0.928031 velocity_parameter=-0.953833 elapsed=0.191489s written=0
  crossing 0/250
  stopped velocity row 1 IC 491 x0=0.928031 velocity_parameter=-0.953833 status=outer_limit: trajectory reached the configured outer_limit radius
velocity row 2/120 IC 474/599 x0=0.915827 velocity_parameter=-0.937667 elapsed=0.19748s written=0
  crossing 0/250
  stopped velocity row 2 IC 474 x0=0.915827 velocity_parameter=-0.937667 status=outer_limit: trajectory reached the configured outer_limit radius
velocity row 2/120 IC 484/599 x0=0.923006 velocity_parameter=-0.937667 elapsed=0.250395s written=0
  crossing 0/250
  stopped velocity row 2 IC 484 x0=0.923006 velocity_parameter=-0.937667 status=outer_limit: trajectory reached the configured outer_limit radius
velocity row 2/120 IC 491/599 x0=0.928031 velocity_parameter=-0.937667 elapsed=0.282936s written=0
  crossing 0/250
  stopped velocity row 2 IC 491 x0=0.928031 velocity_parameter=-0.937667 status=outer_limit: trajectory reached the configured outer_limit radius
velocity row 3/120 IC 474/599 x0=0.915827 velocity_parameter=-0.9215 elapsed=0.287716s written=0
  crossing 0/250
  stopped velocity row 3 IC 474 x0=0.915827 velocity_parameter=-0.9215 status=outer_limit: trajectory reached the configured outer_limit radius
velocity row 3/120 IC 484/599 x0=0.923006 velocity_parameter=-0.9215 elapsed=0.332924s written=0
  crossing 0/250
  stopped velocity row 3 IC 484 x0=0.923006 velocity_parameter=-0.9215 status=outer_limit: trajectory reached the configured outer_limit radius
velocity row 3/120 IC 491/599 x0=0.928031 velocity_parameter=-0.9215 elapsed=0.365462s written=0
  crossing 0/250
  stopped velocity row 3 IC 491 x0=0.928031 velocity_parameter=-0.9215 status=outer_limit: trajectory reached the configured outer_limit radius
velocity row 4/120 IC 474/599 x0=0.915827 velocity_parameter=-0.905333 elapsed=0.369447s written=0
  crossing 0/250
  stopped velocity row 4 IC 474 x0=0.915827 velocity_parameter=-0.905333 status=outer_limit: trajectory reached the configured outer_limit radius
velocity row 4/120 IC 484/599 x0=0.923006 velocity_parameter=-0.905333 elapsed=0.423377s written=0
  crossing 0/250
  stopped velocity row 4 IC 484 x0=0.923006 velocity_parameter=-0.905333 status=outer_limit: trajectory reached the configured outer_limit radius
velocity row 4/120 IC 491/599 x0=0.928031 velocity_parameter=-0.905333 elapsed=0.469425s written=0
  crossing 0/250
  stopped velocity row 4 IC 491 x0=0.928031 velocity_parameter=-0.905333 status=outer_limit: trajectory reached the configured outer_limit radius
velocity row 5/120 IC 474/599 x0=0.915827 velocity_parameter=-0.889167 elapsed=0.475451s written=0
  crossing 0/250
  stopped velocity row 5 IC 474 x0=0.915827 velocity_parameter=-0.889167 status=outer_limit: trajectory reached the configured outer_limit radius
velocity row 5/120 IC 484/599 x0=0.923006 velocity_parameter=-0.889167 elapsed=0.523476s written=0
  crossing 0/250
  stopped velocity row 5 IC 484 x0=0.923006 velocity_parameter=-0.889167 status=outer_limit: trajectory reached the configured outer_limit radius
velocity row 5/120 IC 491/599 x0=0.928031 velocity_parameter=-0.889167 elapsed=0.556097s written=0
  crossing 0/250
  stopped velocity row 5 IC 491 x0=0.928031 velocity_parameter=-0.889167 status=outer_limit: trajectory reached the configured outer_limit radius
velocity row 6/120 IC 474/599 x0=0.915827 velocity_parameter=-0.873 elapsed=0.56106s written=0
  crossing 0/250
  stopped velocity row 6 IC 474 x0=0.915827 velocity_parameter=-0.873 status=outer_limit: trajectory reached the configured outer_limit radius
velocity row 6/120 IC 484/599 x0=0.923006 velocity_parameter=-0.873 elapsed=0.607062s written=0
  crossing 0/250
  stopped velocity row 6 IC 484 x0=0.923006 velocity_parameter=-0.873 status=outer_limit: trajectory reached the configured outer_limit radius
velocity row 6/120 IC 491/599 x0=0.928031 velocity_parameter=-0.873 elapsed=0.640673s written=0
  crossing 0/250
  stopped velocity row 6 IC 491 x0=0.928031 velocity_parameter=-0.873 status=outer_limit: trajectory reached the configured outer_limit radius
velocity row 7/120 IC 474/599 x0=0.915827 velocity_parameter=-0.856833 elapsed=0.649675s written=0
  crossing 0/250
  stopped velocity row 7 IC 474 x0=0.915827 velocity_parameter=-0.856833 status=outer_limit: trajectory reached the configured outer_limit radius
velocity row 7/120 IC 484/599 x0=0.923006 velocity_parameter=-0.856833 elapsed=0.695359s written=0
  crossing 0/250
  stopped velocity row 7 IC 484 x0=0.923006 velocity_parameter=-0.856833 status=outer_limit: trajectory reached the configured outer_limit radius
velocity row 7/120 IC 491/599 x0=0.928031 velocity_parameter=-0.856833 elapsed=0.723454s written=0
  crossing 0/250
  stopped velocity row 7 IC 491 x0=0.928031 velocity_parameter=-0.856833 status=outer_limit: trajectory reached the configured outer_limit radius
velocity row 8/120 IC 474/599 x0=0.915827 velocity_parameter=-0.840667 elapsed=0.729916s written=0
  crossing 0/250
  stopped velocity row 8 IC 474 x0=0.915827 velocity_parameter=-0.840667 status=outer_limit: trajectory reached the configured outer_limit radius
velocity row 8/120 IC 484/599 x0=0.923006 velocity_parameter=-0.840667 elapsed=0.776555s written=0
  crossing 0/250
  stopped velocity row 8 IC 484 x0=0.923006 velocity_parameter=-0.840667 status=outer_limit: trajectory reached the configured outer_limit radius
velocity row 8/120 IC 491/599 x0=0.928031 velocity_parameter=-0.840667 elapsed=0.810678s written=0
  crossing 0/250
  stopped velocity row 8 IC 491 x0=0.928031 velocity_parameter=-0.840667 status=outer_limit: trajectory reached the configured outer_limit radius
velocity row 9/120 IC 474/599 x0=0.915827 velocity_parameter=-0.8245 elapsed=0.814254s written=0
  crossing 0/250
  stopped velocity row 9 IC 474 x0=0.915827 velocity_parameter=-0.8245 status=outer_limit: trajectory reached the configured outer_limit radius
velocity row 9/120 IC 484/599 x0=0.923006 velocity_parameter=-0.8245 elapsed=0.861032s written=0
  crossing 0/250
  stopped velocity row 9 IC 484 x0=0.923006 velocity_parameter=-0.8245 status=outer_limit: trajectory reached the configured outer_limit radius
velocity row 9/120 IC 491/599 x0=0.928031 velocity_parameter=-0.8245 elapsed=0.892747s written=0
  crossing 0/250
  stopped velocity row 9 IC 491 x0=0.928031 velocity_parameter=-0.8245 status=outer_limit: trajectory reached the configured outer_limit radius
velocity row 10/120 IC 474/599 x0=0.915827 velocity_parameter=-0.808333 elapsed=0.896832s written=0
  crossing 0/250
  stopped velocity row 10 IC 474 x0=0.915827 velocity_parameter=-0.808333 status=outer_limit: trajectory reached the configured outer_limit radius
velocity row 10/120 IC 484/599 x0=0.923006 velocity_parameter=-0.808333 elapsed=0.947505s written=0
  crossing 0/250
  stopped velocity row 10 IC 484 x0=0.923006 velocity_parameter=-0.808333 status=outer_limit: trajectory reached the configured outer_limit radius
velocity row 10/120 IC 491/599 x0=0.928031 velocity_parameter=-0.808333 elapsed=0.976431s written=0
  crossing 0/250
  stopped velocity row 10 IC 491 x0=0.928031 velocity_parameter=-0.808333 status=outer_limit: trajectory reached the configured outer_limit radius
velocity row 11/120 IC 474/599 x0=0.915827 velocity_parameter=-0.792167 elapsed=0.980747s written=0
  crossing 0/250
  stopped velocity row 11 IC 474 x0=0.915827 velocity_parameter=-0.792167 status=outer_limit: trajectory reached the configured outer_limit radius
velocity row 11/120 IC 484/599 x0=0.923006 velocity_parameter=-0.792167 elapsed=1.02371s written=0
  crossing 0/250
  stopped velocity row 11 IC 484 x0=0.923006 velocity_parameter=-0.792167 status=outer_limit: trajectory reached the configured outer_limit radius
velocity row 11/120 IC 491/599 x0=0.928031 velocity_parameter=-0.792167 elapsed=1.0548s written=0
  crossing 0/250
  stopped velocity row 11 IC 491 x0=0.928031 velocity_parameter=-0.792167 status=outer_limit: trajectory reached the configured outer_limit radius
velocity row 12/120 IC 474/599 x0=0.915827 velocity_parameter=-0.776 elapsed=1.05864s written=0
  crossing 0/250
  stopped velocity row 12 IC 474 x0=0.915827 velocity_parameter=-0.776 status=outer_limit: trajectory reached the configured outer_limit radius
velocity row 12/120 IC 484/599 x0=0.923006 velocity_parameter=-0.776 elapsed=1.10283s written=0
  crossing 0/250
  stopped velocity row 12 IC 484 x0=0.923006 velocity_parameter=-0.776 status=outer_limit: trajectory reached the configured outer_limit radius
velocity row 12/120 IC 491/599 x0=0.928031 velocity_parameter=-0.776 elapsed=1.13587s written=0
  crossing 0/250
  stopped velocity row 12 IC 491 x0=0.928031 velocity_parameter=-0.776 status=outer_limit: trajectory reached the configured outer_limit radius
velocity row 13/120 IC 474/599 x0=0.915827 velocity_parameter=-0.759833 elapsed=1.14188s written=0
  crossing 0/250
  stopped velocity row 13 IC 474 x0=0.915827 velocity_parameter=-0.759833 status=outer_limit: trajectory reached the configured outer_limit radius
velocity row 13/120 IC 484/599 x0=0.923006 velocity_parameter=-0.759833 elapsed=1.18209s written=0
  crossing 0/250
  stopped velocity row 13 IC 484 x0=0.923006 velocity_parameter=-0.759833 status=outer_limit: trajectory reached the configured outer_limit radius
velocity row 13/120 IC 491/599 x0=0.928031 velocity_parameter=-0.759833 elapsed=1.217s written=0
  crossing 0/250
  stopped velocity row 13 IC 491 x0=0.928031 velocity_parameter=-0.759833 status=outer_limit: trajectory reached the configured outer_limit radius
velocity row 14/120 IC 474/599 x0=0.915827 velocity_parameter=-0.743667 elapsed=1.2208s written=0
  crossing 0/250
  stopped velocity row 14 IC 474 x0=0.915827 velocity_parameter=-0.743667 status=outer_limit: trajectory reached the configured outer_limit radius
velocity row 14/120 IC 484/599 x0=0.923006 velocity_parameter=-0.743667 elapsed=1.26717s written=0
  crossing 0/250
  stopped velocity row 14 IC 484 x0=0.923006 velocity_parameter=-0.743667 status=outer_limit: trajectory reached the configured outer_limit radius
velocity row 14/120 IC 491/599 x0=0.928031 velocity_parameter=-0.743667 elapsed=1.29428s written=0
  crossing 0/250
  stopped velocity row 14 IC 491 x0=0.928031 velocity_parameter=-0.743667 status=outer_limit: trajectory reached the configured outer_limit radius
velocity row 15/120 IC 474/599 x0=0.915827 velocity_parameter=-0.7275 elapsed=1.29854s written=0
  crossing 0/250
  stopped velocity row 15 IC 474 x0=0.915827 velocity_parameter=-0.7275 status=outer_limit: trajectory reached the configured outer_limit radius
velocity row 15/120 IC 484/599 x0=0.923006 velocity_parameter=-0.7275 elapsed=1.33893s written=0
  crossing 0/250
  stopped velocity row 15 IC 484 x0=0.923006 velocity_parameter=-0.7275 status=outer_limit: trajectory reached the configured outer_limit radius
velocity row 15/120 IC 491/599 x0=0.928031 velocity_parameter=-0.7275 elapsed=1.36756s written=0
  crossing 0/250
  stopped velocity row 15 IC 491 x0=0.928031 velocity_parameter=-0.7275 status=outer_limit: trajectory reached the configured outer_limit radius
velocity row 16/120 IC 474/599 x0=0.915827 velocity_parameter=-0.711333 elapsed=1.37126s written=0
  crossing 0/250
  stopped velocity row 16 IC 474 x0=0.915827 velocity_parameter=-0.711333 status=outer_limit: trajectory reached the configured outer_limit radius
velocity row 16/120 IC 484/599 x0=0.923006 velocity_parameter=-0.711333 elapsed=1.41375s written=0
  crossing 0/250
  stopped velocity row 16 IC 484 x0=0.923006 velocity_parameter=-0.711333 status=outer_limit: trajectory reached the configured outer_limit radius
velocity row 16/120 IC 491/599 x0=0.928031 velocity_parameter=-0.711333 elapsed=1.44611s written=0
  crossing 0/250
  stopped velocity row 16 IC 491 x0=0.928031 velocity_parameter=-0.711333 status=outer_limit: trajectory reached the configured outer_limit radius
velocity row 17/120 IC 474/599 x0=0.915827 velocity_parameter=-0.695167 elapsed=1.44907s written=0
  crossing 0/250
  stopped velocity row 17 IC 474 x0=0.915827 velocity_parameter=-0.695167 status=outer_limit: trajectory reached the configured outer_limit radius
velocity row 17/120 IC 484/599 x0=0.923006 velocity_parameter=-0.695167 elapsed=1.49493s written=0
  crossing 0/250
  stopped velocity row 17 IC 484 x0=0.923006 velocity_parameter=-0.695167 status=outer_limit: trajectory reached the configured outer_limit radius
velocity row 17/120 IC 491/599 x0=0.928031 velocity_parameter=-0.695167 elapsed=1.524s written=0
  crossing 0/250
  stopped velocity row 17 IC 491 x0=0.928031 velocity_parameter=-0.695167 status=outer_limit: trajectory reached the configured outer_limit radius
velocity row 18/120 IC 474/599 x0=0.915827 velocity_parameter=-0.679 elapsed=1.52864s written=0
  crossing 0/250
  stopped velocity row 18 IC 474 x0=0.915827 velocity_parameter=-0.679 status=outer_limit: trajectory reached the configured outer_limit radius
velocity row 18/120 IC 484/599 x0=0.923006 velocity_parameter=-0.679 elapsed=1.57259s written=0
  crossing 0/250
  stopped velocity row 18 IC 484 x0=0.923006 velocity_parameter=-0.679 status=outer_limit: trajectory reached the configured outer_limit radius
velocity row 18/120 IC 491/599 x0=0.928031 velocity_parameter=-0.679 elapsed=1.60657s written=0
  crossing 0/250
  stopped velocity row 18 IC 491 x0=0.928031 velocity_parameter=-0.679 status=outer_limit: trajectory reached the configured outer_limit radius
velocity row 19/120 IC 474/599 x0=0.915827 velocity_parameter=-0.662833 elapsed=1.61031s written=0
  crossing 0/250
  stopped velocity row 19 IC 474 x0=0.915827 velocity_parameter=-0.662833 status=outer_limit: trajectory reached the configured outer_limit radius
velocity row 19/120 IC 484/599 x0=0.923006 velocity_parameter=-0.662833 elapsed=1.65242s written=0
  crossing 0/250
  stopped velocity row 19 IC 484 x0=0.923006 velocity_parameter=-0.662833 status=outer_limit: trajectory reached the configured outer_limit radius
velocity row 19/120 IC 491/599 x0=0.928031 velocity_parameter=-0.662833 elapsed=1.68448s written=0
  crossing 0/250
  stopped velocity row 19 IC 491 x0=0.928031 velocity_parameter=-0.662833 status=outer_limit: trajectory reached the configured outer_limit radius
velocity row 20/120 IC 474/599 x0=0.915827 velocity_parameter=-0.646667 elapsed=1.68964s written=0
  crossing 0/250
  stopped velocity row 20 IC 474 x0=0.915827 velocity_parameter=-0.646667 status=outer_limit: trajectory reached the configured outer_limit radius
velocity row 20/120 IC 484/599 x0=0.923006 velocity_parameter=-0.646667 elapsed=1.7306s written=0
  crossing 0/250
  stopped velocity row 20 IC 484 x0=0.923006 velocity_parameter=-0.646667 status=outer_limit: trajectory reached the configured outer_limit radius
velocity row 20/120 IC 491/599 x0=0.928031 velocity_parameter=-0.646667 elapsed=1.75873s written=0
  crossing 0/250
  stopped velocity row 20 IC 491 x0=0.928031 velocity_parameter=-0.646667 status=outer_limit: trajectory reached the configured outer_limit radius
velocity row 21/120 IC 474/599 x0=0.915827 velocity_parameter=-0.6305 elapsed=1.76383s written=0
  crossing 0/250
  stopped velocity row 21 IC 474 x0=0.915827 velocity_parameter=-0.6305 status=outer_limit: trajectory reached the configured outer_limit radius
velocity row 21/120 IC 484/599 x0=0.923006 velocity_parameter=-0.6305 elapsed=1.80773s written=0
  crossing 0/250
  stopped velocity row 21 IC 484 x0=0.923006 velocity_parameter=-0.6305 status=outer_limit: trajectory reached the configured outer_limit radius
velocity row 21/120 IC 491/599 x0=0.928031 velocity_parameter=-0.6305 elapsed=1.84127s written=0
  crossing 0/250
  stopped velocity row 21 IC 491 x0=0.928031 velocity_parameter=-0.6305 status=outer_limit: trajectory reached the configured outer_limit radius
velocity row 22/120 IC 474/599 x0=0.915827 velocity_parameter=-0.614333 elapsed=1.84533s written=0
  crossing 0/250
  stopped velocity row 22 IC 474 x0=0.915827 velocity_parameter=-0.614333 status=outer_limit: trajectory reached the configured outer_limit radius
velocity row 22/120 IC 484/599 x0=0.923006 velocity_parameter=-0.614333 elapsed=1.88615s written=0
  crossing 0/250
  stopped velocity row 22 IC 484 x0=0.923006 velocity_parameter=-0.614333 status=outer_limit: trajectory reached the configured outer_limit radius
velocity row 22/120 IC 491/599 x0=0.928031 velocity_parameter=-0.614333 elapsed=1.91318s written=0
  crossing 0/250
  stopped velocity row 22 IC 491 x0=0.928031 velocity_parameter=-0.614333 status=outer_limit: trajectory reached the configured outer_limit radius
velocity row 23/120 IC 474/599 x0=0.915827 velocity_parameter=-0.598167 elapsed=1.9159s written=0
  crossing 0/250
  stopped velocity row 23 IC 474 x0=0.915827 velocity_parameter=-0.598167 status=outer_limit: trajectory reached the configured outer_limit radius
velocity row 23/120 IC 484/599 x0=0.923006 velocity_parameter=-0.598167 elapsed=1.95475s written=0
  crossing 0/250
  stopped velocity row 23 IC 484 x0=0.923006 velocity_parameter=-0.598167 status=outer_limit: trajectory reached the configured outer_limit radius
velocity row 23/120 IC 491/599 x0=0.928031 velocity_parameter=-0.598167 elapsed=1.98674s written=0
  crossing 0/250
  stopped velocity row 23 IC 491 x0=0.928031 velocity_parameter=-0.598167 status=outer_limit: trajectory reached the configured outer_limit radius
velocity row 24/120 IC 474/599 x0=0.915827 velocity_parameter=-0.582 elapsed=1.99213s written=0
  crossing 0/250
  stopped velocity row 24 IC 474 x0=0.915827 velocity_parameter=-0.582 status=outer_limit: trajectory reached the configured outer_limit radius
velocity row 24/120 IC 484/599 x0=0.923006 velocity_parameter=-0.582 elapsed=2.03471s written=0
  crossing 0/250
  stopped velocity row 24 IC 484 x0=0.923006 velocity_parameter=-0.582 status=outer_limit: trajectory reached the configured outer_limit radius
velocity row 24/120 IC 491/599 x0=0.928031 velocity_parameter=-0.582 elapsed=2.07025s written=0
  crossing 0/250
  stopped velocity row 24 IC 491 x0=0.928031 velocity_parameter=-0.582 status=outer_limit: trajectory reached the configured outer_limit radius
velocity row 25/120 IC 474/599 x0=0.915827 velocity_parameter=-0.565833 elapsed=2.07889s written=0
  crossing 0/250
  stopped velocity row 25 IC 474 x0=0.915827 velocity_parameter=-0.565833 status=outer_limit: trajectory reached the configured outer_limit radius
velocity row 25/120 IC 484/599 x0=0.923006 velocity_parameter=-0.565833 elapsed=2.12388s written=0
  crossing 0/250
  stopped velocity row 25 IC 484 x0=0.923006 velocity_parameter=-0.565833 status=outer_limit: trajectory reached the configured outer_limit radius
velocity row 25/120 IC 491/599 x0=0.928031 velocity_parameter=-0.565833 elapsed=2.15652s written=0
  crossing 0/250
  stopped velocity row 25 IC 491 x0=0.928031 velocity_parameter=-0.565833 status=outer_limit: trajectory reached the configured outer_limit radius
velocity row 26/120 IC 474/599 x0=0.915827 velocity_parameter=-0.549667 elapsed=2.16271s written=0
  crossing 0/250
  stopped velocity row 26 IC 474 x0=0.915827 velocity_parameter=-0.549667 status=outer_limit: trajectory reached the configured outer_limit radius
velocity row 26/120 IC 484/599 x0=0.923006 velocity_parameter=-0.549667 elapsed=2.19755s written=0
  crossing 0/250
  stopped velocity row 26 IC 484 x0=0.923006 velocity_parameter=-0.549667 status=outer_limit: trajectory reached the configured outer_limit radius
velocity row 26/120 IC 491/599 x0=0.928031 velocity_parameter=-0.549667 elapsed=2.22718s written=0
  crossing 0/250
  stopped velocity row 26 IC 491 x0=0.928031 velocity_parameter=-0.549667 status=outer_limit: trajectory reached the configured outer_limit radius
velocity row 27/120 IC 474/599 x0=0.915827 velocity_parameter=-0.5335 elapsed=2.23213s written=0
  crossing 0/250
  stopped velocity row 27 IC 474 x0=0.915827 velocity_parameter=-0.5335 status=outer_limit: trajectory reached the configured outer_limit radius
velocity row 27/120 IC 484/599 x0=0.923006 velocity_parameter=-0.5335 elapsed=2.26908s written=0
  crossing 0/250
  stopped velocity row 27 IC 484 x0=0.923006 velocity_parameter=-0.5335 status=outer_limit: trajectory reached the configured outer_limit radius
velocity row 27/120 IC 491/599 x0=0.928031 velocity_parameter=-0.5335 elapsed=2.29589s written=0
  crossing 0/250
  stopped velocity row 27 IC 491 x0=0.928031 velocity_parameter=-0.5335 status=outer_limit: trajectory reached the configured outer_limit radius
velocity row 28/120 IC 474/599 x0=0.915827 velocity_parameter=-0.517333 elapsed=2.29966s written=0
  crossing 0/250
  stopped velocity row 28 IC 474 x0=0.915827 velocity_parameter=-0.517333 status=outer_limit: trajectory reached the configured outer_limit radius
velocity row 28/120 IC 484/599 x0=0.923006 velocity_parameter=-0.517333 elapsed=2.34062s written=0
  crossing 0/250
  stopped velocity row 28 IC 484 x0=0.923006 velocity_parameter=-0.517333 status=outer_limit: trajectory reached the configured outer_limit radius
velocity row 28/120 IC 491/599 x0=0.928031 velocity_parameter=-0.517333 elapsed=2.37037s written=0
  crossing 0/250
  stopped velocity row 28 IC 491 x0=0.928031 velocity_parameter=-0.517333 status=outer_limit: trajectory reached the configured outer_limit radius
velocity row 29/120 IC 474/599 x0=0.915827 velocity_parameter=-0.501167 elapsed=2.37441s written=0
  crossing 0/250
  stopped velocity row 29 IC 474 x0=0.915827 velocity_parameter=-0.501167 status=outer_limit: trajectory reached the configured outer_limit radius
velocity row 29/120 IC 484/599 x0=0.923006 velocity_parameter=-0.501167 elapsed=2.4214s written=0
  crossing 0/250
  stopped velocity row 29 IC 484 x0=0.923006 velocity_parameter=-0.501167 status=outer_limit: trajectory reached the configured outer_limit radius
velocity row 29/120 IC 491/599 x0=0.928031 velocity_parameter=-0.501167 elapsed=2.44847s written=0
  crossing 0/250
  stopped velocity row 29 IC 491 x0=0.928031 velocity_parameter=-0.501167 status=outer_limit: trajectory reached the configured outer_limit radius
velocity row 30/120 IC 474/599 x0=0.915827 velocity_parameter=-0.485 elapsed=2.45293s written=0
  crossing 0/250
  stopped velocity row 30 IC 474 x0=0.915827 velocity_parameter=-0.485 status=outer_limit: trajectory reached the configured outer_limit radius
velocity row 30/120 IC 484/599 x0=0.923006 velocity_parameter=-0.485 elapsed=2.49386s written=0
  crossing 0/250
  stopped velocity row 30 IC 484 x0=0.923006 velocity_parameter=-0.485 status=outer_limit: trajectory reached the configured outer_limit radius
velocity row 30/120 IC 491/599 x0=0.928031 velocity_parameter=-0.485 elapsed=2.52386s written=0
  crossing 0/250
  stopped velocity row 30 IC 491 x0=0.928031 velocity_parameter=-0.485 status=outer_limit: trajectory reached the configured outer_limit radius
velocity row 31/120 IC 474/599 x0=0.915827 velocity_parameter=-0.468833 elapsed=2.52742s written=0
  crossing 0/250
  stopped velocity row 31 IC 474 x0=0.915827 velocity_parameter=-0.468833 status=outer_limit: trajectory reached the configured outer_limit radius
velocity row 31/120 IC 484/599 x0=0.923006 velocity_parameter=-0.468833 elapsed=2.56646s written=0
  crossing 0/250
  stopped velocity row 31 IC 484 x0=0.923006 velocity_parameter=-0.468833 status=outer_limit: trajectory reached the configured outer_limit radius
velocity row 31/120 IC 491/599 x0=0.928031 velocity_parameter=-0.468833 elapsed=2.59547s written=0
  crossing 0/250
  stopped velocity row 31 IC 491 x0=0.928031 velocity_parameter=-0.468833 status=outer_limit: trajectory reached the configured outer_limit radius
velocity row 32/120 IC 474/599 x0=0.915827 velocity_parameter=-0.452667 elapsed=2.59891s written=0
  crossing 0/250
  stopped velocity row 32 IC 474 x0=0.915827 velocity_parameter=-0.452667 status=outer_limit: trajectory reached the configured outer_limit radius
velocity row 32/120 IC 484/599 x0=0.923006 velocity_parameter=-0.452667 elapsed=2.63831s written=0
  crossing 0/250
  stopped velocity row 32 IC 484 x0=0.923006 velocity_parameter=-0.452667 status=outer_limit: trajectory reached the configured outer_limit radius
velocity row 32/120 IC 491/599 x0=0.928031 velocity_parameter=-0.452667 elapsed=2.66547s written=0
  crossing 0/250
  stopped velocity row 32 IC 491 x0=0.928031 velocity_parameter=-0.452667 status=outer_limit: trajectory reached the configured outer_limit radius
velocity row 33/120 IC 474/599 x0=0.915827 velocity_parameter=-0.4365 elapsed=2.66888s written=0
  crossing 0/250
  stopped velocity row 33 IC 474 x0=0.915827 velocity_parameter=-0.4365 status=outer_limit: trajectory reached the configured outer_limit radius
velocity row 33/120 IC 484/599 x0=0.923006 velocity_parameter=-0.4365 elapsed=2.70758s written=0
  crossing 0/250
  stopped velocity row 33 IC 484 x0=0.923006 velocity_parameter=-0.4365 status=outer_limit: trajectory reached the configured outer_limit radius
velocity row 33/120 IC 491/599 x0=0.928031 velocity_parameter=-0.4365 elapsed=2.73441s written=0
  crossing 0/250
  stopped velocity row 33 IC 491 x0=0.928031 velocity_parameter=-0.4365 status=outer_limit: trajectory reached the configured outer_limit radius
velocity row 34/120 IC 474/599 x0=0.915827 velocity_parameter=-0.420333 elapsed=2.73845s written=0
  crossing 0/250
  stopped velocity row 34 IC 474 x0=0.915827 velocity_parameter=-0.420333 status=outer_limit: trajectory reached the configured outer_limit radius
velocity row 34/120 IC 484/599 x0=0.923006 velocity_parameter=-0.420333 elapsed=2.77543s written=0
  crossing 0/250
  stopped velocity row 34 IC 484 x0=0.923006 velocity_parameter=-0.420333 status=outer_limit: trajectory reached the configured outer_limit radius
velocity row 34/120 IC 491/599 x0=0.928031 velocity_parameter=-0.420333 elapsed=2.79991s written=0
  crossing 0/250
  stopped velocity row 34 IC 491 x0=0.928031 velocity_parameter=-0.420333 status=outer_limit: trajectory reached the configured outer_limit radius
velocity row 35/120 IC 474/599 x0=0.915827 velocity_parameter=-0.404167 elapsed=2.80513s written=0
  crossing 0/250
  stopped velocity row 35 IC 474 x0=0.915827 velocity_parameter=-0.404167 status=outer_limit: trajectory reached the configured outer_limit radius
velocity row 35/120 IC 484/599 x0=0.923006 velocity_parameter=-0.404167 elapsed=2.84645s written=0
  crossing 0/250
  stopped velocity row 35 IC 484 x0=0.923006 velocity_parameter=-0.404167 status=outer_limit: trajectory reached the configured outer_limit radius
velocity row 35/120 IC 491/599 x0=0.928031 velocity_parameter=-0.404167 elapsed=2.87216s written=0
  crossing 0/250
  stopped velocity row 35 IC 491 x0=0.928031 velocity_parameter=-0.404167 status=outer_limit: trajectory reached the configured outer_limit radius
velocity row 36/120 IC 474/599 x0=0.915827 velocity_parameter=-0.388 elapsed=2.87558s written=0
  crossing 0/250
  stopped velocity row 36 IC 474 x0=0.915827 velocity_parameter=-0.388 status=outer_limit: trajectory reached the configured outer_limit radius
velocity row 36/120 IC 484/599 x0=0.923006 velocity_parameter=-0.388 elapsed=2.9145s written=0
  crossing 0/250
  stopped velocity row 36 IC 484 x0=0.923006 velocity_parameter=-0.388 status=outer_limit: trajectory reached the configured outer_limit radius
velocity row 36/120 IC 491/599 x0=0.928031 velocity_parameter=-0.388 elapsed=2.93765s written=0
  crossing 0/250
  stopped velocity row 36 IC 491 x0=0.928031 velocity_parameter=-0.388 status=outer_limit: trajectory reached the configured outer_limit radius
velocity row 37/120 IC 474/599 x0=0.915827 velocity_parameter=-0.371833 elapsed=2.94188s written=0
  crossing 0/250
  stopped velocity row 37 IC 474 x0=0.915827 velocity_parameter=-0.371833 status=outer_limit: trajectory reached the configured outer_limit radius
velocity row 37/120 IC 484/599 x0=0.923006 velocity_parameter=-0.371833 elapsed=2.98194s written=0
  crossing 0/250
  stopped velocity row 37 IC 484 x0=0.923006 velocity_parameter=-0.371833 status=outer_limit: trajectory reached the configured outer_limit radius
velocity row 37/120 IC 491/599 x0=0.928031 velocity_parameter=-0.371833 elapsed=3.00867s written=0
  crossing 0/250
  stopped velocity row 37 IC 491 x0=0.928031 velocity_parameter=-0.371833 status=outer_limit: trajectory reached the configured outer_limit radius
velocity row 38/120 IC 474/599 x0=0.915827 velocity_parameter=-0.355667 elapsed=3.01265s written=0
  crossing 0/250
  stopped velocity row 38 IC 474 x0=0.915827 velocity_parameter=-0.355667 status=outer_limit: trajectory reached the configured outer_limit radius
velocity row 38/120 IC 484/599 x0=0.923006 velocity_parameter=-0.355667 elapsed=3.04776s written=0
  crossing 0/250
  stopped velocity row 38 IC 484 x0=0.923006 velocity_parameter=-0.355667 status=outer_limit: trajectory reached the configured outer_limit radius
velocity row 38/120 IC 491/599 x0=0.928031 velocity_parameter=-0.355667 elapsed=3.07217s written=0
  crossing 0/250
  stopped velocity row 38 IC 491 x0=0.928031 velocity_parameter=-0.355667 status=outer_limit: trajectory reached the configured outer_limit radius
velocity row 39/120 IC 474/599 x0=0.915827 velocity_parameter=-0.3395 elapsed=3.07797s written=0
  crossing 0/250
  stopped velocity row 39 IC 474 x0=0.915827 velocity_parameter=-0.3395 status=outer_limit: trajectory reached the configured outer_limit radius
velocity row 39/120 IC 484/599 x0=0.923006 velocity_parameter=-0.3395 elapsed=3.1176s written=0
  crossing 0/250
  stopped velocity row 39 IC 484 x0=0.923006 velocity_parameter=-0.3395 status=outer_limit: trajectory reached the configured outer_limit radius
velocity row 39/120 IC 491/599 x0=0.928031 velocity_parameter=-0.3395 elapsed=3.14239s written=0
  crossing 0/250
  stopped velocity row 39 IC 491 x0=0.928031 velocity_parameter=-0.3395 status=outer_limit: trajectory reached the configured outer_limit radius
velocity row 40/120 IC 474/599 x0=0.915827 velocity_parameter=-0.323333 elapsed=3.14624s written=0
  crossing 0/250
  stopped velocity row 40 IC 474 x0=0.915827 velocity_parameter=-0.323333 status=outer_limit: trajectory reached the configured outer_limit radius
velocity row 40/120 IC 484/599 x0=0.923006 velocity_parameter=-0.323333 elapsed=3.18247s written=0
  crossing 0/250
  stopped velocity row 40 IC 484 x0=0.923006 velocity_parameter=-0.323333 status=outer_limit: trajectory reached the configured outer_limit radius
velocity row 40/120 IC 491/599 x0=0.928031 velocity_parameter=-0.323333 elapsed=3.21252s written=0
  crossing 0/250
  stopped velocity row 40 IC 491 x0=0.928031 velocity_parameter=-0.323333 status=outer_limit: trajectory reached the configured outer_limit radius
velocity row 41/120 IC 474/599 x0=0.915827 velocity_parameter=-0.307167 elapsed=3.21659s written=0
  crossing 0/250
  stopped velocity row 41 IC 474 x0=0.915827 velocity_parameter=-0.307167 status=outer_limit: trajectory reached the configured outer_limit radius
velocity row 41/120 IC 484/599 x0=0.923006 velocity_parameter=-0.307167 elapsed=3.25843s written=0
  crossing 0/250
  stopped velocity row 41 IC 484 x0=0.923006 velocity_parameter=-0.307167 status=outer_limit: trajectory reached the configured outer_limit radius
velocity row 41/120 IC 491/599 x0=0.928031 velocity_parameter=-0.307167 elapsed=3.28111s written=0
  crossing 0/250
  stopped velocity row 41 IC 491 x0=0.928031 velocity_parameter=-0.307167 status=outer_limit: trajectory reached the configured outer_limit radius
velocity row 42/120 IC 474/599 x0=0.915827 velocity_parameter=-0.291 elapsed=3.28537s written=0
  crossing 0/250
  stopped velocity row 42 IC 474 x0=0.915827 velocity_parameter=-0.291 status=outer_limit: trajectory reached the configured outer_limit radius
velocity row 42/120 IC 484/599 x0=0.923006 velocity_parameter=-0.291 elapsed=3.32144s written=0
  crossing 0/250
  stopped velocity row 42 IC 484 x0=0.923006 velocity_parameter=-0.291 status=outer_limit: trajectory reached the configured outer_limit radius
velocity row 42/120 IC 491/599 x0=0.928031 velocity_parameter=-0.291 elapsed=3.34374s written=0
  crossing 0/250
  stopped velocity row 42 IC 491 x0=0.928031 velocity_parameter=-0.291 status=outer_limit: trajectory reached the configured outer_limit radius
velocity row 43/120 IC 474/599 x0=0.915827 velocity_parameter=-0.274833 elapsed=3.34658s written=0
  crossing 0/250
  stopped velocity row 43 IC 474 x0=0.915827 velocity_parameter=-0.274833 status=outer_limit: trajectory reached the configured outer_limit radius
velocity row 43/120 IC 484/599 x0=0.923006 velocity_parameter=-0.274833 elapsed=3.38187s written=0
  crossing 0/250
  stopped velocity row 43 IC 484 x0=0.923006 velocity_parameter=-0.274833 status=outer_limit: trajectory reached the configured outer_limit radius
velocity row 43/120 IC 491/599 x0=0.928031 velocity_parameter=-0.274833 elapsed=3.40681s written=0
  crossing 0/250
  stopped velocity row 43 IC 491 x0=0.928031 velocity_parameter=-0.274833 status=outer_limit: trajectory reached the configured outer_limit radius
velocity row 44/120 IC 474/599 x0=0.915827 velocity_parameter=-0.258667 elapsed=3.40983s written=0
  crossing 0/250
  stopped velocity row 44 IC 474 x0=0.915827 velocity_parameter=-0.258667 status=outer_limit: trajectory reached the configured outer_limit radius
velocity row 44/120 IC 484/599 x0=0.923006 velocity_parameter=-0.258667 elapsed=3.44477s written=0
  crossing 0/250
  stopped velocity row 44 IC 484 x0=0.923006 velocity_parameter=-0.258667 status=outer_limit: trajectory reached the configured outer_limit radius
velocity row 44/120 IC 491/599 x0=0.928031 velocity_parameter=-0.258667 elapsed=3.46825s written=0
  crossing 0/250
  stopped velocity row 44 IC 491 x0=0.928031 velocity_parameter=-0.258667 status=outer_limit: trajectory reached the configured outer_limit radius
velocity row 45/120 IC 474/599 x0=0.915827 velocity_parameter=-0.2425 elapsed=3.47197s written=0
  crossing 0/250
  stopped velocity row 45 IC 474 x0=0.915827 velocity_parameter=-0.2425 status=outer_limit: trajectory reached the configured outer_limit radius
velocity row 45/120 IC 484/599 x0=0.923006 velocity_parameter=-0.2425 elapsed=3.50743s written=0
  crossing 0/250
  stopped velocity row 45 IC 484 x0=0.923006 velocity_parameter=-0.2425 status=outer_limit: trajectory reached the configured outer_limit radius
velocity row 45/120 IC 491/599 x0=0.928031 velocity_parameter=-0.2425 elapsed=3.53741s written=0
  crossing 0/250
  stopped velocity row 45 IC 491 x0=0.928031 velocity_parameter=-0.2425 status=outer_limit: trajectory reached the configured outer_limit radius
velocity row 46/120 IC 474/599 x0=0.915827 velocity_parameter=-0.226333 elapsed=3.54198s written=0
  crossing 0/250
  stopped velocity row 46 IC 474 x0=0.915827 velocity_parameter=-0.226333 status=outer_limit: trajectory reached the configured outer_limit radius
velocity row 46/120 IC 484/599 x0=0.923006 velocity_parameter=-0.226333 elapsed=3.57746s written=0
  crossing 0/250
  stopped velocity row 46 IC 484 x0=0.923006 velocity_parameter=-0.226333 status=outer_limit: trajectory reached the configured outer_limit radius
velocity row 46/120 IC 491/599 x0=0.928031 velocity_parameter=-0.226333 elapsed=3.60777s written=0
  crossing 0/250
  stopped velocity row 46 IC 491 x0=0.928031 velocity_parameter=-0.226333 status=outer_limit: trajectory reached the configured outer_limit radius
velocity row 47/120 IC 474/599 x0=0.915827 velocity_parameter=-0.210167 elapsed=3.61158s written=0
  crossing 0/250
  stopped velocity row 47 IC 474 x0=0.915827 velocity_parameter=-0.210167 status=outer_limit: trajectory reached the configured outer_limit radius
velocity row 47/120 IC 484/599 x0=0.923006 velocity_parameter=-0.210167 elapsed=3.6482s written=0
  crossing 0/250
  stopped velocity row 47 IC 484 x0=0.923006 velocity_parameter=-0.210167 status=outer_limit: trajectory reached the configured outer_limit radius
velocity row 47/120 IC 491/599 x0=0.928031 velocity_parameter=-0.210167 elapsed=3.67027s written=0
  crossing 0/250
  stopped velocity row 47 IC 491 x0=0.928031 velocity_parameter=-0.210167 status=outer_limit: trajectory reached the configured outer_limit radius
velocity row 48/120 IC 474/599 x0=0.915827 velocity_parameter=-0.194 elapsed=3.67341s written=0
  crossing 0/250
  stopped velocity row 48 IC 474 x0=0.915827 velocity_parameter=-0.194 status=outer_limit: trajectory reached the configured outer_limit radius
velocity row 48/120 IC 484/599 x0=0.923006 velocity_parameter=-0.194 elapsed=3.71436s written=0
  crossing 0/250
  stopped velocity row 48 IC 484 x0=0.923006 velocity_parameter=-0.194 status=outer_limit: trajectory reached the configured outer_limit radius
velocity row 48/120 IC 491/599 x0=0.928031 velocity_parameter=-0.194 elapsed=3.74147s written=0
  crossing 0/250
  stopped velocity row 48 IC 491 x0=0.928031 velocity_parameter=-0.194 status=outer_limit: trajectory reached the configured outer_limit radius
velocity row 49/120 IC 474/599 x0=0.915827 velocity_parameter=-0.177833 elapsed=3.74516s written=0
  crossing 0/250
  stopped velocity row 49 IC 474 x0=0.915827 velocity_parameter=-0.177833 status=outer_limit: trajectory reached the configured outer_limit radius
velocity row 49/120 IC 484/599 x0=0.923006 velocity_parameter=-0.177833 elapsed=3.78169s written=0
  crossing 0/250
  stopped velocity row 49 IC 484 x0=0.923006 velocity_parameter=-0.177833 status=outer_limit: trajectory reached the configured outer_limit radius
velocity row 49/120 IC 491/599 x0=0.928031 velocity_parameter=-0.177833 elapsed=3.80773s written=0
  crossing 0/250
  stopped velocity row 49 IC 491 x0=0.928031 velocity_parameter=-0.177833 status=outer_limit: trajectory reached the configured outer_limit radius
velocity row 50/120 IC 474/599 x0=0.915827 velocity_parameter=-0.161667 elapsed=3.81075s written=0
  crossing 0/250
  stopped velocity row 50 IC 474 x0=0.915827 velocity_parameter=-0.161667 status=outer_limit: trajectory reached the configured outer_limit radius
velocity row 50/120 IC 484/599 x0=0.923006 velocity_parameter=-0.161667 elapsed=3.84455s written=0
  crossing 0/250
  stopped velocity row 50 IC 484 x0=0.923006 velocity_parameter=-0.161667 status=outer_limit: trajectory reached the configured outer_limit radius
velocity row 50/120 IC 491/599 x0=0.928031 velocity_parameter=-0.161667 elapsed=3.86797s written=0
  crossing 0/250
  stopped velocity row 50 IC 491 x0=0.928031 velocity_parameter=-0.161667 status=outer_limit: trajectory reached the configured outer_limit radius
velocity row 51/120 IC 474/599 x0=0.915827 velocity_parameter=-0.1455 elapsed=3.87142s written=0
  crossing 0/250
  stopped velocity row 51 IC 474 x0=0.915827 velocity_parameter=-0.1455 status=outer_limit: trajectory reached the configured outer_limit radius
velocity row 51/120 IC 484/599 x0=0.923006 velocity_parameter=-0.1455 elapsed=3.91014s written=0
  crossing 0/250
  stopped velocity row 51 IC 484 x0=0.923006 velocity_parameter=-0.1455 status=outer_limit: trajectory reached the configured outer_limit radius
velocity row 51/120 IC 491/599 x0=0.928031 velocity_parameter=-0.1455 elapsed=3.93343s written=0
  crossing 0/250
  stopped velocity row 51 IC 491 x0=0.928031 velocity_parameter=-0.1455 status=outer_limit: trajectory reached the configured outer_limit radius
velocity row 52/120 IC 474/599 x0=0.915827 velocity_parameter=-0.129333 elapsed=3.93686s written=0
  crossing 0/250
  stopped velocity row 52 IC 474 x0=0.915827 velocity_parameter=-0.129333 status=outer_limit: trajectory reached the configured outer_limit radius
velocity row 52/120 IC 484/599 x0=0.923006 velocity_parameter=-0.129333 elapsed=3.97011s written=0
  crossing 0/250
  stopped velocity row 52 IC 484 x0=0.923006 velocity_parameter=-0.129333 status=outer_limit: trajectory reached the configured outer_limit radius
velocity row 52/120 IC 491/599 x0=0.928031 velocity_parameter=-0.129333 elapsed=3.99461s written=0
  crossing 0/250
  stopped velocity row 52 IC 491 x0=0.928031 velocity_parameter=-0.129333 status=outer_limit: trajectory reached the configured outer_limit radius
velocity row 53/120 IC 474/599 x0=0.915827 velocity_parameter=-0.113167 elapsed=3.99723s written=0
  crossing 0/250
  stopped velocity row 53 IC 474 x0=0.915827 velocity_parameter=-0.113167 status=outer_limit: trajectory reached the configured outer_limit radius
velocity row 53/120 IC 484/599 x0=0.923006 velocity_parameter=-0.113167 elapsed=4.03427s written=0
  crossing 0/250
  stopped velocity row 53 IC 484 x0=0.923006 velocity_parameter=-0.113167 status=outer_limit: trajectory reached the configured outer_limit radius
velocity row 53/120 IC 491/599 x0=0.928031 velocity_parameter=-0.113167 elapsed=4.06234s written=0
  crossing 0/250
  stopped velocity row 53 IC 491 x0=0.928031 velocity_parameter=-0.113167 status=outer_limit: trajectory reached the configured outer_limit radius
velocity row 54/120 IC 474/599 x0=0.915827 velocity_parameter=-0.097 elapsed=4.0655s written=0
  crossing 0/250
  stopped velocity row 54 IC 474 x0=0.915827 velocity_parameter=-0.097 status=outer_limit: trajectory reached the configured outer_limit radius
velocity row 54/120 IC 484/599 x0=0.923006 velocity_parameter=-0.097 elapsed=4.10063s written=0
  crossing 0/250
  stopped velocity row 54 IC 484 x0=0.923006 velocity_parameter=-0.097 status=outer_limit: trajectory reached the configured outer_limit radius
velocity row 54/120 IC 491/599 x0=0.928031 velocity_parameter=-0.097 elapsed=4.12733s written=0
  crossing 0/250
  stopped velocity row 54 IC 491 x0=0.928031 velocity_parameter=-0.097 status=outer_limit: trajectory reached the configured outer_limit radius
velocity row 55/120 IC 474/599 x0=0.915827 velocity_parameter=-0.0808333 elapsed=4.13068s written=0
  crossing 0/250
  stopped velocity row 55 IC 474 x0=0.915827 velocity_parameter=-0.0808333 status=outer_limit: trajectory reached the configured outer_limit radius
velocity row 55/120 IC 484/599 x0=0.923006 velocity_parameter=-0.0808333 elapsed=4.18111s written=0
  crossing 0/250
  stopped velocity row 55 IC 484 x0=0.923006 velocity_parameter=-0.0808333 status=outer_limit: trajectory reached the configured outer_limit radius
velocity row 55/120 IC 491/599 x0=0.928031 velocity_parameter=-0.0808333 elapsed=4.21209s written=0
  crossing 0/250
  stopped velocity row 55 IC 491 x0=0.928031 velocity_parameter=-0.0808333 status=outer_limit: trajectory reached the configured outer_limit radius
velocity row 56/120 IC 474/599 x0=0.915827 velocity_parameter=-0.0646667 elapsed=4.2159s written=0
  crossing 0/250
  stopped velocity row 56 IC 474 x0=0.915827 velocity_parameter=-0.0646667 status=outer_limit: trajectory reached the configured outer_limit radius
velocity row 56/120 IC 484/599 x0=0.923006 velocity_parameter=-0.0646667 elapsed=4.25094s written=0
  crossing 0/250
  stopped velocity row 56 IC 484 x0=0.923006 velocity_parameter=-0.0646667 status=outer_limit: trajectory reached the configured outer_limit radius
velocity row 56/120 IC 491/599 x0=0.928031 velocity_parameter=-0.0646667 elapsed=4.27792s written=0
  crossing 0/250
  stopped velocity row 56 IC 491 x0=0.928031 velocity_parameter=-0.0646667 status=outer_limit: trajectory reached the configured outer_limit radius
velocity row 57/120 IC 474/599 x0=0.915827 velocity_parameter=-0.0485 elapsed=4.28145s written=0
  crossing 0/250
  stopped velocity row 57 IC 474 x0=0.915827 velocity_parameter=-0.0485 status=outer_limit: trajectory reached the configured outer_limit radius
velocity row 57/120 IC 484/599 x0=0.923006 velocity_parameter=-0.0485 elapsed=4.31576s written=0
  crossing 0/250
  stopped velocity row 57 IC 484 x0=0.923006 velocity_parameter=-0.0485 status=outer_limit: trajectory reached the configured outer_limit radius
velocity row 57/120 IC 491/599 x0=0.928031 velocity_parameter=-0.0485 elapsed=4.34652s written=0
  crossing 0/250
  stopped velocity row 57 IC 491 x0=0.928031 velocity_parameter=-0.0485 status=outer_limit: trajectory reached the configured outer_limit radius
velocity row 58/120 IC 474/599 x0=0.915827 velocity_parameter=-0.0323333 elapsed=4.35057s written=0
  crossing 0/250
  stopped velocity row 58 IC 474 x0=0.915827 velocity_parameter=-0.0323333 status=outer_limit: trajectory reached the configured outer_limit radius
velocity row 58/120 IC 484/599 x0=0.923006 velocity_parameter=-0.0323333 elapsed=4.3876s written=0
  crossing 0/250
  stopped velocity row 58 IC 484 x0=0.923006 velocity_parameter=-0.0323333 status=outer_limit: trajectory reached the configured outer_limit radius
velocity row 58/120 IC 491/599 x0=0.928031 velocity_parameter=-0.0323333 elapsed=4.41297s written=0
  crossing 0/250
  stopped velocity row 58 IC 491 x0=0.928031 velocity_parameter=-0.0323333 status=outer_limit: trajectory reached the configured outer_limit radius
velocity row 59/120 IC 474/599 x0=0.915827 velocity_parameter=-0.0161667 elapsed=4.41735s written=0
  crossing 0/250
  stopped velocity row 59 IC 474 x0=0.915827 velocity_parameter=-0.0161667 status=outer_limit: trajectory reached the configured outer_limit radius
velocity row 59/120 IC 484/599 x0=0.923006 velocity_parameter=-0.0161667 elapsed=4.44294s written=0
  crossing 0/250
  stopped velocity row 59 IC 484 x0=0.923006 velocity_parameter=-0.0161667 status=outer_limit: trajectory reached the configured outer_limit radius
velocity row 59/120 IC 491/599 x0=0.928031 velocity_parameter=-0.0161667 elapsed=4.4609s written=0
  crossing 0/250
  stopped velocity row 59 IC 491 x0=0.928031 velocity_parameter=-0.0161667 status=outer_limit: trajectory reached the configured outer_limit radius
velocity row 60/120 IC 474/599 x0=0.915827 velocity_parameter=0 elapsed=4.46372s written=0
  crossing 0/250
  stopped velocity row 60 IC 474 x0=0.915827 velocity_parameter=0 status=outer_limit: trajectory reached the configured outer_limit radius
velocity row 60/120 IC 484/599 x0=0.923006 velocity_parameter=0 elapsed=4.49016s written=0
  crossing 0/250
  stopped velocity row 60 IC 484 x0=0.923006 velocity_parameter=0 status=outer_limit: trajectory reached the configured outer_limit radius
velocity row 60/120 IC 491/599 x0=0.928031 velocity_parameter=0 elapsed=4.50972s written=0
  crossing 0/250
  stopped velocity row 60 IC 491 x0=0.928031 velocity_parameter=0 status=outer_limit: trajectory reached the configured outer_limit radius
velocity row 61/120 IC 474/599 x0=0.915827 velocity_parameter=0.0161667 elapsed=4.5128s written=0
  crossing 0/250
  stopped velocity row 61 IC 474 x0=0.915827 velocity_parameter=0.0161667 status=outer_limit: trajectory reached the configured outer_limit radius
velocity row 61/120 IC 484/599 x0=0.923006 velocity_parameter=0.0161667 elapsed=4.5384s written=0
  crossing 0/250
  stopped velocity row 61 IC 484 x0=0.923006 velocity_parameter=0.0161667 status=outer_limit: trajectory reached the configured outer_limit radius
velocity row 61/120 IC 491/599 x0=0.928031 velocity_parameter=0.0161667 elapsed=4.55662s written=0
  crossing 0/250
  stopped velocity row 61 IC 491 x0=0.928031 velocity_parameter=0.0161667 status=outer_limit: trajectory reached the configured outer_limit radius
velocity row 62/120 IC 474/599 x0=0.915827 velocity_parameter=0.0323333 elapsed=4.55931s written=0
  crossing 0/250
  stopped velocity row 62 IC 474 x0=0.915827 velocity_parameter=0.0323333 status=outer_limit: trajectory reached the configured outer_limit radius
velocity row 62/120 IC 484/599 x0=0.923006 velocity_parameter=0.0323333 elapsed=4.58568s written=0
  crossing 0/250
  stopped velocity row 62 IC 484 x0=0.923006 velocity_parameter=0.0323333 status=outer_limit: trajectory reached the configured outer_limit radius
velocity row 62/120 IC 491/599 x0=0.928031 velocity_parameter=0.0323333 elapsed=4.60405s written=0
  crossing 0/250
  stopped velocity row 62 IC 491 x0=0.928031 velocity_parameter=0.0323333 status=outer_limit: trajectory reached the configured outer_limit radius
velocity row 63/120 IC 474/599 x0=0.915827 velocity_parameter=0.0485 elapsed=4.60764s written=0
  crossing 0/250
  stopped velocity row 63 IC 474 x0=0.915827 velocity_parameter=0.0485 status=outer_limit: trajectory reached the configured outer_limit radius
velocity row 63/120 IC 484/599 x0=0.923006 velocity_parameter=0.0485 elapsed=4.63703s written=0
  crossing 0/250
  stopped velocity row 63 IC 484 x0=0.923006 velocity_parameter=0.0485 status=outer_limit: trajectory reached the configured outer_limit radius
velocity row 63/120 IC 491/599 x0=0.928031 velocity_parameter=0.0485 elapsed=4.6536s written=0
  crossing 0/250
  stopped velocity row 63 IC 491 x0=0.928031 velocity_parameter=0.0485 status=outer_limit: trajectory reached the configured outer_limit radius
velocity row 64/120 IC 474/599 x0=0.915827 velocity_parameter=0.0646667 elapsed=4.65578s written=0
  crossing 0/250
  stopped velocity row 64 IC 474 x0=0.915827 velocity_parameter=0.0646667 status=outer_limit: trajectory reached the configured outer_limit radius
velocity row 64/120 IC 484/599 x0=0.923006 velocity_parameter=0.0646667 elapsed=4.68056s written=0
  crossing 0/250
  stopped velocity row 64 IC 484 x0=0.923006 velocity_parameter=0.0646667 status=outer_limit: trajectory reached the configured outer_limit radius
velocity row 64/120 IC 491/599 x0=0.928031 velocity_parameter=0.0646667 elapsed=4.69877s written=0
  crossing 0/250
  stopped velocity row 64 IC 491 x0=0.928031 velocity_parameter=0.0646667 status=outer_limit: trajectory reached the configured outer_limit radius
velocity row 65/120 IC 474/599 x0=0.915827 velocity_parameter=0.0808333 elapsed=4.70203s written=0
  crossing 0/250
  stopped velocity row 65 IC 474 x0=0.915827 velocity_parameter=0.0808333 status=outer_limit: trajectory reached the configured outer_limit radius
velocity row 65/120 IC 484/599 x0=0.923006 velocity_parameter=0.0808333 elapsed=4.72677s written=0
  crossing 0/250
  stopped velocity row 65 IC 484 x0=0.923006 velocity_parameter=0.0808333 status=outer_limit: trajectory reached the configured outer_limit radius
velocity row 65/120 IC 491/599 x0=0.928031 velocity_parameter=0.0808333 elapsed=4.7461s written=0
  crossing 0/250
  stopped velocity row 65 IC 491 x0=0.928031 velocity_parameter=0.0808333 status=outer_limit: trajectory reached the configured outer_limit radius
velocity row 66/120 IC 474/599 x0=0.915827 velocity_parameter=0.097 elapsed=4.74819s written=0
  crossing 0/250
  stopped velocity row 66 IC 474 x0=0.915827 velocity_parameter=0.097 status=outer_limit: trajectory reached the configured outer_limit radius
velocity row 66/120 IC 484/599 x0=0.923006 velocity_parameter=0.097 elapsed=4.77388s written=0
  crossing 0/250
  stopped velocity row 66 IC 484 x0=0.923006 velocity_parameter=0.097 status=outer_limit: trajectory reached the configured outer_limit radius
velocity row 66/120 IC 491/599 x0=0.928031 velocity_parameter=0.097 elapsed=4.78975s written=0
  crossing 0/250
  stopped velocity row 66 IC 491 x0=0.928031 velocity_parameter=0.097 status=outer_limit: trajectory reached the configured outer_limit radius
velocity row 67/120 IC 474/599 x0=0.915827 velocity_parameter=0.113167 elapsed=4.79258s written=0
  crossing 0/250
  stopped velocity row 67 IC 474 x0=0.915827 velocity_parameter=0.113167 status=outer_limit: trajectory reached the configured outer_limit radius
velocity row 67/120 IC 484/599 x0=0.923006 velocity_parameter=0.113167 elapsed=4.81677s written=0
  crossing 0/250
  stopped velocity row 67 IC 484 x0=0.923006 velocity_parameter=0.113167 status=outer_limit: trajectory reached the configured outer_limit radius
velocity row 67/120 IC 491/599 x0=0.928031 velocity_parameter=0.113167 elapsed=4.83557s written=0
  crossing 0/250
  stopped velocity row 67 IC 491 x0=0.928031 velocity_parameter=0.113167 status=outer_limit: trajectory reached the configured outer_limit radius
velocity row 68/120 IC 474/599 x0=0.915827 velocity_parameter=0.129333 elapsed=4.83833s written=0
  crossing 0/250
  stopped velocity row 68 IC 474 x0=0.915827 velocity_parameter=0.129333 status=outer_limit: trajectory reached the configured outer_limit radius
velocity row 68/120 IC 484/599 x0=0.923006 velocity_parameter=0.129333 elapsed=4.86708s written=0
  crossing 0/250
  stopped velocity row 68 IC 484 x0=0.923006 velocity_parameter=0.129333 status=outer_limit: trajectory reached the configured outer_limit radius
velocity row 68/120 IC 491/599 x0=0.928031 velocity_parameter=0.129333 elapsed=4.89435s written=0
  crossing 0/250
  stopped velocity row 68 IC 491 x0=0.928031 velocity_parameter=0.129333 status=outer_limit: trajectory reached the configured outer_limit radius
velocity row 69/120 IC 474/599 x0=0.915827 velocity_parameter=0.1455 elapsed=4.89715s written=0
  crossing 0/250
  stopped velocity row 69 IC 474 x0=0.915827 velocity_parameter=0.1455 status=outer_limit: trajectory reached the configured outer_limit radius
velocity row 69/120 IC 484/599 x0=0.923006 velocity_parameter=0.1455 elapsed=4.92418s written=0
  crossing 0/250
  stopped velocity row 69 IC 484 x0=0.923006 velocity_parameter=0.1455 status=outer_limit: trajectory reached the configured outer_limit radius
velocity row 69/120 IC 491/599 x0=0.928031 velocity_parameter=0.1455 elapsed=4.94261s written=0
  crossing 0/250
  stopped velocity row 69 IC 491 x0=0.928031 velocity_parameter=0.1455 status=outer_limit: trajectory reached the configured outer_limit radius
velocity row 70/120 IC 474/599 x0=0.915827 velocity_parameter=0.161667 elapsed=4.94623s written=0
  crossing 0/250
  stopped velocity row 70 IC 474 x0=0.915827 velocity_parameter=0.161667 status=outer_limit: trajectory reached the configured outer_limit radius
velocity row 70/120 IC 484/599 x0=0.923006 velocity_parameter=0.161667 elapsed=4.97479s written=0
  crossing 0/250
  stopped velocity row 70 IC 484 x0=0.923006 velocity_parameter=0.161667 status=outer_limit: trajectory reached the configured outer_limit radius
velocity row 70/120 IC 491/599 x0=0.928031 velocity_parameter=0.161667 elapsed=4.9944s written=0
  crossing 0/250
  stopped velocity row 70 IC 491 x0=0.928031 velocity_parameter=0.161667 status=outer_limit: trajectory reached the configured outer_limit radius
velocity row 71/120 IC 474/599 x0=0.915827 velocity_parameter=0.177833 elapsed=4.99778s written=0
  crossing 0/250
  stopped velocity row 71 IC 474 x0=0.915827 velocity_parameter=0.177833 status=outer_limit: trajectory reached the configured outer_limit radius
velocity row 71/120 IC 484/599 x0=0.923006 velocity_parameter=0.177833 elapsed=5.02648s written=0
  crossing 0/250
  stopped velocity row 71 IC 484 x0=0.923006 velocity_parameter=0.177833 status=outer_limit: trajectory reached the configured outer_limit radius
velocity row 71/120 IC 491/599 x0=0.928031 velocity_parameter=0.177833 elapsed=5.04181s written=0
  crossing 0/250
  stopped velocity row 71 IC 491 x0=0.928031 velocity_parameter=0.177833 status=outer_limit: trajectory reached the configured outer_limit radius
velocity row 72/120 IC 474/599 x0=0.915827 velocity_parameter=0.194 elapsed=5.04426s written=0
  crossing 0/250
  stopped velocity row 72 IC 474 x0=0.915827 velocity_parameter=0.194 status=outer_limit: trajectory reached the configured outer_limit radius
velocity row 72/120 IC 484/599 x0=0.923006 velocity_parameter=0.194 elapsed=5.07009s written=0
  crossing 0/250
  stopped velocity row 72 IC 484 x0=0.923006 velocity_parameter=0.194 status=outer_limit: trajectory reached the configured outer_limit radius
velocity row 72/120 IC 491/599 x0=0.928031 velocity_parameter=0.194 elapsed=5.0875s written=0
  crossing 0/250
  stopped velocity row 72 IC 491 x0=0.928031 velocity_parameter=0.194 status=outer_limit: trajectory reached the configured outer_limit radius
velocity row 73/120 IC 474/599 x0=0.915827 velocity_parameter=0.210167 elapsed=5.09002s written=0
  crossing 0/250
  stopped velocity row 73 IC 474 x0=0.915827 velocity_parameter=0.210167 status=outer_limit: trajectory reached the configured outer_limit radius
velocity row 73/120 IC 484/599 x0=0.923006 velocity_parameter=0.210167 elapsed=5.1146s written=0
  crossing 0/250
  stopped velocity row 73 IC 484 x0=0.923006 velocity_parameter=0.210167 status=outer_limit: trajectory reached the configured outer_limit radius
velocity row 73/120 IC 491/599 x0=0.928031 velocity_parameter=0.210167 elapsed=5.13045s written=0
  crossing 0/250
  stopped velocity row 73 IC 491 x0=0.928031 velocity_parameter=0.210167 status=outer_limit: trajectory reached the configured outer_limit radius
velocity row 74/120 IC 474/599 x0=0.915827 velocity_parameter=0.226333 elapsed=5.13391s written=0
  crossing 0/250
  stopped velocity row 74 IC 474 x0=0.915827 velocity_parameter=0.226333 status=outer_limit: trajectory reached the configured outer_limit radius
velocity row 74/120 IC 484/599 x0=0.923006 velocity_parameter=0.226333 elapsed=5.15756s written=0
  crossing 0/250
  stopped velocity row 74 IC 484 x0=0.923006 velocity_parameter=0.226333 status=outer_limit: trajectory reached the configured outer_limit radius
velocity row 74/120 IC 491/599 x0=0.928031 velocity_parameter=0.226333 elapsed=5.17427s written=0
  crossing 0/250
  stopped velocity row 74 IC 491 x0=0.928031 velocity_parameter=0.226333 status=outer_limit: trajectory reached the configured outer_limit radius
velocity row 75/120 IC 474/599 x0=0.915827 velocity_parameter=0.2425 elapsed=5.1766s written=0
  crossing 0/250
  stopped velocity row 75 IC 474 x0=0.915827 velocity_parameter=0.2425 status=outer_limit: trajectory reached the configured outer_limit radius
velocity row 75/120 IC 484/599 x0=0.923006 velocity_parameter=0.2425 elapsed=5.20122s written=0
  crossing 0/250
  stopped velocity row 75 IC 484 x0=0.923006 velocity_parameter=0.2425 status=outer_limit: trajectory reached the configured outer_limit radius
velocity row 75/120 IC 491/599 x0=0.928031 velocity_parameter=0.2425 elapsed=5.21874s written=0
  crossing 0/250
  stopped velocity row 75 IC 491 x0=0.928031 velocity_parameter=0.2425 status=outer_limit: trajectory reached the configured outer_limit radius
velocity row 76/120 IC 474/599 x0=0.915827 velocity_parameter=0.258667 elapsed=5.22157s written=0
  crossing 0/250
  stopped velocity row 76 IC 474 x0=0.915827 velocity_parameter=0.258667 status=outer_limit: trajectory reached the configured outer_limit radius
velocity row 76/120 IC 484/599 x0=0.923006 velocity_parameter=0.258667 elapsed=5.24494s written=0
  crossing 0/250
  stopped velocity row 76 IC 484 x0=0.923006 velocity_parameter=0.258667 status=outer_limit: trajectory reached the configured outer_limit radius
velocity row 76/120 IC 491/599 x0=0.928031 velocity_parameter=0.258667 elapsed=5.26162s written=0
  crossing 0/250
  stopped velocity row 76 IC 491 x0=0.928031 velocity_parameter=0.258667 status=outer_limit: trajectory reached the configured outer_limit radius
velocity row 77/120 IC 474/599 x0=0.915827 velocity_parameter=0.274833 elapsed=5.26429s written=0
  crossing 0/250
  stopped velocity row 77 IC 474 x0=0.915827 velocity_parameter=0.274833 status=outer_limit: trajectory reached the configured outer_limit radius
velocity row 77/120 IC 484/599 x0=0.923006 velocity_parameter=0.274833 elapsed=5.28984s written=0
  crossing 0/250
  stopped velocity row 77 IC 484 x0=0.923006 velocity_parameter=0.274833 status=outer_limit: trajectory reached the configured outer_limit radius
velocity row 77/120 IC 491/599 x0=0.928031 velocity_parameter=0.274833 elapsed=5.30718s written=0
  crossing 0/250
  stopped velocity row 77 IC 491 x0=0.928031 velocity_parameter=0.274833 status=outer_limit: trajectory reached the configured outer_limit radius
velocity row 78/120 IC 474/599 x0=0.915827 velocity_parameter=0.291 elapsed=5.30938s written=0
  crossing 0/250
  stopped velocity row 78 IC 474 x0=0.915827 velocity_parameter=0.291 status=outer_limit: trajectory reached the configured outer_limit radius
velocity row 78/120 IC 484/599 x0=0.923006 velocity_parameter=0.291 elapsed=5.33321s written=0
  crossing 0/250
  stopped velocity row 78 IC 484 x0=0.923006 velocity_parameter=0.291 status=outer_limit: trajectory reached the configured outer_limit radius
velocity row 78/120 IC 491/599 x0=0.928031 velocity_parameter=0.291 elapsed=5.34943s written=0
  crossing 0/250
  stopped velocity row 78 IC 491 x0=0.928031 velocity_parameter=0.291 status=outer_limit: trajectory reached the configured outer_limit radius
velocity row 79/120 IC 474/599 x0=0.915827 velocity_parameter=0.307167 elapsed=5.35171s written=0
  crossing 0/250
  stopped velocity row 79 IC 474 x0=0.915827 velocity_parameter=0.307167 status=outer_limit: trajectory reached the configured outer_limit radius
velocity row 79/120 IC 484/599 x0=0.923006 velocity_parameter=0.307167 elapsed=5.3764s written=0
  crossing 0/250
  stopped velocity row 79 IC 484 x0=0.923006 velocity_parameter=0.307167 status=outer_limit: trajectory reached the configured outer_limit radius
velocity row 79/120 IC 491/599 x0=0.928031 velocity_parameter=0.307167 elapsed=5.39212s written=0
  crossing 0/250
  stopped velocity row 79 IC 491 x0=0.928031 velocity_parameter=0.307167 status=outer_limit: trajectory reached the configured outer_limit radius
velocity row 80/120 IC 474/599 x0=0.915827 velocity_parameter=0.323333 elapsed=5.39481s written=0
  crossing 0/250
  stopped velocity row 80 IC 474 x0=0.915827 velocity_parameter=0.323333 status=outer_limit: trajectory reached the configured outer_limit radius
velocity row 80/120 IC 484/599 x0=0.923006 velocity_parameter=0.323333 elapsed=5.42079s written=0
  crossing 0/250
  stopped velocity row 80 IC 484 x0=0.923006 velocity_parameter=0.323333 status=outer_limit: trajectory reached the configured outer_limit radius
velocity row 80/120 IC 491/599 x0=0.928031 velocity_parameter=0.323333 elapsed=5.43619s written=0
  crossing 0/250
  stopped velocity row 80 IC 491 x0=0.928031 velocity_parameter=0.323333 status=outer_limit: trajectory reached the configured outer_limit radius
velocity row 81/120 IC 474/599 x0=0.915827 velocity_parameter=0.3395 elapsed=5.43874s written=0
  crossing 0/250
  stopped velocity row 81 IC 474 x0=0.915827 velocity_parameter=0.3395 status=outer_limit: trajectory reached the configured outer_limit radius
velocity row 81/120 IC 484/599 x0=0.923006 velocity_parameter=0.3395 elapsed=5.46451s written=0
  crossing 0/250
  stopped velocity row 81 IC 484 x0=0.923006 velocity_parameter=0.3395 status=outer_limit: trajectory reached the configured outer_limit radius
velocity row 81/120 IC 491/599 x0=0.928031 velocity_parameter=0.3395 elapsed=5.48085s written=0
  crossing 0/250
  stopped velocity row 81 IC 491 x0=0.928031 velocity_parameter=0.3395 status=outer_limit: trajectory reached the configured outer_limit radius
velocity row 82/120 IC 474/599 x0=0.915827 velocity_parameter=0.355667 elapsed=5.48382s written=0
  crossing 0/250
  stopped velocity row 82 IC 474 x0=0.915827 velocity_parameter=0.355667 status=outer_limit: trajectory reached the configured outer_limit radius
velocity row 82/120 IC 484/599 x0=0.923006 velocity_parameter=0.355667 elapsed=5.50918s written=0
  crossing 0/250
  stopped velocity row 82 IC 484 x0=0.923006 velocity_parameter=0.355667 status=outer_limit: trajectory reached the configured outer_limit radius
velocity row 82/120 IC 491/599 x0=0.928031 velocity_parameter=0.355667 elapsed=5.52635s written=0
  crossing 0/250
  stopped velocity row 82 IC 491 x0=0.928031 velocity_parameter=0.355667 status=outer_limit: trajectory reached the configured outer_limit radius
velocity row 83/120 IC 474/599 x0=0.915827 velocity_parameter=0.371833 elapsed=5.52976s written=0
  crossing 0/250
  stopped velocity row 83 IC 474 x0=0.915827 velocity_parameter=0.371833 status=outer_limit: trajectory reached the configured outer_limit radius
velocity row 83/120 IC 484/599 x0=0.923006 velocity_parameter=0.371833 elapsed=5.55523s written=0
  crossing 0/250
  stopped velocity row 83 IC 484 x0=0.923006 velocity_parameter=0.371833 status=outer_limit: trajectory reached the configured outer_limit radius
velocity row 83/120 IC 491/599 x0=0.928031 velocity_parameter=0.371833 elapsed=5.5718s written=0
  crossing 0/250
  stopped velocity row 83 IC 491 x0=0.928031 velocity_parameter=0.371833 status=outer_limit: trajectory reached the configured outer_limit radius
velocity row 84/120 IC 474/599 x0=0.915827 velocity_parameter=0.388 elapsed=5.57444s written=0
  crossing 0/250
  stopped velocity row 84 IC 474 x0=0.915827 velocity_parameter=0.388 status=outer_limit: trajectory reached the configured outer_limit radius
velocity row 84/120 IC 484/599 x0=0.923006 velocity_parameter=0.388 elapsed=5.59884s written=0
  crossing 0/250
  stopped velocity row 84 IC 484 x0=0.923006 velocity_parameter=0.388 status=outer_limit: trajectory reached the configured outer_limit radius
velocity row 84/120 IC 491/599 x0=0.928031 velocity_parameter=0.388 elapsed=5.61542s written=0
  crossing 0/250
  stopped velocity row 84 IC 491 x0=0.928031 velocity_parameter=0.388 status=outer_limit: trajectory reached the configured outer_limit radius
velocity row 85/120 IC 474/599 x0=0.915827 velocity_parameter=0.404167 elapsed=5.61765s written=0
  crossing 0/250
  stopped velocity row 85 IC 474 x0=0.915827 velocity_parameter=0.404167 status=outer_limit: trajectory reached the configured outer_limit radius
velocity row 85/120 IC 484/599 x0=0.923006 velocity_parameter=0.404167 elapsed=5.64203s written=0
  crossing 0/250
  stopped velocity row 85 IC 484 x0=0.923006 velocity_parameter=0.404167 status=outer_limit: trajectory reached the configured outer_limit radius
velocity row 85/120 IC 491/599 x0=0.928031 velocity_parameter=0.404167 elapsed=5.6595s written=0
  crossing 0/250
  stopped velocity row 85 IC 491 x0=0.928031 velocity_parameter=0.404167 status=outer_limit: trajectory reached the configured outer_limit radius
velocity row 86/120 IC 474/599 x0=0.915827 velocity_parameter=0.420333 elapsed=5.66205s written=0
  crossing 0/250
  stopped velocity row 86 IC 474 x0=0.915827 velocity_parameter=0.420333 status=outer_limit: trajectory reached the configured outer_limit radius
velocity row 86/120 IC 484/599 x0=0.923006 velocity_parameter=0.420333 elapsed=5.68538s written=0
  crossing 0/250
  stopped velocity row 86 IC 484 x0=0.923006 velocity_parameter=0.420333 status=outer_limit: trajectory reached the configured outer_limit radius
velocity row 86/120 IC 491/599 x0=0.928031 velocity_parameter=0.420333 elapsed=5.70162s written=0
  crossing 0/250
  stopped velocity row 86 IC 491 x0=0.928031 velocity_parameter=0.420333 status=outer_limit: trajectory reached the configured outer_limit radius
velocity row 87/120 IC 474/599 x0=0.915827 velocity_parameter=0.4365 elapsed=5.70383s written=0
  crossing 0/250
  stopped velocity row 87 IC 474 x0=0.915827 velocity_parameter=0.4365 status=outer_limit: trajectory reached the configured outer_limit radius
velocity row 87/120 IC 484/599 x0=0.923006 velocity_parameter=0.4365 elapsed=5.73046s written=0
  crossing 0/250
  stopped velocity row 87 IC 484 x0=0.923006 velocity_parameter=0.4365 status=outer_limit: trajectory reached the configured outer_limit radius
velocity row 87/120 IC 491/599 x0=0.928031 velocity_parameter=0.4365 elapsed=5.75024s written=0
  crossing 0/250
  stopped velocity row 87 IC 491 x0=0.928031 velocity_parameter=0.4365 status=outer_limit: trajectory reached the configured outer_limit radius
velocity row 88/120 IC 474/599 x0=0.915827 velocity_parameter=0.452667 elapsed=5.75286s written=0
  crossing 0/250
  stopped velocity row 88 IC 474 x0=0.915827 velocity_parameter=0.452667 status=outer_limit: trajectory reached the configured outer_limit radius
velocity row 88/120 IC 484/599 x0=0.923006 velocity_parameter=0.452667 elapsed=5.77771s written=0
  crossing 0/250
  stopped velocity row 88 IC 484 x0=0.923006 velocity_parameter=0.452667 status=outer_limit: trajectory reached the configured outer_limit radius
velocity row 88/120 IC 491/599 x0=0.928031 velocity_parameter=0.452667 elapsed=5.79246s written=0
  crossing 0/250
  stopped velocity row 88 IC 491 x0=0.928031 velocity_parameter=0.452667 status=outer_limit: trajectory reached the configured outer_limit radius
velocity row 89/120 IC 474/599 x0=0.915827 velocity_parameter=0.468833 elapsed=5.79496s written=0
  crossing 0/250
  stopped velocity row 89 IC 474 x0=0.915827 velocity_parameter=0.468833 status=outer_limit: trajectory reached the configured outer_limit radius
velocity row 89/120 IC 484/599 x0=0.923006 velocity_parameter=0.468833 elapsed=5.81737s written=0
  crossing 0/250
  stopped velocity row 89 IC 484 x0=0.923006 velocity_parameter=0.468833 status=outer_limit: trajectory reached the configured outer_limit radius
velocity row 89/120 IC 491/599 x0=0.928031 velocity_parameter=0.468833 elapsed=5.83337s written=0
  crossing 0/250
  stopped velocity row 89 IC 491 x0=0.928031 velocity_parameter=0.468833 status=outer_limit: trajectory reached the configured outer_limit radius
velocity row 90/120 IC 474/599 x0=0.915827 velocity_parameter=0.485 elapsed=5.83557s written=0
  crossing 0/250
  stopped velocity row 90 IC 474 x0=0.915827 velocity_parameter=0.485 status=outer_limit: trajectory reached the configured outer_limit radius
velocity row 90/120 IC 484/599 x0=0.923006 velocity_parameter=0.485 elapsed=5.85804s written=0
  crossing 0/250
  stopped velocity row 90 IC 484 x0=0.923006 velocity_parameter=0.485 status=outer_limit: trajectory reached the configured outer_limit radius
velocity row 90/120 IC 491/599 x0=0.928031 velocity_parameter=0.485 elapsed=5.87432s written=0
  crossing 0/250
  stopped velocity row 90 IC 491 x0=0.928031 velocity_parameter=0.485 status=outer_limit: trajectory reached the configured outer_limit radius
velocity row 91/120 IC 474/599 x0=0.915827 velocity_parameter=0.501167 elapsed=5.87682s written=0
  crossing 0/250
  stopped velocity row 91 IC 474 x0=0.915827 velocity_parameter=0.501167 status=outer_limit: trajectory reached the configured outer_limit radius
velocity row 91/120 IC 484/599 x0=0.923006 velocity_parameter=0.501167 elapsed=5.90154s written=0
  crossing 0/250
  stopped velocity row 91 IC 484 x0=0.923006 velocity_parameter=0.501167 status=outer_limit: trajectory reached the configured outer_limit radius
velocity row 91/120 IC 491/599 x0=0.928031 velocity_parameter=0.501167 elapsed=5.91749s written=0
  crossing 0/250
  stopped velocity row 91 IC 491 x0=0.928031 velocity_parameter=0.501167 status=outer_limit: trajectory reached the configured outer_limit radius
velocity row 92/120 IC 474/599 x0=0.915827 velocity_parameter=0.517333 elapsed=5.92064s written=0
  crossing 0/250
  stopped velocity row 92 IC 474 x0=0.915827 velocity_parameter=0.517333 status=outer_limit: trajectory reached the configured outer_limit radius
velocity row 92/120 IC 484/599 x0=0.923006 velocity_parameter=0.517333 elapsed=5.94438s written=0
  crossing 0/250
  stopped velocity row 92 IC 484 x0=0.923006 velocity_parameter=0.517333 status=outer_limit: trajectory reached the configured outer_limit radius
velocity row 92/120 IC 491/599 x0=0.928031 velocity_parameter=0.517333 elapsed=5.95925s written=0
  crossing 0/250
  stopped velocity row 92 IC 491 x0=0.928031 velocity_parameter=0.517333 status=outer_limit: trajectory reached the configured outer_limit radius
velocity row 93/120 IC 474/599 x0=0.915827 velocity_parameter=0.5335 elapsed=5.9618s written=0
  crossing 0/250
  stopped velocity row 93 IC 474 x0=0.915827 velocity_parameter=0.5335 status=outer_limit: trajectory reached the configured outer_limit radius
velocity row 93/120 IC 484/599 x0=0.923006 velocity_parameter=0.5335 elapsed=5.98468s written=0
  crossing 0/250
  stopped velocity row 93 IC 484 x0=0.923006 velocity_parameter=0.5335 status=outer_limit: trajectory reached the configured outer_limit radius
velocity row 93/120 IC 491/599 x0=0.928031 velocity_parameter=0.5335 elapsed=6.0005s written=0
  crossing 0/250
  stopped velocity row 93 IC 491 x0=0.928031 velocity_parameter=0.5335 status=outer_limit: trajectory reached the configured outer_limit radius
velocity row 94/120 IC 474/599 x0=0.915827 velocity_parameter=0.549667 elapsed=6.0034s written=0
  crossing 0/250
  stopped velocity row 94 IC 474 x0=0.915827 velocity_parameter=0.549667 status=outer_limit: trajectory reached the configured outer_limit radius
velocity row 94/120 IC 484/599 x0=0.923006 velocity_parameter=0.549667 elapsed=6.02511s written=0
  crossing 0/250
  stopped velocity row 94 IC 484 x0=0.923006 velocity_parameter=0.549667 status=outer_limit: trajectory reached the configured outer_limit radius
velocity row 94/120 IC 491/599 x0=0.928031 velocity_parameter=0.549667 elapsed=6.0415s written=0
  crossing 0/250
  stopped velocity row 94 IC 491 x0=0.928031 velocity_parameter=0.549667 status=outer_limit: trajectory reached the configured outer_limit radius
velocity row 95/120 IC 474/599 x0=0.915827 velocity_parameter=0.565833 elapsed=6.04451s written=0
  crossing 0/250
  stopped velocity row 95 IC 474 x0=0.915827 velocity_parameter=0.565833 status=outer_limit: trajectory reached the configured outer_limit radius
velocity row 95/120 IC 484/599 x0=0.923006 velocity_parameter=0.565833 elapsed=6.06806s written=0
  crossing 0/250
  stopped velocity row 95 IC 484 x0=0.923006 velocity_parameter=0.565833 status=outer_limit: trajectory reached the configured outer_limit radius
velocity row 95/120 IC 491/599 x0=0.928031 velocity_parameter=0.565833 elapsed=6.08295s written=0
  crossing 0/250
  stopped velocity row 95 IC 491 x0=0.928031 velocity_parameter=0.565833 status=outer_limit: trajectory reached the configured outer_limit radius
velocity row 96/120 IC 474/599 x0=0.915827 velocity_parameter=0.582 elapsed=6.08688s written=0
  crossing 0/250
  stopped velocity row 96 IC 474 x0=0.915827 velocity_parameter=0.582 status=outer_limit: trajectory reached the configured outer_limit radius
velocity row 96/120 IC 484/599 x0=0.923006 velocity_parameter=0.582 elapsed=6.11156s written=0
  crossing 0/250
  stopped velocity row 96 IC 484 x0=0.923006 velocity_parameter=0.582 status=outer_limit: trajectory reached the configured outer_limit radius
velocity row 96/120 IC 491/599 x0=0.928031 velocity_parameter=0.582 elapsed=6.12821s written=0
  crossing 0/250
  stopped velocity row 96 IC 491 x0=0.928031 velocity_parameter=0.582 status=outer_limit: trajectory reached the configured outer_limit radius
velocity row 97/120 IC 474/599 x0=0.915827 velocity_parameter=0.598167 elapsed=6.13213s written=0
  crossing 0/250
  stopped velocity row 97 IC 474 x0=0.915827 velocity_parameter=0.598167 status=outer_limit: trajectory reached the configured outer_limit radius
velocity row 97/120 IC 484/599 x0=0.923006 velocity_parameter=0.598167 elapsed=6.15415s written=0
  crossing 0/250
  stopped velocity row 97 IC 484 x0=0.923006 velocity_parameter=0.598167 status=outer_limit: trajectory reached the configured outer_limit radius
velocity row 97/120 IC 491/599 x0=0.928031 velocity_parameter=0.598167 elapsed=6.17152s written=0
  crossing 0/250
  stopped velocity row 97 IC 491 x0=0.928031 velocity_parameter=0.598167 status=outer_limit: trajectory reached the configured outer_limit radius
velocity row 98/120 IC 474/599 x0=0.915827 velocity_parameter=0.614333 elapsed=6.17575s written=0
  crossing 0/250
  stopped velocity row 98 IC 474 x0=0.915827 velocity_parameter=0.614333 status=outer_limit: trajectory reached the configured outer_limit radius
velocity row 98/120 IC 484/599 x0=0.923006 velocity_parameter=0.614333 elapsed=6.19894s written=0
  crossing 0/250
  stopped velocity row 98 IC 484 x0=0.923006 velocity_parameter=0.614333 status=outer_limit: trajectory reached the configured outer_limit radius
velocity row 98/120 IC 491/599 x0=0.928031 velocity_parameter=0.614333 elapsed=6.21534s written=0
  crossing 0/250
  stopped velocity row 98 IC 491 x0=0.928031 velocity_parameter=0.614333 status=outer_limit: trajectory reached the configured outer_limit radius
velocity row 99/120 IC 474/599 x0=0.915827 velocity_parameter=0.6305 elapsed=6.21807s written=0
  crossing 0/250
  stopped velocity row 99 IC 474 x0=0.915827 velocity_parameter=0.6305 status=outer_limit: trajectory reached the configured outer_limit radius
velocity row 99/120 IC 484/599 x0=0.923006 velocity_parameter=0.6305 elapsed=6.24225s written=0
  crossing 0/250
  stopped velocity row 99 IC 484 x0=0.923006 velocity_parameter=0.6305 status=outer_limit: trajectory reached the configured outer_limit radius
velocity row 99/120 IC 491/599 x0=0.928031 velocity_parameter=0.6305 elapsed=6.25883s written=0
  crossing 0/250
  stopped velocity row 99 IC 491 x0=0.928031 velocity_parameter=0.6305 status=outer_limit: trajectory reached the configured outer_limit radius
velocity row 100/120 IC 474/599 x0=0.915827 velocity_parameter=0.646667 elapsed=6.26063s written=0
  crossing 0/250
  stopped velocity row 100 IC 474 x0=0.915827 velocity_parameter=0.646667 status=outer_limit: trajectory reached the configured outer_limit radius
velocity row 100/120 IC 484/599 x0=0.923006 velocity_parameter=0.646667 elapsed=6.28322s written=0
  crossing 0/250
  stopped velocity row 100 IC 484 x0=0.923006 velocity_parameter=0.646667 status=outer_limit: trajectory reached the configured outer_limit radius
velocity row 100/120 IC 491/599 x0=0.928031 velocity_parameter=0.646667 elapsed=6.30237s written=0
  crossing 0/250
  stopped velocity row 100 IC 491 x0=0.928031 velocity_parameter=0.646667 status=outer_limit: trajectory reached the configured outer_limit radius
velocity row 101/120 IC 474/599 x0=0.915827 velocity_parameter=0.662833 elapsed=6.30483s written=0
  crossing 0/250
  stopped velocity row 101 IC 474 x0=0.915827 velocity_parameter=0.662833 status=outer_limit: trajectory reached the configured outer_limit radius
velocity row 101/120 IC 484/599 x0=0.923006 velocity_parameter=0.662833 elapsed=6.33003s written=0
  crossing 0/250
  stopped velocity row 101 IC 484 x0=0.923006 velocity_parameter=0.662833 status=outer_limit: trajectory reached the configured outer_limit radius
velocity row 101/120 IC 491/599 x0=0.928031 velocity_parameter=0.662833 elapsed=6.34415s written=0
  crossing 0/250
  stopped velocity row 101 IC 491 x0=0.928031 velocity_parameter=0.662833 status=outer_limit: trajectory reached the configured outer_limit radius
velocity row 102/120 IC 474/599 x0=0.915827 velocity_parameter=0.679 elapsed=6.34791s written=0
  crossing 0/250
  stopped velocity row 102 IC 474 x0=0.915827 velocity_parameter=0.679 status=outer_limit: trajectory reached the configured outer_limit radius
velocity row 102/120 IC 484/599 x0=0.923006 velocity_parameter=0.679 elapsed=6.37051s written=0
  crossing 0/250
  stopped velocity row 102 IC 484 x0=0.923006 velocity_parameter=0.679 status=outer_limit: trajectory reached the configured outer_limit radius
velocity row 102/120 IC 491/599 x0=0.928031 velocity_parameter=0.679 elapsed=6.3858s written=0
  crossing 0/250
  stopped velocity row 102 IC 491 x0=0.928031 velocity_parameter=0.679 status=outer_limit: trajectory reached the configured outer_limit radius
velocity row 103/120 IC 474/599 x0=0.915827 velocity_parameter=0.695167 elapsed=6.38823s written=0
  crossing 0/250
  stopped velocity row 103 IC 474 x0=0.915827 velocity_parameter=0.695167 status=outer_limit: trajectory reached the configured outer_limit radius
velocity row 103/120 IC 484/599 x0=0.923006 velocity_parameter=0.695167 elapsed=6.41166s written=0
  crossing 0/250
  stopped velocity row 103 IC 484 x0=0.923006 velocity_parameter=0.695167 status=outer_limit: trajectory reached the configured outer_limit radius
velocity row 103/120 IC 491/599 x0=0.928031 velocity_parameter=0.695167 elapsed=6.42765s written=0
  crossing 0/250
  stopped velocity row 103 IC 491 x0=0.928031 velocity_parameter=0.695167 status=outer_limit: trajectory reached the configured outer_limit radius
velocity row 104/120 IC 474/599 x0=0.915827 velocity_parameter=0.711333 elapsed=6.43054s written=0
  crossing 0/250
  stopped velocity row 104 IC 474 x0=0.915827 velocity_parameter=0.711333 status=outer_limit: trajectory reached the configured outer_limit radius
velocity row 104/120 IC 484/599 x0=0.923006 velocity_parameter=0.711333 elapsed=6.45372s written=0
  crossing 0/250
  stopped velocity row 104 IC 484 x0=0.923006 velocity_parameter=0.711333 status=outer_limit: trajectory reached the configured outer_limit radius
velocity row 104/120 IC 491/599 x0=0.928031 velocity_parameter=0.711333 elapsed=6.46929s written=0
  crossing 0/250
  stopped velocity row 104 IC 491 x0=0.928031 velocity_parameter=0.711333 status=outer_limit: trajectory reached the configured outer_limit radius
velocity row 105/120 IC 474/599 x0=0.915827 velocity_parameter=0.7275 elapsed=6.47152s written=0
  crossing 0/250
  stopped velocity row 105 IC 474 x0=0.915827 velocity_parameter=0.7275 status=outer_limit: trajectory reached the configured outer_limit radius
velocity row 105/120 IC 484/599 x0=0.923006 velocity_parameter=0.7275 elapsed=6.49229s written=0
  crossing 0/250
  stopped velocity row 105 IC 484 x0=0.923006 velocity_parameter=0.7275 status=outer_limit: trajectory reached the configured outer_limit radius
velocity row 105/120 IC 491/599 x0=0.928031 velocity_parameter=0.7275 elapsed=6.50644s written=0
  crossing 0/250
  stopped velocity row 105 IC 491 x0=0.928031 velocity_parameter=0.7275 status=outer_limit: trajectory reached the configured outer_limit radius
velocity row 106/120 IC 474/599 x0=0.915827 velocity_parameter=0.743667 elapsed=6.50979s written=0
  crossing 0/250
  stopped velocity row 106 IC 474 x0=0.915827 velocity_parameter=0.743667 status=outer_limit: trajectory reached the configured outer_limit radius
velocity row 106/120 IC 484/599 x0=0.923006 velocity_parameter=0.743667 elapsed=6.53014s written=0
  crossing 0/250
  stopped velocity row 106 IC 484 x0=0.923006 velocity_parameter=0.743667 status=outer_limit: trajectory reached the configured outer_limit radius
velocity row 106/120 IC 491/599 x0=0.928031 velocity_parameter=0.743667 elapsed=6.5457s written=0
  crossing 0/250
  stopped velocity row 106 IC 491 x0=0.928031 velocity_parameter=0.743667 status=outer_limit: trajectory reached the configured outer_limit radius
velocity row 107/120 IC 474/599 x0=0.915827 velocity_parameter=0.759833 elapsed=6.54777s written=0
  crossing 0/250
  stopped velocity row 107 IC 474 x0=0.915827 velocity_parameter=0.759833 status=outer_limit: trajectory reached the configured outer_limit radius
velocity row 107/120 IC 484/599 x0=0.923006 velocity_parameter=0.759833 elapsed=6.56833s written=0
  crossing 0/250
  stopped velocity row 107 IC 484 x0=0.923006 velocity_parameter=0.759833 status=outer_limit: trajectory reached the configured outer_limit radius
velocity row 107/120 IC 491/599 x0=0.928031 velocity_parameter=0.759833 elapsed=6.58284s written=0
  crossing 0/250
  stopped velocity row 107 IC 491 x0=0.928031 velocity_parameter=0.759833 status=outer_limit: trajectory reached the configured outer_limit radius
velocity row 108/120 IC 474/599 x0=0.915827 velocity_parameter=0.776 elapsed=6.58519s written=0
  crossing 0/250
  stopped velocity row 108 IC 474 x0=0.915827 velocity_parameter=0.776 status=outer_limit: trajectory reached the configured outer_limit radius
velocity row 108/120 IC 484/599 x0=0.923006 velocity_parameter=0.776 elapsed=6.60545s written=0
  crossing 0/250
  stopped velocity row 108 IC 484 x0=0.923006 velocity_parameter=0.776 status=outer_limit: trajectory reached the configured outer_limit radius
velocity row 108/120 IC 491/599 x0=0.928031 velocity_parameter=0.776 elapsed=6.61926s written=0
  crossing 0/250
  stopped velocity row 108 IC 491 x0=0.928031 velocity_parameter=0.776 status=outer_limit: trajectory reached the configured outer_limit radius
velocity row 109/120 IC 474/599 x0=0.915827 velocity_parameter=0.792167 elapsed=6.62165s written=0
  crossing 0/250
  stopped velocity row 109 IC 474 x0=0.915827 velocity_parameter=0.792167 status=outer_limit: trajectory reached the configured outer_limit radius
velocity row 109/120 IC 484/599 x0=0.923006 velocity_parameter=0.792167 elapsed=6.64341s written=0
  crossing 0/250
  stopped velocity row 109 IC 484 x0=0.923006 velocity_parameter=0.792167 status=outer_limit: trajectory reached the configured outer_limit radius
velocity row 109/120 IC 491/599 x0=0.928031 velocity_parameter=0.792167 elapsed=6.65846s written=0
  crossing 0/250
  stopped velocity row 109 IC 491 x0=0.928031 velocity_parameter=0.792167 status=outer_limit: trajectory reached the configured outer_limit radius
velocity row 110/120 IC 474/599 x0=0.915827 velocity_parameter=0.808333 elapsed=6.66066s written=0
  crossing 0/250
  stopped velocity row 110 IC 474 x0=0.915827 velocity_parameter=0.808333 status=outer_limit: trajectory reached the configured outer_limit radius
velocity row 110/120 IC 484/599 x0=0.923006 velocity_parameter=0.808333 elapsed=6.68137s written=0
  crossing 0/250
  stopped velocity row 110 IC 484 x0=0.923006 velocity_parameter=0.808333 status=outer_limit: trajectory reached the configured outer_limit radius
velocity row 110/120 IC 491/599 x0=0.928031 velocity_parameter=0.808333 elapsed=6.69354s written=0
  crossing 0/250
  stopped velocity row 110 IC 491 x0=0.928031 velocity_parameter=0.808333 status=outer_limit: trajectory reached the configured outer_limit radius
velocity row 111/120 IC 474/599 x0=0.915827 velocity_parameter=0.8245 elapsed=6.69531s written=0
  crossing 0/250
  stopped velocity row 111 IC 474 x0=0.915827 velocity_parameter=0.8245 status=outer_limit: trajectory reached the configured outer_limit radius
velocity row 111/120 IC 484/599 x0=0.923006 velocity_parameter=0.8245 elapsed=6.71586s written=0
  crossing 0/250
  stopped velocity row 111 IC 484 x0=0.923006 velocity_parameter=0.8245 status=outer_limit: trajectory reached the configured outer_limit radius
velocity row 111/120 IC 491/599 x0=0.928031 velocity_parameter=0.8245 elapsed=6.72925s written=0
  crossing 0/250
  stopped velocity row 111 IC 491 x0=0.928031 velocity_parameter=0.8245 status=outer_limit: trajectory reached the configured outer_limit radius
velocity row 112/120 IC 474/599 x0=0.915827 velocity_parameter=0.840667 elapsed=6.73135s written=0
  crossing 0/250
  stopped velocity row 112 IC 474 x0=0.915827 velocity_parameter=0.840667 status=outer_limit: trajectory reached the configured outer_limit radius
velocity row 112/120 IC 484/599 x0=0.923006 velocity_parameter=0.840667 elapsed=6.75153s written=0
  crossing 0/250
  stopped velocity row 112 IC 484 x0=0.923006 velocity_parameter=0.840667 status=outer_limit: trajectory reached the configured outer_limit radius
velocity row 112/120 IC 491/599 x0=0.928031 velocity_parameter=0.840667 elapsed=6.76491s written=0
  crossing 0/250
  stopped velocity row 112 IC 491 x0=0.928031 velocity_parameter=0.840667 status=outer_limit: trajectory reached the configured outer_limit radius
velocity row 113/120 IC 474/599 x0=0.915827 velocity_parameter=0.856833 elapsed=6.76754s written=0
  crossing 0/250
  stopped velocity row 113 IC 474 x0=0.915827 velocity_parameter=0.856833 status=outer_limit: trajectory reached the configured outer_limit radius
velocity row 113/120 IC 484/599 x0=0.923006 velocity_parameter=0.856833 elapsed=6.78838s written=0
  crossing 0/250
  stopped velocity row 113 IC 484 x0=0.923006 velocity_parameter=0.856833 status=outer_limit: trajectory reached the configured outer_limit radius
velocity row 113/120 IC 491/599 x0=0.928031 velocity_parameter=0.856833 elapsed=6.80251s written=0
  crossing 0/250
  stopped velocity row 113 IC 491 x0=0.928031 velocity_parameter=0.856833 status=outer_limit: trajectory reached the configured outer_limit radius
velocity row 114/120 IC 474/599 x0=0.915827 velocity_parameter=0.873 elapsed=6.80414s written=0
  crossing 0/250
  stopped velocity row 114 IC 474 x0=0.915827 velocity_parameter=0.873 status=outer_limit: trajectory reached the configured outer_limit radius
velocity row 114/120 IC 484/599 x0=0.923006 velocity_parameter=0.873 elapsed=6.82425s written=0
  crossing 0/250
  stopped velocity row 114 IC 484 x0=0.923006 velocity_parameter=0.873 status=outer_limit: trajectory reached the configured outer_limit radius
velocity row 114/120 IC 491/599 x0=0.928031 velocity_parameter=0.873 elapsed=6.83702s written=0
  crossing 0/250
  stopped velocity row 114 IC 491 x0=0.928031 velocity_parameter=0.873 status=outer_limit: trajectory reached the configured outer_limit radius
velocity row 115/120 IC 474/599 x0=0.915827 velocity_parameter=0.889167 elapsed=6.83886s written=0
  crossing 0/250
  stopped velocity row 115 IC 474 x0=0.915827 velocity_parameter=0.889167 status=outer_limit: trajectory reached the configured outer_limit radius
velocity row 115/120 IC 484/599 x0=0.923006 velocity_parameter=0.889167 elapsed=6.85725s written=0
  crossing 0/250
  stopped velocity row 115 IC 484 x0=0.923006 velocity_parameter=0.889167 status=outer_limit: trajectory reached the configured outer_limit radius
velocity row 115/120 IC 491/599 x0=0.928031 velocity_parameter=0.889167 elapsed=6.86877s written=0
  crossing 0/250
  stopped velocity row 115 IC 491 x0=0.928031 velocity_parameter=0.889167 status=outer_limit: trajectory reached the configured outer_limit radius
velocity row 116/120 IC 474/599 x0=0.915827 velocity_parameter=0.905333 elapsed=6.87092s written=0
  crossing 0/250
  stopped velocity row 116 IC 474 x0=0.915827 velocity_parameter=0.905333 status=outer_limit: trajectory reached the configured outer_limit radius
velocity row 116/120 IC 484/599 x0=0.923006 velocity_parameter=0.905333 elapsed=6.88885s written=0
  crossing 0/250
  stopped velocity row 116 IC 484 x0=0.923006 velocity_parameter=0.905333 status=outer_limit: trajectory reached the configured outer_limit radius
velocity row 116/120 IC 491/599 x0=0.928031 velocity_parameter=0.905333 elapsed=6.90166s written=0
  crossing 0/250
  stopped velocity row 116 IC 491 x0=0.928031 velocity_parameter=0.905333 status=outer_limit: trajectory reached the configured outer_limit radius
velocity row 117/120 IC 474/599 x0=0.915827 velocity_parameter=0.9215 elapsed=6.90377s written=0
  crossing 0/250
  stopped velocity row 117 IC 474 x0=0.915827 velocity_parameter=0.9215 status=outer_limit: trajectory reached the configured outer_limit radius
velocity row 117/120 IC 484/599 x0=0.923006 velocity_parameter=0.9215 elapsed=6.9236s written=0
  crossing 0/250
  stopped velocity row 117 IC 484 x0=0.923006 velocity_parameter=0.9215 status=outer_limit: trajectory reached the configured outer_limit radius
velocity row 117/120 IC 491/599 x0=0.928031 velocity_parameter=0.9215 elapsed=6.9364s written=0
  crossing 0/250
  stopped velocity row 117 IC 491 x0=0.928031 velocity_parameter=0.9215 status=outer_limit: trajectory reached the configured outer_limit radius
velocity row 118/120 IC 474/599 x0=0.915827 velocity_parameter=0.937667 elapsed=6.9385s written=0
  crossing 0/250
  stopped velocity row 118 IC 474 x0=0.915827 velocity_parameter=0.937667 status=outer_limit: trajectory reached the configured outer_limit radius
velocity row 118/120 IC 484/599 x0=0.923006 velocity_parameter=0.937667 elapsed=6.95523s written=0
  crossing 0/250
  stopped velocity row 118 IC 484 x0=0.923006 velocity_parameter=0.937667 status=outer_limit: trajectory reached the configured outer_limit radius
velocity row 118/120 IC 491/599 x0=0.928031 velocity_parameter=0.937667 elapsed=6.96737s written=0
  crossing 0/250
  stopped velocity row 118 IC 491 x0=0.928031 velocity_parameter=0.937667 status=outer_limit: trajectory reached the configured outer_limit radius
velocity row 119/120 IC 474/599 x0=0.915827 velocity_parameter=0.953833 elapsed=6.96935s written=0
  crossing 0/250
  stopped velocity row 119 IC 474 x0=0.915827 velocity_parameter=0.953833 status=outer_limit: trajectory reached the configured outer_limit radius
velocity row 119/120 IC 484/599 x0=0.923006 velocity_parameter=0.953833 elapsed=6.98618s written=0
  crossing 0/250
  stopped velocity row 119 IC 484 x0=0.923006 velocity_parameter=0.953833 status=outer_limit: trajectory reached the configured outer_limit radius
velocity row 119/120 IC 491/599 x0=0.928031 velocity_parameter=0.953833 elapsed=6.99718s written=0
  crossing 0/250
  stopped velocity row 119 IC 491 x0=0.928031 velocity_parameter=0.953833 status=outer_limit: trajectory reached the configured outer_limit radius
velocity row 120/120 IC 474/599 x0=0.915827 velocity_parameter=0.97 elapsed=6.99891s written=0
  crossing 0/250
  stopped velocity row 120 IC 474 x0=0.915827 velocity_parameter=0.97 status=outer_limit: trajectory reached the configured outer_limit radius
velocity row 120/120 IC 484/599 x0=0.923006 velocity_parameter=0.97 elapsed=7.01772s written=0
  crossing 0/250
  stopped velocity row 120 IC 484 x0=0.923006 velocity_parameter=0.97 status=outer_limit: trajectory reached the configured outer_limit radius
velocity row 120/120 IC 491/599 x0=0.928031 velocity_parameter=0.97 elapsed=7.02879s written=0
  crossing 0/250
  stopped velocity row 120 IC 491 x0=0.928031 velocity_parameter=0.97 status=outer_limit: trajectory reached the configured outer_limit radius
metadata -> /mnt/c/Users/payne/Code/Hill_4BP/professional_neck_studies/e1_dense_001/survey/level_000_delta_1e_minus_2/closed/shard_0025/metadata.txt
wrote 0 points (0 ICs skipped, 2178 orbits stopped early, elapsed=7.03062s) -> /mnt/c/Users/payne/Code/Hill_4BP/professional_neck_studies/e1_dense_001/survey/level_000_delta_1e_minus_2/closed/shard_0025/points.csv
outcomes: collision=0 completed=0 forbidden=0 inner_radius_limit=0 invalid_initial_radius=0 invalid_velocity=0 nontransverse=0 numerical_failure=0 outer_limit=2178 timeout=0
maximum sampled |H-h|=1.42181e-15
