zero-velocity boundary -> /mnt/c/Users/payne/Code/Hill_4BP/professional_neck_studies/e1_dense_001/survey/level_006_delta_1e_minus_8/closed/shard_0003/zero_velocity_boundary.csv
lambda1=0.0272549 lambda2=2.97275 A=-0.986373 B=0.486373 c=0.0976566 c1=0 c2=0 c3=-0.0976566 h=-2.39154 (C=4.78307)
E1/E2 neck h=-2.39154 (C=4.78307), E3/E4 neck h=-0.454039 (C=0.908078)
energy_mode=neck_delta neck=E1 hcrit=-2.39154 delta=1e-08 side=closed actual_neck_side=closed delta_h=-1e-08
x_count=600 xdot_count=121 iterates=250 index range=[57,75] velocity_mode=fraction x_range=[0.79034,0.79077] max_return_time=100
smooth coordinates R=sqrt(rho), CAPD crossing mode=Both solver_order=28 max_step=0.005 abs_tol=1e-15 rel_tol=1e-13 collision_radius=1e-06 outer_radius=5
velocity row 0/120 IC 57/599 x0=0.790381 velocity_parameter=-0.97 elapsed=1.78e-07s written=0
  crossing 0/250
  stopped velocity row 0 IC 57 x0=0.790381 velocity_parameter=-0.97 status=collision: trajectory reached the configured collision radius
  stopped velocity row 0 IC 58 x0=0.790381 velocity_parameter=-0.97 status=collision: trajectory reached the configured collision radius
  stopped velocity row 0 IC 59 x0=0.790382 velocity_parameter=-0.97 status=collision: trajectory reached the configured collision radius
  stopped velocity row 0 IC 60 x0=0.790383 velocity_parameter=-0.97 status=collision: trajectory reached the configured collision radius
  stopped velocity row 0 IC 61 x0=0.790383 velocity_parameter=-0.97 status=collision: trajectory reached the configured collision radius
  stopped velocity row 0 IC 62 x0=0.790384 velocity_parameter=-0.97 status=collision: trajectory reached the configured collision radius
  stopped velocity row 0 IC 63 x0=0.790385 velocity_parameter=-0.97 status=collision: trajectory reached the configured collision radius
  stopped velocity row 0 IC 64 x0=0.790386 velocity_parameter=-0.97 status=collision: trajectory reached the configured collision radius
  stopped velocity row 0 IC 65 x0=0.790386 velocity_parameter=-0.97 status=collision: trajectory reached the configured collision radius
  stopped velocity row 0 IC 66 x0=0.790387 velocity_parameter=-0.97 status=collision: trajectory reached the configured collision radius
velocity row 0/120 IC 67/599 x0=0.790388 velocity_parameter=-0.97 elapsed=0.9224s written=0
  crossing 0/250
  stopped velocity row 0 IC 67 x0=0.790388 velocity_parameter=-0.97 status=collision: trajectory reached the configured collision radius
velocity row 0/120 IC 75/599 x0=0.790394 velocity_parameter=-0.97 elapsed=1.64083s written=0
  crossing 0/250
  stopped velocity row 0 IC 75 x0=0.790394 velocity_parameter=-0.97 status=collision: trajectory reached the configured collision radius
velocity row 1/120 IC 57/599 x0=0.790381 velocity_parameter=-0.953833 elapsed=1.72774s written=0
  crossing 0/250
  stopped velocity row 1 IC 57 x0=0.790381 velocity_parameter=-0.953833 status=collision: trajectory reached the configured collision radius
velocity row 1/120 IC 67/599 x0=0.790388 velocity_parameter=-0.953833 elapsed=2.56963s written=0
  crossing 0/250
  stopped velocity row 1 IC 67 x0=0.790388 velocity_parameter=-0.953833 status=collision: trajectory reached the configured collision radius
velocity row 1/120 IC 75/599 x0=0.790394 velocity_parameter=-0.953833 elapsed=3.25749s written=0
  crossing 0/250
  stopped velocity row 1 IC 75 x0=0.790394 velocity_parameter=-0.953833 status=collision: trajectory reached the configured collision radius
velocity row 2/120 IC 57/599 x0=0.790381 velocity_parameter=-0.937667 elapsed=3.33926s written=0
  crossing 0/250
  stopped velocity row 2 IC 57 x0=0.790381 velocity_parameter=-0.937667 status=collision: trajectory reached the configured collision radius
velocity row 2/120 IC 67/599 x0=0.790388 velocity_parameter=-0.937667 elapsed=4.17314s written=0
  crossing 0/250
  stopped velocity row 2 IC 67 x0=0.790388 velocity_parameter=-0.937667 status=collision: trajectory reached the configured collision radius
velocity row 2/120 IC 75/599 x0=0.790394 velocity_parameter=-0.937667 elapsed=4.81217s written=0
  crossing 0/250
  stopped velocity row 2 IC 75 x0=0.790394 velocity_parameter=-0.937667 status=collision: trajectory reached the configured collision radius
velocity row 3/120 IC 57/599 x0=0.790381 velocity_parameter=-0.9215 elapsed=4.8866s written=0
  crossing 0/250
  stopped velocity row 3 IC 57 x0=0.790381 velocity_parameter=-0.9215 status=collision: trajectory reached the configured collision radius
velocity row 3/120 IC 67/599 x0=0.790388 velocity_parameter=-0.9215 elapsed=5.64634s written=0
  crossing 0/250
  stopped velocity row 3 IC 67 x0=0.790388 velocity_parameter=-0.9215 status=collision: trajectory reached the configured collision radius
velocity row 3/120 IC 75/599 x0=0.790394 velocity_parameter=-0.9215 elapsed=6.24417s written=0
  crossing 0/250
  stopped velocity row 3 IC 75 x0=0.790394 velocity_parameter=-0.9215 status=collision: trajectory reached the configured collision radius
velocity row 4/120 IC 57/599 x0=0.790381 velocity_parameter=-0.905333 elapsed=6.31837s written=0
  crossing 0/250
  stopped velocity row 4 IC 57 x0=0.790381 velocity_parameter=-0.905333 status=collision: trajectory reached the configured collision radius
velocity row 4/120 IC 67/599 x0=0.790388 velocity_parameter=-0.905333 elapsed=7.07104s written=0
  crossing 0/250
  stopped velocity row 4 IC 67 x0=0.790388 velocity_parameter=-0.905333 status=collision: trajectory reached the configured collision radius
velocity row 4/120 IC 75/599 x0=0.790394 velocity_parameter=-0.905333 elapsed=7.65425s written=0
  crossing 0/250
  stopped velocity row 4 IC 75 x0=0.790394 velocity_parameter=-0.905333 status=collision: trajectory reached the configured collision radius
velocity row 5/120 IC 57/599 x0=0.790381 velocity_parameter=-0.889167 elapsed=7.7305s written=0
  crossing 0/250
  stopped velocity row 5 IC 57 x0=0.790381 velocity_parameter=-0.889167 status=collision: trajectory reached the configured collision radius
velocity row 5/120 IC 67/599 x0=0.790388 velocity_parameter=-0.889167 elapsed=8.4789s written=0
  crossing 0/250
  stopped velocity row 5 IC 67 x0=0.790388 velocity_parameter=-0.889167 status=collision: trajectory reached the configured collision radius
velocity row 5/120 IC 75/599 x0=0.790394 velocity_parameter=-0.889167 elapsed=9.09205s written=0
  crossing 0/250
  stopped velocity row 5 IC 75 x0=0.790394 velocity_parameter=-0.889167 status=collision: trajectory reached the configured collision radius
velocity row 6/120 IC 57/599 x0=0.790381 velocity_parameter=-0.873 elapsed=9.16834s written=0
  crossing 0/250
  stopped velocity row 6 IC 57 x0=0.790381 velocity_parameter=-0.873 status=collision: trajectory reached the configured collision radius
velocity row 6/120 IC 67/599 x0=0.790388 velocity_parameter=-0.873 elapsed=9.91657s written=0
  crossing 0/250
  stopped velocity row 6 IC 67 x0=0.790388 velocity_parameter=-0.873 status=collision: trajectory reached the configured collision radius
velocity row 6/120 IC 75/599 x0=0.790394 velocity_parameter=-0.873 elapsed=10.5087s written=0
  crossing 0/250
  stopped velocity row 6 IC 75 x0=0.790394 velocity_parameter=-0.873 status=collision: trajectory reached the configured collision radius
velocity row 7/120 IC 57/599 x0=0.790381 velocity_parameter=-0.856833 elapsed=10.5843s written=0
  crossing 0/250
  stopped velocity row 7 IC 57 x0=0.790381 velocity_parameter=-0.856833 status=collision: trajectory reached the configured collision radius
velocity row 7/120 IC 67/599 x0=0.790388 velocity_parameter=-0.856833 elapsed=11.3213s written=0
  crossing 0/250
  stopped velocity row 7 IC 67 x0=0.790388 velocity_parameter=-0.856833 status=collision: trajectory reached the configured collision radius
velocity row 7/120 IC 75/599 x0=0.790394 velocity_parameter=-0.856833 elapsed=11.9071s written=0
  crossing 0/250
  stopped velocity row 7 IC 75 x0=0.790394 velocity_parameter=-0.856833 status=collision: trajectory reached the configured collision radius
velocity row 8/120 IC 57/599 x0=0.790381 velocity_parameter=-0.840667 elapsed=11.9784s written=0
  crossing 0/250
  stopped velocity row 8 IC 57 x0=0.790381 velocity_parameter=-0.840667 status=collision: trajectory reached the configured collision radius
velocity row 8/120 IC 67/599 x0=0.790388 velocity_parameter=-0.840667 elapsed=12.6993s written=0
  crossing 0/250
  stopped velocity row 8 IC 67 x0=0.790388 velocity_parameter=-0.840667 status=collision: trajectory reached the configured collision radius
velocity row 8/120 IC 75/599 x0=0.790394 velocity_parameter=-0.840667 elapsed=13.287s written=0
  crossing 0/250
  stopped velocity row 8 IC 75 x0=0.790394 velocity_parameter=-0.840667 status=collision: trajectory reached the configured collision radius
velocity row 9/120 IC 57/599 x0=0.790381 velocity_parameter=-0.8245 elapsed=13.3539s written=0
  crossing 0/250
  stopped velocity row 9 IC 57 x0=0.790381 velocity_parameter=-0.8245 status=collision: trajectory reached the configured collision radius
velocity row 9/120 IC 67/599 x0=0.790388 velocity_parameter=-0.8245 elapsed=14.1085s written=0
  crossing 0/250
  stopped velocity row 9 IC 67 x0=0.790388 velocity_parameter=-0.8245 status=collision: trajectory reached the configured collision radius
velocity row 9/120 IC 75/599 x0=0.790394 velocity_parameter=-0.8245 elapsed=14.7078s written=0
  crossing 0/250
  stopped velocity row 9 IC 75 x0=0.790394 velocity_parameter=-0.8245 status=collision: trajectory reached the configured collision radius
velocity row 10/120 IC 57/599 x0=0.790381 velocity_parameter=-0.808333 elapsed=14.7824s written=0
  crossing 0/250
  stopped velocity row 10 IC 57 x0=0.790381 velocity_parameter=-0.808333 status=collision: trajectory reached the configured collision radius
velocity row 10/120 IC 67/599 x0=0.790388 velocity_parameter=-0.808333 elapsed=15.5172s written=0
  crossing 0/250
  stopped velocity row 10 IC 67 x0=0.790388 velocity_parameter=-0.808333 status=collision: trajectory reached the configured collision radius
velocity row 10/120 IC 75/599 x0=0.790394 velocity_parameter=-0.808333 elapsed=16.0856s written=0
  crossing 0/250
  stopped velocity row 10 IC 75 x0=0.790394 velocity_parameter=-0.808333 status=collision: trajectory reached the configured collision radius
velocity row 11/120 IC 57/599 x0=0.790381 velocity_parameter=-0.792167 elapsed=16.1562s written=0
  crossing 0/250
  stopped velocity row 11 IC 57 x0=0.790381 velocity_parameter=-0.792167 status=collision: trajectory reached the configured collision radius
velocity row 11/120 IC 67/599 x0=0.790388 velocity_parameter=-0.792167 elapsed=16.8844s written=0
  crossing 0/250
  stopped velocity row 11 IC 67 x0=0.790388 velocity_parameter=-0.792167 status=collision: trajectory reached the configured collision radius
velocity row 11/120 IC 75/599 x0=0.790394 velocity_parameter=-0.792167 elapsed=17.4926s written=0
  crossing 0/250
  stopped velocity row 11 IC 75 x0=0.790394 velocity_parameter=-0.792167 status=collision: trajectory reached the configured collision radius
velocity row 12/120 IC 57/599 x0=0.790381 velocity_parameter=-0.776 elapsed=17.5692s written=0
  crossing 0/250
  stopped velocity row 12 IC 57 x0=0.790381 velocity_parameter=-0.776 status=collision: trajectory reached the configured collision radius
velocity row 12/120 IC 67/599 x0=0.790388 velocity_parameter=-0.776 elapsed=18.2908s written=0
  crossing 0/250
  stopped velocity row 12 IC 67 x0=0.790388 velocity_parameter=-0.776 status=collision: trajectory reached the configured collision radius
velocity row 12/120 IC 75/599 x0=0.790394 velocity_parameter=-0.776 elapsed=18.8888s written=0
  crossing 0/250
  stopped velocity row 12 IC 75 x0=0.790394 velocity_parameter=-0.776 status=collision: trajectory reached the configured collision radius
velocity row 13/120 IC 57/599 x0=0.790381 velocity_parameter=-0.759833 elapsed=18.9628s written=0
  crossing 0/250
  stopped velocity row 13 IC 57 x0=0.790381 velocity_parameter=-0.759833 status=collision: trajectory reached the configured collision radius
velocity row 13/120 IC 67/599 x0=0.790388 velocity_parameter=-0.759833 elapsed=19.705s written=0
  crossing 0/250
  stopped velocity row 13 IC 67 x0=0.790388 velocity_parameter=-0.759833 status=collision: trajectory reached the configured collision radius
velocity row 13/120 IC 75/599 x0=0.790394 velocity_parameter=-0.759833 elapsed=20.2741s written=0
  crossing 0/250
  stopped velocity row 13 IC 75 x0=0.790394 velocity_parameter=-0.759833 status=collision: trajectory reached the configured collision radius
velocity row 14/120 IC 57/599 x0=0.790381 velocity_parameter=-0.743667 elapsed=20.3466s written=0
  crossing 0/250
  stopped velocity row 14 IC 57 x0=0.790381 velocity_parameter=-0.743667 status=collision: trajectory reached the configured collision radius
velocity row 14/120 IC 67/599 x0=0.790388 velocity_parameter=-0.743667 elapsed=21.0957s written=0
  crossing 0/250
  stopped velocity row 14 IC 67 x0=0.790388 velocity_parameter=-0.743667 status=collision: trajectory reached the configured collision radius
velocity row 14/120 IC 75/599 x0=0.790394 velocity_parameter=-0.743667 elapsed=21.6882s written=0
  crossing 0/250
  stopped velocity row 14 IC 75 x0=0.790394 velocity_parameter=-0.743667 status=collision: trajectory reached the configured collision radius
velocity row 15/120 IC 57/599 x0=0.790381 velocity_parameter=-0.7275 elapsed=21.7571s written=0
  crossing 0/250
  stopped velocity row 15 IC 57 x0=0.790381 velocity_parameter=-0.7275 status=collision: trajectory reached the configured collision radius
velocity row 15/120 IC 67/599 x0=0.790388 velocity_parameter=-0.7275 elapsed=22.4675s written=0
  crossing 0/250
  stopped velocity row 15 IC 67 x0=0.790388 velocity_parameter=-0.7275 status=collision: trajectory reached the configured collision radius
velocity row 15/120 IC 75/599 x0=0.790394 velocity_parameter=-0.7275 elapsed=23.0616s written=0
  crossing 0/250
  stopped velocity row 15 IC 75 x0=0.790394 velocity_parameter=-0.7275 status=collision: trajectory reached the configured collision radius
velocity row 16/120 IC 57/599 x0=0.790381 velocity_parameter=-0.711333 elapsed=23.1354s written=0
  crossing 0/250
  stopped velocity row 16 IC 57 x0=0.790381 velocity_parameter=-0.711333 status=collision: trajectory reached the configured collision radius
velocity row 16/120 IC 67/599 x0=0.790388 velocity_parameter=-0.711333 elapsed=23.8765s written=0
  crossing 0/250
  stopped velocity row 16 IC 67 x0=0.790388 velocity_parameter=-0.711333 status=collision: trajectory reached the configured collision radius
velocity row 16/120 IC 75/599 x0=0.790394 velocity_parameter=-0.711333 elapsed=24.4421s written=0
  crossing 0/250
  stopped velocity row 16 IC 75 x0=0.790394 velocity_parameter=-0.711333 status=collision: trajectory reached the configured collision radius
velocity row 17/120 IC 57/599 x0=0.790381 velocity_parameter=-0.695167 elapsed=24.509s written=0
  crossing 0/250
  stopped velocity row 17 IC 57 x0=0.790381 velocity_parameter=-0.695167 status=collision: trajectory reached the configured collision radius
velocity row 17/120 IC 67/599 x0=0.790388 velocity_parameter=-0.695167 elapsed=25.091s written=0
  crossing 0/250
  stopped velocity row 17 IC 67 x0=0.790388 velocity_parameter=-0.695167 status=collision: trajectory reached the configured collision radius
velocity row 17/120 IC 75/599 x0=0.790394 velocity_parameter=-0.695167 elapsed=25.5046s written=0
  crossing 0/250
  stopped velocity row 17 IC 75 x0=0.790394 velocity_parameter=-0.695167 status=collision: trajectory reached the configured collision radius
velocity row 18/120 IC 57/599 x0=0.790381 velocity_parameter=-0.679 elapsed=25.5702s written=0
  crossing 0/250
  stopped velocity row 18 IC 57 x0=0.790381 velocity_parameter=-0.679 status=collision: trajectory reached the configured collision radius
velocity row 18/120 IC 67/599 x0=0.790388 velocity_parameter=-0.679 elapsed=26.0481s written=0
  crossing 0/250
  stopped velocity row 18 IC 67 x0=0.790388 velocity_parameter=-0.679 status=collision: trajectory reached the configured collision radius
velocity row 18/120 IC 75/599 x0=0.790394 velocity_parameter=-0.679 elapsed=26.4213s written=0
  crossing 0/250
  stopped velocity row 18 IC 75 x0=0.790394 velocity_parameter=-0.679 status=collision: trajectory reached the configured collision radius
velocity row 19/120 IC 57/599 x0=0.790381 velocity_parameter=-0.662833 elapsed=26.4638s written=0
  crossing 0/250
  stopped velocity row 19 IC 57 x0=0.790381 velocity_parameter=-0.662833 status=collision: trajectory reached the configured collision radius
velocity row 19/120 IC 67/599 x0=0.790388 velocity_parameter=-0.662833 elapsed=26.9765s written=0
  crossing 0/250
  stopped velocity row 19 IC 67 x0=0.790388 velocity_parameter=-0.662833 status=collision: trajectory reached the configured collision radius
velocity row 19/120 IC 75/599 x0=0.790394 velocity_parameter=-0.662833 elapsed=27.2905s written=0
  crossing 0/250
  stopped velocity row 19 IC 75 x0=0.790394 velocity_parameter=-0.662833 status=collision: trajectory reached the configured collision radius
velocity row 20/120 IC 57/599 x0=0.790381 velocity_parameter=-0.646667 elapsed=27.3312s written=0
  crossing 0/250
  stopped velocity row 20 IC 57 x0=0.790381 velocity_parameter=-0.646667 status=collision: trajectory reached the configured collision radius
velocity row 20/120 IC 67/599 x0=0.790388 velocity_parameter=-0.646667 elapsed=27.6943s written=0
  crossing 0/250
  stopped velocity row 20 IC 67 x0=0.790388 velocity_parameter=-0.646667 status=collision: trajectory reached the configured collision radius
velocity row 20/120 IC 75/599 x0=0.790394 velocity_parameter=-0.646667 elapsed=28.0002s written=0
  crossing 0/250
  stopped velocity row 20 IC 75 x0=0.790394 velocity_parameter=-0.646667 status=collision: trajectory reached the configured collision radius
velocity row 21/120 IC 57/599 x0=0.790381 velocity_parameter=-0.6305 elapsed=28.0357s written=0
  crossing 0/250
  stopped velocity row 21 IC 57 x0=0.790381 velocity_parameter=-0.6305 status=collision: trajectory reached the configured collision radius
velocity row 21/120 IC 67/599 x0=0.790388 velocity_parameter=-0.6305 elapsed=28.4023s written=0
  crossing 0/250
  stopped velocity row 21 IC 67 x0=0.790388 velocity_parameter=-0.6305 status=collision: trajectory reached the configured collision radius
velocity row 21/120 IC 75/599 x0=0.790394 velocity_parameter=-0.6305 elapsed=28.6991s written=0
  crossing 0/250
  stopped velocity row 21 IC 75 x0=0.790394 velocity_parameter=-0.6305 status=collision: trajectory reached the configured collision radius
velocity row 22/120 IC 57/599 x0=0.790381 velocity_parameter=-0.614333 elapsed=28.7343s written=0
  crossing 0/250
  stopped velocity row 22 IC 57 x0=0.790381 velocity_parameter=-0.614333 status=collision: trajectory reached the configured collision radius
velocity row 22/120 IC 67/599 x0=0.790388 velocity_parameter=-0.614333 elapsed=29.1088s written=0
  crossing 0/250
  stopped velocity row 22 IC 67 x0=0.790388 velocity_parameter=-0.614333 status=collision: trajectory reached the configured collision radius
velocity row 22/120 IC 75/599 x0=0.790394 velocity_parameter=-0.614333 elapsed=29.3961s written=0
  crossing 0/250
  stopped velocity row 22 IC 75 x0=0.790394 velocity_parameter=-0.614333 status=collision: trajectory reached the configured collision radius
velocity row 23/120 IC 57/599 x0=0.790381 velocity_parameter=-0.598167 elapsed=29.431s written=0
  crossing 0/250
  stopped velocity row 23 IC 57 x0=0.790381 velocity_parameter=-0.598167 status=collision: trajectory reached the configured collision radius
velocity row 23/120 IC 67/599 x0=0.790388 velocity_parameter=-0.598167 elapsed=29.8122s written=0
  crossing 0/250
  stopped velocity row 23 IC 67 x0=0.790388 velocity_parameter=-0.598167 status=collision: trajectory reached the configured collision radius
velocity row 23/120 IC 75/599 x0=0.790394 velocity_parameter=-0.598167 elapsed=30.0987s written=0
  crossing 0/250
  stopped velocity row 23 IC 75 x0=0.790394 velocity_parameter=-0.598167 status=collision: trajectory reached the configured collision radius
velocity row 24/120 IC 57/599 x0=0.790381 velocity_parameter=-0.582 elapsed=30.135s written=0
  crossing 0/250
  stopped velocity row 24 IC 57 x0=0.790381 velocity_parameter=-0.582 status=collision: trajectory reached the configured collision radius
velocity row 24/120 IC 67/599 x0=0.790388 velocity_parameter=-0.582 elapsed=30.511s written=0
  crossing 0/250
  stopped velocity row 24 IC 67 x0=0.790388 velocity_parameter=-0.582 status=collision: trajectory reached the configured collision radius
velocity row 24/120 IC 75/599 x0=0.790394 velocity_parameter=-0.582 elapsed=30.7907s written=0
  crossing 0/250
  stopped velocity row 24 IC 75 x0=0.790394 velocity_parameter=-0.582 status=collision: trajectory reached the configured collision radius
velocity row 25/120 IC 57/599 x0=0.790381 velocity_parameter=-0.565833 elapsed=30.8262s written=0
  crossing 0/250
  stopped velocity row 25 IC 57 x0=0.790381 velocity_parameter=-0.565833 status=collision: trajectory reached the configured collision radius
velocity row 25/120 IC 67/599 x0=0.790388 velocity_parameter=-0.565833 elapsed=31.1785s written=0
  crossing 0/250
  stopped velocity row 25 IC 67 x0=0.790388 velocity_parameter=-0.565833 status=collision: trajectory reached the configured collision radius
velocity row 25/120 IC 75/599 x0=0.790394 velocity_parameter=-0.565833 elapsed=31.4819s written=0
  crossing 0/250
  stopped velocity row 25 IC 75 x0=0.790394 velocity_parameter=-0.565833 status=collision: trajectory reached the configured collision radius
velocity row 26/120 IC 57/599 x0=0.790381 velocity_parameter=-0.549667 elapsed=31.517s written=0
  crossing 0/250
  stopped velocity row 26 IC 57 x0=0.790381 velocity_parameter=-0.549667 status=collision: trajectory reached the configured collision radius
velocity row 26/120 IC 67/599 x0=0.790388 velocity_parameter=-0.549667 elapsed=31.9054s written=0
  crossing 0/250
  stopped velocity row 26 IC 67 x0=0.790388 velocity_parameter=-0.549667 status=collision: trajectory reached the configured collision radius
velocity row 26/120 IC 75/599 x0=0.790394 velocity_parameter=-0.549667 elapsed=32.2314s written=0
  crossing 0/250
  stopped velocity row 26 IC 75 x0=0.790394 velocity_parameter=-0.549667 status=collision: trajectory reached the configured collision radius
velocity row 27/120 IC 57/599 x0=0.790381 velocity_parameter=-0.5335 elapsed=32.2663s written=0
  crossing 0/250
  stopped velocity row 27 IC 57 x0=0.790381 velocity_parameter=-0.5335 status=collision: trajectory reached the configured collision radius
velocity row 27/120 IC 67/599 x0=0.790388 velocity_parameter=-0.5335 elapsed=32.6586s written=0
  crossing 0/250
  stopped velocity row 27 IC 67 x0=0.790388 velocity_parameter=-0.5335 status=collision: trajectory reached the configured collision radius
velocity row 27/120 IC 75/599 x0=0.790394 velocity_parameter=-0.5335 elapsed=32.9375s written=0
  crossing 0/250
  stopped velocity row 27 IC 75 x0=0.790394 velocity_parameter=-0.5335 status=collision: trajectory reached the configured collision radius
velocity row 28/120 IC 57/599 x0=0.790381 velocity_parameter=-0.517333 elapsed=32.9925s written=0
  crossing 0/250
  stopped velocity row 28 IC 57 x0=0.790381 velocity_parameter=-0.517333 status=collision: trajectory reached the configured collision radius
velocity row 28/120 IC 67/599 x0=0.790388 velocity_parameter=-0.517333 elapsed=33.3705s written=0
  crossing 0/250
  stopped velocity row 28 IC 67 x0=0.790388 velocity_parameter=-0.517333 status=collision: trajectory reached the configured collision radius
velocity row 28/120 IC 75/599 x0=0.790394 velocity_parameter=-0.517333 elapsed=33.7074s written=0
  crossing 0/250
  stopped velocity row 28 IC 75 x0=0.790394 velocity_parameter=-0.517333 status=collision: trajectory reached the configured collision radius
velocity row 29/120 IC 57/599 x0=0.790381 velocity_parameter=-0.501167 elapsed=33.7429s written=0
  crossing 0/250
  stopped velocity row 29 IC 57 x0=0.790381 velocity_parameter=-0.501167 status=collision: trajectory reached the configured collision radius
velocity row 29/120 IC 67/599 x0=0.790388 velocity_parameter=-0.501167 elapsed=34.1127s written=0
  crossing 0/250
  stopped velocity row 29 IC 67 x0=0.790388 velocity_parameter=-0.501167 status=collision: trajectory reached the configured collision radius
velocity row 29/120 IC 75/599 x0=0.790394 velocity_parameter=-0.501167 elapsed=34.3964s written=0
  crossing 0/250
  stopped velocity row 29 IC 75 x0=0.790394 velocity_parameter=-0.501167 status=collision: trajectory reached the configured collision radius
velocity row 30/120 IC 57/599 x0=0.790381 velocity_parameter=-0.485 elapsed=34.4314s written=0
  crossing 0/250
  stopped velocity row 30 IC 57 x0=0.790381 velocity_parameter=-0.485 status=collision: trajectory reached the configured collision radius
velocity row 30/120 IC 67/599 x0=0.790388 velocity_parameter=-0.485 elapsed=34.8223s written=0
  crossing 0/250
  stopped velocity row 30 IC 67 x0=0.790388 velocity_parameter=-0.485 status=collision: trajectory reached the configured collision radius
velocity row 30/120 IC 75/599 x0=0.790394 velocity_parameter=-0.485 elapsed=35.1357s written=0
  crossing 0/250
  stopped velocity row 30 IC 75 x0=0.790394 velocity_parameter=-0.485 status=collision: trajectory reached the configured collision radius
velocity row 31/120 IC 57/599 x0=0.790381 velocity_parameter=-0.468833 elapsed=35.1731s written=0
  crossing 0/250
  stopped velocity row 31 IC 57 x0=0.790381 velocity_parameter=-0.468833 status=collision: trajectory reached the configured collision radius
velocity row 31/120 IC 67/599 x0=0.790388 velocity_parameter=-0.468833 elapsed=35.572s written=0
  crossing 0/250
  stopped velocity row 31 IC 67 x0=0.790388 velocity_parameter=-0.468833 status=collision: trajectory reached the configured collision radius
velocity row 31/120 IC 75/599 x0=0.790394 velocity_parameter=-0.468833 elapsed=35.8914s written=0
  crossing 0/250
  stopped velocity row 31 IC 75 x0=0.790394 velocity_parameter=-0.468833 status=collision: trajectory reached the configured collision radius
velocity row 32/120 IC 57/599 x0=0.790381 velocity_parameter=-0.452667 elapsed=35.9275s written=0
  crossing 0/250
  stopped velocity row 32 IC 57 x0=0.790381 velocity_parameter=-0.452667 status=collision: trajectory reached the configured collision radius
velocity row 32/120 IC 67/599 x0=0.790388 velocity_parameter=-0.452667 elapsed=36.3098s written=0
  crossing 0/250
  stopped velocity row 32 IC 67 x0=0.790388 velocity_parameter=-0.452667 status=collision: trajectory reached the configured collision radius
velocity row 32/120 IC 75/599 x0=0.790394 velocity_parameter=-0.452667 elapsed=36.6659s written=0
  crossing 0/250
  stopped velocity row 32 IC 75 x0=0.790394 velocity_parameter=-0.452667 status=collision: trajectory reached the configured collision radius
velocity row 33/120 IC 57/599 x0=0.790381 velocity_parameter=-0.4365 elapsed=36.7016s written=0
  crossing 0/250
  stopped velocity row 33 IC 57 x0=0.790381 velocity_parameter=-0.4365 status=collision: trajectory reached the configured collision radius
velocity row 33/120 IC 67/599 x0=0.790388 velocity_parameter=-0.4365 elapsed=37.1239s written=0
  crossing 0/250
  stopped velocity row 33 IC 67 x0=0.790388 velocity_parameter=-0.4365 status=collision: trajectory reached the configured collision radius
velocity row 33/120 IC 75/599 x0=0.790394 velocity_parameter=-0.4365 elapsed=37.4974s written=0
  crossing 0/250
  stopped velocity row 33 IC 75 x0=0.790394 velocity_parameter=-0.4365 status=collision: trajectory reached the configured collision radius
velocity row 34/120 IC 57/599 x0=0.790381 velocity_parameter=-0.420333 elapsed=37.5339s written=0
  crossing 0/250
  stopped velocity row 34 IC 57 x0=0.790381 velocity_parameter=-0.420333 status=collision: trajectory reached the configured collision radius
velocity row 34/120 IC 67/599 x0=0.790388 velocity_parameter=-0.420333 elapsed=37.926s written=0
  crossing 0/250
  stopped velocity row 34 IC 67 x0=0.790388 velocity_parameter=-0.420333 status=collision: trajectory reached the configured collision radius
velocity row 34/120 IC 75/599 x0=0.790394 velocity_parameter=-0.420333 elapsed=38.2634s written=0
  crossing 0/250
  stopped velocity row 34 IC 75 x0=0.790394 velocity_parameter=-0.420333 status=collision: trajectory reached the configured collision radius
velocity row 35/120 IC 57/599 x0=0.790381 velocity_parameter=-0.404167 elapsed=38.2989s written=0
  crossing 0/250
  stopped velocity row 35 IC 57 x0=0.790381 velocity_parameter=-0.404167 status=collision: trajectory reached the configured collision radius
velocity row 35/120 IC 67/599 x0=0.790388 velocity_parameter=-0.404167 elapsed=38.7039s written=0
  crossing 0/250
  stopped velocity row 35 IC 67 x0=0.790388 velocity_parameter=-0.404167 status=collision: trajectory reached the configured collision radius
velocity row 35/120 IC 75/599 x0=0.790394 velocity_parameter=-0.404167 elapsed=39.0385s written=0
  crossing 0/250
  stopped velocity row 35 IC 75 x0=0.790394 velocity_parameter=-0.404167 status=collision: trajectory reached the configured collision radius
velocity row 36/120 IC 57/599 x0=0.790381 velocity_parameter=-0.388 elapsed=39.0761s written=0
  crossing 0/250
  stopped velocity row 36 IC 57 x0=0.790381 velocity_parameter=-0.388 status=collision: trajectory reached the configured collision radius
velocity row 36/120 IC 67/599 x0=0.790388 velocity_parameter=-0.388 elapsed=39.4549s written=0
  crossing 0/250
  stopped velocity row 36 IC 67 x0=0.790388 velocity_parameter=-0.388 status=collision: trajectory reached the configured collision radius
velocity row 36/120 IC 75/599 x0=0.790394 velocity_parameter=-0.388 elapsed=39.7397s written=0
  crossing 0/250
  stopped velocity row 36 IC 75 x0=0.790394 velocity_parameter=-0.388 status=collision: trajectory reached the configured collision radius
velocity row 37/120 IC 57/599 x0=0.790381 velocity_parameter=-0.371833 elapsed=39.7765s written=0
  crossing 0/250
  stopped velocity row 37 IC 57 x0=0.790381 velocity_parameter=-0.371833 status=collision: trajectory reached the configured collision radius
velocity row 37/120 IC 67/599 x0=0.790388 velocity_parameter=-0.371833 elapsed=40.216s written=0
  crossing 0/250
  stopped velocity row 37 IC 67 x0=0.790388 velocity_parameter=-0.371833 status=collision: trajectory reached the configured collision radius
velocity row 37/120 IC 75/599 x0=0.790394 velocity_parameter=-0.371833 elapsed=40.5204s written=0
  crossing 0/250
  stopped velocity row 37 IC 75 x0=0.790394 velocity_parameter=-0.371833 status=collision: trajectory reached the configured collision radius
velocity row 38/120 IC 57/599 x0=0.790381 velocity_parameter=-0.355667 elapsed=40.5571s written=0
  crossing 0/250
  stopped velocity row 38 IC 57 x0=0.790381 velocity_parameter=-0.355667 status=collision: trajectory reached the configured collision radius
velocity row 38/120 IC 67/599 x0=0.790388 velocity_parameter=-0.355667 elapsed=40.9257s written=0
  crossing 0/250
  stopped velocity row 38 IC 67 x0=0.790388 velocity_parameter=-0.355667 status=collision: trajectory reached the configured collision radius
velocity row 38/120 IC 75/599 x0=0.790394 velocity_parameter=-0.355667 elapsed=41.2194s written=0
  crossing 0/250
  stopped velocity row 38 IC 75 x0=0.790394 velocity_parameter=-0.355667 status=collision: trajectory reached the configured collision radius
velocity row 39/120 IC 57/599 x0=0.790381 velocity_parameter=-0.3395 elapsed=41.2546s written=0
  crossing 0/250
  stopped velocity row 39 IC 57 x0=0.790381 velocity_parameter=-0.3395 status=collision: trajectory reached the configured collision radius
velocity row 39/120 IC 67/599 x0=0.790388 velocity_parameter=-0.3395 elapsed=41.6276s written=0
  crossing 0/250
  stopped velocity row 39 IC 67 x0=0.790388 velocity_parameter=-0.3395 status=collision: trajectory reached the configured collision radius
velocity row 39/120 IC 75/599 x0=0.790394 velocity_parameter=-0.3395 elapsed=41.9461s written=0
  crossing 0/250
  stopped velocity row 39 IC 75 x0=0.790394 velocity_parameter=-0.3395 status=collision: trajectory reached the configured collision radius
velocity row 40/120 IC 57/599 x0=0.790381 velocity_parameter=-0.323333 elapsed=41.9815s written=0
  crossing 0/250
  stopped velocity row 40 IC 57 x0=0.790381 velocity_parameter=-0.323333 status=collision: trajectory reached the configured collision radius
velocity row 40/120 IC 67/599 x0=0.790388 velocity_parameter=-0.323333 elapsed=42.3538s written=0
  crossing 0/250
  stopped velocity row 40 IC 67 x0=0.790388 velocity_parameter=-0.323333 status=collision: trajectory reached the configured collision radius
velocity row 40/120 IC 75/599 x0=0.790394 velocity_parameter=-0.323333 elapsed=42.6353s written=0
  crossing 0/250
  stopped velocity row 40 IC 75 x0=0.790394 velocity_parameter=-0.323333 status=collision: trajectory reached the configured collision radius
velocity row 41/120 IC 57/599 x0=0.790381 velocity_parameter=-0.307167 elapsed=42.6711s written=0
  crossing 0/250
  stopped velocity row 41 IC 57 x0=0.790381 velocity_parameter=-0.307167 status=collision: trajectory reached the configured collision radius
velocity row 41/120 IC 67/599 x0=0.790388 velocity_parameter=-0.307167 elapsed=43.0713s written=0
  crossing 0/250
  stopped velocity row 41 IC 67 x0=0.790388 velocity_parameter=-0.307167 status=collision: trajectory reached the configured collision radius
velocity row 41/120 IC 75/599 x0=0.790394 velocity_parameter=-0.307167 elapsed=43.3759s written=0
  crossing 0/250
  stopped velocity row 41 IC 75 x0=0.790394 velocity_parameter=-0.307167 status=collision: trajectory reached the configured collision radius
velocity row 42/120 IC 57/599 x0=0.790381 velocity_parameter=-0.291 elapsed=43.4114s written=0
  crossing 0/250
  stopped velocity row 42 IC 57 x0=0.790381 velocity_parameter=-0.291 status=collision: trajectory reached the configured collision radius
velocity row 42/120 IC 67/599 x0=0.790388 velocity_parameter=-0.291 elapsed=43.7704s written=0
  crossing 0/250
  stopped velocity row 42 IC 67 x0=0.790388 velocity_parameter=-0.291 status=collision: trajectory reached the configured collision radius
velocity row 42/120 IC 75/599 x0=0.790394 velocity_parameter=-0.291 elapsed=44.0732s written=0
  crossing 0/250
  stopped velocity row 42 IC 75 x0=0.790394 velocity_parameter=-0.291 status=collision: trajectory reached the configured collision radius
velocity row 43/120 IC 57/599 x0=0.790381 velocity_parameter=-0.274833 elapsed=44.1196s written=0
  crossing 0/250
  stopped velocity row 43 IC 57 x0=0.790381 velocity_parameter=-0.274833 status=collision: trajectory reached the configured collision radius
velocity row 43/120 IC 67/599 x0=0.790388 velocity_parameter=-0.274833 elapsed=44.4708s written=0
  crossing 0/250
  stopped velocity row 43 IC 67 x0=0.790388 velocity_parameter=-0.274833 status=collision: trajectory reached the configured collision radius
velocity row 43/120 IC 75/599 x0=0.790394 velocity_parameter=-0.274833 elapsed=44.7552s written=0
  crossing 0/250
  stopped velocity row 43 IC 75 x0=0.790394 velocity_parameter=-0.274833 status=collision: trajectory reached the configured collision radius
velocity row 44/120 IC 57/599 x0=0.790381 velocity_parameter=-0.258667 elapsed=44.7906s written=0
  crossing 0/250
  stopped velocity row 44 IC 57 x0=0.790381 velocity_parameter=-0.258667 status=collision: trajectory reached the configured collision radius
velocity row 44/120 IC 67/599 x0=0.790388 velocity_parameter=-0.258667 elapsed=45.166s written=0
  crossing 0/250
  stopped velocity row 44 IC 67 x0=0.790388 velocity_parameter=-0.258667 status=collision: trajectory reached the configured collision radius
velocity row 44/120 IC 75/599 x0=0.790394 velocity_parameter=-0.258667 elapsed=45.4464s written=0
  crossing 0/250
  stopped velocity row 44 IC 75 x0=0.790394 velocity_parameter=-0.258667 status=collision: trajectory reached the configured collision radius
velocity row 45/120 IC 57/599 x0=0.790381 velocity_parameter=-0.2425 elapsed=45.4836s written=0
  crossing 0/250
  stopped velocity row 45 IC 57 x0=0.790381 velocity_parameter=-0.2425 status=collision: trajectory reached the configured collision radius
velocity row 45/120 IC 67/599 x0=0.790388 velocity_parameter=-0.2425 elapsed=45.868s written=0
  crossing 0/250
  stopped velocity row 45 IC 67 x0=0.790388 velocity_parameter=-0.2425 status=collision: trajectory reached the configured collision radius
velocity row 45/120 IC 75/599 x0=0.790394 velocity_parameter=-0.2425 elapsed=46.1694s written=0
  crossing 0/250
  stopped velocity row 45 IC 75 x0=0.790394 velocity_parameter=-0.2425 status=collision: trajectory reached the configured collision radius
velocity row 46/120 IC 57/599 x0=0.790381 velocity_parameter=-0.226333 elapsed=46.2053s written=0
  crossing 0/250
  stopped velocity row 46 IC 57 x0=0.790381 velocity_parameter=-0.226333 status=collision: trajectory reached the configured collision radius
velocity row 46/120 IC 67/599 x0=0.790388 velocity_parameter=-0.226333 elapsed=46.5732s written=0
  crossing 0/250
  stopped velocity row 46 IC 67 x0=0.790388 velocity_parameter=-0.226333 status=collision: trajectory reached the configured collision radius
velocity row 46/120 IC 75/599 x0=0.790394 velocity_parameter=-0.226333 elapsed=46.8574s written=0
  crossing 0/250
  stopped velocity row 46 IC 75 x0=0.790394 velocity_parameter=-0.226333 status=collision: trajectory reached the configured collision radius
velocity row 47/120 IC 57/599 x0=0.790381 velocity_parameter=-0.210167 elapsed=46.8952s written=0
  crossing 0/250
  stopped velocity row 47 IC 57 x0=0.790381 velocity_parameter=-0.210167 status=collision: trajectory reached the configured collision radius
velocity row 47/120 IC 67/599 x0=0.790388 velocity_parameter=-0.210167 elapsed=47.3008s written=0
  crossing 0/250
  stopped velocity row 47 IC 67 x0=0.790388 velocity_parameter=-0.210167 status=collision: trajectory reached the configured collision radius
velocity row 47/120 IC 75/599 x0=0.790394 velocity_parameter=-0.210167 elapsed=47.584s written=0
  crossing 0/250
  stopped velocity row 47 IC 75 x0=0.790394 velocity_parameter=-0.210167 status=collision: trajectory reached the configured collision radius
velocity row 48/120 IC 57/599 x0=0.790381 velocity_parameter=-0.194 elapsed=47.6196s written=0
  crossing 0/250
  stopped velocity row 48 IC 57 x0=0.790381 velocity_parameter=-0.194 status=collision: trajectory reached the configured collision radius
velocity row 48/120 IC 67/599 x0=0.790388 velocity_parameter=-0.194 elapsed=48.0168s written=0
  crossing 0/250
  stopped velocity row 48 IC 67 x0=0.790388 velocity_parameter=-0.194 status=collision: trajectory reached the configured collision radius
velocity row 48/120 IC 75/599 x0=0.790394 velocity_parameter=-0.194 elapsed=48.3251s written=0
  crossing 0/250
  stopped velocity row 48 IC 75 x0=0.790394 velocity_parameter=-0.194 status=collision: trajectory reached the configured collision radius
velocity row 49/120 IC 57/599 x0=0.790381 velocity_parameter=-0.177833 elapsed=48.3601s written=0
  crossing 0/250
  stopped velocity row 49 IC 57 x0=0.790381 velocity_parameter=-0.177833 status=collision: trajectory reached the configured collision radius
velocity row 49/120 IC 67/599 x0=0.790388 velocity_parameter=-0.177833 elapsed=48.7202s written=0
  crossing 0/250
  stopped velocity row 49 IC 67 x0=0.790388 velocity_parameter=-0.177833 status=collision: trajectory reached the configured collision radius
velocity row 49/120 IC 75/599 x0=0.790394 velocity_parameter=-0.177833 elapsed=49.0144s written=0
  crossing 0/250
  stopped velocity row 49 IC 75 x0=0.790394 velocity_parameter=-0.177833 status=collision: trajectory reached the configured collision radius
velocity row 50/120 IC 57/599 x0=0.790381 velocity_parameter=-0.161667 elapsed=49.0496s written=0
  crossing 0/250
  stopped velocity row 50 IC 57 x0=0.790381 velocity_parameter=-0.161667 status=collision: trajectory reached the configured collision radius
velocity row 50/120 IC 67/599 x0=0.790388 velocity_parameter=-0.161667 elapsed=49.4248s written=0
  crossing 0/250
  stopped velocity row 50 IC 67 x0=0.790388 velocity_parameter=-0.161667 status=collision: trajectory reached the configured collision radius
velocity row 50/120 IC 75/599 x0=0.790394 velocity_parameter=-0.161667 elapsed=49.7093s written=0
  crossing 0/250
  stopped velocity row 50 IC 75 x0=0.790394 velocity_parameter=-0.161667 status=collision: trajectory reached the configured collision radius
velocity row 51/120 IC 57/599 x0=0.790381 velocity_parameter=-0.1455 elapsed=49.7565s written=0
  crossing 0/250
  stopped velocity row 51 IC 57 x0=0.790381 velocity_parameter=-0.1455 status=collision: trajectory reached the configured collision radius
velocity row 51/120 IC 67/599 x0=0.790388 velocity_parameter=-0.1455 elapsed=50.1113s written=0
  crossing 0/250
  stopped velocity row 51 IC 67 x0=0.790388 velocity_parameter=-0.1455 status=collision: trajectory reached the configured collision radius
velocity row 51/120 IC 75/599 x0=0.790394 velocity_parameter=-0.1455 elapsed=50.3942s written=0
  crossing 0/250
  stopped velocity row 51 IC 75 x0=0.790394 velocity_parameter=-0.1455 status=collision: trajectory reached the configured collision radius
velocity row 52/120 IC 57/599 x0=0.790381 velocity_parameter=-0.129333 elapsed=50.4296s written=0
  crossing 0/250
  stopped velocity row 52 IC 57 x0=0.790381 velocity_parameter=-0.129333 status=collision: trajectory reached the configured collision radius
velocity row 52/120 IC 67/599 x0=0.790388 velocity_parameter=-0.129333 elapsed=50.8116s written=0
  crossing 0/250
  stopped velocity row 52 IC 67 x0=0.790388 velocity_parameter=-0.129333 status=collision: trajectory reached the configured collision radius
velocity row 52/120 IC 75/599 x0=0.790394 velocity_parameter=-0.129333 elapsed=51.1015s written=0
  crossing 0/250
  stopped velocity row 52 IC 75 x0=0.790394 velocity_parameter=-0.129333 status=collision: trajectory reached the configured collision radius
velocity row 53/120 IC 57/599 x0=0.790381 velocity_parameter=-0.113167 elapsed=51.1376s written=0
  crossing 0/250
  stopped velocity row 53 IC 57 x0=0.790381 velocity_parameter=-0.113167 status=collision: trajectory reached the configured collision radius
velocity row 53/120 IC 67/599 x0=0.790388 velocity_parameter=-0.113167 elapsed=51.4974s written=0
  crossing 0/250
  stopped velocity row 53 IC 67 x0=0.790388 velocity_parameter=-0.113167 status=collision: trajectory reached the configured collision radius
velocity row 53/120 IC 75/599 x0=0.790394 velocity_parameter=-0.113167 elapsed=51.8098s written=0
  crossing 0/250
  stopped velocity row 53 IC 75 x0=0.790394 velocity_parameter=-0.113167 status=collision: trajectory reached the configured collision radius
velocity row 54/120 IC 57/599 x0=0.790381 velocity_parameter=-0.097 elapsed=51.8454s written=0
  crossing 0/250
  stopped velocity row 54 IC 57 x0=0.790381 velocity_parameter=-0.097 status=collision: trajectory reached the configured collision radius
velocity row 54/120 IC 67/599 x0=0.790388 velocity_parameter=-0.097 elapsed=52.2748s written=0
  crossing 0/250
  stopped velocity row 54 IC 67 x0=0.790388 velocity_parameter=-0.097 status=collision: trajectory reached the configured collision radius
velocity row 54/120 IC 75/599 x0=0.790394 velocity_parameter=-0.097 elapsed=52.5799s written=0
  crossing 0/250
  stopped velocity row 54 IC 75 x0=0.790394 velocity_parameter=-0.097 status=collision: trajectory reached the configured collision radius
velocity row 55/120 IC 57/599 x0=0.790381 velocity_parameter=-0.0808333 elapsed=52.6149s written=0
  crossing 0/250
  stopped velocity row 55 IC 57 x0=0.790381 velocity_parameter=-0.0808333 status=collision: trajectory reached the configured collision radius
velocity row 55/120 IC 67/599 x0=0.790388 velocity_parameter=-0.0808333 elapsed=53.0113s written=0
  crossing 0/250
  stopped velocity row 55 IC 67 x0=0.790388 velocity_parameter=-0.0808333 status=collision: trajectory reached the configured collision radius
velocity row 55/120 IC 75/599 x0=0.790394 velocity_parameter=-0.0808333 elapsed=53.3108s written=0
  crossing 0/250
  stopped velocity row 55 IC 75 x0=0.790394 velocity_parameter=-0.0808333 status=collision: trajectory reached the configured collision radius
velocity row 56/120 IC 57/599 x0=0.790381 velocity_parameter=-0.0646667 elapsed=53.3519s written=0
  crossing 0/250
  stopped velocity row 56 IC 57 x0=0.790381 velocity_parameter=-0.0646667 status=collision: trajectory reached the configured collision radius
velocity row 56/120 IC 67/599 x0=0.790388 velocity_parameter=-0.0646667 elapsed=53.7147s written=0
  crossing 0/250
  stopped velocity row 56 IC 67 x0=0.790388 velocity_parameter=-0.0646667 status=collision: trajectory reached the configured collision radius
velocity row 56/120 IC 75/599 x0=0.790394 velocity_parameter=-0.0646667 elapsed=54.0207s written=0
  crossing 0/250
  stopped velocity row 56 IC 75 x0=0.790394 velocity_parameter=-0.0646667 status=collision: trajectory reached the configured collision radius
velocity row 57/120 IC 57/599 x0=0.790381 velocity_parameter=-0.0485 elapsed=54.0561s written=0
  crossing 0/250
  stopped velocity row 57 IC 57 x0=0.790381 velocity_parameter=-0.0485 status=collision: trajectory reached the configured collision radius
velocity row 57/120 IC 67/599 x0=0.790388 velocity_parameter=-0.0485 elapsed=54.4264s written=0
  crossing 0/250
  stopped velocity row 57 IC 67 x0=0.790388 velocity_parameter=-0.0485 status=collision: trajectory reached the configured collision radius
velocity row 57/120 IC 75/599 x0=0.790394 velocity_parameter=-0.0485 elapsed=54.7693s written=0
  crossing 0/250
  stopped velocity row 57 IC 75 x0=0.790394 velocity_parameter=-0.0485 status=collision: trajectory reached the configured collision radius
velocity row 58/120 IC 57/599 x0=0.790381 velocity_parameter=-0.0323333 elapsed=54.805s written=0
  crossing 0/250
  stopped velocity row 58 IC 57 x0=0.790381 velocity_parameter=-0.0323333 status=collision: trajectory reached the configured collision radius
velocity row 58/120 IC 67/599 x0=0.790388 velocity_parameter=-0.0323333 elapsed=55.1644s written=0
  crossing 0/250
  stopped velocity row 58 IC 67 x0=0.790388 velocity_parameter=-0.0323333 status=collision: trajectory reached the configured collision radius
velocity row 58/120 IC 75/599 x0=0.790394 velocity_parameter=-0.0323333 elapsed=55.4831s written=0
  crossing 0/250
  stopped velocity row 58 IC 75 x0=0.790394 velocity_parameter=-0.0323333 status=collision: trajectory reached the configured collision radius
velocity row 59/120 IC 57/599 x0=0.790381 velocity_parameter=-0.0161667 elapsed=55.5186s written=0
  crossing 0/250
  stopped velocity row 59 IC 57 x0=0.790381 velocity_parameter=-0.0161667 status=collision: trajectory reached the configured collision radius
velocity row 59/120 IC 67/599 x0=0.790388 velocity_parameter=-0.0161667 elapsed=55.9282s written=0
  crossing 0/250
  stopped velocity row 59 IC 67 x0=0.790388 velocity_parameter=-0.0161667 status=collision: trajectory reached the configured collision radius
velocity row 59/120 IC 75/599 x0=0.790394 velocity_parameter=-0.0161667 elapsed=56.2166s written=0
  crossing 0/250
  stopped velocity row 59 IC 75 x0=0.790394 velocity_parameter=-0.0161667 status=collision: trajectory reached the configured collision radius
velocity row 60/120 IC 57/599 x0=0.790381 velocity_parameter=0 elapsed=56.2526s written=0
  crossing 0/250
  stopped velocity row 60 IC 57 x0=0.790381 velocity_parameter=0 status=collision: trajectory reached the configured collision radius
velocity row 60/120 IC 67/599 x0=0.790388 velocity_parameter=0 elapsed=56.65s written=0
  crossing 0/250
  stopped velocity row 60 IC 67 x0=0.790388 velocity_parameter=0 status=collision: trajectory reached the configured collision radius
velocity row 60/120 IC 75/599 x0=0.790394 velocity_parameter=0 elapsed=56.9468s written=0
  crossing 0/250
  stopped velocity row 60 IC 75 x0=0.790394 velocity_parameter=0 status=collision: trajectory reached the configured collision radius
velocity row 61/120 IC 57/599 x0=0.790381 velocity_parameter=0.0161667 elapsed=56.9816s written=0
  crossing 0/250
  stopped velocity row 61 IC 57 x0=0.790381 velocity_parameter=0.0161667 status=collision: trajectory reached the configured collision radius
velocity row 61/120 IC 67/599 x0=0.790388 velocity_parameter=0.0161667 elapsed=57.339s written=0
  crossing 0/250
  stopped velocity row 61 IC 67 x0=0.790388 velocity_parameter=0.0161667 status=collision: trajectory reached the configured collision radius
velocity row 61/120 IC 75/599 x0=0.790394 velocity_parameter=0.0161667 elapsed=57.6276s written=0
  crossing 0/250
  stopped velocity row 61 IC 75 x0=0.790394 velocity_parameter=0.0161667 status=collision: trajectory reached the configured collision radius
velocity row 62/120 IC 57/599 x0=0.790381 velocity_parameter=0.0323333 elapsed=57.6638s written=0
  crossing 0/250
  stopped velocity row 62 IC 57 x0=0.790381 velocity_parameter=0.0323333 status=collision: trajectory reached the configured collision radius
velocity row 62/120 IC 67/599 x0=0.790388 velocity_parameter=0.0323333 elapsed=58.0195s written=0
  crossing 0/250
  stopped velocity row 62 IC 67 x0=0.790388 velocity_parameter=0.0323333 status=collision: trajectory reached the configured collision radius
velocity row 62/120 IC 75/599 x0=0.790394 velocity_parameter=0.0323333 elapsed=58.3119s written=0
  crossing 0/250
  stopped velocity row 62 IC 75 x0=0.790394 velocity_parameter=0.0323333 status=collision: trajectory reached the configured collision radius
velocity row 63/120 IC 57/599 x0=0.790381 velocity_parameter=0.0485 elapsed=58.3474s written=0
  crossing 0/250
  stopped velocity row 63 IC 57 x0=0.790381 velocity_parameter=0.0485 status=collision: trajectory reached the configured collision radius
velocity row 63/120 IC 67/599 x0=0.790388 velocity_parameter=0.0485 elapsed=58.704s written=0
  crossing 0/250
  stopped velocity row 63 IC 67 x0=0.790388 velocity_parameter=0.0485 status=collision: trajectory reached the configured collision radius
velocity row 63/120 IC 75/599 x0=0.790394 velocity_parameter=0.0485 elapsed=59.0059s written=0
  crossing 0/250
  stopped velocity row 63 IC 75 x0=0.790394 velocity_parameter=0.0485 status=collision: trajectory reached the configured collision radius
velocity row 64/120 IC 57/599 x0=0.790381 velocity_parameter=0.0646667 elapsed=59.0419s written=0
  crossing 0/250
  stopped velocity row 64 IC 57 x0=0.790381 velocity_parameter=0.0646667 status=collision: trajectory reached the configured collision radius
velocity row 64/120 IC 67/599 x0=0.790388 velocity_parameter=0.0646667 elapsed=59.4006s written=0
  crossing 0/250
  stopped velocity row 64 IC 67 x0=0.790388 velocity_parameter=0.0646667 status=collision: trajectory reached the configured collision radius
velocity row 64/120 IC 75/599 x0=0.790394 velocity_parameter=0.0646667 elapsed=59.6891s written=0
  crossing 0/250
  stopped velocity row 64 IC 75 x0=0.790394 velocity_parameter=0.0646667 status=collision: trajectory reached the configured collision radius
velocity row 65/120 IC 57/599 x0=0.790381 velocity_parameter=0.0808333 elapsed=59.7241s written=0
  crossing 0/250
  stopped velocity row 65 IC 57 x0=0.790381 velocity_parameter=0.0808333 status=collision: trajectory reached the configured collision radius
velocity row 65/120 IC 67/599 x0=0.790388 velocity_parameter=0.0808333 elapsed=60.1306s written=0
  crossing 0/250
  stopped velocity row 65 IC 67 x0=0.790388 velocity_parameter=0.0808333 status=collision: trajectory reached the configured collision radius
velocity row 65/120 IC 75/599 x0=0.790394 velocity_parameter=0.0808333 elapsed=60.4335s written=0
  crossing 0/250
  stopped velocity row 65 IC 75 x0=0.790394 velocity_parameter=0.0808333 status=collision: trajectory reached the configured collision radius
velocity row 66/120 IC 57/599 x0=0.790381 velocity_parameter=0.097 elapsed=60.4699s written=0
  crossing 0/250
  stopped velocity row 66 IC 57 x0=0.790381 velocity_parameter=0.097 status=collision: trajectory reached the configured collision radius
velocity row 66/120 IC 67/599 x0=0.790388 velocity_parameter=0.097 elapsed=60.8303s written=0
  crossing 0/250
  stopped velocity row 66 IC 67 x0=0.790388 velocity_parameter=0.097 status=collision: trajectory reached the configured collision radius
velocity row 66/120 IC 75/599 x0=0.790394 velocity_parameter=0.097 elapsed=61.1157s written=0
  crossing 0/250
  stopped velocity row 66 IC 75 x0=0.790394 velocity_parameter=0.097 status=collision: trajectory reached the configured collision radius
velocity row 67/120 IC 57/599 x0=0.790381 velocity_parameter=0.113167 elapsed=61.1523s written=0
  crossing 0/250
  stopped velocity row 67 IC 57 x0=0.790381 velocity_parameter=0.113167 status=collision: trajectory reached the configured collision radius
velocity row 67/120 IC 67/599 x0=0.790388 velocity_parameter=0.113167 elapsed=61.5135s written=0
  crossing 0/250
  stopped velocity row 67 IC 67 x0=0.790388 velocity_parameter=0.113167 status=collision: trajectory reached the configured collision radius
velocity row 67/120 IC 75/599 x0=0.790394 velocity_parameter=0.113167 elapsed=61.8307s written=0
  crossing 0/250
  stopped velocity row 67 IC 75 x0=0.790394 velocity_parameter=0.113167 status=collision: trajectory reached the configured collision radius
velocity row 68/120 IC 57/599 x0=0.790381 velocity_parameter=0.129333 elapsed=61.8654s written=0
  crossing 0/250
  stopped velocity row 68 IC 57 x0=0.790381 velocity_parameter=0.129333 status=collision: trajectory reached the configured collision radius
velocity row 68/120 IC 67/599 x0=0.790388 velocity_parameter=0.129333 elapsed=62.2356s written=0
  crossing 0/250
  stopped velocity row 68 IC 67 x0=0.790388 velocity_parameter=0.129333 status=collision: trajectory reached the configured collision radius
velocity row 68/120 IC 75/599 x0=0.790394 velocity_parameter=0.129333 elapsed=62.5218s written=0
  crossing 0/250
  stopped velocity row 68 IC 75 x0=0.790394 velocity_parameter=0.129333 status=collision: trajectory reached the configured collision radius
velocity row 69/120 IC 57/599 x0=0.790381 velocity_parameter=0.1455 elapsed=62.5583s written=0
  crossing 0/250
  stopped velocity row 69 IC 57 x0=0.790381 velocity_parameter=0.1455 status=collision: trajectory reached the configured collision radius
velocity row 69/120 IC 67/599 x0=0.790388 velocity_parameter=0.1455 elapsed=62.916s written=0
  crossing 0/250
  stopped velocity row 69 IC 67 x0=0.790388 velocity_parameter=0.1455 status=collision: trajectory reached the configured collision radius
velocity row 69/120 IC 75/599 x0=0.790394 velocity_parameter=0.1455 elapsed=63.2065s written=0
  crossing 0/250
  stopped velocity row 69 IC 75 x0=0.790394 velocity_parameter=0.1455 status=collision: trajectory reached the configured collision radius
velocity row 70/120 IC 57/599 x0=0.790381 velocity_parameter=0.161667 elapsed=63.244s written=0
  crossing 0/250
  stopped velocity row 70 IC 57 x0=0.790381 velocity_parameter=0.161667 status=collision: trajectory reached the configured collision radius
velocity row 70/120 IC 67/599 x0=0.790388 velocity_parameter=0.161667 elapsed=63.6049s written=0
  crossing 0/250
  stopped velocity row 70 IC 67 x0=0.790388 velocity_parameter=0.161667 status=collision: trajectory reached the configured collision radius
velocity row 70/120 IC 75/599 x0=0.790394 velocity_parameter=0.161667 elapsed=63.9067s written=0
  crossing 0/250
  stopped velocity row 70 IC 75 x0=0.790394 velocity_parameter=0.161667 status=collision: trajectory reached the configured collision radius
velocity row 71/120 IC 57/599 x0=0.790381 velocity_parameter=0.177833 elapsed=63.9432s written=0
  crossing 0/250
  stopped velocity row 71 IC 57 x0=0.790381 velocity_parameter=0.177833 status=collision: trajectory reached the configured collision radius
velocity row 71/120 IC 67/599 x0=0.790388 velocity_parameter=0.177833 elapsed=64.303s written=0
  crossing 0/250
  stopped velocity row 71 IC 67 x0=0.790388 velocity_parameter=0.177833 status=collision: trajectory reached the configured collision radius
velocity row 71/120 IC 75/599 x0=0.790394 velocity_parameter=0.177833 elapsed=64.634s written=0
  crossing 0/250
  stopped velocity row 71 IC 75 x0=0.790394 velocity_parameter=0.177833 status=collision: trajectory reached the configured collision radius
velocity row 72/120 IC 57/599 x0=0.790381 velocity_parameter=0.194 elapsed=64.6716s written=0
  crossing 0/250
  stopped velocity row 72 IC 57 x0=0.790381 velocity_parameter=0.194 status=collision: trajectory reached the configured collision radius
velocity row 72/120 IC 67/599 x0=0.790388 velocity_parameter=0.194 elapsed=65.0554s written=0
  crossing 0/250
  stopped velocity row 72 IC 67 x0=0.790388 velocity_parameter=0.194 status=collision: trajectory reached the configured collision radius
velocity row 72/120 IC 75/599 x0=0.790394 velocity_parameter=0.194 elapsed=65.3423s written=0
  crossing 0/250
  stopped velocity row 72 IC 75 x0=0.790394 velocity_parameter=0.194 status=collision: trajectory reached the configured collision radius
velocity row 73/120 IC 57/599 x0=0.790381 velocity_parameter=0.210167 elapsed=65.3781s written=0
  crossing 0/250
  stopped velocity row 73 IC 57 x0=0.790381 velocity_parameter=0.210167 status=collision: trajectory reached the configured collision radius
velocity row 73/120 IC 67/599 x0=0.790388 velocity_parameter=0.210167 elapsed=65.7353s written=0
  crossing 0/250
  stopped velocity row 73 IC 67 x0=0.790388 velocity_parameter=0.210167 status=collision: trajectory reached the configured collision radius
velocity row 73/120 IC 75/599 x0=0.790394 velocity_parameter=0.210167 elapsed=66.0231s written=0
  crossing 0/250
  stopped velocity row 73 IC 75 x0=0.790394 velocity_parameter=0.210167 status=collision: trajectory reached the configured collision radius
velocity row 74/120 IC 57/599 x0=0.790381 velocity_parameter=0.226333 elapsed=66.0751s written=0
  crossing 0/250
  stopped velocity row 74 IC 57 x0=0.790381 velocity_parameter=0.226333 status=collision: trajectory reached the configured collision radius
velocity row 74/120 IC 67/599 x0=0.790388 velocity_parameter=0.226333 elapsed=66.4622s written=0
  crossing 0/250
  stopped velocity row 74 IC 67 x0=0.790388 velocity_parameter=0.226333 status=collision: trajectory reached the configured collision radius
velocity row 74/120 IC 75/599 x0=0.790394 velocity_parameter=0.226333 elapsed=66.7998s written=0
  crossing 0/250
  stopped velocity row 74 IC 75 x0=0.790394 velocity_parameter=0.226333 status=collision: trajectory reached the configured collision radius
velocity row 75/120 IC 57/599 x0=0.790381 velocity_parameter=0.2425 elapsed=66.8352s written=0
  crossing 0/250
  stopped velocity row 75 IC 57 x0=0.790381 velocity_parameter=0.2425 status=collision: trajectory reached the configured collision radius
velocity row 75/120 IC 67/599 x0=0.790388 velocity_parameter=0.2425 elapsed=67.2161s written=0
  crossing 0/250
  stopped velocity row 75 IC 67 x0=0.790388 velocity_parameter=0.2425 status=collision: trajectory reached the configured collision radius
velocity row 75/120 IC 75/599 x0=0.790394 velocity_parameter=0.2425 elapsed=67.5024s written=0
  crossing 0/250
  stopped velocity row 75 IC 75 x0=0.790394 velocity_parameter=0.2425 status=collision: trajectory reached the configured collision radius
velocity row 76/120 IC 57/599 x0=0.790381 velocity_parameter=0.258667 elapsed=67.5404s written=0
  crossing 0/250
  stopped velocity row 76 IC 57 x0=0.790381 velocity_parameter=0.258667 status=collision: trajectory reached the configured collision radius
velocity row 76/120 IC 67/599 x0=0.790388 velocity_parameter=0.258667 elapsed=67.9032s written=0
  crossing 0/250
  stopped velocity row 76 IC 67 x0=0.790388 velocity_parameter=0.258667 status=collision: trajectory reached the configured collision radius
velocity row 76/120 IC 75/599 x0=0.790394 velocity_parameter=0.258667 elapsed=68.221s written=0
  crossing 0/250
  stopped velocity row 76 IC 75 x0=0.790394 velocity_parameter=0.258667 status=collision: trajectory reached the configured collision radius
velocity row 77/120 IC 57/599 x0=0.790381 velocity_parameter=0.274833 elapsed=68.2569s written=0
  crossing 0/250
  stopped velocity row 77 IC 57 x0=0.790381 velocity_parameter=0.274833 status=collision: trajectory reached the configured collision radius
velocity row 77/120 IC 67/599 x0=0.790388 velocity_parameter=0.274833 elapsed=68.6327s written=0
  crossing 0/250
  stopped velocity row 77 IC 67 x0=0.790388 velocity_parameter=0.274833 status=collision: trajectory reached the configured collision radius
velocity row 77/120 IC 75/599 x0=0.790394 velocity_parameter=0.274833 elapsed=68.929s written=0
  crossing 0/250
  stopped velocity row 77 IC 75 x0=0.790394 velocity_parameter=0.274833 status=collision: trajectory reached the configured collision radius
velocity row 78/120 IC 57/599 x0=0.790381 velocity_parameter=0.291 elapsed=68.9651s written=0
  crossing 0/250
  stopped velocity row 78 IC 57 x0=0.790381 velocity_parameter=0.291 status=collision: trajectory reached the configured collision radius
velocity row 78/120 IC 67/599 x0=0.790388 velocity_parameter=0.291 elapsed=69.3244s written=0
  crossing 0/250
  stopped velocity row 78 IC 67 x0=0.790388 velocity_parameter=0.291 status=collision: trajectory reached the configured collision radius
velocity row 78/120 IC 75/599 x0=0.790394 velocity_parameter=0.291 elapsed=69.6161s written=0
  crossing 0/250
  stopped velocity row 78 IC 75 x0=0.790394 velocity_parameter=0.291 status=collision: trajectory reached the configured collision radius
velocity row 79/120 IC 57/599 x0=0.790381 velocity_parameter=0.307167 elapsed=69.6593s written=0
  crossing 0/250
  stopped velocity row 79 IC 57 x0=0.790381 velocity_parameter=0.307167 status=collision: trajectory reached the configured collision radius
velocity row 79/120 IC 67/599 x0=0.790388 velocity_parameter=0.307167 elapsed=70.0187s written=0
  crossing 0/250
  stopped velocity row 79 IC 67 x0=0.790388 velocity_parameter=0.307167 status=collision: trajectory reached the configured collision radius
velocity row 79/120 IC 75/599 x0=0.790394 velocity_parameter=0.307167 elapsed=70.3095s written=0
  crossing 0/250
  stopped velocity row 79 IC 75 x0=0.790394 velocity_parameter=0.307167 status=collision: trajectory reached the configured collision radius
velocity row 80/120 IC 57/599 x0=0.790381 velocity_parameter=0.323333 elapsed=70.3454s written=0
  crossing 0/250
  stopped velocity row 80 IC 57 x0=0.790381 velocity_parameter=0.323333 status=collision: trajectory reached the configured collision radius
velocity row 80/120 IC 67/599 x0=0.790388 velocity_parameter=0.323333 elapsed=70.7008s written=0
  crossing 0/250
  stopped velocity row 80 IC 67 x0=0.790388 velocity_parameter=0.323333 status=collision: trajectory reached the configured collision radius
velocity row 80/120 IC 75/599 x0=0.790394 velocity_parameter=0.323333 elapsed=70.9886s written=0
  crossing 0/250
  stopped velocity row 80 IC 75 x0=0.790394 velocity_parameter=0.323333 status=collision: trajectory reached the configured collision radius
velocity row 81/120 IC 57/599 x0=0.790381 velocity_parameter=0.3395 elapsed=71.0241s written=0
  crossing 0/250
  stopped velocity row 81 IC 57 x0=0.790381 velocity_parameter=0.3395 status=collision: trajectory reached the configured collision radius
velocity row 81/120 IC 67/599 x0=0.790388 velocity_parameter=0.3395 elapsed=71.3905s written=0
  crossing 0/250
  stopped velocity row 81 IC 67 x0=0.790388 velocity_parameter=0.3395 status=collision: trajectory reached the configured collision radius
velocity row 81/120 IC 75/599 x0=0.790394 velocity_parameter=0.3395 elapsed=71.6758s written=0
  crossing 0/250
  stopped velocity row 81 IC 75 x0=0.790394 velocity_parameter=0.3395 status=collision: trajectory reached the configured collision radius
velocity row 82/120 IC 57/599 x0=0.790381 velocity_parameter=0.355667 elapsed=71.7136s written=0
  crossing 0/250
  stopped velocity row 82 IC 57 x0=0.790381 velocity_parameter=0.355667 status=collision: trajectory reached the configured collision radius
velocity row 82/120 IC 67/599 x0=0.790388 velocity_parameter=0.355667 elapsed=72.0722s written=0
  crossing 0/250
  stopped velocity row 82 IC 67 x0=0.790388 velocity_parameter=0.355667 status=collision: trajectory reached the configured collision radius
velocity row 82/120 IC 75/599 x0=0.790394 velocity_parameter=0.355667 elapsed=72.3909s written=0
  crossing 0/250
  stopped velocity row 82 IC 75 x0=0.790394 velocity_parameter=0.355667 status=collision: trajectory reached the configured collision radius
velocity row 83/120 IC 57/599 x0=0.790381 velocity_parameter=0.371833 elapsed=72.4266s written=0
  crossing 0/250
  stopped velocity row 83 IC 57 x0=0.790381 velocity_parameter=0.371833 status=collision: trajectory reached the configured collision radius
velocity row 83/120 IC 67/599 x0=0.790388 velocity_parameter=0.371833 elapsed=72.7898s written=0
  crossing 0/250
  stopped velocity row 83 IC 67 x0=0.790388 velocity_parameter=0.371833 status=collision: trajectory reached the configured collision radius
velocity row 83/120 IC 75/599 x0=0.790394 velocity_parameter=0.371833 elapsed=73.0887s written=0
  crossing 0/250
  stopped velocity row 83 IC 75 x0=0.790394 velocity_parameter=0.371833 status=collision: trajectory reached the configured collision radius
velocity row 84/120 IC 57/599 x0=0.790381 velocity_parameter=0.388 elapsed=73.1253s written=0
  crossing 0/250
  stopped velocity row 84 IC 57 x0=0.790381 velocity_parameter=0.388 status=collision: trajectory reached the configured collision radius
velocity row 84/120 IC 67/599 x0=0.790388 velocity_parameter=0.388 elapsed=73.4778s written=0
  crossing 0/250
  stopped velocity row 84 IC 67 x0=0.790388 velocity_parameter=0.388 status=collision: trajectory reached the configured collision radius
velocity row 84/120 IC 75/599 x0=0.790394 velocity_parameter=0.388 elapsed=73.7649s written=0
  crossing 0/250
  stopped velocity row 84 IC 75 x0=0.790394 velocity_parameter=0.388 status=collision: trajectory reached the configured collision radius
velocity row 85/120 IC 57/599 x0=0.790381 velocity_parameter=0.404167 elapsed=73.8s written=0
  crossing 0/250
  stopped velocity row 85 IC 57 x0=0.790381 velocity_parameter=0.404167 status=collision: trajectory reached the configured collision radius
velocity row 85/120 IC 67/599 x0=0.790388 velocity_parameter=0.404167 elapsed=74.1578s written=0
  crossing 0/250
  stopped velocity row 85 IC 67 x0=0.790388 velocity_parameter=0.404167 status=collision: trajectory reached the configured collision radius
velocity row 85/120 IC 75/599 x0=0.790394 velocity_parameter=0.404167 elapsed=74.4568s written=0
  crossing 0/250
  stopped velocity row 85 IC 75 x0=0.790394 velocity_parameter=0.404167 status=collision: trajectory reached the configured collision radius
velocity row 86/120 IC 57/599 x0=0.790381 velocity_parameter=0.420333 elapsed=74.4928s written=0
  crossing 0/250
  stopped velocity row 86 IC 57 x0=0.790381 velocity_parameter=0.420333 status=collision: trajectory reached the configured collision radius
velocity row 86/120 IC 67/599 x0=0.790388 velocity_parameter=0.420333 elapsed=74.852s written=0
  crossing 0/250
  stopped velocity row 86 IC 67 x0=0.790388 velocity_parameter=0.420333 status=collision: trajectory reached the configured collision radius
velocity row 86/120 IC 75/599 x0=0.790394 velocity_parameter=0.420333 elapsed=75.1385s written=0
  crossing 0/250
  stopped velocity row 86 IC 75 x0=0.790394 velocity_parameter=0.420333 status=collision: trajectory reached the configured collision radius
velocity row 87/120 IC 57/599 x0=0.790381 velocity_parameter=0.4365 elapsed=75.1752s written=0
  crossing 0/250
  stopped velocity row 87 IC 57 x0=0.790381 velocity_parameter=0.4365 status=collision: trajectory reached the configured collision radius
velocity row 87/120 IC 67/599 x0=0.790388 velocity_parameter=0.4365 elapsed=75.5573s written=0
  crossing 0/250
  stopped velocity row 87 IC 67 x0=0.790388 velocity_parameter=0.4365 status=collision: trajectory reached the configured collision radius
velocity row 87/120 IC 75/599 x0=0.790394 velocity_parameter=0.4365 elapsed=75.8523s written=0
  crossing 0/250
  stopped velocity row 87 IC 75 x0=0.790394 velocity_parameter=0.4365 status=collision: trajectory reached the configured collision radius
velocity row 88/120 IC 57/599 x0=0.790381 velocity_parameter=0.452667 elapsed=75.8884s written=0
  crossing 0/250
  stopped velocity row 88 IC 57 x0=0.790381 velocity_parameter=0.452667 status=collision: trajectory reached the configured collision radius
velocity row 88/120 IC 67/599 x0=0.790388 velocity_parameter=0.452667 elapsed=76.2414s written=0
  crossing 0/250
  stopped velocity row 88 IC 67 x0=0.790388 velocity_parameter=0.452667 status=collision: trajectory reached the configured collision radius
velocity row 88/120 IC 75/599 x0=0.790394 velocity_parameter=0.452667 elapsed=76.5594s written=0
  crossing 0/250
  stopped velocity row 88 IC 75 x0=0.790394 velocity_parameter=0.452667 status=collision: trajectory reached the configured collision radius
velocity row 89/120 IC 57/599 x0=0.790381 velocity_parameter=0.468833 elapsed=76.5969s written=0
  crossing 0/250
  stopped velocity row 89 IC 57 x0=0.790381 velocity_parameter=0.468833 status=collision: trajectory reached the configured collision radius
velocity row 89/120 IC 67/599 x0=0.790388 velocity_parameter=0.468833 elapsed=76.9784s written=0
  crossing 0/250
  stopped velocity row 89 IC 67 x0=0.790388 velocity_parameter=0.468833 status=collision: trajectory reached the configured collision radius
velocity row 89/120 IC 75/599 x0=0.790394 velocity_parameter=0.468833 elapsed=77.2621s written=0
  crossing 0/250
  stopped velocity row 89 IC 75 x0=0.790394 velocity_parameter=0.468833 status=collision: trajectory reached the configured collision radius
velocity row 90/120 IC 57/599 x0=0.790381 velocity_parameter=0.485 elapsed=77.2983s written=0
  crossing 0/250
  stopped velocity row 90 IC 57 x0=0.790381 velocity_parameter=0.485 status=collision: trajectory reached the configured collision radius
velocity row 90/120 IC 67/599 x0=0.790388 velocity_parameter=0.485 elapsed=77.6523s written=0
  crossing 0/250
  stopped velocity row 90 IC 67 x0=0.790388 velocity_parameter=0.485 status=collision: trajectory reached the configured collision radius
velocity row 90/120 IC 75/599 x0=0.790394 velocity_parameter=0.485 elapsed=77.9502s written=0
  crossing 0/250
  stopped velocity row 90 IC 75 x0=0.790394 velocity_parameter=0.485 status=collision: trajectory reached the configured collision radius
velocity row 91/120 IC 57/599 x0=0.790381 velocity_parameter=0.501167 elapsed=77.9858s written=0
  crossing 0/250
  stopped velocity row 91 IC 57 x0=0.790381 velocity_parameter=0.501167 status=collision: trajectory reached the configured collision radius
velocity row 91/120 IC 67/599 x0=0.790388 velocity_parameter=0.501167 elapsed=78.3433s written=0
  crossing 0/250
  stopped velocity row 91 IC 67 x0=0.790388 velocity_parameter=0.501167 status=collision: trajectory reached the configured collision radius
velocity row 91/120 IC 75/599 x0=0.790394 velocity_parameter=0.501167 elapsed=78.6333s written=0
  crossing 0/250
  stopped velocity row 91 IC 75 x0=0.790394 velocity_parameter=0.501167 status=collision: trajectory reached the configured collision radius
velocity row 92/120 IC 57/599 x0=0.790381 velocity_parameter=0.517333 elapsed=78.6682s written=0
  crossing 0/250
  stopped velocity row 92 IC 57 x0=0.790381 velocity_parameter=0.517333 status=collision: trajectory reached the configured collision radius
velocity row 92/120 IC 67/599 x0=0.790388 velocity_parameter=0.517333 elapsed=79.0399s written=0
  crossing 0/250
  stopped velocity row 92 IC 67 x0=0.790388 velocity_parameter=0.517333 status=collision: trajectory reached the configured collision radius
velocity row 92/120 IC 75/599 x0=0.790394 velocity_parameter=0.517333 elapsed=79.3408s written=0
  crossing 0/250
  stopped velocity row 92 IC 75 x0=0.790394 velocity_parameter=0.517333 status=collision: trajectory reached the configured collision radius
velocity row 93/120 IC 57/599 x0=0.790381 velocity_parameter=0.5335 elapsed=79.3773s written=0
  crossing 0/250
  stopped velocity row 93 IC 57 x0=0.790381 velocity_parameter=0.5335 status=collision: trajectory reached the configured collision radius
velocity row 93/120 IC 67/599 x0=0.790388 velocity_parameter=0.5335 elapsed=79.7367s written=0
  crossing 0/250
  stopped velocity row 93 IC 67 x0=0.790388 velocity_parameter=0.5335 status=collision: trajectory reached the configured collision radius
velocity row 93/120 IC 75/599 x0=0.790394 velocity_parameter=0.5335 elapsed=80.0234s written=0
  crossing 0/250
  stopped velocity row 93 IC 75 x0=0.790394 velocity_parameter=0.5335 status=collision: trajectory reached the configured collision radius
velocity row 94/120 IC 57/599 x0=0.790381 velocity_parameter=0.549667 elapsed=80.059s written=0
  crossing 0/250
  stopped velocity row 94 IC 57 x0=0.790381 velocity_parameter=0.549667 status=collision: trajectory reached the configured collision radius
velocity row 94/120 IC 67/599 x0=0.790388 velocity_parameter=0.549667 elapsed=80.4446s written=0
  crossing 0/250
  stopped velocity row 94 IC 67 x0=0.790388 velocity_parameter=0.549667 status=collision: trajectory reached the configured collision radius
velocity row 94/120 IC 75/599 x0=0.790394 velocity_parameter=0.549667 elapsed=80.7279s written=0
  crossing 0/250
  stopped velocity row 94 IC 75 x0=0.790394 velocity_parameter=0.549667 status=collision: trajectory reached the configured collision radius
velocity row 95/120 IC 57/599 x0=0.790381 velocity_parameter=0.565833 elapsed=80.7627s written=0
  crossing 0/250
  stopped velocity row 95 IC 57 x0=0.790381 velocity_parameter=0.565833 status=collision: trajectory reached the configured collision radius
velocity row 95/120 IC 67/599 x0=0.790388 velocity_parameter=0.565833 elapsed=81.1168s written=0
  crossing 0/250
  stopped velocity row 95 IC 67 x0=0.790388 velocity_parameter=0.565833 status=collision: trajectory reached the configured collision radius
velocity row 95/120 IC 75/599 x0=0.790394 velocity_parameter=0.565833 elapsed=81.3989s written=0
  crossing 0/250
  stopped velocity row 95 IC 75 x0=0.790394 velocity_parameter=0.565833 status=collision: trajectory reached the configured collision radius
velocity row 96/120 IC 57/599 x0=0.790381 velocity_parameter=0.582 elapsed=81.434s written=0
  crossing 0/250
  stopped velocity row 96 IC 57 x0=0.790381 velocity_parameter=0.582 status=collision: trajectory reached the configured collision radius
velocity row 96/120 IC 67/599 x0=0.790388 velocity_parameter=0.582 elapsed=81.7987s written=0
  crossing 0/250
  stopped velocity row 96 IC 67 x0=0.790388 velocity_parameter=0.582 status=collision: trajectory reached the configured collision radius
velocity row 96/120 IC 75/599 x0=0.790394 velocity_parameter=0.582 elapsed=82.1096s written=0
  crossing 0/250
  stopped velocity row 96 IC 75 x0=0.790394 velocity_parameter=0.582 status=collision: trajectory reached the configured collision radius
velocity row 97/120 IC 57/599 x0=0.790381 velocity_parameter=0.598167 elapsed=82.1507s written=0
  crossing 0/250
  stopped velocity row 97 IC 57 x0=0.790381 velocity_parameter=0.598167 status=collision: trajectory reached the configured collision radius
velocity row 97/120 IC 67/599 x0=0.790388 velocity_parameter=0.598167 elapsed=82.5494s written=0
  crossing 0/250
  stopped velocity row 97 IC 67 x0=0.790388 velocity_parameter=0.598167 status=collision: trajectory reached the configured collision radius
velocity row 97/120 IC 75/599 x0=0.790394 velocity_parameter=0.598167 elapsed=82.858s written=0
  crossing 0/250
  stopped velocity row 97 IC 75 x0=0.790394 velocity_parameter=0.598167 status=collision: trajectory reached the configured collision radius
velocity row 98/120 IC 57/599 x0=0.790381 velocity_parameter=0.614333 elapsed=82.8941s written=0
  crossing 0/250
  stopped velocity row 98 IC 57 x0=0.790381 velocity_parameter=0.614333 status=collision: trajectory reached the configured collision radius
velocity row 98/120 IC 67/599 x0=0.790388 velocity_parameter=0.614333 elapsed=83.2546s written=0
  crossing 0/250
  stopped velocity row 98 IC 67 x0=0.790388 velocity_parameter=0.614333 status=collision: trajectory reached the configured collision radius
velocity row 98/120 IC 75/599 x0=0.790394 velocity_parameter=0.614333 elapsed=83.5395s written=0
  crossing 0/250
  stopped velocity row 98 IC 75 x0=0.790394 velocity_parameter=0.614333 status=collision: trajectory reached the configured collision radius
velocity row 99/120 IC 57/599 x0=0.790381 velocity_parameter=0.6305 elapsed=83.576s written=0
  crossing 0/250
  stopped velocity row 99 IC 57 x0=0.790381 velocity_parameter=0.6305 status=collision: trajectory reached the configured collision radius
velocity row 99/120 IC 67/599 x0=0.790388 velocity_parameter=0.6305 elapsed=83.931s written=0
  crossing 0/250
  stopped velocity row 99 IC 67 x0=0.790388 velocity_parameter=0.6305 status=collision: trajectory reached the configured collision radius
velocity row 99/120 IC 75/599 x0=0.790394 velocity_parameter=0.6305 elapsed=84.2182s written=0
  crossing 0/250
  stopped velocity row 99 IC 75 x0=0.790394 velocity_parameter=0.6305 status=collision: trajectory reached the configured collision radius
velocity row 100/120 IC 57/599 x0=0.790381 velocity_parameter=0.646667 elapsed=84.2537s written=0
  crossing 0/250
  stopped velocity row 100 IC 57 x0=0.790381 velocity_parameter=0.646667 status=collision: trajectory reached the configured collision radius
velocity row 100/120 IC 67/599 x0=0.790388 velocity_parameter=0.646667 elapsed=84.611s written=0
  crossing 0/250
  stopped velocity row 100 IC 67 x0=0.790388 velocity_parameter=0.646667 status=collision: trajectory reached the configured collision radius
velocity row 100/120 IC 75/599 x0=0.790394 velocity_parameter=0.646667 elapsed=84.8954s written=0
  crossing 0/250
  stopped velocity row 100 IC 75 x0=0.790394 velocity_parameter=0.646667 status=collision: trajectory reached the configured collision radius
velocity row 101/120 IC 57/599 x0=0.790381 velocity_parameter=0.662833 elapsed=84.9315s written=0
  crossing 0/250
  stopped velocity row 101 IC 57 x0=0.790381 velocity_parameter=0.662833 status=collision: trajectory reached the configured collision radius
velocity row 101/120 IC 67/599 x0=0.790388 velocity_parameter=0.662833 elapsed=85.2922s written=0
  crossing 0/250
  stopped velocity row 101 IC 67 x0=0.790388 velocity_parameter=0.662833 status=collision: trajectory reached the configured collision radius
velocity row 101/120 IC 75/599 x0=0.790394 velocity_parameter=0.662833 elapsed=85.5759s written=0
  crossing 0/250
  stopped velocity row 101 IC 75 x0=0.790394 velocity_parameter=0.662833 status=collision: trajectory reached the configured collision radius
velocity row 102/120 IC 57/599 x0=0.790381 velocity_parameter=0.679 elapsed=85.6118s written=0
  crossing 0/250
  stopped velocity row 102 IC 57 x0=0.790381 velocity_parameter=0.679 status=collision: trajectory reached the configured collision radius
velocity row 102/120 IC 67/599 x0=0.790388 velocity_parameter=0.679 elapsed=85.9842s written=0
  crossing 0/250
  stopped velocity row 102 IC 67 x0=0.790388 velocity_parameter=0.679 status=collision: trajectory reached the configured collision radius
velocity row 102/120 IC 75/599 x0=0.790394 velocity_parameter=0.679 elapsed=86.269s written=0
  crossing 0/250
  stopped velocity row 102 IC 75 x0=0.790394 velocity_parameter=0.679 status=collision: trajectory reached the configured collision radius
velocity row 103/120 IC 57/599 x0=0.790381 velocity_parameter=0.695167 elapsed=86.3044s written=0
  crossing 0/250
  stopped velocity row 103 IC 57 x0=0.790381 velocity_parameter=0.695167 status=collision: trajectory reached the configured collision radius
velocity row 103/120 IC 67/599 x0=0.790388 velocity_parameter=0.695167 elapsed=86.6896s written=0
  crossing 0/250
  stopped velocity row 103 IC 67 x0=0.790388 velocity_parameter=0.695167 status=collision: trajectory reached the configured collision radius
velocity row 103/120 IC 75/599 x0=0.790394 velocity_parameter=0.695167 elapsed=86.9767s written=0
  crossing 0/250
  stopped velocity row 103 IC 75 x0=0.790394 velocity_parameter=0.695167 status=collision: trajectory reached the configured collision radius
velocity row 104/120 IC 57/599 x0=0.790381 velocity_parameter=0.711333 elapsed=87.0143s written=0
  crossing 0/250
  stopped velocity row 104 IC 57 x0=0.790381 velocity_parameter=0.711333 status=collision: trajectory reached the configured collision radius
velocity row 104/120 IC 67/599 x0=0.790388 velocity_parameter=0.711333 elapsed=87.394s written=0
  crossing 0/250
  stopped velocity row 104 IC 67 x0=0.790388 velocity_parameter=0.711333 status=collision: trajectory reached the configured collision radius
velocity row 104/120 IC 75/599 x0=0.790394 velocity_parameter=0.711333 elapsed=87.6817s written=0
  crossing 0/250
  stopped velocity row 104 IC 75 x0=0.790394 velocity_parameter=0.711333 status=collision: trajectory reached the configured collision radius
velocity row 105/120 IC 57/599 x0=0.790381 velocity_parameter=0.7275 elapsed=87.7182s written=0
  crossing 0/250
  stopped velocity row 105 IC 57 x0=0.790381 velocity_parameter=0.7275 status=collision: trajectory reached the configured collision radius
velocity row 105/120 IC 67/599 x0=0.790388 velocity_parameter=0.7275 elapsed=88.101s written=0
  crossing 0/250
  stopped velocity row 105 IC 67 x0=0.790388 velocity_parameter=0.7275 status=collision: trajectory reached the configured collision radius
velocity row 105/120 IC 75/599 x0=0.790394 velocity_parameter=0.7275 elapsed=88.4135s written=0
  crossing 0/250
  stopped velocity row 105 IC 75 x0=0.790394 velocity_parameter=0.7275 status=collision: trajectory reached the configured collision radius
velocity row 106/120 IC 57/599 x0=0.790381 velocity_parameter=0.743667 elapsed=88.4571s written=0
  crossing 0/250
  stopped velocity row 106 IC 57 x0=0.790381 velocity_parameter=0.743667 status=collision: trajectory reached the configured collision radius
velocity row 106/120 IC 67/599 x0=0.790388 velocity_parameter=0.743667 elapsed=88.8374s written=0
  crossing 0/250
  stopped velocity row 106 IC 67 x0=0.790388 velocity_parameter=0.743667 status=collision: trajectory reached the configured collision radius
velocity row 106/120 IC 75/599 x0=0.790394 velocity_parameter=0.743667 elapsed=89.1263s written=0
  crossing 0/250
  stopped velocity row 106 IC 75 x0=0.790394 velocity_parameter=0.743667 status=collision: trajectory reached the configured collision radius
velocity row 107/120 IC 57/599 x0=0.790381 velocity_parameter=0.759833 elapsed=89.1623s written=0
  crossing 0/250
  stopped velocity row 107 IC 57 x0=0.790381 velocity_parameter=0.759833 status=collision: trajectory reached the configured collision radius
velocity row 107/120 IC 67/599 x0=0.790388 velocity_parameter=0.759833 elapsed=89.5238s written=0
  crossing 0/250
  stopped velocity row 107 IC 67 x0=0.790388 velocity_parameter=0.759833 status=collision: trajectory reached the configured collision radius
velocity row 107/120 IC 75/599 x0=0.790394 velocity_parameter=0.759833 elapsed=89.8109s written=0
  crossing 0/250
  stopped velocity row 107 IC 75 x0=0.790394 velocity_parameter=0.759833 status=collision: trajectory reached the configured collision radius
velocity row 108/120 IC 57/599 x0=0.790381 velocity_parameter=0.776 elapsed=89.8469s written=0
  crossing 0/250
  stopped velocity row 108 IC 57 x0=0.790381 velocity_parameter=0.776 status=collision: trajectory reached the configured collision radius
velocity row 108/120 IC 67/599 x0=0.790388 velocity_parameter=0.776 elapsed=90.2187s written=0
  crossing 0/250
  stopped velocity row 108 IC 67 x0=0.790388 velocity_parameter=0.776 status=collision: trajectory reached the configured collision radius
velocity row 108/120 IC 75/599 x0=0.790394 velocity_parameter=0.776 elapsed=90.5288s written=0
  crossing 0/250
  stopped velocity row 108 IC 75 x0=0.790394 velocity_parameter=0.776 status=collision: trajectory reached the configured collision radius
velocity row 109/120 IC 57/599 x0=0.790381 velocity_parameter=0.792167 elapsed=90.5651s written=0
  crossing 0/250
  stopped velocity row 109 IC 57 x0=0.790381 velocity_parameter=0.792167 status=collision: trajectory reached the configured collision radius
velocity row 109/120 IC 67/599 x0=0.790388 velocity_parameter=0.792167 elapsed=90.9433s written=0
  crossing 0/250
  stopped velocity row 109 IC 67 x0=0.790388 velocity_parameter=0.792167 status=collision: trajectory reached the configured collision radius
velocity row 109/120 IC 75/599 x0=0.790394 velocity_parameter=0.792167 elapsed=91.2586s written=0
  crossing 0/250
  stopped velocity row 109 IC 75 x0=0.790394 velocity_parameter=0.792167 status=collision: trajectory reached the configured collision radius
velocity row 110/120 IC 57/599 x0=0.790381 velocity_parameter=0.808333 elapsed=91.2962s written=0
  crossing 0/250
  stopped velocity row 110 IC 57 x0=0.790381 velocity_parameter=0.808333 status=collision: trajectory reached the configured collision radius
velocity row 110/120 IC 67/599 x0=0.790388 velocity_parameter=0.808333 elapsed=91.6728s written=0
  crossing 0/250
  stopped velocity row 110 IC 67 x0=0.790388 velocity_parameter=0.808333 status=collision: trajectory reached the configured collision radius
velocity row 110/120 IC 75/599 x0=0.790394 velocity_parameter=0.808333 elapsed=91.9622s written=0
  crossing 0/250
  stopped velocity row 110 IC 75 x0=0.790394 velocity_parameter=0.808333 status=collision: trajectory reached the configured collision radius
velocity row 111/120 IC 57/599 x0=0.790381 velocity_parameter=0.8245 elapsed=91.998s written=0
  crossing 0/250
  stopped velocity row 111 IC 57 x0=0.790381 velocity_parameter=0.8245 status=collision: trajectory reached the configured collision radius
velocity row 111/120 IC 67/599 x0=0.790388 velocity_parameter=0.8245 elapsed=92.3637s written=0
  crossing 0/250
  stopped velocity row 111 IC 67 x0=0.790388 velocity_parameter=0.8245 status=collision: trajectory reached the configured collision radius
velocity row 111/120 IC 75/599 x0=0.790394 velocity_parameter=0.8245 elapsed=92.6598s written=0
  crossing 0/250
  stopped velocity row 111 IC 75 x0=0.790394 velocity_parameter=0.8245 status=collision: trajectory reached the configured collision radius
velocity row 112/120 IC 57/599 x0=0.790381 velocity_parameter=0.840667 elapsed=92.6962s written=0
  crossing 0/250
  stopped velocity row 112 IC 57 x0=0.790381 velocity_parameter=0.840667 status=collision: trajectory reached the configured collision radius
velocity row 112/120 IC 67/599 x0=0.790388 velocity_parameter=0.840667 elapsed=93.1075s written=0
  crossing 0/250
  stopped velocity row 112 IC 67 x0=0.790388 velocity_parameter=0.840667 status=collision: trajectory reached the configured collision radius
velocity row 112/120 IC 75/599 x0=0.790394 velocity_parameter=0.840667 elapsed=93.428s written=0
  crossing 0/250
  stopped velocity row 112 IC 75 x0=0.790394 velocity_parameter=0.840667 status=collision: trajectory reached the configured collision radius
velocity row 113/120 IC 57/599 x0=0.790381 velocity_parameter=0.856833 elapsed=93.464s written=0
  crossing 0/250
  stopped velocity row 113 IC 57 x0=0.790381 velocity_parameter=0.856833 status=collision: trajectory reached the configured collision radius
velocity row 113/120 IC 67/599 x0=0.790388 velocity_parameter=0.856833 elapsed=93.8275s written=0
  crossing 0/250
  stopped velocity row 113 IC 67 x0=0.790388 velocity_parameter=0.856833 status=collision: trajectory reached the configured collision radius
velocity row 113/120 IC 75/599 x0=0.790394 velocity_parameter=0.856833 elapsed=94.1207s written=0
  crossing 0/250
  stopped velocity row 113 IC 75 x0=0.790394 velocity_parameter=0.856833 status=collision: trajectory reached the configured collision radius
velocity row 114/120 IC 57/599 x0=0.790381 velocity_parameter=0.873 elapsed=94.1571s written=0
  crossing 0/250
  stopped velocity row 114 IC 57 x0=0.790381 velocity_parameter=0.873 status=collision: trajectory reached the configured collision radius
velocity row 114/120 IC 67/599 x0=0.790388 velocity_parameter=0.873 elapsed=94.537s written=0
  crossing 0/250
  stopped velocity row 114 IC 67 x0=0.790388 velocity_parameter=0.873 status=collision: trajectory reached the configured collision radius
velocity row 114/120 IC 75/599 x0=0.790394 velocity_parameter=0.873 elapsed=94.8292s written=0
  crossing 0/250
  stopped velocity row 114 IC 75 x0=0.790394 velocity_parameter=0.873 status=collision: trajectory reached the configured collision radius
velocity row 115/120 IC 57/599 x0=0.790381 velocity_parameter=0.889167 elapsed=94.8653s written=0
  crossing 0/250
  stopped velocity row 115 IC 57 x0=0.790381 velocity_parameter=0.889167 status=collision: trajectory reached the configured collision radius
velocity row 115/120 IC 67/599 x0=0.790388 velocity_parameter=0.889167 elapsed=95.2347s written=0
  crossing 0/250
  stopped velocity row 115 IC 67 x0=0.790388 velocity_parameter=0.889167 status=collision: trajectory reached the configured collision radius
velocity row 115/120 IC 75/599 x0=0.790394 velocity_parameter=0.889167 elapsed=95.5261s written=0
  crossing 0/250
  stopped velocity row 115 IC 75 x0=0.790394 velocity_parameter=0.889167 status=collision: trajectory reached the configured collision radius
velocity row 116/120 IC 57/599 x0=0.790381 velocity_parameter=0.905333 elapsed=95.5622s written=0
  crossing 0/250
  stopped velocity row 116 IC 57 x0=0.790381 velocity_parameter=0.905333 status=collision: trajectory reached the configured collision radius
velocity row 116/120 IC 67/599 x0=0.790388 velocity_parameter=0.905333 elapsed=95.9346s written=0
  crossing 0/250
  stopped velocity row 116 IC 67 x0=0.790388 velocity_parameter=0.905333 status=collision: trajectory reached the configured collision radius
velocity row 116/120 IC 75/599 x0=0.790394 velocity_parameter=0.905333 elapsed=96.2319s written=0
  crossing 0/250
  stopped velocity row 116 IC 75 x0=0.790394 velocity_parameter=0.905333 status=collision: trajectory reached the configured collision radius
velocity row 117/120 IC 57/599 x0=0.790381 velocity_parameter=0.9215 elapsed=96.2694s written=0
  crossing 0/250
  stopped velocity row 117 IC 57 x0=0.790381 velocity_parameter=0.9215 status=collision: trajectory reached the configured collision radius
velocity row 117/120 IC 67/599 x0=0.790388 velocity_parameter=0.9215 elapsed=96.6497s written=6
  crossing 0/250
  stopped velocity row 117 IC 67 x0=0.790388 velocity_parameter=0.9215 status=collision: trajectory reached the configured collision radius
velocity row 117/120 IC 75/599 x0=0.790394 velocity_parameter=0.9215 elapsed=96.9431s written=6
  crossing 0/250
  stopped velocity row 117 IC 75 x0=0.790394 velocity_parameter=0.9215 status=collision: trajectory reached the configured collision radius
velocity row 118/120 IC 57/599 x0=0.790381 velocity_parameter=0.937667 elapsed=96.9795s written=6
  crossing 0/250
  stopped velocity row 118 IC 57 x0=0.790381 velocity_parameter=0.937667 status=collision: trajectory reached the configured collision radius
velocity row 118/120 IC 67/599 x0=0.790388 velocity_parameter=0.937667 elapsed=97.3501s written=16
  crossing 0/250
  stopped velocity row 118 IC 67 x0=0.790388 velocity_parameter=0.937667 status=collision: trajectory reached the configured collision radius
velocity row 118/120 IC 75/599 x0=0.790394 velocity_parameter=0.937667 elapsed=97.6839s written=24
  crossing 0/250
  stopped velocity row 118 IC 75 x0=0.790394 velocity_parameter=0.937667 status=collision: trajectory reached the configured collision radius
velocity row 119/120 IC 57/599 x0=0.790381 velocity_parameter=0.953833 elapsed=97.7207s written=25
  crossing 0/250
  stopped velocity row 119 IC 57 x0=0.790381 velocity_parameter=0.953833 status=collision: trajectory reached the configured collision radius
velocity row 119/120 IC 67/599 x0=0.790388 velocity_parameter=0.953833 elapsed=98.1158s written=35
  crossing 0/250
  stopped velocity row 119 IC 67 x0=0.790388 velocity_parameter=0.953833 status=collision: trajectory reached the configured collision radius
velocity row 119/120 IC 75/599 x0=0.790394 velocity_parameter=0.953833 elapsed=98.4119s written=43
  crossing 0/250
  stopped velocity row 119 IC 75 x0=0.790394 velocity_parameter=0.953833 status=collision: trajectory reached the configured collision radius
velocity row 120/120 IC 57/599 x0=0.790381 velocity_parameter=0.97 elapsed=98.4508s written=44
  crossing 0/250
  stopped velocity row 120 IC 57 x0=0.790381 velocity_parameter=0.97 status=collision: trajectory reached the configured collision radius
velocity row 120/120 IC 67/599 x0=0.790388 velocity_parameter=0.97 elapsed=98.8355s written=54
  crossing 0/250
  stopped velocity row 120 IC 67 x0=0.790388 velocity_parameter=0.97 status=collision: trajectory reached the configured collision radius
velocity row 120/120 IC 75/599 x0=0.790394 velocity_parameter=0.97 elapsed=99.1252s written=62
  crossing 0/250
  stopped velocity row 120 IC 75 x0=0.790394 velocity_parameter=0.97 status=collision: trajectory reached the configured collision radius
svg -> /mnt/c/Users/payne/Code/Hill_4BP/professional_neck_studies/e1_dense_001/survey/level_006_delta_1e_minus_8/closed/shard_0003/preview.svg
metadata -> /mnt/c/Users/payne/Code/Hill_4BP/professional_neck_studies/e1_dense_001/survey/level_006_delta_1e_minus_8/closed/shard_0003/metadata.txt
wrote 63 points (0 ICs skipped, 2299 orbits stopped early, elapsed=99.1625s) -> /mnt/c/Users/payne/Code/Hill_4BP/professional_neck_studies/e1_dense_001/survey/level_006_delta_1e_minus_8/closed/shard_0003/points.csv
outcomes: collision=2299 completed=0 forbidden=0 inner_radius_limit=0 invalid_initial_radius=0 invalid_velocity=0 nontransverse=0 numerical_failure=0 outer_limit=0 timeout=0
maximum sampled |H-h|=8.99562e-16
