zero-velocity boundary -> /mnt/c/Users/payne/Code/Hill_4BP/professional_neck_studies/e1_dense_001/survey/level_003_delta_1e_minus_5/closed/shard_0018/zero_velocity_boundary.csv
lambda1=0.0272549 lambda2=2.97275 A=-0.986373 B=0.486373 c=0.0976566 c1=0 c2=0 c3=-0.0976566 h=-2.39155 (C=4.78309)
E1/E2 neck h=-2.39154 (C=4.78307), E3/E4 neck h=-0.454039 (C=0.908078)
energy_mode=neck_delta neck=E1 hcrit=-2.39154 delta=1e-05 side=closed actual_neck_side=closed delta_h=-1e-05
x_count=600 xdot_count=121 iterates=250 index range=[342,360] velocity_mode=fraction x_range=[0.783756,0.797354] max_return_time=100
smooth coordinates R=sqrt(rho), CAPD crossing mode=Both solver_order=28 max_step=0.005 abs_tol=1e-15 rel_tol=1e-13 collision_radius=1e-06 outer_radius=5
velocity row 0/120 IC 342/599 x0=0.79152 velocity_parameter=-0.97 elapsed=1.32e-07s written=0
  skipped: outside allowed region
velocity row 0/120 IC 352/599 x0=0.791747 velocity_parameter=-0.97 elapsed=0.0136818s written=0
  skipped: outside allowed region
velocity row 0/120 IC 360/599 x0=0.791928 velocity_parameter=-0.97 elapsed=0.026006s written=0
  crossing 0/250
  stopped velocity row 0 IC 360 x0=0.791928 velocity_parameter=-0.97 status=outer_limit: trajectory reached the configured outer_limit radius
velocity row 1/120 IC 342/599 x0=0.79152 velocity_parameter=-0.953833 elapsed=0.037918s written=0
  skipped: outside allowed region
velocity row 1/120 IC 352/599 x0=0.791747 velocity_parameter=-0.953833 elapsed=0.0540604s written=0
  skipped: outside allowed region
velocity row 1/120 IC 360/599 x0=0.791928 velocity_parameter=-0.953833 elapsed=0.0727134s written=0
  crossing 0/250
  stopped velocity row 1 IC 360 x0=0.791928 velocity_parameter=-0.953833 status=outer_limit: trajectory reached the configured outer_limit radius
velocity row 2/120 IC 342/599 x0=0.79152 velocity_parameter=-0.937667 elapsed=0.0843828s written=0
  skipped: outside allowed region
velocity row 2/120 IC 352/599 x0=0.791747 velocity_parameter=-0.937667 elapsed=0.0986338s written=0
  skipped: outside allowed region
velocity row 2/120 IC 360/599 x0=0.791928 velocity_parameter=-0.937667 elapsed=0.111697s written=0
  crossing 0/250
  stopped velocity row 2 IC 360 x0=0.791928 velocity_parameter=-0.937667 status=outer_limit: trajectory reached the configured outer_limit radius
velocity row 3/120 IC 342/599 x0=0.79152 velocity_parameter=-0.9215 elapsed=0.123259s written=0
  skipped: outside allowed region
velocity row 3/120 IC 352/599 x0=0.791747 velocity_parameter=-0.9215 elapsed=0.153043s written=0
  skipped: outside allowed region
velocity row 3/120 IC 360/599 x0=0.791928 velocity_parameter=-0.9215 elapsed=0.163043s written=0
  crossing 0/250
  stopped velocity row 3 IC 360 x0=0.791928 velocity_parameter=-0.9215 status=outer_limit: trajectory reached the configured outer_limit radius
velocity row 4/120 IC 342/599 x0=0.79152 velocity_parameter=-0.905333 elapsed=0.173697s written=0
  skipped: outside allowed region
velocity row 4/120 IC 352/599 x0=0.791747 velocity_parameter=-0.905333 elapsed=0.187946s written=0
  skipped: outside allowed region
velocity row 4/120 IC 360/599 x0=0.791928 velocity_parameter=-0.905333 elapsed=0.207708s written=0
  crossing 0/250
  stopped velocity row 4 IC 360 x0=0.791928 velocity_parameter=-0.905333 status=outer_limit: trajectory reached the configured outer_limit radius
velocity row 5/120 IC 342/599 x0=0.79152 velocity_parameter=-0.889167 elapsed=0.219528s written=0
  skipped: outside allowed region
velocity row 5/120 IC 352/599 x0=0.791747 velocity_parameter=-0.889167 elapsed=0.241846s written=0
  skipped: outside allowed region
velocity row 5/120 IC 360/599 x0=0.791928 velocity_parameter=-0.889167 elapsed=0.255775s written=0
  crossing 0/250
  stopped velocity row 5 IC 360 x0=0.791928 velocity_parameter=-0.889167 status=outer_limit: trajectory reached the configured outer_limit radius
velocity row 6/120 IC 342/599 x0=0.79152 velocity_parameter=-0.873 elapsed=0.265808s written=0
  skipped: outside allowed region
velocity row 6/120 IC 352/599 x0=0.791747 velocity_parameter=-0.873 elapsed=0.279628s written=0
  skipped: outside allowed region
velocity row 6/120 IC 360/599 x0=0.791928 velocity_parameter=-0.873 elapsed=0.289928s written=0
  crossing 0/250
  stopped velocity row 6 IC 360 x0=0.791928 velocity_parameter=-0.873 status=outer_limit: trajectory reached the configured outer_limit radius
velocity row 7/120 IC 342/599 x0=0.79152 velocity_parameter=-0.856833 elapsed=0.303516s written=0
  skipped: outside allowed region
velocity row 7/120 IC 352/599 x0=0.791747 velocity_parameter=-0.856833 elapsed=0.318866s written=0
  skipped: outside allowed region
velocity row 7/120 IC 360/599 x0=0.791928 velocity_parameter=-0.856833 elapsed=0.339501s written=0
  crossing 0/250
  stopped velocity row 7 IC 360 x0=0.791928 velocity_parameter=-0.856833 status=outer_limit: trajectory reached the configured outer_limit radius
velocity row 8/120 IC 342/599 x0=0.79152 velocity_parameter=-0.840667 elapsed=0.351959s written=0
  skipped: outside allowed region
velocity row 8/120 IC 352/599 x0=0.791747 velocity_parameter=-0.840667 elapsed=0.36883s written=0
  skipped: outside allowed region
velocity row 8/120 IC 360/599 x0=0.791928 velocity_parameter=-0.840667 elapsed=0.382603s written=0
  crossing 0/250
  stopped velocity row 8 IC 360 x0=0.791928 velocity_parameter=-0.840667 status=outer_limit: trajectory reached the configured outer_limit radius
velocity row 9/120 IC 342/599 x0=0.79152 velocity_parameter=-0.8245 elapsed=0.393824s written=0
  skipped: outside allowed region
velocity row 9/120 IC 352/599 x0=0.791747 velocity_parameter=-0.8245 elapsed=0.413674s written=0
  skipped: outside allowed region
velocity row 9/120 IC 360/599 x0=0.791928 velocity_parameter=-0.8245 elapsed=0.426936s written=0
  crossing 0/250
  stopped velocity row 9 IC 360 x0=0.791928 velocity_parameter=-0.8245 status=outer_limit: trajectory reached the configured outer_limit radius
velocity row 10/120 IC 342/599 x0=0.79152 velocity_parameter=-0.808333 elapsed=0.440308s written=0
  skipped: outside allowed region
velocity row 10/120 IC 352/599 x0=0.791747 velocity_parameter=-0.808333 elapsed=0.463823s written=0
  skipped: outside allowed region
velocity row 10/120 IC 360/599 x0=0.791928 velocity_parameter=-0.808333 elapsed=0.478077s written=0
  crossing 0/250
  stopped velocity row 10 IC 360 x0=0.791928 velocity_parameter=-0.808333 status=outer_limit: trajectory reached the configured outer_limit radius
velocity row 11/120 IC 342/599 x0=0.79152 velocity_parameter=-0.792167 elapsed=0.493442s written=0
  skipped: outside allowed region
velocity row 11/120 IC 352/599 x0=0.791747 velocity_parameter=-0.792167 elapsed=0.51963s written=0
  skipped: outside allowed region
velocity row 11/120 IC 360/599 x0=0.791928 velocity_parameter=-0.792167 elapsed=0.534769s written=0
  crossing 0/250
  stopped velocity row 11 IC 360 x0=0.791928 velocity_parameter=-0.792167 status=outer_limit: trajectory reached the configured outer_limit radius
velocity row 12/120 IC 342/599 x0=0.79152 velocity_parameter=-0.776 elapsed=0.546382s written=0
  skipped: outside allowed region
velocity row 12/120 IC 352/599 x0=0.791747 velocity_parameter=-0.776 elapsed=0.560422s written=0
  skipped: outside allowed region
velocity row 12/120 IC 360/599 x0=0.791928 velocity_parameter=-0.776 elapsed=0.57164s written=0
  crossing 0/250
  stopped velocity row 12 IC 360 x0=0.791928 velocity_parameter=-0.776 status=outer_limit: trajectory reached the configured outer_limit radius
velocity row 13/120 IC 342/599 x0=0.79152 velocity_parameter=-0.759833 elapsed=0.58532s written=0
  skipped: outside allowed region
velocity row 13/120 IC 352/599 x0=0.791747 velocity_parameter=-0.759833 elapsed=0.601251s written=0
  skipped: outside allowed region
velocity row 13/120 IC 360/599 x0=0.791928 velocity_parameter=-0.759833 elapsed=0.612591s written=0
  crossing 0/250
  stopped velocity row 13 IC 360 x0=0.791928 velocity_parameter=-0.759833 status=outer_limit: trajectory reached the configured outer_limit radius
velocity row 14/120 IC 342/599 x0=0.79152 velocity_parameter=-0.743667 elapsed=0.624642s written=0
  skipped: outside allowed region
velocity row 14/120 IC 352/599 x0=0.791747 velocity_parameter=-0.743667 elapsed=0.64298s written=0
  skipped: outside allowed region
velocity row 14/120 IC 360/599 x0=0.791928 velocity_parameter=-0.743667 elapsed=0.652871s written=0
  crossing 0/250
  stopped velocity row 14 IC 360 x0=0.791928 velocity_parameter=-0.743667 status=outer_limit: trajectory reached the configured outer_limit radius
velocity row 15/120 IC 342/599 x0=0.79152 velocity_parameter=-0.7275 elapsed=0.66321s written=0
  skipped: outside allowed region
velocity row 15/120 IC 352/599 x0=0.791747 velocity_parameter=-0.7275 elapsed=0.679043s written=0
  skipped: outside allowed region
velocity row 15/120 IC 360/599 x0=0.791928 velocity_parameter=-0.7275 elapsed=0.703638s written=0
  crossing 0/250
  stopped velocity row 15 IC 360 x0=0.791928 velocity_parameter=-0.7275 status=outer_limit: trajectory reached the configured outer_limit radius
velocity row 16/120 IC 342/599 x0=0.79152 velocity_parameter=-0.711333 elapsed=0.713895s written=0
  skipped: outside allowed region
velocity row 16/120 IC 352/599 x0=0.791747 velocity_parameter=-0.711333 elapsed=0.72761s written=0
  skipped: outside allowed region
velocity row 16/120 IC 360/599 x0=0.791928 velocity_parameter=-0.711333 elapsed=0.739911s written=0
  crossing 0/250
  stopped velocity row 16 IC 360 x0=0.791928 velocity_parameter=-0.711333 status=outer_limit: trajectory reached the configured outer_limit radius
velocity row 17/120 IC 342/599 x0=0.79152 velocity_parameter=-0.695167 elapsed=0.755293s written=0
  skipped: outside allowed region
velocity row 17/120 IC 352/599 x0=0.791747 velocity_parameter=-0.695167 elapsed=0.772928s written=0
  skipped: outside allowed region
velocity row 17/120 IC 360/599 x0=0.791928 velocity_parameter=-0.695167 elapsed=0.793235s written=0
  crossing 0/250
  stopped velocity row 17 IC 360 x0=0.791928 velocity_parameter=-0.695167 status=outer_limit: trajectory reached the configured outer_limit radius
velocity row 18/120 IC 342/599 x0=0.79152 velocity_parameter=-0.679 elapsed=0.802718s written=0
  skipped: outside allowed region
velocity row 18/120 IC 352/599 x0=0.791747 velocity_parameter=-0.679 elapsed=0.825163s written=0
  skipped: outside allowed region
velocity row 18/120 IC 360/599 x0=0.791928 velocity_parameter=-0.679 elapsed=0.838511s written=0
  crossing 0/250
  stopped velocity row 18 IC 360 x0=0.791928 velocity_parameter=-0.679 status=outer_limit: trajectory reached the configured outer_limit radius
velocity row 19/120 IC 342/599 x0=0.79152 velocity_parameter=-0.662833 elapsed=0.850241s written=0
  skipped: outside allowed region
velocity row 19/120 IC 352/599 x0=0.791747 velocity_parameter=-0.662833 elapsed=0.878117s written=0
  skipped: outside allowed region
velocity row 19/120 IC 360/599 x0=0.791928 velocity_parameter=-0.662833 elapsed=0.893321s written=0
  crossing 0/250
  stopped velocity row 19 IC 360 x0=0.791928 velocity_parameter=-0.662833 status=outer_limit: trajectory reached the configured outer_limit radius
velocity row 20/120 IC 342/599 x0=0.79152 velocity_parameter=-0.646667 elapsed=0.905898s written=0
  skipped: outside allowed region
velocity row 20/120 IC 352/599 x0=0.791747 velocity_parameter=-0.646667 elapsed=0.920639s written=0
  skipped: outside allowed region
velocity row 20/120 IC 360/599 x0=0.791928 velocity_parameter=-0.646667 elapsed=0.940345s written=0
  crossing 0/250
  stopped velocity row 20 IC 360 x0=0.791928 velocity_parameter=-0.646667 status=outer_limit: trajectory reached the configured outer_limit radius
velocity row 21/120 IC 342/599 x0=0.79152 velocity_parameter=-0.6305 elapsed=0.955472s written=0
  skipped: outside allowed region
velocity row 21/120 IC 352/599 x0=0.791747 velocity_parameter=-0.6305 elapsed=0.981586s written=0
  skipped: outside allowed region
velocity row 21/120 IC 360/599 x0=0.791928 velocity_parameter=-0.6305 elapsed=0.999977s written=0
  crossing 0/250
  stopped velocity row 21 IC 360 x0=0.791928 velocity_parameter=-0.6305 status=outer_limit: trajectory reached the configured outer_limit radius
velocity row 22/120 IC 342/599 x0=0.79152 velocity_parameter=-0.614333 elapsed=1.01122s written=0
  skipped: outside allowed region
velocity row 22/120 IC 352/599 x0=0.791747 velocity_parameter=-0.614333 elapsed=1.02498s written=0
  skipped: outside allowed region
velocity row 22/120 IC 360/599 x0=0.791928 velocity_parameter=-0.614333 elapsed=1.04389s written=0
  crossing 0/250
  stopped velocity row 22 IC 360 x0=0.791928 velocity_parameter=-0.614333 status=outer_limit: trajectory reached the configured outer_limit radius
velocity row 23/120 IC 342/599 x0=0.79152 velocity_parameter=-0.598167 elapsed=1.05528s written=0
  skipped: outside allowed region
velocity row 23/120 IC 352/599 x0=0.791747 velocity_parameter=-0.598167 elapsed=1.06699s written=0
  skipped: outside allowed region
velocity row 23/120 IC 360/599 x0=0.791928 velocity_parameter=-0.598167 elapsed=1.08638s written=0
  crossing 0/250
  stopped velocity row 23 IC 360 x0=0.791928 velocity_parameter=-0.598167 status=outer_limit: trajectory reached the configured outer_limit radius
velocity row 24/120 IC 342/599 x0=0.79152 velocity_parameter=-0.582 elapsed=1.10211s written=0
  skipped: outside allowed region
velocity row 24/120 IC 352/599 x0=0.791747 velocity_parameter=-0.582 elapsed=1.133s written=0
  skipped: outside allowed region
velocity row 24/120 IC 360/599 x0=0.791928 velocity_parameter=-0.582 elapsed=1.14715s written=0
  crossing 0/250
  stopped velocity row 24 IC 360 x0=0.791928 velocity_parameter=-0.582 status=outer_limit: trajectory reached the configured outer_limit radius
velocity row 25/120 IC 342/599 x0=0.79152 velocity_parameter=-0.565833 elapsed=1.1601s written=0
  skipped: outside allowed region
velocity row 25/120 IC 352/599 x0=0.791747 velocity_parameter=-0.565833 elapsed=1.17642s written=0
  skipped: outside allowed region
velocity row 25/120 IC 360/599 x0=0.791928 velocity_parameter=-0.565833 elapsed=1.19165s written=0
  crossing 0/250
  stopped velocity row 25 IC 360 x0=0.791928 velocity_parameter=-0.565833 status=outer_limit: trajectory reached the configured outer_limit radius
velocity row 26/120 IC 342/599 x0=0.79152 velocity_parameter=-0.549667 elapsed=1.2013s written=0
  skipped: outside allowed region
velocity row 26/120 IC 352/599 x0=0.791747 velocity_parameter=-0.549667 elapsed=1.21855s written=0
  skipped: outside allowed region
velocity row 26/120 IC 360/599 x0=0.791928 velocity_parameter=-0.549667 elapsed=1.22669s written=0
  crossing 0/250
  stopped velocity row 26 IC 360 x0=0.791928 velocity_parameter=-0.549667 status=outer_limit: trajectory reached the configured outer_limit radius
velocity row 27/120 IC 342/599 x0=0.79152 velocity_parameter=-0.5335 elapsed=1.23686s written=0
  skipped: outside allowed region
velocity row 27/120 IC 352/599 x0=0.791747 velocity_parameter=-0.5335 elapsed=1.24909s written=0
  skipped: outside allowed region
velocity row 27/120 IC 360/599 x0=0.791928 velocity_parameter=-0.5335 elapsed=1.2669s written=0
  crossing 0/250
  stopped velocity row 27 IC 360 x0=0.791928 velocity_parameter=-0.5335 status=outer_limit: trajectory reached the configured outer_limit radius
velocity row 28/120 IC 342/599 x0=0.79152 velocity_parameter=-0.517333 elapsed=1.2769s written=0
  skipped: outside allowed region
velocity row 28/120 IC 352/599 x0=0.791747 velocity_parameter=-0.517333 elapsed=1.28968s written=0
  skipped: outside allowed region
velocity row 28/120 IC 360/599 x0=0.791928 velocity_parameter=-0.517333 elapsed=1.29978s written=0
  crossing 0/250
  stopped velocity row 28 IC 360 x0=0.791928 velocity_parameter=-0.517333 status=outer_limit: trajectory reached the configured outer_limit radius
velocity row 29/120 IC 342/599 x0=0.79152 velocity_parameter=-0.501167 elapsed=1.31004s written=0
  skipped: outside allowed region
velocity row 29/120 IC 352/599 x0=0.791747 velocity_parameter=-0.501167 elapsed=1.32422s written=0
  skipped: outside allowed region
velocity row 29/120 IC 360/599 x0=0.791928 velocity_parameter=-0.501167 elapsed=1.33629s written=0
  crossing 0/250
  stopped velocity row 29 IC 360 x0=0.791928 velocity_parameter=-0.501167 status=outer_limit: trajectory reached the configured outer_limit radius
velocity row 30/120 IC 342/599 x0=0.79152 velocity_parameter=-0.485 elapsed=1.34634s written=0
  skipped: outside allowed region
velocity row 30/120 IC 352/599 x0=0.791747 velocity_parameter=-0.485 elapsed=1.36404s written=0
  skipped: outside allowed region
velocity row 30/120 IC 360/599 x0=0.791928 velocity_parameter=-0.485 elapsed=1.38366s written=0
  crossing 0/250
  stopped velocity row 30 IC 360 x0=0.791928 velocity_parameter=-0.485 status=outer_limit: trajectory reached the configured outer_limit radius
velocity row 31/120 IC 342/599 x0=0.79152 velocity_parameter=-0.468833 elapsed=1.39461s written=0
  skipped: outside allowed region
velocity row 31/120 IC 352/599 x0=0.791747 velocity_parameter=-0.468833 elapsed=1.41648s written=0
  skipped: outside allowed region
velocity row 31/120 IC 360/599 x0=0.791928 velocity_parameter=-0.468833 elapsed=1.42663s written=0
  crossing 0/250
  stopped velocity row 31 IC 360 x0=0.791928 velocity_parameter=-0.468833 status=outer_limit: trajectory reached the configured outer_limit radius
velocity row 32/120 IC 342/599 x0=0.79152 velocity_parameter=-0.452667 elapsed=1.43662s written=0
  skipped: outside allowed region
velocity row 32/120 IC 352/599 x0=0.791747 velocity_parameter=-0.452667 elapsed=1.44842s written=0
  skipped: outside allowed region
velocity row 32/120 IC 360/599 x0=0.791928 velocity_parameter=-0.452667 elapsed=1.46042s written=0
  crossing 0/250
  stopped velocity row 32 IC 360 x0=0.791928 velocity_parameter=-0.452667 status=outer_limit: trajectory reached the configured outer_limit radius
velocity row 33/120 IC 342/599 x0=0.79152 velocity_parameter=-0.4365 elapsed=1.47026s written=0
  skipped: outside allowed region
velocity row 33/120 IC 352/599 x0=0.791747 velocity_parameter=-0.4365 elapsed=1.48846s written=0
  skipped: outside allowed region
velocity row 33/120 IC 360/599 x0=0.791928 velocity_parameter=-0.4365 elapsed=1.51007s written=0
  crossing 0/250
  stopped velocity row 33 IC 360 x0=0.791928 velocity_parameter=-0.4365 status=outer_limit: trajectory reached the configured outer_limit radius
velocity row 34/120 IC 342/599 x0=0.79152 velocity_parameter=-0.420333 elapsed=1.52254s written=0
  skipped: outside allowed region
velocity row 34/120 IC 352/599 x0=0.791747 velocity_parameter=-0.420333 elapsed=1.54351s written=0
  skipped: outside allowed region
velocity row 34/120 IC 360/599 x0=0.791928 velocity_parameter=-0.420333 elapsed=1.56156s written=0
  crossing 0/250
  stopped velocity row 34 IC 360 x0=0.791928 velocity_parameter=-0.420333 status=outer_limit: trajectory reached the configured outer_limit radius
velocity row 35/120 IC 342/599 x0=0.79152 velocity_parameter=-0.404167 elapsed=1.57197s written=0
  skipped: outside allowed region
velocity row 35/120 IC 352/599 x0=0.791747 velocity_parameter=-0.404167 elapsed=1.58777s written=0
  skipped: outside allowed region
velocity row 35/120 IC 360/599 x0=0.791928 velocity_parameter=-0.404167 elapsed=1.59886s written=0
  crossing 0/250
  stopped velocity row 35 IC 360 x0=0.791928 velocity_parameter=-0.404167 status=outer_limit: trajectory reached the configured outer_limit radius
velocity row 36/120 IC 342/599 x0=0.79152 velocity_parameter=-0.388 elapsed=1.60886s written=0
  skipped: outside allowed region
velocity row 36/120 IC 352/599 x0=0.791747 velocity_parameter=-0.388 elapsed=1.62457s written=0
  skipped: outside allowed region
velocity row 36/120 IC 360/599 x0=0.791928 velocity_parameter=-0.388 elapsed=1.63952s written=0
  crossing 0/250
  stopped velocity row 36 IC 360 x0=0.791928 velocity_parameter=-0.388 status=outer_limit: trajectory reached the configured outer_limit radius
velocity row 37/120 IC 342/599 x0=0.79152 velocity_parameter=-0.371833 elapsed=1.65128s written=0
  skipped: outside allowed region
velocity row 37/120 IC 352/599 x0=0.791747 velocity_parameter=-0.371833 elapsed=1.66626s written=0
  skipped: outside allowed region
velocity row 37/120 IC 360/599 x0=0.791928 velocity_parameter=-0.371833 elapsed=1.67997s written=0
  crossing 0/250
  stopped velocity row 37 IC 360 x0=0.791928 velocity_parameter=-0.371833 status=outer_limit: trajectory reached the configured outer_limit radius
velocity row 38/120 IC 342/599 x0=0.79152 velocity_parameter=-0.355667 elapsed=1.69171s written=0
  skipped: outside allowed region
velocity row 38/120 IC 352/599 x0=0.791747 velocity_parameter=-0.355667 elapsed=1.7057s written=0
  skipped: outside allowed region
velocity row 38/120 IC 360/599 x0=0.791928 velocity_parameter=-0.355667 elapsed=1.72487s written=0
  crossing 0/250
  stopped velocity row 38 IC 360 x0=0.791928 velocity_parameter=-0.355667 status=outer_limit: trajectory reached the configured outer_limit radius
velocity row 39/120 IC 342/599 x0=0.79152 velocity_parameter=-0.3395 elapsed=1.73553s written=0
  skipped: outside allowed region
velocity row 39/120 IC 352/599 x0=0.791747 velocity_parameter=-0.3395 elapsed=1.75285s written=0
  skipped: outside allowed region
velocity row 39/120 IC 360/599 x0=0.791928 velocity_parameter=-0.3395 elapsed=1.76742s written=0
  crossing 0/250
  stopped velocity row 39 IC 360 x0=0.791928 velocity_parameter=-0.3395 status=outer_limit: trajectory reached the configured outer_limit radius
velocity row 40/120 IC 342/599 x0=0.79152 velocity_parameter=-0.323333 elapsed=1.77943s written=0
  skipped: outside allowed region
velocity row 40/120 IC 352/599 x0=0.791747 velocity_parameter=-0.323333 elapsed=1.79293s written=0
  skipped: outside allowed region
velocity row 40/120 IC 360/599 x0=0.791928 velocity_parameter=-0.323333 elapsed=1.80228s written=0
  crossing 0/250
  stopped velocity row 40 IC 360 x0=0.791928 velocity_parameter=-0.323333 status=outer_limit: trajectory reached the configured outer_limit radius
velocity row 41/120 IC 342/599 x0=0.79152 velocity_parameter=-0.307167 elapsed=1.81139s written=0
  skipped: outside allowed region
velocity row 41/120 IC 352/599 x0=0.791747 velocity_parameter=-0.307167 elapsed=1.82389s written=0
  skipped: outside allowed region
velocity row 41/120 IC 360/599 x0=0.791928 velocity_parameter=-0.307167 elapsed=1.8444s written=0
  crossing 0/250
  stopped velocity row 41 IC 360 x0=0.791928 velocity_parameter=-0.307167 status=outer_limit: trajectory reached the configured outer_limit radius
velocity row 42/120 IC 342/599 x0=0.79152 velocity_parameter=-0.291 elapsed=1.85589s written=0
  skipped: outside allowed region
velocity row 42/120 IC 352/599 x0=0.791747 velocity_parameter=-0.291 elapsed=1.86829s written=0
  skipped: outside allowed region
velocity row 42/120 IC 360/599 x0=0.791928 velocity_parameter=-0.291 elapsed=1.88896s written=0
  crossing 0/250
  stopped velocity row 42 IC 360 x0=0.791928 velocity_parameter=-0.291 status=outer_limit: trajectory reached the configured outer_limit radius
velocity row 43/120 IC 342/599 x0=0.79152 velocity_parameter=-0.274833 elapsed=1.89916s written=0
  skipped: outside allowed region
velocity row 43/120 IC 352/599 x0=0.791747 velocity_parameter=-0.274833 elapsed=1.91542s written=0
  skipped: outside allowed region
velocity row 43/120 IC 360/599 x0=0.791928 velocity_parameter=-0.274833 elapsed=1.92955s written=0
  crossing 0/250
  stopped velocity row 43 IC 360 x0=0.791928 velocity_parameter=-0.274833 status=outer_limit: trajectory reached the configured outer_limit radius
velocity row 44/120 IC 342/599 x0=0.79152 velocity_parameter=-0.258667 elapsed=1.93996s written=0
  skipped: outside allowed region
velocity row 44/120 IC 352/599 x0=0.791747 velocity_parameter=-0.258667 elapsed=1.95764s written=0
  skipped: outside allowed region
velocity row 44/120 IC 360/599 x0=0.791928 velocity_parameter=-0.258667 elapsed=1.9714s written=0
  crossing 0/250
  stopped velocity row 44 IC 360 x0=0.791928 velocity_parameter=-0.258667 status=outer_limit: trajectory reached the configured outer_limit radius
velocity row 45/120 IC 342/599 x0=0.79152 velocity_parameter=-0.2425 elapsed=1.98639s written=0
  skipped: outside allowed region
velocity row 45/120 IC 352/599 x0=0.791747 velocity_parameter=-0.2425 elapsed=1.99876s written=0
  skipped: outside allowed region
velocity row 45/120 IC 360/599 x0=0.791928 velocity_parameter=-0.2425 elapsed=2.00808s written=0
  crossing 0/250
  stopped velocity row 45 IC 360 x0=0.791928 velocity_parameter=-0.2425 status=outer_limit: trajectory reached the configured outer_limit radius
velocity row 46/120 IC 342/599 x0=0.79152 velocity_parameter=-0.226333 elapsed=2.01805s written=0
  skipped: outside allowed region
velocity row 46/120 IC 352/599 x0=0.791747 velocity_parameter=-0.226333 elapsed=2.03147s written=0
  skipped: outside allowed region
velocity row 46/120 IC 360/599 x0=0.791928 velocity_parameter=-0.226333 elapsed=2.0415s written=0
  crossing 0/250
  stopped velocity row 46 IC 360 x0=0.791928 velocity_parameter=-0.226333 status=outer_limit: trajectory reached the configured outer_limit radius
velocity row 47/120 IC 342/599 x0=0.79152 velocity_parameter=-0.210167 elapsed=2.05242s written=0
  skipped: outside allowed region
velocity row 47/120 IC 352/599 x0=0.791747 velocity_parameter=-0.210167 elapsed=2.06536s written=0
  skipped: outside allowed region
velocity row 47/120 IC 360/599 x0=0.791928 velocity_parameter=-0.210167 elapsed=2.08316s written=0
  crossing 0/250
  stopped velocity row 47 IC 360 x0=0.791928 velocity_parameter=-0.210167 status=outer_limit: trajectory reached the configured outer_limit radius
velocity row 48/120 IC 342/599 x0=0.79152 velocity_parameter=-0.194 elapsed=2.09378s written=0
  skipped: outside allowed region
velocity row 48/120 IC 352/599 x0=0.791747 velocity_parameter=-0.194 elapsed=2.11894s written=0
  skipped: outside allowed region
velocity row 48/120 IC 360/599 x0=0.791928 velocity_parameter=-0.194 elapsed=2.131s written=0
  crossing 0/250
  stopped velocity row 48 IC 360 x0=0.791928 velocity_parameter=-0.194 status=outer_limit: trajectory reached the configured outer_limit radius
velocity row 49/120 IC 342/599 x0=0.79152 velocity_parameter=-0.177833 elapsed=2.14196s written=0
  skipped: outside allowed region
velocity row 49/120 IC 352/599 x0=0.791747 velocity_parameter=-0.177833 elapsed=2.16063s written=0
  skipped: outside allowed region
velocity row 49/120 IC 360/599 x0=0.791928 velocity_parameter=-0.177833 elapsed=2.17119s written=0
  crossing 0/250
  stopped velocity row 49 IC 360 x0=0.791928 velocity_parameter=-0.177833 status=outer_limit: trajectory reached the configured outer_limit radius
velocity row 50/120 IC 342/599 x0=0.79152 velocity_parameter=-0.161667 elapsed=2.18316s written=0
  skipped: outside allowed region
velocity row 50/120 IC 352/599 x0=0.791747 velocity_parameter=-0.161667 elapsed=2.20472s written=0
  skipped: outside allowed region
velocity row 50/120 IC 360/599 x0=0.791928 velocity_parameter=-0.161667 elapsed=2.21986s written=0
  crossing 0/250
  stopped velocity row 50 IC 360 x0=0.791928 velocity_parameter=-0.161667 status=outer_limit: trajectory reached the configured outer_limit radius
velocity row 51/120 IC 342/599 x0=0.79152 velocity_parameter=-0.1455 elapsed=2.23486s written=0
  skipped: outside allowed region
velocity row 51/120 IC 352/599 x0=0.791747 velocity_parameter=-0.1455 elapsed=2.24547s written=0
  skipped: outside allowed region
velocity row 51/120 IC 360/599 x0=0.791928 velocity_parameter=-0.1455 elapsed=2.25669s written=0
  crossing 0/250
  stopped velocity row 51 IC 360 x0=0.791928 velocity_parameter=-0.1455 status=outer_limit: trajectory reached the configured outer_limit radius
velocity row 52/120 IC 342/599 x0=0.79152 velocity_parameter=-0.129333 elapsed=2.27166s written=0
  skipped: outside allowed region
velocity row 52/120 IC 352/599 x0=0.791747 velocity_parameter=-0.129333 elapsed=2.28883s written=0
  skipped: outside allowed region
velocity row 52/120 IC 360/599 x0=0.791928 velocity_parameter=-0.129333 elapsed=2.30337s written=0
  crossing 0/250
  stopped velocity row 52 IC 360 x0=0.791928 velocity_parameter=-0.129333 status=outer_limit: trajectory reached the configured outer_limit radius
velocity row 53/120 IC 342/599 x0=0.79152 velocity_parameter=-0.113167 elapsed=2.3133s written=0
  skipped: outside allowed region
velocity row 53/120 IC 352/599 x0=0.791747 velocity_parameter=-0.113167 elapsed=2.32909s written=0
  skipped: outside allowed region
velocity row 53/120 IC 360/599 x0=0.791928 velocity_parameter=-0.113167 elapsed=2.34054s written=0
  crossing 0/250
  stopped velocity row 53 IC 360 x0=0.791928 velocity_parameter=-0.113167 status=outer_limit: trajectory reached the configured outer_limit radius
velocity row 54/120 IC 342/599 x0=0.79152 velocity_parameter=-0.097 elapsed=2.35499s written=0
  skipped: outside allowed region
velocity row 54/120 IC 352/599 x0=0.791747 velocity_parameter=-0.097 elapsed=2.3747s written=0
  skipped: outside allowed region
velocity row 54/120 IC 360/599 x0=0.791928 velocity_parameter=-0.097 elapsed=2.39492s written=0
  crossing 0/250
  stopped velocity row 54 IC 360 x0=0.791928 velocity_parameter=-0.097 status=outer_limit: trajectory reached the configured outer_limit radius
velocity row 55/120 IC 342/599 x0=0.79152 velocity_parameter=-0.0808333 elapsed=2.40452s written=0
  skipped: outside allowed region
velocity row 55/120 IC 352/599 x0=0.791747 velocity_parameter=-0.0808333 elapsed=2.42308s written=0
  skipped: outside allowed region
velocity row 55/120 IC 360/599 x0=0.791928 velocity_parameter=-0.0808333 elapsed=2.44123s written=0
  crossing 0/250
  stopped velocity row 55 IC 360 x0=0.791928 velocity_parameter=-0.0808333 status=outer_limit: trajectory reached the configured outer_limit radius
velocity row 56/120 IC 342/599 x0=0.79152 velocity_parameter=-0.0646667 elapsed=2.45508s written=0
  skipped: outside allowed region
velocity row 56/120 IC 352/599 x0=0.791747 velocity_parameter=-0.0646667 elapsed=2.47249s written=0
  skipped: outside allowed region
velocity row 56/120 IC 360/599 x0=0.791928 velocity_parameter=-0.0646667 elapsed=2.48652s written=0
  crossing 0/250
  stopped velocity row 56 IC 360 x0=0.791928 velocity_parameter=-0.0646667 status=outer_limit: trajectory reached the configured outer_limit radius
velocity row 57/120 IC 342/599 x0=0.79152 velocity_parameter=-0.0485 elapsed=2.49623s written=0
  skipped: outside allowed region
velocity row 57/120 IC 352/599 x0=0.791747 velocity_parameter=-0.0485 elapsed=2.51925s written=0
  skipped: outside allowed region
velocity row 57/120 IC 360/599 x0=0.791928 velocity_parameter=-0.0485 elapsed=2.54095s written=0
  crossing 0/250
  stopped velocity row 57 IC 360 x0=0.791928 velocity_parameter=-0.0485 status=outer_limit: trajectory reached the configured outer_limit radius
velocity row 58/120 IC 342/599 x0=0.79152 velocity_parameter=-0.0323333 elapsed=2.55153s written=0
  skipped: outside allowed region
velocity row 58/120 IC 352/599 x0=0.791747 velocity_parameter=-0.0323333 elapsed=2.56536s written=0
  skipped: outside allowed region
velocity row 58/120 IC 360/599 x0=0.791928 velocity_parameter=-0.0323333 elapsed=2.59689s written=0
  crossing 0/250
  stopped velocity row 58 IC 360 x0=0.791928 velocity_parameter=-0.0323333 status=outer_limit: trajectory reached the configured outer_limit radius
velocity row 59/120 IC 342/599 x0=0.79152 velocity_parameter=-0.0161667 elapsed=2.61002s written=0
  skipped: outside allowed region
velocity row 59/120 IC 352/599 x0=0.791747 velocity_parameter=-0.0161667 elapsed=2.62663s written=0
  skipped: outside allowed region
velocity row 59/120 IC 360/599 x0=0.791928 velocity_parameter=-0.0161667 elapsed=2.63756s written=0
  crossing 0/250
  stopped velocity row 59 IC 360 x0=0.791928 velocity_parameter=-0.0161667 status=outer_limit: trajectory reached the configured outer_limit radius
velocity row 60/120 IC 342/599 x0=0.79152 velocity_parameter=0 elapsed=2.64804s written=0
  skipped: outside allowed region
velocity row 60/120 IC 352/599 x0=0.791747 velocity_parameter=0 elapsed=2.66086s written=0
  skipped: outside allowed region
velocity row 60/120 IC 360/599 x0=0.791928 velocity_parameter=0 elapsed=2.68226s written=0
  crossing 0/250
  stopped velocity row 60 IC 360 x0=0.791928 velocity_parameter=0 status=outer_limit: trajectory reached the configured outer_limit radius
velocity row 61/120 IC 342/599 x0=0.79152 velocity_parameter=0.0161667 elapsed=2.69498s written=0
  skipped: outside allowed region
velocity row 61/120 IC 352/599 x0=0.791747 velocity_parameter=0.0161667 elapsed=2.71243s written=0
  skipped: outside allowed region
velocity row 61/120 IC 360/599 x0=0.791928 velocity_parameter=0.0161667 elapsed=2.72958s written=0
  crossing 0/250
  stopped velocity row 61 IC 360 x0=0.791928 velocity_parameter=0.0161667 status=outer_limit: trajectory reached the configured outer_limit radius
velocity row 62/120 IC 342/599 x0=0.79152 velocity_parameter=0.0323333 elapsed=2.74141s written=0
  skipped: outside allowed region
velocity row 62/120 IC 352/599 x0=0.791747 velocity_parameter=0.0323333 elapsed=2.75656s written=0
  skipped: outside allowed region
velocity row 62/120 IC 360/599 x0=0.791928 velocity_parameter=0.0323333 elapsed=2.77152s written=0
  crossing 0/250
  stopped velocity row 62 IC 360 x0=0.791928 velocity_parameter=0.0323333 status=outer_limit: trajectory reached the configured outer_limit radius
velocity row 63/120 IC 342/599 x0=0.79152 velocity_parameter=0.0485 elapsed=2.78241s written=0
  skipped: outside allowed region
velocity row 63/120 IC 352/599 x0=0.791747 velocity_parameter=0.0485 elapsed=2.79896s written=0
  skipped: outside allowed region
velocity row 63/120 IC 360/599 x0=0.791928 velocity_parameter=0.0485 elapsed=2.81209s written=0
  crossing 0/250
  stopped velocity row 63 IC 360 x0=0.791928 velocity_parameter=0.0485 status=outer_limit: trajectory reached the configured outer_limit radius
velocity row 64/120 IC 342/599 x0=0.79152 velocity_parameter=0.0646667 elapsed=2.82229s written=0
  skipped: outside allowed region
velocity row 64/120 IC 352/599 x0=0.791747 velocity_parameter=0.0646667 elapsed=2.83748s written=0
  skipped: outside allowed region
velocity row 64/120 IC 360/599 x0=0.791928 velocity_parameter=0.0646667 elapsed=2.85302s written=0
  crossing 0/250
  stopped velocity row 64 IC 360 x0=0.791928 velocity_parameter=0.0646667 status=outer_limit: trajectory reached the configured outer_limit radius
velocity row 65/120 IC 342/599 x0=0.79152 velocity_parameter=0.0808333 elapsed=2.86349s written=0
  skipped: outside allowed region
velocity row 65/120 IC 352/599 x0=0.791747 velocity_parameter=0.0808333 elapsed=2.88677s written=0
  skipped: outside allowed region
velocity row 65/120 IC 360/599 x0=0.791928 velocity_parameter=0.0808333 elapsed=2.89628s written=0
  crossing 0/250
  stopped velocity row 65 IC 360 x0=0.791928 velocity_parameter=0.0808333 status=outer_limit: trajectory reached the configured outer_limit radius
velocity row 66/120 IC 342/599 x0=0.79152 velocity_parameter=0.097 elapsed=2.90657s written=0
  skipped: outside allowed region
velocity row 66/120 IC 352/599 x0=0.791747 velocity_parameter=0.097 elapsed=2.92217s written=0
  skipped: outside allowed region
velocity row 66/120 IC 360/599 x0=0.791928 velocity_parameter=0.097 elapsed=2.93465s written=0
  crossing 0/250
  stopped velocity row 66 IC 360 x0=0.791928 velocity_parameter=0.097 status=outer_limit: trajectory reached the configured outer_limit radius
velocity row 67/120 IC 342/599 x0=0.79152 velocity_parameter=0.113167 elapsed=2.94362s written=0
  skipped: outside allowed region
velocity row 67/120 IC 352/599 x0=0.791747 velocity_parameter=0.113167 elapsed=2.95715s written=0
  skipped: outside allowed region
velocity row 67/120 IC 360/599 x0=0.791928 velocity_parameter=0.113167 elapsed=2.96522s written=0
  crossing 0/250
  stopped velocity row 67 IC 360 x0=0.791928 velocity_parameter=0.113167 status=outer_limit: trajectory reached the configured outer_limit radius
velocity row 68/120 IC 342/599 x0=0.79152 velocity_parameter=0.129333 elapsed=2.97578s written=0
  skipped: outside allowed region
velocity row 68/120 IC 352/599 x0=0.791747 velocity_parameter=0.129333 elapsed=2.9924s written=0
  skipped: outside allowed region
velocity row 68/120 IC 360/599 x0=0.791928 velocity_parameter=0.129333 elapsed=3.0042s written=0
  crossing 0/250
  stopped velocity row 68 IC 360 x0=0.791928 velocity_parameter=0.129333 status=outer_limit: trajectory reached the configured outer_limit radius
velocity row 69/120 IC 342/599 x0=0.79152 velocity_parameter=0.1455 elapsed=3.01577s written=0
  skipped: outside allowed region
velocity row 69/120 IC 352/599 x0=0.791747 velocity_parameter=0.1455 elapsed=3.03136s written=0
  skipped: outside allowed region
velocity row 69/120 IC 360/599 x0=0.791928 velocity_parameter=0.1455 elapsed=3.04912s written=0
  crossing 0/250
  stopped velocity row 69 IC 360 x0=0.791928 velocity_parameter=0.1455 status=outer_limit: trajectory reached the configured outer_limit radius
velocity row 70/120 IC 342/599 x0=0.79152 velocity_parameter=0.161667 elapsed=3.06348s written=0
  skipped: outside allowed region
velocity row 70/120 IC 352/599 x0=0.791747 velocity_parameter=0.161667 elapsed=3.08667s written=0
  skipped: outside allowed region
velocity row 70/120 IC 360/599 x0=0.791928 velocity_parameter=0.161667 elapsed=3.09927s written=0
  crossing 0/250
  stopped velocity row 70 IC 360 x0=0.791928 velocity_parameter=0.161667 status=outer_limit: trajectory reached the configured outer_limit radius
velocity row 71/120 IC 342/599 x0=0.79152 velocity_parameter=0.177833 elapsed=3.11041s written=0
  skipped: outside allowed region
velocity row 71/120 IC 352/599 x0=0.791747 velocity_parameter=0.177833 elapsed=3.12353s written=0
  skipped: outside allowed region
velocity row 71/120 IC 360/599 x0=0.791928 velocity_parameter=0.177833 elapsed=3.14335s written=0
  crossing 0/250
  stopped velocity row 71 IC 360 x0=0.791928 velocity_parameter=0.177833 status=outer_limit: trajectory reached the configured outer_limit radius
velocity row 72/120 IC 342/599 x0=0.79152 velocity_parameter=0.194 elapsed=3.16161s written=0
  skipped: outside allowed region
velocity row 72/120 IC 352/599 x0=0.791747 velocity_parameter=0.194 elapsed=3.17704s written=0
  skipped: outside allowed region
velocity row 72/120 IC 360/599 x0=0.791928 velocity_parameter=0.194 elapsed=3.19646s written=0
  crossing 0/250
  stopped velocity row 72 IC 360 x0=0.791928 velocity_parameter=0.194 status=outer_limit: trajectory reached the configured outer_limit radius
velocity row 73/120 IC 342/599 x0=0.79152 velocity_parameter=0.210167 elapsed=3.20704s written=0
  skipped: outside allowed region
velocity row 73/120 IC 352/599 x0=0.791747 velocity_parameter=0.210167 elapsed=3.22162s written=0
  skipped: outside allowed region
velocity row 73/120 IC 360/599 x0=0.791928 velocity_parameter=0.210167 elapsed=3.24016s written=0
  crossing 0/250
  stopped velocity row 73 IC 360 x0=0.791928 velocity_parameter=0.210167 status=outer_limit: trajectory reached the configured outer_limit radius
velocity row 74/120 IC 342/599 x0=0.79152 velocity_parameter=0.226333 elapsed=3.25173s written=0
  skipped: outside allowed region
velocity row 74/120 IC 352/599 x0=0.791747 velocity_parameter=0.226333 elapsed=3.26556s written=0
  skipped: outside allowed region
velocity row 74/120 IC 360/599 x0=0.791928 velocity_parameter=0.226333 elapsed=3.27592s written=0
  crossing 0/250
  stopped velocity row 74 IC 360 x0=0.791928 velocity_parameter=0.226333 status=outer_limit: trajectory reached the configured outer_limit radius
velocity row 75/120 IC 342/599 x0=0.79152 velocity_parameter=0.2425 elapsed=3.28653s written=0
  skipped: outside allowed region
velocity row 75/120 IC 352/599 x0=0.791747 velocity_parameter=0.2425 elapsed=3.30584s written=0
  skipped: outside allowed region
velocity row 75/120 IC 360/599 x0=0.791928 velocity_parameter=0.2425 elapsed=3.3182s written=0
  crossing 0/250
  stopped velocity row 75 IC 360 x0=0.791928 velocity_parameter=0.2425 status=outer_limit: trajectory reached the configured outer_limit radius
velocity row 76/120 IC 342/599 x0=0.79152 velocity_parameter=0.258667 elapsed=3.32875s written=0
  skipped: outside allowed region
velocity row 76/120 IC 352/599 x0=0.791747 velocity_parameter=0.258667 elapsed=3.34436s written=0
  skipped: outside allowed region
velocity row 76/120 IC 360/599 x0=0.791928 velocity_parameter=0.258667 elapsed=3.36055s written=0
  crossing 0/250
  stopped velocity row 76 IC 360 x0=0.791928 velocity_parameter=0.258667 status=outer_limit: trajectory reached the configured outer_limit radius
velocity row 77/120 IC 342/599 x0=0.79152 velocity_parameter=0.274833 elapsed=3.36968s written=0
  skipped: outside allowed region
velocity row 77/120 IC 352/599 x0=0.791747 velocity_parameter=0.274833 elapsed=3.38665s written=0
  skipped: outside allowed region
velocity row 77/120 IC 360/599 x0=0.791928 velocity_parameter=0.274833 elapsed=3.39954s written=0
  crossing 0/250
  stopped velocity row 77 IC 360 x0=0.791928 velocity_parameter=0.274833 status=outer_limit: trajectory reached the configured outer_limit radius
velocity row 78/120 IC 342/599 x0=0.79152 velocity_parameter=0.291 elapsed=3.40848s written=0
  skipped: outside allowed region
velocity row 78/120 IC 352/599 x0=0.791747 velocity_parameter=0.291 elapsed=3.42354s written=0
  skipped: outside allowed region
velocity row 78/120 IC 360/599 x0=0.791928 velocity_parameter=0.291 elapsed=3.46372s written=0
  crossing 0/250
  stopped velocity row 78 IC 360 x0=0.791928 velocity_parameter=0.291 status=outer_limit: trajectory reached the configured outer_limit radius
velocity row 79/120 IC 342/599 x0=0.79152 velocity_parameter=0.307167 elapsed=3.47562s written=0
  skipped: outside allowed region
velocity row 79/120 IC 352/599 x0=0.791747 velocity_parameter=0.307167 elapsed=3.48808s written=0
  skipped: outside allowed region
velocity row 79/120 IC 360/599 x0=0.791928 velocity_parameter=0.307167 elapsed=3.50339s written=0
  crossing 0/250
  stopped velocity row 79 IC 360 x0=0.791928 velocity_parameter=0.307167 status=outer_limit: trajectory reached the configured outer_limit radius
velocity row 80/120 IC 342/599 x0=0.79152 velocity_parameter=0.323333 elapsed=3.51582s written=0
  skipped: outside allowed region
velocity row 80/120 IC 352/599 x0=0.791747 velocity_parameter=0.323333 elapsed=3.55259s written=0
  skipped: outside allowed region
velocity row 80/120 IC 360/599 x0=0.791928 velocity_parameter=0.323333 elapsed=3.56302s written=0
  crossing 0/250
  stopped velocity row 80 IC 360 x0=0.791928 velocity_parameter=0.323333 status=outer_limit: trajectory reached the configured outer_limit radius
velocity row 81/120 IC 342/599 x0=0.79152 velocity_parameter=0.3395 elapsed=3.57401s written=0
  skipped: outside allowed region
velocity row 81/120 IC 352/599 x0=0.791747 velocity_parameter=0.3395 elapsed=3.59114s written=0
  skipped: outside allowed region
velocity row 81/120 IC 360/599 x0=0.791928 velocity_parameter=0.3395 elapsed=3.60503s written=0
  crossing 0/250
  stopped velocity row 81 IC 360 x0=0.791928 velocity_parameter=0.3395 status=outer_limit: trajectory reached the configured outer_limit radius
velocity row 82/120 IC 342/599 x0=0.79152 velocity_parameter=0.355667 elapsed=3.61319s written=0
  skipped: outside allowed region
velocity row 82/120 IC 352/599 x0=0.791747 velocity_parameter=0.355667 elapsed=3.62809s written=0
  skipped: outside allowed region
velocity row 82/120 IC 360/599 x0=0.791928 velocity_parameter=0.355667 elapsed=3.65227s written=0
  crossing 0/250
  stopped velocity row 82 IC 360 x0=0.791928 velocity_parameter=0.355667 status=outer_limit: trajectory reached the configured outer_limit radius
velocity row 83/120 IC 342/599 x0=0.79152 velocity_parameter=0.371833 elapsed=3.66143s written=0
  skipped: outside allowed region
velocity row 83/120 IC 352/599 x0=0.791747 velocity_parameter=0.371833 elapsed=3.67914s written=0
  skipped: outside allowed region
velocity row 83/120 IC 360/599 x0=0.791928 velocity_parameter=0.371833 elapsed=3.69079s written=0
  crossing 0/250
  stopped velocity row 83 IC 360 x0=0.791928 velocity_parameter=0.371833 status=outer_limit: trajectory reached the configured outer_limit radius
velocity row 84/120 IC 342/599 x0=0.79152 velocity_parameter=0.388 elapsed=3.70118s written=0
  skipped: outside allowed region
velocity row 84/120 IC 352/599 x0=0.791747 velocity_parameter=0.388 elapsed=3.71239s written=0
  skipped: outside allowed region
velocity row 84/120 IC 360/599 x0=0.791928 velocity_parameter=0.388 elapsed=3.72517s written=0
  crossing 0/250
  stopped velocity row 84 IC 360 x0=0.791928 velocity_parameter=0.388 status=outer_limit: trajectory reached the configured outer_limit radius
velocity row 85/120 IC 342/599 x0=0.79152 velocity_parameter=0.404167 elapsed=3.73812s written=0
  skipped: outside allowed region
velocity row 85/120 IC 352/599 x0=0.791747 velocity_parameter=0.404167 elapsed=3.75782s written=0
  skipped: outside allowed region
velocity row 85/120 IC 360/599 x0=0.791928 velocity_parameter=0.404167 elapsed=3.77078s written=0
  crossing 0/250
  stopped velocity row 85 IC 360 x0=0.791928 velocity_parameter=0.404167 status=outer_limit: trajectory reached the configured outer_limit radius
velocity row 86/120 IC 342/599 x0=0.79152 velocity_parameter=0.420333 elapsed=3.78133s written=0
  skipped: outside allowed region
velocity row 86/120 IC 352/599 x0=0.791747 velocity_parameter=0.420333 elapsed=3.79492s written=0
  skipped: outside allowed region
velocity row 86/120 IC 360/599 x0=0.791928 velocity_parameter=0.420333 elapsed=3.80547s written=0
  crossing 0/250
  stopped velocity row 86 IC 360 x0=0.791928 velocity_parameter=0.420333 status=outer_limit: trajectory reached the configured outer_limit radius
velocity row 87/120 IC 342/599 x0=0.79152 velocity_parameter=0.4365 elapsed=3.81565s written=0
  skipped: outside allowed region
velocity row 87/120 IC 352/599 x0=0.791747 velocity_parameter=0.4365 elapsed=3.83222s written=0
  skipped: outside allowed region
velocity row 87/120 IC 360/599 x0=0.791928 velocity_parameter=0.4365 elapsed=3.8418s written=0
  crossing 0/250
  stopped velocity row 87 IC 360 x0=0.791928 velocity_parameter=0.4365 status=outer_limit: trajectory reached the configured outer_limit radius
velocity row 88/120 IC 342/599 x0=0.79152 velocity_parameter=0.452667 elapsed=3.85859s written=0
  skipped: outside allowed region
velocity row 88/120 IC 352/599 x0=0.791747 velocity_parameter=0.452667 elapsed=3.87462s written=0
  skipped: outside allowed region
velocity row 88/120 IC 360/599 x0=0.791928 velocity_parameter=0.452667 elapsed=3.88753s written=0
  crossing 0/250
  stopped velocity row 88 IC 360 x0=0.791928 velocity_parameter=0.452667 status=outer_limit: trajectory reached the configured outer_limit radius
velocity row 89/120 IC 342/599 x0=0.79152 velocity_parameter=0.468833 elapsed=3.8987s written=0
  skipped: outside allowed region
velocity row 89/120 IC 352/599 x0=0.791747 velocity_parameter=0.468833 elapsed=3.90884s written=0
  skipped: outside allowed region
velocity row 89/120 IC 360/599 x0=0.791928 velocity_parameter=0.468833 elapsed=3.91918s written=0
  crossing 0/250
  stopped velocity row 89 IC 360 x0=0.791928 velocity_parameter=0.468833 status=outer_limit: trajectory reached the configured outer_limit radius
velocity row 90/120 IC 342/599 x0=0.79152 velocity_parameter=0.485 elapsed=3.92983s written=0
  skipped: outside allowed region
velocity row 90/120 IC 352/599 x0=0.791747 velocity_parameter=0.485 elapsed=3.94844s written=0
  skipped: outside allowed region
velocity row 90/120 IC 360/599 x0=0.791928 velocity_parameter=0.485 elapsed=3.96763s written=0
  crossing 0/250
  stopped velocity row 90 IC 360 x0=0.791928 velocity_parameter=0.485 status=outer_limit: trajectory reached the configured outer_limit radius
velocity row 91/120 IC 342/599 x0=0.79152 velocity_parameter=0.501167 elapsed=3.97935s written=0
  skipped: outside allowed region
velocity row 91/120 IC 352/599 x0=0.791747 velocity_parameter=0.501167 elapsed=4.00261s written=0
  skipped: outside allowed region
velocity row 91/120 IC 360/599 x0=0.791928 velocity_parameter=0.501167 elapsed=4.01952s written=0
  crossing 0/250
  stopped velocity row 91 IC 360 x0=0.791928 velocity_parameter=0.501167 status=outer_limit: trajectory reached the configured outer_limit radius
velocity row 92/120 IC 342/599 x0=0.79152 velocity_parameter=0.517333 elapsed=4.02918s written=0
  skipped: outside allowed region
velocity row 92/120 IC 352/599 x0=0.791747 velocity_parameter=0.517333 elapsed=4.05142s written=0
  skipped: outside allowed region
velocity row 92/120 IC 360/599 x0=0.791928 velocity_parameter=0.517333 elapsed=4.07835s written=0
  crossing 0/250
  stopped velocity row 92 IC 360 x0=0.791928 velocity_parameter=0.517333 status=outer_limit: trajectory reached the configured outer_limit radius
velocity row 93/120 IC 342/599 x0=0.79152 velocity_parameter=0.5335 elapsed=4.08915s written=0
  skipped: outside allowed region
velocity row 93/120 IC 352/599 x0=0.791747 velocity_parameter=0.5335 elapsed=4.10334s written=0
  skipped: outside allowed region
velocity row 93/120 IC 360/599 x0=0.791928 velocity_parameter=0.5335 elapsed=4.11117s written=0
  crossing 0/250
  stopped velocity row 93 IC 360 x0=0.791928 velocity_parameter=0.5335 status=outer_limit: trajectory reached the configured outer_limit radius
velocity row 94/120 IC 342/599 x0=0.79152 velocity_parameter=0.549667 elapsed=4.12122s written=0
  skipped: outside allowed region
velocity row 94/120 IC 352/599 x0=0.791747 velocity_parameter=0.549667 elapsed=4.1327s written=0
  skipped: outside allowed region
velocity row 94/120 IC 360/599 x0=0.791928 velocity_parameter=0.549667 elapsed=4.14004s written=0
  crossing 0/250
  stopped velocity row 94 IC 360 x0=0.791928 velocity_parameter=0.549667 status=outer_limit: trajectory reached the configured outer_limit radius
velocity row 95/120 IC 342/599 x0=0.79152 velocity_parameter=0.565833 elapsed=4.14924s written=0
  skipped: outside allowed region
velocity row 95/120 IC 352/599 x0=0.791747 velocity_parameter=0.565833 elapsed=4.15752s written=0
  skipped: outside allowed region
velocity row 95/120 IC 360/599 x0=0.791928 velocity_parameter=0.565833 elapsed=4.16366s written=0
  crossing 0/250
  stopped velocity row 95 IC 360 x0=0.791928 velocity_parameter=0.565833 status=outer_limit: trajectory reached the configured outer_limit radius
velocity row 96/120 IC 342/599 x0=0.79152 velocity_parameter=0.582 elapsed=4.17306s written=0
  skipped: outside allowed region
velocity row 96/120 IC 352/599 x0=0.791747 velocity_parameter=0.582 elapsed=4.18098s written=0
  skipped: outside allowed region
velocity row 96/120 IC 360/599 x0=0.791928 velocity_parameter=0.582 elapsed=4.1875s written=0
  crossing 0/250
  stopped velocity row 96 IC 360 x0=0.791928 velocity_parameter=0.582 status=outer_limit: trajectory reached the configured outer_limit radius
velocity row 97/120 IC 342/599 x0=0.79152 velocity_parameter=0.598167 elapsed=4.19731s written=0
  skipped: outside allowed region
velocity row 97/120 IC 352/599 x0=0.791747 velocity_parameter=0.598167 elapsed=4.2058s written=0
  skipped: outside allowed region
velocity row 97/120 IC 360/599 x0=0.791928 velocity_parameter=0.598167 elapsed=4.21183s written=0
  crossing 0/250
  stopped velocity row 97 IC 360 x0=0.791928 velocity_parameter=0.598167 status=outer_limit: trajectory reached the configured outer_limit radius
velocity row 98/120 IC 342/599 x0=0.79152 velocity_parameter=0.614333 elapsed=4.22115s written=0
  skipped: outside allowed region
velocity row 98/120 IC 352/599 x0=0.791747 velocity_parameter=0.614333 elapsed=4.228s written=0
  skipped: outside allowed region
velocity row 98/120 IC 360/599 x0=0.791928 velocity_parameter=0.614333 elapsed=4.23441s written=0
  crossing 0/250
  stopped velocity row 98 IC 360 x0=0.791928 velocity_parameter=0.614333 status=outer_limit: trajectory reached the configured outer_limit radius
velocity row 99/120 IC 342/599 x0=0.79152 velocity_parameter=0.6305 elapsed=4.24351s written=0
  skipped: outside allowed region
velocity row 99/120 IC 352/599 x0=0.791747 velocity_parameter=0.6305 elapsed=4.25188s written=0
  skipped: outside allowed region
velocity row 99/120 IC 360/599 x0=0.791928 velocity_parameter=0.6305 elapsed=4.2586s written=0
  crossing 0/250
  stopped velocity row 99 IC 360 x0=0.791928 velocity_parameter=0.6305 status=outer_limit: trajectory reached the configured outer_limit radius
velocity row 100/120 IC 342/599 x0=0.79152 velocity_parameter=0.646667 elapsed=4.26726s written=0
  skipped: outside allowed region
velocity row 100/120 IC 352/599 x0=0.791747 velocity_parameter=0.646667 elapsed=4.27519s written=0
  skipped: outside allowed region
velocity row 100/120 IC 360/599 x0=0.791928 velocity_parameter=0.646667 elapsed=4.2814s written=0
  crossing 0/250
  stopped velocity row 100 IC 360 x0=0.791928 velocity_parameter=0.646667 status=outer_limit: trajectory reached the configured outer_limit radius
velocity row 101/120 IC 342/599 x0=0.79152 velocity_parameter=0.662833 elapsed=4.29005s written=0
  skipped: outside allowed region
velocity row 101/120 IC 352/599 x0=0.791747 velocity_parameter=0.662833 elapsed=4.29754s written=0
  skipped: outside allowed region
velocity row 101/120 IC 360/599 x0=0.791928 velocity_parameter=0.662833 elapsed=4.30376s written=0
  crossing 0/250
  stopped velocity row 101 IC 360 x0=0.791928 velocity_parameter=0.662833 status=outer_limit: trajectory reached the configured outer_limit radius
velocity row 102/120 IC 342/599 x0=0.79152 velocity_parameter=0.679 elapsed=4.31278s written=0
  skipped: outside allowed region
velocity row 102/120 IC 352/599 x0=0.791747 velocity_parameter=0.679 elapsed=4.32048s written=0
  skipped: outside allowed region
velocity row 102/120 IC 360/599 x0=0.791928 velocity_parameter=0.679 elapsed=4.32653s written=0
  crossing 0/250
  stopped velocity row 102 IC 360 x0=0.791928 velocity_parameter=0.679 status=outer_limit: trajectory reached the configured outer_limit radius
velocity row 103/120 IC 342/599 x0=0.79152 velocity_parameter=0.695167 elapsed=4.33524s written=0
  skipped: outside allowed region
velocity row 103/120 IC 352/599 x0=0.791747 velocity_parameter=0.695167 elapsed=4.34787s written=0
  skipped: outside allowed region
velocity row 103/120 IC 360/599 x0=0.791928 velocity_parameter=0.695167 elapsed=4.35446s written=0
  crossing 0/250
  stopped velocity row 103 IC 360 x0=0.791928 velocity_parameter=0.695167 status=outer_limit: trajectory reached the configured outer_limit radius
velocity row 104/120 IC 342/599 x0=0.79152 velocity_parameter=0.711333 elapsed=4.36304s written=0
  skipped: outside allowed region
velocity row 104/120 IC 352/599 x0=0.791747 velocity_parameter=0.711333 elapsed=4.37075s written=0
  skipped: outside allowed region
velocity row 104/120 IC 360/599 x0=0.791928 velocity_parameter=0.711333 elapsed=4.37667s written=0
  crossing 0/250
  stopped velocity row 104 IC 360 x0=0.791928 velocity_parameter=0.711333 status=outer_limit: trajectory reached the configured outer_limit radius
velocity row 105/120 IC 342/599 x0=0.79152 velocity_parameter=0.7275 elapsed=4.38567s written=0
  skipped: outside allowed region
velocity row 105/120 IC 352/599 x0=0.791747 velocity_parameter=0.7275 elapsed=4.39606s written=0
  skipped: outside allowed region
velocity row 105/120 IC 360/599 x0=0.791928 velocity_parameter=0.7275 elapsed=4.40259s written=0
  crossing 0/250
  stopped velocity row 105 IC 360 x0=0.791928 velocity_parameter=0.7275 status=outer_limit: trajectory reached the configured outer_limit radius
velocity row 106/120 IC 342/599 x0=0.79152 velocity_parameter=0.743667 elapsed=4.41185s written=0
  skipped: outside allowed region
velocity row 106/120 IC 352/599 x0=0.791747 velocity_parameter=0.743667 elapsed=4.42016s written=0
  skipped: outside allowed region
velocity row 106/120 IC 360/599 x0=0.791928 velocity_parameter=0.743667 elapsed=4.42602s written=0
  crossing 0/250
  stopped velocity row 106 IC 360 x0=0.791928 velocity_parameter=0.743667 status=outer_limit: trajectory reached the configured outer_limit radius
velocity row 107/120 IC 342/599 x0=0.79152 velocity_parameter=0.759833 elapsed=4.43528s written=0
  skipped: outside allowed region
velocity row 107/120 IC 352/599 x0=0.791747 velocity_parameter=0.759833 elapsed=4.44305s written=0
  skipped: outside allowed region
velocity row 107/120 IC 360/599 x0=0.791928 velocity_parameter=0.759833 elapsed=4.44866s written=0
  crossing 0/250
  stopped velocity row 107 IC 360 x0=0.791928 velocity_parameter=0.759833 status=outer_limit: trajectory reached the configured outer_limit radius
velocity row 108/120 IC 342/599 x0=0.79152 velocity_parameter=0.776 elapsed=4.45783s written=0
  skipped: outside allowed region
velocity row 108/120 IC 352/599 x0=0.791747 velocity_parameter=0.776 elapsed=4.46503s written=0
  skipped: outside allowed region
velocity row 108/120 IC 360/599 x0=0.791928 velocity_parameter=0.776 elapsed=4.47184s written=0
  crossing 0/250
  stopped velocity row 108 IC 360 x0=0.791928 velocity_parameter=0.776 status=outer_limit: trajectory reached the configured outer_limit radius
velocity row 109/120 IC 342/599 x0=0.79152 velocity_parameter=0.792167 elapsed=4.48261s written=0
  skipped: outside allowed region
velocity row 109/120 IC 352/599 x0=0.791747 velocity_parameter=0.792167 elapsed=4.49068s written=0
  skipped: outside allowed region
velocity row 109/120 IC 360/599 x0=0.791928 velocity_parameter=0.792167 elapsed=4.49809s written=0
  crossing 0/250
  stopped velocity row 109 IC 360 x0=0.791928 velocity_parameter=0.792167 status=outer_limit: trajectory reached the configured outer_limit radius
velocity row 110/120 IC 342/599 x0=0.79152 velocity_parameter=0.808333 elapsed=4.5091s written=0
  skipped: outside allowed region
velocity row 110/120 IC 352/599 x0=0.791747 velocity_parameter=0.808333 elapsed=4.51726s written=0
  skipped: outside allowed region
velocity row 110/120 IC 360/599 x0=0.791928 velocity_parameter=0.808333 elapsed=4.52381s written=0
  crossing 0/250
  stopped velocity row 110 IC 360 x0=0.791928 velocity_parameter=0.808333 status=outer_limit: trajectory reached the configured outer_limit radius
velocity row 111/120 IC 342/599 x0=0.79152 velocity_parameter=0.8245 elapsed=4.53434s written=0
  skipped: outside allowed region
velocity row 111/120 IC 352/599 x0=0.791747 velocity_parameter=0.8245 elapsed=4.54206s written=0
  skipped: outside allowed region
velocity row 111/120 IC 360/599 x0=0.791928 velocity_parameter=0.8245 elapsed=4.54815s written=0
  crossing 0/250
  stopped velocity row 111 IC 360 x0=0.791928 velocity_parameter=0.8245 status=outer_limit: trajectory reached the configured outer_limit radius
velocity row 112/120 IC 342/599 x0=0.79152 velocity_parameter=0.840667 elapsed=4.55685s written=0
  skipped: outside allowed region
velocity row 112/120 IC 352/599 x0=0.791747 velocity_parameter=0.840667 elapsed=4.5642s written=0
  skipped: outside allowed region
velocity row 112/120 IC 360/599 x0=0.791928 velocity_parameter=0.840667 elapsed=4.57334s written=0
  crossing 0/250
  stopped velocity row 112 IC 360 x0=0.791928 velocity_parameter=0.840667 status=outer_limit: trajectory reached the configured outer_limit radius
velocity row 113/120 IC 342/599 x0=0.79152 velocity_parameter=0.856833 elapsed=4.58299s written=0
  skipped: outside allowed region
velocity row 113/120 IC 352/599 x0=0.791747 velocity_parameter=0.856833 elapsed=4.59172s written=0
  skipped: outside allowed region
velocity row 113/120 IC 360/599 x0=0.791928 velocity_parameter=0.856833 elapsed=4.59796s written=0
  crossing 0/250
  stopped velocity row 113 IC 360 x0=0.791928 velocity_parameter=0.856833 status=outer_limit: trajectory reached the configured outer_limit radius
velocity row 114/120 IC 342/599 x0=0.79152 velocity_parameter=0.873 elapsed=4.60803s written=0
  skipped: outside allowed region
velocity row 114/120 IC 352/599 x0=0.791747 velocity_parameter=0.873 elapsed=4.61596s written=0
  skipped: outside allowed region
velocity row 114/120 IC 360/599 x0=0.791928 velocity_parameter=0.873 elapsed=4.62176s written=0
  crossing 0/250
  stopped velocity row 114 IC 360 x0=0.791928 velocity_parameter=0.873 status=outer_limit: trajectory reached the configured outer_limit radius
velocity row 115/120 IC 342/599 x0=0.79152 velocity_parameter=0.889167 elapsed=4.63082s written=0
  skipped: outside allowed region
velocity row 115/120 IC 352/599 x0=0.791747 velocity_parameter=0.889167 elapsed=4.63874s written=0
  skipped: outside allowed region
velocity row 115/120 IC 360/599 x0=0.791928 velocity_parameter=0.889167 elapsed=4.64484s written=0
  crossing 0/250
  stopped velocity row 115 IC 360 x0=0.791928 velocity_parameter=0.889167 status=outer_limit: trajectory reached the configured outer_limit radius
velocity row 116/120 IC 342/599 x0=0.79152 velocity_parameter=0.905333 elapsed=4.65833s written=0
  skipped: outside allowed region
velocity row 116/120 IC 352/599 x0=0.791747 velocity_parameter=0.905333 elapsed=4.67116s written=0
  skipped: outside allowed region
velocity row 116/120 IC 360/599 x0=0.791928 velocity_parameter=0.905333 elapsed=4.67704s written=0
  crossing 0/250
  stopped velocity row 116 IC 360 x0=0.791928 velocity_parameter=0.905333 status=outer_limit: trajectory reached the configured outer_limit radius
velocity row 117/120 IC 342/599 x0=0.79152 velocity_parameter=0.9215 elapsed=4.68617s written=0
  skipped: outside allowed region
velocity row 117/120 IC 352/599 x0=0.791747 velocity_parameter=0.9215 elapsed=4.69389s written=0
  skipped: outside allowed region
velocity row 117/120 IC 360/599 x0=0.791928 velocity_parameter=0.9215 elapsed=4.69995s written=0
  crossing 0/250
  stopped velocity row 117 IC 360 x0=0.791928 velocity_parameter=0.9215 status=outer_limit: trajectory reached the configured outer_limit radius
velocity row 118/120 IC 342/599 x0=0.79152 velocity_parameter=0.937667 elapsed=4.70892s written=0
  skipped: outside allowed region
velocity row 118/120 IC 352/599 x0=0.791747 velocity_parameter=0.937667 elapsed=4.71784s written=0
  skipped: outside allowed region
velocity row 118/120 IC 360/599 x0=0.791928 velocity_parameter=0.937667 elapsed=4.72567s written=0
  crossing 0/250
  stopped velocity row 118 IC 360 x0=0.791928 velocity_parameter=0.937667 status=outer_limit: trajectory reached the configured outer_limit radius
velocity row 119/120 IC 342/599 x0=0.79152 velocity_parameter=0.953833 elapsed=4.73529s written=0
  skipped: outside allowed region
velocity row 119/120 IC 352/599 x0=0.791747 velocity_parameter=0.953833 elapsed=4.7433s written=0
  skipped: outside allowed region
velocity row 119/120 IC 360/599 x0=0.791928 velocity_parameter=0.953833 elapsed=4.74929s written=0
  crossing 0/250
  stopped velocity row 119 IC 360 x0=0.791928 velocity_parameter=0.953833 status=outer_limit: trajectory reached the configured outer_limit radius
velocity row 120/120 IC 342/599 x0=0.79152 velocity_parameter=0.97 elapsed=4.7584s written=0
  skipped: outside allowed region
velocity row 120/120 IC 352/599 x0=0.791747 velocity_parameter=0.97 elapsed=4.76579s written=0
  skipped: outside allowed region
velocity row 120/120 IC 360/599 x0=0.791928 velocity_parameter=0.97 elapsed=4.77243s written=0
  crossing 0/250
  stopped velocity row 120 IC 360 x0=0.791928 velocity_parameter=0.97 status=outer_limit: trajectory reached the configured outer_limit radius
metadata -> /mnt/c/Users/payne/Code/Hill_4BP/professional_neck_studies/e1_dense_001/survey/level_003_delta_1e_minus_5/closed/shard_0018/metadata.txt
wrote 0 points (2178 ICs skipped, 121 orbits stopped early, elapsed=4.78139s) -> /mnt/c/Users/payne/Code/Hill_4BP/professional_neck_studies/e1_dense_001/survey/level_003_delta_1e_minus_5/closed/shard_0018/points.csv
outcomes: collision=0 completed=0 forbidden=2178 inner_radius_limit=0 invalid_initial_radius=0 invalid_velocity=0 nontransverse=0 numerical_failure=0 outer_limit=121 timeout=0
maximum sampled |H-h|=4.47078e-16
