zero-velocity boundary -> /mnt/c/Users/payne/Code/Hill_4BP/professional_neck_studies/e1_dense_001/survey/level_003_delta_1e_minus_5/closed/shard_0024/zero_velocity_boundary.csv
lambda1=0.0272549 lambda2=2.97275 A=-0.986373 B=0.486373 c=0.0976566 c1=0 c2=0 c3=-0.0976566 h=-2.39155 (C=4.78309)
E1/E2 neck h=-2.39154 (C=4.78307), E3/E4 neck h=-0.454039 (C=0.908078)
energy_mode=neck_delta neck=E1 hcrit=-2.39154 delta=1e-05 side=closed actual_neck_side=closed delta_h=-1e-05
x_count=600 xdot_count=121 iterates=250 index range=[456,473] velocity_mode=fraction x_range=[0.783756,0.797354] max_return_time=100
smooth coordinates R=sqrt(rho), CAPD crossing mode=Both solver_order=28 max_step=0.005 abs_tol=1e-15 rel_tol=1e-13 collision_radius=1e-06 outer_radius=5
velocity row 0/120 IC 456/599 x0=0.794108 velocity_parameter=-0.97 elapsed=1.62e-07s written=0
  crossing 0/250
  stopped velocity row 0 IC 456 x0=0.794108 velocity_parameter=-0.97 status=outer_limit: trajectory reached the configured outer_limit radius
  stopped velocity row 0 IC 457 x0=0.79413 velocity_parameter=-0.97 status=outer_limit: trajectory reached the configured outer_limit radius
  stopped velocity row 0 IC 458 x0=0.794153 velocity_parameter=-0.97 status=outer_limit: trajectory reached the configured outer_limit radius
  stopped velocity row 0 IC 459 x0=0.794176 velocity_parameter=-0.97 status=outer_limit: trajectory reached the configured outer_limit radius
  stopped velocity row 0 IC 460 x0=0.794198 velocity_parameter=-0.97 status=outer_limit: trajectory reached the configured outer_limit radius
  stopped velocity row 0 IC 461 x0=0.794221 velocity_parameter=-0.97 status=outer_limit: trajectory reached the configured outer_limit radius
  stopped velocity row 0 IC 462 x0=0.794244 velocity_parameter=-0.97 status=outer_limit: trajectory reached the configured outer_limit radius
  stopped velocity row 0 IC 463 x0=0.794266 velocity_parameter=-0.97 status=outer_limit: trajectory reached the configured outer_limit radius
  stopped velocity row 0 IC 464 x0=0.794289 velocity_parameter=-0.97 status=outer_limit: trajectory reached the configured outer_limit radius
  stopped velocity row 0 IC 465 x0=0.794312 velocity_parameter=-0.97 status=outer_limit: trajectory reached the configured outer_limit radius
velocity row 0/120 IC 466/599 x0=0.794335 velocity_parameter=-0.97 elapsed=0.125938s written=0
  crossing 0/250
  stopped velocity row 0 IC 466 x0=0.794335 velocity_parameter=-0.97 status=outer_limit: trajectory reached the configured outer_limit radius
velocity row 0/120 IC 473/599 x0=0.794493 velocity_parameter=-0.97 elapsed=0.200708s written=0
  crossing 0/250
  stopped velocity row 0 IC 473 x0=0.794493 velocity_parameter=-0.97 status=outer_limit: trajectory reached the configured outer_limit radius
velocity row 1/120 IC 456/599 x0=0.794108 velocity_parameter=-0.953833 elapsed=0.212384s written=0
  crossing 0/250
  stopped velocity row 1 IC 456 x0=0.794108 velocity_parameter=-0.953833 status=outer_limit: trajectory reached the configured outer_limit radius
velocity row 1/120 IC 466/599 x0=0.794335 velocity_parameter=-0.953833 elapsed=0.327696s written=0
  crossing 0/250
  stopped velocity row 1 IC 466 x0=0.794335 velocity_parameter=-0.953833 status=outer_limit: trajectory reached the configured outer_limit radius
velocity row 1/120 IC 473/599 x0=0.794493 velocity_parameter=-0.953833 elapsed=0.406926s written=0
  crossing 0/250
  stopped velocity row 1 IC 473 x0=0.794493 velocity_parameter=-0.953833 status=outer_limit: trajectory reached the configured outer_limit radius
velocity row 2/120 IC 456/599 x0=0.794108 velocity_parameter=-0.937667 elapsed=0.418713s written=0
  crossing 0/250
  stopped velocity row 2 IC 456 x0=0.794108 velocity_parameter=-0.937667 status=outer_limit: trajectory reached the configured outer_limit radius
velocity row 2/120 IC 466/599 x0=0.794335 velocity_parameter=-0.937667 elapsed=0.534142s written=0
  crossing 0/250
  stopped velocity row 2 IC 466 x0=0.794335 velocity_parameter=-0.937667 status=outer_limit: trajectory reached the configured outer_limit radius
velocity row 2/120 IC 473/599 x0=0.794493 velocity_parameter=-0.937667 elapsed=0.615575s written=0
  crossing 0/250
  stopped velocity row 2 IC 473 x0=0.794493 velocity_parameter=-0.937667 status=outer_limit: trajectory reached the configured outer_limit radius
velocity row 3/120 IC 456/599 x0=0.794108 velocity_parameter=-0.9215 elapsed=0.624798s written=0
  crossing 0/250
  stopped velocity row 3 IC 456 x0=0.794108 velocity_parameter=-0.9215 status=outer_limit: trajectory reached the configured outer_limit radius
velocity row 3/120 IC 466/599 x0=0.794335 velocity_parameter=-0.9215 elapsed=0.743137s written=0
  crossing 0/250
  stopped velocity row 3 IC 466 x0=0.794335 velocity_parameter=-0.9215 status=outer_limit: trajectory reached the configured outer_limit radius
velocity row 3/120 IC 473/599 x0=0.794493 velocity_parameter=-0.9215 elapsed=0.8297s written=0
  crossing 0/250
  stopped velocity row 3 IC 473 x0=0.794493 velocity_parameter=-0.9215 status=outer_limit: trajectory reached the configured outer_limit radius
velocity row 4/120 IC 456/599 x0=0.794108 velocity_parameter=-0.905333 elapsed=0.84196s written=0
  crossing 0/250
  stopped velocity row 4 IC 456 x0=0.794108 velocity_parameter=-0.905333 status=outer_limit: trajectory reached the configured outer_limit radius
velocity row 4/120 IC 466/599 x0=0.794335 velocity_parameter=-0.905333 elapsed=0.945138s written=0
  crossing 0/250
  stopped velocity row 4 IC 466 x0=0.794335 velocity_parameter=-0.905333 status=outer_limit: trajectory reached the configured outer_limit radius
velocity row 4/120 IC 473/599 x0=0.794493 velocity_parameter=-0.905333 elapsed=1.02201s written=0
  crossing 0/250
  stopped velocity row 4 IC 473 x0=0.794493 velocity_parameter=-0.905333 status=outer_limit: trajectory reached the configured outer_limit radius
velocity row 5/120 IC 456/599 x0=0.794108 velocity_parameter=-0.889167 elapsed=1.03468s written=0
  crossing 0/250
  stopped velocity row 5 IC 456 x0=0.794108 velocity_parameter=-0.889167 status=outer_limit: trajectory reached the configured outer_limit radius
velocity row 5/120 IC 466/599 x0=0.794335 velocity_parameter=-0.889167 elapsed=1.15075s written=0
  crossing 0/250
  stopped velocity row 5 IC 466 x0=0.794335 velocity_parameter=-0.889167 status=outer_limit: trajectory reached the configured outer_limit radius
velocity row 5/120 IC 473/599 x0=0.794493 velocity_parameter=-0.889167 elapsed=1.22856s written=0
  crossing 0/250
  stopped velocity row 5 IC 473 x0=0.794493 velocity_parameter=-0.889167 status=outer_limit: trajectory reached the configured outer_limit radius
velocity row 6/120 IC 456/599 x0=0.794108 velocity_parameter=-0.873 elapsed=1.24044s written=0
  crossing 0/250
  stopped velocity row 6 IC 456 x0=0.794108 velocity_parameter=-0.873 status=outer_limit: trajectory reached the configured outer_limit radius
velocity row 6/120 IC 466/599 x0=0.794335 velocity_parameter=-0.873 elapsed=1.34381s written=0
  crossing 0/250
  stopped velocity row 6 IC 466 x0=0.794335 velocity_parameter=-0.873 status=outer_limit: trajectory reached the configured outer_limit radius
velocity row 6/120 IC 473/599 x0=0.794493 velocity_parameter=-0.873 elapsed=1.41143s written=0
  crossing 0/250
  stopped velocity row 6 IC 473 x0=0.794493 velocity_parameter=-0.873 status=outer_limit: trajectory reached the configured outer_limit radius
velocity row 7/120 IC 456/599 x0=0.794108 velocity_parameter=-0.856833 elapsed=1.4219s written=0
  crossing 0/250
  stopped velocity row 7 IC 456 x0=0.794108 velocity_parameter=-0.856833 status=outer_limit: trajectory reached the configured outer_limit radius
velocity row 7/120 IC 466/599 x0=0.794335 velocity_parameter=-0.856833 elapsed=1.53456s written=0
  crossing 0/250
  stopped velocity row 7 IC 466 x0=0.794335 velocity_parameter=-0.856833 status=outer_limit: trajectory reached the configured outer_limit radius
velocity row 7/120 IC 473/599 x0=0.794493 velocity_parameter=-0.856833 elapsed=1.60793s written=0
  crossing 0/250
  stopped velocity row 7 IC 473 x0=0.794493 velocity_parameter=-0.856833 status=outer_limit: trajectory reached the configured outer_limit radius
velocity row 8/120 IC 456/599 x0=0.794108 velocity_parameter=-0.840667 elapsed=1.61768s written=0
  crossing 0/250
  stopped velocity row 8 IC 456 x0=0.794108 velocity_parameter=-0.840667 status=outer_limit: trajectory reached the configured outer_limit radius
velocity row 8/120 IC 466/599 x0=0.794335 velocity_parameter=-0.840667 elapsed=1.71247s written=0
  crossing 0/250
  stopped velocity row 8 IC 466 x0=0.794335 velocity_parameter=-0.840667 status=outer_limit: trajectory reached the configured outer_limit radius
velocity row 8/120 IC 473/599 x0=0.794493 velocity_parameter=-0.840667 elapsed=1.78553s written=0
  crossing 0/250
  stopped velocity row 8 IC 473 x0=0.794493 velocity_parameter=-0.840667 status=outer_limit: trajectory reached the configured outer_limit radius
velocity row 9/120 IC 456/599 x0=0.794108 velocity_parameter=-0.8245 elapsed=1.79725s written=0
  crossing 0/250
  stopped velocity row 9 IC 456 x0=0.794108 velocity_parameter=-0.8245 status=outer_limit: trajectory reached the configured outer_limit radius
velocity row 9/120 IC 466/599 x0=0.794335 velocity_parameter=-0.8245 elapsed=1.90687s written=0
  crossing 0/250
  stopped velocity row 9 IC 466 x0=0.794335 velocity_parameter=-0.8245 status=outer_limit: trajectory reached the configured outer_limit radius
velocity row 9/120 IC 473/599 x0=0.794493 velocity_parameter=-0.8245 elapsed=1.98503s written=0
  crossing 0/250
  stopped velocity row 9 IC 473 x0=0.794493 velocity_parameter=-0.8245 status=outer_limit: trajectory reached the configured outer_limit radius
velocity row 10/120 IC 456/599 x0=0.794108 velocity_parameter=-0.808333 elapsed=1.99341s written=0
  crossing 0/250
  stopped velocity row 10 IC 456 x0=0.794108 velocity_parameter=-0.808333 status=outer_limit: trajectory reached the configured outer_limit radius
velocity row 10/120 IC 466/599 x0=0.794335 velocity_parameter=-0.808333 elapsed=2.09858s written=0
  crossing 0/250
  stopped velocity row 10 IC 466 x0=0.794335 velocity_parameter=-0.808333 status=outer_limit: trajectory reached the configured outer_limit radius
velocity row 10/120 IC 473/599 x0=0.794493 velocity_parameter=-0.808333 elapsed=2.16525s written=0
  crossing 0/250
  stopped velocity row 10 IC 473 x0=0.794493 velocity_parameter=-0.808333 status=outer_limit: trajectory reached the configured outer_limit radius
velocity row 11/120 IC 456/599 x0=0.794108 velocity_parameter=-0.792167 elapsed=2.17551s written=0
  crossing 0/250
  stopped velocity row 11 IC 456 x0=0.794108 velocity_parameter=-0.792167 status=outer_limit: trajectory reached the configured outer_limit radius
velocity row 11/120 IC 466/599 x0=0.794335 velocity_parameter=-0.792167 elapsed=2.2773s written=0
  crossing 0/250
  stopped velocity row 11 IC 466 x0=0.794335 velocity_parameter=-0.792167 status=outer_limit: trajectory reached the configured outer_limit radius
velocity row 11/120 IC 473/599 x0=0.794493 velocity_parameter=-0.792167 elapsed=2.34307s written=0
  crossing 0/250
  stopped velocity row 11 IC 473 x0=0.794493 velocity_parameter=-0.792167 status=outer_limit: trajectory reached the configured outer_limit radius
velocity row 12/120 IC 456/599 x0=0.794108 velocity_parameter=-0.776 elapsed=2.35466s written=0
  crossing 0/250
  stopped velocity row 12 IC 456 x0=0.794108 velocity_parameter=-0.776 status=outer_limit: trajectory reached the configured outer_limit radius
velocity row 12/120 IC 466/599 x0=0.794335 velocity_parameter=-0.776 elapsed=2.45492s written=0
  crossing 0/250
  stopped velocity row 12 IC 466 x0=0.794335 velocity_parameter=-0.776 status=outer_limit: trajectory reached the configured outer_limit radius
velocity row 12/120 IC 473/599 x0=0.794493 velocity_parameter=-0.776 elapsed=2.52853s written=0
  crossing 0/250
  stopped velocity row 12 IC 473 x0=0.794493 velocity_parameter=-0.776 status=outer_limit: trajectory reached the configured outer_limit radius
velocity row 13/120 IC 456/599 x0=0.794108 velocity_parameter=-0.759833 elapsed=2.53857s written=0
  crossing 0/250
  stopped velocity row 13 IC 456 x0=0.794108 velocity_parameter=-0.759833 status=outer_limit: trajectory reached the configured outer_limit radius
velocity row 13/120 IC 466/599 x0=0.794335 velocity_parameter=-0.759833 elapsed=2.64188s written=0
  crossing 0/250
  stopped velocity row 13 IC 466 x0=0.794335 velocity_parameter=-0.759833 status=outer_limit: trajectory reached the configured outer_limit radius
velocity row 13/120 IC 473/599 x0=0.794493 velocity_parameter=-0.759833 elapsed=2.71414s written=0
  crossing 0/250
  stopped velocity row 13 IC 473 x0=0.794493 velocity_parameter=-0.759833 status=outer_limit: trajectory reached the configured outer_limit radius
velocity row 14/120 IC 456/599 x0=0.794108 velocity_parameter=-0.743667 elapsed=2.72309s written=0
  crossing 0/250
  stopped velocity row 14 IC 456 x0=0.794108 velocity_parameter=-0.743667 status=outer_limit: trajectory reached the configured outer_limit radius
velocity row 14/120 IC 466/599 x0=0.794335 velocity_parameter=-0.743667 elapsed=2.8187s written=0
  crossing 0/250
  stopped velocity row 14 IC 466 x0=0.794335 velocity_parameter=-0.743667 status=outer_limit: trajectory reached the configured outer_limit radius
velocity row 14/120 IC 473/599 x0=0.794493 velocity_parameter=-0.743667 elapsed=2.89365s written=0
  crossing 0/250
  stopped velocity row 14 IC 473 x0=0.794493 velocity_parameter=-0.743667 status=outer_limit: trajectory reached the configured outer_limit radius
velocity row 15/120 IC 456/599 x0=0.794108 velocity_parameter=-0.7275 elapsed=2.90251s written=0
  crossing 0/250
  stopped velocity row 15 IC 456 x0=0.794108 velocity_parameter=-0.7275 status=outer_limit: trajectory reached the configured outer_limit radius
velocity row 15/120 IC 466/599 x0=0.794335 velocity_parameter=-0.7275 elapsed=2.99704s written=0
  crossing 0/250
  stopped velocity row 15 IC 466 x0=0.794335 velocity_parameter=-0.7275 status=outer_limit: trajectory reached the configured outer_limit radius
velocity row 15/120 IC 473/599 x0=0.794493 velocity_parameter=-0.7275 elapsed=3.06496s written=0
  crossing 0/250
  stopped velocity row 15 IC 473 x0=0.794493 velocity_parameter=-0.7275 status=outer_limit: trajectory reached the configured outer_limit radius
velocity row 16/120 IC 456/599 x0=0.794108 velocity_parameter=-0.711333 elapsed=3.07426s written=0
  crossing 0/250
  stopped velocity row 16 IC 456 x0=0.794108 velocity_parameter=-0.711333 status=outer_limit: trajectory reached the configured outer_limit radius
velocity row 16/120 IC 466/599 x0=0.794335 velocity_parameter=-0.711333 elapsed=3.17623s written=0
  crossing 0/250
  stopped velocity row 16 IC 466 x0=0.794335 velocity_parameter=-0.711333 status=outer_limit: trajectory reached the configured outer_limit radius
velocity row 16/120 IC 473/599 x0=0.794493 velocity_parameter=-0.711333 elapsed=3.24431s written=0
  crossing 0/250
  stopped velocity row 16 IC 473 x0=0.794493 velocity_parameter=-0.711333 status=outer_limit: trajectory reached the configured outer_limit radius
velocity row 17/120 IC 456/599 x0=0.794108 velocity_parameter=-0.695167 elapsed=3.2568s written=0
  crossing 0/250
  stopped velocity row 17 IC 456 x0=0.794108 velocity_parameter=-0.695167 status=outer_limit: trajectory reached the configured outer_limit radius
velocity row 17/120 IC 466/599 x0=0.794335 velocity_parameter=-0.695167 elapsed=3.35229s written=0
  crossing 0/250
  stopped velocity row 17 IC 466 x0=0.794335 velocity_parameter=-0.695167 status=outer_limit: trajectory reached the configured outer_limit radius
velocity row 17/120 IC 473/599 x0=0.794493 velocity_parameter=-0.695167 elapsed=3.42999s written=0
  crossing 0/250
  stopped velocity row 17 IC 473 x0=0.794493 velocity_parameter=-0.695167 status=outer_limit: trajectory reached the configured outer_limit radius
velocity row 18/120 IC 456/599 x0=0.794108 velocity_parameter=-0.679 elapsed=3.44179s written=0
  crossing 0/250
  stopped velocity row 18 IC 456 x0=0.794108 velocity_parameter=-0.679 status=outer_limit: trajectory reached the configured outer_limit radius
velocity row 18/120 IC 466/599 x0=0.794335 velocity_parameter=-0.679 elapsed=3.55055s written=0
  crossing 0/250
  stopped velocity row 18 IC 466 x0=0.794335 velocity_parameter=-0.679 status=outer_limit: trajectory reached the configured outer_limit radius
velocity row 18/120 IC 473/599 x0=0.794493 velocity_parameter=-0.679 elapsed=3.61875s written=0
  crossing 0/250
  stopped velocity row 18 IC 473 x0=0.794493 velocity_parameter=-0.679 status=outer_limit: trajectory reached the configured outer_limit radius
velocity row 19/120 IC 456/599 x0=0.794108 velocity_parameter=-0.662833 elapsed=3.63699s written=0
  crossing 0/250
  stopped velocity row 19 IC 456 x0=0.794108 velocity_parameter=-0.662833 status=outer_limit: trajectory reached the configured outer_limit radius
velocity row 19/120 IC 466/599 x0=0.794335 velocity_parameter=-0.662833 elapsed=3.73662s written=0
  crossing 0/250
  stopped velocity row 19 IC 466 x0=0.794335 velocity_parameter=-0.662833 status=outer_limit: trajectory reached the configured outer_limit radius
velocity row 19/120 IC 473/599 x0=0.794493 velocity_parameter=-0.662833 elapsed=3.80187s written=0
  crossing 0/250
  stopped velocity row 19 IC 473 x0=0.794493 velocity_parameter=-0.662833 status=outer_limit: trajectory reached the configured outer_limit radius
velocity row 20/120 IC 456/599 x0=0.794108 velocity_parameter=-0.646667 elapsed=3.81172s written=0
  crossing 0/250
  stopped velocity row 20 IC 456 x0=0.794108 velocity_parameter=-0.646667 status=outer_limit: trajectory reached the configured outer_limit radius
velocity row 20/120 IC 466/599 x0=0.794335 velocity_parameter=-0.646667 elapsed=3.90464s written=0
  crossing 0/250
  stopped velocity row 20 IC 466 x0=0.794335 velocity_parameter=-0.646667 status=outer_limit: trajectory reached the configured outer_limit radius
velocity row 20/120 IC 473/599 x0=0.794493 velocity_parameter=-0.646667 elapsed=3.97068s written=0
  crossing 0/250
  stopped velocity row 20 IC 473 x0=0.794493 velocity_parameter=-0.646667 status=outer_limit: trajectory reached the configured outer_limit radius
velocity row 21/120 IC 456/599 x0=0.794108 velocity_parameter=-0.6305 elapsed=3.98016s written=0
  crossing 0/250
  stopped velocity row 21 IC 456 x0=0.794108 velocity_parameter=-0.6305 status=outer_limit: trajectory reached the configured outer_limit radius
velocity row 21/120 IC 466/599 x0=0.794335 velocity_parameter=-0.6305 elapsed=4.09048s written=0
  crossing 0/250
  stopped velocity row 21 IC 466 x0=0.794335 velocity_parameter=-0.6305 status=outer_limit: trajectory reached the configured outer_limit radius
velocity row 21/120 IC 473/599 x0=0.794493 velocity_parameter=-0.6305 elapsed=4.1509s written=0
  crossing 0/250
  stopped velocity row 21 IC 473 x0=0.794493 velocity_parameter=-0.6305 status=outer_limit: trajectory reached the configured outer_limit radius
velocity row 22/120 IC 456/599 x0=0.794108 velocity_parameter=-0.614333 elapsed=4.15915s written=0
  crossing 0/250
  stopped velocity row 22 IC 456 x0=0.794108 velocity_parameter=-0.614333 status=outer_limit: trajectory reached the configured outer_limit radius
velocity row 22/120 IC 466/599 x0=0.794335 velocity_parameter=-0.614333 elapsed=4.23952s written=0
  crossing 0/250
  stopped velocity row 22 IC 466 x0=0.794335 velocity_parameter=-0.614333 status=outer_limit: trajectory reached the configured outer_limit radius
velocity row 22/120 IC 473/599 x0=0.794493 velocity_parameter=-0.614333 elapsed=4.29673s written=0
  crossing 0/250
  stopped velocity row 22 IC 473 x0=0.794493 velocity_parameter=-0.614333 status=outer_limit: trajectory reached the configured outer_limit radius
velocity row 23/120 IC 456/599 x0=0.794108 velocity_parameter=-0.598167 elapsed=4.30471s written=0
  crossing 0/250
  stopped velocity row 23 IC 456 x0=0.794108 velocity_parameter=-0.598167 status=outer_limit: trajectory reached the configured outer_limit radius
velocity row 23/120 IC 466/599 x0=0.794335 velocity_parameter=-0.598167 elapsed=4.3901s written=0
  crossing 0/250
  stopped velocity row 23 IC 466 x0=0.794335 velocity_parameter=-0.598167 status=outer_limit: trajectory reached the configured outer_limit radius
velocity row 23/120 IC 473/599 x0=0.794493 velocity_parameter=-0.598167 elapsed=4.44748s written=0
  crossing 0/250
  stopped velocity row 23 IC 473 x0=0.794493 velocity_parameter=-0.598167 status=outer_limit: trajectory reached the configured outer_limit radius
velocity row 24/120 IC 456/599 x0=0.794108 velocity_parameter=-0.582 elapsed=4.45595s written=0
  crossing 0/250
  stopped velocity row 24 IC 456 x0=0.794108 velocity_parameter=-0.582 status=outer_limit: trajectory reached the configured outer_limit radius
velocity row 24/120 IC 466/599 x0=0.794335 velocity_parameter=-0.582 elapsed=4.53696s written=0
  crossing 0/250
  stopped velocity row 24 IC 466 x0=0.794335 velocity_parameter=-0.582 status=outer_limit: trajectory reached the configured outer_limit radius
velocity row 24/120 IC 473/599 x0=0.794493 velocity_parameter=-0.582 elapsed=4.59441s written=0
  crossing 0/250
  stopped velocity row 24 IC 473 x0=0.794493 velocity_parameter=-0.582 status=outer_limit: trajectory reached the configured outer_limit radius
velocity row 25/120 IC 456/599 x0=0.794108 velocity_parameter=-0.565833 elapsed=4.60308s written=0
  crossing 0/250
  stopped velocity row 25 IC 456 x0=0.794108 velocity_parameter=-0.565833 status=outer_limit: trajectory reached the configured outer_limit radius
velocity row 25/120 IC 466/599 x0=0.794335 velocity_parameter=-0.565833 elapsed=4.68335s written=0
  crossing 0/250
  stopped velocity row 25 IC 466 x0=0.794335 velocity_parameter=-0.565833 status=outer_limit: trajectory reached the configured outer_limit radius
velocity row 25/120 IC 473/599 x0=0.794493 velocity_parameter=-0.565833 elapsed=4.74205s written=0
  crossing 0/250
  stopped velocity row 25 IC 473 x0=0.794493 velocity_parameter=-0.565833 status=outer_limit: trajectory reached the configured outer_limit radius
velocity row 26/120 IC 456/599 x0=0.794108 velocity_parameter=-0.549667 elapsed=4.75078s written=0
  crossing 0/250
  stopped velocity row 26 IC 456 x0=0.794108 velocity_parameter=-0.549667 status=outer_limit: trajectory reached the configured outer_limit radius
velocity row 26/120 IC 466/599 x0=0.794335 velocity_parameter=-0.549667 elapsed=4.83032s written=0
  crossing 0/250
  stopped velocity row 26 IC 466 x0=0.794335 velocity_parameter=-0.549667 status=outer_limit: trajectory reached the configured outer_limit radius
velocity row 26/120 IC 473/599 x0=0.794493 velocity_parameter=-0.549667 elapsed=4.88413s written=0
  crossing 0/250
  stopped velocity row 26 IC 473 x0=0.794493 velocity_parameter=-0.549667 status=outer_limit: trajectory reached the configured outer_limit radius
velocity row 27/120 IC 456/599 x0=0.794108 velocity_parameter=-0.5335 elapsed=4.89231s written=0
  crossing 0/250
  stopped velocity row 27 IC 456 x0=0.794108 velocity_parameter=-0.5335 status=outer_limit: trajectory reached the configured outer_limit radius
velocity row 27/120 IC 466/599 x0=0.794335 velocity_parameter=-0.5335 elapsed=4.96717s written=0
  crossing 0/250
  stopped velocity row 27 IC 466 x0=0.794335 velocity_parameter=-0.5335 status=outer_limit: trajectory reached the configured outer_limit radius
velocity row 27/120 IC 473/599 x0=0.794493 velocity_parameter=-0.5335 elapsed=5.01989s written=0
  crossing 0/250
  stopped velocity row 27 IC 473 x0=0.794493 velocity_parameter=-0.5335 status=outer_limit: trajectory reached the configured outer_limit radius
velocity row 28/120 IC 456/599 x0=0.794108 velocity_parameter=-0.517333 elapsed=5.02802s written=0
  crossing 0/250
  stopped velocity row 28 IC 456 x0=0.794108 velocity_parameter=-0.517333 status=outer_limit: trajectory reached the configured outer_limit radius
velocity row 28/120 IC 466/599 x0=0.794335 velocity_parameter=-0.517333 elapsed=5.10869s written=0
  crossing 0/250
  stopped velocity row 28 IC 466 x0=0.794335 velocity_parameter=-0.517333 status=outer_limit: trajectory reached the configured outer_limit radius
velocity row 28/120 IC 473/599 x0=0.794493 velocity_parameter=-0.517333 elapsed=5.16301s written=0
  crossing 0/250
  stopped velocity row 28 IC 473 x0=0.794493 velocity_parameter=-0.517333 status=outer_limit: trajectory reached the configured outer_limit radius
velocity row 29/120 IC 456/599 x0=0.794108 velocity_parameter=-0.501167 elapsed=5.17162s written=0
  crossing 0/250
  stopped velocity row 29 IC 456 x0=0.794108 velocity_parameter=-0.501167 status=outer_limit: trajectory reached the configured outer_limit radius
velocity row 29/120 IC 466/599 x0=0.794335 velocity_parameter=-0.501167 elapsed=5.25086s written=0
  crossing 0/250
  stopped velocity row 29 IC 466 x0=0.794335 velocity_parameter=-0.501167 status=outer_limit: trajectory reached the configured outer_limit radius
velocity row 29/120 IC 473/599 x0=0.794493 velocity_parameter=-0.501167 elapsed=5.30152s written=0
  crossing 0/250
  stopped velocity row 29 IC 473 x0=0.794493 velocity_parameter=-0.501167 status=outer_limit: trajectory reached the configured outer_limit radius
velocity row 30/120 IC 456/599 x0=0.794108 velocity_parameter=-0.485 elapsed=5.3095s written=0
  crossing 0/250
  stopped velocity row 30 IC 456 x0=0.794108 velocity_parameter=-0.485 status=outer_limit: trajectory reached the configured outer_limit radius
velocity row 30/120 IC 466/599 x0=0.794335 velocity_parameter=-0.485 elapsed=5.39728s written=0
  crossing 0/250
  stopped velocity row 30 IC 466 x0=0.794335 velocity_parameter=-0.485 status=outer_limit: trajectory reached the configured outer_limit radius
velocity row 30/120 IC 473/599 x0=0.794493 velocity_parameter=-0.485 elapsed=5.45066s written=0
  crossing 0/250
  stopped velocity row 30 IC 473 x0=0.794493 velocity_parameter=-0.485 status=outer_limit: trajectory reached the configured outer_limit radius
velocity row 31/120 IC 456/599 x0=0.794108 velocity_parameter=-0.468833 elapsed=5.45799s written=0
  crossing 0/250
  stopped velocity row 31 IC 456 x0=0.794108 velocity_parameter=-0.468833 status=outer_limit: trajectory reached the configured outer_limit radius
velocity row 31/120 IC 466/599 x0=0.794335 velocity_parameter=-0.468833 elapsed=5.54182s written=0
  crossing 0/250
  stopped velocity row 31 IC 466 x0=0.794335 velocity_parameter=-0.468833 status=outer_limit: trajectory reached the configured outer_limit radius
velocity row 31/120 IC 473/599 x0=0.794493 velocity_parameter=-0.468833 elapsed=5.59162s written=0
  crossing 0/250
  stopped velocity row 31 IC 473 x0=0.794493 velocity_parameter=-0.468833 status=outer_limit: trajectory reached the configured outer_limit radius
velocity row 32/120 IC 456/599 x0=0.794108 velocity_parameter=-0.452667 elapsed=5.60006s written=0
  crossing 0/250
  stopped velocity row 32 IC 456 x0=0.794108 velocity_parameter=-0.452667 status=outer_limit: trajectory reached the configured outer_limit radius
velocity row 32/120 IC 466/599 x0=0.794335 velocity_parameter=-0.452667 elapsed=5.67451s written=0
  crossing 0/250
  stopped velocity row 32 IC 466 x0=0.794335 velocity_parameter=-0.452667 status=outer_limit: trajectory reached the configured outer_limit radius
velocity row 32/120 IC 473/599 x0=0.794493 velocity_parameter=-0.452667 elapsed=5.7264s written=0
  crossing 0/250
  stopped velocity row 32 IC 473 x0=0.794493 velocity_parameter=-0.452667 status=outer_limit: trajectory reached the configured outer_limit radius
velocity row 33/120 IC 456/599 x0=0.794108 velocity_parameter=-0.4365 elapsed=5.73429s written=0
  crossing 0/250
  stopped velocity row 33 IC 456 x0=0.794108 velocity_parameter=-0.4365 status=outer_limit: trajectory reached the configured outer_limit radius
velocity row 33/120 IC 466/599 x0=0.794335 velocity_parameter=-0.4365 elapsed=5.80953s written=0
  crossing 0/250
  stopped velocity row 33 IC 466 x0=0.794335 velocity_parameter=-0.4365 status=outer_limit: trajectory reached the configured outer_limit radius
velocity row 33/120 IC 473/599 x0=0.794493 velocity_parameter=-0.4365 elapsed=5.85977s written=0
  crossing 0/250
  stopped velocity row 33 IC 473 x0=0.794493 velocity_parameter=-0.4365 status=outer_limit: trajectory reached the configured outer_limit radius
velocity row 34/120 IC 456/599 x0=0.794108 velocity_parameter=-0.420333 elapsed=5.86745s written=0
  crossing 0/250
  stopped velocity row 34 IC 456 x0=0.794108 velocity_parameter=-0.420333 status=outer_limit: trajectory reached the configured outer_limit radius
velocity row 34/120 IC 466/599 x0=0.794335 velocity_parameter=-0.420333 elapsed=5.94741s written=0
  crossing 0/250
  stopped velocity row 34 IC 466 x0=0.794335 velocity_parameter=-0.420333 status=outer_limit: trajectory reached the configured outer_limit radius
velocity row 34/120 IC 473/599 x0=0.794493 velocity_parameter=-0.420333 elapsed=6.00174s written=0
  crossing 0/250
  stopped velocity row 34 IC 473 x0=0.794493 velocity_parameter=-0.420333 status=outer_limit: trajectory reached the configured outer_limit radius
velocity row 35/120 IC 456/599 x0=0.794108 velocity_parameter=-0.404167 elapsed=6.01012s written=0
  crossing 0/250
  stopped velocity row 35 IC 456 x0=0.794108 velocity_parameter=-0.404167 status=outer_limit: trajectory reached the configured outer_limit radius
velocity row 35/120 IC 466/599 x0=0.794335 velocity_parameter=-0.404167 elapsed=6.08582s written=0
  crossing 0/250
  stopped velocity row 35 IC 466 x0=0.794335 velocity_parameter=-0.404167 status=outer_limit: trajectory reached the configured outer_limit radius
velocity row 35/120 IC 473/599 x0=0.794493 velocity_parameter=-0.404167 elapsed=6.13549s written=0
  crossing 0/250
  stopped velocity row 35 IC 473 x0=0.794493 velocity_parameter=-0.404167 status=outer_limit: trajectory reached the configured outer_limit radius
velocity row 36/120 IC 456/599 x0=0.794108 velocity_parameter=-0.388 elapsed=6.14326s written=0
  crossing 0/250
  stopped velocity row 36 IC 456 x0=0.794108 velocity_parameter=-0.388 status=outer_limit: trajectory reached the configured outer_limit radius
velocity row 36/120 IC 466/599 x0=0.794335 velocity_parameter=-0.388 elapsed=6.21413s written=0
  crossing 0/250
  stopped velocity row 36 IC 466 x0=0.794335 velocity_parameter=-0.388 status=outer_limit: trajectory reached the configured outer_limit radius
velocity row 36/120 IC 473/599 x0=0.794493 velocity_parameter=-0.388 elapsed=6.26562s written=0
  crossing 0/250
  stopped velocity row 36 IC 473 x0=0.794493 velocity_parameter=-0.388 status=outer_limit: trajectory reached the configured outer_limit radius
velocity row 37/120 IC 456/599 x0=0.794108 velocity_parameter=-0.371833 elapsed=6.27365s written=0
  crossing 0/250
  stopped velocity row 37 IC 456 x0=0.794108 velocity_parameter=-0.371833 status=outer_limit: trajectory reached the configured outer_limit radius
velocity row 37/120 IC 466/599 x0=0.794335 velocity_parameter=-0.371833 elapsed=6.34619s written=0
  crossing 0/250
  stopped velocity row 37 IC 466 x0=0.794335 velocity_parameter=-0.371833 status=outer_limit: trajectory reached the configured outer_limit radius
velocity row 37/120 IC 473/599 x0=0.794493 velocity_parameter=-0.371833 elapsed=6.39468s written=0
  crossing 0/250
  stopped velocity row 37 IC 473 x0=0.794493 velocity_parameter=-0.371833 status=outer_limit: trajectory reached the configured outer_limit radius
velocity row 38/120 IC 456/599 x0=0.794108 velocity_parameter=-0.355667 elapsed=6.40238s written=0
  crossing 0/250
  stopped velocity row 38 IC 456 x0=0.794108 velocity_parameter=-0.355667 status=outer_limit: trajectory reached the configured outer_limit radius
velocity row 38/120 IC 466/599 x0=0.794335 velocity_parameter=-0.355667 elapsed=6.47393s written=0
  crossing 0/250
  stopped velocity row 38 IC 466 x0=0.794335 velocity_parameter=-0.355667 status=outer_limit: trajectory reached the configured outer_limit radius
velocity row 38/120 IC 473/599 x0=0.794493 velocity_parameter=-0.355667 elapsed=6.53264s written=0
  crossing 0/250
  stopped velocity row 38 IC 473 x0=0.794493 velocity_parameter=-0.355667 status=outer_limit: trajectory reached the configured outer_limit radius
velocity row 39/120 IC 456/599 x0=0.794108 velocity_parameter=-0.3395 elapsed=6.54016s written=0
  crossing 0/250
  stopped velocity row 39 IC 456 x0=0.794108 velocity_parameter=-0.3395 status=outer_limit: trajectory reached the configured outer_limit radius
velocity row 39/120 IC 466/599 x0=0.794335 velocity_parameter=-0.3395 elapsed=6.61264s written=0
  crossing 0/250
  stopped velocity row 39 IC 466 x0=0.794335 velocity_parameter=-0.3395 status=outer_limit: trajectory reached the configured outer_limit radius
velocity row 39/120 IC 473/599 x0=0.794493 velocity_parameter=-0.3395 elapsed=6.66468s written=0
  crossing 0/250
  stopped velocity row 39 IC 473 x0=0.794493 velocity_parameter=-0.3395 status=outer_limit: trajectory reached the configured outer_limit radius
velocity row 40/120 IC 456/599 x0=0.794108 velocity_parameter=-0.323333 elapsed=6.67196s written=0
  crossing 0/250
  stopped velocity row 40 IC 456 x0=0.794108 velocity_parameter=-0.323333 status=outer_limit: trajectory reached the configured outer_limit radius
velocity row 40/120 IC 466/599 x0=0.794335 velocity_parameter=-0.323333 elapsed=6.74602s written=0
  crossing 0/250
  stopped velocity row 40 IC 466 x0=0.794335 velocity_parameter=-0.323333 status=outer_limit: trajectory reached the configured outer_limit radius
velocity row 40/120 IC 473/599 x0=0.794493 velocity_parameter=-0.323333 elapsed=6.79758s written=0
  crossing 0/250
  stopped velocity row 40 IC 473 x0=0.794493 velocity_parameter=-0.323333 status=outer_limit: trajectory reached the configured outer_limit radius
velocity row 41/120 IC 456/599 x0=0.794108 velocity_parameter=-0.307167 elapsed=6.80507s written=0
  crossing 0/250
  stopped velocity row 41 IC 456 x0=0.794108 velocity_parameter=-0.307167 status=outer_limit: trajectory reached the configured outer_limit radius
velocity row 41/120 IC 466/599 x0=0.794335 velocity_parameter=-0.307167 elapsed=6.87964s written=0
  crossing 0/250
  stopped velocity row 41 IC 466 x0=0.794335 velocity_parameter=-0.307167 status=outer_limit: trajectory reached the configured outer_limit radius
velocity row 41/120 IC 473/599 x0=0.794493 velocity_parameter=-0.307167 elapsed=6.93014s written=0
  crossing 0/250
  stopped velocity row 41 IC 473 x0=0.794493 velocity_parameter=-0.307167 status=outer_limit: trajectory reached the configured outer_limit radius
velocity row 42/120 IC 456/599 x0=0.794108 velocity_parameter=-0.291 elapsed=6.93748s written=0
  crossing 0/250
  stopped velocity row 42 IC 456 x0=0.794108 velocity_parameter=-0.291 status=outer_limit: trajectory reached the configured outer_limit radius
velocity row 42/120 IC 466/599 x0=0.794335 velocity_parameter=-0.291 elapsed=7.01225s written=0
  crossing 0/250
  stopped velocity row 42 IC 466 x0=0.794335 velocity_parameter=-0.291 status=outer_limit: trajectory reached the configured outer_limit radius
velocity row 42/120 IC 473/599 x0=0.794493 velocity_parameter=-0.291 elapsed=7.06069s written=0
  crossing 0/250
  stopped velocity row 42 IC 473 x0=0.794493 velocity_parameter=-0.291 status=outer_limit: trajectory reached the configured outer_limit radius
velocity row 43/120 IC 456/599 x0=0.794108 velocity_parameter=-0.274833 elapsed=7.06898s written=0
  crossing 0/250
  stopped velocity row 43 IC 456 x0=0.794108 velocity_parameter=-0.274833 status=outer_limit: trajectory reached the configured outer_limit radius
velocity row 43/120 IC 466/599 x0=0.794335 velocity_parameter=-0.274833 elapsed=7.14372s written=0
  crossing 0/250
  stopped velocity row 43 IC 466 x0=0.794335 velocity_parameter=-0.274833 status=outer_limit: trajectory reached the configured outer_limit radius
velocity row 43/120 IC 473/599 x0=0.794493 velocity_parameter=-0.274833 elapsed=7.19645s written=0
  crossing 0/250
  stopped velocity row 43 IC 473 x0=0.794493 velocity_parameter=-0.274833 status=outer_limit: trajectory reached the configured outer_limit radius
velocity row 44/120 IC 456/599 x0=0.794108 velocity_parameter=-0.258667 elapsed=7.20533s written=0
  crossing 0/250
  stopped velocity row 44 IC 456 x0=0.794108 velocity_parameter=-0.258667 status=outer_limit: trajectory reached the configured outer_limit radius
velocity row 44/120 IC 466/599 x0=0.794335 velocity_parameter=-0.258667 elapsed=7.28265s written=0
  crossing 0/250
  stopped velocity row 44 IC 466 x0=0.794335 velocity_parameter=-0.258667 status=outer_limit: trajectory reached the configured outer_limit radius
velocity row 44/120 IC 473/599 x0=0.794493 velocity_parameter=-0.258667 elapsed=7.33389s written=0
  crossing 0/250
  stopped velocity row 44 IC 473 x0=0.794493 velocity_parameter=-0.258667 status=outer_limit: trajectory reached the configured outer_limit radius
velocity row 45/120 IC 456/599 x0=0.794108 velocity_parameter=-0.2425 elapsed=7.34183s written=0
  crossing 0/250
  stopped velocity row 45 IC 456 x0=0.794108 velocity_parameter=-0.2425 status=outer_limit: trajectory reached the configured outer_limit radius
velocity row 45/120 IC 466/599 x0=0.794335 velocity_parameter=-0.2425 elapsed=7.41824s written=0
  crossing 0/250
  stopped velocity row 45 IC 466 x0=0.794335 velocity_parameter=-0.2425 status=outer_limit: trajectory reached the configured outer_limit radius
velocity row 45/120 IC 473/599 x0=0.794493 velocity_parameter=-0.2425 elapsed=7.46712s written=0
  crossing 0/250
  stopped velocity row 45 IC 473 x0=0.794493 velocity_parameter=-0.2425 status=outer_limit: trajectory reached the configured outer_limit radius
velocity row 46/120 IC 456/599 x0=0.794108 velocity_parameter=-0.226333 elapsed=7.47466s written=0
  crossing 0/250
  stopped velocity row 46 IC 456 x0=0.794108 velocity_parameter=-0.226333 status=outer_limit: trajectory reached the configured outer_limit radius
velocity row 46/120 IC 466/599 x0=0.794335 velocity_parameter=-0.226333 elapsed=7.54915s written=0
  crossing 0/250
  stopped velocity row 46 IC 466 x0=0.794335 velocity_parameter=-0.226333 status=outer_limit: trajectory reached the configured outer_limit radius
velocity row 46/120 IC 473/599 x0=0.794493 velocity_parameter=-0.226333 elapsed=7.60087s written=0
  crossing 0/250
  stopped velocity row 46 IC 473 x0=0.794493 velocity_parameter=-0.226333 status=outer_limit: trajectory reached the configured outer_limit radius
velocity row 47/120 IC 456/599 x0=0.794108 velocity_parameter=-0.210167 elapsed=7.60843s written=0
  crossing 0/250
  stopped velocity row 47 IC 456 x0=0.794108 velocity_parameter=-0.210167 status=outer_limit: trajectory reached the configured outer_limit radius
velocity row 47/120 IC 466/599 x0=0.794335 velocity_parameter=-0.210167 elapsed=7.68273s written=0
  crossing 0/250
  stopped velocity row 47 IC 466 x0=0.794335 velocity_parameter=-0.210167 status=outer_limit: trajectory reached the configured outer_limit radius
velocity row 47/120 IC 473/599 x0=0.794493 velocity_parameter=-0.210167 elapsed=7.73389s written=0
  crossing 0/250
  stopped velocity row 47 IC 473 x0=0.794493 velocity_parameter=-0.210167 status=outer_limit: trajectory reached the configured outer_limit radius
velocity row 48/120 IC 456/599 x0=0.794108 velocity_parameter=-0.194 elapsed=7.74179s written=0
  crossing 0/250
  stopped velocity row 48 IC 456 x0=0.794108 velocity_parameter=-0.194 status=outer_limit: trajectory reached the configured outer_limit radius
velocity row 48/120 IC 466/599 x0=0.794335 velocity_parameter=-0.194 elapsed=7.81544s written=0
  crossing 0/250
  stopped velocity row 48 IC 466 x0=0.794335 velocity_parameter=-0.194 status=outer_limit: trajectory reached the configured outer_limit radius
velocity row 48/120 IC 473/599 x0=0.794493 velocity_parameter=-0.194 elapsed=7.86362s written=0
  crossing 0/250
  stopped velocity row 48 IC 473 x0=0.794493 velocity_parameter=-0.194 status=outer_limit: trajectory reached the configured outer_limit radius
velocity row 49/120 IC 456/599 x0=0.794108 velocity_parameter=-0.177833 elapsed=7.87049s written=0
  crossing 0/250
  stopped velocity row 49 IC 456 x0=0.794108 velocity_parameter=-0.177833 status=outer_limit: trajectory reached the configured outer_limit radius
velocity row 49/120 IC 466/599 x0=0.794335 velocity_parameter=-0.177833 elapsed=7.94593s written=0
  crossing 0/250
  stopped velocity row 49 IC 466 x0=0.794335 velocity_parameter=-0.177833 status=outer_limit: trajectory reached the configured outer_limit radius
velocity row 49/120 IC 473/599 x0=0.794493 velocity_parameter=-0.177833 elapsed=7.99695s written=0
  crossing 0/250
  stopped velocity row 49 IC 473 x0=0.794493 velocity_parameter=-0.177833 status=outer_limit: trajectory reached the configured outer_limit radius
velocity row 50/120 IC 456/599 x0=0.794108 velocity_parameter=-0.161667 elapsed=8.00435s written=0
  crossing 0/250
  stopped velocity row 50 IC 456 x0=0.794108 velocity_parameter=-0.161667 status=outer_limit: trajectory reached the configured outer_limit radius
velocity row 50/120 IC 466/599 x0=0.794335 velocity_parameter=-0.161667 elapsed=8.07809s written=0
  crossing 0/250
  stopped velocity row 50 IC 466 x0=0.794335 velocity_parameter=-0.161667 status=outer_limit: trajectory reached the configured outer_limit radius
velocity row 50/120 IC 473/599 x0=0.794493 velocity_parameter=-0.161667 elapsed=8.1286s written=0
  crossing 0/250
  stopped velocity row 50 IC 473 x0=0.794493 velocity_parameter=-0.161667 status=outer_limit: trajectory reached the configured outer_limit radius
velocity row 51/120 IC 456/599 x0=0.794108 velocity_parameter=-0.1455 elapsed=8.136s written=0
  crossing 0/250
  stopped velocity row 51 IC 456 x0=0.794108 velocity_parameter=-0.1455 status=outer_limit: trajectory reached the configured outer_limit radius
velocity row 51/120 IC 466/599 x0=0.794335 velocity_parameter=-0.1455 elapsed=8.20979s written=0
  crossing 0/250
  stopped velocity row 51 IC 466 x0=0.794335 velocity_parameter=-0.1455 status=outer_limit: trajectory reached the configured outer_limit radius
velocity row 51/120 IC 473/599 x0=0.794493 velocity_parameter=-0.1455 elapsed=8.2627s written=0
  crossing 0/250
  stopped velocity row 51 IC 473 x0=0.794493 velocity_parameter=-0.1455 status=outer_limit: trajectory reached the configured outer_limit radius
velocity row 52/120 IC 456/599 x0=0.794108 velocity_parameter=-0.129333 elapsed=8.27003s written=0
  crossing 0/250
  stopped velocity row 52 IC 456 x0=0.794108 velocity_parameter=-0.129333 status=outer_limit: trajectory reached the configured outer_limit radius
velocity row 52/120 IC 466/599 x0=0.794335 velocity_parameter=-0.129333 elapsed=8.35672s written=0
  crossing 0/250
  stopped velocity row 52 IC 466 x0=0.794335 velocity_parameter=-0.129333 status=outer_limit: trajectory reached the configured outer_limit radius
velocity row 52/120 IC 473/599 x0=0.794493 velocity_parameter=-0.129333 elapsed=8.41383s written=0
  crossing 0/250
  stopped velocity row 52 IC 473 x0=0.794493 velocity_parameter=-0.129333 status=outer_limit: trajectory reached the configured outer_limit radius
velocity row 53/120 IC 456/599 x0=0.794108 velocity_parameter=-0.113167 elapsed=8.42145s written=0
  crossing 0/250
  stopped velocity row 53 IC 456 x0=0.794108 velocity_parameter=-0.113167 status=outer_limit: trajectory reached the configured outer_limit radius
velocity row 53/120 IC 466/599 x0=0.794335 velocity_parameter=-0.113167 elapsed=8.49529s written=0
  crossing 0/250
  stopped velocity row 53 IC 466 x0=0.794335 velocity_parameter=-0.113167 status=outer_limit: trajectory reached the configured outer_limit radius
velocity row 53/120 IC 473/599 x0=0.794493 velocity_parameter=-0.113167 elapsed=8.54729s written=0
  crossing 0/250
  stopped velocity row 53 IC 473 x0=0.794493 velocity_parameter=-0.113167 status=outer_limit: trajectory reached the configured outer_limit radius
velocity row 54/120 IC 456/599 x0=0.794108 velocity_parameter=-0.097 elapsed=8.55491s written=0
  crossing 0/250
  stopped velocity row 54 IC 456 x0=0.794108 velocity_parameter=-0.097 status=outer_limit: trajectory reached the configured outer_limit radius
velocity row 54/120 IC 466/599 x0=0.794335 velocity_parameter=-0.097 elapsed=8.6355s written=0
  crossing 0/250
  stopped velocity row 54 IC 466 x0=0.794335 velocity_parameter=-0.097 status=outer_limit: trajectory reached the configured outer_limit radius
velocity row 54/120 IC 473/599 x0=0.794493 velocity_parameter=-0.097 elapsed=8.69201s written=0
  crossing 0/250
  stopped velocity row 54 IC 473 x0=0.794493 velocity_parameter=-0.097 status=outer_limit: trajectory reached the configured outer_limit radius
velocity row 55/120 IC 456/599 x0=0.794108 velocity_parameter=-0.0808333 elapsed=8.69853s written=0
  crossing 0/250
  stopped velocity row 55 IC 456 x0=0.794108 velocity_parameter=-0.0808333 status=outer_limit: trajectory reached the configured outer_limit radius
velocity row 55/120 IC 466/599 x0=0.794335 velocity_parameter=-0.0808333 elapsed=8.77532s written=0
  crossing 0/250
  stopped velocity row 55 IC 466 x0=0.794335 velocity_parameter=-0.0808333 status=outer_limit: trajectory reached the configured outer_limit radius
velocity row 55/120 IC 473/599 x0=0.794493 velocity_parameter=-0.0808333 elapsed=8.82951s written=0
  crossing 0/250
  stopped velocity row 55 IC 473 x0=0.794493 velocity_parameter=-0.0808333 status=outer_limit: trajectory reached the configured outer_limit radius
velocity row 56/120 IC 456/599 x0=0.794108 velocity_parameter=-0.0646667 elapsed=8.83618s written=0
  crossing 0/250
  stopped velocity row 56 IC 456 x0=0.794108 velocity_parameter=-0.0646667 status=outer_limit: trajectory reached the configured outer_limit radius
velocity row 56/120 IC 466/599 x0=0.794335 velocity_parameter=-0.0646667 elapsed=8.90714s written=0
  crossing 0/250
  stopped velocity row 56 IC 466 x0=0.794335 velocity_parameter=-0.0646667 status=outer_limit: trajectory reached the configured outer_limit radius
velocity row 56/120 IC 473/599 x0=0.794493 velocity_parameter=-0.0646667 elapsed=8.95871s written=0
  crossing 0/250
  stopped velocity row 56 IC 473 x0=0.794493 velocity_parameter=-0.0646667 status=outer_limit: trajectory reached the configured outer_limit radius
velocity row 57/120 IC 456/599 x0=0.794108 velocity_parameter=-0.0485 elapsed=8.96472s written=0
  crossing 0/250
  stopped velocity row 57 IC 456 x0=0.794108 velocity_parameter=-0.0485 status=outer_limit: trajectory reached the configured outer_limit radius
velocity row 57/120 IC 466/599 x0=0.794335 velocity_parameter=-0.0485 elapsed=9.03663s written=0
  crossing 0/250
  stopped velocity row 57 IC 466 x0=0.794335 velocity_parameter=-0.0485 status=outer_limit: trajectory reached the configured outer_limit radius
velocity row 57/120 IC 473/599 x0=0.794493 velocity_parameter=-0.0485 elapsed=9.08458s written=0
  crossing 0/250
  stopped velocity row 57 IC 473 x0=0.794493 velocity_parameter=-0.0485 status=outer_limit: trajectory reached the configured outer_limit radius
velocity row 58/120 IC 456/599 x0=0.794108 velocity_parameter=-0.0323333 elapsed=9.08993s written=0
  crossing 0/250
  stopped velocity row 58 IC 456 x0=0.794108 velocity_parameter=-0.0323333 status=outer_limit: trajectory reached the configured outer_limit radius
velocity row 58/120 IC 466/599 x0=0.794335 velocity_parameter=-0.0323333 elapsed=9.16395s written=0
  crossing 0/250
  stopped velocity row 58 IC 466 x0=0.794335 velocity_parameter=-0.0323333 status=outer_limit: trajectory reached the configured outer_limit radius
velocity row 58/120 IC 473/599 x0=0.794493 velocity_parameter=-0.0323333 elapsed=9.21676s written=0
  crossing 0/250
  stopped velocity row 58 IC 473 x0=0.794493 velocity_parameter=-0.0323333 status=outer_limit: trajectory reached the configured outer_limit radius
velocity row 59/120 IC 456/599 x0=0.794108 velocity_parameter=-0.0161667 elapsed=9.22354s written=0
  crossing 0/250
  stopped velocity row 59 IC 456 x0=0.794108 velocity_parameter=-0.0161667 status=outer_limit: trajectory reached the configured outer_limit radius
velocity row 59/120 IC 466/599 x0=0.794335 velocity_parameter=-0.0161667 elapsed=9.29519s written=0
  crossing 0/250
  stopped velocity row 59 IC 466 x0=0.794335 velocity_parameter=-0.0161667 status=outer_limit: trajectory reached the configured outer_limit radius
velocity row 59/120 IC 473/599 x0=0.794493 velocity_parameter=-0.0161667 elapsed=9.3423s written=0
  crossing 0/250
  stopped velocity row 59 IC 473 x0=0.794493 velocity_parameter=-0.0161667 status=outer_limit: trajectory reached the configured outer_limit radius
velocity row 60/120 IC 456/599 x0=0.794108 velocity_parameter=0 elapsed=9.35003s written=0
  crossing 0/250
  stopped velocity row 60 IC 456 x0=0.794108 velocity_parameter=0 status=outer_limit: trajectory reached the configured outer_limit radius
velocity row 60/120 IC 466/599 x0=0.794335 velocity_parameter=0 elapsed=9.42041s written=0
  crossing 0/250
  stopped velocity row 60 IC 466 x0=0.794335 velocity_parameter=0 status=outer_limit: trajectory reached the configured outer_limit radius
velocity row 60/120 IC 473/599 x0=0.794493 velocity_parameter=0 elapsed=9.47589s written=0
  crossing 0/250
  stopped velocity row 60 IC 473 x0=0.794493 velocity_parameter=0 status=outer_limit: trajectory reached the configured outer_limit radius
velocity row 61/120 IC 456/599 x0=0.794108 velocity_parameter=0.0161667 elapsed=9.48442s written=0
  crossing 0/250
  stopped velocity row 61 IC 456 x0=0.794108 velocity_parameter=0.0161667 status=outer_limit: trajectory reached the configured outer_limit radius
velocity row 61/120 IC 466/599 x0=0.794335 velocity_parameter=0.0161667 elapsed=9.56167s written=0
  crossing 0/250
  stopped velocity row 61 IC 466 x0=0.794335 velocity_parameter=0.0161667 status=outer_limit: trajectory reached the configured outer_limit radius
velocity row 61/120 IC 473/599 x0=0.794493 velocity_parameter=0.0161667 elapsed=9.61406s written=0
  crossing 0/250
  stopped velocity row 61 IC 473 x0=0.794493 velocity_parameter=0.0161667 status=outer_limit: trajectory reached the configured outer_limit radius
velocity row 62/120 IC 456/599 x0=0.794108 velocity_parameter=0.0323333 elapsed=9.62153s written=0
  crossing 0/250
  stopped velocity row 62 IC 456 x0=0.794108 velocity_parameter=0.0323333 status=outer_limit: trajectory reached the configured outer_limit radius
velocity row 62/120 IC 466/599 x0=0.794335 velocity_parameter=0.0323333 elapsed=9.6941s written=0
  crossing 0/250
  stopped velocity row 62 IC 466 x0=0.794335 velocity_parameter=0.0323333 status=outer_limit: trajectory reached the configured outer_limit radius
velocity row 62/120 IC 473/599 x0=0.794493 velocity_parameter=0.0323333 elapsed=9.74029s written=0
  crossing 0/250
  stopped velocity row 62 IC 473 x0=0.794493 velocity_parameter=0.0323333 status=outer_limit: trajectory reached the configured outer_limit radius
velocity row 63/120 IC 456/599 x0=0.794108 velocity_parameter=0.0485 elapsed=9.74736s written=0
  crossing 0/250
  stopped velocity row 63 IC 456 x0=0.794108 velocity_parameter=0.0485 status=outer_limit: trajectory reached the configured outer_limit radius
velocity row 63/120 IC 466/599 x0=0.794335 velocity_parameter=0.0485 elapsed=9.81675s written=0
  crossing 0/250
  stopped velocity row 63 IC 466 x0=0.794335 velocity_parameter=0.0485 status=outer_limit: trajectory reached the configured outer_limit radius
velocity row 63/120 IC 473/599 x0=0.794493 velocity_parameter=0.0485 elapsed=9.86149s written=0
  crossing 0/250
  stopped velocity row 63 IC 473 x0=0.794493 velocity_parameter=0.0485 status=outer_limit: trajectory reached the configured outer_limit radius
velocity row 64/120 IC 456/599 x0=0.794108 velocity_parameter=0.0646667 elapsed=9.86732s written=0
  crossing 0/250
  stopped velocity row 64 IC 456 x0=0.794108 velocity_parameter=0.0646667 status=outer_limit: trajectory reached the configured outer_limit radius
velocity row 64/120 IC 466/599 x0=0.794335 velocity_parameter=0.0646667 elapsed=9.93396s written=0
  crossing 0/250
  stopped velocity row 64 IC 466 x0=0.794335 velocity_parameter=0.0646667 status=outer_limit: trajectory reached the configured outer_limit radius
velocity row 64/120 IC 473/599 x0=0.794493 velocity_parameter=0.0646667 elapsed=9.98244s written=0
  crossing 0/250
  stopped velocity row 64 IC 473 x0=0.794493 velocity_parameter=0.0646667 status=outer_limit: trajectory reached the configured outer_limit radius
velocity row 65/120 IC 456/599 x0=0.794108 velocity_parameter=0.0808333 elapsed=9.98952s written=0
  crossing 0/250
  stopped velocity row 65 IC 456 x0=0.794108 velocity_parameter=0.0808333 status=outer_limit: trajectory reached the configured outer_limit radius
velocity row 65/120 IC 466/599 x0=0.794335 velocity_parameter=0.0808333 elapsed=10.0564s written=0
  crossing 0/250
  stopped velocity row 65 IC 466 x0=0.794335 velocity_parameter=0.0808333 status=outer_limit: trajectory reached the configured outer_limit radius
velocity row 65/120 IC 473/599 x0=0.794493 velocity_parameter=0.0808333 elapsed=10.1038s written=0
  crossing 0/250
  stopped velocity row 65 IC 473 x0=0.794493 velocity_parameter=0.0808333 status=outer_limit: trajectory reached the configured outer_limit radius
velocity row 66/120 IC 456/599 x0=0.794108 velocity_parameter=0.097 elapsed=10.1086s written=0
  crossing 0/250
  stopped velocity row 66 IC 456 x0=0.794108 velocity_parameter=0.097 status=outer_limit: trajectory reached the configured outer_limit radius
velocity row 66/120 IC 466/599 x0=0.794335 velocity_parameter=0.097 elapsed=10.18s written=0
  crossing 0/250
  stopped velocity row 66 IC 466 x0=0.794335 velocity_parameter=0.097 status=outer_limit: trajectory reached the configured outer_limit radius
velocity row 66/120 IC 473/599 x0=0.794493 velocity_parameter=0.097 elapsed=10.2272s written=0
  crossing 0/250
  stopped velocity row 66 IC 473 x0=0.794493 velocity_parameter=0.097 status=outer_limit: trajectory reached the configured outer_limit radius
velocity row 67/120 IC 456/599 x0=0.794108 velocity_parameter=0.113167 elapsed=10.2351s written=0
  crossing 0/250
  stopped velocity row 67 IC 456 x0=0.794108 velocity_parameter=0.113167 status=outer_limit: trajectory reached the configured outer_limit radius
velocity row 67/120 IC 466/599 x0=0.794335 velocity_parameter=0.113167 elapsed=10.3036s written=0
  crossing 0/250
  stopped velocity row 67 IC 466 x0=0.794335 velocity_parameter=0.113167 status=outer_limit: trajectory reached the configured outer_limit radius
velocity row 67/120 IC 473/599 x0=0.794493 velocity_parameter=0.113167 elapsed=10.3487s written=0
  crossing 0/250
  stopped velocity row 67 IC 473 x0=0.794493 velocity_parameter=0.113167 status=outer_limit: trajectory reached the configured outer_limit radius
velocity row 68/120 IC 456/599 x0=0.794108 velocity_parameter=0.129333 elapsed=10.3542s written=0
  crossing 0/250
  stopped velocity row 68 IC 456 x0=0.794108 velocity_parameter=0.129333 status=outer_limit: trajectory reached the configured outer_limit radius
velocity row 68/120 IC 466/599 x0=0.794335 velocity_parameter=0.129333 elapsed=10.4211s written=0
  crossing 0/250
  stopped velocity row 68 IC 466 x0=0.794335 velocity_parameter=0.129333 status=outer_limit: trajectory reached the configured outer_limit radius
velocity row 68/120 IC 473/599 x0=0.794493 velocity_parameter=0.129333 elapsed=10.4637s written=0
  crossing 0/250
  stopped velocity row 68 IC 473 x0=0.794493 velocity_parameter=0.129333 status=outer_limit: trajectory reached the configured outer_limit radius
velocity row 69/120 IC 456/599 x0=0.794108 velocity_parameter=0.1455 elapsed=10.4708s written=0
  crossing 0/250
  stopped velocity row 69 IC 456 x0=0.794108 velocity_parameter=0.1455 status=outer_limit: trajectory reached the configured outer_limit radius
velocity row 69/120 IC 466/599 x0=0.794335 velocity_parameter=0.1455 elapsed=10.5407s written=0
  crossing 0/250
  stopped velocity row 69 IC 466 x0=0.794335 velocity_parameter=0.1455 status=outer_limit: trajectory reached the configured outer_limit radius
velocity row 69/120 IC 473/599 x0=0.794493 velocity_parameter=0.1455 elapsed=10.5846s written=0
  crossing 0/250
  stopped velocity row 69 IC 473 x0=0.794493 velocity_parameter=0.1455 status=outer_limit: trajectory reached the configured outer_limit radius
velocity row 70/120 IC 456/599 x0=0.794108 velocity_parameter=0.161667 elapsed=10.592s written=0
  crossing 0/250
  stopped velocity row 70 IC 456 x0=0.794108 velocity_parameter=0.161667 status=outer_limit: trajectory reached the configured outer_limit radius
velocity row 70/120 IC 466/599 x0=0.794335 velocity_parameter=0.161667 elapsed=10.6554s written=0
  crossing 0/250
  stopped velocity row 70 IC 466 x0=0.794335 velocity_parameter=0.161667 status=outer_limit: trajectory reached the configured outer_limit radius
velocity row 70/120 IC 473/599 x0=0.794493 velocity_parameter=0.161667 elapsed=10.7053s written=0
  crossing 0/250
  stopped velocity row 70 IC 473 x0=0.794493 velocity_parameter=0.161667 status=outer_limit: trajectory reached the configured outer_limit radius
velocity row 71/120 IC 456/599 x0=0.794108 velocity_parameter=0.177833 elapsed=10.7122s written=0
  crossing 0/250
  stopped velocity row 71 IC 456 x0=0.794108 velocity_parameter=0.177833 status=outer_limit: trajectory reached the configured outer_limit radius
velocity row 71/120 IC 466/599 x0=0.794335 velocity_parameter=0.177833 elapsed=10.7792s written=0
  crossing 0/250
  stopped velocity row 71 IC 466 x0=0.794335 velocity_parameter=0.177833 status=outer_limit: trajectory reached the configured outer_limit radius
velocity row 71/120 IC 473/599 x0=0.794493 velocity_parameter=0.177833 elapsed=10.8254s written=0
  crossing 0/250
  stopped velocity row 71 IC 473 x0=0.794493 velocity_parameter=0.177833 status=outer_limit: trajectory reached the configured outer_limit radius
velocity row 72/120 IC 456/599 x0=0.794108 velocity_parameter=0.194 elapsed=10.8324s written=0
  crossing 0/250
  stopped velocity row 72 IC 456 x0=0.794108 velocity_parameter=0.194 status=outer_limit: trajectory reached the configured outer_limit radius
velocity row 72/120 IC 466/599 x0=0.794335 velocity_parameter=0.194 elapsed=10.9012s written=0
  crossing 0/250
  stopped velocity row 72 IC 466 x0=0.794335 velocity_parameter=0.194 status=outer_limit: trajectory reached the configured outer_limit radius
velocity row 72/120 IC 473/599 x0=0.794493 velocity_parameter=0.194 elapsed=10.9441s written=0
  crossing 0/250
  stopped velocity row 72 IC 473 x0=0.794493 velocity_parameter=0.194 status=outer_limit: trajectory reached the configured outer_limit radius
velocity row 73/120 IC 456/599 x0=0.794108 velocity_parameter=0.210167 elapsed=10.9512s written=0
  crossing 0/250
  stopped velocity row 73 IC 456 x0=0.794108 velocity_parameter=0.210167 status=outer_limit: trajectory reached the configured outer_limit radius
velocity row 73/120 IC 466/599 x0=0.794335 velocity_parameter=0.210167 elapsed=11.012s written=0
  crossing 0/250
  stopped velocity row 73 IC 466 x0=0.794335 velocity_parameter=0.210167 status=outer_limit: trajectory reached the configured outer_limit radius
velocity row 73/120 IC 473/599 x0=0.794493 velocity_parameter=0.210167 elapsed=11.0573s written=0
  crossing 0/250
  stopped velocity row 73 IC 473 x0=0.794493 velocity_parameter=0.210167 status=outer_limit: trajectory reached the configured outer_limit radius
velocity row 74/120 IC 456/599 x0=0.794108 velocity_parameter=0.226333 elapsed=11.0627s written=0
  crossing 0/250
  stopped velocity row 74 IC 456 x0=0.794108 velocity_parameter=0.226333 status=outer_limit: trajectory reached the configured outer_limit radius
velocity row 74/120 IC 466/599 x0=0.794335 velocity_parameter=0.226333 elapsed=11.1245s written=0
  crossing 0/250
  stopped velocity row 74 IC 466 x0=0.794335 velocity_parameter=0.226333 status=outer_limit: trajectory reached the configured outer_limit radius
velocity row 74/120 IC 473/599 x0=0.794493 velocity_parameter=0.226333 elapsed=11.17s written=0
  crossing 0/250
  stopped velocity row 74 IC 473 x0=0.794493 velocity_parameter=0.226333 status=outer_limit: trajectory reached the configured outer_limit radius
velocity row 75/120 IC 456/599 x0=0.794108 velocity_parameter=0.2425 elapsed=11.1778s written=0
  crossing 0/250
  stopped velocity row 75 IC 456 x0=0.794108 velocity_parameter=0.2425 status=outer_limit: trajectory reached the configured outer_limit radius
velocity row 75/120 IC 466/599 x0=0.794335 velocity_parameter=0.2425 elapsed=11.2416s written=0
  crossing 0/250
  stopped velocity row 75 IC 466 x0=0.794335 velocity_parameter=0.2425 status=outer_limit: trajectory reached the configured outer_limit radius
velocity row 75/120 IC 473/599 x0=0.794493 velocity_parameter=0.2425 elapsed=11.2878s written=0
  crossing 0/250
  stopped velocity row 75 IC 473 x0=0.794493 velocity_parameter=0.2425 status=outer_limit: trajectory reached the configured outer_limit radius
velocity row 76/120 IC 456/599 x0=0.794108 velocity_parameter=0.258667 elapsed=11.2948s written=0
  crossing 0/250
  stopped velocity row 76 IC 456 x0=0.794108 velocity_parameter=0.258667 status=outer_limit: trajectory reached the configured outer_limit radius
velocity row 76/120 IC 466/599 x0=0.794335 velocity_parameter=0.258667 elapsed=11.3573s written=0
  crossing 0/250
  stopped velocity row 76 IC 466 x0=0.794335 velocity_parameter=0.258667 status=outer_limit: trajectory reached the configured outer_limit radius
velocity row 76/120 IC 473/599 x0=0.794493 velocity_parameter=0.258667 elapsed=11.4011s written=0
  crossing 0/250
  stopped velocity row 76 IC 473 x0=0.794493 velocity_parameter=0.258667 status=outer_limit: trajectory reached the configured outer_limit radius
velocity row 77/120 IC 456/599 x0=0.794108 velocity_parameter=0.274833 elapsed=11.4083s written=0
  crossing 0/250
  stopped velocity row 77 IC 456 x0=0.794108 velocity_parameter=0.274833 status=outer_limit: trajectory reached the configured outer_limit radius
velocity row 77/120 IC 466/599 x0=0.794335 velocity_parameter=0.274833 elapsed=11.4757s written=0
  crossing 0/250
  stopped velocity row 77 IC 466 x0=0.794335 velocity_parameter=0.274833 status=outer_limit: trajectory reached the configured outer_limit radius
velocity row 77/120 IC 473/599 x0=0.794493 velocity_parameter=0.274833 elapsed=11.5228s written=0
  crossing 0/250
  stopped velocity row 77 IC 473 x0=0.794493 velocity_parameter=0.274833 status=outer_limit: trajectory reached the configured outer_limit radius
velocity row 78/120 IC 456/599 x0=0.794108 velocity_parameter=0.291 elapsed=11.532s written=0
  crossing 0/250
  stopped velocity row 78 IC 456 x0=0.794108 velocity_parameter=0.291 status=outer_limit: trajectory reached the configured outer_limit radius
velocity row 78/120 IC 466/599 x0=0.794335 velocity_parameter=0.291 elapsed=11.6037s written=0
  crossing 0/250
  stopped velocity row 78 IC 466 x0=0.794335 velocity_parameter=0.291 status=outer_limit: trajectory reached the configured outer_limit radius
velocity row 78/120 IC 473/599 x0=0.794493 velocity_parameter=0.291 elapsed=11.6489s written=0
  crossing 0/250
  stopped velocity row 78 IC 473 x0=0.794493 velocity_parameter=0.291 status=outer_limit: trajectory reached the configured outer_limit radius
velocity row 79/120 IC 456/599 x0=0.794108 velocity_parameter=0.307167 elapsed=11.6557s written=0
  crossing 0/250
  stopped velocity row 79 IC 456 x0=0.794108 velocity_parameter=0.307167 status=outer_limit: trajectory reached the configured outer_limit radius
velocity row 79/120 IC 466/599 x0=0.794335 velocity_parameter=0.307167 elapsed=11.7252s written=0
  crossing 0/250
  stopped velocity row 79 IC 466 x0=0.794335 velocity_parameter=0.307167 status=outer_limit: trajectory reached the configured outer_limit radius
velocity row 79/120 IC 473/599 x0=0.794493 velocity_parameter=0.307167 elapsed=11.7774s written=0
  crossing 0/250
  stopped velocity row 79 IC 473 x0=0.794493 velocity_parameter=0.307167 status=outer_limit: trajectory reached the configured outer_limit radius
velocity row 80/120 IC 456/599 x0=0.794108 velocity_parameter=0.323333 elapsed=11.7849s written=0
  crossing 0/250
  stopped velocity row 80 IC 456 x0=0.794108 velocity_parameter=0.323333 status=outer_limit: trajectory reached the configured outer_limit radius
velocity row 80/120 IC 466/599 x0=0.794335 velocity_parameter=0.323333 elapsed=11.857s written=0
  crossing 0/250
  stopped velocity row 80 IC 466 x0=0.794335 velocity_parameter=0.323333 status=outer_limit: trajectory reached the configured outer_limit radius
velocity row 80/120 IC 473/599 x0=0.794493 velocity_parameter=0.323333 elapsed=11.9079s written=0
  crossing 0/250
  stopped velocity row 80 IC 473 x0=0.794493 velocity_parameter=0.323333 status=outer_limit: trajectory reached the configured outer_limit radius
velocity row 81/120 IC 456/599 x0=0.794108 velocity_parameter=0.3395 elapsed=11.9161s written=0
  crossing 0/250
  stopped velocity row 81 IC 456 x0=0.794108 velocity_parameter=0.3395 status=outer_limit: trajectory reached the configured outer_limit radius
velocity row 81/120 IC 466/599 x0=0.794335 velocity_parameter=0.3395 elapsed=11.984s written=0
  crossing 0/250
  stopped velocity row 81 IC 466 x0=0.794335 velocity_parameter=0.3395 status=outer_limit: trajectory reached the configured outer_limit radius
velocity row 81/120 IC 473/599 x0=0.794493 velocity_parameter=0.3395 elapsed=12.0303s written=0
  crossing 0/250
  stopped velocity row 81 IC 473 x0=0.794493 velocity_parameter=0.3395 status=outer_limit: trajectory reached the configured outer_limit radius
velocity row 82/120 IC 456/599 x0=0.794108 velocity_parameter=0.355667 elapsed=12.0365s written=0
  crossing 0/250
  stopped velocity row 82 IC 456 x0=0.794108 velocity_parameter=0.355667 status=outer_limit: trajectory reached the configured outer_limit radius
velocity row 82/120 IC 466/599 x0=0.794335 velocity_parameter=0.355667 elapsed=12.1042s written=0
  crossing 0/250
  stopped velocity row 82 IC 466 x0=0.794335 velocity_parameter=0.355667 status=outer_limit: trajectory reached the configured outer_limit radius
velocity row 82/120 IC 473/599 x0=0.794493 velocity_parameter=0.355667 elapsed=12.1511s written=0
  crossing 0/250
  stopped velocity row 82 IC 473 x0=0.794493 velocity_parameter=0.355667 status=outer_limit: trajectory reached the configured outer_limit radius
velocity row 83/120 IC 456/599 x0=0.794108 velocity_parameter=0.371833 elapsed=12.1583s written=0
  crossing 0/250
  stopped velocity row 83 IC 456 x0=0.794108 velocity_parameter=0.371833 status=outer_limit: trajectory reached the configured outer_limit radius
velocity row 83/120 IC 466/599 x0=0.794335 velocity_parameter=0.371833 elapsed=12.2257s written=0
  crossing 0/250
  stopped velocity row 83 IC 466 x0=0.794335 velocity_parameter=0.371833 status=outer_limit: trajectory reached the configured outer_limit radius
velocity row 83/120 IC 473/599 x0=0.794493 velocity_parameter=0.371833 elapsed=12.2698s written=0
  crossing 0/250
  stopped velocity row 83 IC 473 x0=0.794493 velocity_parameter=0.371833 status=outer_limit: trajectory reached the configured outer_limit radius
velocity row 84/120 IC 456/599 x0=0.794108 velocity_parameter=0.388 elapsed=12.2764s written=0
  crossing 0/250
  stopped velocity row 84 IC 456 x0=0.794108 velocity_parameter=0.388 status=outer_limit: trajectory reached the configured outer_limit radius
velocity row 84/120 IC 466/599 x0=0.794335 velocity_parameter=0.388 elapsed=12.3396s written=0
  crossing 0/250
  stopped velocity row 84 IC 466 x0=0.794335 velocity_parameter=0.388 status=outer_limit: trajectory reached the configured outer_limit radius
velocity row 84/120 IC 473/599 x0=0.794493 velocity_parameter=0.388 elapsed=12.385s written=0
  crossing 0/250
  stopped velocity row 84 IC 473 x0=0.794493 velocity_parameter=0.388 status=outer_limit: trajectory reached the configured outer_limit radius
velocity row 85/120 IC 456/599 x0=0.794108 velocity_parameter=0.404167 elapsed=12.3914s written=0
  crossing 0/250
  stopped velocity row 85 IC 456 x0=0.794108 velocity_parameter=0.404167 status=outer_limit: trajectory reached the configured outer_limit radius
velocity row 85/120 IC 466/599 x0=0.794335 velocity_parameter=0.404167 elapsed=12.4598s written=0
  crossing 0/250
  stopped velocity row 85 IC 466 x0=0.794335 velocity_parameter=0.404167 status=outer_limit: trajectory reached the configured outer_limit radius
velocity row 85/120 IC 473/599 x0=0.794493 velocity_parameter=0.404167 elapsed=12.5093s written=0
  crossing 0/250
  stopped velocity row 85 IC 473 x0=0.794493 velocity_parameter=0.404167 status=outer_limit: trajectory reached the configured outer_limit radius
velocity row 86/120 IC 456/599 x0=0.794108 velocity_parameter=0.420333 elapsed=12.5157s written=0
  crossing 0/250
  stopped velocity row 86 IC 456 x0=0.794108 velocity_parameter=0.420333 status=outer_limit: trajectory reached the configured outer_limit radius
velocity row 86/120 IC 466/599 x0=0.794335 velocity_parameter=0.420333 elapsed=12.5801s written=0
  crossing 0/250
  stopped velocity row 86 IC 466 x0=0.794335 velocity_parameter=0.420333 status=outer_limit: trajectory reached the configured outer_limit radius
velocity row 86/120 IC 473/599 x0=0.794493 velocity_parameter=0.420333 elapsed=12.6198s written=0
  crossing 0/250
  stopped velocity row 86 IC 473 x0=0.794493 velocity_parameter=0.420333 status=outer_limit: trajectory reached the configured outer_limit radius
velocity row 87/120 IC 456/599 x0=0.794108 velocity_parameter=0.4365 elapsed=12.6266s written=0
  crossing 0/250
  stopped velocity row 87 IC 456 x0=0.794108 velocity_parameter=0.4365 status=outer_limit: trajectory reached the configured outer_limit radius
velocity row 87/120 IC 466/599 x0=0.794335 velocity_parameter=0.4365 elapsed=12.69s written=0
  crossing 0/250
  stopped velocity row 87 IC 466 x0=0.794335 velocity_parameter=0.4365 status=outer_limit: trajectory reached the configured outer_limit radius
velocity row 87/120 IC 473/599 x0=0.794493 velocity_parameter=0.4365 elapsed=12.7329s written=0
  crossing 0/250
  stopped velocity row 87 IC 473 x0=0.794493 velocity_parameter=0.4365 status=outer_limit: trajectory reached the configured outer_limit radius
velocity row 88/120 IC 456/599 x0=0.794108 velocity_parameter=0.452667 elapsed=12.7396s written=0
  crossing 0/250
  stopped velocity row 88 IC 456 x0=0.794108 velocity_parameter=0.452667 status=outer_limit: trajectory reached the configured outer_limit radius
velocity row 88/120 IC 466/599 x0=0.794335 velocity_parameter=0.452667 elapsed=12.8034s written=0
  crossing 0/250
  stopped velocity row 88 IC 466 x0=0.794335 velocity_parameter=0.452667 status=outer_limit: trajectory reached the configured outer_limit radius
velocity row 88/120 IC 473/599 x0=0.794493 velocity_parameter=0.452667 elapsed=12.8506s written=0
  crossing 0/250
  stopped velocity row 88 IC 473 x0=0.794493 velocity_parameter=0.452667 status=outer_limit: trajectory reached the configured outer_limit radius
velocity row 89/120 IC 456/599 x0=0.794108 velocity_parameter=0.468833 elapsed=12.8586s written=0
  crossing 0/250
  stopped velocity row 89 IC 456 x0=0.794108 velocity_parameter=0.468833 status=outer_limit: trajectory reached the configured outer_limit radius
velocity row 89/120 IC 466/599 x0=0.794335 velocity_parameter=0.468833 elapsed=12.9239s written=0
  crossing 0/250
  stopped velocity row 89 IC 466 x0=0.794335 velocity_parameter=0.468833 status=outer_limit: trajectory reached the configured outer_limit radius
velocity row 89/120 IC 473/599 x0=0.794493 velocity_parameter=0.468833 elapsed=12.9713s written=0
  crossing 0/250
  stopped velocity row 89 IC 473 x0=0.794493 velocity_parameter=0.468833 status=outer_limit: trajectory reached the configured outer_limit radius
velocity row 90/120 IC 456/599 x0=0.794108 velocity_parameter=0.485 elapsed=12.9782s written=0
  crossing 0/250
  stopped velocity row 90 IC 456 x0=0.794108 velocity_parameter=0.485 status=outer_limit: trajectory reached the configured outer_limit radius
velocity row 90/120 IC 466/599 x0=0.794335 velocity_parameter=0.485 elapsed=13.0397s written=0
  crossing 0/250
  stopped velocity row 90 IC 466 x0=0.794335 velocity_parameter=0.485 status=outer_limit: trajectory reached the configured outer_limit radius
velocity row 90/120 IC 473/599 x0=0.794493 velocity_parameter=0.485 elapsed=13.085s written=0
  crossing 0/250
  stopped velocity row 90 IC 473 x0=0.794493 velocity_parameter=0.485 status=outer_limit: trajectory reached the configured outer_limit radius
velocity row 91/120 IC 456/599 x0=0.794108 velocity_parameter=0.501167 elapsed=13.0922s written=0
  crossing 0/250
  stopped velocity row 91 IC 456 x0=0.794108 velocity_parameter=0.501167 status=outer_limit: trajectory reached the configured outer_limit radius
velocity row 91/120 IC 466/599 x0=0.794335 velocity_parameter=0.501167 elapsed=13.1517s written=0
  crossing 0/250
  stopped velocity row 91 IC 466 x0=0.794335 velocity_parameter=0.501167 status=outer_limit: trajectory reached the configured outer_limit radius
velocity row 91/120 IC 473/599 x0=0.794493 velocity_parameter=0.501167 elapsed=13.1995s written=0
  crossing 0/250
  stopped velocity row 91 IC 473 x0=0.794493 velocity_parameter=0.501167 status=outer_limit: trajectory reached the configured outer_limit radius
velocity row 92/120 IC 456/599 x0=0.794108 velocity_parameter=0.517333 elapsed=13.2069s written=0
  crossing 0/250
  stopped velocity row 92 IC 456 x0=0.794108 velocity_parameter=0.517333 status=outer_limit: trajectory reached the configured outer_limit radius
velocity row 92/120 IC 466/599 x0=0.794335 velocity_parameter=0.517333 elapsed=13.27s written=0
  crossing 0/250
  stopped velocity row 92 IC 466 x0=0.794335 velocity_parameter=0.517333 status=outer_limit: trajectory reached the configured outer_limit radius
velocity row 92/120 IC 473/599 x0=0.794493 velocity_parameter=0.517333 elapsed=13.3149s written=0
  crossing 0/250
  stopped velocity row 92 IC 473 x0=0.794493 velocity_parameter=0.517333 status=outer_limit: trajectory reached the configured outer_limit radius
velocity row 93/120 IC 456/599 x0=0.794108 velocity_parameter=0.5335 elapsed=13.3219s written=0
  crossing 0/250
  stopped velocity row 93 IC 456 x0=0.794108 velocity_parameter=0.5335 status=outer_limit: trajectory reached the configured outer_limit radius
velocity row 93/120 IC 466/599 x0=0.794335 velocity_parameter=0.5335 elapsed=13.3855s written=0
  crossing 0/250
  stopped velocity row 93 IC 466 x0=0.794335 velocity_parameter=0.5335 status=outer_limit: trajectory reached the configured outer_limit radius
velocity row 93/120 IC 473/599 x0=0.794493 velocity_parameter=0.5335 elapsed=13.4342s written=0
  crossing 0/250
  stopped velocity row 93 IC 473 x0=0.794493 velocity_parameter=0.5335 status=outer_limit: trajectory reached the configured outer_limit radius
velocity row 94/120 IC 456/599 x0=0.794108 velocity_parameter=0.549667 elapsed=13.4411s written=0
  crossing 0/250
  stopped velocity row 94 IC 456 x0=0.794108 velocity_parameter=0.549667 status=outer_limit: trajectory reached the configured outer_limit radius
velocity row 94/120 IC 466/599 x0=0.794335 velocity_parameter=0.549667 elapsed=13.5106s written=0
  crossing 0/250
  stopped velocity row 94 IC 466 x0=0.794335 velocity_parameter=0.549667 status=outer_limit: trajectory reached the configured outer_limit radius
velocity row 94/120 IC 473/599 x0=0.794493 velocity_parameter=0.549667 elapsed=13.5579s written=0
  crossing 0/250
  stopped velocity row 94 IC 473 x0=0.794493 velocity_parameter=0.549667 status=outer_limit: trajectory reached the configured outer_limit radius
velocity row 95/120 IC 456/599 x0=0.794108 velocity_parameter=0.565833 elapsed=13.5639s written=0
  crossing 0/250
  stopped velocity row 95 IC 456 x0=0.794108 velocity_parameter=0.565833 status=outer_limit: trajectory reached the configured outer_limit radius
velocity row 95/120 IC 466/599 x0=0.794335 velocity_parameter=0.565833 elapsed=13.635s written=0
  crossing 0/250
  stopped velocity row 95 IC 466 x0=0.794335 velocity_parameter=0.565833 status=outer_limit: trajectory reached the configured outer_limit radius
velocity row 95/120 IC 473/599 x0=0.794493 velocity_parameter=0.565833 elapsed=13.6851s written=0
  crossing 0/250
  stopped velocity row 95 IC 473 x0=0.794493 velocity_parameter=0.565833 status=outer_limit: trajectory reached the configured outer_limit radius
velocity row 96/120 IC 456/599 x0=0.794108 velocity_parameter=0.582 elapsed=13.6899s written=0
  crossing 0/250
  stopped velocity row 96 IC 456 x0=0.794108 velocity_parameter=0.582 status=outer_limit: trajectory reached the configured outer_limit radius
velocity row 96/120 IC 466/599 x0=0.794335 velocity_parameter=0.582 elapsed=13.759s written=0
  crossing 0/250
  stopped velocity row 96 IC 466 x0=0.794335 velocity_parameter=0.582 status=outer_limit: trajectory reached the configured outer_limit radius
velocity row 96/120 IC 473/599 x0=0.794493 velocity_parameter=0.582 elapsed=13.8023s written=0
  crossing 0/250
  stopped velocity row 96 IC 473 x0=0.794493 velocity_parameter=0.582 status=outer_limit: trajectory reached the configured outer_limit radius
velocity row 97/120 IC 456/599 x0=0.794108 velocity_parameter=0.598167 elapsed=13.8092s written=0
  crossing 0/250
  stopped velocity row 97 IC 456 x0=0.794108 velocity_parameter=0.598167 status=outer_limit: trajectory reached the configured outer_limit radius
velocity row 97/120 IC 466/599 x0=0.794335 velocity_parameter=0.598167 elapsed=13.8666s written=0
  crossing 0/250
  stopped velocity row 97 IC 466 x0=0.794335 velocity_parameter=0.598167 status=outer_limit: trajectory reached the configured outer_limit radius
velocity row 97/120 IC 473/599 x0=0.794493 velocity_parameter=0.598167 elapsed=13.9076s written=0
  crossing 0/250
  stopped velocity row 97 IC 473 x0=0.794493 velocity_parameter=0.598167 status=outer_limit: trajectory reached the configured outer_limit radius
velocity row 98/120 IC 456/599 x0=0.794108 velocity_parameter=0.614333 elapsed=13.9125s written=0
  crossing 0/250
  stopped velocity row 98 IC 456 x0=0.794108 velocity_parameter=0.614333 status=outer_limit: trajectory reached the configured outer_limit radius
velocity row 98/120 IC 466/599 x0=0.794335 velocity_parameter=0.614333 elapsed=13.9775s written=0
  crossing 0/250
  stopped velocity row 98 IC 466 x0=0.794335 velocity_parameter=0.614333 status=outer_limit: trajectory reached the configured outer_limit radius
velocity row 98/120 IC 473/599 x0=0.794493 velocity_parameter=0.614333 elapsed=14.02s written=0
  crossing 0/250
  stopped velocity row 98 IC 473 x0=0.794493 velocity_parameter=0.614333 status=outer_limit: trajectory reached the configured outer_limit radius
velocity row 99/120 IC 456/599 x0=0.794108 velocity_parameter=0.6305 elapsed=14.0269s written=0
  crossing 0/250
  stopped velocity row 99 IC 456 x0=0.794108 velocity_parameter=0.6305 status=outer_limit: trajectory reached the configured outer_limit radius
velocity row 99/120 IC 466/599 x0=0.794335 velocity_parameter=0.6305 elapsed=14.0879s written=0
  crossing 0/250
  stopped velocity row 99 IC 466 x0=0.794335 velocity_parameter=0.6305 status=outer_limit: trajectory reached the configured outer_limit radius
velocity row 99/120 IC 473/599 x0=0.794493 velocity_parameter=0.6305 elapsed=14.1336s written=0
  crossing 0/250
  stopped velocity row 99 IC 473 x0=0.794493 velocity_parameter=0.6305 status=outer_limit: trajectory reached the configured outer_limit radius
velocity row 100/120 IC 456/599 x0=0.794108 velocity_parameter=0.646667 elapsed=14.1404s written=0
  crossing 0/250
  stopped velocity row 100 IC 456 x0=0.794108 velocity_parameter=0.646667 status=outer_limit: trajectory reached the configured outer_limit radius
velocity row 100/120 IC 466/599 x0=0.794335 velocity_parameter=0.646667 elapsed=14.203s written=0
  crossing 0/250
  stopped velocity row 100 IC 466 x0=0.794335 velocity_parameter=0.646667 status=outer_limit: trajectory reached the configured outer_limit radius
velocity row 100/120 IC 473/599 x0=0.794493 velocity_parameter=0.646667 elapsed=14.2501s written=0
  crossing 0/250
  stopped velocity row 100 IC 473 x0=0.794493 velocity_parameter=0.646667 status=outer_limit: trajectory reached the configured outer_limit radius
velocity row 101/120 IC 456/599 x0=0.794108 velocity_parameter=0.662833 elapsed=14.2589s written=0
  crossing 0/250
  stopped velocity row 101 IC 456 x0=0.794108 velocity_parameter=0.662833 status=outer_limit: trajectory reached the configured outer_limit radius
velocity row 101/120 IC 466/599 x0=0.794335 velocity_parameter=0.662833 elapsed=14.3311s written=0
  crossing 0/250
  stopped velocity row 101 IC 466 x0=0.794335 velocity_parameter=0.662833 status=outer_limit: trajectory reached the configured outer_limit radius
velocity row 101/120 IC 473/599 x0=0.794493 velocity_parameter=0.662833 elapsed=14.3753s written=0
  crossing 0/250
  stopped velocity row 101 IC 473 x0=0.794493 velocity_parameter=0.662833 status=outer_limit: trajectory reached the configured outer_limit radius
velocity row 102/120 IC 456/599 x0=0.794108 velocity_parameter=0.679 elapsed=14.3819s written=0
  crossing 0/250
  stopped velocity row 102 IC 456 x0=0.794108 velocity_parameter=0.679 status=outer_limit: trajectory reached the configured outer_limit radius
velocity row 102/120 IC 466/599 x0=0.794335 velocity_parameter=0.679 elapsed=14.442s written=0
  crossing 0/250
  stopped velocity row 102 IC 466 x0=0.794335 velocity_parameter=0.679 status=outer_limit: trajectory reached the configured outer_limit radius
velocity row 102/120 IC 473/599 x0=0.794493 velocity_parameter=0.679 elapsed=14.4902s written=0
  crossing 0/250
  stopped velocity row 102 IC 473 x0=0.794493 velocity_parameter=0.679 status=outer_limit: trajectory reached the configured outer_limit radius
velocity row 103/120 IC 456/599 x0=0.794108 velocity_parameter=0.695167 elapsed=14.497s written=0
  crossing 0/250
  stopped velocity row 103 IC 456 x0=0.794108 velocity_parameter=0.695167 status=outer_limit: trajectory reached the configured outer_limit radius
velocity row 103/120 IC 466/599 x0=0.794335 velocity_parameter=0.695167 elapsed=14.562s written=0
  crossing 0/250
  stopped velocity row 103 IC 466 x0=0.794335 velocity_parameter=0.695167 status=outer_limit: trajectory reached the configured outer_limit radius
velocity row 103/120 IC 473/599 x0=0.794493 velocity_parameter=0.695167 elapsed=14.606s written=0
  crossing 0/250
  stopped velocity row 103 IC 473 x0=0.794493 velocity_parameter=0.695167 status=outer_limit: trajectory reached the configured outer_limit radius
velocity row 104/120 IC 456/599 x0=0.794108 velocity_parameter=0.711333 elapsed=14.6124s written=0
  crossing 0/250
  stopped velocity row 104 IC 456 x0=0.794108 velocity_parameter=0.711333 status=outer_limit: trajectory reached the configured outer_limit radius
velocity row 104/120 IC 466/599 x0=0.794335 velocity_parameter=0.711333 elapsed=14.6756s written=0
  crossing 0/250
  stopped velocity row 104 IC 466 x0=0.794335 velocity_parameter=0.711333 status=outer_limit: trajectory reached the configured outer_limit radius
velocity row 104/120 IC 473/599 x0=0.794493 velocity_parameter=0.711333 elapsed=14.7212s written=0
  crossing 0/250
  stopped velocity row 104 IC 473 x0=0.794493 velocity_parameter=0.711333 status=outer_limit: trajectory reached the configured outer_limit radius
velocity row 105/120 IC 456/599 x0=0.794108 velocity_parameter=0.7275 elapsed=14.7278s written=0
  crossing 0/250
  stopped velocity row 105 IC 456 x0=0.794108 velocity_parameter=0.7275 status=outer_limit: trajectory reached the configured outer_limit radius
velocity row 105/120 IC 466/599 x0=0.794335 velocity_parameter=0.7275 elapsed=14.7927s written=0
  crossing 0/250
  stopped velocity row 105 IC 466 x0=0.794335 velocity_parameter=0.7275 status=outer_limit: trajectory reached the configured outer_limit radius
velocity row 105/120 IC 473/599 x0=0.794493 velocity_parameter=0.7275 elapsed=14.8355s written=0
  crossing 0/250
  stopped velocity row 105 IC 473 x0=0.794493 velocity_parameter=0.7275 status=outer_limit: trajectory reached the configured outer_limit radius
velocity row 106/120 IC 456/599 x0=0.794108 velocity_parameter=0.743667 elapsed=14.8404s written=0
  crossing 0/250
  stopped velocity row 106 IC 456 x0=0.794108 velocity_parameter=0.743667 status=outer_limit: trajectory reached the configured outer_limit radius
velocity row 106/120 IC 466/599 x0=0.794335 velocity_parameter=0.743667 elapsed=14.9023s written=0
  crossing 0/250
  stopped velocity row 106 IC 466 x0=0.794335 velocity_parameter=0.743667 status=outer_limit: trajectory reached the configured outer_limit radius
velocity row 106/120 IC 473/599 x0=0.794493 velocity_parameter=0.743667 elapsed=14.9493s written=0
  crossing 0/250
  stopped velocity row 106 IC 473 x0=0.794493 velocity_parameter=0.743667 status=outer_limit: trajectory reached the configured outer_limit radius
velocity row 107/120 IC 456/599 x0=0.794108 velocity_parameter=0.759833 elapsed=14.9557s written=0
  crossing 0/250
  stopped velocity row 107 IC 456 x0=0.794108 velocity_parameter=0.759833 status=outer_limit: trajectory reached the configured outer_limit radius
velocity row 107/120 IC 466/599 x0=0.794335 velocity_parameter=0.759833 elapsed=15.0157s written=0
  crossing 0/250
  stopped velocity row 107 IC 466 x0=0.794335 velocity_parameter=0.759833 status=outer_limit: trajectory reached the configured outer_limit radius
velocity row 107/120 IC 473/599 x0=0.794493 velocity_parameter=0.759833 elapsed=15.0591s written=0
  crossing 0/250
  stopped velocity row 107 IC 473 x0=0.794493 velocity_parameter=0.759833 status=outer_limit: trajectory reached the configured outer_limit radius
velocity row 108/120 IC 456/599 x0=0.794108 velocity_parameter=0.776 elapsed=15.0671s written=0
  crossing 0/250
  stopped velocity row 108 IC 456 x0=0.794108 velocity_parameter=0.776 status=outer_limit: trajectory reached the configured outer_limit radius
velocity row 108/120 IC 466/599 x0=0.794335 velocity_parameter=0.776 elapsed=15.1342s written=0
  crossing 0/250
  stopped velocity row 108 IC 466 x0=0.794335 velocity_parameter=0.776 status=outer_limit: trajectory reached the configured outer_limit radius
velocity row 108/120 IC 473/599 x0=0.794493 velocity_parameter=0.776 elapsed=15.1853s written=0
  crossing 0/250
  stopped velocity row 108 IC 473 x0=0.794493 velocity_parameter=0.776 status=outer_limit: trajectory reached the configured outer_limit radius
velocity row 109/120 IC 456/599 x0=0.794108 velocity_parameter=0.792167 elapsed=15.1913s written=0
  crossing 0/250
  stopped velocity row 109 IC 456 x0=0.794108 velocity_parameter=0.792167 status=outer_limit: trajectory reached the configured outer_limit radius
velocity row 109/120 IC 466/599 x0=0.794335 velocity_parameter=0.792167 elapsed=15.2536s written=0
  crossing 0/250
  stopped velocity row 109 IC 466 x0=0.794335 velocity_parameter=0.792167 status=outer_limit: trajectory reached the configured outer_limit radius
velocity row 109/120 IC 473/599 x0=0.794493 velocity_parameter=0.792167 elapsed=15.2963s written=0
  crossing 0/250
  stopped velocity row 109 IC 473 x0=0.794493 velocity_parameter=0.792167 status=outer_limit: trajectory reached the configured outer_limit radius
velocity row 110/120 IC 456/599 x0=0.794108 velocity_parameter=0.808333 elapsed=15.3028s written=0
  crossing 0/250
  stopped velocity row 110 IC 456 x0=0.794108 velocity_parameter=0.808333 status=outer_limit: trajectory reached the configured outer_limit radius
velocity row 110/120 IC 466/599 x0=0.794335 velocity_parameter=0.808333 elapsed=15.3627s written=0
  crossing 0/250
  stopped velocity row 110 IC 466 x0=0.794335 velocity_parameter=0.808333 status=outer_limit: trajectory reached the configured outer_limit radius
velocity row 110/120 IC 473/599 x0=0.794493 velocity_parameter=0.808333 elapsed=15.4034s written=0
  crossing 0/250
  stopped velocity row 110 IC 473 x0=0.794493 velocity_parameter=0.808333 status=outer_limit: trajectory reached the configured outer_limit radius
velocity row 111/120 IC 456/599 x0=0.794108 velocity_parameter=0.8245 elapsed=15.4097s written=0
  crossing 0/250
  stopped velocity row 111 IC 456 x0=0.794108 velocity_parameter=0.8245 status=outer_limit: trajectory reached the configured outer_limit radius
velocity row 111/120 IC 466/599 x0=0.794335 velocity_parameter=0.8245 elapsed=15.4681s written=0
  crossing 0/250
  stopped velocity row 111 IC 466 x0=0.794335 velocity_parameter=0.8245 status=outer_limit: trajectory reached the configured outer_limit radius
velocity row 111/120 IC 473/599 x0=0.794493 velocity_parameter=0.8245 elapsed=15.506s written=0
  crossing 0/250
  stopped velocity row 111 IC 473 x0=0.794493 velocity_parameter=0.8245 status=outer_limit: trajectory reached the configured outer_limit radius
velocity row 112/120 IC 456/599 x0=0.794108 velocity_parameter=0.840667 elapsed=15.5124s written=0
  crossing 0/250
  stopped velocity row 112 IC 456 x0=0.794108 velocity_parameter=0.840667 status=outer_limit: trajectory reached the configured outer_limit radius
velocity row 112/120 IC 466/599 x0=0.794335 velocity_parameter=0.840667 elapsed=15.5738s written=0
  crossing 0/250
  stopped velocity row 112 IC 466 x0=0.794335 velocity_parameter=0.840667 status=outer_limit: trajectory reached the configured outer_limit radius
velocity row 112/120 IC 473/599 x0=0.794493 velocity_parameter=0.840667 elapsed=15.6183s written=0
  crossing 0/250
  stopped velocity row 112 IC 473 x0=0.794493 velocity_parameter=0.840667 status=outer_limit: trajectory reached the configured outer_limit radius
velocity row 113/120 IC 456/599 x0=0.794108 velocity_parameter=0.856833 elapsed=15.6244s written=0
  crossing 0/250
  stopped velocity row 113 IC 456 x0=0.794108 velocity_parameter=0.856833 status=outer_limit: trajectory reached the configured outer_limit radius
velocity row 113/120 IC 466/599 x0=0.794335 velocity_parameter=0.856833 elapsed=15.6838s written=0
  crossing 0/250
  stopped velocity row 113 IC 466 x0=0.794335 velocity_parameter=0.856833 status=outer_limit: trajectory reached the configured outer_limit radius
velocity row 113/120 IC 473/599 x0=0.794493 velocity_parameter=0.856833 elapsed=15.7284s written=0
  crossing 0/250
  stopped velocity row 113 IC 473 x0=0.794493 velocity_parameter=0.856833 status=outer_limit: trajectory reached the configured outer_limit radius
velocity row 114/120 IC 456/599 x0=0.794108 velocity_parameter=0.873 elapsed=15.7356s written=0
  crossing 0/250
  stopped velocity row 114 IC 456 x0=0.794108 velocity_parameter=0.873 status=outer_limit: trajectory reached the configured outer_limit radius
velocity row 114/120 IC 466/599 x0=0.794335 velocity_parameter=0.873 elapsed=15.7919s written=0
  crossing 0/250
  stopped velocity row 114 IC 466 x0=0.794335 velocity_parameter=0.873 status=outer_limit: trajectory reached the configured outer_limit radius
velocity row 114/120 IC 473/599 x0=0.794493 velocity_parameter=0.873 elapsed=15.8243s written=0
  crossing 0/250
  stopped velocity row 114 IC 473 x0=0.794493 velocity_parameter=0.873 status=outer_limit: trajectory reached the configured outer_limit radius
velocity row 115/120 IC 456/599 x0=0.794108 velocity_parameter=0.889167 elapsed=15.829s written=0
  crossing 0/250
  stopped velocity row 115 IC 456 x0=0.794108 velocity_parameter=0.889167 status=outer_limit: trajectory reached the configured outer_limit radius
velocity row 115/120 IC 466/599 x0=0.794335 velocity_parameter=0.889167 elapsed=15.8728s written=0
  crossing 0/250
  stopped velocity row 115 IC 466 x0=0.794335 velocity_parameter=0.889167 status=outer_limit: trajectory reached the configured outer_limit radius
velocity row 115/120 IC 473/599 x0=0.794493 velocity_parameter=0.889167 elapsed=15.9092s written=0
  crossing 0/250
  stopped velocity row 115 IC 473 x0=0.794493 velocity_parameter=0.889167 status=outer_limit: trajectory reached the configured outer_limit radius
velocity row 116/120 IC 456/599 x0=0.794108 velocity_parameter=0.905333 elapsed=15.9139s written=0
  crossing 0/250
  stopped velocity row 116 IC 456 x0=0.794108 velocity_parameter=0.905333 status=outer_limit: trajectory reached the configured outer_limit radius
velocity row 116/120 IC 466/599 x0=0.794335 velocity_parameter=0.905333 elapsed=15.9715s written=0
  crossing 0/250
  stopped velocity row 116 IC 466 x0=0.794335 velocity_parameter=0.905333 status=outer_limit: trajectory reached the configured outer_limit radius
velocity row 116/120 IC 473/599 x0=0.794493 velocity_parameter=0.905333 elapsed=16.0032s written=0
  crossing 0/250
  stopped velocity row 116 IC 473 x0=0.794493 velocity_parameter=0.905333 status=outer_limit: trajectory reached the configured outer_limit radius
velocity row 117/120 IC 456/599 x0=0.794108 velocity_parameter=0.9215 elapsed=16.0093s written=0
  crossing 0/250
  stopped velocity row 117 IC 456 x0=0.794108 velocity_parameter=0.9215 status=outer_limit: trajectory reached the configured outer_limit radius
velocity row 117/120 IC 466/599 x0=0.794335 velocity_parameter=0.9215 elapsed=16.055s written=0
  crossing 0/250
  stopped velocity row 117 IC 466 x0=0.794335 velocity_parameter=0.9215 status=outer_limit: trajectory reached the configured outer_limit radius
velocity row 117/120 IC 473/599 x0=0.794493 velocity_parameter=0.9215 elapsed=16.0847s written=0
  crossing 0/250
  stopped velocity row 117 IC 473 x0=0.794493 velocity_parameter=0.9215 status=outer_limit: trajectory reached the configured outer_limit radius
velocity row 118/120 IC 456/599 x0=0.794108 velocity_parameter=0.937667 elapsed=16.0912s written=0
  crossing 0/250
  stopped velocity row 118 IC 456 x0=0.794108 velocity_parameter=0.937667 status=outer_limit: trajectory reached the configured outer_limit radius
velocity row 118/120 IC 466/599 x0=0.794335 velocity_parameter=0.937667 elapsed=16.1419s written=0
  crossing 0/250
  stopped velocity row 118 IC 466 x0=0.794335 velocity_parameter=0.937667 status=outer_limit: trajectory reached the configured outer_limit radius
velocity row 118/120 IC 473/599 x0=0.794493 velocity_parameter=0.937667 elapsed=16.1793s written=0
  crossing 0/250
  stopped velocity row 118 IC 473 x0=0.794493 velocity_parameter=0.937667 status=outer_limit: trajectory reached the configured outer_limit radius
velocity row 119/120 IC 456/599 x0=0.794108 velocity_parameter=0.953833 elapsed=16.1859s written=0
  crossing 0/250
  stopped velocity row 119 IC 456 x0=0.794108 velocity_parameter=0.953833 status=outer_limit: trajectory reached the configured outer_limit radius
velocity row 119/120 IC 466/599 x0=0.794335 velocity_parameter=0.953833 elapsed=16.2296s written=0
  crossing 0/250
  stopped velocity row 119 IC 466 x0=0.794335 velocity_parameter=0.953833 status=outer_limit: trajectory reached the configured outer_limit radius
velocity row 119/120 IC 473/599 x0=0.794493 velocity_parameter=0.953833 elapsed=16.262s written=0
  crossing 0/250
  stopped velocity row 119 IC 473 x0=0.794493 velocity_parameter=0.953833 status=outer_limit: trajectory reached the configured outer_limit radius
velocity row 120/120 IC 456/599 x0=0.794108 velocity_parameter=0.97 elapsed=16.2683s written=0
  crossing 0/250
  stopped velocity row 120 IC 456 x0=0.794108 velocity_parameter=0.97 status=outer_limit: trajectory reached the configured outer_limit radius
velocity row 120/120 IC 466/599 x0=0.794335 velocity_parameter=0.97 elapsed=16.3244s written=0
  crossing 0/250
  stopped velocity row 120 IC 466 x0=0.794335 velocity_parameter=0.97 status=outer_limit: trajectory reached the configured outer_limit radius
velocity row 120/120 IC 473/599 x0=0.794493 velocity_parameter=0.97 elapsed=16.355s written=0
  crossing 0/250
  stopped velocity row 120 IC 473 x0=0.794493 velocity_parameter=0.97 status=outer_limit: trajectory reached the configured outer_limit radius
metadata -> /mnt/c/Users/payne/Code/Hill_4BP/professional_neck_studies/e1_dense_001/survey/level_003_delta_1e_minus_5/closed/shard_0024/metadata.txt
wrote 0 points (0 ICs skipped, 2178 orbits stopped early, elapsed=16.3586s) -> /mnt/c/Users/payne/Code/Hill_4BP/professional_neck_studies/e1_dense_001/survey/level_003_delta_1e_minus_5/closed/shard_0024/points.csv
outcomes: collision=0 completed=0 forbidden=0 inner_radius_limit=0 invalid_initial_radius=0 invalid_velocity=0 nontransverse=0 numerical_failure=0 outer_limit=2178 timeout=0
maximum sampled |H-h|=8.86509e-16
