zero-velocity boundary -> /mnt/c/Users/payne/Code/Hill_4BP/professional_neck_studies/e1_dense_001/survey/level_006_delta_1e_minus_8/closed/shard_0031/zero_velocity_boundary.csv
lambda1=0.0272549 lambda2=2.97275 A=-0.986373 B=0.486373 c=0.0976566 c1=0 c2=0 c3=-0.0976566 h=-2.39154 (C=4.78307)
E1/E2 neck h=-2.39154 (C=4.78307), E3/E4 neck h=-0.454039 (C=0.908078)
energy_mode=neck_delta neck=E1 hcrit=-2.39154 delta=1e-08 side=closed actual_neck_side=closed delta_h=-1e-08
x_count=600 xdot_count=121 iterates=250 index range=[582,599] velocity_mode=fraction x_range=[0.79034,0.79077] max_return_time=100
smooth coordinates R=sqrt(rho), CAPD crossing mode=Both solver_order=28 max_step=0.005 abs_tol=1e-15 rel_tol=1e-13 collision_radius=1e-06 outer_radius=5
velocity row 0/120 IC 582/599 x0=0.790758 velocity_parameter=-0.97 elapsed=1.29e-07s written=0
  crossing 0/250
  stopped velocity row 0 IC 582 x0=0.790758 velocity_parameter=-0.97 status=outer_limit: trajectory reached the configured outer_limit radius
  stopped velocity row 0 IC 583 x0=0.790758 velocity_parameter=-0.97 status=outer_limit: trajectory reached the configured outer_limit radius
  stopped velocity row 0 IC 584 x0=0.790759 velocity_parameter=-0.97 status=outer_limit: trajectory reached the configured outer_limit radius
  stopped velocity row 0 IC 585 x0=0.79076 velocity_parameter=-0.97 status=outer_limit: trajectory reached the configured outer_limit radius
  stopped velocity row 0 IC 586 x0=0.79076 velocity_parameter=-0.97 status=outer_limit: trajectory reached the configured outer_limit radius
  stopped velocity row 0 IC 587 x0=0.790761 velocity_parameter=-0.97 status=outer_limit: trajectory reached the configured outer_limit radius
  stopped velocity row 0 IC 588 x0=0.790762 velocity_parameter=-0.97 status=outer_limit: trajectory reached the configured outer_limit radius
  stopped velocity row 0 IC 589 x0=0.790763 velocity_parameter=-0.97 status=outer_limit: trajectory reached the configured outer_limit radius
  stopped velocity row 0 IC 590 x0=0.790763 velocity_parameter=-0.97 status=outer_limit: trajectory reached the configured outer_limit radius
  stopped velocity row 0 IC 591 x0=0.790764 velocity_parameter=-0.97 status=outer_limit: trajectory reached the configured outer_limit radius
velocity row 0/120 IC 592/599 x0=0.790765 velocity_parameter=-0.97 elapsed=0.165607s written=0
  crossing 0/250
  stopped velocity row 0 IC 592 x0=0.790765 velocity_parameter=-0.97 status=outer_limit: trajectory reached the configured outer_limit radius
velocity row 0/120 IC 599/599 x0=0.79077 velocity_parameter=-0.97 elapsed=0.288653s written=0
  crossing 0/250
  stopped velocity row 0 IC 599 x0=0.79077 velocity_parameter=-0.97 status=outer_limit: trajectory reached the configured outer_limit radius
velocity row 1/120 IC 582/599 x0=0.790758 velocity_parameter=-0.953833 elapsed=0.303195s written=0
  crossing 0/250
  stopped velocity row 1 IC 582 x0=0.790758 velocity_parameter=-0.953833 status=outer_limit: trajectory reached the configured outer_limit radius
velocity row 1/120 IC 592/599 x0=0.790765 velocity_parameter=-0.953833 elapsed=0.460045s written=0
  crossing 0/250
  stopped velocity row 1 IC 592 x0=0.790765 velocity_parameter=-0.953833 status=outer_limit: trajectory reached the configured outer_limit radius
velocity row 1/120 IC 599/599 x0=0.79077 velocity_parameter=-0.953833 elapsed=0.565037s written=0
  crossing 0/250
  stopped velocity row 1 IC 599 x0=0.79077 velocity_parameter=-0.953833 status=outer_limit: trajectory reached the configured outer_limit radius
velocity row 2/120 IC 582/599 x0=0.790758 velocity_parameter=-0.937667 elapsed=0.58232s written=0
  crossing 0/250
  stopped velocity row 2 IC 582 x0=0.790758 velocity_parameter=-0.937667 status=outer_limit: trajectory reached the configured outer_limit radius
velocity row 2/120 IC 592/599 x0=0.790765 velocity_parameter=-0.937667 elapsed=0.735305s written=0
  crossing 0/250
  stopped velocity row 2 IC 592 x0=0.790765 velocity_parameter=-0.937667 status=outer_limit: trajectory reached the configured outer_limit radius
velocity row 2/120 IC 599/599 x0=0.79077 velocity_parameter=-0.937667 elapsed=0.850928s written=0
  crossing 0/250
  stopped velocity row 2 IC 599 x0=0.79077 velocity_parameter=-0.937667 status=outer_limit: trajectory reached the configured outer_limit radius
velocity row 3/120 IC 582/599 x0=0.790758 velocity_parameter=-0.9215 elapsed=0.86429s written=0
  crossing 0/250
  stopped velocity row 3 IC 582 x0=0.790758 velocity_parameter=-0.9215 status=outer_limit: trajectory reached the configured outer_limit radius
velocity row 3/120 IC 592/599 x0=0.790765 velocity_parameter=-0.9215 elapsed=1.01112s written=0
  crossing 0/250
  stopped velocity row 3 IC 592 x0=0.790765 velocity_parameter=-0.9215 status=outer_limit: trajectory reached the configured outer_limit radius
velocity row 3/120 IC 599/599 x0=0.79077 velocity_parameter=-0.9215 elapsed=1.12126s written=0
  crossing 0/250
  stopped velocity row 3 IC 599 x0=0.79077 velocity_parameter=-0.9215 status=outer_limit: trajectory reached the configured outer_limit radius
velocity row 4/120 IC 582/599 x0=0.790758 velocity_parameter=-0.905333 elapsed=1.13553s written=0
  crossing 0/250
  stopped velocity row 4 IC 582 x0=0.790758 velocity_parameter=-0.905333 status=outer_limit: trajectory reached the configured outer_limit radius
velocity row 4/120 IC 592/599 x0=0.790765 velocity_parameter=-0.905333 elapsed=1.2905s written=0
  crossing 0/250
  stopped velocity row 4 IC 592 x0=0.790765 velocity_parameter=-0.905333 status=outer_limit: trajectory reached the configured outer_limit radius
velocity row 4/120 IC 599/599 x0=0.79077 velocity_parameter=-0.905333 elapsed=1.39267s written=0
  crossing 0/250
  stopped velocity row 4 IC 599 x0=0.79077 velocity_parameter=-0.905333 status=outer_limit: trajectory reached the configured outer_limit radius
velocity row 5/120 IC 582/599 x0=0.790758 velocity_parameter=-0.889167 elapsed=1.40922s written=0
  crossing 0/250
  stopped velocity row 5 IC 582 x0=0.790758 velocity_parameter=-0.889167 status=outer_limit: trajectory reached the configured outer_limit radius
velocity row 5/120 IC 592/599 x0=0.790765 velocity_parameter=-0.889167 elapsed=1.56212s written=0
  crossing 0/250
  stopped velocity row 5 IC 592 x0=0.790765 velocity_parameter=-0.889167 status=outer_limit: trajectory reached the configured outer_limit radius
velocity row 5/120 IC 599/599 x0=0.79077 velocity_parameter=-0.889167 elapsed=1.66801s written=0
  crossing 0/250
  stopped velocity row 5 IC 599 x0=0.79077 velocity_parameter=-0.889167 status=outer_limit: trajectory reached the configured outer_limit radius
velocity row 6/120 IC 582/599 x0=0.790758 velocity_parameter=-0.873 elapsed=1.68081s written=0
  crossing 0/250
  stopped velocity row 6 IC 582 x0=0.790758 velocity_parameter=-0.873 status=outer_limit: trajectory reached the configured outer_limit radius
velocity row 6/120 IC 592/599 x0=0.790765 velocity_parameter=-0.873 elapsed=1.82865s written=0
  crossing 0/250
  stopped velocity row 6 IC 592 x0=0.790765 velocity_parameter=-0.873 status=outer_limit: trajectory reached the configured outer_limit radius
velocity row 6/120 IC 599/599 x0=0.79077 velocity_parameter=-0.873 elapsed=1.93433s written=0
  crossing 0/250
  stopped velocity row 6 IC 599 x0=0.79077 velocity_parameter=-0.873 status=outer_limit: trajectory reached the configured outer_limit radius
velocity row 7/120 IC 582/599 x0=0.790758 velocity_parameter=-0.856833 elapsed=1.94825s written=0
  crossing 0/250
  stopped velocity row 7 IC 582 x0=0.790758 velocity_parameter=-0.856833 status=outer_limit: trajectory reached the configured outer_limit radius
velocity row 7/120 IC 592/599 x0=0.790765 velocity_parameter=-0.856833 elapsed=2.09792s written=0
  crossing 0/250
  stopped velocity row 7 IC 592 x0=0.790765 velocity_parameter=-0.856833 status=outer_limit: trajectory reached the configured outer_limit radius
velocity row 7/120 IC 599/599 x0=0.79077 velocity_parameter=-0.856833 elapsed=2.19535s written=0
  crossing 0/250
  stopped velocity row 7 IC 599 x0=0.79077 velocity_parameter=-0.856833 status=outer_limit: trajectory reached the configured outer_limit radius
velocity row 8/120 IC 582/599 x0=0.790758 velocity_parameter=-0.840667 elapsed=2.20622s written=0
  crossing 0/250
  stopped velocity row 8 IC 582 x0=0.790758 velocity_parameter=-0.840667 status=outer_limit: trajectory reached the configured outer_limit radius
velocity row 8/120 IC 592/599 x0=0.790765 velocity_parameter=-0.840667 elapsed=2.35833s written=0
  crossing 0/250
  stopped velocity row 8 IC 592 x0=0.790765 velocity_parameter=-0.840667 status=outer_limit: trajectory reached the configured outer_limit radius
velocity row 8/120 IC 599/599 x0=0.79077 velocity_parameter=-0.840667 elapsed=2.46017s written=0
  crossing 0/250
  stopped velocity row 8 IC 599 x0=0.79077 velocity_parameter=-0.840667 status=outer_limit: trajectory reached the configured outer_limit radius
velocity row 9/120 IC 582/599 x0=0.790758 velocity_parameter=-0.8245 elapsed=2.47484s written=0
  crossing 0/250
  stopped velocity row 9 IC 582 x0=0.790758 velocity_parameter=-0.8245 status=outer_limit: trajectory reached the configured outer_limit radius
velocity row 9/120 IC 592/599 x0=0.790765 velocity_parameter=-0.8245 elapsed=2.61445s written=0
  crossing 0/250
  stopped velocity row 9 IC 592 x0=0.790765 velocity_parameter=-0.8245 status=outer_limit: trajectory reached the configured outer_limit radius
velocity row 9/120 IC 599/599 x0=0.79077 velocity_parameter=-0.8245 elapsed=2.72073s written=0
  crossing 0/250
  stopped velocity row 9 IC 599 x0=0.79077 velocity_parameter=-0.8245 status=outer_limit: trajectory reached the configured outer_limit radius
velocity row 10/120 IC 582/599 x0=0.790758 velocity_parameter=-0.808333 elapsed=2.73542s written=0
  crossing 0/250
  stopped velocity row 10 IC 582 x0=0.790758 velocity_parameter=-0.808333 status=outer_limit: trajectory reached the configured outer_limit radius
velocity row 10/120 IC 592/599 x0=0.790765 velocity_parameter=-0.808333 elapsed=2.88687s written=0
  crossing 0/250
  stopped velocity row 10 IC 592 x0=0.790765 velocity_parameter=-0.808333 status=outer_limit: trajectory reached the configured outer_limit radius
velocity row 10/120 IC 599/599 x0=0.79077 velocity_parameter=-0.808333 elapsed=2.98316s written=0
  crossing 0/250
  stopped velocity row 10 IC 599 x0=0.79077 velocity_parameter=-0.808333 status=outer_limit: trajectory reached the configured outer_limit radius
velocity row 11/120 IC 582/599 x0=0.790758 velocity_parameter=-0.792167 elapsed=2.99696s written=0
  crossing 0/250
  stopped velocity row 11 IC 582 x0=0.790758 velocity_parameter=-0.792167 status=outer_limit: trajectory reached the configured outer_limit radius
velocity row 11/120 IC 592/599 x0=0.790765 velocity_parameter=-0.792167 elapsed=3.13957s written=0
  crossing 0/250
  stopped velocity row 11 IC 592 x0=0.790765 velocity_parameter=-0.792167 status=outer_limit: trajectory reached the configured outer_limit radius
velocity row 11/120 IC 599/599 x0=0.79077 velocity_parameter=-0.792167 elapsed=3.23631s written=0
  crossing 0/250
  stopped velocity row 11 IC 599 x0=0.79077 velocity_parameter=-0.792167 status=outer_limit: trajectory reached the configured outer_limit radius
velocity row 12/120 IC 582/599 x0=0.790758 velocity_parameter=-0.776 elapsed=3.25041s written=0
  crossing 0/250
  stopped velocity row 12 IC 582 x0=0.790758 velocity_parameter=-0.776 status=outer_limit: trajectory reached the configured outer_limit radius
velocity row 12/120 IC 592/599 x0=0.790765 velocity_parameter=-0.776 elapsed=3.38861s written=0
  crossing 0/250
  stopped velocity row 12 IC 592 x0=0.790765 velocity_parameter=-0.776 status=outer_limit: trajectory reached the configured outer_limit radius
velocity row 12/120 IC 599/599 x0=0.79077 velocity_parameter=-0.776 elapsed=3.48928s written=0
  crossing 0/250
  stopped velocity row 12 IC 599 x0=0.79077 velocity_parameter=-0.776 status=outer_limit: trajectory reached the configured outer_limit radius
velocity row 13/120 IC 582/599 x0=0.790758 velocity_parameter=-0.759833 elapsed=3.50335s written=0
  crossing 0/250
  stopped velocity row 13 IC 582 x0=0.790758 velocity_parameter=-0.759833 status=outer_limit: trajectory reached the configured outer_limit radius
velocity row 13/120 IC 592/599 x0=0.790765 velocity_parameter=-0.759833 elapsed=3.6567s written=0
  crossing 0/250
  stopped velocity row 13 IC 592 x0=0.790765 velocity_parameter=-0.759833 status=outer_limit: trajectory reached the configured outer_limit radius
velocity row 13/120 IC 599/599 x0=0.79077 velocity_parameter=-0.759833 elapsed=3.75695s written=0
  crossing 0/250
  stopped velocity row 13 IC 599 x0=0.79077 velocity_parameter=-0.759833 status=outer_limit: trajectory reached the configured outer_limit radius
velocity row 14/120 IC 582/599 x0=0.790758 velocity_parameter=-0.743667 elapsed=3.77015s written=0
  crossing 0/250
  stopped velocity row 14 IC 582 x0=0.790758 velocity_parameter=-0.743667 status=outer_limit: trajectory reached the configured outer_limit radius
velocity row 14/120 IC 592/599 x0=0.790765 velocity_parameter=-0.743667 elapsed=3.89658s written=0
  crossing 0/250
  stopped velocity row 14 IC 592 x0=0.790765 velocity_parameter=-0.743667 status=outer_limit: trajectory reached the configured outer_limit radius
velocity row 14/120 IC 599/599 x0=0.79077 velocity_parameter=-0.743667 elapsed=3.97858s written=0
  crossing 0/250
  stopped velocity row 14 IC 599 x0=0.79077 velocity_parameter=-0.743667 status=outer_limit: trajectory reached the configured outer_limit radius
velocity row 15/120 IC 582/599 x0=0.790758 velocity_parameter=-0.7275 elapsed=3.99094s written=0
  crossing 0/250
  stopped velocity row 15 IC 582 x0=0.790758 velocity_parameter=-0.7275 status=outer_limit: trajectory reached the configured outer_limit radius
velocity row 15/120 IC 592/599 x0=0.790765 velocity_parameter=-0.7275 elapsed=4.11444s written=0
  crossing 0/250
  stopped velocity row 15 IC 592 x0=0.790765 velocity_parameter=-0.7275 status=outer_limit: trajectory reached the configured outer_limit radius
velocity row 15/120 IC 599/599 x0=0.79077 velocity_parameter=-0.7275 elapsed=4.20209s written=0
  crossing 0/250
  stopped velocity row 15 IC 599 x0=0.79077 velocity_parameter=-0.7275 status=outer_limit: trajectory reached the configured outer_limit radius
velocity row 16/120 IC 582/599 x0=0.790758 velocity_parameter=-0.711333 elapsed=4.21481s written=0
  crossing 0/250
  stopped velocity row 16 IC 582 x0=0.790758 velocity_parameter=-0.711333 status=outer_limit: trajectory reached the configured outer_limit radius
velocity row 16/120 IC 592/599 x0=0.790765 velocity_parameter=-0.711333 elapsed=4.34336s written=0
  crossing 0/250
  stopped velocity row 16 IC 592 x0=0.790765 velocity_parameter=-0.711333 status=outer_limit: trajectory reached the configured outer_limit radius
velocity row 16/120 IC 599/599 x0=0.79077 velocity_parameter=-0.711333 elapsed=4.4309s written=0
  crossing 0/250
  stopped velocity row 16 IC 599 x0=0.79077 velocity_parameter=-0.711333 status=outer_limit: trajectory reached the configured outer_limit radius
velocity row 17/120 IC 582/599 x0=0.790758 velocity_parameter=-0.695167 elapsed=4.44403s written=0
  crossing 0/250
  stopped velocity row 17 IC 582 x0=0.790758 velocity_parameter=-0.695167 status=outer_limit: trajectory reached the configured outer_limit radius
velocity row 17/120 IC 592/599 x0=0.790765 velocity_parameter=-0.695167 elapsed=4.56667s written=0
  crossing 0/250
  stopped velocity row 17 IC 592 x0=0.790765 velocity_parameter=-0.695167 status=outer_limit: trajectory reached the configured outer_limit radius
velocity row 17/120 IC 599/599 x0=0.79077 velocity_parameter=-0.695167 elapsed=4.65314s written=0
  crossing 0/250
  stopped velocity row 17 IC 599 x0=0.79077 velocity_parameter=-0.695167 status=outer_limit: trajectory reached the configured outer_limit radius
velocity row 18/120 IC 582/599 x0=0.790758 velocity_parameter=-0.679 elapsed=4.66547s written=0
  crossing 0/250
  stopped velocity row 18 IC 582 x0=0.790758 velocity_parameter=-0.679 status=outer_limit: trajectory reached the configured outer_limit radius
velocity row 18/120 IC 592/599 x0=0.790765 velocity_parameter=-0.679 elapsed=4.78862s written=0
  crossing 0/250
  stopped velocity row 18 IC 592 x0=0.790765 velocity_parameter=-0.679 status=outer_limit: trajectory reached the configured outer_limit radius
velocity row 18/120 IC 599/599 x0=0.79077 velocity_parameter=-0.679 elapsed=4.87264s written=0
  crossing 0/250
  stopped velocity row 18 IC 599 x0=0.79077 velocity_parameter=-0.679 status=outer_limit: trajectory reached the configured outer_limit radius
velocity row 19/120 IC 582/599 x0=0.790758 velocity_parameter=-0.662833 elapsed=4.88488s written=0
  crossing 0/250
  stopped velocity row 19 IC 582 x0=0.790758 velocity_parameter=-0.662833 status=outer_limit: trajectory reached the configured outer_limit radius
velocity row 19/120 IC 592/599 x0=0.790765 velocity_parameter=-0.662833 elapsed=5.00368s written=0
  crossing 0/250
  stopped velocity row 19 IC 592 x0=0.790765 velocity_parameter=-0.662833 status=outer_limit: trajectory reached the configured outer_limit radius
velocity row 19/120 IC 599/599 x0=0.79077 velocity_parameter=-0.662833 elapsed=5.08221s written=0
  crossing 0/250
  stopped velocity row 19 IC 599 x0=0.79077 velocity_parameter=-0.662833 status=outer_limit: trajectory reached the configured outer_limit radius
velocity row 20/120 IC 582/599 x0=0.790758 velocity_parameter=-0.646667 elapsed=5.0979s written=0
  crossing 0/250
  stopped velocity row 20 IC 582 x0=0.790758 velocity_parameter=-0.646667 status=outer_limit: trajectory reached the configured outer_limit radius
velocity row 20/120 IC 592/599 x0=0.790765 velocity_parameter=-0.646667 elapsed=5.21295s written=0
  crossing 0/250
  stopped velocity row 20 IC 592 x0=0.790765 velocity_parameter=-0.646667 status=outer_limit: trajectory reached the configured outer_limit radius
velocity row 20/120 IC 599/599 x0=0.79077 velocity_parameter=-0.646667 elapsed=5.29429s written=0
  crossing 0/250
  stopped velocity row 20 IC 599 x0=0.79077 velocity_parameter=-0.646667 status=outer_limit: trajectory reached the configured outer_limit radius
velocity row 21/120 IC 582/599 x0=0.790758 velocity_parameter=-0.6305 elapsed=5.3061s written=0
  crossing 0/250
  stopped velocity row 21 IC 582 x0=0.790758 velocity_parameter=-0.6305 status=outer_limit: trajectory reached the configured outer_limit radius
velocity row 21/120 IC 592/599 x0=0.790765 velocity_parameter=-0.6305 elapsed=5.41684s written=0
  crossing 0/250
  stopped velocity row 21 IC 592 x0=0.790765 velocity_parameter=-0.6305 status=outer_limit: trajectory reached the configured outer_limit radius
velocity row 21/120 IC 599/599 x0=0.79077 velocity_parameter=-0.6305 elapsed=5.49514s written=0
  crossing 0/250
  stopped velocity row 21 IC 599 x0=0.79077 velocity_parameter=-0.6305 status=outer_limit: trajectory reached the configured outer_limit radius
velocity row 22/120 IC 582/599 x0=0.790758 velocity_parameter=-0.614333 elapsed=5.50715s written=0
  crossing 0/250
  stopped velocity row 22 IC 582 x0=0.790758 velocity_parameter=-0.614333 status=outer_limit: trajectory reached the configured outer_limit radius
velocity row 22/120 IC 592/599 x0=0.790765 velocity_parameter=-0.614333 elapsed=5.62017s written=0
  crossing 0/250
  stopped velocity row 22 IC 592 x0=0.790765 velocity_parameter=-0.614333 status=outer_limit: trajectory reached the configured outer_limit radius
velocity row 22/120 IC 599/599 x0=0.79077 velocity_parameter=-0.614333 elapsed=5.70327s written=0
  crossing 0/250
  stopped velocity row 22 IC 599 x0=0.79077 velocity_parameter=-0.614333 status=outer_limit: trajectory reached the configured outer_limit radius
velocity row 23/120 IC 582/599 x0=0.790758 velocity_parameter=-0.598167 elapsed=5.71634s written=0
  crossing 0/250
  stopped velocity row 23 IC 582 x0=0.790758 velocity_parameter=-0.598167 status=outer_limit: trajectory reached the configured outer_limit radius
velocity row 23/120 IC 592/599 x0=0.790765 velocity_parameter=-0.598167 elapsed=5.82739s written=0
  crossing 0/250
  stopped velocity row 23 IC 592 x0=0.790765 velocity_parameter=-0.598167 status=outer_limit: trajectory reached the configured outer_limit radius
velocity row 23/120 IC 599/599 x0=0.79077 velocity_parameter=-0.598167 elapsed=5.91595s written=0
  crossing 0/250
  stopped velocity row 23 IC 599 x0=0.79077 velocity_parameter=-0.598167 status=outer_limit: trajectory reached the configured outer_limit radius
velocity row 24/120 IC 582/599 x0=0.790758 velocity_parameter=-0.582 elapsed=5.9263s written=0
  crossing 0/250
  stopped velocity row 24 IC 582 x0=0.790758 velocity_parameter=-0.582 status=outer_limit: trajectory reached the configured outer_limit radius
velocity row 24/120 IC 592/599 x0=0.790765 velocity_parameter=-0.582 elapsed=6.03584s written=0
  crossing 0/250
  stopped velocity row 24 IC 592 x0=0.790765 velocity_parameter=-0.582 status=outer_limit: trajectory reached the configured outer_limit radius
velocity row 24/120 IC 599/599 x0=0.79077 velocity_parameter=-0.582 elapsed=6.11587s written=0
  crossing 0/250
  stopped velocity row 24 IC 599 x0=0.79077 velocity_parameter=-0.582 status=outer_limit: trajectory reached the configured outer_limit radius
velocity row 25/120 IC 582/599 x0=0.790758 velocity_parameter=-0.565833 elapsed=6.12753s written=0
  crossing 0/250
  stopped velocity row 25 IC 582 x0=0.790758 velocity_parameter=-0.565833 status=outer_limit: trajectory reached the configured outer_limit radius
velocity row 25/120 IC 592/599 x0=0.790765 velocity_parameter=-0.565833 elapsed=6.23498s written=0
  crossing 0/250
  stopped velocity row 25 IC 592 x0=0.790765 velocity_parameter=-0.565833 status=outer_limit: trajectory reached the configured outer_limit radius
velocity row 25/120 IC 599/599 x0=0.79077 velocity_parameter=-0.565833 elapsed=6.31481s written=0
  crossing 0/250
  stopped velocity row 25 IC 599 x0=0.79077 velocity_parameter=-0.565833 status=outer_limit: trajectory reached the configured outer_limit radius
velocity row 26/120 IC 582/599 x0=0.790758 velocity_parameter=-0.549667 elapsed=6.32696s written=0
  crossing 0/250
  stopped velocity row 26 IC 582 x0=0.790758 velocity_parameter=-0.549667 status=outer_limit: trajectory reached the configured outer_limit radius
velocity row 26/120 IC 592/599 x0=0.790765 velocity_parameter=-0.549667 elapsed=6.44351s written=0
  crossing 0/250
  stopped velocity row 26 IC 592 x0=0.790765 velocity_parameter=-0.549667 status=outer_limit: trajectory reached the configured outer_limit radius
velocity row 26/120 IC 599/599 x0=0.79077 velocity_parameter=-0.549667 elapsed=6.51843s written=0
  crossing 0/250
  stopped velocity row 26 IC 599 x0=0.79077 velocity_parameter=-0.549667 status=outer_limit: trajectory reached the configured outer_limit radius
velocity row 27/120 IC 582/599 x0=0.790758 velocity_parameter=-0.5335 elapsed=6.53036s written=0
  crossing 0/250
  stopped velocity row 27 IC 582 x0=0.790758 velocity_parameter=-0.5335 status=outer_limit: trajectory reached the configured outer_limit radius
velocity row 27/120 IC 592/599 x0=0.790765 velocity_parameter=-0.5335 elapsed=6.64539s written=0
  crossing 0/250
  stopped velocity row 27 IC 592 x0=0.790765 velocity_parameter=-0.5335 status=outer_limit: trajectory reached the configured outer_limit radius
velocity row 27/120 IC 599/599 x0=0.79077 velocity_parameter=-0.5335 elapsed=6.71978s written=0
  crossing 0/250
  stopped velocity row 27 IC 599 x0=0.79077 velocity_parameter=-0.5335 status=outer_limit: trajectory reached the configured outer_limit radius
velocity row 28/120 IC 582/599 x0=0.790758 velocity_parameter=-0.517333 elapsed=6.72985s written=0
  crossing 0/250
  stopped velocity row 28 IC 582 x0=0.790758 velocity_parameter=-0.517333 status=outer_limit: trajectory reached the configured outer_limit radius
velocity row 28/120 IC 592/599 x0=0.790765 velocity_parameter=-0.517333 elapsed=6.8459s written=0
  crossing 0/250
  stopped velocity row 28 IC 592 x0=0.790765 velocity_parameter=-0.517333 status=outer_limit: trajectory reached the configured outer_limit radius
velocity row 28/120 IC 599/599 x0=0.79077 velocity_parameter=-0.517333 elapsed=6.92397s written=0
  crossing 0/250
  stopped velocity row 28 IC 599 x0=0.79077 velocity_parameter=-0.517333 status=outer_limit: trajectory reached the configured outer_limit radius
velocity row 29/120 IC 582/599 x0=0.790758 velocity_parameter=-0.501167 elapsed=6.93492s written=0
  crossing 0/250
  stopped velocity row 29 IC 582 x0=0.790758 velocity_parameter=-0.501167 status=outer_limit: trajectory reached the configured outer_limit radius
velocity row 29/120 IC 592/599 x0=0.790765 velocity_parameter=-0.501167 elapsed=7.04642s written=0
  crossing 0/250
  stopped velocity row 29 IC 592 x0=0.790765 velocity_parameter=-0.501167 status=outer_limit: trajectory reached the configured outer_limit radius
velocity row 29/120 IC 599/599 x0=0.79077 velocity_parameter=-0.501167 elapsed=7.1206s written=0
  crossing 0/250
  stopped velocity row 29 IC 599 x0=0.79077 velocity_parameter=-0.501167 status=outer_limit: trajectory reached the configured outer_limit radius
velocity row 30/120 IC 582/599 x0=0.790758 velocity_parameter=-0.485 elapsed=7.13196s written=0
  crossing 0/250
  stopped velocity row 30 IC 582 x0=0.790758 velocity_parameter=-0.485 status=outer_limit: trajectory reached the configured outer_limit radius
velocity row 30/120 IC 592/599 x0=0.790765 velocity_parameter=-0.485 elapsed=7.2463s written=0
  crossing 0/250
  stopped velocity row 30 IC 592 x0=0.790765 velocity_parameter=-0.485 status=outer_limit: trajectory reached the configured outer_limit radius
velocity row 30/120 IC 599/599 x0=0.79077 velocity_parameter=-0.485 elapsed=7.325s written=0
  crossing 0/250
  stopped velocity row 30 IC 599 x0=0.79077 velocity_parameter=-0.485 status=outer_limit: trajectory reached the configured outer_limit radius
velocity row 31/120 IC 582/599 x0=0.790758 velocity_parameter=-0.468833 elapsed=7.33644s written=0
  crossing 0/250
  stopped velocity row 31 IC 582 x0=0.790758 velocity_parameter=-0.468833 status=outer_limit: trajectory reached the configured outer_limit radius
velocity row 31/120 IC 592/599 x0=0.790765 velocity_parameter=-0.468833 elapsed=7.44866s written=0
  crossing 0/250
  stopped velocity row 31 IC 592 x0=0.790765 velocity_parameter=-0.468833 status=outer_limit: trajectory reached the configured outer_limit radius
velocity row 31/120 IC 599/599 x0=0.79077 velocity_parameter=-0.468833 elapsed=7.52659s written=0
  crossing 0/250
  stopped velocity row 31 IC 599 x0=0.79077 velocity_parameter=-0.468833 status=outer_limit: trajectory reached the configured outer_limit radius
velocity row 32/120 IC 582/599 x0=0.790758 velocity_parameter=-0.452667 elapsed=7.53761s written=0
  crossing 0/250
  stopped velocity row 32 IC 582 x0=0.790758 velocity_parameter=-0.452667 status=outer_limit: trajectory reached the configured outer_limit radius
velocity row 32/120 IC 592/599 x0=0.790765 velocity_parameter=-0.452667 elapsed=7.65003s written=0
  crossing 0/250
  stopped velocity row 32 IC 592 x0=0.790765 velocity_parameter=-0.452667 status=outer_limit: trajectory reached the configured outer_limit radius
velocity row 32/120 IC 599/599 x0=0.79077 velocity_parameter=-0.452667 elapsed=7.72594s written=0
  crossing 0/250
  stopped velocity row 32 IC 599 x0=0.79077 velocity_parameter=-0.452667 status=outer_limit: trajectory reached the configured outer_limit radius
velocity row 33/120 IC 582/599 x0=0.790758 velocity_parameter=-0.4365 elapsed=7.73708s written=0
  crossing 0/250
  stopped velocity row 33 IC 582 x0=0.790758 velocity_parameter=-0.4365 status=outer_limit: trajectory reached the configured outer_limit radius
velocity row 33/120 IC 592/599 x0=0.790765 velocity_parameter=-0.4365 elapsed=7.84945s written=0
  crossing 0/250
  stopped velocity row 33 IC 592 x0=0.790765 velocity_parameter=-0.4365 status=outer_limit: trajectory reached the configured outer_limit radius
velocity row 33/120 IC 599/599 x0=0.79077 velocity_parameter=-0.4365 elapsed=7.92585s written=0
  crossing 0/250
  stopped velocity row 33 IC 599 x0=0.79077 velocity_parameter=-0.4365 status=outer_limit: trajectory reached the configured outer_limit radius
velocity row 34/120 IC 582/599 x0=0.790758 velocity_parameter=-0.420333 elapsed=7.93764s written=0
  crossing 0/250
  stopped velocity row 34 IC 582 x0=0.790758 velocity_parameter=-0.420333 status=outer_limit: trajectory reached the configured outer_limit radius
velocity row 34/120 IC 592/599 x0=0.790765 velocity_parameter=-0.420333 elapsed=8.04722s written=0
  crossing 0/250
  stopped velocity row 34 IC 592 x0=0.790765 velocity_parameter=-0.420333 status=outer_limit: trajectory reached the configured outer_limit radius
velocity row 34/120 IC 599/599 x0=0.79077 velocity_parameter=-0.420333 elapsed=8.12632s written=0
  crossing 0/250
  stopped velocity row 34 IC 599 x0=0.79077 velocity_parameter=-0.420333 status=outer_limit: trajectory reached the configured outer_limit radius
velocity row 35/120 IC 582/599 x0=0.790758 velocity_parameter=-0.404167 elapsed=8.13791s written=0
  crossing 0/250
  stopped velocity row 35 IC 582 x0=0.790758 velocity_parameter=-0.404167 status=outer_limit: trajectory reached the configured outer_limit radius
velocity row 35/120 IC 592/599 x0=0.790765 velocity_parameter=-0.404167 elapsed=8.24531s written=0
  crossing 0/250
  stopped velocity row 35 IC 592 x0=0.790765 velocity_parameter=-0.404167 status=outer_limit: trajectory reached the configured outer_limit radius
velocity row 35/120 IC 599/599 x0=0.79077 velocity_parameter=-0.404167 elapsed=8.31968s written=0
  crossing 0/250
  stopped velocity row 35 IC 599 x0=0.79077 velocity_parameter=-0.404167 status=outer_limit: trajectory reached the configured outer_limit radius
velocity row 36/120 IC 582/599 x0=0.790758 velocity_parameter=-0.388 elapsed=8.33104s written=0
  crossing 0/250
  stopped velocity row 36 IC 582 x0=0.790758 velocity_parameter=-0.388 status=outer_limit: trajectory reached the configured outer_limit radius
velocity row 36/120 IC 592/599 x0=0.790765 velocity_parameter=-0.388 elapsed=8.44181s written=0
  crossing 0/250
  stopped velocity row 36 IC 592 x0=0.790765 velocity_parameter=-0.388 status=outer_limit: trajectory reached the configured outer_limit radius
velocity row 36/120 IC 599/599 x0=0.79077 velocity_parameter=-0.388 elapsed=8.51228s written=0
  crossing 0/250
  stopped velocity row 36 IC 599 x0=0.79077 velocity_parameter=-0.388 status=outer_limit: trajectory reached the configured outer_limit radius
velocity row 37/120 IC 582/599 x0=0.790758 velocity_parameter=-0.371833 elapsed=8.52348s written=0
  crossing 0/250
  stopped velocity row 37 IC 582 x0=0.790758 velocity_parameter=-0.371833 status=outer_limit: trajectory reached the configured outer_limit radius
velocity row 37/120 IC 592/599 x0=0.790765 velocity_parameter=-0.371833 elapsed=8.63731s written=0
  crossing 0/250
  stopped velocity row 37 IC 592 x0=0.790765 velocity_parameter=-0.371833 status=outer_limit: trajectory reached the configured outer_limit radius
velocity row 37/120 IC 599/599 x0=0.79077 velocity_parameter=-0.371833 elapsed=8.71289s written=0
  crossing 0/250
  stopped velocity row 37 IC 599 x0=0.79077 velocity_parameter=-0.371833 status=outer_limit: trajectory reached the configured outer_limit radius
velocity row 38/120 IC 582/599 x0=0.790758 velocity_parameter=-0.355667 elapsed=8.72458s written=0
  crossing 0/250
  stopped velocity row 38 IC 582 x0=0.790758 velocity_parameter=-0.355667 status=outer_limit: trajectory reached the configured outer_limit radius
velocity row 38/120 IC 592/599 x0=0.790765 velocity_parameter=-0.355667 elapsed=8.83423s written=0
  crossing 0/250
  stopped velocity row 38 IC 592 x0=0.790765 velocity_parameter=-0.355667 status=outer_limit: trajectory reached the configured outer_limit radius
velocity row 38/120 IC 599/599 x0=0.79077 velocity_parameter=-0.355667 elapsed=8.91059s written=0
  crossing 0/250
  stopped velocity row 38 IC 599 x0=0.79077 velocity_parameter=-0.355667 status=outer_limit: trajectory reached the configured outer_limit radius
velocity row 39/120 IC 582/599 x0=0.790758 velocity_parameter=-0.3395 elapsed=8.92227s written=0
  crossing 0/250
  stopped velocity row 39 IC 582 x0=0.790758 velocity_parameter=-0.3395 status=outer_limit: trajectory reached the configured outer_limit radius
velocity row 39/120 IC 592/599 x0=0.790765 velocity_parameter=-0.3395 elapsed=9.03228s written=0
  crossing 0/250
  stopped velocity row 39 IC 592 x0=0.790765 velocity_parameter=-0.3395 status=outer_limit: trajectory reached the configured outer_limit radius
velocity row 39/120 IC 599/599 x0=0.79077 velocity_parameter=-0.3395 elapsed=9.11259s written=0
  crossing 0/250
  stopped velocity row 39 IC 599 x0=0.79077 velocity_parameter=-0.3395 status=outer_limit: trajectory reached the configured outer_limit radius
velocity row 40/120 IC 582/599 x0=0.790758 velocity_parameter=-0.323333 elapsed=9.12353s written=0
  crossing 0/250
  stopped velocity row 40 IC 582 x0=0.790758 velocity_parameter=-0.323333 status=outer_limit: trajectory reached the configured outer_limit radius
velocity row 40/120 IC 592/599 x0=0.790765 velocity_parameter=-0.323333 elapsed=9.23237s written=0
  crossing 0/250
  stopped velocity row 40 IC 592 x0=0.790765 velocity_parameter=-0.323333 status=outer_limit: trajectory reached the configured outer_limit radius
velocity row 40/120 IC 599/599 x0=0.79077 velocity_parameter=-0.323333 elapsed=9.30936s written=0
  crossing 0/250
  stopped velocity row 40 IC 599 x0=0.79077 velocity_parameter=-0.323333 status=outer_limit: trajectory reached the configured outer_limit radius
velocity row 41/120 IC 582/599 x0=0.790758 velocity_parameter=-0.307167 elapsed=9.32087s written=0
  crossing 0/250
  stopped velocity row 41 IC 582 x0=0.790758 velocity_parameter=-0.307167 status=outer_limit: trajectory reached the configured outer_limit radius
velocity row 41/120 IC 592/599 x0=0.790765 velocity_parameter=-0.307167 elapsed=9.43254s written=0
  crossing 0/250
  stopped velocity row 41 IC 592 x0=0.790765 velocity_parameter=-0.307167 status=outer_limit: trajectory reached the configured outer_limit radius
velocity row 41/120 IC 599/599 x0=0.79077 velocity_parameter=-0.307167 elapsed=9.51085s written=0
  crossing 0/250
  stopped velocity row 41 IC 599 x0=0.79077 velocity_parameter=-0.307167 status=outer_limit: trajectory reached the configured outer_limit radius
velocity row 42/120 IC 582/599 x0=0.790758 velocity_parameter=-0.291 elapsed=9.52096s written=0
  crossing 0/250
  stopped velocity row 42 IC 582 x0=0.790758 velocity_parameter=-0.291 status=outer_limit: trajectory reached the configured outer_limit radius
velocity row 42/120 IC 592/599 x0=0.790765 velocity_parameter=-0.291 elapsed=9.62666s written=0
  crossing 0/250
  stopped velocity row 42 IC 592 x0=0.790765 velocity_parameter=-0.291 status=outer_limit: trajectory reached the configured outer_limit radius
velocity row 42/120 IC 599/599 x0=0.79077 velocity_parameter=-0.291 elapsed=9.70372s written=0
  crossing 0/250
  stopped velocity row 42 IC 599 x0=0.79077 velocity_parameter=-0.291 status=outer_limit: trajectory reached the configured outer_limit radius
velocity row 43/120 IC 582/599 x0=0.790758 velocity_parameter=-0.274833 elapsed=9.71406s written=0
  crossing 0/250
  stopped velocity row 43 IC 582 x0=0.790758 velocity_parameter=-0.274833 status=outer_limit: trajectory reached the configured outer_limit radius
velocity row 43/120 IC 592/599 x0=0.790765 velocity_parameter=-0.274833 elapsed=9.82101s written=0
  crossing 0/250
  stopped velocity row 43 IC 592 x0=0.790765 velocity_parameter=-0.274833 status=outer_limit: trajectory reached the configured outer_limit radius
velocity row 43/120 IC 599/599 x0=0.79077 velocity_parameter=-0.274833 elapsed=9.89204s written=0
  crossing 0/250
  stopped velocity row 43 IC 599 x0=0.79077 velocity_parameter=-0.274833 status=outer_limit: trajectory reached the configured outer_limit radius
velocity row 44/120 IC 582/599 x0=0.790758 velocity_parameter=-0.258667 elapsed=9.90183s written=0
  crossing 0/250
  stopped velocity row 44 IC 582 x0=0.790758 velocity_parameter=-0.258667 status=outer_limit: trajectory reached the configured outer_limit radius
velocity row 44/120 IC 592/599 x0=0.790765 velocity_parameter=-0.258667 elapsed=10.0115s written=0
  crossing 0/250
  stopped velocity row 44 IC 592 x0=0.790765 velocity_parameter=-0.258667 status=outer_limit: trajectory reached the configured outer_limit radius
velocity row 44/120 IC 599/599 x0=0.79077 velocity_parameter=-0.258667 elapsed=10.0843s written=0
  crossing 0/250
  stopped velocity row 44 IC 599 x0=0.79077 velocity_parameter=-0.258667 status=outer_limit: trajectory reached the configured outer_limit radius
velocity row 45/120 IC 582/599 x0=0.790758 velocity_parameter=-0.2425 elapsed=10.0945s written=0
  crossing 0/250
  stopped velocity row 45 IC 582 x0=0.790758 velocity_parameter=-0.2425 status=outer_limit: trajectory reached the configured outer_limit radius
velocity row 45/120 IC 592/599 x0=0.790765 velocity_parameter=-0.2425 elapsed=10.1989s written=0
  crossing 0/250
  stopped velocity row 45 IC 592 x0=0.790765 velocity_parameter=-0.2425 status=outer_limit: trajectory reached the configured outer_limit radius
velocity row 45/120 IC 599/599 x0=0.79077 velocity_parameter=-0.2425 elapsed=10.2659s written=0
  crossing 0/250
  stopped velocity row 45 IC 599 x0=0.79077 velocity_parameter=-0.2425 status=outer_limit: trajectory reached the configured outer_limit radius
velocity row 46/120 IC 582/599 x0=0.790758 velocity_parameter=-0.226333 elapsed=10.2774s written=0
  crossing 0/250
  stopped velocity row 46 IC 582 x0=0.790758 velocity_parameter=-0.226333 status=outer_limit: trajectory reached the configured outer_limit radius
velocity row 46/120 IC 592/599 x0=0.790765 velocity_parameter=-0.226333 elapsed=10.3839s written=0
  crossing 0/250
  stopped velocity row 46 IC 592 x0=0.790765 velocity_parameter=-0.226333 status=outer_limit: trajectory reached the configured outer_limit radius
velocity row 46/120 IC 599/599 x0=0.79077 velocity_parameter=-0.226333 elapsed=10.45s written=0
  crossing 0/250
  stopped velocity row 46 IC 599 x0=0.79077 velocity_parameter=-0.226333 status=outer_limit: trajectory reached the configured outer_limit radius
velocity row 47/120 IC 582/599 x0=0.790758 velocity_parameter=-0.210167 elapsed=10.4579s written=0
  crossing 0/250
  stopped velocity row 47 IC 582 x0=0.790758 velocity_parameter=-0.210167 status=outer_limit: trajectory reached the configured outer_limit radius
velocity row 47/120 IC 592/599 x0=0.790765 velocity_parameter=-0.210167 elapsed=10.5582s written=0
  crossing 0/250
  stopped velocity row 47 IC 592 x0=0.790765 velocity_parameter=-0.210167 status=outer_limit: trajectory reached the configured outer_limit radius
velocity row 47/120 IC 599/599 x0=0.79077 velocity_parameter=-0.210167 elapsed=10.6289s written=0
  crossing 0/250
  stopped velocity row 47 IC 599 x0=0.79077 velocity_parameter=-0.210167 status=outer_limit: trajectory reached the configured outer_limit radius
velocity row 48/120 IC 582/599 x0=0.790758 velocity_parameter=-0.194 elapsed=10.6405s written=0
  crossing 0/250
  stopped velocity row 48 IC 582 x0=0.790758 velocity_parameter=-0.194 status=outer_limit: trajectory reached the configured outer_limit radius
velocity row 48/120 IC 592/599 x0=0.790765 velocity_parameter=-0.194 elapsed=10.7356s written=0
  crossing 0/250
  stopped velocity row 48 IC 592 x0=0.790765 velocity_parameter=-0.194 status=outer_limit: trajectory reached the configured outer_limit radius
velocity row 48/120 IC 599/599 x0=0.79077 velocity_parameter=-0.194 elapsed=10.8085s written=0
  crossing 0/250
  stopped velocity row 48 IC 599 x0=0.79077 velocity_parameter=-0.194 status=outer_limit: trajectory reached the configured outer_limit radius
velocity row 49/120 IC 582/599 x0=0.790758 velocity_parameter=-0.177833 elapsed=10.8195s written=0
  crossing 0/250
  stopped velocity row 49 IC 582 x0=0.790758 velocity_parameter=-0.177833 status=outer_limit: trajectory reached the configured outer_limit radius
velocity row 49/120 IC 592/599 x0=0.790765 velocity_parameter=-0.177833 elapsed=10.9225s written=0
  crossing 0/250
  stopped velocity row 49 IC 592 x0=0.790765 velocity_parameter=-0.177833 status=outer_limit: trajectory reached the configured outer_limit radius
velocity row 49/120 IC 599/599 x0=0.79077 velocity_parameter=-0.177833 elapsed=10.9903s written=0
  crossing 0/250
  stopped velocity row 49 IC 599 x0=0.79077 velocity_parameter=-0.177833 status=outer_limit: trajectory reached the configured outer_limit radius
velocity row 50/120 IC 582/599 x0=0.790758 velocity_parameter=-0.161667 elapsed=11.0016s written=0
  crossing 0/250
  stopped velocity row 50 IC 582 x0=0.790758 velocity_parameter=-0.161667 status=outer_limit: trajectory reached the configured outer_limit radius
velocity row 50/120 IC 592/599 x0=0.790765 velocity_parameter=-0.161667 elapsed=11.107s written=0
  crossing 0/250
  stopped velocity row 50 IC 592 x0=0.790765 velocity_parameter=-0.161667 status=outer_limit: trajectory reached the configured outer_limit radius
velocity row 50/120 IC 599/599 x0=0.79077 velocity_parameter=-0.161667 elapsed=11.1903s written=0
  crossing 0/250
  stopped velocity row 50 IC 599 x0=0.79077 velocity_parameter=-0.161667 status=outer_limit: trajectory reached the configured outer_limit radius
velocity row 51/120 IC 582/599 x0=0.790758 velocity_parameter=-0.1455 elapsed=11.2013s written=0
  crossing 0/250
  stopped velocity row 51 IC 582 x0=0.790758 velocity_parameter=-0.1455 status=outer_limit: trajectory reached the configured outer_limit radius
velocity row 51/120 IC 592/599 x0=0.790765 velocity_parameter=-0.1455 elapsed=11.3046s written=0
  crossing 0/250
  stopped velocity row 51 IC 592 x0=0.790765 velocity_parameter=-0.1455 status=outer_limit: trajectory reached the configured outer_limit radius
velocity row 51/120 IC 599/599 x0=0.79077 velocity_parameter=-0.1455 elapsed=11.3777s written=0
  crossing 0/250
  stopped velocity row 51 IC 599 x0=0.79077 velocity_parameter=-0.1455 status=outer_limit: trajectory reached the configured outer_limit radius
velocity row 52/120 IC 582/599 x0=0.790758 velocity_parameter=-0.129333 elapsed=11.3882s written=0
  crossing 0/250
  stopped velocity row 52 IC 582 x0=0.790758 velocity_parameter=-0.129333 status=outer_limit: trajectory reached the configured outer_limit radius
velocity row 52/120 IC 592/599 x0=0.790765 velocity_parameter=-0.129333 elapsed=11.4875s written=0
  crossing 0/250
  stopped velocity row 52 IC 592 x0=0.790765 velocity_parameter=-0.129333 status=outer_limit: trajectory reached the configured outer_limit radius
velocity row 52/120 IC 599/599 x0=0.79077 velocity_parameter=-0.129333 elapsed=11.5634s written=0
  crossing 0/250
  stopped velocity row 52 IC 599 x0=0.79077 velocity_parameter=-0.129333 status=outer_limit: trajectory reached the configured outer_limit radius
velocity row 53/120 IC 582/599 x0=0.790758 velocity_parameter=-0.113167 elapsed=11.5734s written=0
  crossing 0/250
  stopped velocity row 53 IC 582 x0=0.790758 velocity_parameter=-0.113167 status=outer_limit: trajectory reached the configured outer_limit radius
velocity row 53/120 IC 592/599 x0=0.790765 velocity_parameter=-0.113167 elapsed=11.6732s written=0
  crossing 0/250
  stopped velocity row 53 IC 592 x0=0.790765 velocity_parameter=-0.113167 status=outer_limit: trajectory reached the configured outer_limit radius
velocity row 53/120 IC 599/599 x0=0.79077 velocity_parameter=-0.113167 elapsed=11.7517s written=0
  crossing 0/250
  stopped velocity row 53 IC 599 x0=0.79077 velocity_parameter=-0.113167 status=outer_limit: trajectory reached the configured outer_limit radius
velocity row 54/120 IC 582/599 x0=0.790758 velocity_parameter=-0.097 elapsed=11.7629s written=0
  crossing 0/250
  stopped velocity row 54 IC 582 x0=0.790758 velocity_parameter=-0.097 status=outer_limit: trajectory reached the configured outer_limit radius
velocity row 54/120 IC 592/599 x0=0.790765 velocity_parameter=-0.097 elapsed=11.8631s written=0
  crossing 0/250
  stopped velocity row 54 IC 592 x0=0.790765 velocity_parameter=-0.097 status=outer_limit: trajectory reached the configured outer_limit radius
velocity row 54/120 IC 599/599 x0=0.79077 velocity_parameter=-0.097 elapsed=11.9295s written=0
  crossing 0/250
  stopped velocity row 54 IC 599 x0=0.79077 velocity_parameter=-0.097 status=outer_limit: trajectory reached the configured outer_limit radius
velocity row 55/120 IC 582/599 x0=0.790758 velocity_parameter=-0.0808333 elapsed=11.9404s written=0
  crossing 0/250
  stopped velocity row 55 IC 582 x0=0.790758 velocity_parameter=-0.0808333 status=outer_limit: trajectory reached the configured outer_limit radius
velocity row 55/120 IC 592/599 x0=0.790765 velocity_parameter=-0.0808333 elapsed=12.0344s written=0
  crossing 0/250
  stopped velocity row 55 IC 592 x0=0.790765 velocity_parameter=-0.0808333 status=outer_limit: trajectory reached the configured outer_limit radius
velocity row 55/120 IC 599/599 x0=0.79077 velocity_parameter=-0.0808333 elapsed=12.1026s written=0
  crossing 0/250
  stopped velocity row 55 IC 599 x0=0.79077 velocity_parameter=-0.0808333 status=outer_limit: trajectory reached the configured outer_limit radius
velocity row 56/120 IC 582/599 x0=0.790758 velocity_parameter=-0.0646667 elapsed=12.1096s written=0
  crossing 0/250
  stopped velocity row 56 IC 582 x0=0.790758 velocity_parameter=-0.0646667 status=outer_limit: trajectory reached the configured outer_limit radius
velocity row 56/120 IC 592/599 x0=0.790765 velocity_parameter=-0.0646667 elapsed=12.2045s written=0
  crossing 0/250
  stopped velocity row 56 IC 592 x0=0.790765 velocity_parameter=-0.0646667 status=outer_limit: trajectory reached the configured outer_limit radius
velocity row 56/120 IC 599/599 x0=0.79077 velocity_parameter=-0.0646667 elapsed=12.2806s written=0
  crossing 0/250
  stopped velocity row 56 IC 599 x0=0.79077 velocity_parameter=-0.0646667 status=outer_limit: trajectory reached the configured outer_limit radius
velocity row 57/120 IC 582/599 x0=0.790758 velocity_parameter=-0.0485 elapsed=12.2912s written=0
  crossing 0/250
  stopped velocity row 57 IC 582 x0=0.790758 velocity_parameter=-0.0485 status=outer_limit: trajectory reached the configured outer_limit radius
velocity row 57/120 IC 592/599 x0=0.790765 velocity_parameter=-0.0485 elapsed=12.3923s written=0
  crossing 0/250
  stopped velocity row 57 IC 592 x0=0.790765 velocity_parameter=-0.0485 status=outer_limit: trajectory reached the configured outer_limit radius
velocity row 57/120 IC 599/599 x0=0.79077 velocity_parameter=-0.0485 elapsed=12.4651s written=0
  crossing 0/250
  stopped velocity row 57 IC 599 x0=0.79077 velocity_parameter=-0.0485 status=outer_limit: trajectory reached the configured outer_limit radius
velocity row 58/120 IC 582/599 x0=0.790758 velocity_parameter=-0.0323333 elapsed=12.4755s written=0
  crossing 0/250
  stopped velocity row 58 IC 582 x0=0.790758 velocity_parameter=-0.0323333 status=outer_limit: trajectory reached the configured outer_limit radius
velocity row 58/120 IC 592/599 x0=0.790765 velocity_parameter=-0.0323333 elapsed=12.5808s written=0
  crossing 0/250
  stopped velocity row 58 IC 592 x0=0.790765 velocity_parameter=-0.0323333 status=outer_limit: trajectory reached the configured outer_limit radius
velocity row 58/120 IC 599/599 x0=0.79077 velocity_parameter=-0.0323333 elapsed=12.6532s written=0
  crossing 0/250
  stopped velocity row 58 IC 599 x0=0.79077 velocity_parameter=-0.0323333 status=outer_limit: trajectory reached the configured outer_limit radius
velocity row 59/120 IC 582/599 x0=0.790758 velocity_parameter=-0.0161667 elapsed=12.664s written=0
  crossing 0/250
  stopped velocity row 59 IC 582 x0=0.790758 velocity_parameter=-0.0161667 status=outer_limit: trajectory reached the configured outer_limit radius
velocity row 59/120 IC 592/599 x0=0.790765 velocity_parameter=-0.0161667 elapsed=12.7611s written=0
  crossing 0/250
  stopped velocity row 59 IC 592 x0=0.790765 velocity_parameter=-0.0161667 status=outer_limit: trajectory reached the configured outer_limit radius
velocity row 59/120 IC 599/599 x0=0.79077 velocity_parameter=-0.0161667 elapsed=12.8352s written=0
  crossing 0/250
  stopped velocity row 59 IC 599 x0=0.79077 velocity_parameter=-0.0161667 status=outer_limit: trajectory reached the configured outer_limit radius
velocity row 60/120 IC 582/599 x0=0.790758 velocity_parameter=0 elapsed=12.8464s written=0
  crossing 0/250
  stopped velocity row 60 IC 582 x0=0.790758 velocity_parameter=0 status=outer_limit: trajectory reached the configured outer_limit radius
velocity row 60/120 IC 592/599 x0=0.790765 velocity_parameter=0 elapsed=12.9409s written=0
  crossing 0/250
  stopped velocity row 60 IC 592 x0=0.790765 velocity_parameter=0 status=outer_limit: trajectory reached the configured outer_limit radius
velocity row 60/120 IC 599/599 x0=0.79077 velocity_parameter=0 elapsed=13.0145s written=0
  crossing 0/250
  stopped velocity row 60 IC 599 x0=0.79077 velocity_parameter=0 status=outer_limit: trajectory reached the configured outer_limit radius
velocity row 61/120 IC 582/599 x0=0.790758 velocity_parameter=0.0161667 elapsed=13.0248s written=0
  crossing 0/250
  stopped velocity row 61 IC 582 x0=0.790758 velocity_parameter=0.0161667 status=outer_limit: trajectory reached the configured outer_limit radius
velocity row 61/120 IC 592/599 x0=0.790765 velocity_parameter=0.0161667 elapsed=13.1274s written=0
  crossing 0/250
  stopped velocity row 61 IC 592 x0=0.790765 velocity_parameter=0.0161667 status=outer_limit: trajectory reached the configured outer_limit radius
velocity row 61/120 IC 599/599 x0=0.79077 velocity_parameter=0.0161667 elapsed=13.1968s written=0
  crossing 0/250
  stopped velocity row 61 IC 599 x0=0.79077 velocity_parameter=0.0161667 status=outer_limit: trajectory reached the configured outer_limit radius
velocity row 62/120 IC 582/599 x0=0.790758 velocity_parameter=0.0323333 elapsed=13.2091s written=0
  crossing 0/250
  stopped velocity row 62 IC 582 x0=0.790758 velocity_parameter=0.0323333 status=outer_limit: trajectory reached the configured outer_limit radius
velocity row 62/120 IC 592/599 x0=0.790765 velocity_parameter=0.0323333 elapsed=13.3069s written=0
  crossing 0/250
  stopped velocity row 62 IC 592 x0=0.790765 velocity_parameter=0.0323333 status=outer_limit: trajectory reached the configured outer_limit radius
velocity row 62/120 IC 599/599 x0=0.79077 velocity_parameter=0.0323333 elapsed=13.3739s written=0
  crossing 0/250
  stopped velocity row 62 IC 599 x0=0.79077 velocity_parameter=0.0323333 status=outer_limit: trajectory reached the configured outer_limit radius
velocity row 63/120 IC 582/599 x0=0.790758 velocity_parameter=0.0485 elapsed=13.3813s written=0
  crossing 0/250
  stopped velocity row 63 IC 582 x0=0.790758 velocity_parameter=0.0485 status=outer_limit: trajectory reached the configured outer_limit radius
velocity row 63/120 IC 592/599 x0=0.790765 velocity_parameter=0.0485 elapsed=13.4841s written=0
  crossing 0/250
  stopped velocity row 63 IC 592 x0=0.790765 velocity_parameter=0.0485 status=outer_limit: trajectory reached the configured outer_limit radius
velocity row 63/120 IC 599/599 x0=0.79077 velocity_parameter=0.0485 elapsed=13.5583s written=0
  crossing 0/250
  stopped velocity row 63 IC 599 x0=0.79077 velocity_parameter=0.0485 status=outer_limit: trajectory reached the configured outer_limit radius
velocity row 64/120 IC 582/599 x0=0.790758 velocity_parameter=0.0646667 elapsed=13.5697s written=0
  crossing 0/250
  stopped velocity row 64 IC 582 x0=0.790758 velocity_parameter=0.0646667 status=outer_limit: trajectory reached the configured outer_limit radius
velocity row 64/120 IC 592/599 x0=0.790765 velocity_parameter=0.0646667 elapsed=13.6632s written=0
  crossing 0/250
  stopped velocity row 64 IC 592 x0=0.790765 velocity_parameter=0.0646667 status=outer_limit: trajectory reached the configured outer_limit radius
velocity row 64/120 IC 599/599 x0=0.79077 velocity_parameter=0.0646667 elapsed=13.7331s written=0
  crossing 0/250
  stopped velocity row 64 IC 599 x0=0.79077 velocity_parameter=0.0646667 status=outer_limit: trajectory reached the configured outer_limit radius
velocity row 65/120 IC 582/599 x0=0.790758 velocity_parameter=0.0808333 elapsed=13.744s written=0
  crossing 0/250
  stopped velocity row 65 IC 582 x0=0.790758 velocity_parameter=0.0808333 status=outer_limit: trajectory reached the configured outer_limit radius
velocity row 65/120 IC 592/599 x0=0.790765 velocity_parameter=0.0808333 elapsed=13.8568s written=0
  crossing 0/250
  stopped velocity row 65 IC 592 x0=0.790765 velocity_parameter=0.0808333 status=outer_limit: trajectory reached the configured outer_limit radius
velocity row 65/120 IC 599/599 x0=0.79077 velocity_parameter=0.0808333 elapsed=13.9273s written=0
  crossing 0/250
  stopped velocity row 65 IC 599 x0=0.79077 velocity_parameter=0.0808333 status=outer_limit: trajectory reached the configured outer_limit radius
velocity row 66/120 IC 582/599 x0=0.790758 velocity_parameter=0.097 elapsed=13.9368s written=0
  crossing 0/250
  stopped velocity row 66 IC 582 x0=0.790758 velocity_parameter=0.097 status=outer_limit: trajectory reached the configured outer_limit radius
velocity row 66/120 IC 592/599 x0=0.790765 velocity_parameter=0.097 elapsed=14.0407s written=0
  crossing 0/250
  stopped velocity row 66 IC 592 x0=0.790765 velocity_parameter=0.097 status=outer_limit: trajectory reached the configured outer_limit radius
velocity row 66/120 IC 599/599 x0=0.79077 velocity_parameter=0.097 elapsed=14.1139s written=0
  crossing 0/250
  stopped velocity row 66 IC 599 x0=0.79077 velocity_parameter=0.097 status=outer_limit: trajectory reached the configured outer_limit radius
velocity row 67/120 IC 582/599 x0=0.790758 velocity_parameter=0.113167 elapsed=14.1251s written=0
  crossing 0/250
  stopped velocity row 67 IC 582 x0=0.790758 velocity_parameter=0.113167 status=outer_limit: trajectory reached the configured outer_limit radius
velocity row 67/120 IC 592/599 x0=0.790765 velocity_parameter=0.113167 elapsed=14.229s written=0
  crossing 0/250
  stopped velocity row 67 IC 592 x0=0.790765 velocity_parameter=0.113167 status=outer_limit: trajectory reached the configured outer_limit radius
velocity row 67/120 IC 599/599 x0=0.79077 velocity_parameter=0.113167 elapsed=14.304s written=0
  crossing 0/250
  stopped velocity row 67 IC 599 x0=0.79077 velocity_parameter=0.113167 status=outer_limit: trajectory reached the configured outer_limit radius
velocity row 68/120 IC 582/599 x0=0.790758 velocity_parameter=0.129333 elapsed=14.3149s written=0
  crossing 0/250
  stopped velocity row 68 IC 582 x0=0.790758 velocity_parameter=0.129333 status=outer_limit: trajectory reached the configured outer_limit radius
velocity row 68/120 IC 592/599 x0=0.790765 velocity_parameter=0.129333 elapsed=14.4143s written=0
  crossing 0/250
  stopped velocity row 68 IC 592 x0=0.790765 velocity_parameter=0.129333 status=outer_limit: trajectory reached the configured outer_limit radius
velocity row 68/120 IC 599/599 x0=0.79077 velocity_parameter=0.129333 elapsed=14.4881s written=0
  crossing 0/250
  stopped velocity row 68 IC 599 x0=0.79077 velocity_parameter=0.129333 status=outer_limit: trajectory reached the configured outer_limit radius
velocity row 69/120 IC 582/599 x0=0.790758 velocity_parameter=0.1455 elapsed=14.4968s written=0
  crossing 0/250
  stopped velocity row 69 IC 582 x0=0.790758 velocity_parameter=0.1455 status=outer_limit: trajectory reached the configured outer_limit radius
velocity row 69/120 IC 592/599 x0=0.790765 velocity_parameter=0.1455 elapsed=14.5985s written=0
  crossing 0/250
  stopped velocity row 69 IC 592 x0=0.790765 velocity_parameter=0.1455 status=outer_limit: trajectory reached the configured outer_limit radius
velocity row 69/120 IC 599/599 x0=0.79077 velocity_parameter=0.1455 elapsed=14.6695s written=0
  crossing 0/250
  stopped velocity row 69 IC 599 x0=0.79077 velocity_parameter=0.1455 status=outer_limit: trajectory reached the configured outer_limit radius
velocity row 70/120 IC 582/599 x0=0.790758 velocity_parameter=0.161667 elapsed=14.6809s written=0
  crossing 0/250
  stopped velocity row 70 IC 582 x0=0.790758 velocity_parameter=0.161667 status=outer_limit: trajectory reached the configured outer_limit radius
velocity row 70/120 IC 592/599 x0=0.790765 velocity_parameter=0.161667 elapsed=14.7823s written=0
  crossing 0/250
  stopped velocity row 70 IC 592 x0=0.790765 velocity_parameter=0.161667 status=outer_limit: trajectory reached the configured outer_limit radius
velocity row 70/120 IC 599/599 x0=0.79077 velocity_parameter=0.161667 elapsed=14.8571s written=0
  crossing 0/250
  stopped velocity row 70 IC 599 x0=0.79077 velocity_parameter=0.161667 status=outer_limit: trajectory reached the configured outer_limit radius
velocity row 71/120 IC 582/599 x0=0.790758 velocity_parameter=0.177833 elapsed=14.8685s written=0
  crossing 0/250
  stopped velocity row 71 IC 582 x0=0.790758 velocity_parameter=0.177833 status=outer_limit: trajectory reached the configured outer_limit radius
velocity row 71/120 IC 592/599 x0=0.790765 velocity_parameter=0.177833 elapsed=14.9691s written=0
  crossing 0/250
  stopped velocity row 71 IC 592 x0=0.790765 velocity_parameter=0.177833 status=outer_limit: trajectory reached the configured outer_limit radius
velocity row 71/120 IC 599/599 x0=0.79077 velocity_parameter=0.177833 elapsed=15.0429s written=0
  crossing 0/250
  stopped velocity row 71 IC 599 x0=0.79077 velocity_parameter=0.177833 status=outer_limit: trajectory reached the configured outer_limit radius
velocity row 72/120 IC 582/599 x0=0.790758 velocity_parameter=0.194 elapsed=15.0522s written=0
  crossing 0/250
  stopped velocity row 72 IC 582 x0=0.790758 velocity_parameter=0.194 status=outer_limit: trajectory reached the configured outer_limit radius
velocity row 72/120 IC 592/599 x0=0.790765 velocity_parameter=0.194 elapsed=15.1591s written=0
  crossing 0/250
  stopped velocity row 72 IC 592 x0=0.790765 velocity_parameter=0.194 status=outer_limit: trajectory reached the configured outer_limit radius
velocity row 72/120 IC 599/599 x0=0.79077 velocity_parameter=0.194 elapsed=15.2318s written=0
  crossing 0/250
  stopped velocity row 72 IC 599 x0=0.79077 velocity_parameter=0.194 status=outer_limit: trajectory reached the configured outer_limit radius
velocity row 73/120 IC 582/599 x0=0.790758 velocity_parameter=0.210167 elapsed=15.2415s written=0
  crossing 0/250
  stopped velocity row 73 IC 582 x0=0.790758 velocity_parameter=0.210167 status=outer_limit: trajectory reached the configured outer_limit radius
velocity row 73/120 IC 592/599 x0=0.790765 velocity_parameter=0.210167 elapsed=15.3495s written=0
  crossing 0/250
  stopped velocity row 73 IC 592 x0=0.790765 velocity_parameter=0.210167 status=outer_limit: trajectory reached the configured outer_limit radius
velocity row 73/120 IC 599/599 x0=0.79077 velocity_parameter=0.210167 elapsed=15.4247s written=0
  crossing 0/250
  stopped velocity row 73 IC 599 x0=0.79077 velocity_parameter=0.210167 status=outer_limit: trajectory reached the configured outer_limit radius
velocity row 74/120 IC 582/599 x0=0.790758 velocity_parameter=0.226333 elapsed=15.4366s written=0
  crossing 0/250
  stopped velocity row 74 IC 582 x0=0.790758 velocity_parameter=0.226333 status=outer_limit: trajectory reached the configured outer_limit radius
velocity row 74/120 IC 592/599 x0=0.790765 velocity_parameter=0.226333 elapsed=15.5351s written=0
  crossing 0/250
  stopped velocity row 74 IC 592 x0=0.790765 velocity_parameter=0.226333 status=outer_limit: trajectory reached the configured outer_limit radius
velocity row 74/120 IC 599/599 x0=0.79077 velocity_parameter=0.226333 elapsed=15.6003s written=0
  crossing 0/250
  stopped velocity row 74 IC 599 x0=0.79077 velocity_parameter=0.226333 status=outer_limit: trajectory reached the configured outer_limit radius
velocity row 75/120 IC 582/599 x0=0.790758 velocity_parameter=0.2425 elapsed=15.6105s written=0
  crossing 0/250
  stopped velocity row 75 IC 582 x0=0.790758 velocity_parameter=0.2425 status=outer_limit: trajectory reached the configured outer_limit radius
velocity row 75/120 IC 592/599 x0=0.790765 velocity_parameter=0.2425 elapsed=15.7109s written=0
  crossing 0/250
  stopped velocity row 75 IC 592 x0=0.790765 velocity_parameter=0.2425 status=outer_limit: trajectory reached the configured outer_limit radius
velocity row 75/120 IC 599/599 x0=0.79077 velocity_parameter=0.2425 elapsed=15.7706s written=0
  crossing 0/250
  stopped velocity row 75 IC 599 x0=0.79077 velocity_parameter=0.2425 status=outer_limit: trajectory reached the configured outer_limit radius
velocity row 76/120 IC 582/599 x0=0.790758 velocity_parameter=0.258667 elapsed=15.7778s written=0
  crossing 0/250
  stopped velocity row 76 IC 582 x0=0.790758 velocity_parameter=0.258667 status=outer_limit: trajectory reached the configured outer_limit radius
velocity row 76/120 IC 592/599 x0=0.790765 velocity_parameter=0.258667 elapsed=15.8711s written=0
  crossing 0/250
  stopped velocity row 76 IC 592 x0=0.790765 velocity_parameter=0.258667 status=outer_limit: trajectory reached the configured outer_limit radius
velocity row 76/120 IC 599/599 x0=0.79077 velocity_parameter=0.258667 elapsed=15.9391s written=0
  crossing 0/250
  stopped velocity row 76 IC 599 x0=0.79077 velocity_parameter=0.258667 status=outer_limit: trajectory reached the configured outer_limit radius
velocity row 77/120 IC 582/599 x0=0.790758 velocity_parameter=0.274833 elapsed=15.95s written=0
  crossing 0/250
  stopped velocity row 77 IC 582 x0=0.790758 velocity_parameter=0.274833 status=outer_limit: trajectory reached the configured outer_limit radius
velocity row 77/120 IC 592/599 x0=0.790765 velocity_parameter=0.274833 elapsed=16.0555s written=0
  crossing 0/250
  stopped velocity row 77 IC 592 x0=0.790765 velocity_parameter=0.274833 status=outer_limit: trajectory reached the configured outer_limit radius
velocity row 77/120 IC 599/599 x0=0.79077 velocity_parameter=0.274833 elapsed=16.1242s written=0
  crossing 0/250
  stopped velocity row 77 IC 599 x0=0.79077 velocity_parameter=0.274833 status=outer_limit: trajectory reached the configured outer_limit radius
velocity row 78/120 IC 582/599 x0=0.790758 velocity_parameter=0.291 elapsed=16.1351s written=0
  crossing 0/250
  stopped velocity row 78 IC 582 x0=0.790758 velocity_parameter=0.291 status=outer_limit: trajectory reached the configured outer_limit radius
velocity row 78/120 IC 592/599 x0=0.790765 velocity_parameter=0.291 elapsed=16.2444s written=0
  crossing 0/250
  stopped velocity row 78 IC 592 x0=0.790765 velocity_parameter=0.291 status=outer_limit: trajectory reached the configured outer_limit radius
velocity row 78/120 IC 599/599 x0=0.79077 velocity_parameter=0.291 elapsed=16.3173s written=0
  crossing 0/250
  stopped velocity row 78 IC 599 x0=0.79077 velocity_parameter=0.291 status=outer_limit: trajectory reached the configured outer_limit radius
velocity row 79/120 IC 582/599 x0=0.790758 velocity_parameter=0.307167 elapsed=16.3264s written=0
  crossing 0/250
  stopped velocity row 79 IC 582 x0=0.790758 velocity_parameter=0.307167 status=outer_limit: trajectory reached the configured outer_limit radius
velocity row 79/120 IC 592/599 x0=0.790765 velocity_parameter=0.307167 elapsed=16.427s written=0
  crossing 0/250
  stopped velocity row 79 IC 592 x0=0.790765 velocity_parameter=0.307167 status=outer_limit: trajectory reached the configured outer_limit radius
velocity row 79/120 IC 599/599 x0=0.79077 velocity_parameter=0.307167 elapsed=16.4969s written=0
  crossing 0/250
  stopped velocity row 79 IC 599 x0=0.79077 velocity_parameter=0.307167 status=outer_limit: trajectory reached the configured outer_limit radius
velocity row 80/120 IC 582/599 x0=0.790758 velocity_parameter=0.323333 elapsed=16.5078s written=0
  crossing 0/250
  stopped velocity row 80 IC 582 x0=0.790758 velocity_parameter=0.323333 status=outer_limit: trajectory reached the configured outer_limit radius
velocity row 80/120 IC 592/599 x0=0.790765 velocity_parameter=0.323333 elapsed=16.6078s written=0
  crossing 0/250
  stopped velocity row 80 IC 592 x0=0.790765 velocity_parameter=0.323333 status=outer_limit: trajectory reached the configured outer_limit radius
velocity row 80/120 IC 599/599 x0=0.79077 velocity_parameter=0.323333 elapsed=16.6766s written=0
  crossing 0/250
  stopped velocity row 80 IC 599 x0=0.79077 velocity_parameter=0.323333 status=outer_limit: trajectory reached the configured outer_limit radius
velocity row 81/120 IC 582/599 x0=0.790758 velocity_parameter=0.3395 elapsed=16.6868s written=0
  crossing 0/250
  stopped velocity row 81 IC 582 x0=0.790758 velocity_parameter=0.3395 status=outer_limit: trajectory reached the configured outer_limit radius
velocity row 81/120 IC 592/599 x0=0.790765 velocity_parameter=0.3395 elapsed=16.7855s written=0
  crossing 0/250
  stopped velocity row 81 IC 592 x0=0.790765 velocity_parameter=0.3395 status=outer_limit: trajectory reached the configured outer_limit radius
velocity row 81/120 IC 599/599 x0=0.79077 velocity_parameter=0.3395 elapsed=16.8579s written=0
  crossing 0/250
  stopped velocity row 81 IC 599 x0=0.79077 velocity_parameter=0.3395 status=outer_limit: trajectory reached the configured outer_limit radius
velocity row 82/120 IC 582/599 x0=0.790758 velocity_parameter=0.355667 elapsed=16.8696s written=0
  crossing 0/250
  stopped velocity row 82 IC 582 x0=0.790758 velocity_parameter=0.355667 status=outer_limit: trajectory reached the configured outer_limit radius
velocity row 82/120 IC 592/599 x0=0.790765 velocity_parameter=0.355667 elapsed=16.9699s written=0
  crossing 0/250
  stopped velocity row 82 IC 592 x0=0.790765 velocity_parameter=0.355667 status=outer_limit: trajectory reached the configured outer_limit radius
velocity row 82/120 IC 599/599 x0=0.79077 velocity_parameter=0.355667 elapsed=17.0368s written=0
  crossing 0/250
  stopped velocity row 82 IC 599 x0=0.79077 velocity_parameter=0.355667 status=outer_limit: trajectory reached the configured outer_limit radius
velocity row 83/120 IC 582/599 x0=0.790758 velocity_parameter=0.371833 elapsed=17.0464s written=0
  crossing 0/250
  stopped velocity row 83 IC 582 x0=0.790758 velocity_parameter=0.371833 status=outer_limit: trajectory reached the configured outer_limit radius
velocity row 83/120 IC 592/599 x0=0.790765 velocity_parameter=0.371833 elapsed=17.1494s written=0
  crossing 0/250
  stopped velocity row 83 IC 592 x0=0.790765 velocity_parameter=0.371833 status=outer_limit: trajectory reached the configured outer_limit radius
velocity row 83/120 IC 599/599 x0=0.79077 velocity_parameter=0.371833 elapsed=17.2183s written=0
  crossing 0/250
  stopped velocity row 83 IC 599 x0=0.79077 velocity_parameter=0.371833 status=outer_limit: trajectory reached the configured outer_limit radius
velocity row 84/120 IC 582/599 x0=0.790758 velocity_parameter=0.388 elapsed=17.23s written=0
  crossing 0/250
  stopped velocity row 84 IC 582 x0=0.790758 velocity_parameter=0.388 status=outer_limit: trajectory reached the configured outer_limit radius
velocity row 84/120 IC 592/599 x0=0.790765 velocity_parameter=0.388 elapsed=17.3253s written=0
  crossing 0/250
  stopped velocity row 84 IC 592 x0=0.790765 velocity_parameter=0.388 status=outer_limit: trajectory reached the configured outer_limit radius
velocity row 84/120 IC 599/599 x0=0.79077 velocity_parameter=0.388 elapsed=17.4012s written=0
  crossing 0/250
  stopped velocity row 84 IC 599 x0=0.79077 velocity_parameter=0.388 status=outer_limit: trajectory reached the configured outer_limit radius
velocity row 85/120 IC 582/599 x0=0.790758 velocity_parameter=0.404167 elapsed=17.4122s written=0
  crossing 0/250
  stopped velocity row 85 IC 582 x0=0.790758 velocity_parameter=0.404167 status=outer_limit: trajectory reached the configured outer_limit radius
velocity row 85/120 IC 592/599 x0=0.790765 velocity_parameter=0.404167 elapsed=17.5043s written=0
  crossing 0/250
  stopped velocity row 85 IC 592 x0=0.790765 velocity_parameter=0.404167 status=outer_limit: trajectory reached the configured outer_limit radius
velocity row 85/120 IC 599/599 x0=0.79077 velocity_parameter=0.404167 elapsed=17.5781s written=0
  crossing 0/250
  stopped velocity row 85 IC 599 x0=0.79077 velocity_parameter=0.404167 status=outer_limit: trajectory reached the configured outer_limit radius
velocity row 86/120 IC 582/599 x0=0.790758 velocity_parameter=0.420333 elapsed=17.5911s written=0
  crossing 0/250
  stopped velocity row 86 IC 582 x0=0.790758 velocity_parameter=0.420333 status=outer_limit: trajectory reached the configured outer_limit radius
velocity row 86/120 IC 592/599 x0=0.790765 velocity_parameter=0.420333 elapsed=17.6936s written=0
  crossing 0/250
  stopped velocity row 86 IC 592 x0=0.790765 velocity_parameter=0.420333 status=outer_limit: trajectory reached the configured outer_limit radius
velocity row 86/120 IC 599/599 x0=0.79077 velocity_parameter=0.420333 elapsed=17.7627s written=0
  crossing 0/250
  stopped velocity row 86 IC 599 x0=0.79077 velocity_parameter=0.420333 status=outer_limit: trajectory reached the configured outer_limit radius
velocity row 87/120 IC 582/599 x0=0.790758 velocity_parameter=0.4365 elapsed=17.774s written=0
  crossing 0/250
  stopped velocity row 87 IC 582 x0=0.790758 velocity_parameter=0.4365 status=outer_limit: trajectory reached the configured outer_limit radius
velocity row 87/120 IC 592/599 x0=0.790765 velocity_parameter=0.4365 elapsed=17.8809s written=0
  crossing 0/250
  stopped velocity row 87 IC 592 x0=0.790765 velocity_parameter=0.4365 status=outer_limit: trajectory reached the configured outer_limit radius
velocity row 87/120 IC 599/599 x0=0.79077 velocity_parameter=0.4365 elapsed=17.9452s written=0
  crossing 0/250
  stopped velocity row 87 IC 599 x0=0.79077 velocity_parameter=0.4365 status=outer_limit: trajectory reached the configured outer_limit radius
velocity row 88/120 IC 582/599 x0=0.790758 velocity_parameter=0.452667 elapsed=17.9556s written=0
  crossing 0/250
  stopped velocity row 88 IC 582 x0=0.790758 velocity_parameter=0.452667 status=outer_limit: trajectory reached the configured outer_limit radius
velocity row 88/120 IC 592/599 x0=0.790765 velocity_parameter=0.452667 elapsed=18.0524s written=0
  crossing 0/250
  stopped velocity row 88 IC 592 x0=0.790765 velocity_parameter=0.452667 status=outer_limit: trajectory reached the configured outer_limit radius
velocity row 88/120 IC 599/599 x0=0.79077 velocity_parameter=0.452667 elapsed=18.1159s written=0
  crossing 0/250
  stopped velocity row 88 IC 599 x0=0.79077 velocity_parameter=0.452667 status=outer_limit: trajectory reached the configured outer_limit radius
velocity row 89/120 IC 582/599 x0=0.790758 velocity_parameter=0.468833 elapsed=18.1231s written=0
  crossing 0/250
  stopped velocity row 89 IC 582 x0=0.790758 velocity_parameter=0.468833 status=outer_limit: trajectory reached the configured outer_limit radius
velocity row 89/120 IC 592/599 x0=0.790765 velocity_parameter=0.468833 elapsed=18.2235s written=0
  crossing 0/250
  stopped velocity row 89 IC 592 x0=0.790765 velocity_parameter=0.468833 status=outer_limit: trajectory reached the configured outer_limit radius
velocity row 89/120 IC 599/599 x0=0.79077 velocity_parameter=0.468833 elapsed=18.2897s written=0
  crossing 0/250
  stopped velocity row 89 IC 599 x0=0.79077 velocity_parameter=0.468833 status=outer_limit: trajectory reached the configured outer_limit radius
velocity row 90/120 IC 582/599 x0=0.790758 velocity_parameter=0.485 elapsed=18.3006s written=0
  crossing 0/250
  stopped velocity row 90 IC 582 x0=0.790758 velocity_parameter=0.485 status=outer_limit: trajectory reached the configured outer_limit radius
velocity row 90/120 IC 592/599 x0=0.790765 velocity_parameter=0.485 elapsed=18.4024s written=0
  crossing 0/250
  stopped velocity row 90 IC 592 x0=0.790765 velocity_parameter=0.485 status=outer_limit: trajectory reached the configured outer_limit radius
velocity row 90/120 IC 599/599 x0=0.79077 velocity_parameter=0.485 elapsed=18.4736s written=0
  crossing 0/250
  stopped velocity row 90 IC 599 x0=0.79077 velocity_parameter=0.485 status=outer_limit: trajectory reached the configured outer_limit radius
velocity row 91/120 IC 582/599 x0=0.790758 velocity_parameter=0.501167 elapsed=18.4824s written=0
  crossing 0/250
  stopped velocity row 91 IC 582 x0=0.790758 velocity_parameter=0.501167 status=outer_limit: trajectory reached the configured outer_limit radius
velocity row 91/120 IC 592/599 x0=0.790765 velocity_parameter=0.501167 elapsed=18.5861s written=0
  crossing 0/250
  stopped velocity row 91 IC 592 x0=0.790765 velocity_parameter=0.501167 status=outer_limit: trajectory reached the configured outer_limit radius
velocity row 91/120 IC 599/599 x0=0.79077 velocity_parameter=0.501167 elapsed=18.6565s written=0
  crossing 0/250
  stopped velocity row 91 IC 599 x0=0.79077 velocity_parameter=0.501167 status=outer_limit: trajectory reached the configured outer_limit radius
velocity row 92/120 IC 582/599 x0=0.790758 velocity_parameter=0.517333 elapsed=18.6666s written=0
  crossing 0/250
  stopped velocity row 92 IC 582 x0=0.790758 velocity_parameter=0.517333 status=outer_limit: trajectory reached the configured outer_limit radius
velocity row 92/120 IC 592/599 x0=0.790765 velocity_parameter=0.517333 elapsed=18.7647s written=0
  crossing 0/250
  stopped velocity row 92 IC 592 x0=0.790765 velocity_parameter=0.517333 status=outer_limit: trajectory reached the configured outer_limit radius
velocity row 92/120 IC 599/599 x0=0.79077 velocity_parameter=0.517333 elapsed=18.8369s written=0
  crossing 0/250
  stopped velocity row 92 IC 599 x0=0.79077 velocity_parameter=0.517333 status=outer_limit: trajectory reached the configured outer_limit radius
velocity row 93/120 IC 582/599 x0=0.790758 velocity_parameter=0.5335 elapsed=18.848s written=0
  crossing 0/250
  stopped velocity row 93 IC 582 x0=0.790758 velocity_parameter=0.5335 status=outer_limit: trajectory reached the configured outer_limit radius
velocity row 93/120 IC 592/599 x0=0.790765 velocity_parameter=0.5335 elapsed=18.947s written=0
  crossing 0/250
  stopped velocity row 93 IC 592 x0=0.790765 velocity_parameter=0.5335 status=outer_limit: trajectory reached the configured outer_limit radius
velocity row 93/120 IC 599/599 x0=0.79077 velocity_parameter=0.5335 elapsed=19.0181s written=0
  crossing 0/250
  stopped velocity row 93 IC 599 x0=0.79077 velocity_parameter=0.5335 status=outer_limit: trajectory reached the configured outer_limit radius
velocity row 94/120 IC 582/599 x0=0.790758 velocity_parameter=0.549667 elapsed=19.0275s written=0
  crossing 0/250
  stopped velocity row 94 IC 582 x0=0.790758 velocity_parameter=0.549667 status=outer_limit: trajectory reached the configured outer_limit radius
velocity row 94/120 IC 592/599 x0=0.790765 velocity_parameter=0.549667 elapsed=19.1278s written=0
  crossing 0/250
  stopped velocity row 94 IC 592 x0=0.790765 velocity_parameter=0.549667 status=outer_limit: trajectory reached the configured outer_limit radius
velocity row 94/120 IC 599/599 x0=0.79077 velocity_parameter=0.549667 elapsed=19.2013s written=0
  crossing 0/250
  stopped velocity row 94 IC 599 x0=0.79077 velocity_parameter=0.549667 status=outer_limit: trajectory reached the configured outer_limit radius
velocity row 95/120 IC 582/599 x0=0.790758 velocity_parameter=0.565833 elapsed=19.2121s written=0
  crossing 0/250
  stopped velocity row 95 IC 582 x0=0.790758 velocity_parameter=0.565833 status=outer_limit: trajectory reached the configured outer_limit radius
velocity row 95/120 IC 592/599 x0=0.790765 velocity_parameter=0.565833 elapsed=19.3151s written=0
  crossing 0/250
  stopped velocity row 95 IC 592 x0=0.790765 velocity_parameter=0.565833 status=outer_limit: trajectory reached the configured outer_limit radius
velocity row 95/120 IC 599/599 x0=0.79077 velocity_parameter=0.565833 elapsed=19.3848s written=0
  crossing 0/250
  stopped velocity row 95 IC 599 x0=0.79077 velocity_parameter=0.565833 status=outer_limit: trajectory reached the configured outer_limit radius
velocity row 96/120 IC 582/599 x0=0.790758 velocity_parameter=0.582 elapsed=19.3949s written=0
  crossing 0/250
  stopped velocity row 96 IC 582 x0=0.790758 velocity_parameter=0.582 status=outer_limit: trajectory reached the configured outer_limit radius
velocity row 96/120 IC 592/599 x0=0.790765 velocity_parameter=0.582 elapsed=19.4843s written=0
  crossing 0/250
  stopped velocity row 96 IC 592 x0=0.790765 velocity_parameter=0.582 status=outer_limit: trajectory reached the configured outer_limit radius
velocity row 96/120 IC 599/599 x0=0.79077 velocity_parameter=0.582 elapsed=19.5519s written=0
  crossing 0/250
  stopped velocity row 96 IC 599 x0=0.79077 velocity_parameter=0.582 status=outer_limit: trajectory reached the configured outer_limit radius
velocity row 97/120 IC 582/599 x0=0.790758 velocity_parameter=0.598167 elapsed=19.5603s written=0
  crossing 0/250
  stopped velocity row 97 IC 582 x0=0.790758 velocity_parameter=0.598167 status=outer_limit: trajectory reached the configured outer_limit radius
velocity row 97/120 IC 592/599 x0=0.790765 velocity_parameter=0.598167 elapsed=19.6635s written=0
  crossing 0/250
  stopped velocity row 97 IC 592 x0=0.790765 velocity_parameter=0.598167 status=outer_limit: trajectory reached the configured outer_limit radius
velocity row 97/120 IC 599/599 x0=0.79077 velocity_parameter=0.598167 elapsed=19.7347s written=0
  crossing 0/250
  stopped velocity row 97 IC 599 x0=0.79077 velocity_parameter=0.598167 status=outer_limit: trajectory reached the configured outer_limit radius
velocity row 98/120 IC 582/599 x0=0.790758 velocity_parameter=0.614333 elapsed=19.7455s written=0
  crossing 0/250
  stopped velocity row 98 IC 582 x0=0.790758 velocity_parameter=0.614333 status=outer_limit: trajectory reached the configured outer_limit radius
velocity row 98/120 IC 592/599 x0=0.790765 velocity_parameter=0.614333 elapsed=19.845s written=0
  crossing 0/250
  stopped velocity row 98 IC 592 x0=0.790765 velocity_parameter=0.614333 status=outer_limit: trajectory reached the configured outer_limit radius
velocity row 98/120 IC 599/599 x0=0.79077 velocity_parameter=0.614333 elapsed=19.9159s written=0
  crossing 0/250
  stopped velocity row 98 IC 599 x0=0.79077 velocity_parameter=0.614333 status=outer_limit: trajectory reached the configured outer_limit radius
velocity row 99/120 IC 582/599 x0=0.790758 velocity_parameter=0.6305 elapsed=19.9261s written=0
  crossing 0/250
  stopped velocity row 99 IC 582 x0=0.790758 velocity_parameter=0.6305 status=outer_limit: trajectory reached the configured outer_limit radius
velocity row 99/120 IC 592/599 x0=0.790765 velocity_parameter=0.6305 elapsed=20.0271s written=0
  crossing 0/250
  stopped velocity row 99 IC 592 x0=0.790765 velocity_parameter=0.6305 status=outer_limit: trajectory reached the configured outer_limit radius
velocity row 99/120 IC 599/599 x0=0.79077 velocity_parameter=0.6305 elapsed=20.0972s written=0
  crossing 0/250
  stopped velocity row 99 IC 599 x0=0.79077 velocity_parameter=0.6305 status=outer_limit: trajectory reached the configured outer_limit radius
velocity row 100/120 IC 582/599 x0=0.790758 velocity_parameter=0.646667 elapsed=20.1077s written=0
  crossing 0/250
  stopped velocity row 100 IC 582 x0=0.790758 velocity_parameter=0.646667 status=outer_limit: trajectory reached the configured outer_limit radius
velocity row 100/120 IC 592/599 x0=0.790765 velocity_parameter=0.646667 elapsed=20.2085s written=0
  crossing 0/250
  stopped velocity row 100 IC 592 x0=0.790765 velocity_parameter=0.646667 status=outer_limit: trajectory reached the configured outer_limit radius
velocity row 100/120 IC 599/599 x0=0.79077 velocity_parameter=0.646667 elapsed=20.2778s written=0
  crossing 0/250
  stopped velocity row 100 IC 599 x0=0.79077 velocity_parameter=0.646667 status=outer_limit: trajectory reached the configured outer_limit radius
velocity row 101/120 IC 582/599 x0=0.790758 velocity_parameter=0.662833 elapsed=20.289s written=0
  crossing 0/250
  stopped velocity row 101 IC 582 x0=0.790758 velocity_parameter=0.662833 status=outer_limit: trajectory reached the configured outer_limit radius
velocity row 101/120 IC 592/599 x0=0.790765 velocity_parameter=0.662833 elapsed=20.3915s written=0
  crossing 0/250
  stopped velocity row 101 IC 592 x0=0.790765 velocity_parameter=0.662833 status=outer_limit: trajectory reached the configured outer_limit radius
velocity row 101/120 IC 599/599 x0=0.79077 velocity_parameter=0.662833 elapsed=20.4686s written=0
  crossing 0/250
  stopped velocity row 101 IC 599 x0=0.79077 velocity_parameter=0.662833 status=outer_limit: trajectory reached the configured outer_limit radius
velocity row 102/120 IC 582/599 x0=0.790758 velocity_parameter=0.679 elapsed=20.4801s written=0
  crossing 0/250
  stopped velocity row 102 IC 582 x0=0.790758 velocity_parameter=0.679 status=outer_limit: trajectory reached the configured outer_limit radius
velocity row 102/120 IC 592/599 x0=0.790765 velocity_parameter=0.679 elapsed=20.5731s written=0
  crossing 0/250
  stopped velocity row 102 IC 592 x0=0.790765 velocity_parameter=0.679 status=outer_limit: trajectory reached the configured outer_limit radius
velocity row 102/120 IC 599/599 x0=0.79077 velocity_parameter=0.679 elapsed=20.6409s written=0
  crossing 0/250
  stopped velocity row 102 IC 599 x0=0.79077 velocity_parameter=0.679 status=outer_limit: trajectory reached the configured outer_limit radius
velocity row 103/120 IC 582/599 x0=0.790758 velocity_parameter=0.695167 elapsed=20.6516s written=0
  crossing 0/250
  stopped velocity row 103 IC 582 x0=0.790758 velocity_parameter=0.695167 status=outer_limit: trajectory reached the configured outer_limit radius
velocity row 103/120 IC 592/599 x0=0.790765 velocity_parameter=0.695167 elapsed=20.7525s written=0
  crossing 0/250
  stopped velocity row 103 IC 592 x0=0.790765 velocity_parameter=0.695167 status=outer_limit: trajectory reached the configured outer_limit radius
velocity row 103/120 IC 599/599 x0=0.79077 velocity_parameter=0.695167 elapsed=20.8197s written=0
  crossing 0/250
  stopped velocity row 103 IC 599 x0=0.79077 velocity_parameter=0.695167 status=outer_limit: trajectory reached the configured outer_limit radius
velocity row 104/120 IC 582/599 x0=0.790758 velocity_parameter=0.711333 elapsed=20.8297s written=0
  crossing 0/250
  stopped velocity row 104 IC 582 x0=0.790758 velocity_parameter=0.711333 status=outer_limit: trajectory reached the configured outer_limit radius
velocity row 104/120 IC 592/599 x0=0.790765 velocity_parameter=0.711333 elapsed=20.9289s written=0
  crossing 0/250
  stopped velocity row 104 IC 592 x0=0.790765 velocity_parameter=0.711333 status=outer_limit: trajectory reached the configured outer_limit radius
velocity row 104/120 IC 599/599 x0=0.79077 velocity_parameter=0.711333 elapsed=20.9942s written=0
  crossing 0/250
  stopped velocity row 104 IC 599 x0=0.79077 velocity_parameter=0.711333 status=outer_limit: trajectory reached the configured outer_limit radius
velocity row 105/120 IC 582/599 x0=0.790758 velocity_parameter=0.7275 elapsed=21.0012s written=0
  crossing 0/250
  stopped velocity row 105 IC 582 x0=0.790758 velocity_parameter=0.7275 status=outer_limit: trajectory reached the configured outer_limit radius
velocity row 105/120 IC 592/599 x0=0.790765 velocity_parameter=0.7275 elapsed=21.0927s written=0
  crossing 0/250
  stopped velocity row 105 IC 592 x0=0.790765 velocity_parameter=0.7275 status=outer_limit: trajectory reached the configured outer_limit radius
velocity row 105/120 IC 599/599 x0=0.79077 velocity_parameter=0.7275 elapsed=21.1634s written=0
  crossing 0/250
  stopped velocity row 105 IC 599 x0=0.79077 velocity_parameter=0.7275 status=outer_limit: trajectory reached the configured outer_limit radius
velocity row 106/120 IC 582/599 x0=0.790758 velocity_parameter=0.743667 elapsed=21.1746s written=0
  crossing 0/250
  stopped velocity row 106 IC 582 x0=0.790758 velocity_parameter=0.743667 status=outer_limit: trajectory reached the configured outer_limit radius
velocity row 106/120 IC 592/599 x0=0.790765 velocity_parameter=0.743667 elapsed=21.2716s written=0
  crossing 0/250
  stopped velocity row 106 IC 592 x0=0.790765 velocity_parameter=0.743667 status=outer_limit: trajectory reached the configured outer_limit radius
velocity row 106/120 IC 599/599 x0=0.79077 velocity_parameter=0.743667 elapsed=21.3399s written=0
  crossing 0/250
  stopped velocity row 106 IC 599 x0=0.79077 velocity_parameter=0.743667 status=outer_limit: trajectory reached the configured outer_limit radius
velocity row 107/120 IC 582/599 x0=0.790758 velocity_parameter=0.759833 elapsed=21.35s written=0
  crossing 0/250
  stopped velocity row 107 IC 582 x0=0.790758 velocity_parameter=0.759833 status=outer_limit: trajectory reached the configured outer_limit radius
velocity row 107/120 IC 592/599 x0=0.790765 velocity_parameter=0.759833 elapsed=21.4516s written=0
  crossing 0/250
  stopped velocity row 107 IC 592 x0=0.790765 velocity_parameter=0.759833 status=outer_limit: trajectory reached the configured outer_limit radius
velocity row 107/120 IC 599/599 x0=0.79077 velocity_parameter=0.759833 elapsed=21.5201s written=0
  crossing 0/250
  stopped velocity row 107 IC 599 x0=0.79077 velocity_parameter=0.759833 status=outer_limit: trajectory reached the configured outer_limit radius
velocity row 108/120 IC 582/599 x0=0.790758 velocity_parameter=0.776 elapsed=21.5303s written=0
  crossing 0/250
  stopped velocity row 108 IC 582 x0=0.790758 velocity_parameter=0.776 status=outer_limit: trajectory reached the configured outer_limit radius
velocity row 108/120 IC 592/599 x0=0.790765 velocity_parameter=0.776 elapsed=21.6316s written=0
  crossing 0/250
  stopped velocity row 108 IC 592 x0=0.790765 velocity_parameter=0.776 status=outer_limit: trajectory reached the configured outer_limit radius
velocity row 108/120 IC 599/599 x0=0.79077 velocity_parameter=0.776 elapsed=21.7053s written=0
  crossing 0/250
  stopped velocity row 108 IC 599 x0=0.79077 velocity_parameter=0.776 status=outer_limit: trajectory reached the configured outer_limit radius
velocity row 109/120 IC 582/599 x0=0.790758 velocity_parameter=0.792167 elapsed=21.7159s written=0
  crossing 0/250
  stopped velocity row 109 IC 582 x0=0.790758 velocity_parameter=0.792167 status=outer_limit: trajectory reached the configured outer_limit radius
velocity row 109/120 IC 592/599 x0=0.790765 velocity_parameter=0.792167 elapsed=21.8177s written=0
  crossing 0/250
  stopped velocity row 109 IC 592 x0=0.790765 velocity_parameter=0.792167 status=outer_limit: trajectory reached the configured outer_limit radius
velocity row 109/120 IC 599/599 x0=0.79077 velocity_parameter=0.792167 elapsed=21.8872s written=0
  crossing 0/250
  stopped velocity row 109 IC 599 x0=0.79077 velocity_parameter=0.792167 status=outer_limit: trajectory reached the configured outer_limit radius
velocity row 110/120 IC 582/599 x0=0.790758 velocity_parameter=0.808333 elapsed=21.896s written=0
  crossing 0/250
  stopped velocity row 110 IC 582 x0=0.790758 velocity_parameter=0.808333 status=outer_limit: trajectory reached the configured outer_limit radius
velocity row 110/120 IC 592/599 x0=0.790765 velocity_parameter=0.808333 elapsed=22.0011s written=0
  crossing 0/250
  stopped velocity row 110 IC 592 x0=0.790765 velocity_parameter=0.808333 status=outer_limit: trajectory reached the configured outer_limit radius
velocity row 110/120 IC 599/599 x0=0.79077 velocity_parameter=0.808333 elapsed=22.075s written=0
  crossing 0/250
  stopped velocity row 110 IC 599 x0=0.79077 velocity_parameter=0.808333 status=outer_limit: trajectory reached the configured outer_limit radius
velocity row 111/120 IC 582/599 x0=0.790758 velocity_parameter=0.8245 elapsed=22.0828s written=0
  crossing 0/250
  stopped velocity row 111 IC 582 x0=0.790758 velocity_parameter=0.8245 status=outer_limit: trajectory reached the configured outer_limit radius
velocity row 111/120 IC 592/599 x0=0.790765 velocity_parameter=0.8245 elapsed=22.1817s written=0
  crossing 0/250
  stopped velocity row 111 IC 592 x0=0.790765 velocity_parameter=0.8245 status=outer_limit: trajectory reached the configured outer_limit radius
velocity row 111/120 IC 599/599 x0=0.79077 velocity_parameter=0.8245 elapsed=22.2491s written=0
  crossing 0/250
  stopped velocity row 111 IC 599 x0=0.79077 velocity_parameter=0.8245 status=outer_limit: trajectory reached the configured outer_limit radius
velocity row 112/120 IC 582/599 x0=0.790758 velocity_parameter=0.840667 elapsed=22.2595s written=0
  crossing 0/250
  stopped velocity row 112 IC 582 x0=0.790758 velocity_parameter=0.840667 status=outer_limit: trajectory reached the configured outer_limit radius
velocity row 112/120 IC 592/599 x0=0.790765 velocity_parameter=0.840667 elapsed=22.3634s written=0
  crossing 0/250
  stopped velocity row 112 IC 592 x0=0.790765 velocity_parameter=0.840667 status=outer_limit: trajectory reached the configured outer_limit radius
velocity row 112/120 IC 599/599 x0=0.79077 velocity_parameter=0.840667 elapsed=22.4344s written=0
  crossing 0/250
  stopped velocity row 112 IC 599 x0=0.79077 velocity_parameter=0.840667 status=outer_limit: trajectory reached the configured outer_limit radius
velocity row 113/120 IC 582/599 x0=0.790758 velocity_parameter=0.856833 elapsed=22.4449s written=0
  crossing 0/250
  stopped velocity row 113 IC 582 x0=0.790758 velocity_parameter=0.856833 status=outer_limit: trajectory reached the configured outer_limit radius
velocity row 113/120 IC 592/599 x0=0.790765 velocity_parameter=0.856833 elapsed=22.544s written=0
  crossing 0/250
  stopped velocity row 113 IC 592 x0=0.790765 velocity_parameter=0.856833 status=outer_limit: trajectory reached the configured outer_limit radius
velocity row 113/120 IC 599/599 x0=0.79077 velocity_parameter=0.856833 elapsed=22.6177s written=0
  crossing 0/250
  stopped velocity row 113 IC 599 x0=0.79077 velocity_parameter=0.856833 status=outer_limit: trajectory reached the configured outer_limit radius
velocity row 114/120 IC 582/599 x0=0.790758 velocity_parameter=0.873 elapsed=22.6287s written=0
  crossing 0/250
  stopped velocity row 114 IC 582 x0=0.790758 velocity_parameter=0.873 status=outer_limit: trajectory reached the configured outer_limit radius
velocity row 114/120 IC 592/599 x0=0.790765 velocity_parameter=0.873 elapsed=22.7305s written=0
  crossing 0/250
  stopped velocity row 114 IC 592 x0=0.790765 velocity_parameter=0.873 status=outer_limit: trajectory reached the configured outer_limit radius
velocity row 114/120 IC 599/599 x0=0.79077 velocity_parameter=0.873 elapsed=22.8032s written=0
  crossing 0/250
  stopped velocity row 114 IC 599 x0=0.79077 velocity_parameter=0.873 status=outer_limit: trajectory reached the configured outer_limit radius
velocity row 115/120 IC 582/599 x0=0.790758 velocity_parameter=0.889167 elapsed=22.8141s written=0
  crossing 0/250
  stopped velocity row 115 IC 582 x0=0.790758 velocity_parameter=0.889167 status=outer_limit: trajectory reached the configured outer_limit radius
velocity row 115/120 IC 592/599 x0=0.790765 velocity_parameter=0.889167 elapsed=22.9045s written=0
  crossing 0/250
  stopped velocity row 115 IC 592 x0=0.790765 velocity_parameter=0.889167 status=outer_limit: trajectory reached the configured outer_limit radius
velocity row 115/120 IC 599/599 x0=0.79077 velocity_parameter=0.889167 elapsed=22.9727s written=0
  crossing 0/250
  stopped velocity row 115 IC 599 x0=0.79077 velocity_parameter=0.889167 status=outer_limit: trajectory reached the configured outer_limit radius
velocity row 116/120 IC 582/599 x0=0.790758 velocity_parameter=0.905333 elapsed=22.984s written=0
  crossing 0/250
  stopped velocity row 116 IC 582 x0=0.790758 velocity_parameter=0.905333 status=outer_limit: trajectory reached the configured outer_limit radius
velocity row 116/120 IC 592/599 x0=0.790765 velocity_parameter=0.905333 elapsed=23.0987s written=0
  crossing 0/250
  stopped velocity row 116 IC 592 x0=0.790765 velocity_parameter=0.905333 status=outer_limit: trajectory reached the configured outer_limit radius
velocity row 116/120 IC 599/599 x0=0.79077 velocity_parameter=0.905333 elapsed=23.1638s written=0
  crossing 0/250
  stopped velocity row 116 IC 599 x0=0.79077 velocity_parameter=0.905333 status=outer_limit: trajectory reached the configured outer_limit radius
velocity row 117/120 IC 582/599 x0=0.790758 velocity_parameter=0.9215 elapsed=23.174s written=0
  crossing 0/250
  stopped velocity row 117 IC 582 x0=0.790758 velocity_parameter=0.9215 status=outer_limit: trajectory reached the configured outer_limit radius
velocity row 117/120 IC 592/599 x0=0.790765 velocity_parameter=0.9215 elapsed=23.2769s written=0
  crossing 0/250
  stopped velocity row 117 IC 592 x0=0.790765 velocity_parameter=0.9215 status=outer_limit: trajectory reached the configured outer_limit radius
velocity row 117/120 IC 599/599 x0=0.79077 velocity_parameter=0.9215 elapsed=23.347s written=0
  crossing 0/250
  stopped velocity row 117 IC 599 x0=0.79077 velocity_parameter=0.9215 status=outer_limit: trajectory reached the configured outer_limit radius
velocity row 118/120 IC 582/599 x0=0.790758 velocity_parameter=0.937667 elapsed=23.3571s written=0
  crossing 0/250
  stopped velocity row 118 IC 582 x0=0.790758 velocity_parameter=0.937667 status=outer_limit: trajectory reached the configured outer_limit radius
velocity row 118/120 IC 592/599 x0=0.790765 velocity_parameter=0.937667 elapsed=23.459s written=0
  crossing 0/250
  stopped velocity row 118 IC 592 x0=0.790765 velocity_parameter=0.937667 status=outer_limit: trajectory reached the configured outer_limit radius
velocity row 118/120 IC 599/599 x0=0.79077 velocity_parameter=0.937667 elapsed=23.5264s written=0
  crossing 0/250
  stopped velocity row 118 IC 599 x0=0.79077 velocity_parameter=0.937667 status=outer_limit: trajectory reached the configured outer_limit radius
velocity row 119/120 IC 582/599 x0=0.790758 velocity_parameter=0.953833 elapsed=23.5371s written=0
  crossing 0/250
  stopped velocity row 119 IC 582 x0=0.790758 velocity_parameter=0.953833 status=outer_limit: trajectory reached the configured outer_limit radius
velocity row 119/120 IC 592/599 x0=0.790765 velocity_parameter=0.953833 elapsed=23.6308s written=0
  crossing 0/250
  stopped velocity row 119 IC 592 x0=0.790765 velocity_parameter=0.953833 status=outer_limit: trajectory reached the configured outer_limit radius
velocity row 119/120 IC 599/599 x0=0.79077 velocity_parameter=0.953833 elapsed=23.6966s written=0
  crossing 0/250
  stopped velocity row 119 IC 599 x0=0.79077 velocity_parameter=0.953833 status=outer_limit: trajectory reached the configured outer_limit radius
velocity row 120/120 IC 582/599 x0=0.790758 velocity_parameter=0.97 elapsed=23.7074s written=0
  crossing 0/250
  stopped velocity row 120 IC 582 x0=0.790758 velocity_parameter=0.97 status=outer_limit: trajectory reached the configured outer_limit radius
velocity row 120/120 IC 592/599 x0=0.790765 velocity_parameter=0.97 elapsed=23.804s written=0
  crossing 0/250
  stopped velocity row 120 IC 592 x0=0.790765 velocity_parameter=0.97 status=outer_limit: trajectory reached the configured outer_limit radius
velocity row 120/120 IC 599/599 x0=0.79077 velocity_parameter=0.97 elapsed=23.8757s written=0
  crossing 0/250
  stopped velocity row 120 IC 599 x0=0.79077 velocity_parameter=0.97 status=outer_limit: trajectory reached the configured outer_limit radius
metadata -> /mnt/c/Users/payne/Code/Hill_4BP/professional_neck_studies/e1_dense_001/survey/level_006_delta_1e_minus_8/closed/shard_0031/metadata.txt
wrote 0 points (0 ICs skipped, 2178 orbits stopped early, elapsed=23.8842s) -> /mnt/c/Users/payne/Code/Hill_4BP/professional_neck_studies/e1_dense_001/survey/level_006_delta_1e_minus_8/closed/shard_0031/points.csv
outcomes: collision=0 completed=0 forbidden=0 inner_radius_limit=0 invalid_initial_radius=0 invalid_velocity=0 nontransverse=0 numerical_failure=0 outer_limit=2178 timeout=0
maximum sampled |H-h|=4.49066e-16
