zero-velocity boundary -> /mnt/c/Users/payne/Code/Hill_4BP/professional_neck_studies/e1_dense_001/survey/level_001_delta_1e_minus_3/open/shard_0031/zero_velocity_boundary.csv
lambda1=0.0272549 lambda2=2.97275 A=-0.986373 B=0.486373 c=0.0976566 c1=0 c2=0 c3=-0.0976566 h=-2.39054 (C=4.78107)
E1/E2 neck h=-2.39154 (C=4.78307), E3/E4 neck h=-0.454039 (C=0.908078)
energy_mode=neck_delta neck=E1 hcrit=-2.39154 delta=0.001 side=open actual_neck_side=open delta_h=0.001
x_count=600 xdot_count=121 iterates=250 index range=[582,599] velocity_mode=fraction x_range=[0.722563,0.858546] max_return_time=100
smooth coordinates R=sqrt(rho), CAPD crossing mode=Both solver_order=28 max_step=0.005 abs_tol=1e-15 rel_tol=1e-13 collision_radius=1e-06 outer_radius=5
velocity row 0/120 IC 582/599 x0=0.854687 velocity_parameter=-0.97 elapsed=1.7e-07s written=0
  crossing 0/250
  stopped velocity row 0 IC 582 x0=0.854687 velocity_parameter=-0.97 status=outer_limit: trajectory reached the configured outer_limit radius
  stopped velocity row 0 IC 583 x0=0.854914 velocity_parameter=-0.97 status=outer_limit: trajectory reached the configured outer_limit radius
  stopped velocity row 0 IC 584 x0=0.855141 velocity_parameter=-0.97 status=outer_limit: trajectory reached the configured outer_limit radius
  stopped velocity row 0 IC 585 x0=0.855368 velocity_parameter=-0.97 status=outer_limit: trajectory reached the configured outer_limit radius
  stopped velocity row 0 IC 586 x0=0.855595 velocity_parameter=-0.97 status=outer_limit: trajectory reached the configured outer_limit radius
  stopped velocity row 0 IC 587 x0=0.855822 velocity_parameter=-0.97 status=outer_limit: trajectory reached the configured outer_limit radius
  stopped velocity row 0 IC 588 x0=0.856049 velocity_parameter=-0.97 status=outer_limit: trajectory reached the configured outer_limit radius
  stopped velocity row 0 IC 589 x0=0.856276 velocity_parameter=-0.97 status=outer_limit: trajectory reached the configured outer_limit radius
  stopped velocity row 0 IC 590 x0=0.856503 velocity_parameter=-0.97 status=outer_limit: trajectory reached the configured outer_limit radius
  stopped velocity row 0 IC 591 x0=0.85673 velocity_parameter=-0.97 status=outer_limit: trajectory reached the configured outer_limit radius
velocity row 0/120 IC 592/599 x0=0.856957 velocity_parameter=-0.97 elapsed=0.0659995s written=0
  crossing 0/250
  stopped velocity row 0 IC 592 x0=0.856957 velocity_parameter=-0.97 status=outer_limit: trajectory reached the configured outer_limit radius
velocity row 0/120 IC 599/599 x0=0.858546 velocity_parameter=-0.97 elapsed=0.107687s written=0
  crossing 0/250
  stopped velocity row 0 IC 599 x0=0.858546 velocity_parameter=-0.97 status=outer_limit: trajectory reached the configured outer_limit radius
velocity row 1/120 IC 582/599 x0=0.854687 velocity_parameter=-0.953833 elapsed=0.114432s written=0
  crossing 0/250
  stopped velocity row 1 IC 582 x0=0.854687 velocity_parameter=-0.953833 status=outer_limit: trajectory reached the configured outer_limit radius
velocity row 1/120 IC 592/599 x0=0.856957 velocity_parameter=-0.953833 elapsed=0.174274s written=0
  crossing 0/250
  stopped velocity row 1 IC 592 x0=0.856957 velocity_parameter=-0.953833 status=outer_limit: trajectory reached the configured outer_limit radius
velocity row 1/120 IC 599/599 x0=0.858546 velocity_parameter=-0.953833 elapsed=0.224479s written=0
  crossing 0/250
  stopped velocity row 1 IC 599 x0=0.858546 velocity_parameter=-0.953833 status=outer_limit: trajectory reached the configured outer_limit radius
velocity row 2/120 IC 582/599 x0=0.854687 velocity_parameter=-0.937667 elapsed=0.230774s written=0
  crossing 0/250
  stopped velocity row 2 IC 582 x0=0.854687 velocity_parameter=-0.937667 status=outer_limit: trajectory reached the configured outer_limit radius
velocity row 2/120 IC 592/599 x0=0.856957 velocity_parameter=-0.937667 elapsed=0.294082s written=0
  crossing 0/250
  stopped velocity row 2 IC 592 x0=0.856957 velocity_parameter=-0.937667 status=outer_limit: trajectory reached the configured outer_limit radius
velocity row 2/120 IC 599/599 x0=0.858546 velocity_parameter=-0.937667 elapsed=0.340589s written=0
  crossing 0/250
  stopped velocity row 2 IC 599 x0=0.858546 velocity_parameter=-0.937667 status=outer_limit: trajectory reached the configured outer_limit radius
velocity row 3/120 IC 582/599 x0=0.854687 velocity_parameter=-0.9215 elapsed=0.350782s written=0
  crossing 0/250
  stopped velocity row 3 IC 582 x0=0.854687 velocity_parameter=-0.9215 status=outer_limit: trajectory reached the configured outer_limit radius
velocity row 3/120 IC 592/599 x0=0.856957 velocity_parameter=-0.9215 elapsed=0.432891s written=0
  crossing 0/250
  stopped velocity row 3 IC 592 x0=0.856957 velocity_parameter=-0.9215 status=outer_limit: trajectory reached the configured outer_limit radius
velocity row 3/120 IC 599/599 x0=0.858546 velocity_parameter=-0.9215 elapsed=0.512847s written=0
  crossing 0/250
  stopped velocity row 3 IC 599 x0=0.858546 velocity_parameter=-0.9215 status=outer_limit: trajectory reached the configured outer_limit radius
velocity row 4/120 IC 582/599 x0=0.854687 velocity_parameter=-0.905333 elapsed=0.523227s written=0
  crossing 0/250
  stopped velocity row 4 IC 582 x0=0.854687 velocity_parameter=-0.905333 status=outer_limit: trajectory reached the configured outer_limit radius
velocity row 4/120 IC 592/599 x0=0.856957 velocity_parameter=-0.905333 elapsed=0.588606s written=0
  crossing 0/250
  stopped velocity row 4 IC 592 x0=0.856957 velocity_parameter=-0.905333 status=outer_limit: trajectory reached the configured outer_limit radius
velocity row 4/120 IC 599/599 x0=0.858546 velocity_parameter=-0.905333 elapsed=0.635092s written=0
  crossing 0/250
  stopped velocity row 4 IC 599 x0=0.858546 velocity_parameter=-0.905333 status=outer_limit: trajectory reached the configured outer_limit radius
velocity row 5/120 IC 582/599 x0=0.854687 velocity_parameter=-0.889167 elapsed=0.640189s written=0
  crossing 0/250
  stopped velocity row 5 IC 582 x0=0.854687 velocity_parameter=-0.889167 status=outer_limit: trajectory reached the configured outer_limit radius
velocity row 5/120 IC 592/599 x0=0.856957 velocity_parameter=-0.889167 elapsed=0.702259s written=0
  crossing 0/250
  stopped velocity row 5 IC 592 x0=0.856957 velocity_parameter=-0.889167 status=outer_limit: trajectory reached the configured outer_limit radius
velocity row 5/120 IC 599/599 x0=0.858546 velocity_parameter=-0.889167 elapsed=0.755213s written=0
  crossing 0/250
  stopped velocity row 5 IC 599 x0=0.858546 velocity_parameter=-0.889167 status=outer_limit: trajectory reached the configured outer_limit radius
velocity row 6/120 IC 582/599 x0=0.854687 velocity_parameter=-0.873 elapsed=0.760258s written=0
  crossing 0/250
  stopped velocity row 6 IC 582 x0=0.854687 velocity_parameter=-0.873 status=outer_limit: trajectory reached the configured outer_limit radius
velocity row 6/120 IC 592/599 x0=0.856957 velocity_parameter=-0.873 elapsed=0.816637s written=0
  crossing 0/250
  stopped velocity row 6 IC 592 x0=0.856957 velocity_parameter=-0.873 status=outer_limit: trajectory reached the configured outer_limit radius
velocity row 6/120 IC 599/599 x0=0.858546 velocity_parameter=-0.873 elapsed=0.854676s written=0
  crossing 0/250
  stopped velocity row 6 IC 599 x0=0.858546 velocity_parameter=-0.873 status=outer_limit: trajectory reached the configured outer_limit radius
velocity row 7/120 IC 582/599 x0=0.854687 velocity_parameter=-0.856833 elapsed=0.860363s written=0
  crossing 0/250
  stopped velocity row 7 IC 582 x0=0.854687 velocity_parameter=-0.856833 status=outer_limit: trajectory reached the configured outer_limit radius
velocity row 7/120 IC 592/599 x0=0.856957 velocity_parameter=-0.856833 elapsed=0.923711s written=0
  crossing 0/250
  stopped velocity row 7 IC 592 x0=0.856957 velocity_parameter=-0.856833 status=outer_limit: trajectory reached the configured outer_limit radius
velocity row 7/120 IC 599/599 x0=0.858546 velocity_parameter=-0.856833 elapsed=0.966701s written=0
  crossing 0/250
  stopped velocity row 7 IC 599 x0=0.858546 velocity_parameter=-0.856833 status=outer_limit: trajectory reached the configured outer_limit radius
velocity row 8/120 IC 582/599 x0=0.854687 velocity_parameter=-0.840667 elapsed=0.972215s written=0
  crossing 0/250
  stopped velocity row 8 IC 582 x0=0.854687 velocity_parameter=-0.840667 status=outer_limit: trajectory reached the configured outer_limit radius
velocity row 8/120 IC 592/599 x0=0.856957 velocity_parameter=-0.840667 elapsed=1.03943s written=0
  crossing 0/250
  stopped velocity row 8 IC 592 x0=0.856957 velocity_parameter=-0.840667 status=outer_limit: trajectory reached the configured outer_limit radius
velocity row 8/120 IC 599/599 x0=0.858546 velocity_parameter=-0.840667 elapsed=1.08492s written=0
  crossing 0/250
  stopped velocity row 8 IC 599 x0=0.858546 velocity_parameter=-0.840667 status=outer_limit: trajectory reached the configured outer_limit radius
velocity row 9/120 IC 582/599 x0=0.854687 velocity_parameter=-0.8245 elapsed=1.09209s written=0
  crossing 0/250
  stopped velocity row 9 IC 582 x0=0.854687 velocity_parameter=-0.8245 status=outer_limit: trajectory reached the configured outer_limit radius
velocity row 9/120 IC 592/599 x0=0.856957 velocity_parameter=-0.8245 elapsed=1.14167s written=0
  crossing 0/250
  stopped velocity row 9 IC 592 x0=0.856957 velocity_parameter=-0.8245 status=outer_limit: trajectory reached the configured outer_limit radius
velocity row 9/120 IC 599/599 x0=0.858546 velocity_parameter=-0.8245 elapsed=1.20032s written=0
  crossing 0/250
  stopped velocity row 9 IC 599 x0=0.858546 velocity_parameter=-0.8245 status=outer_limit: trajectory reached the configured outer_limit radius
velocity row 10/120 IC 582/599 x0=0.854687 velocity_parameter=-0.808333 elapsed=1.20794s written=0
  crossing 0/250
  stopped velocity row 10 IC 582 x0=0.854687 velocity_parameter=-0.808333 status=outer_limit: trajectory reached the configured outer_limit radius
velocity row 10/120 IC 592/599 x0=0.856957 velocity_parameter=-0.808333 elapsed=1.28314s written=0
  crossing 0/250
  stopped velocity row 10 IC 592 x0=0.856957 velocity_parameter=-0.808333 status=outer_limit: trajectory reached the configured outer_limit radius
velocity row 10/120 IC 599/599 x0=0.858546 velocity_parameter=-0.808333 elapsed=1.33592s written=0
  crossing 0/250
  stopped velocity row 10 IC 599 x0=0.858546 velocity_parameter=-0.808333 status=outer_limit: trajectory reached the configured outer_limit radius
velocity row 11/120 IC 582/599 x0=0.854687 velocity_parameter=-0.792167 elapsed=1.33966s written=0
  crossing 0/250
  stopped velocity row 11 IC 582 x0=0.854687 velocity_parameter=-0.792167 status=outer_limit: trajectory reached the configured outer_limit radius
velocity row 11/120 IC 592/599 x0=0.856957 velocity_parameter=-0.792167 elapsed=1.40156s written=0
  crossing 0/250
  stopped velocity row 11 IC 592 x0=0.856957 velocity_parameter=-0.792167 status=outer_limit: trajectory reached the configured outer_limit radius
velocity row 11/120 IC 599/599 x0=0.858546 velocity_parameter=-0.792167 elapsed=1.44137s written=0
  crossing 0/250
  stopped velocity row 11 IC 599 x0=0.858546 velocity_parameter=-0.792167 status=outer_limit: trajectory reached the configured outer_limit radius
velocity row 12/120 IC 582/599 x0=0.854687 velocity_parameter=-0.776 elapsed=1.4473s written=0
  crossing 0/250
  stopped velocity row 12 IC 582 x0=0.854687 velocity_parameter=-0.776 status=outer_limit: trajectory reached the configured outer_limit radius
velocity row 12/120 IC 592/599 x0=0.856957 velocity_parameter=-0.776 elapsed=1.51483s written=0
  crossing 0/250
  stopped velocity row 12 IC 592 x0=0.856957 velocity_parameter=-0.776 status=outer_limit: trajectory reached the configured outer_limit radius
velocity row 12/120 IC 599/599 x0=0.858546 velocity_parameter=-0.776 elapsed=1.55954s written=0
  crossing 0/250
  stopped velocity row 12 IC 599 x0=0.858546 velocity_parameter=-0.776 status=outer_limit: trajectory reached the configured outer_limit radius
velocity row 13/120 IC 582/599 x0=0.854687 velocity_parameter=-0.759833 elapsed=1.56456s written=0
  crossing 0/250
  stopped velocity row 13 IC 582 x0=0.854687 velocity_parameter=-0.759833 status=outer_limit: trajectory reached the configured outer_limit radius
velocity row 13/120 IC 592/599 x0=0.856957 velocity_parameter=-0.759833 elapsed=1.62924s written=0
  crossing 0/250
  stopped velocity row 13 IC 592 x0=0.856957 velocity_parameter=-0.759833 status=outer_limit: trajectory reached the configured outer_limit radius
velocity row 13/120 IC 599/599 x0=0.858546 velocity_parameter=-0.759833 elapsed=1.67137s written=0
  crossing 0/250
  stopped velocity row 13 IC 599 x0=0.858546 velocity_parameter=-0.759833 status=outer_limit: trajectory reached the configured outer_limit radius
velocity row 14/120 IC 582/599 x0=0.854687 velocity_parameter=-0.743667 elapsed=1.67892s written=0
  crossing 0/250
  stopped velocity row 14 IC 582 x0=0.854687 velocity_parameter=-0.743667 status=outer_limit: trajectory reached the configured outer_limit radius
velocity row 14/120 IC 592/599 x0=0.856957 velocity_parameter=-0.743667 elapsed=1.73767s written=0
  crossing 0/250
  stopped velocity row 14 IC 592 x0=0.856957 velocity_parameter=-0.743667 status=outer_limit: trajectory reached the configured outer_limit radius
velocity row 14/120 IC 599/599 x0=0.858546 velocity_parameter=-0.743667 elapsed=1.78257s written=0
  crossing 0/250
  stopped velocity row 14 IC 599 x0=0.858546 velocity_parameter=-0.743667 status=outer_limit: trajectory reached the configured outer_limit radius
velocity row 15/120 IC 582/599 x0=0.854687 velocity_parameter=-0.7275 elapsed=1.78977s written=0
  crossing 0/250
  stopped velocity row 15 IC 582 x0=0.854687 velocity_parameter=-0.7275 status=outer_limit: trajectory reached the configured outer_limit radius
velocity row 15/120 IC 592/599 x0=0.856957 velocity_parameter=-0.7275 elapsed=1.86132s written=0
  crossing 0/250
  stopped velocity row 15 IC 592 x0=0.856957 velocity_parameter=-0.7275 status=outer_limit: trajectory reached the configured outer_limit radius
velocity row 15/120 IC 599/599 x0=0.858546 velocity_parameter=-0.7275 elapsed=1.91491s written=0
  crossing 0/250
  stopped velocity row 15 IC 599 x0=0.858546 velocity_parameter=-0.7275 status=outer_limit: trajectory reached the configured outer_limit radius
velocity row 16/120 IC 582/599 x0=0.854687 velocity_parameter=-0.711333 elapsed=1.92097s written=0
  crossing 0/250
  stopped velocity row 16 IC 582 x0=0.854687 velocity_parameter=-0.711333 status=outer_limit: trajectory reached the configured outer_limit radius
velocity row 16/120 IC 592/599 x0=0.856957 velocity_parameter=-0.711333 elapsed=2.00247s written=0
  crossing 0/250
  stopped velocity row 16 IC 592 x0=0.856957 velocity_parameter=-0.711333 status=outer_limit: trajectory reached the configured outer_limit radius
velocity row 16/120 IC 599/599 x0=0.858546 velocity_parameter=-0.711333 elapsed=2.05935s written=0
  crossing 0/250
  stopped velocity row 16 IC 599 x0=0.858546 velocity_parameter=-0.711333 status=outer_limit: trajectory reached the configured outer_limit radius
velocity row 17/120 IC 582/599 x0=0.854687 velocity_parameter=-0.695167 elapsed=2.0641s written=0
  crossing 0/250
  stopped velocity row 17 IC 582 x0=0.854687 velocity_parameter=-0.695167 status=outer_limit: trajectory reached the configured outer_limit radius
velocity row 17/120 IC 592/599 x0=0.856957 velocity_parameter=-0.695167 elapsed=2.10777s written=0
  crossing 0/250
  stopped velocity row 17 IC 592 x0=0.856957 velocity_parameter=-0.695167 status=outer_limit: trajectory reached the configured outer_limit radius
velocity row 17/120 IC 599/599 x0=0.858546 velocity_parameter=-0.695167 elapsed=2.14115s written=0
  crossing 0/250
  stopped velocity row 17 IC 599 x0=0.858546 velocity_parameter=-0.695167 status=outer_limit: trajectory reached the configured outer_limit radius
velocity row 18/120 IC 582/599 x0=0.854687 velocity_parameter=-0.679 elapsed=2.14558s written=0
  crossing 0/250
  stopped velocity row 18 IC 582 x0=0.854687 velocity_parameter=-0.679 status=outer_limit: trajectory reached the configured outer_limit radius
velocity row 18/120 IC 592/599 x0=0.856957 velocity_parameter=-0.679 elapsed=2.19307s written=0
  crossing 0/250
  stopped velocity row 18 IC 592 x0=0.856957 velocity_parameter=-0.679 status=outer_limit: trajectory reached the configured outer_limit radius
velocity row 18/120 IC 599/599 x0=0.858546 velocity_parameter=-0.679 elapsed=2.2307s written=0
  crossing 0/250
  stopped velocity row 18 IC 599 x0=0.858546 velocity_parameter=-0.679 status=outer_limit: trajectory reached the configured outer_limit radius
velocity row 19/120 IC 582/599 x0=0.854687 velocity_parameter=-0.662833 elapsed=2.23478s written=0
  crossing 0/250
  stopped velocity row 19 IC 582 x0=0.854687 velocity_parameter=-0.662833 status=outer_limit: trajectory reached the configured outer_limit radius
velocity row 19/120 IC 592/599 x0=0.856957 velocity_parameter=-0.662833 elapsed=2.30358s written=0
  crossing 0/250
  stopped velocity row 19 IC 592 x0=0.856957 velocity_parameter=-0.662833 status=outer_limit: trajectory reached the configured outer_limit radius
velocity row 19/120 IC 599/599 x0=0.858546 velocity_parameter=-0.662833 elapsed=2.33933s written=0
  crossing 0/250
  stopped velocity row 19 IC 599 x0=0.858546 velocity_parameter=-0.662833 status=outer_limit: trajectory reached the configured outer_limit radius
velocity row 20/120 IC 582/599 x0=0.854687 velocity_parameter=-0.646667 elapsed=2.34742s written=0
  crossing 0/250
  stopped velocity row 20 IC 582 x0=0.854687 velocity_parameter=-0.646667 status=outer_limit: trajectory reached the configured outer_limit radius
velocity row 20/120 IC 592/599 x0=0.856957 velocity_parameter=-0.646667 elapsed=2.39723s written=0
  crossing 0/250
  stopped velocity row 20 IC 592 x0=0.856957 velocity_parameter=-0.646667 status=outer_limit: trajectory reached the configured outer_limit radius
velocity row 20/120 IC 599/599 x0=0.858546 velocity_parameter=-0.646667 elapsed=2.43538s written=0
  crossing 0/250
  stopped velocity row 20 IC 599 x0=0.858546 velocity_parameter=-0.646667 status=outer_limit: trajectory reached the configured outer_limit radius
velocity row 21/120 IC 582/599 x0=0.854687 velocity_parameter=-0.6305 elapsed=2.44068s written=0
  crossing 0/250
  stopped velocity row 21 IC 582 x0=0.854687 velocity_parameter=-0.6305 status=outer_limit: trajectory reached the configured outer_limit radius
velocity row 21/120 IC 592/599 x0=0.856957 velocity_parameter=-0.6305 elapsed=2.50341s written=0
  crossing 0/250
  stopped velocity row 21 IC 592 x0=0.856957 velocity_parameter=-0.6305 status=outer_limit: trajectory reached the configured outer_limit radius
velocity row 21/120 IC 599/599 x0=0.858546 velocity_parameter=-0.6305 elapsed=2.53839s written=0
  crossing 0/250
  stopped velocity row 21 IC 599 x0=0.858546 velocity_parameter=-0.6305 status=outer_limit: trajectory reached the configured outer_limit radius
velocity row 22/120 IC 582/599 x0=0.854687 velocity_parameter=-0.614333 elapsed=2.54376s written=0
  crossing 0/250
  stopped velocity row 22 IC 582 x0=0.854687 velocity_parameter=-0.614333 status=outer_limit: trajectory reached the configured outer_limit radius
velocity row 22/120 IC 592/599 x0=0.856957 velocity_parameter=-0.614333 elapsed=2.59923s written=0
  crossing 0/250
  stopped velocity row 22 IC 592 x0=0.856957 velocity_parameter=-0.614333 status=outer_limit: trajectory reached the configured outer_limit radius
velocity row 22/120 IC 599/599 x0=0.858546 velocity_parameter=-0.614333 elapsed=2.63055s written=0
  crossing 0/250
  stopped velocity row 22 IC 599 x0=0.858546 velocity_parameter=-0.614333 status=outer_limit: trajectory reached the configured outer_limit radius
velocity row 23/120 IC 582/599 x0=0.854687 velocity_parameter=-0.598167 elapsed=2.63477s written=0
  crossing 0/250
  stopped velocity row 23 IC 582 x0=0.854687 velocity_parameter=-0.598167 status=outer_limit: trajectory reached the configured outer_limit radius
velocity row 23/120 IC 592/599 x0=0.856957 velocity_parameter=-0.598167 elapsed=2.69522s written=0
  crossing 0/250
  stopped velocity row 23 IC 592 x0=0.856957 velocity_parameter=-0.598167 status=outer_limit: trajectory reached the configured outer_limit radius
velocity row 23/120 IC 599/599 x0=0.858546 velocity_parameter=-0.598167 elapsed=2.73938s written=0
  crossing 0/250
  stopped velocity row 23 IC 599 x0=0.858546 velocity_parameter=-0.598167 status=outer_limit: trajectory reached the configured outer_limit radius
velocity row 24/120 IC 582/599 x0=0.854687 velocity_parameter=-0.582 elapsed=2.7459s written=0
  crossing 0/250
  stopped velocity row 24 IC 582 x0=0.854687 velocity_parameter=-0.582 status=outer_limit: trajectory reached the configured outer_limit radius
velocity row 24/120 IC 592/599 x0=0.856957 velocity_parameter=-0.582 elapsed=2.79439s written=0
  crossing 0/250
  stopped velocity row 24 IC 592 x0=0.856957 velocity_parameter=-0.582 status=outer_limit: trajectory reached the configured outer_limit radius
velocity row 24/120 IC 599/599 x0=0.858546 velocity_parameter=-0.582 elapsed=2.82728s written=0
  crossing 0/250
  stopped velocity row 24 IC 599 x0=0.858546 velocity_parameter=-0.582 status=outer_limit: trajectory reached the configured outer_limit radius
velocity row 25/120 IC 582/599 x0=0.854687 velocity_parameter=-0.565833 elapsed=2.83542s written=0
  crossing 0/250
  stopped velocity row 25 IC 582 x0=0.854687 velocity_parameter=-0.565833 status=outer_limit: trajectory reached the configured outer_limit radius
velocity row 25/120 IC 592/599 x0=0.856957 velocity_parameter=-0.565833 elapsed=2.88679s written=0
  crossing 0/250
  stopped velocity row 25 IC 592 x0=0.856957 velocity_parameter=-0.565833 status=outer_limit: trajectory reached the configured outer_limit radius
velocity row 25/120 IC 599/599 x0=0.858546 velocity_parameter=-0.565833 elapsed=2.92286s written=0
  crossing 0/250
  stopped velocity row 25 IC 599 x0=0.858546 velocity_parameter=-0.565833 status=outer_limit: trajectory reached the configured outer_limit radius
velocity row 26/120 IC 582/599 x0=0.854687 velocity_parameter=-0.549667 elapsed=2.92931s written=0
  crossing 0/250
  stopped velocity row 26 IC 582 x0=0.854687 velocity_parameter=-0.549667 status=outer_limit: trajectory reached the configured outer_limit radius
velocity row 26/120 IC 592/599 x0=0.856957 velocity_parameter=-0.549667 elapsed=2.97414s written=0
  crossing 0/250
  stopped velocity row 26 IC 592 x0=0.856957 velocity_parameter=-0.549667 status=outer_limit: trajectory reached the configured outer_limit radius
velocity row 26/120 IC 599/599 x0=0.858546 velocity_parameter=-0.549667 elapsed=3.01499s written=0
  crossing 0/250
  stopped velocity row 26 IC 599 x0=0.858546 velocity_parameter=-0.549667 status=outer_limit: trajectory reached the configured outer_limit radius
velocity row 27/120 IC 582/599 x0=0.854687 velocity_parameter=-0.5335 elapsed=3.0265s written=0
  crossing 0/250
  stopped velocity row 27 IC 582 x0=0.854687 velocity_parameter=-0.5335 status=outer_limit: trajectory reached the configured outer_limit radius
velocity row 27/120 IC 592/599 x0=0.856957 velocity_parameter=-0.5335 elapsed=3.07026s written=0
  crossing 0/250
  stopped velocity row 27 IC 592 x0=0.856957 velocity_parameter=-0.5335 status=outer_limit: trajectory reached the configured outer_limit radius
velocity row 27/120 IC 599/599 x0=0.858546 velocity_parameter=-0.5335 elapsed=3.10267s written=0
  crossing 0/250
  stopped velocity row 27 IC 599 x0=0.858546 velocity_parameter=-0.5335 status=outer_limit: trajectory reached the configured outer_limit radius
velocity row 28/120 IC 582/599 x0=0.854687 velocity_parameter=-0.517333 elapsed=3.10647s written=0
  crossing 0/250
  stopped velocity row 28 IC 582 x0=0.854687 velocity_parameter=-0.517333 status=outer_limit: trajectory reached the configured outer_limit radius
velocity row 28/120 IC 592/599 x0=0.856957 velocity_parameter=-0.517333 elapsed=3.15848s written=0
  crossing 0/250
  stopped velocity row 28 IC 592 x0=0.856957 velocity_parameter=-0.517333 status=outer_limit: trajectory reached the configured outer_limit radius
velocity row 28/120 IC 599/599 x0=0.858546 velocity_parameter=-0.517333 elapsed=3.19229s written=0
  crossing 0/250
  stopped velocity row 28 IC 599 x0=0.858546 velocity_parameter=-0.517333 status=outer_limit: trajectory reached the configured outer_limit radius
velocity row 29/120 IC 582/599 x0=0.854687 velocity_parameter=-0.501167 elapsed=3.1995s written=0
  crossing 0/250
  stopped velocity row 29 IC 582 x0=0.854687 velocity_parameter=-0.501167 status=outer_limit: trajectory reached the configured outer_limit radius
velocity row 29/120 IC 592/599 x0=0.856957 velocity_parameter=-0.501167 elapsed=3.26084s written=0
  crossing 0/250
  stopped velocity row 29 IC 592 x0=0.856957 velocity_parameter=-0.501167 status=outer_limit: trajectory reached the configured outer_limit radius
velocity row 29/120 IC 599/599 x0=0.858546 velocity_parameter=-0.501167 elapsed=3.29576s written=0
  crossing 0/250
  stopped velocity row 29 IC 599 x0=0.858546 velocity_parameter=-0.501167 status=outer_limit: trajectory reached the configured outer_limit radius
velocity row 30/120 IC 582/599 x0=0.854687 velocity_parameter=-0.485 elapsed=3.30375s written=0
  crossing 0/250
  stopped velocity row 30 IC 582 x0=0.854687 velocity_parameter=-0.485 status=outer_limit: trajectory reached the configured outer_limit radius
velocity row 30/120 IC 592/599 x0=0.856957 velocity_parameter=-0.485 elapsed=3.35444s written=0
  crossing 0/250
  stopped velocity row 30 IC 592 x0=0.856957 velocity_parameter=-0.485 status=outer_limit: trajectory reached the configured outer_limit radius
velocity row 30/120 IC 599/599 x0=0.858546 velocity_parameter=-0.485 elapsed=3.39233s written=0
  crossing 0/250
  stopped velocity row 30 IC 599 x0=0.858546 velocity_parameter=-0.485 status=outer_limit: trajectory reached the configured outer_limit radius
velocity row 31/120 IC 582/599 x0=0.854687 velocity_parameter=-0.468833 elapsed=3.39602s written=0
  crossing 0/250
  stopped velocity row 31 IC 582 x0=0.854687 velocity_parameter=-0.468833 status=outer_limit: trajectory reached the configured outer_limit radius
velocity row 31/120 IC 592/599 x0=0.856957 velocity_parameter=-0.468833 elapsed=3.45432s written=0
  crossing 0/250
  stopped velocity row 31 IC 592 x0=0.856957 velocity_parameter=-0.468833 status=outer_limit: trajectory reached the configured outer_limit radius
velocity row 31/120 IC 599/599 x0=0.858546 velocity_parameter=-0.468833 elapsed=3.49294s written=0
  crossing 0/250
  stopped velocity row 31 IC 599 x0=0.858546 velocity_parameter=-0.468833 status=outer_limit: trajectory reached the configured outer_limit radius
velocity row 32/120 IC 582/599 x0=0.854687 velocity_parameter=-0.452667 elapsed=3.49682s written=0
  crossing 0/250
  stopped velocity row 32 IC 582 x0=0.854687 velocity_parameter=-0.452667 status=outer_limit: trajectory reached the configured outer_limit radius
velocity row 32/120 IC 592/599 x0=0.856957 velocity_parameter=-0.452667 elapsed=3.53787s written=0
  crossing 0/250
  stopped velocity row 32 IC 592 x0=0.856957 velocity_parameter=-0.452667 status=outer_limit: trajectory reached the configured outer_limit radius
velocity row 32/120 IC 599/599 x0=0.858546 velocity_parameter=-0.452667 elapsed=3.56661s written=0
  crossing 0/250
  stopped velocity row 32 IC 599 x0=0.858546 velocity_parameter=-0.452667 status=outer_limit: trajectory reached the configured outer_limit radius
velocity row 33/120 IC 582/599 x0=0.854687 velocity_parameter=-0.4365 elapsed=3.57124s written=0
  crossing 0/250
  stopped velocity row 33 IC 582 x0=0.854687 velocity_parameter=-0.4365 status=outer_limit: trajectory reached the configured outer_limit radius
velocity row 33/120 IC 592/599 x0=0.856957 velocity_parameter=-0.4365 elapsed=3.62845s written=0
  crossing 0/250
  stopped velocity row 33 IC 592 x0=0.856957 velocity_parameter=-0.4365 status=outer_limit: trajectory reached the configured outer_limit radius
velocity row 33/120 IC 599/599 x0=0.858546 velocity_parameter=-0.4365 elapsed=3.66352s written=0
  crossing 0/250
  stopped velocity row 33 IC 599 x0=0.858546 velocity_parameter=-0.4365 status=outer_limit: trajectory reached the configured outer_limit radius
velocity row 34/120 IC 582/599 x0=0.854687 velocity_parameter=-0.420333 elapsed=3.66733s written=0
  crossing 0/250
  stopped velocity row 34 IC 582 x0=0.854687 velocity_parameter=-0.420333 status=outer_limit: trajectory reached the configured outer_limit radius
velocity row 34/120 IC 592/599 x0=0.856957 velocity_parameter=-0.420333 elapsed=3.71921s written=0
  crossing 0/250
  stopped velocity row 34 IC 592 x0=0.856957 velocity_parameter=-0.420333 status=outer_limit: trajectory reached the configured outer_limit radius
velocity row 34/120 IC 599/599 x0=0.858546 velocity_parameter=-0.420333 elapsed=3.75838s written=0
  crossing 0/250
  stopped velocity row 34 IC 599 x0=0.858546 velocity_parameter=-0.420333 status=outer_limit: trajectory reached the configured outer_limit radius
velocity row 35/120 IC 582/599 x0=0.854687 velocity_parameter=-0.404167 elapsed=3.76565s written=0
  crossing 0/250
  stopped velocity row 35 IC 582 x0=0.854687 velocity_parameter=-0.404167 status=outer_limit: trajectory reached the configured outer_limit radius
velocity row 35/120 IC 592/599 x0=0.856957 velocity_parameter=-0.404167 elapsed=3.80802s written=0
  crossing 0/250
  stopped velocity row 35 IC 592 x0=0.856957 velocity_parameter=-0.404167 status=outer_limit: trajectory reached the configured outer_limit radius
velocity row 35/120 IC 599/599 x0=0.858546 velocity_parameter=-0.404167 elapsed=3.84201s written=0
  crossing 0/250
  stopped velocity row 35 IC 599 x0=0.858546 velocity_parameter=-0.404167 status=outer_limit: trajectory reached the configured outer_limit radius
velocity row 36/120 IC 582/599 x0=0.854687 velocity_parameter=-0.388 elapsed=3.85064s written=0
  crossing 0/250
  stopped velocity row 36 IC 582 x0=0.854687 velocity_parameter=-0.388 status=outer_limit: trajectory reached the configured outer_limit radius
velocity row 36/120 IC 592/599 x0=0.856957 velocity_parameter=-0.388 elapsed=3.91095s written=0
  crossing 0/250
  stopped velocity row 36 IC 592 x0=0.856957 velocity_parameter=-0.388 status=outer_limit: trajectory reached the configured outer_limit radius
velocity row 36/120 IC 599/599 x0=0.858546 velocity_parameter=-0.388 elapsed=3.94177s written=0
  crossing 0/250
  stopped velocity row 36 IC 599 x0=0.858546 velocity_parameter=-0.388 status=outer_limit: trajectory reached the configured outer_limit radius
velocity row 37/120 IC 582/599 x0=0.854687 velocity_parameter=-0.371833 elapsed=3.94619s written=0
  crossing 0/250
  stopped velocity row 37 IC 582 x0=0.854687 velocity_parameter=-0.371833 status=outer_limit: trajectory reached the configured outer_limit radius
velocity row 37/120 IC 592/599 x0=0.856957 velocity_parameter=-0.371833 elapsed=3.98882s written=0
  crossing 0/250
  stopped velocity row 37 IC 592 x0=0.856957 velocity_parameter=-0.371833 status=outer_limit: trajectory reached the configured outer_limit radius
velocity row 37/120 IC 599/599 x0=0.858546 velocity_parameter=-0.371833 elapsed=4.02298s written=0
  crossing 0/250
  stopped velocity row 37 IC 599 x0=0.858546 velocity_parameter=-0.371833 status=outer_limit: trajectory reached the configured outer_limit radius
velocity row 38/120 IC 582/599 x0=0.854687 velocity_parameter=-0.355667 elapsed=4.02868s written=0
  crossing 0/250
  stopped velocity row 38 IC 582 x0=0.854687 velocity_parameter=-0.355667 status=outer_limit: trajectory reached the configured outer_limit radius
velocity row 38/120 IC 592/599 x0=0.856957 velocity_parameter=-0.355667 elapsed=4.08175s written=0
  crossing 0/250
  stopped velocity row 38 IC 592 x0=0.856957 velocity_parameter=-0.355667 status=outer_limit: trajectory reached the configured outer_limit radius
velocity row 38/120 IC 599/599 x0=0.858546 velocity_parameter=-0.355667 elapsed=4.11999s written=0
  crossing 0/250
  stopped velocity row 38 IC 599 x0=0.858546 velocity_parameter=-0.355667 status=outer_limit: trajectory reached the configured outer_limit radius
velocity row 39/120 IC 582/599 x0=0.854687 velocity_parameter=-0.3395 elapsed=4.12476s written=0
  crossing 0/250
  stopped velocity row 39 IC 582 x0=0.854687 velocity_parameter=-0.3395 status=outer_limit: trajectory reached the configured outer_limit radius
velocity row 39/120 IC 592/599 x0=0.856957 velocity_parameter=-0.3395 elapsed=4.17813s written=0
  crossing 0/250
  stopped velocity row 39 IC 592 x0=0.856957 velocity_parameter=-0.3395 status=outer_limit: trajectory reached the configured outer_limit radius
velocity row 39/120 IC 599/599 x0=0.858546 velocity_parameter=-0.3395 elapsed=4.2138s written=0
  crossing 0/250
  stopped velocity row 39 IC 599 x0=0.858546 velocity_parameter=-0.3395 status=outer_limit: trajectory reached the configured outer_limit radius
velocity row 40/120 IC 582/599 x0=0.854687 velocity_parameter=-0.323333 elapsed=4.21985s written=0
  crossing 0/250
  stopped velocity row 40 IC 582 x0=0.854687 velocity_parameter=-0.323333 status=outer_limit: trajectory reached the configured outer_limit radius
velocity row 40/120 IC 592/599 x0=0.856957 velocity_parameter=-0.323333 elapsed=4.26924s written=0
  crossing 0/250
  stopped velocity row 40 IC 592 x0=0.856957 velocity_parameter=-0.323333 status=outer_limit: trajectory reached the configured outer_limit radius
velocity row 40/120 IC 599/599 x0=0.858546 velocity_parameter=-0.323333 elapsed=4.30671s written=0
  crossing 0/250
  stopped velocity row 40 IC 599 x0=0.858546 velocity_parameter=-0.323333 status=outer_limit: trajectory reached the configured outer_limit radius
velocity row 41/120 IC 582/599 x0=0.854687 velocity_parameter=-0.307167 elapsed=4.31628s written=0
  crossing 0/250
  stopped velocity row 41 IC 582 x0=0.854687 velocity_parameter=-0.307167 status=outer_limit: trajectory reached the configured outer_limit radius
velocity row 41/120 IC 592/599 x0=0.856957 velocity_parameter=-0.307167 elapsed=4.36424s written=0
  crossing 0/250
  stopped velocity row 41 IC 592 x0=0.856957 velocity_parameter=-0.307167 status=outer_limit: trajectory reached the configured outer_limit radius
velocity row 41/120 IC 599/599 x0=0.858546 velocity_parameter=-0.307167 elapsed=4.39537s written=0
  crossing 0/250
  stopped velocity row 41 IC 599 x0=0.858546 velocity_parameter=-0.307167 status=outer_limit: trajectory reached the configured outer_limit radius
velocity row 42/120 IC 582/599 x0=0.854687 velocity_parameter=-0.291 elapsed=4.40056s written=0
  crossing 0/250
  stopped velocity row 42 IC 582 x0=0.854687 velocity_parameter=-0.291 status=outer_limit: trajectory reached the configured outer_limit radius
velocity row 42/120 IC 592/599 x0=0.856957 velocity_parameter=-0.291 elapsed=4.44747s written=0
  crossing 0/250
  stopped velocity row 42 IC 592 x0=0.856957 velocity_parameter=-0.291 status=outer_limit: trajectory reached the configured outer_limit radius
velocity row 42/120 IC 599/599 x0=0.858546 velocity_parameter=-0.291 elapsed=4.4927s written=0
  crossing 0/250
  stopped velocity row 42 IC 599 x0=0.858546 velocity_parameter=-0.291 status=outer_limit: trajectory reached the configured outer_limit radius
velocity row 43/120 IC 582/599 x0=0.854687 velocity_parameter=-0.274833 elapsed=4.49665s written=0
  crossing 0/250
  stopped velocity row 43 IC 582 x0=0.854687 velocity_parameter=-0.274833 status=outer_limit: trajectory reached the configured outer_limit radius
velocity row 43/120 IC 592/599 x0=0.856957 velocity_parameter=-0.274833 elapsed=4.54081s written=0
  crossing 0/250
  stopped velocity row 43 IC 592 x0=0.856957 velocity_parameter=-0.274833 status=outer_limit: trajectory reached the configured outer_limit radius
velocity row 43/120 IC 599/599 x0=0.858546 velocity_parameter=-0.274833 elapsed=4.57188s written=0
  crossing 0/250
  stopped velocity row 43 IC 599 x0=0.858546 velocity_parameter=-0.274833 status=outer_limit: trajectory reached the configured outer_limit radius
velocity row 44/120 IC 582/599 x0=0.854687 velocity_parameter=-0.258667 elapsed=4.57544s written=0
  crossing 0/250
  stopped velocity row 44 IC 582 x0=0.854687 velocity_parameter=-0.258667 status=outer_limit: trajectory reached the configured outer_limit radius
velocity row 44/120 IC 592/599 x0=0.856957 velocity_parameter=-0.258667 elapsed=4.6164s written=0
  crossing 0/250
  stopped velocity row 44 IC 592 x0=0.856957 velocity_parameter=-0.258667 status=outer_limit: trajectory reached the configured outer_limit radius
velocity row 44/120 IC 599/599 x0=0.858546 velocity_parameter=-0.258667 elapsed=4.64451s written=0
  crossing 0/250
  stopped velocity row 44 IC 599 x0=0.858546 velocity_parameter=-0.258667 status=outer_limit: trajectory reached the configured outer_limit radius
velocity row 45/120 IC 582/599 x0=0.854687 velocity_parameter=-0.2425 elapsed=4.65105s written=0
  crossing 0/250
  stopped velocity row 45 IC 582 x0=0.854687 velocity_parameter=-0.2425 status=outer_limit: trajectory reached the configured outer_limit radius
velocity row 45/120 IC 592/599 x0=0.856957 velocity_parameter=-0.2425 elapsed=4.70162s written=0
  crossing 0/250
  stopped velocity row 45 IC 592 x0=0.856957 velocity_parameter=-0.2425 status=outer_limit: trajectory reached the configured outer_limit radius
velocity row 45/120 IC 599/599 x0=0.858546 velocity_parameter=-0.2425 elapsed=4.73785s written=0
  crossing 0/250
  stopped velocity row 45 IC 599 x0=0.858546 velocity_parameter=-0.2425 status=outer_limit: trajectory reached the configured outer_limit radius
velocity row 46/120 IC 582/599 x0=0.854687 velocity_parameter=-0.226333 elapsed=4.74157s written=0
  crossing 0/250
  stopped velocity row 46 IC 582 x0=0.854687 velocity_parameter=-0.226333 status=outer_limit: trajectory reached the configured outer_limit radius
velocity row 46/120 IC 592/599 x0=0.856957 velocity_parameter=-0.226333 elapsed=4.78213s written=0
  crossing 0/250
  stopped velocity row 46 IC 592 x0=0.856957 velocity_parameter=-0.226333 status=outer_limit: trajectory reached the configured outer_limit radius
velocity row 46/120 IC 599/599 x0=0.858546 velocity_parameter=-0.226333 elapsed=4.8116s written=0
  crossing 0/250
  stopped velocity row 46 IC 599 x0=0.858546 velocity_parameter=-0.226333 status=outer_limit: trajectory reached the configured outer_limit radius
velocity row 47/120 IC 582/599 x0=0.854687 velocity_parameter=-0.210167 elapsed=4.81525s written=0
  crossing 0/250
  stopped velocity row 47 IC 582 x0=0.854687 velocity_parameter=-0.210167 status=outer_limit: trajectory reached the configured outer_limit radius
velocity row 47/120 IC 592/599 x0=0.856957 velocity_parameter=-0.210167 elapsed=4.85797s written=0
  crossing 0/250
  stopped velocity row 47 IC 592 x0=0.856957 velocity_parameter=-0.210167 status=outer_limit: trajectory reached the configured outer_limit radius
velocity row 47/120 IC 599/599 x0=0.858546 velocity_parameter=-0.210167 elapsed=4.88512s written=0
  crossing 0/250
  stopped velocity row 47 IC 599 x0=0.858546 velocity_parameter=-0.210167 status=outer_limit: trajectory reached the configured outer_limit radius
velocity row 48/120 IC 582/599 x0=0.854687 velocity_parameter=-0.194 elapsed=4.88881s written=0
  crossing 0/250
  stopped velocity row 48 IC 582 x0=0.854687 velocity_parameter=-0.194 status=outer_limit: trajectory reached the configured outer_limit radius
velocity row 48/120 IC 592/599 x0=0.856957 velocity_parameter=-0.194 elapsed=4.93643s written=0
  crossing 0/250
  stopped velocity row 48 IC 592 x0=0.856957 velocity_parameter=-0.194 status=outer_limit: trajectory reached the configured outer_limit radius
velocity row 48/120 IC 599/599 x0=0.858546 velocity_parameter=-0.194 elapsed=4.96397s written=0
  crossing 0/250
  stopped velocity row 48 IC 599 x0=0.858546 velocity_parameter=-0.194 status=outer_limit: trajectory reached the configured outer_limit radius
velocity row 49/120 IC 582/599 x0=0.854687 velocity_parameter=-0.177833 elapsed=4.97002s written=0
  crossing 0/250
  stopped velocity row 49 IC 582 x0=0.854687 velocity_parameter=-0.177833 status=outer_limit: trajectory reached the configured outer_limit radius
velocity row 49/120 IC 592/599 x0=0.856957 velocity_parameter=-0.177833 elapsed=5.01899s written=0
  crossing 0/250
  stopped velocity row 49 IC 592 x0=0.856957 velocity_parameter=-0.177833 status=outer_limit: trajectory reached the configured outer_limit radius
velocity row 49/120 IC 599/599 x0=0.858546 velocity_parameter=-0.177833 elapsed=5.04892s written=0
  crossing 0/250
  stopped velocity row 49 IC 599 x0=0.858546 velocity_parameter=-0.177833 status=outer_limit: trajectory reached the configured outer_limit radius
velocity row 50/120 IC 582/599 x0=0.854687 velocity_parameter=-0.161667 elapsed=5.05525s written=0
  crossing 0/250
  stopped velocity row 50 IC 582 x0=0.854687 velocity_parameter=-0.161667 status=outer_limit: trajectory reached the configured outer_limit radius
velocity row 50/120 IC 592/599 x0=0.856957 velocity_parameter=-0.161667 elapsed=5.09683s written=0
  crossing 0/250
  stopped velocity row 50 IC 592 x0=0.856957 velocity_parameter=-0.161667 status=outer_limit: trajectory reached the configured outer_limit radius
velocity row 50/120 IC 599/599 x0=0.858546 velocity_parameter=-0.161667 elapsed=5.1305s written=0
  crossing 0/250
  stopped velocity row 50 IC 599 x0=0.858546 velocity_parameter=-0.161667 status=outer_limit: trajectory reached the configured outer_limit radius
velocity row 51/120 IC 582/599 x0=0.854687 velocity_parameter=-0.1455 elapsed=5.13424s written=0
  crossing 0/250
  stopped velocity row 51 IC 582 x0=0.854687 velocity_parameter=-0.1455 status=outer_limit: trajectory reached the configured outer_limit radius
velocity row 51/120 IC 592/599 x0=0.856957 velocity_parameter=-0.1455 elapsed=5.18245s written=0
  crossing 0/250
  stopped velocity row 51 IC 592 x0=0.856957 velocity_parameter=-0.1455 status=outer_limit: trajectory reached the configured outer_limit radius
velocity row 51/120 IC 599/599 x0=0.858546 velocity_parameter=-0.1455 elapsed=5.20996s written=0
  crossing 0/250
  stopped velocity row 51 IC 599 x0=0.858546 velocity_parameter=-0.1455 status=outer_limit: trajectory reached the configured outer_limit radius
velocity row 52/120 IC 582/599 x0=0.854687 velocity_parameter=-0.129333 elapsed=5.21505s written=0
  crossing 0/250
  stopped velocity row 52 IC 582 x0=0.854687 velocity_parameter=-0.129333 status=outer_limit: trajectory reached the configured outer_limit radius
velocity row 52/120 IC 592/599 x0=0.856957 velocity_parameter=-0.129333 elapsed=5.25993s written=0
  crossing 0/250
  stopped velocity row 52 IC 592 x0=0.856957 velocity_parameter=-0.129333 status=outer_limit: trajectory reached the configured outer_limit radius
velocity row 52/120 IC 599/599 x0=0.858546 velocity_parameter=-0.129333 elapsed=5.28904s written=0
  crossing 0/250
  stopped velocity row 52 IC 599 x0=0.858546 velocity_parameter=-0.129333 status=outer_limit: trajectory reached the configured outer_limit radius
velocity row 53/120 IC 582/599 x0=0.854687 velocity_parameter=-0.113167 elapsed=5.29289s written=0
  crossing 0/250
  stopped velocity row 53 IC 582 x0=0.854687 velocity_parameter=-0.113167 status=outer_limit: trajectory reached the configured outer_limit radius
velocity row 53/120 IC 592/599 x0=0.856957 velocity_parameter=-0.113167 elapsed=5.3426s written=0
  crossing 0/250
  stopped velocity row 53 IC 592 x0=0.856957 velocity_parameter=-0.113167 status=outer_limit: trajectory reached the configured outer_limit radius
velocity row 53/120 IC 599/599 x0=0.858546 velocity_parameter=-0.113167 elapsed=5.3807s written=0
  crossing 0/250
  stopped velocity row 53 IC 599 x0=0.858546 velocity_parameter=-0.113167 status=outer_limit: trajectory reached the configured outer_limit radius
velocity row 54/120 IC 582/599 x0=0.854687 velocity_parameter=-0.097 elapsed=5.38534s written=0
  crossing 0/250
  stopped velocity row 54 IC 582 x0=0.854687 velocity_parameter=-0.097 status=outer_limit: trajectory reached the configured outer_limit radius
velocity row 54/120 IC 592/599 x0=0.856957 velocity_parameter=-0.097 elapsed=5.43689s written=0
  crossing 0/250
  stopped velocity row 54 IC 592 x0=0.856957 velocity_parameter=-0.097 status=outer_limit: trajectory reached the configured outer_limit radius
velocity row 54/120 IC 599/599 x0=0.858546 velocity_parameter=-0.097 elapsed=5.46886s written=0
  crossing 0/250
  stopped velocity row 54 IC 599 x0=0.858546 velocity_parameter=-0.097 status=outer_limit: trajectory reached the configured outer_limit radius
velocity row 55/120 IC 582/599 x0=0.854687 velocity_parameter=-0.0808333 elapsed=5.47274s written=0
  crossing 0/250
  stopped velocity row 55 IC 582 x0=0.854687 velocity_parameter=-0.0808333 status=outer_limit: trajectory reached the configured outer_limit radius
velocity row 55/120 IC 592/599 x0=0.856957 velocity_parameter=-0.0808333 elapsed=5.52324s written=0
  crossing 0/250
  stopped velocity row 55 IC 592 x0=0.856957 velocity_parameter=-0.0808333 status=outer_limit: trajectory reached the configured outer_limit radius
velocity row 55/120 IC 599/599 x0=0.858546 velocity_parameter=-0.0808333 elapsed=5.55855s written=0
  crossing 0/250
  stopped velocity row 55 IC 599 x0=0.858546 velocity_parameter=-0.0808333 status=outer_limit: trajectory reached the configured outer_limit radius
velocity row 56/120 IC 582/599 x0=0.854687 velocity_parameter=-0.0646667 elapsed=5.56219s written=0
  crossing 0/250
  stopped velocity row 56 IC 582 x0=0.854687 velocity_parameter=-0.0646667 status=outer_limit: trajectory reached the configured outer_limit radius
velocity row 56/120 IC 592/599 x0=0.856957 velocity_parameter=-0.0646667 elapsed=5.60265s written=0
  crossing 0/250
  stopped velocity row 56 IC 592 x0=0.856957 velocity_parameter=-0.0646667 status=outer_limit: trajectory reached the configured outer_limit radius
velocity row 56/120 IC 599/599 x0=0.858546 velocity_parameter=-0.0646667 elapsed=5.63141s written=0
  crossing 0/250
  stopped velocity row 56 IC 599 x0=0.858546 velocity_parameter=-0.0646667 status=outer_limit: trajectory reached the configured outer_limit radius
velocity row 57/120 IC 582/599 x0=0.854687 velocity_parameter=-0.0485 elapsed=5.63544s written=0
  crossing 0/250
  stopped velocity row 57 IC 582 x0=0.854687 velocity_parameter=-0.0485 status=outer_limit: trajectory reached the configured outer_limit radius
velocity row 57/120 IC 592/599 x0=0.856957 velocity_parameter=-0.0485 elapsed=5.68284s written=0
  crossing 0/250
  stopped velocity row 57 IC 592 x0=0.856957 velocity_parameter=-0.0485 status=outer_limit: trajectory reached the configured outer_limit radius
velocity row 57/120 IC 599/599 x0=0.858546 velocity_parameter=-0.0485 elapsed=5.71184s written=0
  crossing 0/250
  stopped velocity row 57 IC 599 x0=0.858546 velocity_parameter=-0.0485 status=outer_limit: trajectory reached the configured outer_limit radius
velocity row 58/120 IC 582/599 x0=0.854687 velocity_parameter=-0.0323333 elapsed=5.71692s written=0
  crossing 0/250
  stopped velocity row 58 IC 582 x0=0.854687 velocity_parameter=-0.0323333 status=outer_limit: trajectory reached the configured outer_limit radius
velocity row 58/120 IC 592/599 x0=0.856957 velocity_parameter=-0.0323333 elapsed=5.75667s written=0
  crossing 0/250
  stopped velocity row 58 IC 592 x0=0.856957 velocity_parameter=-0.0323333 status=outer_limit: trajectory reached the configured outer_limit radius
velocity row 58/120 IC 599/599 x0=0.858546 velocity_parameter=-0.0323333 elapsed=5.78347s written=0
  crossing 0/250
  stopped velocity row 58 IC 599 x0=0.858546 velocity_parameter=-0.0323333 status=outer_limit: trajectory reached the configured outer_limit radius
velocity row 59/120 IC 582/599 x0=0.854687 velocity_parameter=-0.0161667 elapsed=5.78956s written=0
  crossing 0/250
  stopped velocity row 59 IC 582 x0=0.854687 velocity_parameter=-0.0161667 status=outer_limit: trajectory reached the configured outer_limit radius
velocity row 59/120 IC 592/599 x0=0.856957 velocity_parameter=-0.0161667 elapsed=5.83801s written=0
  crossing 0/250
  stopped velocity row 59 IC 592 x0=0.856957 velocity_parameter=-0.0161667 status=outer_limit: trajectory reached the configured outer_limit radius
velocity row 59/120 IC 599/599 x0=0.858546 velocity_parameter=-0.0161667 elapsed=5.86475s written=0
  crossing 0/250
  stopped velocity row 59 IC 599 x0=0.858546 velocity_parameter=-0.0161667 status=outer_limit: trajectory reached the configured outer_limit radius
velocity row 60/120 IC 582/599 x0=0.854687 velocity_parameter=0 elapsed=5.86819s written=0
  crossing 0/250
  stopped velocity row 60 IC 582 x0=0.854687 velocity_parameter=0 status=outer_limit: trajectory reached the configured outer_limit radius
velocity row 60/120 IC 592/599 x0=0.856957 velocity_parameter=0 elapsed=5.90914s written=0
  crossing 0/250
  stopped velocity row 60 IC 592 x0=0.856957 velocity_parameter=0 status=outer_limit: trajectory reached the configured outer_limit radius
velocity row 60/120 IC 599/599 x0=0.858546 velocity_parameter=0 elapsed=5.94133s written=0
  crossing 0/250
  stopped velocity row 60 IC 599 x0=0.858546 velocity_parameter=0 status=outer_limit: trajectory reached the configured outer_limit radius
velocity row 61/120 IC 582/599 x0=0.854687 velocity_parameter=0.0161667 elapsed=5.94586s written=0
  crossing 0/250
  stopped velocity row 61 IC 582 x0=0.854687 velocity_parameter=0.0161667 status=outer_limit: trajectory reached the configured outer_limit radius
velocity row 61/120 IC 592/599 x0=0.856957 velocity_parameter=0.0161667 elapsed=5.9866s written=0
  crossing 0/250
  stopped velocity row 61 IC 592 x0=0.856957 velocity_parameter=0.0161667 status=outer_limit: trajectory reached the configured outer_limit radius
velocity row 61/120 IC 599/599 x0=0.858546 velocity_parameter=0.0161667 elapsed=6.01328s written=0
  crossing 0/250
  stopped velocity row 61 IC 599 x0=0.858546 velocity_parameter=0.0161667 status=outer_limit: trajectory reached the configured outer_limit radius
velocity row 62/120 IC 582/599 x0=0.854687 velocity_parameter=0.0323333 elapsed=6.01608s written=0
  crossing 0/250
  stopped velocity row 62 IC 582 x0=0.854687 velocity_parameter=0.0323333 status=outer_limit: trajectory reached the configured outer_limit radius
velocity row 62/120 IC 592/599 x0=0.856957 velocity_parameter=0.0323333 elapsed=6.06375s written=0
  crossing 0/250
  stopped velocity row 62 IC 592 x0=0.856957 velocity_parameter=0.0323333 status=outer_limit: trajectory reached the configured outer_limit radius
velocity row 62/120 IC 599/599 x0=0.858546 velocity_parameter=0.0323333 elapsed=6.08868s written=0
  crossing 0/250
  stopped velocity row 62 IC 599 x0=0.858546 velocity_parameter=0.0323333 status=outer_limit: trajectory reached the configured outer_limit radius
velocity row 63/120 IC 582/599 x0=0.854687 velocity_parameter=0.0485 elapsed=6.09216s written=0
  crossing 0/250
  stopped velocity row 63 IC 582 x0=0.854687 velocity_parameter=0.0485 status=outer_limit: trajectory reached the configured outer_limit radius
velocity row 63/120 IC 592/599 x0=0.856957 velocity_parameter=0.0485 elapsed=6.13068s written=0
  crossing 0/250
  stopped velocity row 63 IC 592 x0=0.856957 velocity_parameter=0.0485 status=outer_limit: trajectory reached the configured outer_limit radius
velocity row 63/120 IC 599/599 x0=0.858546 velocity_parameter=0.0485 elapsed=6.16011s written=0
  crossing 0/250
  stopped velocity row 63 IC 599 x0=0.858546 velocity_parameter=0.0485 status=outer_limit: trajectory reached the configured outer_limit radius
velocity row 64/120 IC 582/599 x0=0.854687 velocity_parameter=0.0646667 elapsed=6.16343s written=0
  crossing 0/250
  stopped velocity row 64 IC 582 x0=0.854687 velocity_parameter=0.0646667 status=outer_limit: trajectory reached the configured outer_limit radius
velocity row 64/120 IC 592/599 x0=0.856957 velocity_parameter=0.0646667 elapsed=6.20208s written=0
  crossing 0/250
  stopped velocity row 64 IC 592 x0=0.856957 velocity_parameter=0.0646667 status=outer_limit: trajectory reached the configured outer_limit radius
velocity row 64/120 IC 599/599 x0=0.858546 velocity_parameter=0.0646667 elapsed=6.23221s written=0
  crossing 0/250
  stopped velocity row 64 IC 599 x0=0.858546 velocity_parameter=0.0646667 status=outer_limit: trajectory reached the configured outer_limit radius
velocity row 65/120 IC 582/599 x0=0.854687 velocity_parameter=0.0808333 elapsed=6.23543s written=0
  crossing 0/250
  stopped velocity row 65 IC 582 x0=0.854687 velocity_parameter=0.0808333 status=outer_limit: trajectory reached the configured outer_limit radius
velocity row 65/120 IC 592/599 x0=0.856957 velocity_parameter=0.0808333 elapsed=6.28423s written=0
  crossing 0/250
  stopped velocity row 65 IC 592 x0=0.856957 velocity_parameter=0.0808333 status=outer_limit: trajectory reached the configured outer_limit radius
velocity row 65/120 IC 599/599 x0=0.858546 velocity_parameter=0.0808333 elapsed=6.30817s written=0
  crossing 0/250
  stopped velocity row 65 IC 599 x0=0.858546 velocity_parameter=0.0808333 status=outer_limit: trajectory reached the configured outer_limit radius
velocity row 66/120 IC 582/599 x0=0.854687 velocity_parameter=0.097 elapsed=6.31191s written=0
  crossing 0/250
  stopped velocity row 66 IC 582 x0=0.854687 velocity_parameter=0.097 status=outer_limit: trajectory reached the configured outer_limit radius
velocity row 66/120 IC 592/599 x0=0.856957 velocity_parameter=0.097 elapsed=6.35008s written=0
  crossing 0/250
  stopped velocity row 66 IC 592 x0=0.856957 velocity_parameter=0.097 status=outer_limit: trajectory reached the configured outer_limit radius
velocity row 66/120 IC 599/599 x0=0.858546 velocity_parameter=0.097 elapsed=6.37831s written=0
  crossing 0/250
  stopped velocity row 66 IC 599 x0=0.858546 velocity_parameter=0.097 status=outer_limit: trajectory reached the configured outer_limit radius
velocity row 67/120 IC 582/599 x0=0.854687 velocity_parameter=0.113167 elapsed=6.38233s written=0
  crossing 0/250
  stopped velocity row 67 IC 582 x0=0.854687 velocity_parameter=0.113167 status=outer_limit: trajectory reached the configured outer_limit radius
velocity row 67/120 IC 592/599 x0=0.856957 velocity_parameter=0.113167 elapsed=6.4277s written=0
  crossing 0/250
  stopped velocity row 67 IC 592 x0=0.856957 velocity_parameter=0.113167 status=outer_limit: trajectory reached the configured outer_limit radius
velocity row 67/120 IC 599/599 x0=0.858546 velocity_parameter=0.113167 elapsed=6.45381s written=0
  crossing 0/250
  stopped velocity row 67 IC 599 x0=0.858546 velocity_parameter=0.113167 status=outer_limit: trajectory reached the configured outer_limit radius
velocity row 68/120 IC 582/599 x0=0.854687 velocity_parameter=0.129333 elapsed=6.45675s written=0
  crossing 0/250
  stopped velocity row 68 IC 582 x0=0.854687 velocity_parameter=0.129333 status=outer_limit: trajectory reached the configured outer_limit radius
velocity row 68/120 IC 592/599 x0=0.856957 velocity_parameter=0.129333 elapsed=6.4991s written=0
  crossing 0/250
  stopped velocity row 68 IC 592 x0=0.856957 velocity_parameter=0.129333 status=outer_limit: trajectory reached the configured outer_limit radius
velocity row 68/120 IC 599/599 x0=0.858546 velocity_parameter=0.129333 elapsed=6.52509s written=0
  crossing 0/250
  stopped velocity row 68 IC 599 x0=0.858546 velocity_parameter=0.129333 status=outer_limit: trajectory reached the configured outer_limit radius
velocity row 69/120 IC 582/599 x0=0.854687 velocity_parameter=0.1455 elapsed=6.52852s written=0
  crossing 0/250
  stopped velocity row 69 IC 582 x0=0.854687 velocity_parameter=0.1455 status=outer_limit: trajectory reached the configured outer_limit radius
velocity row 69/120 IC 592/599 x0=0.856957 velocity_parameter=0.1455 elapsed=6.56209s written=0
  crossing 0/250
  stopped velocity row 69 IC 592 x0=0.856957 velocity_parameter=0.1455 status=outer_limit: trajectory reached the configured outer_limit radius
velocity row 69/120 IC 599/599 x0=0.858546 velocity_parameter=0.1455 elapsed=6.58838s written=0
  crossing 0/250
  stopped velocity row 69 IC 599 x0=0.858546 velocity_parameter=0.1455 status=outer_limit: trajectory reached the configured outer_limit radius
velocity row 70/120 IC 582/599 x0=0.854687 velocity_parameter=0.161667 elapsed=6.59141s written=0
  crossing 0/250
  stopped velocity row 70 IC 582 x0=0.854687 velocity_parameter=0.161667 status=outer_limit: trajectory reached the configured outer_limit radius
velocity row 70/120 IC 592/599 x0=0.856957 velocity_parameter=0.161667 elapsed=6.63408s written=0
  crossing 0/250
  stopped velocity row 70 IC 592 x0=0.856957 velocity_parameter=0.161667 status=outer_limit: trajectory reached the configured outer_limit radius
velocity row 70/120 IC 599/599 x0=0.858546 velocity_parameter=0.161667 elapsed=6.65748s written=0
  crossing 0/250
  stopped velocity row 70 IC 599 x0=0.858546 velocity_parameter=0.161667 status=outer_limit: trajectory reached the configured outer_limit radius
velocity row 71/120 IC 582/599 x0=0.854687 velocity_parameter=0.177833 elapsed=6.66103s written=0
  crossing 0/250
  stopped velocity row 71 IC 582 x0=0.854687 velocity_parameter=0.177833 status=outer_limit: trajectory reached the configured outer_limit radius
velocity row 71/120 IC 592/599 x0=0.856957 velocity_parameter=0.177833 elapsed=6.7105s written=0
  crossing 0/250
  stopped velocity row 71 IC 592 x0=0.856957 velocity_parameter=0.177833 status=outer_limit: trajectory reached the configured outer_limit radius
velocity row 71/120 IC 599/599 x0=0.858546 velocity_parameter=0.177833 elapsed=6.74226s written=0
  crossing 0/250
  stopped velocity row 71 IC 599 x0=0.858546 velocity_parameter=0.177833 status=outer_limit: trajectory reached the configured outer_limit radius
velocity row 72/120 IC 582/599 x0=0.854687 velocity_parameter=0.194 elapsed=6.74571s written=0
  crossing 0/250
  stopped velocity row 72 IC 582 x0=0.854687 velocity_parameter=0.194 status=outer_limit: trajectory reached the configured outer_limit radius
velocity row 72/120 IC 592/599 x0=0.856957 velocity_parameter=0.194 elapsed=6.79447s written=0
  crossing 0/250
  stopped velocity row 72 IC 592 x0=0.856957 velocity_parameter=0.194 status=outer_limit: trajectory reached the configured outer_limit radius
velocity row 72/120 IC 599/599 x0=0.858546 velocity_parameter=0.194 elapsed=6.82376s written=0
  crossing 0/250
  stopped velocity row 72 IC 599 x0=0.858546 velocity_parameter=0.194 status=outer_limit: trajectory reached the configured outer_limit radius
velocity row 73/120 IC 582/599 x0=0.854687 velocity_parameter=0.210167 elapsed=6.82704s written=0
  crossing 0/250
  stopped velocity row 73 IC 582 x0=0.854687 velocity_parameter=0.210167 status=outer_limit: trajectory reached the configured outer_limit radius
velocity row 73/120 IC 592/599 x0=0.856957 velocity_parameter=0.210167 elapsed=6.87668s written=0
  crossing 0/250
  stopped velocity row 73 IC 592 x0=0.856957 velocity_parameter=0.210167 status=outer_limit: trajectory reached the configured outer_limit radius
velocity row 73/120 IC 599/599 x0=0.858546 velocity_parameter=0.210167 elapsed=6.91416s written=0
  crossing 0/250
  stopped velocity row 73 IC 599 x0=0.858546 velocity_parameter=0.210167 status=outer_limit: trajectory reached the configured outer_limit radius
velocity row 74/120 IC 582/599 x0=0.854687 velocity_parameter=0.226333 elapsed=6.91731s written=0
  crossing 0/250
  stopped velocity row 74 IC 582 x0=0.854687 velocity_parameter=0.226333 status=outer_limit: trajectory reached the configured outer_limit radius
velocity row 74/120 IC 592/599 x0=0.856957 velocity_parameter=0.226333 elapsed=6.95913s written=0
  crossing 0/250
  stopped velocity row 74 IC 592 x0=0.856957 velocity_parameter=0.226333 status=outer_limit: trajectory reached the configured outer_limit radius
velocity row 74/120 IC 599/599 x0=0.858546 velocity_parameter=0.226333 elapsed=6.98731s written=0
  crossing 0/250
  stopped velocity row 74 IC 599 x0=0.858546 velocity_parameter=0.226333 status=outer_limit: trajectory reached the configured outer_limit radius
velocity row 75/120 IC 582/599 x0=0.854687 velocity_parameter=0.2425 elapsed=6.99091s written=0
  crossing 0/250
  stopped velocity row 75 IC 582 x0=0.854687 velocity_parameter=0.2425 status=outer_limit: trajectory reached the configured outer_limit radius
velocity row 75/120 IC 592/599 x0=0.856957 velocity_parameter=0.2425 elapsed=7.03241s written=0
  crossing 0/250
  stopped velocity row 75 IC 592 x0=0.856957 velocity_parameter=0.2425 status=outer_limit: trajectory reached the configured outer_limit radius
velocity row 75/120 IC 599/599 x0=0.858546 velocity_parameter=0.2425 elapsed=7.06419s written=0
  crossing 0/250
  stopped velocity row 75 IC 599 x0=0.858546 velocity_parameter=0.2425 status=outer_limit: trajectory reached the configured outer_limit radius
velocity row 76/120 IC 582/599 x0=0.854687 velocity_parameter=0.258667 elapsed=7.06827s written=0
  crossing 0/250
  stopped velocity row 76 IC 582 x0=0.854687 velocity_parameter=0.258667 status=outer_limit: trajectory reached the configured outer_limit radius
velocity row 76/120 IC 592/599 x0=0.856957 velocity_parameter=0.258667 elapsed=7.11035s written=0
  crossing 0/250
  stopped velocity row 76 IC 592 x0=0.856957 velocity_parameter=0.258667 status=outer_limit: trajectory reached the configured outer_limit radius
velocity row 76/120 IC 599/599 x0=0.858546 velocity_parameter=0.258667 elapsed=7.13988s written=0
  crossing 0/250
  stopped velocity row 76 IC 599 x0=0.858546 velocity_parameter=0.258667 status=outer_limit: trajectory reached the configured outer_limit radius
velocity row 77/120 IC 582/599 x0=0.854687 velocity_parameter=0.274833 elapsed=7.14279s written=0
  crossing 0/250
  stopped velocity row 77 IC 582 x0=0.854687 velocity_parameter=0.274833 status=outer_limit: trajectory reached the configured outer_limit radius
velocity row 77/120 IC 592/599 x0=0.856957 velocity_parameter=0.274833 elapsed=7.17946s written=0
  crossing 0/250
  stopped velocity row 77 IC 592 x0=0.856957 velocity_parameter=0.274833 status=outer_limit: trajectory reached the configured outer_limit radius
velocity row 77/120 IC 599/599 x0=0.858546 velocity_parameter=0.274833 elapsed=7.20731s written=0
  crossing 0/250
  stopped velocity row 77 IC 599 x0=0.858546 velocity_parameter=0.274833 status=outer_limit: trajectory reached the configured outer_limit radius
velocity row 78/120 IC 582/599 x0=0.854687 velocity_parameter=0.291 elapsed=7.21266s written=0
  crossing 0/250
  stopped velocity row 78 IC 582 x0=0.854687 velocity_parameter=0.291 status=outer_limit: trajectory reached the configured outer_limit radius
velocity row 78/120 IC 592/599 x0=0.856957 velocity_parameter=0.291 elapsed=7.27963s written=0
  crossing 0/250
  stopped velocity row 78 IC 592 x0=0.856957 velocity_parameter=0.291 status=outer_limit: trajectory reached the configured outer_limit radius
velocity row 78/120 IC 599/599 x0=0.858546 velocity_parameter=0.291 elapsed=7.30966s written=0
  crossing 0/250
  stopped velocity row 78 IC 599 x0=0.858546 velocity_parameter=0.291 status=outer_limit: trajectory reached the configured outer_limit radius
velocity row 79/120 IC 582/599 x0=0.854687 velocity_parameter=0.307167 elapsed=7.31302s written=0
  crossing 0/250
  stopped velocity row 79 IC 582 x0=0.854687 velocity_parameter=0.307167 status=outer_limit: trajectory reached the configured outer_limit radius
velocity row 79/120 IC 592/599 x0=0.856957 velocity_parameter=0.307167 elapsed=7.35044s written=0
  crossing 0/250
  stopped velocity row 79 IC 592 x0=0.856957 velocity_parameter=0.307167 status=outer_limit: trajectory reached the configured outer_limit radius
velocity row 79/120 IC 599/599 x0=0.858546 velocity_parameter=0.307167 elapsed=7.37877s written=0
  crossing 0/250
  stopped velocity row 79 IC 599 x0=0.858546 velocity_parameter=0.307167 status=outer_limit: trajectory reached the configured outer_limit radius
velocity row 80/120 IC 582/599 x0=0.854687 velocity_parameter=0.323333 elapsed=7.38189s written=0
  crossing 0/250
  stopped velocity row 80 IC 582 x0=0.854687 velocity_parameter=0.323333 status=outer_limit: trajectory reached the configured outer_limit radius
velocity row 80/120 IC 592/599 x0=0.856957 velocity_parameter=0.323333 elapsed=7.42741s written=0
  crossing 0/250
  stopped velocity row 80 IC 592 x0=0.856957 velocity_parameter=0.323333 status=outer_limit: trajectory reached the configured outer_limit radius
velocity row 80/120 IC 599/599 x0=0.858546 velocity_parameter=0.323333 elapsed=7.45054s written=0
  crossing 0/250
  stopped velocity row 80 IC 599 x0=0.858546 velocity_parameter=0.323333 status=outer_limit: trajectory reached the configured outer_limit radius
velocity row 81/120 IC 582/599 x0=0.854687 velocity_parameter=0.3395 elapsed=7.45503s written=0
  crossing 0/250
  stopped velocity row 81 IC 582 x0=0.854687 velocity_parameter=0.3395 status=outer_limit: trajectory reached the configured outer_limit radius
velocity row 81/120 IC 592/599 x0=0.856957 velocity_parameter=0.3395 elapsed=7.49851s written=0
  crossing 0/250
  stopped velocity row 81 IC 592 x0=0.856957 velocity_parameter=0.3395 status=outer_limit: trajectory reached the configured outer_limit radius
velocity row 81/120 IC 599/599 x0=0.858546 velocity_parameter=0.3395 elapsed=7.53761s written=0
  crossing 0/250
  stopped velocity row 81 IC 599 x0=0.858546 velocity_parameter=0.3395 status=outer_limit: trajectory reached the configured outer_limit radius
velocity row 82/120 IC 582/599 x0=0.854687 velocity_parameter=0.355667 elapsed=7.54297s written=0
  crossing 0/250
  stopped velocity row 82 IC 582 x0=0.854687 velocity_parameter=0.355667 status=outer_limit: trajectory reached the configured outer_limit radius
velocity row 82/120 IC 592/599 x0=0.856957 velocity_parameter=0.355667 elapsed=7.58614s written=0
  crossing 0/250
  stopped velocity row 82 IC 592 x0=0.856957 velocity_parameter=0.355667 status=outer_limit: trajectory reached the configured outer_limit radius
velocity row 82/120 IC 599/599 x0=0.858546 velocity_parameter=0.355667 elapsed=7.61037s written=0
  crossing 0/250
  stopped velocity row 82 IC 599 x0=0.858546 velocity_parameter=0.355667 status=outer_limit: trajectory reached the configured outer_limit radius
velocity row 83/120 IC 582/599 x0=0.854687 velocity_parameter=0.371833 elapsed=7.61557s written=0
  crossing 0/250
  stopped velocity row 83 IC 582 x0=0.854687 velocity_parameter=0.371833 status=outer_limit: trajectory reached the configured outer_limit radius
velocity row 83/120 IC 592/599 x0=0.856957 velocity_parameter=0.371833 elapsed=7.66222s written=0
  crossing 0/250
  stopped velocity row 83 IC 592 x0=0.856957 velocity_parameter=0.371833 status=outer_limit: trajectory reached the configured outer_limit radius
velocity row 83/120 IC 599/599 x0=0.858546 velocity_parameter=0.371833 elapsed=7.69157s written=0
  crossing 0/250
  stopped velocity row 83 IC 599 x0=0.858546 velocity_parameter=0.371833 status=outer_limit: trajectory reached the configured outer_limit radius
velocity row 84/120 IC 582/599 x0=0.854687 velocity_parameter=0.388 elapsed=7.69557s written=0
  crossing 0/250
  stopped velocity row 84 IC 582 x0=0.854687 velocity_parameter=0.388 status=outer_limit: trajectory reached the configured outer_limit radius
velocity row 84/120 IC 592/599 x0=0.856957 velocity_parameter=0.388 elapsed=7.7408s written=0
  crossing 0/250
  stopped velocity row 84 IC 592 x0=0.856957 velocity_parameter=0.388 status=outer_limit: trajectory reached the configured outer_limit radius
velocity row 84/120 IC 599/599 x0=0.858546 velocity_parameter=0.388 elapsed=7.7663s written=0
  crossing 0/250
  stopped velocity row 84 IC 599 x0=0.858546 velocity_parameter=0.388 status=outer_limit: trajectory reached the configured outer_limit radius
velocity row 85/120 IC 582/599 x0=0.854687 velocity_parameter=0.404167 elapsed=7.7729s written=0
  crossing 0/250
  stopped velocity row 85 IC 582 x0=0.854687 velocity_parameter=0.404167 status=outer_limit: trajectory reached the configured outer_limit radius
velocity row 85/120 IC 592/599 x0=0.856957 velocity_parameter=0.404167 elapsed=7.81192s written=0
  crossing 0/250
  stopped velocity row 85 IC 592 x0=0.856957 velocity_parameter=0.404167 status=outer_limit: trajectory reached the configured outer_limit radius
velocity row 85/120 IC 599/599 x0=0.858546 velocity_parameter=0.404167 elapsed=7.83737s written=0
  crossing 0/250
  stopped velocity row 85 IC 599 x0=0.858546 velocity_parameter=0.404167 status=outer_limit: trajectory reached the configured outer_limit radius
velocity row 86/120 IC 582/599 x0=0.854687 velocity_parameter=0.420333 elapsed=7.8404s written=0
  crossing 0/250
  stopped velocity row 86 IC 582 x0=0.854687 velocity_parameter=0.420333 status=outer_limit: trajectory reached the configured outer_limit radius
velocity row 86/120 IC 592/599 x0=0.856957 velocity_parameter=0.420333 elapsed=7.88607s written=0
  crossing 0/250
  stopped velocity row 86 IC 592 x0=0.856957 velocity_parameter=0.420333 status=outer_limit: trajectory reached the configured outer_limit radius
velocity row 86/120 IC 599/599 x0=0.858546 velocity_parameter=0.420333 elapsed=7.91761s written=0
  crossing 0/250
  stopped velocity row 86 IC 599 x0=0.858546 velocity_parameter=0.420333 status=outer_limit: trajectory reached the configured outer_limit radius
velocity row 87/120 IC 582/599 x0=0.854687 velocity_parameter=0.4365 elapsed=7.92081s written=0
  crossing 0/250
  stopped velocity row 87 IC 582 x0=0.854687 velocity_parameter=0.4365 status=outer_limit: trajectory reached the configured outer_limit radius
velocity row 87/120 IC 592/599 x0=0.856957 velocity_parameter=0.4365 elapsed=7.96027s written=0
  crossing 0/250
  stopped velocity row 87 IC 592 x0=0.856957 velocity_parameter=0.4365 status=outer_limit: trajectory reached the configured outer_limit radius
velocity row 87/120 IC 599/599 x0=0.858546 velocity_parameter=0.4365 elapsed=7.99266s written=0
  crossing 0/250
  stopped velocity row 87 IC 599 x0=0.858546 velocity_parameter=0.4365 status=outer_limit: trajectory reached the configured outer_limit radius
velocity row 88/120 IC 582/599 x0=0.854687 velocity_parameter=0.452667 elapsed=7.99667s written=0
  crossing 0/250
  stopped velocity row 88 IC 582 x0=0.854687 velocity_parameter=0.452667 status=outer_limit: trajectory reached the configured outer_limit radius
velocity row 88/120 IC 592/599 x0=0.856957 velocity_parameter=0.452667 elapsed=8.0389s written=0
  crossing 0/250
  stopped velocity row 88 IC 592 x0=0.856957 velocity_parameter=0.452667 status=outer_limit: trajectory reached the configured outer_limit radius
velocity row 88/120 IC 599/599 x0=0.858546 velocity_parameter=0.452667 elapsed=8.07131s written=0
  crossing 0/250
  stopped velocity row 88 IC 599 x0=0.858546 velocity_parameter=0.452667 status=outer_limit: trajectory reached the configured outer_limit radius
velocity row 89/120 IC 582/599 x0=0.854687 velocity_parameter=0.468833 elapsed=8.07485s written=0
  crossing 0/250
  stopped velocity row 89 IC 582 x0=0.854687 velocity_parameter=0.468833 status=outer_limit: trajectory reached the configured outer_limit radius
velocity row 89/120 IC 592/599 x0=0.856957 velocity_parameter=0.468833 elapsed=8.11442s written=0
  crossing 0/250
  stopped velocity row 89 IC 592 x0=0.856957 velocity_parameter=0.468833 status=outer_limit: trajectory reached the configured outer_limit radius
velocity row 89/120 IC 599/599 x0=0.858546 velocity_parameter=0.468833 elapsed=8.13852s written=0
  crossing 0/250
  stopped velocity row 89 IC 599 x0=0.858546 velocity_parameter=0.468833 status=outer_limit: trajectory reached the configured outer_limit radius
velocity row 90/120 IC 582/599 x0=0.854687 velocity_parameter=0.485 elapsed=8.14265s written=0
  crossing 0/250
  stopped velocity row 90 IC 582 x0=0.854687 velocity_parameter=0.485 status=outer_limit: trajectory reached the configured outer_limit radius
velocity row 90/120 IC 592/599 x0=0.856957 velocity_parameter=0.485 elapsed=8.18375s written=0
  crossing 0/250
  stopped velocity row 90 IC 592 x0=0.856957 velocity_parameter=0.485 status=outer_limit: trajectory reached the configured outer_limit radius
velocity row 90/120 IC 599/599 x0=0.858546 velocity_parameter=0.485 elapsed=8.20929s written=0
  crossing 0/250
  stopped velocity row 90 IC 599 x0=0.858546 velocity_parameter=0.485 status=outer_limit: trajectory reached the configured outer_limit radius
velocity row 91/120 IC 582/599 x0=0.854687 velocity_parameter=0.501167 elapsed=8.21278s written=0
  crossing 0/250
  stopped velocity row 91 IC 582 x0=0.854687 velocity_parameter=0.501167 status=outer_limit: trajectory reached the configured outer_limit radius
velocity row 91/120 IC 592/599 x0=0.856957 velocity_parameter=0.501167 elapsed=8.25817s written=0
  crossing 0/250
  stopped velocity row 91 IC 592 x0=0.856957 velocity_parameter=0.501167 status=outer_limit: trajectory reached the configured outer_limit radius
velocity row 91/120 IC 599/599 x0=0.858546 velocity_parameter=0.501167 elapsed=8.28415s written=0
  crossing 0/250
  stopped velocity row 91 IC 599 x0=0.858546 velocity_parameter=0.501167 status=outer_limit: trajectory reached the configured outer_limit radius
velocity row 92/120 IC 582/599 x0=0.854687 velocity_parameter=0.517333 elapsed=8.28714s written=0
  crossing 0/250
  stopped velocity row 92 IC 582 x0=0.854687 velocity_parameter=0.517333 status=outer_limit: trajectory reached the configured outer_limit radius
velocity row 92/120 IC 592/599 x0=0.856957 velocity_parameter=0.517333 elapsed=8.3399s written=0
  crossing 0/250
  stopped velocity row 92 IC 592 x0=0.856957 velocity_parameter=0.517333 status=outer_limit: trajectory reached the configured outer_limit radius
velocity row 92/120 IC 599/599 x0=0.858546 velocity_parameter=0.517333 elapsed=8.36283s written=0
  crossing 0/250
  stopped velocity row 92 IC 599 x0=0.858546 velocity_parameter=0.517333 status=outer_limit: trajectory reached the configured outer_limit radius
velocity row 93/120 IC 582/599 x0=0.854687 velocity_parameter=0.5335 elapsed=8.36629s written=0
  crossing 0/250
  stopped velocity row 93 IC 582 x0=0.854687 velocity_parameter=0.5335 status=outer_limit: trajectory reached the configured outer_limit radius
velocity row 93/120 IC 592/599 x0=0.856957 velocity_parameter=0.5335 elapsed=8.41554s written=0
  crossing 0/250
  stopped velocity row 93 IC 592 x0=0.856957 velocity_parameter=0.5335 status=outer_limit: trajectory reached the configured outer_limit radius
velocity row 93/120 IC 599/599 x0=0.858546 velocity_parameter=0.5335 elapsed=8.44234s written=0
  crossing 0/250
  stopped velocity row 93 IC 599 x0=0.858546 velocity_parameter=0.5335 status=outer_limit: trajectory reached the configured outer_limit radius
velocity row 94/120 IC 582/599 x0=0.854687 velocity_parameter=0.549667 elapsed=8.44822s written=0
  crossing 0/250
  stopped velocity row 94 IC 582 x0=0.854687 velocity_parameter=0.549667 status=outer_limit: trajectory reached the configured outer_limit radius
velocity row 94/120 IC 592/599 x0=0.856957 velocity_parameter=0.549667 elapsed=8.492s written=0
  crossing 0/250
  stopped velocity row 94 IC 592 x0=0.856957 velocity_parameter=0.549667 status=outer_limit: trajectory reached the configured outer_limit radius
velocity row 94/120 IC 599/599 x0=0.858546 velocity_parameter=0.549667 elapsed=8.51704s written=0
  crossing 0/250
  stopped velocity row 94 IC 599 x0=0.858546 velocity_parameter=0.549667 status=outer_limit: trajectory reached the configured outer_limit radius
velocity row 95/120 IC 582/599 x0=0.854687 velocity_parameter=0.565833 elapsed=8.52092s written=0
  crossing 0/250
  stopped velocity row 95 IC 582 x0=0.854687 velocity_parameter=0.565833 status=outer_limit: trajectory reached the configured outer_limit radius
velocity row 95/120 IC 592/599 x0=0.856957 velocity_parameter=0.565833 elapsed=8.55432s written=0
  crossing 0/250
  stopped velocity row 95 IC 592 x0=0.856957 velocity_parameter=0.565833 status=outer_limit: trajectory reached the configured outer_limit radius
velocity row 95/120 IC 599/599 x0=0.858546 velocity_parameter=0.565833 elapsed=8.58188s written=0
  crossing 0/250
  stopped velocity row 95 IC 599 x0=0.858546 velocity_parameter=0.565833 status=outer_limit: trajectory reached the configured outer_limit radius
velocity row 96/120 IC 582/599 x0=0.854687 velocity_parameter=0.582 elapsed=8.5869s written=0
  crossing 0/250
  stopped velocity row 96 IC 582 x0=0.854687 velocity_parameter=0.582 status=outer_limit: trajectory reached the configured outer_limit radius
velocity row 96/120 IC 592/599 x0=0.856957 velocity_parameter=0.582 elapsed=8.62412s written=0
  crossing 0/250
  stopped velocity row 96 IC 592 x0=0.856957 velocity_parameter=0.582 status=outer_limit: trajectory reached the configured outer_limit radius
velocity row 96/120 IC 599/599 x0=0.858546 velocity_parameter=0.582 elapsed=8.65141s written=0
  crossing 0/250
  stopped velocity row 96 IC 599 x0=0.858546 velocity_parameter=0.582 status=outer_limit: trajectory reached the configured outer_limit radius
velocity row 97/120 IC 582/599 x0=0.854687 velocity_parameter=0.598167 elapsed=8.6549s written=0
  crossing 0/250
  stopped velocity row 97 IC 582 x0=0.854687 velocity_parameter=0.598167 status=outer_limit: trajectory reached the configured outer_limit radius
velocity row 97/120 IC 592/599 x0=0.856957 velocity_parameter=0.598167 elapsed=8.69608s written=0
  crossing 0/250
  stopped velocity row 97 IC 592 x0=0.856957 velocity_parameter=0.598167 status=outer_limit: trajectory reached the configured outer_limit radius
velocity row 97/120 IC 599/599 x0=0.858546 velocity_parameter=0.598167 elapsed=8.72358s written=0
  crossing 0/250
  stopped velocity row 97 IC 599 x0=0.858546 velocity_parameter=0.598167 status=outer_limit: trajectory reached the configured outer_limit radius
velocity row 98/120 IC 582/599 x0=0.854687 velocity_parameter=0.614333 elapsed=8.72646s written=0
  crossing 0/250
  stopped velocity row 98 IC 582 x0=0.854687 velocity_parameter=0.614333 status=outer_limit: trajectory reached the configured outer_limit radius
velocity row 98/120 IC 592/599 x0=0.856957 velocity_parameter=0.614333 elapsed=8.77153s written=0
  crossing 0/250
  stopped velocity row 98 IC 592 x0=0.856957 velocity_parameter=0.614333 status=outer_limit: trajectory reached the configured outer_limit radius
velocity row 98/120 IC 599/599 x0=0.858546 velocity_parameter=0.614333 elapsed=8.7984s written=0
  crossing 0/250
  stopped velocity row 98 IC 599 x0=0.858546 velocity_parameter=0.614333 status=outer_limit: trajectory reached the configured outer_limit radius
velocity row 99/120 IC 582/599 x0=0.854687 velocity_parameter=0.6305 elapsed=8.80191s written=0
  crossing 0/250
  stopped velocity row 99 IC 582 x0=0.854687 velocity_parameter=0.6305 status=outer_limit: trajectory reached the configured outer_limit radius
velocity row 99/120 IC 592/599 x0=0.856957 velocity_parameter=0.6305 elapsed=8.84382s written=0
  crossing 0/250
  stopped velocity row 99 IC 592 x0=0.856957 velocity_parameter=0.6305 status=outer_limit: trajectory reached the configured outer_limit radius
velocity row 99/120 IC 599/599 x0=0.858546 velocity_parameter=0.6305 elapsed=8.87813s written=0
  crossing 0/250
  stopped velocity row 99 IC 599 x0=0.858546 velocity_parameter=0.6305 status=outer_limit: trajectory reached the configured outer_limit radius
velocity row 100/120 IC 582/599 x0=0.854687 velocity_parameter=0.646667 elapsed=8.8815s written=0
  crossing 0/250
  stopped velocity row 100 IC 582 x0=0.854687 velocity_parameter=0.646667 status=outer_limit: trajectory reached the configured outer_limit radius
velocity row 100/120 IC 592/599 x0=0.856957 velocity_parameter=0.646667 elapsed=8.92277s written=0
  crossing 0/250
  stopped velocity row 100 IC 592 x0=0.856957 velocity_parameter=0.646667 status=outer_limit: trajectory reached the configured outer_limit radius
velocity row 100/120 IC 599/599 x0=0.858546 velocity_parameter=0.646667 elapsed=8.95118s written=0
  crossing 0/250
  stopped velocity row 100 IC 599 x0=0.858546 velocity_parameter=0.646667 status=outer_limit: trajectory reached the configured outer_limit radius
velocity row 101/120 IC 582/599 x0=0.854687 velocity_parameter=0.662833 elapsed=8.9549s written=0
  crossing 0/250
  stopped velocity row 101 IC 582 x0=0.854687 velocity_parameter=0.662833 status=outer_limit: trajectory reached the configured outer_limit radius
velocity row 101/120 IC 592/599 x0=0.856957 velocity_parameter=0.662833 elapsed=8.98971s written=0
  crossing 0/250
  stopped velocity row 101 IC 592 x0=0.856957 velocity_parameter=0.662833 status=outer_limit: trajectory reached the configured outer_limit radius
velocity row 101/120 IC 599/599 x0=0.858546 velocity_parameter=0.662833 elapsed=9.02083s written=0
  crossing 0/250
  stopped velocity row 101 IC 599 x0=0.858546 velocity_parameter=0.662833 status=outer_limit: trajectory reached the configured outer_limit radius
velocity row 102/120 IC 582/599 x0=0.854687 velocity_parameter=0.679 elapsed=9.02464s written=0
  crossing 0/250
  stopped velocity row 102 IC 582 x0=0.854687 velocity_parameter=0.679 status=outer_limit: trajectory reached the configured outer_limit radius
velocity row 102/120 IC 592/599 x0=0.856957 velocity_parameter=0.679 elapsed=9.06991s written=0
  crossing 0/250
  stopped velocity row 102 IC 592 x0=0.856957 velocity_parameter=0.679 status=outer_limit: trajectory reached the configured outer_limit radius
velocity row 102/120 IC 599/599 x0=0.858546 velocity_parameter=0.679 elapsed=9.09269s written=0
  crossing 0/250
  stopped velocity row 102 IC 599 x0=0.858546 velocity_parameter=0.679 status=outer_limit: trajectory reached the configured outer_limit radius
velocity row 103/120 IC 582/599 x0=0.854687 velocity_parameter=0.695167 elapsed=9.09775s written=0
  crossing 0/250
  stopped velocity row 103 IC 582 x0=0.854687 velocity_parameter=0.695167 status=outer_limit: trajectory reached the configured outer_limit radius
velocity row 103/120 IC 592/599 x0=0.856957 velocity_parameter=0.695167 elapsed=9.14553s written=0
  crossing 0/250
  stopped velocity row 103 IC 592 x0=0.856957 velocity_parameter=0.695167 status=outer_limit: trajectory reached the configured outer_limit radius
velocity row 103/120 IC 599/599 x0=0.858546 velocity_parameter=0.695167 elapsed=9.18073s written=0
  crossing 0/250
  stopped velocity row 103 IC 599 x0=0.858546 velocity_parameter=0.695167 status=outer_limit: trajectory reached the configured outer_limit radius
velocity row 104/120 IC 582/599 x0=0.854687 velocity_parameter=0.711333 elapsed=9.18574s written=0
  crossing 0/250
  stopped velocity row 104 IC 582 x0=0.854687 velocity_parameter=0.711333 status=outer_limit: trajectory reached the configured outer_limit radius
velocity row 104/120 IC 592/599 x0=0.856957 velocity_parameter=0.711333 elapsed=9.22059s written=0
  crossing 0/250
  stopped velocity row 104 IC 592 x0=0.856957 velocity_parameter=0.711333 status=outer_limit: trajectory reached the configured outer_limit radius
velocity row 104/120 IC 599/599 x0=0.858546 velocity_parameter=0.711333 elapsed=9.24426s written=0
  crossing 0/250
  stopped velocity row 104 IC 599 x0=0.858546 velocity_parameter=0.711333 status=outer_limit: trajectory reached the configured outer_limit radius
velocity row 105/120 IC 582/599 x0=0.854687 velocity_parameter=0.7275 elapsed=9.24718s written=0
  crossing 0/250
  stopped velocity row 105 IC 582 x0=0.854687 velocity_parameter=0.7275 status=outer_limit: trajectory reached the configured outer_limit radius
velocity row 105/120 IC 592/599 x0=0.856957 velocity_parameter=0.7275 elapsed=9.29101s written=0
  crossing 0/250
  stopped velocity row 105 IC 592 x0=0.856957 velocity_parameter=0.7275 status=outer_limit: trajectory reached the configured outer_limit radius
velocity row 105/120 IC 599/599 x0=0.858546 velocity_parameter=0.7275 elapsed=9.32236s written=0
  crossing 0/250
  stopped velocity row 105 IC 599 x0=0.858546 velocity_parameter=0.7275 status=outer_limit: trajectory reached the configured outer_limit radius
velocity row 106/120 IC 582/599 x0=0.854687 velocity_parameter=0.743667 elapsed=9.32874s written=0
  crossing 0/250
  stopped velocity row 106 IC 582 x0=0.854687 velocity_parameter=0.743667 status=outer_limit: trajectory reached the configured outer_limit radius
velocity row 106/120 IC 592/599 x0=0.856957 velocity_parameter=0.743667 elapsed=9.38355s written=0
  crossing 0/250
  stopped velocity row 106 IC 592 x0=0.856957 velocity_parameter=0.743667 status=outer_limit: trajectory reached the configured outer_limit radius
velocity row 106/120 IC 599/599 x0=0.858546 velocity_parameter=0.743667 elapsed=9.41374s written=0
  crossing 0/250
  stopped velocity row 106 IC 599 x0=0.858546 velocity_parameter=0.743667 status=outer_limit: trajectory reached the configured outer_limit radius
velocity row 107/120 IC 582/599 x0=0.854687 velocity_parameter=0.759833 elapsed=9.41892s written=0
  crossing 0/250
  stopped velocity row 107 IC 582 x0=0.854687 velocity_parameter=0.759833 status=outer_limit: trajectory reached the configured outer_limit radius
velocity row 107/120 IC 592/599 x0=0.856957 velocity_parameter=0.759833 elapsed=9.45305s written=0
  crossing 0/250
  stopped velocity row 107 IC 592 x0=0.856957 velocity_parameter=0.759833 status=outer_limit: trajectory reached the configured outer_limit radius
velocity row 107/120 IC 599/599 x0=0.858546 velocity_parameter=0.759833 elapsed=9.48805s written=0
  crossing 0/250
  stopped velocity row 107 IC 599 x0=0.858546 velocity_parameter=0.759833 status=outer_limit: trajectory reached the configured outer_limit radius
velocity row 108/120 IC 582/599 x0=0.854687 velocity_parameter=0.776 elapsed=9.49484s written=0
  crossing 0/250
  stopped velocity row 108 IC 582 x0=0.854687 velocity_parameter=0.776 status=outer_limit: trajectory reached the configured outer_limit radius
velocity row 108/120 IC 592/599 x0=0.856957 velocity_parameter=0.776 elapsed=9.5337s written=0
  crossing 0/250
  stopped velocity row 108 IC 592 x0=0.856957 velocity_parameter=0.776 status=outer_limit: trajectory reached the configured outer_limit radius
velocity row 108/120 IC 599/599 x0=0.858546 velocity_parameter=0.776 elapsed=9.56219s written=0
  crossing 0/250
  stopped velocity row 108 IC 599 x0=0.858546 velocity_parameter=0.776 status=outer_limit: trajectory reached the configured outer_limit radius
velocity row 109/120 IC 582/599 x0=0.854687 velocity_parameter=0.792167 elapsed=9.56515s written=0
  crossing 0/250
  stopped velocity row 109 IC 582 x0=0.854687 velocity_parameter=0.792167 status=outer_limit: trajectory reached the configured outer_limit radius
velocity row 109/120 IC 592/599 x0=0.856957 velocity_parameter=0.792167 elapsed=9.60064s written=0
  crossing 0/250
  stopped velocity row 109 IC 592 x0=0.856957 velocity_parameter=0.792167 status=outer_limit: trajectory reached the configured outer_limit radius
velocity row 109/120 IC 599/599 x0=0.858546 velocity_parameter=0.792167 elapsed=9.6226s written=0
  crossing 0/250
  stopped velocity row 109 IC 599 x0=0.858546 velocity_parameter=0.792167 status=outer_limit: trajectory reached the configured outer_limit radius
velocity row 110/120 IC 582/599 x0=0.854687 velocity_parameter=0.808333 elapsed=9.62657s written=0
  crossing 0/250
  stopped velocity row 110 IC 582 x0=0.854687 velocity_parameter=0.808333 status=outer_limit: trajectory reached the configured outer_limit radius
velocity row 110/120 IC 592/599 x0=0.856957 velocity_parameter=0.808333 elapsed=9.66479s written=0
  crossing 0/250
  stopped velocity row 110 IC 592 x0=0.856957 velocity_parameter=0.808333 status=outer_limit: trajectory reached the configured outer_limit radius
velocity row 110/120 IC 599/599 x0=0.858546 velocity_parameter=0.808333 elapsed=9.6906s written=0
  crossing 0/250
  stopped velocity row 110 IC 599 x0=0.858546 velocity_parameter=0.808333 status=outer_limit: trajectory reached the configured outer_limit radius
velocity row 111/120 IC 582/599 x0=0.854687 velocity_parameter=0.8245 elapsed=9.69796s written=0
  crossing 0/250
  stopped velocity row 111 IC 582 x0=0.854687 velocity_parameter=0.8245 status=outer_limit: trajectory reached the configured outer_limit radius
velocity row 111/120 IC 592/599 x0=0.856957 velocity_parameter=0.8245 elapsed=9.73478s written=0
  crossing 0/250
  stopped velocity row 111 IC 592 x0=0.856957 velocity_parameter=0.8245 status=outer_limit: trajectory reached the configured outer_limit radius
velocity row 111/120 IC 599/599 x0=0.858546 velocity_parameter=0.8245 elapsed=9.76101s written=0
  crossing 0/250
  stopped velocity row 111 IC 599 x0=0.858546 velocity_parameter=0.8245 status=outer_limit: trajectory reached the configured outer_limit radius
velocity row 112/120 IC 582/599 x0=0.854687 velocity_parameter=0.840667 elapsed=9.76744s written=0
  crossing 0/250
  stopped velocity row 112 IC 582 x0=0.854687 velocity_parameter=0.840667 status=outer_limit: trajectory reached the configured outer_limit radius
velocity row 112/120 IC 592/599 x0=0.856957 velocity_parameter=0.840667 elapsed=9.80105s written=0
  crossing 0/250
  stopped velocity row 112 IC 592 x0=0.856957 velocity_parameter=0.840667 status=outer_limit: trajectory reached the configured outer_limit radius
velocity row 112/120 IC 599/599 x0=0.858546 velocity_parameter=0.840667 elapsed=9.82225s written=0
  crossing 0/250
  stopped velocity row 112 IC 599 x0=0.858546 velocity_parameter=0.840667 status=outer_limit: trajectory reached the configured outer_limit radius
velocity row 113/120 IC 582/599 x0=0.854687 velocity_parameter=0.856833 elapsed=9.82588s written=0
  crossing 0/250
  stopped velocity row 113 IC 582 x0=0.854687 velocity_parameter=0.856833 status=outer_limit: trajectory reached the configured outer_limit radius
velocity row 113/120 IC 592/599 x0=0.856957 velocity_parameter=0.856833 elapsed=9.87206s written=0
  crossing 0/250
  stopped velocity row 113 IC 592 x0=0.856957 velocity_parameter=0.856833 status=outer_limit: trajectory reached the configured outer_limit radius
velocity row 113/120 IC 599/599 x0=0.858546 velocity_parameter=0.856833 elapsed=9.89955s written=0
  crossing 0/250
  stopped velocity row 113 IC 599 x0=0.858546 velocity_parameter=0.856833 status=outer_limit: trajectory reached the configured outer_limit radius
velocity row 114/120 IC 582/599 x0=0.854687 velocity_parameter=0.873 elapsed=9.90393s written=0
  crossing 0/250
  stopped velocity row 114 IC 582 x0=0.854687 velocity_parameter=0.873 status=outer_limit: trajectory reached the configured outer_limit radius
velocity row 114/120 IC 592/599 x0=0.856957 velocity_parameter=0.873 elapsed=9.95466s written=0
  crossing 0/250
  stopped velocity row 114 IC 592 x0=0.856957 velocity_parameter=0.873 status=outer_limit: trajectory reached the configured outer_limit radius
velocity row 114/120 IC 599/599 x0=0.858546 velocity_parameter=0.873 elapsed=9.9794s written=0
  crossing 0/250
  stopped velocity row 114 IC 599 x0=0.858546 velocity_parameter=0.873 status=outer_limit: trajectory reached the configured outer_limit radius
velocity row 115/120 IC 582/599 x0=0.854687 velocity_parameter=0.889167 elapsed=9.98508s written=0
  crossing 0/250
  stopped velocity row 115 IC 582 x0=0.854687 velocity_parameter=0.889167 status=outer_limit: trajectory reached the configured outer_limit radius
velocity row 115/120 IC 592/599 x0=0.856957 velocity_parameter=0.889167 elapsed=10.0293s written=0
  crossing 0/250
  stopped velocity row 115 IC 592 x0=0.856957 velocity_parameter=0.889167 status=outer_limit: trajectory reached the configured outer_limit radius
velocity row 115/120 IC 599/599 x0=0.858546 velocity_parameter=0.889167 elapsed=10.0558s written=0
  crossing 0/250
  stopped velocity row 115 IC 599 x0=0.858546 velocity_parameter=0.889167 status=outer_limit: trajectory reached the configured outer_limit radius
velocity row 116/120 IC 582/599 x0=0.854687 velocity_parameter=0.905333 elapsed=10.0591s written=0
  crossing 0/250
  stopped velocity row 116 IC 582 x0=0.854687 velocity_parameter=0.905333 status=outer_limit: trajectory reached the configured outer_limit radius
velocity row 116/120 IC 592/599 x0=0.856957 velocity_parameter=0.905333 elapsed=10.1073s written=0
  crossing 0/250
  stopped velocity row 116 IC 592 x0=0.856957 velocity_parameter=0.905333 status=outer_limit: trajectory reached the configured outer_limit radius
velocity row 116/120 IC 599/599 x0=0.858546 velocity_parameter=0.905333 elapsed=10.1309s written=0
  crossing 0/250
  stopped velocity row 116 IC 599 x0=0.858546 velocity_parameter=0.905333 status=outer_limit: trajectory reached the configured outer_limit radius
velocity row 117/120 IC 582/599 x0=0.854687 velocity_parameter=0.9215 elapsed=10.1352s written=0
  crossing 0/250
  stopped velocity row 117 IC 582 x0=0.854687 velocity_parameter=0.9215 status=outer_limit: trajectory reached the configured outer_limit radius
velocity row 117/120 IC 592/599 x0=0.856957 velocity_parameter=0.9215 elapsed=10.1734s written=0
  crossing 0/250
  stopped velocity row 117 IC 592 x0=0.856957 velocity_parameter=0.9215 status=outer_limit: trajectory reached the configured outer_limit radius
velocity row 117/120 IC 599/599 x0=0.858546 velocity_parameter=0.9215 elapsed=10.2027s written=0
  crossing 0/250
  stopped velocity row 117 IC 599 x0=0.858546 velocity_parameter=0.9215 status=outer_limit: trajectory reached the configured outer_limit radius
velocity row 118/120 IC 582/599 x0=0.854687 velocity_parameter=0.937667 elapsed=10.2056s written=0
  crossing 0/250
  stopped velocity row 118 IC 582 x0=0.854687 velocity_parameter=0.937667 status=outer_limit: trajectory reached the configured outer_limit radius
velocity row 118/120 IC 592/599 x0=0.856957 velocity_parameter=0.937667 elapsed=10.2447s written=0
  crossing 0/250
  stopped velocity row 118 IC 592 x0=0.856957 velocity_parameter=0.937667 status=outer_limit: trajectory reached the configured outer_limit radius
velocity row 118/120 IC 599/599 x0=0.858546 velocity_parameter=0.937667 elapsed=10.2745s written=0
  crossing 0/250
  stopped velocity row 118 IC 599 x0=0.858546 velocity_parameter=0.937667 status=outer_limit: trajectory reached the configured outer_limit radius
velocity row 119/120 IC 582/599 x0=0.854687 velocity_parameter=0.953833 elapsed=10.2779s written=0
  crossing 0/250
  stopped velocity row 119 IC 582 x0=0.854687 velocity_parameter=0.953833 status=outer_limit: trajectory reached the configured outer_limit radius
velocity row 119/120 IC 592/599 x0=0.856957 velocity_parameter=0.953833 elapsed=10.3124s written=0
  crossing 0/250
  stopped velocity row 119 IC 592 x0=0.856957 velocity_parameter=0.953833 status=outer_limit: trajectory reached the configured outer_limit radius
velocity row 119/120 IC 599/599 x0=0.858546 velocity_parameter=0.953833 elapsed=10.3393s written=0
  crossing 0/250
  stopped velocity row 119 IC 599 x0=0.858546 velocity_parameter=0.953833 status=outer_limit: trajectory reached the configured outer_limit radius
velocity row 120/120 IC 582/599 x0=0.854687 velocity_parameter=0.97 elapsed=10.3435s written=0
  crossing 0/250
  stopped velocity row 120 IC 582 x0=0.854687 velocity_parameter=0.97 status=outer_limit: trajectory reached the configured outer_limit radius
velocity row 120/120 IC 592/599 x0=0.856957 velocity_parameter=0.97 elapsed=10.3852s written=0
  crossing 0/250
  stopped velocity row 120 IC 592 x0=0.856957 velocity_parameter=0.97 status=outer_limit: trajectory reached the configured outer_limit radius
velocity row 120/120 IC 599/599 x0=0.858546 velocity_parameter=0.97 elapsed=10.4075s written=0
  crossing 0/250
  stopped velocity row 120 IC 599 x0=0.858546 velocity_parameter=0.97 status=outer_limit: trajectory reached the configured outer_limit radius
metadata -> /mnt/c/Users/payne/Code/Hill_4BP/professional_neck_studies/e1_dense_001/survey/level_001_delta_1e_minus_3/open/shard_0031/metadata.txt
wrote 0 points (0 ICs skipped, 2178 orbits stopped early, elapsed=10.4102s) -> /mnt/c/Users/payne/Code/Hill_4BP/professional_neck_studies/e1_dense_001/survey/level_001_delta_1e_minus_3/open/shard_0031/points.csv
outcomes: collision=0 completed=0 forbidden=0 inner_radius_limit=0 invalid_initial_radius=0 invalid_velocity=0 nontransverse=0 numerical_failure=0 outer_limit=2178 timeout=0
maximum sampled |H-h|=7.09596e-16
