zero-velocity boundary -> /mnt/c/Users/payne/Code/Hill_4BP/professional_neck_studies/e1_dense_001/survey/level_000_delta_1e_minus_2/closed/shard_0007/zero_velocity_boundary.csv
lambda1=0.0272549 lambda2=2.97275 A=-0.986373 B=0.486373 c=0.0976566 c1=0 c2=0 c3=-0.0976566 h=-2.40154 (C=4.80307)
E1/E2 neck h=-2.39154 (C=4.78307), E3/E4 neck h=-0.454039 (C=0.908078)
energy_mode=neck_delta neck=E1 hcrit=-2.39154 delta=0.01 side=closed actual_neck_side=closed delta_h=-0.01
x_count=600 xdot_count=121 iterates=250 index range=[133,151] velocity_mode=fraction x_range=[0.575546,1.00556] max_return_time=100
smooth coordinates R=sqrt(rho), CAPD crossing mode=Both solver_order=28 max_step=0.005 abs_tol=1e-15 rel_tol=1e-13 collision_radius=1e-06 outer_radius=5
velocity row 0/120 IC 133/599 x0=0.671026 velocity_parameter=-0.97 elapsed=1.7e-07s written=0
  crossing 0/250
  stopped velocity row 0 IC 133 x0=0.671026 velocity_parameter=-0.97 status=collision: trajectory reached the configured collision radius
  stopped velocity row 0 IC 134 x0=0.671744 velocity_parameter=-0.97 status=collision: trajectory reached the configured collision radius
  stopped velocity row 0 IC 135 x0=0.672461 velocity_parameter=-0.97 status=collision: trajectory reached the configured collision radius
  stopped velocity row 0 IC 136 x0=0.673179 velocity_parameter=-0.97 status=collision: trajectory reached the configured collision radius
  stopped velocity row 0 IC 137 x0=0.673897 velocity_parameter=-0.97 status=collision: trajectory reached the configured collision radius
  stopped velocity row 0 IC 138 x0=0.674615 velocity_parameter=-0.97 status=collision: trajectory reached the configured collision radius
  stopped velocity row 0 IC 139 x0=0.675333 velocity_parameter=-0.97 status=collision: trajectory reached the configured collision radius
  stopped velocity row 0 IC 140 x0=0.676051 velocity_parameter=-0.97 status=collision: trajectory reached the configured collision radius
  stopped velocity row 0 IC 141 x0=0.676769 velocity_parameter=-0.97 status=collision: trajectory reached the configured collision radius
  stopped velocity row 0 IC 142 x0=0.677487 velocity_parameter=-0.97 status=collision: trajectory reached the configured collision radius
velocity row 0/120 IC 143/599 x0=0.678205 velocity_parameter=-0.97 elapsed=0.638182s written=0
  crossing 0/250
  stopped velocity row 0 IC 143 x0=0.678205 velocity_parameter=-0.97 status=collision: trajectory reached the configured collision radius
velocity row 0/120 IC 151/599 x0=0.683948 velocity_parameter=-0.97 elapsed=1.16059s written=0
  crossing 0/250
  stopped velocity row 0 IC 151 x0=0.683948 velocity_parameter=-0.97 status=collision: trajectory reached the configured collision radius
velocity row 1/120 IC 133/599 x0=0.671026 velocity_parameter=-0.953833 elapsed=1.21717s written=0
  crossing 0/250
  stopped velocity row 1 IC 133 x0=0.671026 velocity_parameter=-0.953833 status=collision: trajectory reached the configured collision radius
velocity row 1/120 IC 143/599 x0=0.678205 velocity_parameter=-0.953833 elapsed=1.86803s written=0
  crossing 0/250
  stopped velocity row 1 IC 143 x0=0.678205 velocity_parameter=-0.953833 status=collision: trajectory reached the configured collision radius
velocity row 1/120 IC 151/599 x0=0.683948 velocity_parameter=-0.953833 elapsed=2.34992s written=0
  crossing 0/250
  stopped velocity row 1 IC 151 x0=0.683948 velocity_parameter=-0.953833 status=collision: trajectory reached the configured collision radius
velocity row 2/120 IC 133/599 x0=0.671026 velocity_parameter=-0.937667 elapsed=2.41233s written=0
  crossing 0/250
  stopped velocity row 2 IC 133 x0=0.671026 velocity_parameter=-0.937667 status=collision: trajectory reached the configured collision radius
velocity row 2/120 IC 143/599 x0=0.678205 velocity_parameter=-0.937667 elapsed=3.04671s written=0
  crossing 0/250
  stopped velocity row 2 IC 143 x0=0.678205 velocity_parameter=-0.937667 status=collision: trajectory reached the configured collision radius
velocity row 2/120 IC 151/599 x0=0.683948 velocity_parameter=-0.937667 elapsed=3.57363s written=0
  crossing 0/250
  stopped velocity row 2 IC 151 x0=0.683948 velocity_parameter=-0.937667 status=collision: trajectory reached the configured collision radius
velocity row 3/120 IC 133/599 x0=0.671026 velocity_parameter=-0.9215 elapsed=3.63893s written=0
  crossing 0/250
  stopped velocity row 3 IC 133 x0=0.671026 velocity_parameter=-0.9215 status=collision: trajectory reached the configured collision radius
velocity row 3/120 IC 143/599 x0=0.678205 velocity_parameter=-0.9215 elapsed=4.27838s written=0
  crossing 0/250
  stopped velocity row 3 IC 143 x0=0.678205 velocity_parameter=-0.9215 status=collision: trajectory reached the configured collision radius
velocity row 3/120 IC 151/599 x0=0.683948 velocity_parameter=-0.9215 elapsed=4.80339s written=0
  crossing 0/250
  stopped velocity row 3 IC 151 x0=0.683948 velocity_parameter=-0.9215 status=collision: trajectory reached the configured collision radius
velocity row 4/120 IC 133/599 x0=0.671026 velocity_parameter=-0.905333 elapsed=4.87299s written=0
  crossing 0/250
  stopped velocity row 4 IC 133 x0=0.671026 velocity_parameter=-0.905333 status=collision: trajectory reached the configured collision radius
velocity row 4/120 IC 143/599 x0=0.678205 velocity_parameter=-0.905333 elapsed=5.52599s written=0
  crossing 0/250
  stopped velocity row 4 IC 143 x0=0.678205 velocity_parameter=-0.905333 status=collision: trajectory reached the configured collision radius
velocity row 4/120 IC 151/599 x0=0.683948 velocity_parameter=-0.905333 elapsed=6.05506s written=0
  crossing 0/250
  stopped velocity row 4 IC 151 x0=0.683948 velocity_parameter=-0.905333 status=collision: trajectory reached the configured collision radius
velocity row 5/120 IC 133/599 x0=0.671026 velocity_parameter=-0.889167 elapsed=6.12022s written=0
  crossing 0/250
  stopped velocity row 5 IC 133 x0=0.671026 velocity_parameter=-0.889167 status=collision: trajectory reached the configured collision radius
velocity row 5/120 IC 143/599 x0=0.678205 velocity_parameter=-0.889167 elapsed=6.74884s written=0
  crossing 0/250
  stopped velocity row 5 IC 143 x0=0.678205 velocity_parameter=-0.889167 status=collision: trajectory reached the configured collision radius
velocity row 5/120 IC 151/599 x0=0.683948 velocity_parameter=-0.889167 elapsed=7.15678s written=0
  crossing 0/250
  stopped velocity row 5 IC 151 x0=0.683948 velocity_parameter=-0.889167 status=collision: trajectory reached the configured collision radius
velocity row 6/120 IC 133/599 x0=0.671026 velocity_parameter=-0.873 elapsed=7.20713s written=0
  crossing 0/250
  stopped velocity row 6 IC 133 x0=0.671026 velocity_parameter=-0.873 status=collision: trajectory reached the configured collision radius
velocity row 6/120 IC 143/599 x0=0.678205 velocity_parameter=-0.873 elapsed=7.665s written=0
  crossing 0/250
  stopped velocity row 6 IC 143 x0=0.678205 velocity_parameter=-0.873 status=collision: trajectory reached the configured collision radius
velocity row 6/120 IC 151/599 x0=0.683948 velocity_parameter=-0.873 elapsed=8.01197s written=0
  crossing 0/250
  stopped velocity row 6 IC 151 x0=0.683948 velocity_parameter=-0.873 status=collision: trajectory reached the configured collision radius
velocity row 7/120 IC 133/599 x0=0.671026 velocity_parameter=-0.856833 elapsed=8.06586s written=0
  crossing 0/250
  stopped velocity row 7 IC 133 x0=0.671026 velocity_parameter=-0.856833 status=collision: trajectory reached the configured collision radius
velocity row 7/120 IC 143/599 x0=0.678205 velocity_parameter=-0.856833 elapsed=8.4665s written=0
  crossing 0/250
  stopped velocity row 7 IC 143 x0=0.678205 velocity_parameter=-0.856833 status=collision: trajectory reached the configured collision radius
velocity row 7/120 IC 151/599 x0=0.683948 velocity_parameter=-0.856833 elapsed=8.822s written=0
  crossing 0/250
  stopped velocity row 7 IC 151 x0=0.683948 velocity_parameter=-0.856833 status=collision: trajectory reached the configured collision radius
velocity row 8/120 IC 133/599 x0=0.671026 velocity_parameter=-0.840667 elapsed=8.8579s written=0
  crossing 0/250
  stopped velocity row 8 IC 133 x0=0.671026 velocity_parameter=-0.840667 status=collision: trajectory reached the configured collision radius
velocity row 8/120 IC 143/599 x0=0.678205 velocity_parameter=-0.840667 elapsed=9.19791s written=0
  crossing 0/250
  stopped velocity row 8 IC 143 x0=0.678205 velocity_parameter=-0.840667 status=collision: trajectory reached the configured collision radius
velocity row 8/120 IC 151/599 x0=0.683948 velocity_parameter=-0.840667 elapsed=9.4666s written=0
  crossing 0/250
  stopped velocity row 8 IC 151 x0=0.683948 velocity_parameter=-0.840667 status=collision: trajectory reached the configured collision radius
velocity row 9/120 IC 133/599 x0=0.671026 velocity_parameter=-0.8245 elapsed=9.49752s written=0
  crossing 0/250
  stopped velocity row 9 IC 133 x0=0.671026 velocity_parameter=-0.8245 status=collision: trajectory reached the configured collision radius
velocity row 9/120 IC 143/599 x0=0.678205 velocity_parameter=-0.8245 elapsed=9.81501s written=0
  crossing 0/250
  stopped velocity row 9 IC 143 x0=0.678205 velocity_parameter=-0.8245 status=collision: trajectory reached the configured collision radius
velocity row 9/120 IC 151/599 x0=0.683948 velocity_parameter=-0.8245 elapsed=10.059s written=0
  crossing 0/250
  stopped velocity row 9 IC 151 x0=0.683948 velocity_parameter=-0.8245 status=collision: trajectory reached the configured collision radius
velocity row 10/120 IC 133/599 x0=0.671026 velocity_parameter=-0.808333 elapsed=10.0894s written=0
  crossing 0/250
  stopped velocity row 10 IC 133 x0=0.671026 velocity_parameter=-0.808333 status=collision: trajectory reached the configured collision radius
velocity row 10/120 IC 143/599 x0=0.678205 velocity_parameter=-0.808333 elapsed=10.4012s written=0
  crossing 0/250
  stopped velocity row 10 IC 143 x0=0.678205 velocity_parameter=-0.808333 status=collision: trajectory reached the configured collision radius
velocity row 10/120 IC 151/599 x0=0.683948 velocity_parameter=-0.808333 elapsed=10.6693s written=0
  crossing 0/250
  stopped velocity row 10 IC 151 x0=0.683948 velocity_parameter=-0.808333 status=collision: trajectory reached the configured collision radius
velocity row 11/120 IC 133/599 x0=0.671026 velocity_parameter=-0.792167 elapsed=10.7041s written=0
  crossing 0/250
  stopped velocity row 11 IC 133 x0=0.671026 velocity_parameter=-0.792167 status=collision: trajectory reached the configured collision radius
velocity row 11/120 IC 143/599 x0=0.678205 velocity_parameter=-0.792167 elapsed=11.0345s written=0
  crossing 0/250
  stopped velocity row 11 IC 143 x0=0.678205 velocity_parameter=-0.792167 status=collision: trajectory reached the configured collision radius
velocity row 11/120 IC 151/599 x0=0.683948 velocity_parameter=-0.792167 elapsed=11.3519s written=0
  crossing 0/250
  stopped velocity row 11 IC 151 x0=0.683948 velocity_parameter=-0.792167 status=collision: trajectory reached the configured collision radius
velocity row 12/120 IC 133/599 x0=0.671026 velocity_parameter=-0.776 elapsed=11.3828s written=0
  crossing 0/250
  stopped velocity row 12 IC 133 x0=0.671026 velocity_parameter=-0.776 status=collision: trajectory reached the configured collision radius
velocity row 12/120 IC 143/599 x0=0.678205 velocity_parameter=-0.776 elapsed=11.698s written=0
  crossing 0/250
  stopped velocity row 12 IC 143 x0=0.678205 velocity_parameter=-0.776 status=collision: trajectory reached the configured collision radius
velocity row 12/120 IC 151/599 x0=0.683948 velocity_parameter=-0.776 elapsed=11.9582s written=0
  crossing 0/250
  stopped velocity row 12 IC 151 x0=0.683948 velocity_parameter=-0.776 status=collision: trajectory reached the configured collision radius
velocity row 13/120 IC 133/599 x0=0.671026 velocity_parameter=-0.759833 elapsed=11.994s written=0
  crossing 0/250
  stopped velocity row 13 IC 133 x0=0.671026 velocity_parameter=-0.759833 status=collision: trajectory reached the configured collision radius
velocity row 13/120 IC 143/599 x0=0.678205 velocity_parameter=-0.759833 elapsed=12.3055s written=0
  crossing 0/250
  stopped velocity row 13 IC 143 x0=0.678205 velocity_parameter=-0.759833 status=collision: trajectory reached the configured collision radius
velocity row 13/120 IC 151/599 x0=0.683948 velocity_parameter=-0.759833 elapsed=12.5637s written=0
  crossing 0/250
  stopped velocity row 13 IC 151 x0=0.683948 velocity_parameter=-0.759833 status=collision: trajectory reached the configured collision radius
velocity row 14/120 IC 133/599 x0=0.671026 velocity_parameter=-0.743667 elapsed=12.5943s written=0
  crossing 0/250
  stopped velocity row 14 IC 133 x0=0.671026 velocity_parameter=-0.743667 status=collision: trajectory reached the configured collision radius
velocity row 14/120 IC 143/599 x0=0.678205 velocity_parameter=-0.743667 elapsed=12.9408s written=0
  crossing 0/250
  stopped velocity row 14 IC 143 x0=0.678205 velocity_parameter=-0.743667 status=collision: trajectory reached the configured collision radius
velocity row 14/120 IC 151/599 x0=0.683948 velocity_parameter=-0.743667 elapsed=13.2132s written=0
  crossing 0/250
  stopped velocity row 14 IC 151 x0=0.683948 velocity_parameter=-0.743667 status=collision: trajectory reached the configured collision radius
velocity row 15/120 IC 133/599 x0=0.671026 velocity_parameter=-0.7275 elapsed=13.2434s written=0
  crossing 0/250
  stopped velocity row 15 IC 133 x0=0.671026 velocity_parameter=-0.7275 status=collision: trajectory reached the configured collision radius
velocity row 15/120 IC 143/599 x0=0.678205 velocity_parameter=-0.7275 elapsed=13.5446s written=0
  crossing 0/250
  stopped velocity row 15 IC 143 x0=0.678205 velocity_parameter=-0.7275 status=collision: trajectory reached the configured collision radius
velocity row 15/120 IC 151/599 x0=0.683948 velocity_parameter=-0.7275 elapsed=13.7893s written=0
  crossing 0/250
  stopped velocity row 15 IC 151 x0=0.683948 velocity_parameter=-0.7275 status=collision: trajectory reached the configured collision radius
velocity row 16/120 IC 133/599 x0=0.671026 velocity_parameter=-0.711333 elapsed=13.8198s written=0
  crossing 0/250
  stopped velocity row 16 IC 133 x0=0.671026 velocity_parameter=-0.711333 status=collision: trajectory reached the configured collision radius
velocity row 16/120 IC 143/599 x0=0.678205 velocity_parameter=-0.711333 elapsed=14.1496s written=0
  crossing 0/250
  stopped velocity row 16 IC 143 x0=0.678205 velocity_parameter=-0.711333 status=collision: trajectory reached the configured collision radius
velocity row 16/120 IC 151/599 x0=0.683948 velocity_parameter=-0.711333 elapsed=14.455s written=0
  crossing 0/250
  stopped velocity row 16 IC 151 x0=0.683948 velocity_parameter=-0.711333 status=collision: trajectory reached the configured collision radius
velocity row 17/120 IC 133/599 x0=0.671026 velocity_parameter=-0.695167 elapsed=14.4861s written=0
  crossing 0/250
  stopped velocity row 17 IC 133 x0=0.671026 velocity_parameter=-0.695167 status=collision: trajectory reached the configured collision radius
velocity row 17/120 IC 143/599 x0=0.678205 velocity_parameter=-0.695167 elapsed=14.8321s written=0
  crossing 0/250
  stopped velocity row 17 IC 143 x0=0.678205 velocity_parameter=-0.695167 status=collision: trajectory reached the configured collision radius
velocity row 17/120 IC 151/599 x0=0.683948 velocity_parameter=-0.695167 elapsed=15.0988s written=0
  crossing 0/250
  stopped velocity row 17 IC 151 x0=0.683948 velocity_parameter=-0.695167 status=collision: trajectory reached the configured collision radius
velocity row 18/120 IC 133/599 x0=0.671026 velocity_parameter=-0.679 elapsed=15.1307s written=0
  crossing 0/250
  stopped velocity row 18 IC 133 x0=0.671026 velocity_parameter=-0.679 status=collision: trajectory reached the configured collision radius
velocity row 18/120 IC 143/599 x0=0.678205 velocity_parameter=-0.679 elapsed=15.5267s written=0
  crossing 0/250
  stopped velocity row 18 IC 143 x0=0.678205 velocity_parameter=-0.679 status=collision: trajectory reached the configured collision radius
velocity row 18/120 IC 151/599 x0=0.683948 velocity_parameter=-0.679 elapsed=15.8295s written=0
  crossing 0/250
  stopped velocity row 18 IC 151 x0=0.683948 velocity_parameter=-0.679 status=collision: trajectory reached the configured collision radius
velocity row 19/120 IC 133/599 x0=0.671026 velocity_parameter=-0.662833 elapsed=15.8782s written=0
  crossing 0/250
  stopped velocity row 19 IC 133 x0=0.671026 velocity_parameter=-0.662833 status=collision: trajectory reached the configured collision radius
velocity row 19/120 IC 143/599 x0=0.678205 velocity_parameter=-0.662833 elapsed=16.247s written=0
  crossing 0/250
  stopped velocity row 19 IC 143 x0=0.678205 velocity_parameter=-0.662833 status=collision: trajectory reached the configured collision radius
velocity row 19/120 IC 151/599 x0=0.683948 velocity_parameter=-0.662833 elapsed=16.5298s written=0
  crossing 0/250
  stopped velocity row 19 IC 151 x0=0.683948 velocity_parameter=-0.662833 status=collision: trajectory reached the configured collision radius
velocity row 20/120 IC 133/599 x0=0.671026 velocity_parameter=-0.646667 elapsed=16.5647s written=0
  crossing 0/250
  stopped velocity row 20 IC 133 x0=0.671026 velocity_parameter=-0.646667 status=collision: trajectory reached the configured collision radius
velocity row 20/120 IC 143/599 x0=0.678205 velocity_parameter=-0.646667 elapsed=16.8785s written=0
  crossing 0/250
  stopped velocity row 20 IC 143 x0=0.678205 velocity_parameter=-0.646667 status=collision: trajectory reached the configured collision radius
velocity row 20/120 IC 151/599 x0=0.683948 velocity_parameter=-0.646667 elapsed=17.1428s written=0
  crossing 0/250
  stopped velocity row 20 IC 151 x0=0.683948 velocity_parameter=-0.646667 status=collision: trajectory reached the configured collision radius
velocity row 21/120 IC 133/599 x0=0.671026 velocity_parameter=-0.6305 elapsed=17.1815s written=0
  crossing 0/250
  stopped velocity row 21 IC 133 x0=0.671026 velocity_parameter=-0.6305 status=collision: trajectory reached the configured collision radius
velocity row 21/120 IC 143/599 x0=0.678205 velocity_parameter=-0.6305 elapsed=17.5164s written=0
  crossing 0/250
  stopped velocity row 21 IC 143 x0=0.678205 velocity_parameter=-0.6305 status=collision: trajectory reached the configured collision radius
velocity row 21/120 IC 151/599 x0=0.683948 velocity_parameter=-0.6305 elapsed=17.8067s written=0
  crossing 0/250
  stopped velocity row 21 IC 151 x0=0.683948 velocity_parameter=-0.6305 status=collision: trajectory reached the configured collision radius
velocity row 22/120 IC 133/599 x0=0.671026 velocity_parameter=-0.614333 elapsed=17.8428s written=0
  crossing 0/250
  stopped velocity row 22 IC 133 x0=0.671026 velocity_parameter=-0.614333 status=collision: trajectory reached the configured collision radius
velocity row 22/120 IC 143/599 x0=0.678205 velocity_parameter=-0.614333 elapsed=18.2087s written=0
  crossing 0/250
  stopped velocity row 22 IC 143 x0=0.678205 velocity_parameter=-0.614333 status=collision: trajectory reached the configured collision radius
velocity row 22/120 IC 151/599 x0=0.683948 velocity_parameter=-0.614333 elapsed=18.4725s written=0
  crossing 0/250
  stopped velocity row 22 IC 151 x0=0.683948 velocity_parameter=-0.614333 status=collision: trajectory reached the configured collision radius
velocity row 23/120 IC 133/599 x0=0.671026 velocity_parameter=-0.598167 elapsed=18.5037s written=0
  crossing 0/250
  stopped velocity row 23 IC 133 x0=0.671026 velocity_parameter=-0.598167 status=collision: trajectory reached the configured collision radius
velocity row 23/120 IC 143/599 x0=0.678205 velocity_parameter=-0.598167 elapsed=18.8122s written=0
  crossing 0/250
  stopped velocity row 23 IC 143 x0=0.678205 velocity_parameter=-0.598167 status=collision: trajectory reached the configured collision radius
velocity row 23/120 IC 151/599 x0=0.683948 velocity_parameter=-0.598167 elapsed=19.0779s written=0
  crossing 0/250
  stopped velocity row 23 IC 151 x0=0.683948 velocity_parameter=-0.598167 status=collision: trajectory reached the configured collision radius
velocity row 24/120 IC 133/599 x0=0.671026 velocity_parameter=-0.582 elapsed=19.1082s written=0
  crossing 0/250
  stopped velocity row 24 IC 133 x0=0.671026 velocity_parameter=-0.582 status=collision: trajectory reached the configured collision radius
velocity row 24/120 IC 143/599 x0=0.678205 velocity_parameter=-0.582 elapsed=19.4175s written=0
  crossing 0/250
  stopped velocity row 24 IC 143 x0=0.678205 velocity_parameter=-0.582 status=collision: trajectory reached the configured collision radius
velocity row 24/120 IC 151/599 x0=0.683948 velocity_parameter=-0.582 elapsed=19.6673s written=0
  crossing 0/250
  stopped velocity row 24 IC 151 x0=0.683948 velocity_parameter=-0.582 status=collision: trajectory reached the configured collision radius
velocity row 25/120 IC 133/599 x0=0.671026 velocity_parameter=-0.565833 elapsed=19.7014s written=0
  crossing 0/250
  stopped velocity row 25 IC 133 x0=0.671026 velocity_parameter=-0.565833 status=collision: trajectory reached the configured collision radius
velocity row 25/120 IC 143/599 x0=0.678205 velocity_parameter=-0.565833 elapsed=20.0863s written=0
  crossing 0/250
  stopped velocity row 25 IC 143 x0=0.678205 velocity_parameter=-0.565833 status=collision: trajectory reached the configured collision radius
velocity row 25/120 IC 151/599 x0=0.683948 velocity_parameter=-0.565833 elapsed=20.3862s written=0
  crossing 0/250
  stopped velocity row 25 IC 151 x0=0.683948 velocity_parameter=-0.565833 status=collision: trajectory reached the configured collision radius
velocity row 26/120 IC 133/599 x0=0.671026 velocity_parameter=-0.549667 elapsed=20.442s written=0
  crossing 0/250
  stopped velocity row 26 IC 133 x0=0.671026 velocity_parameter=-0.549667 status=collision: trajectory reached the configured collision radius
velocity row 26/120 IC 143/599 x0=0.678205 velocity_parameter=-0.549667 elapsed=20.8019s written=0
  crossing 0/250
  stopped velocity row 26 IC 143 x0=0.678205 velocity_parameter=-0.549667 status=collision: trajectory reached the configured collision radius
velocity row 26/120 IC 151/599 x0=0.683948 velocity_parameter=-0.549667 elapsed=21.077s written=0
  crossing 0/250
  stopped velocity row 26 IC 151 x0=0.683948 velocity_parameter=-0.549667 status=collision: trajectory reached the configured collision radius
velocity row 27/120 IC 133/599 x0=0.671026 velocity_parameter=-0.5335 elapsed=21.1167s written=0
  crossing 0/250
  stopped velocity row 27 IC 133 x0=0.671026 velocity_parameter=-0.5335 status=collision: trajectory reached the configured collision radius
velocity row 27/120 IC 143/599 x0=0.678205 velocity_parameter=-0.5335 elapsed=21.4678s written=0
  crossing 0/250
  stopped velocity row 27 IC 143 x0=0.678205 velocity_parameter=-0.5335 status=collision: trajectory reached the configured collision radius
velocity row 27/120 IC 151/599 x0=0.683948 velocity_parameter=-0.5335 elapsed=21.7233s written=0
  crossing 0/250
  stopped velocity row 27 IC 151 x0=0.683948 velocity_parameter=-0.5335 status=collision: trajectory reached the configured collision radius
velocity row 28/120 IC 133/599 x0=0.671026 velocity_parameter=-0.517333 elapsed=21.7541s written=0
  crossing 0/250
  stopped velocity row 28 IC 133 x0=0.671026 velocity_parameter=-0.517333 status=collision: trajectory reached the configured collision radius
velocity row 28/120 IC 143/599 x0=0.678205 velocity_parameter=-0.517333 elapsed=22.0778s written=0
  crossing 0/250
  stopped velocity row 28 IC 143 x0=0.678205 velocity_parameter=-0.517333 status=collision: trajectory reached the configured collision radius
velocity row 28/120 IC 151/599 x0=0.683948 velocity_parameter=-0.517333 elapsed=22.3315s written=0
  crossing 0/250
  stopped velocity row 28 IC 151 x0=0.683948 velocity_parameter=-0.517333 status=collision: trajectory reached the configured collision radius
velocity row 29/120 IC 133/599 x0=0.671026 velocity_parameter=-0.501167 elapsed=22.3638s written=0
  crossing 0/250
  stopped velocity row 29 IC 133 x0=0.671026 velocity_parameter=-0.501167 status=collision: trajectory reached the configured collision radius
velocity row 29/120 IC 143/599 x0=0.678205 velocity_parameter=-0.501167 elapsed=22.6953s written=0
  crossing 0/250
  stopped velocity row 29 IC 143 x0=0.678205 velocity_parameter=-0.501167 status=collision: trajectory reached the configured collision radius
velocity row 29/120 IC 151/599 x0=0.683948 velocity_parameter=-0.501167 elapsed=22.9517s written=0
  crossing 0/250
  stopped velocity row 29 IC 151 x0=0.683948 velocity_parameter=-0.501167 status=collision: trajectory reached the configured collision radius
velocity row 30/120 IC 133/599 x0=0.671026 velocity_parameter=-0.485 elapsed=22.9831s written=0
  crossing 0/250
  stopped velocity row 30 IC 133 x0=0.671026 velocity_parameter=-0.485 status=collision: trajectory reached the configured collision radius
velocity row 30/120 IC 143/599 x0=0.678205 velocity_parameter=-0.485 elapsed=23.3078s written=0
  crossing 0/250
  stopped velocity row 30 IC 143 x0=0.678205 velocity_parameter=-0.485 status=collision: trajectory reached the configured collision radius
velocity row 30/120 IC 151/599 x0=0.683948 velocity_parameter=-0.485 elapsed=23.5591s written=0
  crossing 0/250
  stopped velocity row 30 IC 151 x0=0.683948 velocity_parameter=-0.485 status=collision: trajectory reached the configured collision radius
velocity row 31/120 IC 133/599 x0=0.671026 velocity_parameter=-0.468833 elapsed=23.5916s written=0
  crossing 0/250
  stopped velocity row 31 IC 133 x0=0.671026 velocity_parameter=-0.468833 status=collision: trajectory reached the configured collision radius
velocity row 31/120 IC 143/599 x0=0.678205 velocity_parameter=-0.468833 elapsed=23.9056s written=0
  crossing 0/250
  stopped velocity row 31 IC 143 x0=0.678205 velocity_parameter=-0.468833 status=collision: trajectory reached the configured collision radius
velocity row 31/120 IC 151/599 x0=0.683948 velocity_parameter=-0.468833 elapsed=24.18s written=0
  crossing 0/250
  stopped velocity row 31 IC 151 x0=0.683948 velocity_parameter=-0.468833 status=collision: trajectory reached the configured collision radius
velocity row 32/120 IC 133/599 x0=0.671026 velocity_parameter=-0.452667 elapsed=24.2116s written=0
  crossing 0/250
  stopped velocity row 32 IC 133 x0=0.671026 velocity_parameter=-0.452667 status=collision: trajectory reached the configured collision radius
velocity row 32/120 IC 143/599 x0=0.678205 velocity_parameter=-0.452667 elapsed=24.6138s written=0
  crossing 0/250
  stopped velocity row 32 IC 143 x0=0.678205 velocity_parameter=-0.452667 status=collision: trajectory reached the configured collision radius
velocity row 32/120 IC 151/599 x0=0.683948 velocity_parameter=-0.452667 elapsed=24.9312s written=0
  crossing 0/250
  stopped velocity row 32 IC 151 x0=0.683948 velocity_parameter=-0.452667 status=collision: trajectory reached the configured collision radius
velocity row 33/120 IC 133/599 x0=0.671026 velocity_parameter=-0.4365 elapsed=24.9646s written=0
  crossing 0/250
  stopped velocity row 33 IC 133 x0=0.671026 velocity_parameter=-0.4365 status=collision: trajectory reached the configured collision radius
velocity row 33/120 IC 143/599 x0=0.678205 velocity_parameter=-0.4365 elapsed=25.2808s written=0
  crossing 0/250
  stopped velocity row 33 IC 143 x0=0.678205 velocity_parameter=-0.4365 status=collision: trajectory reached the configured collision radius
velocity row 33/120 IC 151/599 x0=0.683948 velocity_parameter=-0.4365 elapsed=25.5384s written=0
  crossing 0/250
  stopped velocity row 33 IC 151 x0=0.683948 velocity_parameter=-0.4365 status=collision: trajectory reached the configured collision radius
velocity row 34/120 IC 133/599 x0=0.671026 velocity_parameter=-0.420333 elapsed=25.5701s written=0
  crossing 0/250
  stopped velocity row 34 IC 133 x0=0.671026 velocity_parameter=-0.420333 status=collision: trajectory reached the configured collision radius
velocity row 34/120 IC 143/599 x0=0.678205 velocity_parameter=-0.420333 elapsed=25.9317s written=0
  crossing 0/250
  stopped velocity row 34 IC 143 x0=0.678205 velocity_parameter=-0.420333 status=collision: trajectory reached the configured collision radius
velocity row 34/120 IC 151/599 x0=0.683948 velocity_parameter=-0.420333 elapsed=26.1943s written=0
  crossing 0/250
  stopped velocity row 34 IC 151 x0=0.683948 velocity_parameter=-0.420333 status=collision: trajectory reached the configured collision radius
velocity row 35/120 IC 133/599 x0=0.671026 velocity_parameter=-0.404167 elapsed=26.2259s written=0
  crossing 0/250
  stopped velocity row 35 IC 133 x0=0.671026 velocity_parameter=-0.404167 status=collision: trajectory reached the configured collision radius
velocity row 35/120 IC 143/599 x0=0.678205 velocity_parameter=-0.404167 elapsed=26.5599s written=0
  crossing 0/250
  stopped velocity row 35 IC 143 x0=0.678205 velocity_parameter=-0.404167 status=collision: trajectory reached the configured collision radius
velocity row 35/120 IC 151/599 x0=0.683948 velocity_parameter=-0.404167 elapsed=26.8359s written=0
  crossing 0/250
  stopped velocity row 35 IC 151 x0=0.683948 velocity_parameter=-0.404167 status=collision: trajectory reached the configured collision radius
velocity row 36/120 IC 133/599 x0=0.671026 velocity_parameter=-0.388 elapsed=26.8666s written=0
  crossing 0/250
  stopped velocity row 36 IC 133 x0=0.671026 velocity_parameter=-0.388 status=collision: trajectory reached the configured collision radius
velocity row 36/120 IC 143/599 x0=0.678205 velocity_parameter=-0.388 elapsed=27.1798s written=0
  crossing 0/250
  stopped velocity row 36 IC 143 x0=0.678205 velocity_parameter=-0.388 status=collision: trajectory reached the configured collision radius
velocity row 36/120 IC 151/599 x0=0.683948 velocity_parameter=-0.388 elapsed=27.4568s written=0
  crossing 0/250
  stopped velocity row 36 IC 151 x0=0.683948 velocity_parameter=-0.388 status=collision: trajectory reached the configured collision radius
velocity row 37/120 IC 133/599 x0=0.671026 velocity_parameter=-0.371833 elapsed=27.4881s written=0
  crossing 0/250
  stopped velocity row 37 IC 133 x0=0.671026 velocity_parameter=-0.371833 status=collision: trajectory reached the configured collision radius
velocity row 37/120 IC 143/599 x0=0.678205 velocity_parameter=-0.371833 elapsed=27.8839s written=0
  crossing 0/250
  stopped velocity row 37 IC 143 x0=0.678205 velocity_parameter=-0.371833 status=collision: trajectory reached the configured collision radius
velocity row 37/120 IC 151/599 x0=0.683948 velocity_parameter=-0.371833 elapsed=28.1444s written=0
  crossing 0/250
  stopped velocity row 37 IC 151 x0=0.683948 velocity_parameter=-0.371833 status=collision: trajectory reached the configured collision radius
velocity row 38/120 IC 133/599 x0=0.671026 velocity_parameter=-0.355667 elapsed=28.1762s written=0
  crossing 0/250
  stopped velocity row 38 IC 133 x0=0.671026 velocity_parameter=-0.355667 status=collision: trajectory reached the configured collision radius
velocity row 38/120 IC 143/599 x0=0.678205 velocity_parameter=-0.355667 elapsed=28.5593s written=0
  crossing 0/250
  stopped velocity row 38 IC 143 x0=0.678205 velocity_parameter=-0.355667 status=collision: trajectory reached the configured collision radius
velocity row 38/120 IC 151/599 x0=0.683948 velocity_parameter=-0.355667 elapsed=28.8078s written=0
  crossing 0/250
  stopped velocity row 38 IC 151 x0=0.683948 velocity_parameter=-0.355667 status=collision: trajectory reached the configured collision radius
velocity row 39/120 IC 133/599 x0=0.671026 velocity_parameter=-0.3395 elapsed=28.8391s written=0
  crossing 0/250
  stopped velocity row 39 IC 133 x0=0.671026 velocity_parameter=-0.3395 status=collision: trajectory reached the configured collision radius
velocity row 39/120 IC 143/599 x0=0.678205 velocity_parameter=-0.3395 elapsed=29.1786s written=0
  crossing 0/250
  stopped velocity row 39 IC 143 x0=0.678205 velocity_parameter=-0.3395 status=collision: trajectory reached the configured collision radius
velocity row 39/120 IC 151/599 x0=0.683948 velocity_parameter=-0.3395 elapsed=29.4646s written=0
  crossing 0/250
  stopped velocity row 39 IC 151 x0=0.683948 velocity_parameter=-0.3395 status=collision: trajectory reached the configured collision radius
velocity row 40/120 IC 133/599 x0=0.671026 velocity_parameter=-0.323333 elapsed=29.5148s written=0
  crossing 0/250
  stopped velocity row 40 IC 133 x0=0.671026 velocity_parameter=-0.323333 status=collision: trajectory reached the configured collision radius
velocity row 40/120 IC 143/599 x0=0.678205 velocity_parameter=-0.323333 elapsed=29.8648s written=0
  crossing 0/250
  stopped velocity row 40 IC 143 x0=0.678205 velocity_parameter=-0.323333 status=collision: trajectory reached the configured collision radius
velocity row 40/120 IC 151/599 x0=0.683948 velocity_parameter=-0.323333 elapsed=30.1098s written=0
  crossing 0/250
  stopped velocity row 40 IC 151 x0=0.683948 velocity_parameter=-0.323333 status=collision: trajectory reached the configured collision radius
velocity row 41/120 IC 133/599 x0=0.671026 velocity_parameter=-0.307167 elapsed=30.1402s written=0
  crossing 0/250
  stopped velocity row 41 IC 133 x0=0.671026 velocity_parameter=-0.307167 status=collision: trajectory reached the configured collision radius
velocity row 41/120 IC 143/599 x0=0.678205 velocity_parameter=-0.307167 elapsed=30.4898s written=0
  crossing 0/250
  stopped velocity row 41 IC 143 x0=0.678205 velocity_parameter=-0.307167 status=collision: trajectory reached the configured collision radius
velocity row 41/120 IC 151/599 x0=0.683948 velocity_parameter=-0.307167 elapsed=30.7587s written=0
  crossing 0/250
  stopped velocity row 41 IC 151 x0=0.683948 velocity_parameter=-0.307167 status=collision: trajectory reached the configured collision radius
velocity row 42/120 IC 133/599 x0=0.671026 velocity_parameter=-0.291 elapsed=30.7898s written=0
  crossing 0/250
  stopped velocity row 42 IC 133 x0=0.671026 velocity_parameter=-0.291 status=collision: trajectory reached the configured collision radius
velocity row 42/120 IC 143/599 x0=0.678205 velocity_parameter=-0.291 elapsed=31.1473s written=0
  crossing 0/250
  stopped velocity row 42 IC 143 x0=0.678205 velocity_parameter=-0.291 status=collision: trajectory reached the configured collision radius
velocity row 42/120 IC 151/599 x0=0.683948 velocity_parameter=-0.291 elapsed=31.3953s written=0
  crossing 0/250
  stopped velocity row 42 IC 151 x0=0.683948 velocity_parameter=-0.291 status=collision: trajectory reached the configured collision radius
velocity row 43/120 IC 133/599 x0=0.671026 velocity_parameter=-0.274833 elapsed=31.4272s written=0
  crossing 0/250
  stopped velocity row 43 IC 133 x0=0.671026 velocity_parameter=-0.274833 status=collision: trajectory reached the configured collision radius
velocity row 43/120 IC 143/599 x0=0.678205 velocity_parameter=-0.274833 elapsed=31.744s written=0
  crossing 0/250
  stopped velocity row 43 IC 143 x0=0.678205 velocity_parameter=-0.274833 status=collision: trajectory reached the configured collision radius
velocity row 43/120 IC 151/599 x0=0.683948 velocity_parameter=-0.274833 elapsed=32.0266s written=0
  crossing 0/250
  stopped velocity row 43 IC 151 x0=0.683948 velocity_parameter=-0.274833 status=collision: trajectory reached the configured collision radius
velocity row 44/120 IC 133/599 x0=0.671026 velocity_parameter=-0.258667 elapsed=32.0609s written=0
  crossing 0/250
  stopped velocity row 44 IC 133 x0=0.671026 velocity_parameter=-0.258667 status=collision: trajectory reached the configured collision radius
velocity row 44/120 IC 143/599 x0=0.678205 velocity_parameter=-0.258667 elapsed=32.3795s written=0
  crossing 0/250
  stopped velocity row 44 IC 143 x0=0.678205 velocity_parameter=-0.258667 status=collision: trajectory reached the configured collision radius
velocity row 44/120 IC 151/599 x0=0.683948 velocity_parameter=-0.258667 elapsed=32.6301s written=0
  crossing 0/250
  stopped velocity row 44 IC 151 x0=0.683948 velocity_parameter=-0.258667 status=collision: trajectory reached the configured collision radius
velocity row 45/120 IC 133/599 x0=0.671026 velocity_parameter=-0.2425 elapsed=32.6612s written=0
  crossing 0/250
  stopped velocity row 45 IC 133 x0=0.671026 velocity_parameter=-0.2425 status=collision: trajectory reached the configured collision radius
velocity row 45/120 IC 143/599 x0=0.678205 velocity_parameter=-0.2425 elapsed=32.9797s written=0
  crossing 0/250
  stopped velocity row 45 IC 143 x0=0.678205 velocity_parameter=-0.2425 status=collision: trajectory reached the configured collision radius
velocity row 45/120 IC 151/599 x0=0.683948 velocity_parameter=-0.2425 elapsed=33.2547s written=0
  crossing 0/250
  stopped velocity row 45 IC 151 x0=0.683948 velocity_parameter=-0.2425 status=collision: trajectory reached the configured collision radius
velocity row 46/120 IC 133/599 x0=0.671026 velocity_parameter=-0.226333 elapsed=33.3139s written=0
  crossing 0/250
  stopped velocity row 46 IC 133 x0=0.671026 velocity_parameter=-0.226333 status=collision: trajectory reached the configured collision radius
velocity row 46/120 IC 143/599 x0=0.678205 velocity_parameter=-0.226333 elapsed=33.6406s written=0
  crossing 0/250
  stopped velocity row 46 IC 143 x0=0.678205 velocity_parameter=-0.226333 status=collision: trajectory reached the configured collision radius
velocity row 46/120 IC 151/599 x0=0.683948 velocity_parameter=-0.226333 elapsed=33.8922s written=0
  crossing 0/250
  stopped velocity row 46 IC 151 x0=0.683948 velocity_parameter=-0.226333 status=collision: trajectory reached the configured collision radius
velocity row 47/120 IC 133/599 x0=0.671026 velocity_parameter=-0.210167 elapsed=33.9229s written=0
  crossing 0/250
  stopped velocity row 47 IC 133 x0=0.671026 velocity_parameter=-0.210167 status=collision: trajectory reached the configured collision radius
velocity row 47/120 IC 143/599 x0=0.678205 velocity_parameter=-0.210167 elapsed=34.2901s written=0
  crossing 0/250
  stopped velocity row 47 IC 143 x0=0.678205 velocity_parameter=-0.210167 status=collision: trajectory reached the configured collision radius
velocity row 47/120 IC 151/599 x0=0.683948 velocity_parameter=-0.210167 elapsed=34.5348s written=0
  crossing 0/250
  stopped velocity row 47 IC 151 x0=0.683948 velocity_parameter=-0.210167 status=collision: trajectory reached the configured collision radius
velocity row 48/120 IC 133/599 x0=0.671026 velocity_parameter=-0.194 elapsed=34.5652s written=0
  crossing 0/250
  stopped velocity row 48 IC 133 x0=0.671026 velocity_parameter=-0.194 status=collision: trajectory reached the configured collision radius
velocity row 48/120 IC 143/599 x0=0.678205 velocity_parameter=-0.194 elapsed=34.8926s written=0
  crossing 0/250
  stopped velocity row 48 IC 143 x0=0.678205 velocity_parameter=-0.194 status=collision: trajectory reached the configured collision radius
velocity row 48/120 IC 151/599 x0=0.683948 velocity_parameter=-0.194 elapsed=35.1742s written=0
  crossing 0/250
  stopped velocity row 48 IC 151 x0=0.683948 velocity_parameter=-0.194 status=collision: trajectory reached the configured collision radius
velocity row 49/120 IC 133/599 x0=0.671026 velocity_parameter=-0.177833 elapsed=35.2049s written=0
  crossing 0/250
  stopped velocity row 49 IC 133 x0=0.671026 velocity_parameter=-0.177833 status=collision: trajectory reached the configured collision radius
velocity row 49/120 IC 143/599 x0=0.678205 velocity_parameter=-0.177833 elapsed=35.5566s written=0
  crossing 0/250
  stopped velocity row 49 IC 143 x0=0.678205 velocity_parameter=-0.177833 status=collision: trajectory reached the configured collision radius
velocity row 49/120 IC 151/599 x0=0.683948 velocity_parameter=-0.177833 elapsed=35.8469s written=0
  crossing 0/250
  stopped velocity row 49 IC 151 x0=0.683948 velocity_parameter=-0.177833 status=collision: trajectory reached the configured collision radius
velocity row 50/120 IC 133/599 x0=0.671026 velocity_parameter=-0.161667 elapsed=35.9021s written=0
  crossing 0/250
  stopped velocity row 50 IC 133 x0=0.671026 velocity_parameter=-0.161667 status=collision: trajectory reached the configured collision radius
velocity row 50/120 IC 143/599 x0=0.678205 velocity_parameter=-0.161667 elapsed=36.2417s written=0
  crossing 0/250
  stopped velocity row 50 IC 143 x0=0.678205 velocity_parameter=-0.161667 status=collision: trajectory reached the configured collision radius
velocity row 50/120 IC 151/599 x0=0.683948 velocity_parameter=-0.161667 elapsed=36.4959s written=0
  crossing 0/250
  stopped velocity row 50 IC 151 x0=0.683948 velocity_parameter=-0.161667 status=collision: trajectory reached the configured collision radius
velocity row 51/120 IC 133/599 x0=0.671026 velocity_parameter=-0.1455 elapsed=36.5265s written=0
  crossing 0/250
  stopped velocity row 51 IC 133 x0=0.671026 velocity_parameter=-0.1455 status=collision: trajectory reached the configured collision radius
velocity row 51/120 IC 143/599 x0=0.678205 velocity_parameter=-0.1455 elapsed=36.8805s written=0
  crossing 0/250
  stopped velocity row 51 IC 143 x0=0.678205 velocity_parameter=-0.1455 status=collision: trajectory reached the configured collision radius
velocity row 51/120 IC 151/599 x0=0.683948 velocity_parameter=-0.1455 elapsed=37.1293s written=0
  crossing 0/250
  stopped velocity row 51 IC 151 x0=0.683948 velocity_parameter=-0.1455 status=collision: trajectory reached the configured collision radius
velocity row 52/120 IC 133/599 x0=0.671026 velocity_parameter=-0.129333 elapsed=37.1613s written=0
  crossing 0/250
  stopped velocity row 52 IC 133 x0=0.671026 velocity_parameter=-0.129333 status=collision: trajectory reached the configured collision radius
velocity row 52/120 IC 143/599 x0=0.678205 velocity_parameter=-0.129333 elapsed=37.5025s written=0
  crossing 0/250
  stopped velocity row 52 IC 143 x0=0.678205 velocity_parameter=-0.129333 status=collision: trajectory reached the configured collision radius
velocity row 52/120 IC 151/599 x0=0.683948 velocity_parameter=-0.129333 elapsed=37.8003s written=0
  crossing 0/250
  stopped velocity row 52 IC 151 x0=0.683948 velocity_parameter=-0.129333 status=collision: trajectory reached the configured collision radius
velocity row 53/120 IC 133/599 x0=0.671026 velocity_parameter=-0.113167 elapsed=37.8308s written=0
  crossing 0/250
  stopped velocity row 53 IC 133 x0=0.671026 velocity_parameter=-0.113167 status=collision: trajectory reached the configured collision radius
velocity row 53/120 IC 143/599 x0=0.678205 velocity_parameter=-0.113167 elapsed=38.1658s written=0
  crossing 0/250
  stopped velocity row 53 IC 143 x0=0.678205 velocity_parameter=-0.113167 status=collision: trajectory reached the configured collision radius
velocity row 53/120 IC 151/599 x0=0.683948 velocity_parameter=-0.113167 elapsed=38.4185s written=0
  crossing 0/250
  stopped velocity row 53 IC 151 x0=0.683948 velocity_parameter=-0.113167 status=collision: trajectory reached the configured collision radius
velocity row 54/120 IC 133/599 x0=0.671026 velocity_parameter=-0.097 elapsed=38.4589s written=0
  crossing 0/250
  stopped velocity row 54 IC 133 x0=0.671026 velocity_parameter=-0.097 status=collision: trajectory reached the configured collision radius
velocity row 54/120 IC 143/599 x0=0.678205 velocity_parameter=-0.097 elapsed=38.7931s written=0
  crossing 0/250
  stopped velocity row 54 IC 143 x0=0.678205 velocity_parameter=-0.097 status=collision: trajectory reached the configured collision radius
velocity row 54/120 IC 151/599 x0=0.683948 velocity_parameter=-0.097 elapsed=39.0435s written=0
  crossing 0/250
  stopped velocity row 54 IC 151 x0=0.683948 velocity_parameter=-0.097 status=collision: trajectory reached the configured collision radius
velocity row 55/120 IC 133/599 x0=0.671026 velocity_parameter=-0.0808333 elapsed=39.0971s written=0
  crossing 0/250
  stopped velocity row 55 IC 133 x0=0.671026 velocity_parameter=-0.0808333 status=collision: trajectory reached the configured collision radius
velocity row 55/120 IC 143/599 x0=0.678205 velocity_parameter=-0.0808333 elapsed=39.4113s written=0
  crossing 0/250
  stopped velocity row 55 IC 143 x0=0.678205 velocity_parameter=-0.0808333 status=collision: trajectory reached the configured collision radius
velocity row 55/120 IC 151/599 x0=0.683948 velocity_parameter=-0.0808333 elapsed=39.6595s written=0
  crossing 0/250
  stopped velocity row 55 IC 151 x0=0.683948 velocity_parameter=-0.0808333 status=collision: trajectory reached the configured collision radius
velocity row 56/120 IC 133/599 x0=0.671026 velocity_parameter=-0.0646667 elapsed=39.691s written=0
  crossing 0/250
  stopped velocity row 56 IC 133 x0=0.671026 velocity_parameter=-0.0646667 status=collision: trajectory reached the configured collision radius
velocity row 56/120 IC 143/599 x0=0.678205 velocity_parameter=-0.0646667 elapsed=40.0036s written=0
  crossing 0/250
  stopped velocity row 56 IC 143 x0=0.678205 velocity_parameter=-0.0646667 status=collision: trajectory reached the configured collision radius
velocity row 56/120 IC 151/599 x0=0.683948 velocity_parameter=-0.0646667 elapsed=40.2598s written=0
  crossing 0/250
  stopped velocity row 56 IC 151 x0=0.683948 velocity_parameter=-0.0646667 status=collision: trajectory reached the configured collision radius
velocity row 57/120 IC 133/599 x0=0.671026 velocity_parameter=-0.0485 elapsed=40.2972s written=0
  crossing 0/250
  stopped velocity row 57 IC 133 x0=0.671026 velocity_parameter=-0.0485 status=collision: trajectory reached the configured collision radius
velocity row 57/120 IC 143/599 x0=0.678205 velocity_parameter=-0.0485 elapsed=40.642s written=0
  crossing 0/250
  stopped velocity row 57 IC 143 x0=0.678205 velocity_parameter=-0.0485 status=collision: trajectory reached the configured collision radius
velocity row 57/120 IC 151/599 x0=0.683948 velocity_parameter=-0.0485 elapsed=40.9492s written=0
  crossing 0/250
  stopped velocity row 57 IC 151 x0=0.683948 velocity_parameter=-0.0485 status=collision: trajectory reached the configured collision radius
velocity row 58/120 IC 133/599 x0=0.671026 velocity_parameter=-0.0323333 elapsed=40.9811s written=0
  crossing 0/250
  stopped velocity row 58 IC 133 x0=0.671026 velocity_parameter=-0.0323333 status=collision: trajectory reached the configured collision radius
velocity row 58/120 IC 143/599 x0=0.678205 velocity_parameter=-0.0323333 elapsed=41.2909s written=0
  crossing 0/250
  stopped velocity row 58 IC 143 x0=0.678205 velocity_parameter=-0.0323333 status=collision: trajectory reached the configured collision radius
velocity row 58/120 IC 151/599 x0=0.683948 velocity_parameter=-0.0323333 elapsed=41.561s written=0
  crossing 0/250
  stopped velocity row 58 IC 151 x0=0.683948 velocity_parameter=-0.0323333 status=collision: trajectory reached the configured collision radius
velocity row 59/120 IC 133/599 x0=0.671026 velocity_parameter=-0.0161667 elapsed=41.6086s written=0
  crossing 0/250
  stopped velocity row 59 IC 133 x0=0.671026 velocity_parameter=-0.0161667 status=collision: trajectory reached the configured collision radius
velocity row 59/120 IC 143/599 x0=0.678205 velocity_parameter=-0.0161667 elapsed=41.9361s written=0
  crossing 0/250
  stopped velocity row 59 IC 143 x0=0.678205 velocity_parameter=-0.0161667 status=collision: trajectory reached the configured collision radius
velocity row 59/120 IC 151/599 x0=0.683948 velocity_parameter=-0.0161667 elapsed=42.1839s written=0
  crossing 0/250
  stopped velocity row 59 IC 151 x0=0.683948 velocity_parameter=-0.0161667 status=collision: trajectory reached the configured collision radius
velocity row 60/120 IC 133/599 x0=0.671026 velocity_parameter=0 elapsed=42.2159s written=0
  crossing 0/250
  stopped velocity row 60 IC 133 x0=0.671026 velocity_parameter=0 status=collision: trajectory reached the configured collision radius
velocity row 60/120 IC 143/599 x0=0.678205 velocity_parameter=0 elapsed=42.5676s written=0
  crossing 0/250
  stopped velocity row 60 IC 143 x0=0.678205 velocity_parameter=0 status=collision: trajectory reached the configured collision radius
velocity row 60/120 IC 151/599 x0=0.683948 velocity_parameter=0 elapsed=42.844s written=0
  crossing 0/250
  stopped velocity row 60 IC 151 x0=0.683948 velocity_parameter=0 status=collision: trajectory reached the configured collision radius
velocity row 61/120 IC 133/599 x0=0.671026 velocity_parameter=0.0161667 elapsed=42.8752s written=0
  crossing 0/250
  stopped velocity row 61 IC 133 x0=0.671026 velocity_parameter=0.0161667 status=collision: trajectory reached the configured collision radius
velocity row 61/120 IC 143/599 x0=0.678205 velocity_parameter=0.0161667 elapsed=43.1848s written=0
  crossing 0/250
  stopped velocity row 61 IC 143 x0=0.678205 velocity_parameter=0.0161667 status=collision: trajectory reached the configured collision radius
velocity row 61/120 IC 151/599 x0=0.683948 velocity_parameter=0.0161667 elapsed=43.4406s written=0
  crossing 0/250
  stopped velocity row 61 IC 151 x0=0.683948 velocity_parameter=0.0161667 status=collision: trajectory reached the configured collision radius
velocity row 62/120 IC 133/599 x0=0.671026 velocity_parameter=0.0323333 elapsed=43.4712s written=0
  crossing 0/250
  stopped velocity row 62 IC 133 x0=0.671026 velocity_parameter=0.0323333 status=collision: trajectory reached the configured collision radius
velocity row 62/120 IC 143/599 x0=0.678205 velocity_parameter=0.0323333 elapsed=43.8035s written=0
  crossing 0/250
  stopped velocity row 62 IC 143 x0=0.678205 velocity_parameter=0.0323333 status=collision: trajectory reached the configured collision radius
velocity row 62/120 IC 151/599 x0=0.683948 velocity_parameter=0.0323333 elapsed=44.054s written=0
  crossing 0/250
  stopped velocity row 62 IC 151 x0=0.683948 velocity_parameter=0.0323333 status=collision: trajectory reached the configured collision radius
velocity row 63/120 IC 133/599 x0=0.671026 velocity_parameter=0.0485 elapsed=44.0857s written=0
  crossing 0/250
  stopped velocity row 63 IC 133 x0=0.671026 velocity_parameter=0.0485 status=collision: trajectory reached the configured collision radius
velocity row 63/120 IC 143/599 x0=0.678205 velocity_parameter=0.0485 elapsed=44.4037s written=0
  crossing 0/250
  stopped velocity row 63 IC 143 x0=0.678205 velocity_parameter=0.0485 status=collision: trajectory reached the configured collision radius
velocity row 63/120 IC 151/599 x0=0.683948 velocity_parameter=0.0485 elapsed=44.6601s written=0
  crossing 0/250
  stopped velocity row 63 IC 151 x0=0.683948 velocity_parameter=0.0485 status=collision: trajectory reached the configured collision radius
velocity row 64/120 IC 133/599 x0=0.671026 velocity_parameter=0.0646667 elapsed=44.6906s written=0
  crossing 0/250
  stopped velocity row 64 IC 133 x0=0.671026 velocity_parameter=0.0646667 status=collision: trajectory reached the configured collision radius
velocity row 64/120 IC 143/599 x0=0.678205 velocity_parameter=0.0646667 elapsed=45.018s written=0
  crossing 0/250
  stopped velocity row 64 IC 143 x0=0.678205 velocity_parameter=0.0646667 status=collision: trajectory reached the configured collision radius
velocity row 64/120 IC 151/599 x0=0.683948 velocity_parameter=0.0646667 elapsed=45.2935s written=0
  crossing 0/250
  stopped velocity row 64 IC 151 x0=0.683948 velocity_parameter=0.0646667 status=collision: trajectory reached the configured collision radius
velocity row 65/120 IC 133/599 x0=0.671026 velocity_parameter=0.0808333 elapsed=45.3249s written=0
  crossing 0/250
  stopped velocity row 65 IC 133 x0=0.671026 velocity_parameter=0.0808333 status=collision: trajectory reached the configured collision radius
velocity row 65/120 IC 143/599 x0=0.678205 velocity_parameter=0.0808333 elapsed=45.6665s written=0
  crossing 0/250
  stopped velocity row 65 IC 143 x0=0.678205 velocity_parameter=0.0808333 status=collision: trajectory reached the configured collision radius
velocity row 65/120 IC 151/599 x0=0.683948 velocity_parameter=0.0808333 elapsed=45.93s written=0
  crossing 0/250
  stopped velocity row 65 IC 151 x0=0.683948 velocity_parameter=0.0808333 status=collision: trajectory reached the configured collision radius
velocity row 66/120 IC 133/599 x0=0.671026 velocity_parameter=0.097 elapsed=45.9608s written=0
  crossing 0/250
  stopped velocity row 66 IC 133 x0=0.671026 velocity_parameter=0.097 status=collision: trajectory reached the configured collision radius
velocity row 66/120 IC 143/599 x0=0.678205 velocity_parameter=0.097 elapsed=46.3132s written=0
  crossing 0/250
  stopped velocity row 66 IC 143 x0=0.678205 velocity_parameter=0.097 status=collision: trajectory reached the configured collision radius
velocity row 66/120 IC 151/599 x0=0.683948 velocity_parameter=0.097 elapsed=46.5757s written=0
  crossing 0/250
  stopped velocity row 66 IC 151 x0=0.683948 velocity_parameter=0.097 status=collision: trajectory reached the configured collision radius
velocity row 67/120 IC 133/599 x0=0.671026 velocity_parameter=0.113167 elapsed=46.6071s written=0
  crossing 0/250
  stopped velocity row 67 IC 133 x0=0.671026 velocity_parameter=0.113167 status=collision: trajectory reached the configured collision radius
velocity row 67/120 IC 143/599 x0=0.678205 velocity_parameter=0.113167 elapsed=46.9168s written=0
  crossing 0/250
  stopped velocity row 67 IC 143 x0=0.678205 velocity_parameter=0.113167 status=collision: trajectory reached the configured collision radius
velocity row 67/120 IC 151/599 x0=0.683948 velocity_parameter=0.113167 elapsed=47.1673s written=0
  crossing 0/250
  stopped velocity row 67 IC 151 x0=0.683948 velocity_parameter=0.113167 status=collision: trajectory reached the configured collision radius
velocity row 68/120 IC 133/599 x0=0.671026 velocity_parameter=0.129333 elapsed=47.1987s written=0
  crossing 0/250
  stopped velocity row 68 IC 133 x0=0.671026 velocity_parameter=0.129333 status=collision: trajectory reached the configured collision radius
velocity row 68/120 IC 143/599 x0=0.678205 velocity_parameter=0.129333 elapsed=47.5306s written=0
  crossing 0/250
  stopped velocity row 68 IC 143 x0=0.678205 velocity_parameter=0.129333 status=collision: trajectory reached the configured collision radius
velocity row 68/120 IC 151/599 x0=0.683948 velocity_parameter=0.129333 elapsed=47.8305s written=0
  crossing 0/250
  stopped velocity row 68 IC 151 x0=0.683948 velocity_parameter=0.129333 status=collision: trajectory reached the configured collision radius
velocity row 69/120 IC 133/599 x0=0.671026 velocity_parameter=0.1455 elapsed=47.8613s written=0
  crossing 0/250
  stopped velocity row 69 IC 133 x0=0.671026 velocity_parameter=0.1455 status=collision: trajectory reached the configured collision radius
velocity row 69/120 IC 143/599 x0=0.678205 velocity_parameter=0.1455 elapsed=48.1738s written=0
  crossing 0/250
  stopped velocity row 69 IC 143 x0=0.678205 velocity_parameter=0.1455 status=collision: trajectory reached the configured collision radius
velocity row 69/120 IC 151/599 x0=0.683948 velocity_parameter=0.1455 elapsed=48.4822s written=0
  crossing 0/250
  stopped velocity row 69 IC 151 x0=0.683948 velocity_parameter=0.1455 status=collision: trajectory reached the configured collision radius
velocity row 70/120 IC 133/599 x0=0.671026 velocity_parameter=0.161667 elapsed=48.5137s written=0
  crossing 0/250
  stopped velocity row 70 IC 133 x0=0.671026 velocity_parameter=0.161667 status=collision: trajectory reached the configured collision radius
velocity row 70/120 IC 143/599 x0=0.678205 velocity_parameter=0.161667 elapsed=48.8496s written=0
  crossing 0/250
  stopped velocity row 70 IC 143 x0=0.678205 velocity_parameter=0.161667 status=collision: trajectory reached the configured collision radius
velocity row 70/120 IC 151/599 x0=0.683948 velocity_parameter=0.161667 elapsed=49.1331s written=0
  crossing 0/250
  stopped velocity row 70 IC 151 x0=0.683948 velocity_parameter=0.161667 status=collision: trajectory reached the configured collision radius
velocity row 71/120 IC 133/599 x0=0.671026 velocity_parameter=0.177833 elapsed=49.1642s written=0
  crossing 0/250
  stopped velocity row 71 IC 133 x0=0.671026 velocity_parameter=0.177833 status=collision: trajectory reached the configured collision radius
velocity row 71/120 IC 143/599 x0=0.678205 velocity_parameter=0.177833 elapsed=49.4914s written=0
  crossing 0/250
  stopped velocity row 71 IC 143 x0=0.678205 velocity_parameter=0.177833 status=collision: trajectory reached the configured collision radius
velocity row 71/120 IC 151/599 x0=0.683948 velocity_parameter=0.177833 elapsed=49.753s written=0
  crossing 0/250
  stopped velocity row 71 IC 151 x0=0.683948 velocity_parameter=0.177833 status=collision: trajectory reached the configured collision radius
velocity row 72/120 IC 133/599 x0=0.671026 velocity_parameter=0.194 elapsed=49.7851s written=0
  crossing 0/250
  stopped velocity row 72 IC 133 x0=0.671026 velocity_parameter=0.194 status=collision: trajectory reached the configured collision radius
velocity row 72/120 IC 143/599 x0=0.678205 velocity_parameter=0.194 elapsed=50.1106s written=0
  crossing 0/250
  stopped velocity row 72 IC 143 x0=0.678205 velocity_parameter=0.194 status=collision: trajectory reached the configured collision radius
velocity row 72/120 IC 151/599 x0=0.683948 velocity_parameter=0.194 elapsed=50.3621s written=0
  crossing 0/250
  stopped velocity row 72 IC 151 x0=0.683948 velocity_parameter=0.194 status=collision: trajectory reached the configured collision radius
velocity row 73/120 IC 133/599 x0=0.671026 velocity_parameter=0.210167 elapsed=50.3935s written=0
  crossing 0/250
  stopped velocity row 73 IC 133 x0=0.671026 velocity_parameter=0.210167 status=collision: trajectory reached the configured collision radius
velocity row 73/120 IC 143/599 x0=0.678205 velocity_parameter=0.210167 elapsed=50.7091s written=0
  crossing 0/250
  stopped velocity row 73 IC 143 x0=0.678205 velocity_parameter=0.210167 status=collision: trajectory reached the configured collision radius
velocity row 73/120 IC 151/599 x0=0.683948 velocity_parameter=0.210167 elapsed=50.9589s written=0
  crossing 0/250
  stopped velocity row 73 IC 151 x0=0.683948 velocity_parameter=0.210167 status=collision: trajectory reached the configured collision radius
velocity row 74/120 IC 133/599 x0=0.671026 velocity_parameter=0.226333 elapsed=50.9906s written=0
  crossing 0/250
  stopped velocity row 74 IC 133 x0=0.671026 velocity_parameter=0.226333 status=collision: trajectory reached the configured collision radius
velocity row 74/120 IC 143/599 x0=0.678205 velocity_parameter=0.226333 elapsed=51.32s written=0
  crossing 0/250
  stopped velocity row 74 IC 143 x0=0.678205 velocity_parameter=0.226333 status=collision: trajectory reached the configured collision radius
velocity row 74/120 IC 151/599 x0=0.683948 velocity_parameter=0.226333 elapsed=51.569s written=0
  crossing 0/250
  stopped velocity row 74 IC 151 x0=0.683948 velocity_parameter=0.226333 status=collision: trajectory reached the configured collision radius
velocity row 75/120 IC 133/599 x0=0.671026 velocity_parameter=0.2425 elapsed=51.6001s written=0
  crossing 0/250
  stopped velocity row 75 IC 133 x0=0.671026 velocity_parameter=0.2425 status=collision: trajectory reached the configured collision radius
velocity row 75/120 IC 143/599 x0=0.678205 velocity_parameter=0.2425 elapsed=51.9242s written=0
  crossing 0/250
  stopped velocity row 75 IC 143 x0=0.678205 velocity_parameter=0.2425 status=collision: trajectory reached the configured collision radius
velocity row 75/120 IC 151/599 x0=0.683948 velocity_parameter=0.2425 elapsed=52.197s written=0
  crossing 0/250
  stopped velocity row 75 IC 151 x0=0.683948 velocity_parameter=0.2425 status=collision: trajectory reached the configured collision radius
velocity row 76/120 IC 133/599 x0=0.671026 velocity_parameter=0.258667 elapsed=52.2283s written=0
  crossing 0/250
  stopped velocity row 76 IC 133 x0=0.671026 velocity_parameter=0.258667 status=collision: trajectory reached the configured collision radius
velocity row 76/120 IC 143/599 x0=0.678205 velocity_parameter=0.258667 elapsed=52.5767s written=0
  crossing 0/250
  stopped velocity row 76 IC 143 x0=0.678205 velocity_parameter=0.258667 status=collision: trajectory reached the configured collision radius
velocity row 76/120 IC 151/599 x0=0.683948 velocity_parameter=0.258667 elapsed=52.8665s written=0
  crossing 0/250
  stopped velocity row 76 IC 151 x0=0.683948 velocity_parameter=0.258667 status=collision: trajectory reached the configured collision radius
velocity row 77/120 IC 133/599 x0=0.671026 velocity_parameter=0.274833 elapsed=52.8988s written=0
  crossing 0/250
  stopped velocity row 77 IC 133 x0=0.671026 velocity_parameter=0.274833 status=collision: trajectory reached the configured collision radius
velocity row 77/120 IC 143/599 x0=0.678205 velocity_parameter=0.274833 elapsed=53.2385s written=0
  crossing 0/250
  stopped velocity row 77 IC 143 x0=0.678205 velocity_parameter=0.274833 status=collision: trajectory reached the configured collision radius
velocity row 77/120 IC 151/599 x0=0.683948 velocity_parameter=0.274833 elapsed=53.5087s written=0
  crossing 0/250
  stopped velocity row 77 IC 151 x0=0.683948 velocity_parameter=0.274833 status=collision: trajectory reached the configured collision radius
velocity row 78/120 IC 133/599 x0=0.671026 velocity_parameter=0.291 elapsed=53.5416s written=0
  crossing 0/250
  stopped velocity row 78 IC 133 x0=0.671026 velocity_parameter=0.291 status=collision: trajectory reached the configured collision radius
velocity row 78/120 IC 143/599 x0=0.678205 velocity_parameter=0.291 elapsed=53.913s written=0
  crossing 0/250
  stopped velocity row 78 IC 143 x0=0.678205 velocity_parameter=0.291 status=collision: trajectory reached the configured collision radius
velocity row 78/120 IC 151/599 x0=0.683948 velocity_parameter=0.291 elapsed=54.1758s written=0
  crossing 0/250
  stopped velocity row 78 IC 151 x0=0.683948 velocity_parameter=0.291 status=collision: trajectory reached the configured collision radius
velocity row 79/120 IC 133/599 x0=0.671026 velocity_parameter=0.307167 elapsed=54.2083s written=0
  crossing 0/250
  stopped velocity row 79 IC 133 x0=0.671026 velocity_parameter=0.307167 status=collision: trajectory reached the configured collision radius
velocity row 79/120 IC 143/599 x0=0.678205 velocity_parameter=0.307167 elapsed=54.5872s written=0
  crossing 0/250
  stopped velocity row 79 IC 143 x0=0.678205 velocity_parameter=0.307167 status=collision: trajectory reached the configured collision radius
velocity row 79/120 IC 151/599 x0=0.683948 velocity_parameter=0.307167 elapsed=54.8832s written=0
  crossing 0/250
  stopped velocity row 79 IC 151 x0=0.683948 velocity_parameter=0.307167 status=collision: trajectory reached the configured collision radius
velocity row 80/120 IC 133/599 x0=0.671026 velocity_parameter=0.323333 elapsed=54.9151s written=0
  crossing 0/250
  stopped velocity row 80 IC 133 x0=0.671026 velocity_parameter=0.323333 status=collision: trajectory reached the configured collision radius
velocity row 80/120 IC 143/599 x0=0.678205 velocity_parameter=0.323333 elapsed=55.2433s written=0
  crossing 0/250
  stopped velocity row 80 IC 143 x0=0.678205 velocity_parameter=0.323333 status=collision: trajectory reached the configured collision radius
velocity row 80/120 IC 151/599 x0=0.683948 velocity_parameter=0.323333 elapsed=55.5102s written=0
  crossing 0/250
  stopped velocity row 80 IC 151 x0=0.683948 velocity_parameter=0.323333 status=collision: trajectory reached the configured collision radius
velocity row 81/120 IC 133/599 x0=0.671026 velocity_parameter=0.3395 elapsed=55.5421s written=0
  crossing 0/250
  stopped velocity row 81 IC 133 x0=0.671026 velocity_parameter=0.3395 status=collision: trajectory reached the configured collision radius
velocity row 81/120 IC 143/599 x0=0.678205 velocity_parameter=0.3395 elapsed=55.8896s written=0
  crossing 0/250
  stopped velocity row 81 IC 143 x0=0.678205 velocity_parameter=0.3395 status=collision: trajectory reached the configured collision radius
velocity row 81/120 IC 151/599 x0=0.683948 velocity_parameter=0.3395 elapsed=56.1517s written=0
  crossing 0/250
  stopped velocity row 81 IC 151 x0=0.683948 velocity_parameter=0.3395 status=collision: trajectory reached the configured collision radius
velocity row 82/120 IC 133/599 x0=0.671026 velocity_parameter=0.355667 elapsed=56.1845s written=0
  crossing 0/250
  stopped velocity row 82 IC 133 x0=0.671026 velocity_parameter=0.355667 status=collision: trajectory reached the configured collision radius
velocity row 82/120 IC 143/599 x0=0.678205 velocity_parameter=0.355667 elapsed=56.5809s written=0
  crossing 0/250
  stopped velocity row 82 IC 143 x0=0.678205 velocity_parameter=0.355667 status=collision: trajectory reached the configured collision radius
velocity row 82/120 IC 151/599 x0=0.683948 velocity_parameter=0.355667 elapsed=56.8379s written=0
  crossing 0/250
  stopped velocity row 82 IC 151 x0=0.683948 velocity_parameter=0.355667 status=collision: trajectory reached the configured collision radius
velocity row 83/120 IC 133/599 x0=0.671026 velocity_parameter=0.371833 elapsed=56.8706s written=0
  crossing 0/250
  stopped velocity row 83 IC 133 x0=0.671026 velocity_parameter=0.371833 status=collision: trajectory reached the configured collision radius
velocity row 83/120 IC 143/599 x0=0.678205 velocity_parameter=0.371833 elapsed=57.2024s written=0
  crossing 0/250
  stopped velocity row 83 IC 143 x0=0.678205 velocity_parameter=0.371833 status=collision: trajectory reached the configured collision radius
velocity row 83/120 IC 151/599 x0=0.683948 velocity_parameter=0.371833 elapsed=57.4765s written=0
  crossing 0/250
  stopped velocity row 83 IC 151 x0=0.683948 velocity_parameter=0.371833 status=collision: trajectory reached the configured collision radius
velocity row 84/120 IC 133/599 x0=0.671026 velocity_parameter=0.388 elapsed=57.5082s written=0
  crossing 0/250
  stopped velocity row 84 IC 133 x0=0.671026 velocity_parameter=0.388 status=collision: trajectory reached the configured collision radius
velocity row 84/120 IC 143/599 x0=0.678205 velocity_parameter=0.388 elapsed=57.8285s written=0
  crossing 0/250
  stopped velocity row 84 IC 143 x0=0.678205 velocity_parameter=0.388 status=collision: trajectory reached the configured collision radius
velocity row 84/120 IC 151/599 x0=0.683948 velocity_parameter=0.388 elapsed=58.1074s written=0
  crossing 0/250
  stopped velocity row 84 IC 151 x0=0.683948 velocity_parameter=0.388 status=collision: trajectory reached the configured collision radius
velocity row 85/120 IC 133/599 x0=0.671026 velocity_parameter=0.404167 elapsed=58.1397s written=0
  crossing 0/250
  stopped velocity row 85 IC 133 x0=0.671026 velocity_parameter=0.404167 status=collision: trajectory reached the configured collision radius
velocity row 85/120 IC 143/599 x0=0.678205 velocity_parameter=0.404167 elapsed=58.4636s written=0
  crossing 0/250
  stopped velocity row 85 IC 143 x0=0.678205 velocity_parameter=0.404167 status=collision: trajectory reached the configured collision radius
velocity row 85/120 IC 151/599 x0=0.683948 velocity_parameter=0.404167 elapsed=58.7381s written=0
  crossing 0/250
  stopped velocity row 85 IC 151 x0=0.683948 velocity_parameter=0.404167 status=collision: trajectory reached the configured collision radius
velocity row 86/120 IC 133/599 x0=0.671026 velocity_parameter=0.420333 elapsed=58.7699s written=0
  crossing 0/250
  stopped velocity row 86 IC 133 x0=0.671026 velocity_parameter=0.420333 status=collision: trajectory reached the configured collision radius
velocity row 86/120 IC 143/599 x0=0.678205 velocity_parameter=0.420333 elapsed=59.1121s written=0
  crossing 0/250
  stopped velocity row 86 IC 143 x0=0.678205 velocity_parameter=0.420333 status=collision: trajectory reached the configured collision radius
velocity row 86/120 IC 151/599 x0=0.683948 velocity_parameter=0.420333 elapsed=59.3974s written=0
  crossing 0/250
  stopped velocity row 86 IC 151 x0=0.683948 velocity_parameter=0.420333 status=collision: trajectory reached the configured collision radius
velocity row 87/120 IC 133/599 x0=0.671026 velocity_parameter=0.4365 elapsed=59.4323s written=0
  crossing 0/250
  stopped velocity row 87 IC 133 x0=0.671026 velocity_parameter=0.4365 status=collision: trajectory reached the configured collision radius
velocity row 87/120 IC 143/599 x0=0.678205 velocity_parameter=0.4365 elapsed=59.7794s written=0
  crossing 0/250
  stopped velocity row 87 IC 143 x0=0.678205 velocity_parameter=0.4365 status=collision: trajectory reached the configured collision radius
velocity row 87/120 IC 151/599 x0=0.683948 velocity_parameter=0.4365 elapsed=60.0559s written=0
  crossing 0/250
  stopped velocity row 87 IC 151 x0=0.683948 velocity_parameter=0.4365 status=collision: trajectory reached the configured collision radius
velocity row 88/120 IC 133/599 x0=0.671026 velocity_parameter=0.452667 elapsed=60.0889s written=0
  crossing 0/250
  stopped velocity row 88 IC 133 x0=0.671026 velocity_parameter=0.452667 status=collision: trajectory reached the configured collision radius
velocity row 88/120 IC 143/599 x0=0.678205 velocity_parameter=0.452667 elapsed=60.4314s written=0
  crossing 0/250
  stopped velocity row 88 IC 143 x0=0.678205 velocity_parameter=0.452667 status=collision: trajectory reached the configured collision radius
velocity row 88/120 IC 151/599 x0=0.683948 velocity_parameter=0.452667 elapsed=60.7433s written=0
  crossing 0/250
  stopped velocity row 88 IC 151 x0=0.683948 velocity_parameter=0.452667 status=collision: trajectory reached the configured collision radius
velocity row 89/120 IC 133/599 x0=0.671026 velocity_parameter=0.468833 elapsed=60.7745s written=0
  crossing 0/250
  stopped velocity row 89 IC 133 x0=0.671026 velocity_parameter=0.468833 status=collision: trajectory reached the configured collision radius
velocity row 89/120 IC 143/599 x0=0.678205 velocity_parameter=0.468833 elapsed=61.1234s written=0
  crossing 0/250
  stopped velocity row 89 IC 143 x0=0.678205 velocity_parameter=0.468833 status=collision: trajectory reached the configured collision radius
velocity row 89/120 IC 151/599 x0=0.683948 velocity_parameter=0.468833 elapsed=61.3871s written=0
  crossing 0/250
  stopped velocity row 89 IC 151 x0=0.683948 velocity_parameter=0.468833 status=collision: trajectory reached the configured collision radius
velocity row 90/120 IC 133/599 x0=0.671026 velocity_parameter=0.485 elapsed=61.4226s written=0
  crossing 0/250
  stopped velocity row 90 IC 133 x0=0.671026 velocity_parameter=0.485 status=collision: trajectory reached the configured collision radius
velocity row 90/120 IC 143/599 x0=0.678205 velocity_parameter=0.485 elapsed=61.7584s written=0
  crossing 0/250
  stopped velocity row 90 IC 143 x0=0.678205 velocity_parameter=0.485 status=collision: trajectory reached the configured collision radius
velocity row 90/120 IC 151/599 x0=0.683948 velocity_parameter=0.485 elapsed=62.0141s written=0
  crossing 0/250
  stopped velocity row 90 IC 151 x0=0.683948 velocity_parameter=0.485 status=collision: trajectory reached the configured collision radius
velocity row 91/120 IC 133/599 x0=0.671026 velocity_parameter=0.501167 elapsed=62.046s written=0
  crossing 0/250
  stopped velocity row 91 IC 133 x0=0.671026 velocity_parameter=0.501167 status=collision: trajectory reached the configured collision radius
velocity row 91/120 IC 143/599 x0=0.678205 velocity_parameter=0.501167 elapsed=62.3584s written=0
  crossing 0/250
  stopped velocity row 91 IC 143 x0=0.678205 velocity_parameter=0.501167 status=collision: trajectory reached the configured collision radius
velocity row 91/120 IC 151/599 x0=0.683948 velocity_parameter=0.501167 elapsed=62.6092s written=0
  crossing 0/250
  stopped velocity row 91 IC 151 x0=0.683948 velocity_parameter=0.501167 status=collision: trajectory reached the configured collision radius
velocity row 92/120 IC 133/599 x0=0.671026 velocity_parameter=0.517333 elapsed=62.6414s written=0
  crossing 0/250
  stopped velocity row 92 IC 133 x0=0.671026 velocity_parameter=0.517333 status=collision: trajectory reached the configured collision radius
velocity row 92/120 IC 143/599 x0=0.678205 velocity_parameter=0.517333 elapsed=62.9826s written=0
  crossing 0/250
  stopped velocity row 92 IC 143 x0=0.678205 velocity_parameter=0.517333 status=collision: trajectory reached the configured collision radius
velocity row 92/120 IC 151/599 x0=0.683948 velocity_parameter=0.517333 elapsed=63.2459s written=0
  crossing 0/250
  stopped velocity row 92 IC 151 x0=0.683948 velocity_parameter=0.517333 status=collision: trajectory reached the configured collision radius
velocity row 93/120 IC 133/599 x0=0.671026 velocity_parameter=0.5335 elapsed=63.2787s written=0
  crossing 0/250
  stopped velocity row 93 IC 133 x0=0.671026 velocity_parameter=0.5335 status=collision: trajectory reached the configured collision radius
velocity row 93/120 IC 143/599 x0=0.678205 velocity_parameter=0.5335 elapsed=63.6108s written=0
  crossing 0/250
  stopped velocity row 93 IC 143 x0=0.678205 velocity_parameter=0.5335 status=collision: trajectory reached the configured collision radius
velocity row 93/120 IC 151/599 x0=0.683948 velocity_parameter=0.5335 elapsed=63.8618s written=0
  crossing 0/250
  stopped velocity row 93 IC 151 x0=0.683948 velocity_parameter=0.5335 status=collision: trajectory reached the configured collision radius
velocity row 94/120 IC 133/599 x0=0.671026 velocity_parameter=0.549667 elapsed=63.893s written=0
  crossing 0/250
  stopped velocity row 94 IC 133 x0=0.671026 velocity_parameter=0.549667 status=collision: trajectory reached the configured collision radius
velocity row 94/120 IC 143/599 x0=0.678205 velocity_parameter=0.549667 elapsed=64.2039s written=0
  crossing 0/250
  stopped velocity row 94 IC 143 x0=0.678205 velocity_parameter=0.549667 status=collision: trajectory reached the configured collision radius
velocity row 94/120 IC 151/599 x0=0.683948 velocity_parameter=0.549667 elapsed=64.4747s written=0
  crossing 0/250
  stopped velocity row 94 IC 151 x0=0.683948 velocity_parameter=0.549667 status=collision: trajectory reached the configured collision radius
velocity row 95/120 IC 133/599 x0=0.671026 velocity_parameter=0.565833 elapsed=64.5062s written=0
  crossing 0/250
  stopped velocity row 95 IC 133 x0=0.671026 velocity_parameter=0.565833 status=collision: trajectory reached the configured collision radius
velocity row 95/120 IC 143/599 x0=0.678205 velocity_parameter=0.565833 elapsed=64.8195s written=0
  crossing 0/250
  stopped velocity row 95 IC 143 x0=0.678205 velocity_parameter=0.565833 status=collision: trajectory reached the configured collision radius
velocity row 95/120 IC 151/599 x0=0.683948 velocity_parameter=0.565833 elapsed=65.0758s written=0
  crossing 0/250
  stopped velocity row 95 IC 151 x0=0.683948 velocity_parameter=0.565833 status=collision: trajectory reached the configured collision radius
velocity row 96/120 IC 133/599 x0=0.671026 velocity_parameter=0.582 elapsed=65.1077s written=0
  crossing 0/250
  stopped velocity row 96 IC 133 x0=0.671026 velocity_parameter=0.582 status=collision: trajectory reached the configured collision radius
velocity row 96/120 IC 143/599 x0=0.678205 velocity_parameter=0.582 elapsed=65.4503s written=0
  crossing 0/250
  stopped velocity row 96 IC 143 x0=0.678205 velocity_parameter=0.582 status=collision: trajectory reached the configured collision radius
velocity row 96/120 IC 151/599 x0=0.683948 velocity_parameter=0.582 elapsed=65.7052s written=0
  crossing 0/250
  stopped velocity row 96 IC 151 x0=0.683948 velocity_parameter=0.582 status=collision: trajectory reached the configured collision radius
velocity row 97/120 IC 133/599 x0=0.671026 velocity_parameter=0.598167 elapsed=65.7378s written=0
  crossing 0/250
  stopped velocity row 97 IC 133 x0=0.671026 velocity_parameter=0.598167 status=collision: trajectory reached the configured collision radius
velocity row 97/120 IC 143/599 x0=0.678205 velocity_parameter=0.598167 elapsed=66.0593s written=0
  crossing 0/250
  stopped velocity row 97 IC 143 x0=0.678205 velocity_parameter=0.598167 status=collision: trajectory reached the configured collision radius
velocity row 97/120 IC 151/599 x0=0.683948 velocity_parameter=0.598167 elapsed=66.3079s written=0
  crossing 0/250
  stopped velocity row 97 IC 151 x0=0.683948 velocity_parameter=0.598167 status=collision: trajectory reached the configured collision radius
velocity row 98/120 IC 133/599 x0=0.671026 velocity_parameter=0.614333 elapsed=66.3508s written=0
  crossing 0/250
  stopped velocity row 98 IC 133 x0=0.671026 velocity_parameter=0.614333 status=collision: trajectory reached the configured collision radius
velocity row 98/120 IC 143/599 x0=0.678205 velocity_parameter=0.614333 elapsed=66.6651s written=0
  crossing 0/250
  stopped velocity row 98 IC 143 x0=0.678205 velocity_parameter=0.614333 status=collision: trajectory reached the configured collision radius
velocity row 98/120 IC 151/599 x0=0.683948 velocity_parameter=0.614333 elapsed=66.916s written=0
  crossing 0/250
  stopped velocity row 98 IC 151 x0=0.683948 velocity_parameter=0.614333 status=collision: trajectory reached the configured collision radius
velocity row 99/120 IC 133/599 x0=0.671026 velocity_parameter=0.6305 elapsed=66.9564s written=0
  crossing 0/250
  stopped velocity row 99 IC 133 x0=0.671026 velocity_parameter=0.6305 status=collision: trajectory reached the configured collision radius
velocity row 99/120 IC 143/599 x0=0.678205 velocity_parameter=0.6305 elapsed=67.2757s written=0
  crossing 0/250
  stopped velocity row 99 IC 143 x0=0.678205 velocity_parameter=0.6305 status=collision: trajectory reached the configured collision radius
velocity row 99/120 IC 151/599 x0=0.683948 velocity_parameter=0.6305 elapsed=67.5375s written=0
  crossing 0/250
  stopped velocity row 99 IC 151 x0=0.683948 velocity_parameter=0.6305 status=collision: trajectory reached the configured collision radius
velocity row 100/120 IC 133/599 x0=0.671026 velocity_parameter=0.646667 elapsed=67.5953s written=0
  crossing 0/250
  stopped velocity row 100 IC 133 x0=0.671026 velocity_parameter=0.646667 status=collision: trajectory reached the configured collision radius
velocity row 100/120 IC 143/599 x0=0.678205 velocity_parameter=0.646667 elapsed=67.9305s written=0
  crossing 0/250
  stopped velocity row 100 IC 143 x0=0.678205 velocity_parameter=0.646667 status=collision: trajectory reached the configured collision radius
velocity row 100/120 IC 151/599 x0=0.683948 velocity_parameter=0.646667 elapsed=68.1958s written=0
  crossing 0/250
  stopped velocity row 100 IC 151 x0=0.683948 velocity_parameter=0.646667 status=collision: trajectory reached the configured collision radius
velocity row 101/120 IC 133/599 x0=0.671026 velocity_parameter=0.662833 elapsed=68.2276s written=0
  crossing 0/250
  stopped velocity row 101 IC 133 x0=0.671026 velocity_parameter=0.662833 status=collision: trajectory reached the configured collision radius
velocity row 101/120 IC 143/599 x0=0.678205 velocity_parameter=0.662833 elapsed=68.5416s written=0
  crossing 0/250
  stopped velocity row 101 IC 143 x0=0.678205 velocity_parameter=0.662833 status=collision: trajectory reached the configured collision radius
velocity row 101/120 IC 151/599 x0=0.683948 velocity_parameter=0.662833 elapsed=68.8089s written=0
  crossing 0/250
  stopped velocity row 101 IC 151 x0=0.683948 velocity_parameter=0.662833 status=collision: trajectory reached the configured collision radius
velocity row 102/120 IC 133/599 x0=0.671026 velocity_parameter=0.679 elapsed=68.8396s written=0
  crossing 0/250
  stopped velocity row 102 IC 133 x0=0.671026 velocity_parameter=0.679 status=collision: trajectory reached the configured collision radius
velocity row 102/120 IC 143/599 x0=0.678205 velocity_parameter=0.679 elapsed=69.1627s written=0
  crossing 0/250
  stopped velocity row 102 IC 143 x0=0.678205 velocity_parameter=0.679 status=collision: trajectory reached the configured collision radius
velocity row 102/120 IC 151/599 x0=0.683948 velocity_parameter=0.679 elapsed=69.4146s written=0
  crossing 0/250
  stopped velocity row 102 IC 151 x0=0.683948 velocity_parameter=0.679 status=collision: trajectory reached the configured collision radius
velocity row 103/120 IC 133/599 x0=0.671026 velocity_parameter=0.695167 elapsed=69.4465s written=0
  crossing 0/250
  stopped velocity row 103 IC 133 x0=0.671026 velocity_parameter=0.695167 status=collision: trajectory reached the configured collision radius
velocity row 103/120 IC 143/599 x0=0.678205 velocity_parameter=0.695167 elapsed=69.8148s written=0
  crossing 0/250
  stopped velocity row 103 IC 143 x0=0.678205 velocity_parameter=0.695167 status=collision: trajectory reached the configured collision radius
velocity row 103/120 IC 151/599 x0=0.683948 velocity_parameter=0.695167 elapsed=70.0649s written=0
  crossing 0/250
  stopped velocity row 103 IC 151 x0=0.683948 velocity_parameter=0.695167 status=collision: trajectory reached the configured collision radius
velocity row 104/120 IC 133/599 x0=0.671026 velocity_parameter=0.711333 elapsed=70.0962s written=0
  crossing 0/250
  stopped velocity row 104 IC 133 x0=0.671026 velocity_parameter=0.711333 status=collision: trajectory reached the configured collision radius
velocity row 104/120 IC 143/599 x0=0.678205 velocity_parameter=0.711333 elapsed=70.4214s written=0
  crossing 0/250
  stopped velocity row 104 IC 143 x0=0.678205 velocity_parameter=0.711333 status=collision: trajectory reached the configured collision radius
velocity row 104/120 IC 151/599 x0=0.683948 velocity_parameter=0.711333 elapsed=70.6853s written=0
  crossing 0/250
  stopped velocity row 104 IC 151 x0=0.683948 velocity_parameter=0.711333 status=collision: trajectory reached the configured collision radius
velocity row 105/120 IC 133/599 x0=0.671026 velocity_parameter=0.7275 elapsed=70.7177s written=0
  crossing 0/250
  stopped velocity row 105 IC 133 x0=0.671026 velocity_parameter=0.7275 status=collision: trajectory reached the configured collision radius
velocity row 105/120 IC 143/599 x0=0.678205 velocity_parameter=0.7275 elapsed=71.0597s written=0
  crossing 0/250
  stopped velocity row 105 IC 143 x0=0.678205 velocity_parameter=0.7275 status=collision: trajectory reached the configured collision radius
velocity row 105/120 IC 151/599 x0=0.683948 velocity_parameter=0.7275 elapsed=71.3083s written=0
  crossing 0/250
  stopped velocity row 105 IC 151 x0=0.683948 velocity_parameter=0.7275 status=collision: trajectory reached the configured collision radius
velocity row 106/120 IC 133/599 x0=0.671026 velocity_parameter=0.743667 elapsed=71.3391s written=0
  crossing 0/250
  stopped velocity row 106 IC 133 x0=0.671026 velocity_parameter=0.743667 status=collision: trajectory reached the configured collision radius
velocity row 106/120 IC 143/599 x0=0.678205 velocity_parameter=0.743667 elapsed=71.6569s written=0
  crossing 0/250
  stopped velocity row 106 IC 143 x0=0.678205 velocity_parameter=0.743667 status=collision: trajectory reached the configured collision radius
velocity row 106/120 IC 151/599 x0=0.683948 velocity_parameter=0.743667 elapsed=71.9123s written=0
  crossing 0/250
  stopped velocity row 106 IC 151 x0=0.683948 velocity_parameter=0.743667 status=collision: trajectory reached the configured collision radius
velocity row 107/120 IC 133/599 x0=0.671026 velocity_parameter=0.759833 elapsed=71.9446s written=0
  crossing 0/250
  stopped velocity row 107 IC 133 x0=0.671026 velocity_parameter=0.759833 status=collision: trajectory reached the configured collision radius
velocity row 107/120 IC 143/599 x0=0.678205 velocity_parameter=0.759833 elapsed=72.2594s written=0
  crossing 0/250
  stopped velocity row 107 IC 143 x0=0.678205 velocity_parameter=0.759833 status=collision: trajectory reached the configured collision radius
velocity row 107/120 IC 151/599 x0=0.683948 velocity_parameter=0.759833 elapsed=72.5109s written=0
  crossing 0/250
  stopped velocity row 107 IC 151 x0=0.683948 velocity_parameter=0.759833 status=collision: trajectory reached the configured collision radius
velocity row 108/120 IC 133/599 x0=0.671026 velocity_parameter=0.776 elapsed=72.5423s written=0
  crossing 0/250
  stopped velocity row 108 IC 133 x0=0.671026 velocity_parameter=0.776 status=collision: trajectory reached the configured collision radius
velocity row 108/120 IC 143/599 x0=0.678205 velocity_parameter=0.776 elapsed=72.8731s written=0
  crossing 0/250
  stopped velocity row 108 IC 143 x0=0.678205 velocity_parameter=0.776 status=collision: trajectory reached the configured collision radius
velocity row 108/120 IC 151/599 x0=0.683948 velocity_parameter=0.776 elapsed=73.1264s written=0
  crossing 0/250
  stopped velocity row 108 IC 151 x0=0.683948 velocity_parameter=0.776 status=collision: trajectory reached the configured collision radius
velocity row 109/120 IC 133/599 x0=0.671026 velocity_parameter=0.792167 elapsed=73.1582s written=0
  crossing 0/250
  stopped velocity row 109 IC 133 x0=0.671026 velocity_parameter=0.792167 status=collision: trajectory reached the configured collision radius
velocity row 109/120 IC 143/599 x0=0.678205 velocity_parameter=0.792167 elapsed=73.4911s written=0
  crossing 0/250
  stopped velocity row 109 IC 143 x0=0.678205 velocity_parameter=0.792167 status=collision: trajectory reached the configured collision radius
velocity row 109/120 IC 151/599 x0=0.683948 velocity_parameter=0.792167 elapsed=73.7462s written=0
  crossing 0/250
  stopped velocity row 109 IC 151 x0=0.683948 velocity_parameter=0.792167 status=collision: trajectory reached the configured collision radius
velocity row 110/120 IC 133/599 x0=0.671026 velocity_parameter=0.808333 elapsed=73.7774s written=0
  crossing 0/250
  stopped velocity row 110 IC 133 x0=0.671026 velocity_parameter=0.808333 status=collision: trajectory reached the configured collision radius
velocity row 110/120 IC 143/599 x0=0.678205 velocity_parameter=0.808333 elapsed=74.1087s written=0
  crossing 0/250
  stopped velocity row 110 IC 143 x0=0.678205 velocity_parameter=0.808333 status=collision: trajectory reached the configured collision radius
velocity row 110/120 IC 151/599 x0=0.683948 velocity_parameter=0.808333 elapsed=74.3721s written=0
  crossing 0/250
  stopped velocity row 110 IC 151 x0=0.683948 velocity_parameter=0.808333 status=collision: trajectory reached the configured collision radius
velocity row 111/120 IC 133/599 x0=0.671026 velocity_parameter=0.8245 elapsed=74.4043s written=0
  crossing 0/250
  stopped velocity row 111 IC 133 x0=0.671026 velocity_parameter=0.8245 status=collision: trajectory reached the configured collision radius
velocity row 111/120 IC 143/599 x0=0.678205 velocity_parameter=0.8245 elapsed=74.7296s written=0
  crossing 0/250
  stopped velocity row 111 IC 143 x0=0.678205 velocity_parameter=0.8245 status=collision: trajectory reached the configured collision radius
velocity row 111/120 IC 151/599 x0=0.683948 velocity_parameter=0.8245 elapsed=74.9951s written=0
  crossing 0/250
  stopped velocity row 111 IC 151 x0=0.683948 velocity_parameter=0.8245 status=collision: trajectory reached the configured collision radius
velocity row 112/120 IC 133/599 x0=0.671026 velocity_parameter=0.840667 elapsed=75.0266s written=0
  crossing 0/250
  stopped velocity row 112 IC 133 x0=0.671026 velocity_parameter=0.840667 status=collision: trajectory reached the configured collision radius
velocity row 112/120 IC 143/599 x0=0.678205 velocity_parameter=0.840667 elapsed=75.3452s written=0
  crossing 0/250
  stopped velocity row 112 IC 143 x0=0.678205 velocity_parameter=0.840667 status=collision: trajectory reached the configured collision radius
velocity row 112/120 IC 151/599 x0=0.683948 velocity_parameter=0.840667 elapsed=75.6245s written=0
  crossing 0/250
  stopped velocity row 112 IC 151 x0=0.683948 velocity_parameter=0.840667 status=collision: trajectory reached the configured collision radius
velocity row 113/120 IC 133/599 x0=0.671026 velocity_parameter=0.856833 elapsed=75.6567s written=0
  crossing 0/250
  stopped velocity row 113 IC 133 x0=0.671026 velocity_parameter=0.856833 status=collision: trajectory reached the configured collision radius
velocity row 113/120 IC 143/599 x0=0.678205 velocity_parameter=0.856833 elapsed=75.9791s written=0
  crossing 0/250
  stopped velocity row 113 IC 143 x0=0.678205 velocity_parameter=0.856833 status=collision: trajectory reached the configured collision radius
velocity row 113/120 IC 151/599 x0=0.683948 velocity_parameter=0.856833 elapsed=76.2467s written=0
  crossing 0/250
  stopped velocity row 113 IC 151 x0=0.683948 velocity_parameter=0.856833 status=collision: trajectory reached the configured collision radius
velocity row 114/120 IC 133/599 x0=0.671026 velocity_parameter=0.873 elapsed=76.2781s written=0
  crossing 0/250
  stopped velocity row 114 IC 133 x0=0.671026 velocity_parameter=0.873 status=collision: trajectory reached the configured collision radius
velocity row 114/120 IC 143/599 x0=0.678205 velocity_parameter=0.873 elapsed=76.5916s written=0
  crossing 0/250
  stopped velocity row 114 IC 143 x0=0.678205 velocity_parameter=0.873 status=collision: trajectory reached the configured collision radius
velocity row 114/120 IC 151/599 x0=0.683948 velocity_parameter=0.873 elapsed=76.8433s written=0
  crossing 0/250
  stopped velocity row 114 IC 151 x0=0.683948 velocity_parameter=0.873 status=collision: trajectory reached the configured collision radius
velocity row 115/120 IC 133/599 x0=0.671026 velocity_parameter=0.889167 elapsed=76.881s written=0
  crossing 0/250
  stopped velocity row 115 IC 133 x0=0.671026 velocity_parameter=0.889167 status=collision: trajectory reached the configured collision radius
velocity row 115/120 IC 143/599 x0=0.678205 velocity_parameter=0.889167 elapsed=77.2207s written=0
  crossing 0/250
  stopped velocity row 115 IC 143 x0=0.678205 velocity_parameter=0.889167 status=collision: trajectory reached the configured collision radius
velocity row 115/120 IC 151/599 x0=0.683948 velocity_parameter=0.889167 elapsed=77.473s written=0
  crossing 0/250
  stopped velocity row 115 IC 151 x0=0.683948 velocity_parameter=0.889167 status=collision: trajectory reached the configured collision radius
velocity row 116/120 IC 133/599 x0=0.671026 velocity_parameter=0.905333 elapsed=77.5043s written=0
  crossing 0/250
  stopped velocity row 116 IC 133 x0=0.671026 velocity_parameter=0.905333 status=collision: trajectory reached the configured collision radius
velocity row 116/120 IC 143/599 x0=0.678205 velocity_parameter=0.905333 elapsed=77.8445s written=0
  crossing 0/250
  stopped velocity row 116 IC 143 x0=0.678205 velocity_parameter=0.905333 status=collision: trajectory reached the configured collision radius
velocity row 116/120 IC 151/599 x0=0.683948 velocity_parameter=0.905333 elapsed=78.1046s written=0
  crossing 0/250
  stopped velocity row 116 IC 151 x0=0.683948 velocity_parameter=0.905333 status=collision: trajectory reached the configured collision radius
velocity row 117/120 IC 133/599 x0=0.671026 velocity_parameter=0.9215 elapsed=78.1512s written=0
  crossing 0/250
  stopped velocity row 117 IC 133 x0=0.671026 velocity_parameter=0.9215 status=collision: trajectory reached the configured collision radius
velocity row 117/120 IC 143/599 x0=0.678205 velocity_parameter=0.9215 elapsed=78.4765s written=0
  crossing 0/250
  stopped velocity row 117 IC 143 x0=0.678205 velocity_parameter=0.9215 status=collision: trajectory reached the configured collision radius
velocity row 117/120 IC 151/599 x0=0.683948 velocity_parameter=0.9215 elapsed=78.7599s written=0
  crossing 0/250
  stopped velocity row 117 IC 151 x0=0.683948 velocity_parameter=0.9215 status=collision: trajectory reached the configured collision radius
velocity row 118/120 IC 133/599 x0=0.671026 velocity_parameter=0.937667 elapsed=78.8126s written=0
  crossing 0/250
  stopped velocity row 118 IC 133 x0=0.671026 velocity_parameter=0.937667 status=collision: trajectory reached the configured collision radius
velocity row 118/120 IC 143/599 x0=0.678205 velocity_parameter=0.937667 elapsed=79.1451s written=0
  crossing 0/250
  stopped velocity row 118 IC 143 x0=0.678205 velocity_parameter=0.937667 status=collision: trajectory reached the configured collision radius
velocity row 118/120 IC 151/599 x0=0.683948 velocity_parameter=0.937667 elapsed=79.4297s written=0
  crossing 0/250
  stopped velocity row 118 IC 151 x0=0.683948 velocity_parameter=0.937667 status=collision: trajectory reached the configured collision radius
velocity row 119/120 IC 133/599 x0=0.671026 velocity_parameter=0.953833 elapsed=79.461s written=0
  crossing 0/250
  stopped velocity row 119 IC 133 x0=0.671026 velocity_parameter=0.953833 status=collision: trajectory reached the configured collision radius
velocity row 119/120 IC 143/599 x0=0.678205 velocity_parameter=0.953833 elapsed=79.7857s written=10
  crossing 0/250
  stopped velocity row 119 IC 143 x0=0.678205 velocity_parameter=0.953833 status=collision: trajectory reached the configured collision radius
velocity row 119/120 IC 151/599 x0=0.683948 velocity_parameter=0.953833 elapsed=80.0658s written=18
  crossing 0/250
  stopped velocity row 119 IC 151 x0=0.683948 velocity_parameter=0.953833 status=collision: trajectory reached the configured collision radius
velocity row 120/120 IC 133/599 x0=0.671026 velocity_parameter=0.97 elapsed=80.0962s written=19
  crossing 0/250
  stopped velocity row 120 IC 133 x0=0.671026 velocity_parameter=0.97 status=collision: trajectory reached the configured collision radius
velocity row 120/120 IC 143/599 x0=0.678205 velocity_parameter=0.97 elapsed=80.3892s written=29
  crossing 0/250
  stopped velocity row 120 IC 143 x0=0.678205 velocity_parameter=0.97 status=collision: trajectory reached the configured collision radius
velocity row 120/120 IC 151/599 x0=0.683948 velocity_parameter=0.97 elapsed=80.6189s written=37
  crossing 0/250
  stopped velocity row 120 IC 151 x0=0.683948 velocity_parameter=0.97 status=collision: trajectory reached the configured collision radius
svg -> /mnt/c/Users/payne/Code/Hill_4BP/professional_neck_studies/e1_dense_001/survey/level_000_delta_1e_minus_2/closed/shard_0007/preview.svg
metadata -> /mnt/c/Users/payne/Code/Hill_4BP/professional_neck_studies/e1_dense_001/survey/level_000_delta_1e_minus_2/closed/shard_0007/metadata.txt
wrote 38 points (0 ICs skipped, 2299 orbits stopped early, elapsed=80.6494s) -> /mnt/c/Users/payne/Code/Hill_4BP/professional_neck_studies/e1_dense_001/survey/level_000_delta_1e_minus_2/closed/shard_0007/points.csv
outcomes: collision=2299 completed=0 forbidden=0 inner_radius_limit=0 invalid_initial_radius=0 invalid_velocity=0 nontransverse=0 numerical_failure=0 outer_limit=0 timeout=0
maximum sampled |H-h|=1.83352e-15
