zero-velocity boundary -> /mnt/c/Users/payne/Code/Hill_4BP/professional_neck_studies/e1_dense_001/survey/level_003_delta_1e_minus_5/closed/shard_0029/zero_velocity_boundary.csv
lambda1=0.0272549 lambda2=2.97275 A=-0.986373 B=0.486373 c=0.0976566 c1=0 c2=0 c3=-0.0976566 h=-2.39155 (C=4.78309)
E1/E2 neck h=-2.39154 (C=4.78307), E3/E4 neck h=-0.454039 (C=0.908078)
energy_mode=neck_delta neck=E1 hcrit=-2.39154 delta=1e-05 side=closed actual_neck_side=closed delta_h=-1e-05
x_count=600 xdot_count=121 iterates=250 index range=[546,563] velocity_mode=fraction x_range=[0.783756,0.797354] max_return_time=100
smooth coordinates R=sqrt(rho), CAPD crossing mode=Both solver_order=28 max_step=0.005 abs_tol=1e-15 rel_tol=1e-13 collision_radius=1e-06 outer_radius=5
velocity row 0/120 IC 546/599 x0=0.796151 velocity_parameter=-0.97 elapsed=1.94e-07s written=0
  crossing 0/250
  stopped velocity row 0 IC 546 x0=0.796151 velocity_parameter=-0.97 status=outer_limit: trajectory reached the configured outer_limit radius
  stopped velocity row 0 IC 547 x0=0.796173 velocity_parameter=-0.97 status=outer_limit: trajectory reached the configured outer_limit radius
  stopped velocity row 0 IC 548 x0=0.796196 velocity_parameter=-0.97 status=outer_limit: trajectory reached the configured outer_limit radius
  stopped velocity row 0 IC 549 x0=0.796219 velocity_parameter=-0.97 status=outer_limit: trajectory reached the configured outer_limit radius
  stopped velocity row 0 IC 550 x0=0.796241 velocity_parameter=-0.97 status=outer_limit: trajectory reached the configured outer_limit radius
  stopped velocity row 0 IC 551 x0=0.796264 velocity_parameter=-0.97 status=outer_limit: trajectory reached the configured outer_limit radius
  stopped velocity row 0 IC 552 x0=0.796287 velocity_parameter=-0.97 status=outer_limit: trajectory reached the configured outer_limit radius
  stopped velocity row 0 IC 553 x0=0.79631 velocity_parameter=-0.97 status=outer_limit: trajectory reached the configured outer_limit radius
  stopped velocity row 0 IC 554 x0=0.796332 velocity_parameter=-0.97 status=outer_limit: trajectory reached the configured outer_limit radius
  stopped velocity row 0 IC 555 x0=0.796355 velocity_parameter=-0.97 status=outer_limit: trajectory reached the configured outer_limit radius
velocity row 0/120 IC 556/599 x0=0.796378 velocity_parameter=-0.97 elapsed=0.11288s written=0
  crossing 0/250
  stopped velocity row 0 IC 556 x0=0.796378 velocity_parameter=-0.97 status=outer_limit: trajectory reached the configured outer_limit radius
velocity row 0/120 IC 563/599 x0=0.796537 velocity_parameter=-0.97 elapsed=0.18722s written=0
  crossing 0/250
  stopped velocity row 0 IC 563 x0=0.796537 velocity_parameter=-0.97 status=outer_limit: trajectory reached the configured outer_limit radius
velocity row 1/120 IC 546/599 x0=0.796151 velocity_parameter=-0.953833 elapsed=0.198493s written=0
  crossing 0/250
  stopped velocity row 1 IC 546 x0=0.796151 velocity_parameter=-0.953833 status=outer_limit: trajectory reached the configured outer_limit radius
velocity row 1/120 IC 556/599 x0=0.796378 velocity_parameter=-0.953833 elapsed=0.297396s written=0
  crossing 0/250
  stopped velocity row 1 IC 556 x0=0.796378 velocity_parameter=-0.953833 status=outer_limit: trajectory reached the configured outer_limit radius
velocity row 1/120 IC 563/599 x0=0.796537 velocity_parameter=-0.953833 elapsed=0.374333s written=0
  crossing 0/250
  stopped velocity row 1 IC 563 x0=0.796537 velocity_parameter=-0.953833 status=outer_limit: trajectory reached the configured outer_limit radius
velocity row 2/120 IC 546/599 x0=0.796151 velocity_parameter=-0.937667 elapsed=0.380747s written=0
  crossing 0/250
  stopped velocity row 2 IC 546 x0=0.796151 velocity_parameter=-0.937667 status=outer_limit: trajectory reached the configured outer_limit radius
velocity row 2/120 IC 556/599 x0=0.796378 velocity_parameter=-0.937667 elapsed=0.497116s written=0
  crossing 0/250
  stopped velocity row 2 IC 556 x0=0.796378 velocity_parameter=-0.937667 status=outer_limit: trajectory reached the configured outer_limit radius
velocity row 2/120 IC 563/599 x0=0.796537 velocity_parameter=-0.937667 elapsed=0.576766s written=0
  crossing 0/250
  stopped velocity row 2 IC 563 x0=0.796537 velocity_parameter=-0.937667 status=outer_limit: trajectory reached the configured outer_limit radius
velocity row 3/120 IC 546/599 x0=0.796151 velocity_parameter=-0.9215 elapsed=0.587861s written=0
  crossing 0/250
  stopped velocity row 3 IC 546 x0=0.796151 velocity_parameter=-0.9215 status=outer_limit: trajectory reached the configured outer_limit radius
velocity row 3/120 IC 556/599 x0=0.796378 velocity_parameter=-0.9215 elapsed=0.695881s written=0
  crossing 0/250
  stopped velocity row 3 IC 556 x0=0.796378 velocity_parameter=-0.9215 status=outer_limit: trajectory reached the configured outer_limit radius
velocity row 3/120 IC 563/599 x0=0.796537 velocity_parameter=-0.9215 elapsed=0.767252s written=0
  crossing 0/250
  stopped velocity row 3 IC 563 x0=0.796537 velocity_parameter=-0.9215 status=outer_limit: trajectory reached the configured outer_limit radius
velocity row 4/120 IC 546/599 x0=0.796151 velocity_parameter=-0.905333 elapsed=0.77611s written=0
  crossing 0/250
  stopped velocity row 4 IC 546 x0=0.796151 velocity_parameter=-0.905333 status=outer_limit: trajectory reached the configured outer_limit radius
velocity row 4/120 IC 556/599 x0=0.796378 velocity_parameter=-0.905333 elapsed=0.883622s written=0
  crossing 0/250
  stopped velocity row 4 IC 556 x0=0.796378 velocity_parameter=-0.905333 status=outer_limit: trajectory reached the configured outer_limit radius
velocity row 4/120 IC 563/599 x0=0.796537 velocity_parameter=-0.905333 elapsed=0.955436s written=0
  crossing 0/250
  stopped velocity row 4 IC 563 x0=0.796537 velocity_parameter=-0.905333 status=outer_limit: trajectory reached the configured outer_limit radius
velocity row 5/120 IC 546/599 x0=0.796151 velocity_parameter=-0.889167 elapsed=0.96303s written=0
  crossing 0/250
  stopped velocity row 5 IC 546 x0=0.796151 velocity_parameter=-0.889167 status=outer_limit: trajectory reached the configured outer_limit radius
velocity row 5/120 IC 556/599 x0=0.796378 velocity_parameter=-0.889167 elapsed=1.06133s written=0
  crossing 0/250
  stopped velocity row 5 IC 556 x0=0.796378 velocity_parameter=-0.889167 status=outer_limit: trajectory reached the configured outer_limit radius
velocity row 5/120 IC 563/599 x0=0.796537 velocity_parameter=-0.889167 elapsed=1.13863s written=0
  crossing 0/250
  stopped velocity row 5 IC 563 x0=0.796537 velocity_parameter=-0.889167 status=outer_limit: trajectory reached the configured outer_limit radius
velocity row 6/120 IC 546/599 x0=0.796151 velocity_parameter=-0.873 elapsed=1.14817s written=0
  crossing 0/250
  stopped velocity row 6 IC 546 x0=0.796151 velocity_parameter=-0.873 status=outer_limit: trajectory reached the configured outer_limit radius
velocity row 6/120 IC 556/599 x0=0.796378 velocity_parameter=-0.873 elapsed=1.24982s written=0
  crossing 0/250
  stopped velocity row 6 IC 556 x0=0.796378 velocity_parameter=-0.873 status=outer_limit: trajectory reached the configured outer_limit radius
velocity row 6/120 IC 563/599 x0=0.796537 velocity_parameter=-0.873 elapsed=1.31826s written=0
  crossing 0/250
  stopped velocity row 6 IC 563 x0=0.796537 velocity_parameter=-0.873 status=outer_limit: trajectory reached the configured outer_limit radius
velocity row 7/120 IC 546/599 x0=0.796151 velocity_parameter=-0.856833 elapsed=1.32865s written=0
  crossing 0/250
  stopped velocity row 7 IC 546 x0=0.796151 velocity_parameter=-0.856833 status=outer_limit: trajectory reached the configured outer_limit radius
velocity row 7/120 IC 556/599 x0=0.796378 velocity_parameter=-0.856833 elapsed=1.42261s written=0
  crossing 0/250
  stopped velocity row 7 IC 556 x0=0.796378 velocity_parameter=-0.856833 status=outer_limit: trajectory reached the configured outer_limit radius
velocity row 7/120 IC 563/599 x0=0.796537 velocity_parameter=-0.856833 elapsed=1.49567s written=0
  crossing 0/250
  stopped velocity row 7 IC 563 x0=0.796537 velocity_parameter=-0.856833 status=outer_limit: trajectory reached the configured outer_limit radius
velocity row 8/120 IC 546/599 x0=0.796151 velocity_parameter=-0.840667 elapsed=1.51108s written=0
  crossing 0/250
  stopped velocity row 8 IC 546 x0=0.796151 velocity_parameter=-0.840667 status=outer_limit: trajectory reached the configured outer_limit radius
velocity row 8/120 IC 556/599 x0=0.796378 velocity_parameter=-0.840667 elapsed=1.60548s written=0
  crossing 0/250
  stopped velocity row 8 IC 556 x0=0.796378 velocity_parameter=-0.840667 status=outer_limit: trajectory reached the configured outer_limit radius
velocity row 8/120 IC 563/599 x0=0.796537 velocity_parameter=-0.840667 elapsed=1.67627s written=0
  crossing 0/250
  stopped velocity row 8 IC 563 x0=0.796537 velocity_parameter=-0.840667 status=outer_limit: trajectory reached the configured outer_limit radius
velocity row 9/120 IC 546/599 x0=0.796151 velocity_parameter=-0.8245 elapsed=1.69015s written=0
  crossing 0/250
  stopped velocity row 9 IC 546 x0=0.796151 velocity_parameter=-0.8245 status=outer_limit: trajectory reached the configured outer_limit radius
velocity row 9/120 IC 556/599 x0=0.796378 velocity_parameter=-0.8245 elapsed=1.78969s written=0
  crossing 0/250
  stopped velocity row 9 IC 556 x0=0.796378 velocity_parameter=-0.8245 status=outer_limit: trajectory reached the configured outer_limit radius
velocity row 9/120 IC 563/599 x0=0.796537 velocity_parameter=-0.8245 elapsed=1.85766s written=0
  crossing 0/250
  stopped velocity row 9 IC 563 x0=0.796537 velocity_parameter=-0.8245 status=outer_limit: trajectory reached the configured outer_limit radius
velocity row 10/120 IC 546/599 x0=0.796151 velocity_parameter=-0.808333 elapsed=1.86619s written=0
  crossing 0/250
  stopped velocity row 10 IC 546 x0=0.796151 velocity_parameter=-0.808333 status=outer_limit: trajectory reached the configured outer_limit radius
velocity row 10/120 IC 556/599 x0=0.796378 velocity_parameter=-0.808333 elapsed=1.95657s written=0
  crossing 0/250
  stopped velocity row 10 IC 556 x0=0.796378 velocity_parameter=-0.808333 status=outer_limit: trajectory reached the configured outer_limit radius
velocity row 10/120 IC 563/599 x0=0.796537 velocity_parameter=-0.808333 elapsed=2.03324s written=0
  crossing 0/250
  stopped velocity row 10 IC 563 x0=0.796537 velocity_parameter=-0.808333 status=outer_limit: trajectory reached the configured outer_limit radius
velocity row 11/120 IC 546/599 x0=0.796151 velocity_parameter=-0.792167 elapsed=2.04315s written=0
  crossing 0/250
  stopped velocity row 11 IC 546 x0=0.796151 velocity_parameter=-0.792167 status=outer_limit: trajectory reached the configured outer_limit radius
velocity row 11/120 IC 556/599 x0=0.796378 velocity_parameter=-0.792167 elapsed=2.13117s written=0
  crossing 0/250
  stopped velocity row 11 IC 556 x0=0.796378 velocity_parameter=-0.792167 status=outer_limit: trajectory reached the configured outer_limit radius
velocity row 11/120 IC 563/599 x0=0.796537 velocity_parameter=-0.792167 elapsed=2.19074s written=0
  crossing 0/250
  stopped velocity row 11 IC 563 x0=0.796537 velocity_parameter=-0.792167 status=outer_limit: trajectory reached the configured outer_limit radius
velocity row 12/120 IC 546/599 x0=0.796151 velocity_parameter=-0.776 elapsed=2.20341s written=0
  crossing 0/250
  stopped velocity row 12 IC 546 x0=0.796151 velocity_parameter=-0.776 status=outer_limit: trajectory reached the configured outer_limit radius
velocity row 12/120 IC 556/599 x0=0.796378 velocity_parameter=-0.776 elapsed=2.29112s written=0
  crossing 0/250
  stopped velocity row 12 IC 556 x0=0.796378 velocity_parameter=-0.776 status=outer_limit: trajectory reached the configured outer_limit radius
velocity row 12/120 IC 563/599 x0=0.796537 velocity_parameter=-0.776 elapsed=2.35539s written=0
  crossing 0/250
  stopped velocity row 12 IC 563 x0=0.796537 velocity_parameter=-0.776 status=outer_limit: trajectory reached the configured outer_limit radius
velocity row 13/120 IC 546/599 x0=0.796151 velocity_parameter=-0.759833 elapsed=2.36596s written=0
  crossing 0/250
  stopped velocity row 13 IC 546 x0=0.796151 velocity_parameter=-0.759833 status=outer_limit: trajectory reached the configured outer_limit radius
velocity row 13/120 IC 556/599 x0=0.796378 velocity_parameter=-0.759833 elapsed=2.46586s written=0
  crossing 0/250
  stopped velocity row 13 IC 556 x0=0.796378 velocity_parameter=-0.759833 status=outer_limit: trajectory reached the configured outer_limit radius
velocity row 13/120 IC 563/599 x0=0.796537 velocity_parameter=-0.759833 elapsed=2.53598s written=0
  crossing 0/250
  stopped velocity row 13 IC 563 x0=0.796537 velocity_parameter=-0.759833 status=outer_limit: trajectory reached the configured outer_limit radius
velocity row 14/120 IC 546/599 x0=0.796151 velocity_parameter=-0.743667 elapsed=2.54488s written=0
  crossing 0/250
  stopped velocity row 14 IC 546 x0=0.796151 velocity_parameter=-0.743667 status=outer_limit: trajectory reached the configured outer_limit radius
velocity row 14/120 IC 556/599 x0=0.796378 velocity_parameter=-0.743667 elapsed=2.63966s written=0
  crossing 0/250
  stopped velocity row 14 IC 556 x0=0.796378 velocity_parameter=-0.743667 status=outer_limit: trajectory reached the configured outer_limit radius
velocity row 14/120 IC 563/599 x0=0.796537 velocity_parameter=-0.743667 elapsed=2.70549s written=0
  crossing 0/250
  stopped velocity row 14 IC 563 x0=0.796537 velocity_parameter=-0.743667 status=outer_limit: trajectory reached the configured outer_limit radius
velocity row 15/120 IC 546/599 x0=0.796151 velocity_parameter=-0.7275 elapsed=2.71255s written=0
  crossing 0/250
  stopped velocity row 15 IC 546 x0=0.796151 velocity_parameter=-0.7275 status=outer_limit: trajectory reached the configured outer_limit radius
velocity row 15/120 IC 556/599 x0=0.796378 velocity_parameter=-0.7275 elapsed=2.80398s written=0
  crossing 0/250
  stopped velocity row 15 IC 556 x0=0.796378 velocity_parameter=-0.7275 status=outer_limit: trajectory reached the configured outer_limit radius
velocity row 15/120 IC 563/599 x0=0.796537 velocity_parameter=-0.7275 elapsed=2.86334s written=0
  crossing 0/250
  stopped velocity row 15 IC 563 x0=0.796537 velocity_parameter=-0.7275 status=outer_limit: trajectory reached the configured outer_limit radius
velocity row 16/120 IC 546/599 x0=0.796151 velocity_parameter=-0.711333 elapsed=2.87551s written=0
  crossing 0/250
  stopped velocity row 16 IC 546 x0=0.796151 velocity_parameter=-0.711333 status=outer_limit: trajectory reached the configured outer_limit radius
velocity row 16/120 IC 556/599 x0=0.796378 velocity_parameter=-0.711333 elapsed=2.96138s written=0
  crossing 0/250
  stopped velocity row 16 IC 556 x0=0.796378 velocity_parameter=-0.711333 status=outer_limit: trajectory reached the configured outer_limit radius
velocity row 16/120 IC 563/599 x0=0.796537 velocity_parameter=-0.711333 elapsed=3.03306s written=0
  crossing 0/250
  stopped velocity row 16 IC 563 x0=0.796537 velocity_parameter=-0.711333 status=outer_limit: trajectory reached the configured outer_limit radius
velocity row 17/120 IC 546/599 x0=0.796151 velocity_parameter=-0.695167 elapsed=3.04704s written=0
  crossing 0/250
  stopped velocity row 17 IC 546 x0=0.796151 velocity_parameter=-0.695167 status=outer_limit: trajectory reached the configured outer_limit radius
velocity row 17/120 IC 556/599 x0=0.796378 velocity_parameter=-0.695167 elapsed=3.15024s written=0
  crossing 0/250
  stopped velocity row 17 IC 556 x0=0.796378 velocity_parameter=-0.695167 status=outer_limit: trajectory reached the configured outer_limit radius
velocity row 17/120 IC 563/599 x0=0.796537 velocity_parameter=-0.695167 elapsed=3.22457s written=0
  crossing 0/250
  stopped velocity row 17 IC 563 x0=0.796537 velocity_parameter=-0.695167 status=outer_limit: trajectory reached the configured outer_limit radius
velocity row 18/120 IC 546/599 x0=0.796151 velocity_parameter=-0.679 elapsed=3.23644s written=0
  crossing 0/250
  stopped velocity row 18 IC 546 x0=0.796151 velocity_parameter=-0.679 status=outer_limit: trajectory reached the configured outer_limit radius
velocity row 18/120 IC 556/599 x0=0.796378 velocity_parameter=-0.679 elapsed=3.32818s written=0
  crossing 0/250
  stopped velocity row 18 IC 556 x0=0.796378 velocity_parameter=-0.679 status=outer_limit: trajectory reached the configured outer_limit radius
velocity row 18/120 IC 563/599 x0=0.796537 velocity_parameter=-0.679 elapsed=3.39704s written=0
  crossing 0/250
  stopped velocity row 18 IC 563 x0=0.796537 velocity_parameter=-0.679 status=outer_limit: trajectory reached the configured outer_limit radius
velocity row 19/120 IC 546/599 x0=0.796151 velocity_parameter=-0.662833 elapsed=3.40593s written=0
  crossing 0/250
  stopped velocity row 19 IC 546 x0=0.796151 velocity_parameter=-0.662833 status=outer_limit: trajectory reached the configured outer_limit radius
velocity row 19/120 IC 556/599 x0=0.796378 velocity_parameter=-0.662833 elapsed=3.49501s written=0
  crossing 0/250
  stopped velocity row 19 IC 556 x0=0.796378 velocity_parameter=-0.662833 status=outer_limit: trajectory reached the configured outer_limit radius
velocity row 19/120 IC 563/599 x0=0.796537 velocity_parameter=-0.662833 elapsed=3.56069s written=0
  crossing 0/250
  stopped velocity row 19 IC 563 x0=0.796537 velocity_parameter=-0.662833 status=outer_limit: trajectory reached the configured outer_limit radius
velocity row 20/120 IC 546/599 x0=0.796151 velocity_parameter=-0.646667 elapsed=3.56942s written=0
  crossing 0/250
  stopped velocity row 20 IC 546 x0=0.796151 velocity_parameter=-0.646667 status=outer_limit: trajectory reached the configured outer_limit radius
velocity row 20/120 IC 556/599 x0=0.796378 velocity_parameter=-0.646667 elapsed=3.6545s written=0
  crossing 0/250
  stopped velocity row 20 IC 556 x0=0.796378 velocity_parameter=-0.646667 status=outer_limit: trajectory reached the configured outer_limit radius
velocity row 20/120 IC 563/599 x0=0.796537 velocity_parameter=-0.646667 elapsed=3.7129s written=0
  crossing 0/250
  stopped velocity row 20 IC 563 x0=0.796537 velocity_parameter=-0.646667 status=outer_limit: trajectory reached the configured outer_limit radius
velocity row 21/120 IC 546/599 x0=0.796151 velocity_parameter=-0.6305 elapsed=3.72226s written=0
  crossing 0/250
  stopped velocity row 21 IC 546 x0=0.796151 velocity_parameter=-0.6305 status=outer_limit: trajectory reached the configured outer_limit radius
velocity row 21/120 IC 556/599 x0=0.796378 velocity_parameter=-0.6305 elapsed=3.81204s written=0
  crossing 0/250
  stopped velocity row 21 IC 556 x0=0.796378 velocity_parameter=-0.6305 status=outer_limit: trajectory reached the configured outer_limit radius
velocity row 21/120 IC 563/599 x0=0.796537 velocity_parameter=-0.6305 elapsed=3.87733s written=0
  crossing 0/250
  stopped velocity row 21 IC 563 x0=0.796537 velocity_parameter=-0.6305 status=outer_limit: trajectory reached the configured outer_limit radius
velocity row 22/120 IC 546/599 x0=0.796151 velocity_parameter=-0.614333 elapsed=3.88581s written=0
  crossing 0/250
  stopped velocity row 22 IC 546 x0=0.796151 velocity_parameter=-0.614333 status=outer_limit: trajectory reached the configured outer_limit radius
velocity row 22/120 IC 556/599 x0=0.796378 velocity_parameter=-0.614333 elapsed=3.98094s written=0
  crossing 0/250
  stopped velocity row 22 IC 556 x0=0.796378 velocity_parameter=-0.614333 status=outer_limit: trajectory reached the configured outer_limit radius
velocity row 22/120 IC 563/599 x0=0.796537 velocity_parameter=-0.614333 elapsed=4.04335s written=0
  crossing 0/250
  stopped velocity row 22 IC 563 x0=0.796537 velocity_parameter=-0.614333 status=outer_limit: trajectory reached the configured outer_limit radius
velocity row 23/120 IC 546/599 x0=0.796151 velocity_parameter=-0.598167 elapsed=4.05963s written=0
  crossing 0/250
  stopped velocity row 23 IC 546 x0=0.796151 velocity_parameter=-0.598167 status=outer_limit: trajectory reached the configured outer_limit radius
velocity row 23/120 IC 556/599 x0=0.796378 velocity_parameter=-0.598167 elapsed=4.14309s written=0
  crossing 0/250
  stopped velocity row 23 IC 556 x0=0.796378 velocity_parameter=-0.598167 status=outer_limit: trajectory reached the configured outer_limit radius
velocity row 23/120 IC 563/599 x0=0.796537 velocity_parameter=-0.598167 elapsed=4.19501s written=0
  crossing 0/250
  stopped velocity row 23 IC 563 x0=0.796537 velocity_parameter=-0.598167 status=outer_limit: trajectory reached the configured outer_limit radius
velocity row 24/120 IC 546/599 x0=0.796151 velocity_parameter=-0.582 elapsed=4.20261s written=0
  crossing 0/250
  stopped velocity row 24 IC 546 x0=0.796151 velocity_parameter=-0.582 status=outer_limit: trajectory reached the configured outer_limit radius
velocity row 24/120 IC 556/599 x0=0.796378 velocity_parameter=-0.582 elapsed=4.27663s written=0
  crossing 0/250
  stopped velocity row 24 IC 556 x0=0.796378 velocity_parameter=-0.582 status=outer_limit: trajectory reached the configured outer_limit radius
velocity row 24/120 IC 563/599 x0=0.796537 velocity_parameter=-0.582 elapsed=4.33031s written=0
  crossing 0/250
  stopped velocity row 24 IC 563 x0=0.796537 velocity_parameter=-0.582 status=outer_limit: trajectory reached the configured outer_limit radius
velocity row 25/120 IC 546/599 x0=0.796151 velocity_parameter=-0.565833 elapsed=4.3427s written=0
  crossing 0/250
  stopped velocity row 25 IC 546 x0=0.796151 velocity_parameter=-0.565833 status=outer_limit: trajectory reached the configured outer_limit radius
velocity row 25/120 IC 556/599 x0=0.796378 velocity_parameter=-0.565833 elapsed=4.41542s written=0
  crossing 0/250
  stopped velocity row 25 IC 556 x0=0.796378 velocity_parameter=-0.565833 status=outer_limit: trajectory reached the configured outer_limit radius
velocity row 25/120 IC 563/599 x0=0.796537 velocity_parameter=-0.565833 elapsed=4.46613s written=0
  crossing 0/250
  stopped velocity row 25 IC 563 x0=0.796537 velocity_parameter=-0.565833 status=outer_limit: trajectory reached the configured outer_limit radius
velocity row 26/120 IC 546/599 x0=0.796151 velocity_parameter=-0.549667 elapsed=4.47319s written=0
  crossing 0/250
  stopped velocity row 26 IC 546 x0=0.796151 velocity_parameter=-0.549667 status=outer_limit: trajectory reached the configured outer_limit radius
velocity row 26/120 IC 556/599 x0=0.796378 velocity_parameter=-0.549667 elapsed=4.54956s written=0
  crossing 0/250
  stopped velocity row 26 IC 556 x0=0.796378 velocity_parameter=-0.549667 status=outer_limit: trajectory reached the configured outer_limit radius
velocity row 26/120 IC 563/599 x0=0.796537 velocity_parameter=-0.549667 elapsed=4.6015s written=0
  crossing 0/250
  stopped velocity row 26 IC 563 x0=0.796537 velocity_parameter=-0.549667 status=outer_limit: trajectory reached the configured outer_limit radius
velocity row 27/120 IC 546/599 x0=0.796151 velocity_parameter=-0.5335 elapsed=4.61057s written=0
  crossing 0/250
  stopped velocity row 27 IC 546 x0=0.796151 velocity_parameter=-0.5335 status=outer_limit: trajectory reached the configured outer_limit radius
velocity row 27/120 IC 556/599 x0=0.796378 velocity_parameter=-0.5335 elapsed=4.68808s written=0
  crossing 0/250
  stopped velocity row 27 IC 556 x0=0.796378 velocity_parameter=-0.5335 status=outer_limit: trajectory reached the configured outer_limit radius
velocity row 27/120 IC 563/599 x0=0.796537 velocity_parameter=-0.5335 elapsed=4.739s written=0
  crossing 0/250
  stopped velocity row 27 IC 563 x0=0.796537 velocity_parameter=-0.5335 status=outer_limit: trajectory reached the configured outer_limit radius
velocity row 28/120 IC 546/599 x0=0.796151 velocity_parameter=-0.517333 elapsed=4.74632s written=0
  crossing 0/250
  stopped velocity row 28 IC 546 x0=0.796151 velocity_parameter=-0.517333 status=outer_limit: trajectory reached the configured outer_limit radius
velocity row 28/120 IC 556/599 x0=0.796378 velocity_parameter=-0.517333 elapsed=4.8221s written=0
  crossing 0/250
  stopped velocity row 28 IC 556 x0=0.796378 velocity_parameter=-0.517333 status=outer_limit: trajectory reached the configured outer_limit radius
velocity row 28/120 IC 563/599 x0=0.796537 velocity_parameter=-0.517333 elapsed=4.87079s written=0
  crossing 0/250
  stopped velocity row 28 IC 563 x0=0.796537 velocity_parameter=-0.517333 status=outer_limit: trajectory reached the configured outer_limit radius
velocity row 29/120 IC 546/599 x0=0.796151 velocity_parameter=-0.501167 elapsed=4.87797s written=0
  crossing 0/250
  stopped velocity row 29 IC 546 x0=0.796151 velocity_parameter=-0.501167 status=outer_limit: trajectory reached the configured outer_limit radius
velocity row 29/120 IC 556/599 x0=0.796378 velocity_parameter=-0.501167 elapsed=4.94779s written=0
  crossing 0/250
  stopped velocity row 29 IC 556 x0=0.796378 velocity_parameter=-0.501167 status=outer_limit: trajectory reached the configured outer_limit radius
velocity row 29/120 IC 563/599 x0=0.796537 velocity_parameter=-0.501167 elapsed=4.99594s written=0
  crossing 0/250
  stopped velocity row 29 IC 563 x0=0.796537 velocity_parameter=-0.501167 status=outer_limit: trajectory reached the configured outer_limit radius
velocity row 30/120 IC 546/599 x0=0.796151 velocity_parameter=-0.485 elapsed=5.00291s written=0
  crossing 0/250
  stopped velocity row 30 IC 546 x0=0.796151 velocity_parameter=-0.485 status=outer_limit: trajectory reached the configured outer_limit radius
velocity row 30/120 IC 556/599 x0=0.796378 velocity_parameter=-0.485 elapsed=5.07246s written=0
  crossing 0/250
  stopped velocity row 30 IC 556 x0=0.796378 velocity_parameter=-0.485 status=outer_limit: trajectory reached the configured outer_limit radius
velocity row 30/120 IC 563/599 x0=0.796537 velocity_parameter=-0.485 elapsed=5.12212s written=0
  crossing 0/250
  stopped velocity row 30 IC 563 x0=0.796537 velocity_parameter=-0.485 status=outer_limit: trajectory reached the configured outer_limit radius
velocity row 31/120 IC 546/599 x0=0.796151 velocity_parameter=-0.468833 elapsed=5.12959s written=0
  crossing 0/250
  stopped velocity row 31 IC 546 x0=0.796151 velocity_parameter=-0.468833 status=outer_limit: trajectory reached the configured outer_limit radius
velocity row 31/120 IC 556/599 x0=0.796378 velocity_parameter=-0.468833 elapsed=5.19802s written=0
  crossing 0/250
  stopped velocity row 31 IC 556 x0=0.796378 velocity_parameter=-0.468833 status=outer_limit: trajectory reached the configured outer_limit radius
velocity row 31/120 IC 563/599 x0=0.796537 velocity_parameter=-0.468833 elapsed=5.2469s written=0
  crossing 0/250
  stopped velocity row 31 IC 563 x0=0.796537 velocity_parameter=-0.468833 status=outer_limit: trajectory reached the configured outer_limit radius
velocity row 32/120 IC 546/599 x0=0.796151 velocity_parameter=-0.452667 elapsed=5.25388s written=0
  crossing 0/250
  stopped velocity row 32 IC 546 x0=0.796151 velocity_parameter=-0.452667 status=outer_limit: trajectory reached the configured outer_limit radius
velocity row 32/120 IC 556/599 x0=0.796378 velocity_parameter=-0.452667 elapsed=5.33606s written=0
  crossing 0/250
  stopped velocity row 32 IC 556 x0=0.796378 velocity_parameter=-0.452667 status=outer_limit: trajectory reached the configured outer_limit radius
velocity row 32/120 IC 563/599 x0=0.796537 velocity_parameter=-0.452667 elapsed=5.38869s written=0
  crossing 0/250
  stopped velocity row 32 IC 563 x0=0.796537 velocity_parameter=-0.452667 status=outer_limit: trajectory reached the configured outer_limit radius
velocity row 33/120 IC 546/599 x0=0.796151 velocity_parameter=-0.4365 elapsed=5.39601s written=0
  crossing 0/250
  stopped velocity row 33 IC 546 x0=0.796151 velocity_parameter=-0.4365 status=outer_limit: trajectory reached the configured outer_limit radius
velocity row 33/120 IC 556/599 x0=0.796378 velocity_parameter=-0.4365 elapsed=5.46362s written=0
  crossing 0/250
  stopped velocity row 33 IC 556 x0=0.796378 velocity_parameter=-0.4365 status=outer_limit: trajectory reached the configured outer_limit radius
velocity row 33/120 IC 563/599 x0=0.796537 velocity_parameter=-0.4365 elapsed=5.51731s written=0
  crossing 0/250
  stopped velocity row 33 IC 563 x0=0.796537 velocity_parameter=-0.4365 status=outer_limit: trajectory reached the configured outer_limit radius
velocity row 34/120 IC 546/599 x0=0.796151 velocity_parameter=-0.420333 elapsed=5.52466s written=0
  crossing 0/250
  stopped velocity row 34 IC 546 x0=0.796151 velocity_parameter=-0.420333 status=outer_limit: trajectory reached the configured outer_limit radius
velocity row 34/120 IC 556/599 x0=0.796378 velocity_parameter=-0.420333 elapsed=5.5934s written=0
  crossing 0/250
  stopped velocity row 34 IC 556 x0=0.796378 velocity_parameter=-0.420333 status=outer_limit: trajectory reached the configured outer_limit radius
velocity row 34/120 IC 563/599 x0=0.796537 velocity_parameter=-0.420333 elapsed=5.64086s written=0
  crossing 0/250
  stopped velocity row 34 IC 563 x0=0.796537 velocity_parameter=-0.420333 status=outer_limit: trajectory reached the configured outer_limit radius
velocity row 35/120 IC 546/599 x0=0.796151 velocity_parameter=-0.404167 elapsed=5.64676s written=0
  crossing 0/250
  stopped velocity row 35 IC 546 x0=0.796151 velocity_parameter=-0.404167 status=outer_limit: trajectory reached the configured outer_limit radius
velocity row 35/120 IC 556/599 x0=0.796378 velocity_parameter=-0.404167 elapsed=5.71529s written=0
  crossing 0/250
  stopped velocity row 35 IC 556 x0=0.796378 velocity_parameter=-0.404167 status=outer_limit: trajectory reached the configured outer_limit radius
velocity row 35/120 IC 563/599 x0=0.796537 velocity_parameter=-0.404167 elapsed=5.76284s written=0
  crossing 0/250
  stopped velocity row 35 IC 563 x0=0.796537 velocity_parameter=-0.404167 status=outer_limit: trajectory reached the configured outer_limit radius
velocity row 36/120 IC 546/599 x0=0.796151 velocity_parameter=-0.388 elapsed=5.76984s written=0
  crossing 0/250
  stopped velocity row 36 IC 546 x0=0.796151 velocity_parameter=-0.388 status=outer_limit: trajectory reached the configured outer_limit radius
velocity row 36/120 IC 556/599 x0=0.796378 velocity_parameter=-0.388 elapsed=5.8382s written=0
  crossing 0/250
  stopped velocity row 36 IC 556 x0=0.796378 velocity_parameter=-0.388 status=outer_limit: trajectory reached the configured outer_limit radius
velocity row 36/120 IC 563/599 x0=0.796537 velocity_parameter=-0.388 elapsed=5.88612s written=0
  crossing 0/250
  stopped velocity row 36 IC 563 x0=0.796537 velocity_parameter=-0.388 status=outer_limit: trajectory reached the configured outer_limit radius
velocity row 37/120 IC 546/599 x0=0.796151 velocity_parameter=-0.371833 elapsed=5.89398s written=0
  crossing 0/250
  stopped velocity row 37 IC 546 x0=0.796151 velocity_parameter=-0.371833 status=outer_limit: trajectory reached the configured outer_limit radius
velocity row 37/120 IC 556/599 x0=0.796378 velocity_parameter=-0.371833 elapsed=5.96538s written=0
  crossing 0/250
  stopped velocity row 37 IC 556 x0=0.796378 velocity_parameter=-0.371833 status=outer_limit: trajectory reached the configured outer_limit radius
velocity row 37/120 IC 563/599 x0=0.796537 velocity_parameter=-0.371833 elapsed=6.01507s written=0
  crossing 0/250
  stopped velocity row 37 IC 563 x0=0.796537 velocity_parameter=-0.371833 status=outer_limit: trajectory reached the configured outer_limit radius
velocity row 38/120 IC 546/599 x0=0.796151 velocity_parameter=-0.355667 elapsed=6.02215s written=0
  crossing 0/250
  stopped velocity row 38 IC 546 x0=0.796151 velocity_parameter=-0.355667 status=outer_limit: trajectory reached the configured outer_limit radius
velocity row 38/120 IC 556/599 x0=0.796378 velocity_parameter=-0.355667 elapsed=6.09322s written=0
  crossing 0/250
  stopped velocity row 38 IC 556 x0=0.796378 velocity_parameter=-0.355667 status=outer_limit: trajectory reached the configured outer_limit radius
velocity row 38/120 IC 563/599 x0=0.796537 velocity_parameter=-0.355667 elapsed=6.13997s written=0
  crossing 0/250
  stopped velocity row 38 IC 563 x0=0.796537 velocity_parameter=-0.355667 status=outer_limit: trajectory reached the configured outer_limit radius
velocity row 39/120 IC 546/599 x0=0.796151 velocity_parameter=-0.3395 elapsed=6.14733s written=0
  crossing 0/250
  stopped velocity row 39 IC 546 x0=0.796151 velocity_parameter=-0.3395 status=outer_limit: trajectory reached the configured outer_limit radius
velocity row 39/120 IC 556/599 x0=0.796378 velocity_parameter=-0.3395 elapsed=6.21781s written=0
  crossing 0/250
  stopped velocity row 39 IC 556 x0=0.796378 velocity_parameter=-0.3395 status=outer_limit: trajectory reached the configured outer_limit radius
velocity row 39/120 IC 563/599 x0=0.796537 velocity_parameter=-0.3395 elapsed=6.26476s written=0
  crossing 0/250
  stopped velocity row 39 IC 563 x0=0.796537 velocity_parameter=-0.3395 status=outer_limit: trajectory reached the configured outer_limit radius
velocity row 40/120 IC 546/599 x0=0.796151 velocity_parameter=-0.323333 elapsed=6.27204s written=0
  crossing 0/250
  stopped velocity row 40 IC 546 x0=0.796151 velocity_parameter=-0.323333 status=outer_limit: trajectory reached the configured outer_limit radius
velocity row 40/120 IC 556/599 x0=0.796378 velocity_parameter=-0.323333 elapsed=6.33517s written=0
  crossing 0/250
  stopped velocity row 40 IC 556 x0=0.796378 velocity_parameter=-0.323333 status=outer_limit: trajectory reached the configured outer_limit radius
velocity row 40/120 IC 563/599 x0=0.796537 velocity_parameter=-0.323333 elapsed=6.3842s written=0
  crossing 0/250
  stopped velocity row 40 IC 563 x0=0.796537 velocity_parameter=-0.323333 status=outer_limit: trajectory reached the configured outer_limit radius
velocity row 41/120 IC 546/599 x0=0.796151 velocity_parameter=-0.307167 elapsed=6.39071s written=0
  crossing 0/250
  stopped velocity row 41 IC 546 x0=0.796151 velocity_parameter=-0.307167 status=outer_limit: trajectory reached the configured outer_limit radius
velocity row 41/120 IC 556/599 x0=0.796378 velocity_parameter=-0.307167 elapsed=6.45782s written=0
  crossing 0/250
  stopped velocity row 41 IC 556 x0=0.796378 velocity_parameter=-0.307167 status=outer_limit: trajectory reached the configured outer_limit radius
velocity row 41/120 IC 563/599 x0=0.796537 velocity_parameter=-0.307167 elapsed=6.5082s written=0
  crossing 0/250
  stopped velocity row 41 IC 563 x0=0.796537 velocity_parameter=-0.307167 status=outer_limit: trajectory reached the configured outer_limit radius
velocity row 42/120 IC 546/599 x0=0.796151 velocity_parameter=-0.291 elapsed=6.51529s written=0
  crossing 0/250
  stopped velocity row 42 IC 546 x0=0.796151 velocity_parameter=-0.291 status=outer_limit: trajectory reached the configured outer_limit radius
velocity row 42/120 IC 556/599 x0=0.796378 velocity_parameter=-0.291 elapsed=6.58561s written=0
  crossing 0/250
  stopped velocity row 42 IC 556 x0=0.796378 velocity_parameter=-0.291 status=outer_limit: trajectory reached the configured outer_limit radius
velocity row 42/120 IC 563/599 x0=0.796537 velocity_parameter=-0.291 elapsed=6.63271s written=0
  crossing 0/250
  stopped velocity row 42 IC 563 x0=0.796537 velocity_parameter=-0.291 status=outer_limit: trajectory reached the configured outer_limit radius
velocity row 43/120 IC 546/599 x0=0.796151 velocity_parameter=-0.274833 elapsed=6.64002s written=0
  crossing 0/250
  stopped velocity row 43 IC 546 x0=0.796151 velocity_parameter=-0.274833 status=outer_limit: trajectory reached the configured outer_limit radius
velocity row 43/120 IC 556/599 x0=0.796378 velocity_parameter=-0.274833 elapsed=6.7072s written=0
  crossing 0/250
  stopped velocity row 43 IC 556 x0=0.796378 velocity_parameter=-0.274833 status=outer_limit: trajectory reached the configured outer_limit radius
velocity row 43/120 IC 563/599 x0=0.796537 velocity_parameter=-0.274833 elapsed=6.75617s written=0
  crossing 0/250
  stopped velocity row 43 IC 563 x0=0.796537 velocity_parameter=-0.274833 status=outer_limit: trajectory reached the configured outer_limit radius
velocity row 44/120 IC 546/599 x0=0.796151 velocity_parameter=-0.258667 elapsed=6.76261s written=0
  crossing 0/250
  stopped velocity row 44 IC 546 x0=0.796151 velocity_parameter=-0.258667 status=outer_limit: trajectory reached the configured outer_limit radius
velocity row 44/120 IC 556/599 x0=0.796378 velocity_parameter=-0.258667 elapsed=6.83131s written=0
  crossing 0/250
  stopped velocity row 44 IC 556 x0=0.796378 velocity_parameter=-0.258667 status=outer_limit: trajectory reached the configured outer_limit radius
velocity row 44/120 IC 563/599 x0=0.796537 velocity_parameter=-0.258667 elapsed=6.88082s written=0
  crossing 0/250
  stopped velocity row 44 IC 563 x0=0.796537 velocity_parameter=-0.258667 status=outer_limit: trajectory reached the configured outer_limit radius
velocity row 45/120 IC 546/599 x0=0.796151 velocity_parameter=-0.2425 elapsed=6.88815s written=0
  crossing 0/250
  stopped velocity row 45 IC 546 x0=0.796151 velocity_parameter=-0.2425 status=outer_limit: trajectory reached the configured outer_limit radius
velocity row 45/120 IC 556/599 x0=0.796378 velocity_parameter=-0.2425 elapsed=6.95514s written=0
  crossing 0/250
  stopped velocity row 45 IC 556 x0=0.796378 velocity_parameter=-0.2425 status=outer_limit: trajectory reached the configured outer_limit radius
velocity row 45/120 IC 563/599 x0=0.796537 velocity_parameter=-0.2425 elapsed=7.00171s written=0
  crossing 0/250
  stopped velocity row 45 IC 563 x0=0.796537 velocity_parameter=-0.2425 status=outer_limit: trajectory reached the configured outer_limit radius
velocity row 46/120 IC 546/599 x0=0.796151 velocity_parameter=-0.226333 elapsed=7.00893s written=0
  crossing 0/250
  stopped velocity row 46 IC 546 x0=0.796151 velocity_parameter=-0.226333 status=outer_limit: trajectory reached the configured outer_limit radius
velocity row 46/120 IC 556/599 x0=0.796378 velocity_parameter=-0.226333 elapsed=7.07286s written=0
  crossing 0/250
  stopped velocity row 46 IC 556 x0=0.796378 velocity_parameter=-0.226333 status=outer_limit: trajectory reached the configured outer_limit radius
velocity row 46/120 IC 563/599 x0=0.796537 velocity_parameter=-0.226333 elapsed=7.11918s written=0
  crossing 0/250
  stopped velocity row 46 IC 563 x0=0.796537 velocity_parameter=-0.226333 status=outer_limit: trajectory reached the configured outer_limit radius
velocity row 47/120 IC 546/599 x0=0.796151 velocity_parameter=-0.210167 elapsed=7.12987s written=0
  crossing 0/250
  stopped velocity row 47 IC 546 x0=0.796151 velocity_parameter=-0.210167 status=outer_limit: trajectory reached the configured outer_limit radius
velocity row 47/120 IC 556/599 x0=0.796378 velocity_parameter=-0.210167 elapsed=7.19508s written=0
  crossing 0/250
  stopped velocity row 47 IC 556 x0=0.796378 velocity_parameter=-0.210167 status=outer_limit: trajectory reached the configured outer_limit radius
velocity row 47/120 IC 563/599 x0=0.796537 velocity_parameter=-0.210167 elapsed=7.24052s written=0
  crossing 0/250
  stopped velocity row 47 IC 563 x0=0.796537 velocity_parameter=-0.210167 status=outer_limit: trajectory reached the configured outer_limit radius
velocity row 48/120 IC 546/599 x0=0.796151 velocity_parameter=-0.194 elapsed=7.24704s written=0
  crossing 0/250
  stopped velocity row 48 IC 546 x0=0.796151 velocity_parameter=-0.194 status=outer_limit: trajectory reached the configured outer_limit radius
velocity row 48/120 IC 556/599 x0=0.796378 velocity_parameter=-0.194 elapsed=7.31515s written=0
  crossing 0/250
  stopped velocity row 48 IC 556 x0=0.796378 velocity_parameter=-0.194 status=outer_limit: trajectory reached the configured outer_limit radius
velocity row 48/120 IC 563/599 x0=0.796537 velocity_parameter=-0.194 elapsed=7.36089s written=0
  crossing 0/250
  stopped velocity row 48 IC 563 x0=0.796537 velocity_parameter=-0.194 status=outer_limit: trajectory reached the configured outer_limit radius
velocity row 49/120 IC 546/599 x0=0.796151 velocity_parameter=-0.177833 elapsed=7.36747s written=0
  crossing 0/250
  stopped velocity row 49 IC 546 x0=0.796151 velocity_parameter=-0.177833 status=outer_limit: trajectory reached the configured outer_limit radius
velocity row 49/120 IC 556/599 x0=0.796378 velocity_parameter=-0.177833 elapsed=7.43152s written=0
  crossing 0/250
  stopped velocity row 49 IC 556 x0=0.796378 velocity_parameter=-0.177833 status=outer_limit: trajectory reached the configured outer_limit radius
velocity row 49/120 IC 563/599 x0=0.796537 velocity_parameter=-0.177833 elapsed=7.48068s written=0
  crossing 0/250
  stopped velocity row 49 IC 563 x0=0.796537 velocity_parameter=-0.177833 status=outer_limit: trajectory reached the configured outer_limit radius
velocity row 50/120 IC 546/599 x0=0.796151 velocity_parameter=-0.161667 elapsed=7.48656s written=0
  crossing 0/250
  stopped velocity row 50 IC 546 x0=0.796151 velocity_parameter=-0.161667 status=outer_limit: trajectory reached the configured outer_limit radius
velocity row 50/120 IC 556/599 x0=0.796378 velocity_parameter=-0.161667 elapsed=7.55458s written=0
  crossing 0/250
  stopped velocity row 50 IC 556 x0=0.796378 velocity_parameter=-0.161667 status=outer_limit: trajectory reached the configured outer_limit radius
velocity row 50/120 IC 563/599 x0=0.796537 velocity_parameter=-0.161667 elapsed=7.59885s written=0
  crossing 0/250
  stopped velocity row 50 IC 563 x0=0.796537 velocity_parameter=-0.161667 status=outer_limit: trajectory reached the configured outer_limit radius
velocity row 51/120 IC 546/599 x0=0.796151 velocity_parameter=-0.1455 elapsed=7.60617s written=0
  crossing 0/250
  stopped velocity row 51 IC 546 x0=0.796151 velocity_parameter=-0.1455 status=outer_limit: trajectory reached the configured outer_limit radius
velocity row 51/120 IC 556/599 x0=0.796378 velocity_parameter=-0.1455 elapsed=7.67049s written=0
  crossing 0/250
  stopped velocity row 51 IC 556 x0=0.796378 velocity_parameter=-0.1455 status=outer_limit: trajectory reached the configured outer_limit radius
velocity row 51/120 IC 563/599 x0=0.796537 velocity_parameter=-0.1455 elapsed=7.7121s written=0
  crossing 0/250
  stopped velocity row 51 IC 563 x0=0.796537 velocity_parameter=-0.1455 status=outer_limit: trajectory reached the configured outer_limit radius
velocity row 52/120 IC 546/599 x0=0.796151 velocity_parameter=-0.129333 elapsed=7.71806s written=0
  crossing 0/250
  stopped velocity row 52 IC 546 x0=0.796151 velocity_parameter=-0.129333 status=outer_limit: trajectory reached the configured outer_limit radius
velocity row 52/120 IC 556/599 x0=0.796378 velocity_parameter=-0.129333 elapsed=7.78548s written=0
  crossing 0/250
  stopped velocity row 52 IC 556 x0=0.796378 velocity_parameter=-0.129333 status=outer_limit: trajectory reached the configured outer_limit radius
velocity row 52/120 IC 563/599 x0=0.796537 velocity_parameter=-0.129333 elapsed=7.83231s written=0
  crossing 0/250
  stopped velocity row 52 IC 563 x0=0.796537 velocity_parameter=-0.129333 status=outer_limit: trajectory reached the configured outer_limit radius
velocity row 53/120 IC 546/599 x0=0.796151 velocity_parameter=-0.113167 elapsed=7.83852s written=0
  crossing 0/250
  stopped velocity row 53 IC 546 x0=0.796151 velocity_parameter=-0.113167 status=outer_limit: trajectory reached the configured outer_limit radius
velocity row 53/120 IC 556/599 x0=0.796378 velocity_parameter=-0.113167 elapsed=7.90902s written=0
  crossing 0/250
  stopped velocity row 53 IC 556 x0=0.796378 velocity_parameter=-0.113167 status=outer_limit: trajectory reached the configured outer_limit radius
velocity row 53/120 IC 563/599 x0=0.796537 velocity_parameter=-0.113167 elapsed=7.95719s written=0
  crossing 0/250
  stopped velocity row 53 IC 563 x0=0.796537 velocity_parameter=-0.113167 status=outer_limit: trajectory reached the configured outer_limit radius
velocity row 54/120 IC 546/599 x0=0.796151 velocity_parameter=-0.097 elapsed=7.96392s written=0
  crossing 0/250
  stopped velocity row 54 IC 546 x0=0.796151 velocity_parameter=-0.097 status=outer_limit: trajectory reached the configured outer_limit radius
velocity row 54/120 IC 556/599 x0=0.796378 velocity_parameter=-0.097 elapsed=8.03339s written=0
  crossing 0/250
  stopped velocity row 54 IC 556 x0=0.796378 velocity_parameter=-0.097 status=outer_limit: trajectory reached the configured outer_limit radius
velocity row 54/120 IC 563/599 x0=0.796537 velocity_parameter=-0.097 elapsed=8.07956s written=0
  crossing 0/250
  stopped velocity row 54 IC 563 x0=0.796537 velocity_parameter=-0.097 status=outer_limit: trajectory reached the configured outer_limit radius
velocity row 55/120 IC 546/599 x0=0.796151 velocity_parameter=-0.0808333 elapsed=8.08721s written=0
  crossing 0/250
  stopped velocity row 55 IC 546 x0=0.796151 velocity_parameter=-0.0808333 status=outer_limit: trajectory reached the configured outer_limit radius
velocity row 55/120 IC 556/599 x0=0.796378 velocity_parameter=-0.0808333 elapsed=8.15295s written=0
  crossing 0/250
  stopped velocity row 55 IC 556 x0=0.796378 velocity_parameter=-0.0808333 status=outer_limit: trajectory reached the configured outer_limit radius
velocity row 55/120 IC 563/599 x0=0.796537 velocity_parameter=-0.0808333 elapsed=8.19535s written=0
  crossing 0/250
  stopped velocity row 55 IC 563 x0=0.796537 velocity_parameter=-0.0808333 status=outer_limit: trajectory reached the configured outer_limit radius
velocity row 56/120 IC 546/599 x0=0.796151 velocity_parameter=-0.0646667 elapsed=8.20348s written=0
  crossing 0/250
  stopped velocity row 56 IC 546 x0=0.796151 velocity_parameter=-0.0646667 status=outer_limit: trajectory reached the configured outer_limit radius
velocity row 56/120 IC 556/599 x0=0.796378 velocity_parameter=-0.0646667 elapsed=8.26862s written=0
  crossing 0/250
  stopped velocity row 56 IC 556 x0=0.796378 velocity_parameter=-0.0646667 status=outer_limit: trajectory reached the configured outer_limit radius
velocity row 56/120 IC 563/599 x0=0.796537 velocity_parameter=-0.0646667 elapsed=8.31285s written=0
  crossing 0/250
  stopped velocity row 56 IC 563 x0=0.796537 velocity_parameter=-0.0646667 status=outer_limit: trajectory reached the configured outer_limit radius
velocity row 57/120 IC 546/599 x0=0.796151 velocity_parameter=-0.0485 elapsed=8.31975s written=0
  crossing 0/250
  stopped velocity row 57 IC 546 x0=0.796151 velocity_parameter=-0.0485 status=outer_limit: trajectory reached the configured outer_limit radius
velocity row 57/120 IC 556/599 x0=0.796378 velocity_parameter=-0.0485 elapsed=8.38679s written=0
  crossing 0/250
  stopped velocity row 57 IC 556 x0=0.796378 velocity_parameter=-0.0485 status=outer_limit: trajectory reached the configured outer_limit radius
velocity row 57/120 IC 563/599 x0=0.796537 velocity_parameter=-0.0485 elapsed=8.43101s written=0
  crossing 0/250
  stopped velocity row 57 IC 563 x0=0.796537 velocity_parameter=-0.0485 status=outer_limit: trajectory reached the configured outer_limit radius
velocity row 58/120 IC 546/599 x0=0.796151 velocity_parameter=-0.0323333 elapsed=8.43818s written=0
  crossing 0/250
  stopped velocity row 58 IC 546 x0=0.796151 velocity_parameter=-0.0323333 status=outer_limit: trajectory reached the configured outer_limit radius
velocity row 58/120 IC 556/599 x0=0.796378 velocity_parameter=-0.0323333 elapsed=8.51268s written=0
  crossing 0/250
  stopped velocity row 58 IC 556 x0=0.796378 velocity_parameter=-0.0323333 status=outer_limit: trajectory reached the configured outer_limit radius
velocity row 58/120 IC 563/599 x0=0.796537 velocity_parameter=-0.0323333 elapsed=8.5572s written=0
  crossing 0/250
  stopped velocity row 58 IC 563 x0=0.796537 velocity_parameter=-0.0323333 status=outer_limit: trajectory reached the configured outer_limit radius
velocity row 59/120 IC 546/599 x0=0.796151 velocity_parameter=-0.0161667 elapsed=8.5652s written=0
  crossing 0/250
  stopped velocity row 59 IC 546 x0=0.796151 velocity_parameter=-0.0161667 status=outer_limit: trajectory reached the configured outer_limit radius
velocity row 59/120 IC 556/599 x0=0.796378 velocity_parameter=-0.0161667 elapsed=8.63127s written=0
  crossing 0/250
  stopped velocity row 59 IC 556 x0=0.796378 velocity_parameter=-0.0161667 status=outer_limit: trajectory reached the configured outer_limit radius
velocity row 59/120 IC 563/599 x0=0.796537 velocity_parameter=-0.0161667 elapsed=8.67769s written=0
  crossing 0/250
  stopped velocity row 59 IC 563 x0=0.796537 velocity_parameter=-0.0161667 status=outer_limit: trajectory reached the configured outer_limit radius
velocity row 60/120 IC 546/599 x0=0.796151 velocity_parameter=0 elapsed=8.68687s written=0
  crossing 0/250
  stopped velocity row 60 IC 546 x0=0.796151 velocity_parameter=0 status=outer_limit: trajectory reached the configured outer_limit radius
velocity row 60/120 IC 556/599 x0=0.796378 velocity_parameter=0 elapsed=8.75258s written=0
  crossing 0/250
  stopped velocity row 60 IC 556 x0=0.796378 velocity_parameter=0 status=outer_limit: trajectory reached the configured outer_limit radius
velocity row 60/120 IC 563/599 x0=0.796537 velocity_parameter=0 elapsed=8.7993s written=0
  crossing 0/250
  stopped velocity row 60 IC 563 x0=0.796537 velocity_parameter=0 status=outer_limit: trajectory reached the configured outer_limit radius
velocity row 61/120 IC 546/599 x0=0.796151 velocity_parameter=0.0161667 elapsed=8.80667s written=0
  crossing 0/250
  stopped velocity row 61 IC 546 x0=0.796151 velocity_parameter=0.0161667 status=outer_limit: trajectory reached the configured outer_limit radius
velocity row 61/120 IC 556/599 x0=0.796378 velocity_parameter=0.0161667 elapsed=8.87518s written=0
  crossing 0/250
  stopped velocity row 61 IC 556 x0=0.796378 velocity_parameter=0.0161667 status=outer_limit: trajectory reached the configured outer_limit radius
velocity row 61/120 IC 563/599 x0=0.796537 velocity_parameter=0.0161667 elapsed=8.92017s written=0
  crossing 0/250
  stopped velocity row 61 IC 563 x0=0.796537 velocity_parameter=0.0161667 status=outer_limit: trajectory reached the configured outer_limit radius
velocity row 62/120 IC 546/599 x0=0.796151 velocity_parameter=0.0323333 elapsed=8.92731s written=0
  crossing 0/250
  stopped velocity row 62 IC 546 x0=0.796151 velocity_parameter=0.0323333 status=outer_limit: trajectory reached the configured outer_limit radius
velocity row 62/120 IC 556/599 x0=0.796378 velocity_parameter=0.0323333 elapsed=8.98897s written=0
  crossing 0/250
  stopped velocity row 62 IC 556 x0=0.796378 velocity_parameter=0.0323333 status=outer_limit: trajectory reached the configured outer_limit radius
velocity row 62/120 IC 563/599 x0=0.796537 velocity_parameter=0.0323333 elapsed=9.03604s written=0
  crossing 0/250
  stopped velocity row 62 IC 563 x0=0.796537 velocity_parameter=0.0323333 status=outer_limit: trajectory reached the configured outer_limit radius
velocity row 63/120 IC 546/599 x0=0.796151 velocity_parameter=0.0485 elapsed=9.04304s written=0
  crossing 0/250
  stopped velocity row 63 IC 546 x0=0.796151 velocity_parameter=0.0485 status=outer_limit: trajectory reached the configured outer_limit radius
velocity row 63/120 IC 556/599 x0=0.796378 velocity_parameter=0.0485 elapsed=9.10882s written=0
  crossing 0/250
  stopped velocity row 63 IC 556 x0=0.796378 velocity_parameter=0.0485 status=outer_limit: trajectory reached the configured outer_limit radius
velocity row 63/120 IC 563/599 x0=0.796537 velocity_parameter=0.0485 elapsed=9.15568s written=0
  crossing 0/250
  stopped velocity row 63 IC 563 x0=0.796537 velocity_parameter=0.0485 status=outer_limit: trajectory reached the configured outer_limit radius
velocity row 64/120 IC 546/599 x0=0.796151 velocity_parameter=0.0646667 elapsed=9.16253s written=0
  crossing 0/250
  stopped velocity row 64 IC 546 x0=0.796151 velocity_parameter=0.0646667 status=outer_limit: trajectory reached the configured outer_limit radius
velocity row 64/120 IC 556/599 x0=0.796378 velocity_parameter=0.0646667 elapsed=9.22952s written=0
  crossing 0/250
  stopped velocity row 64 IC 556 x0=0.796378 velocity_parameter=0.0646667 status=outer_limit: trajectory reached the configured outer_limit radius
velocity row 64/120 IC 563/599 x0=0.796537 velocity_parameter=0.0646667 elapsed=9.27295s written=0
  crossing 0/250
  stopped velocity row 64 IC 563 x0=0.796537 velocity_parameter=0.0646667 status=outer_limit: trajectory reached the configured outer_limit radius
velocity row 65/120 IC 546/599 x0=0.796151 velocity_parameter=0.0808333 elapsed=9.27937s written=0
  crossing 0/250
  stopped velocity row 65 IC 546 x0=0.796151 velocity_parameter=0.0808333 status=outer_limit: trajectory reached the configured outer_limit radius
velocity row 65/120 IC 556/599 x0=0.796378 velocity_parameter=0.0808333 elapsed=9.34161s written=0
  crossing 0/250
  stopped velocity row 65 IC 556 x0=0.796378 velocity_parameter=0.0808333 status=outer_limit: trajectory reached the configured outer_limit radius
velocity row 65/120 IC 563/599 x0=0.796537 velocity_parameter=0.0808333 elapsed=9.3854s written=0
  crossing 0/250
  stopped velocity row 65 IC 563 x0=0.796537 velocity_parameter=0.0808333 status=outer_limit: trajectory reached the configured outer_limit radius
velocity row 66/120 IC 546/599 x0=0.796151 velocity_parameter=0.097 elapsed=9.39147s written=0
  crossing 0/250
  stopped velocity row 66 IC 546 x0=0.796151 velocity_parameter=0.097 status=outer_limit: trajectory reached the configured outer_limit radius
velocity row 66/120 IC 556/599 x0=0.796378 velocity_parameter=0.097 elapsed=9.46404s written=0
  crossing 0/250
  stopped velocity row 66 IC 556 x0=0.796378 velocity_parameter=0.097 status=outer_limit: trajectory reached the configured outer_limit radius
velocity row 66/120 IC 563/599 x0=0.796537 velocity_parameter=0.097 elapsed=9.51884s written=0
  crossing 0/250
  stopped velocity row 66 IC 563 x0=0.796537 velocity_parameter=0.097 status=outer_limit: trajectory reached the configured outer_limit radius
velocity row 67/120 IC 546/599 x0=0.796151 velocity_parameter=0.113167 elapsed=9.52617s written=0
  crossing 0/250
  stopped velocity row 67 IC 546 x0=0.796151 velocity_parameter=0.113167 status=outer_limit: trajectory reached the configured outer_limit radius
velocity row 67/120 IC 556/599 x0=0.796378 velocity_parameter=0.113167 elapsed=9.59738s written=0
  crossing 0/250
  stopped velocity row 67 IC 556 x0=0.796378 velocity_parameter=0.113167 status=outer_limit: trajectory reached the configured outer_limit radius
velocity row 67/120 IC 563/599 x0=0.796537 velocity_parameter=0.113167 elapsed=9.6421s written=0
  crossing 0/250
  stopped velocity row 67 IC 563 x0=0.796537 velocity_parameter=0.113167 status=outer_limit: trajectory reached the configured outer_limit radius
velocity row 68/120 IC 546/599 x0=0.796151 velocity_parameter=0.129333 elapsed=9.64877s written=0
  crossing 0/250
  stopped velocity row 68 IC 546 x0=0.796151 velocity_parameter=0.129333 status=outer_limit: trajectory reached the configured outer_limit radius
velocity row 68/120 IC 556/599 x0=0.796378 velocity_parameter=0.129333 elapsed=9.71264s written=0
  crossing 0/250
  stopped velocity row 68 IC 556 x0=0.796378 velocity_parameter=0.129333 status=outer_limit: trajectory reached the configured outer_limit radius
velocity row 68/120 IC 563/599 x0=0.796537 velocity_parameter=0.129333 elapsed=9.75622s written=0
  crossing 0/250
  stopped velocity row 68 IC 563 x0=0.796537 velocity_parameter=0.129333 status=outer_limit: trajectory reached the configured outer_limit radius
velocity row 69/120 IC 546/599 x0=0.796151 velocity_parameter=0.1455 elapsed=9.76287s written=0
  crossing 0/250
  stopped velocity row 69 IC 546 x0=0.796151 velocity_parameter=0.1455 status=outer_limit: trajectory reached the configured outer_limit radius
velocity row 69/120 IC 556/599 x0=0.796378 velocity_parameter=0.1455 elapsed=9.82234s written=0
  crossing 0/250
  stopped velocity row 69 IC 556 x0=0.796378 velocity_parameter=0.1455 status=outer_limit: trajectory reached the configured outer_limit radius
velocity row 69/120 IC 563/599 x0=0.796537 velocity_parameter=0.1455 elapsed=9.86255s written=0
  crossing 0/250
  stopped velocity row 69 IC 563 x0=0.796537 velocity_parameter=0.1455 status=outer_limit: trajectory reached the configured outer_limit radius
velocity row 70/120 IC 546/599 x0=0.796151 velocity_parameter=0.161667 elapsed=9.86919s written=0
  crossing 0/250
  stopped velocity row 70 IC 546 x0=0.796151 velocity_parameter=0.161667 status=outer_limit: trajectory reached the configured outer_limit radius
velocity row 70/120 IC 556/599 x0=0.796378 velocity_parameter=0.161667 elapsed=9.92823s written=0
  crossing 0/250
  stopped velocity row 70 IC 556 x0=0.796378 velocity_parameter=0.161667 status=outer_limit: trajectory reached the configured outer_limit radius
velocity row 70/120 IC 563/599 x0=0.796537 velocity_parameter=0.161667 elapsed=9.97119s written=0
  crossing 0/250
  stopped velocity row 70 IC 563 x0=0.796537 velocity_parameter=0.161667 status=outer_limit: trajectory reached the configured outer_limit radius
velocity row 71/120 IC 546/599 x0=0.796151 velocity_parameter=0.177833 elapsed=9.97726s written=0
  crossing 0/250
  stopped velocity row 71 IC 546 x0=0.796151 velocity_parameter=0.177833 status=outer_limit: trajectory reached the configured outer_limit radius
velocity row 71/120 IC 556/599 x0=0.796378 velocity_parameter=0.177833 elapsed=10.0396s written=0
  crossing 0/250
  stopped velocity row 71 IC 556 x0=0.796378 velocity_parameter=0.177833 status=outer_limit: trajectory reached the configured outer_limit radius
velocity row 71/120 IC 563/599 x0=0.796537 velocity_parameter=0.177833 elapsed=10.0781s written=0
  crossing 0/250
  stopped velocity row 71 IC 563 x0=0.796537 velocity_parameter=0.177833 status=outer_limit: trajectory reached the configured outer_limit radius
velocity row 72/120 IC 546/599 x0=0.796151 velocity_parameter=0.194 elapsed=10.0843s written=0
  crossing 0/250
  stopped velocity row 72 IC 546 x0=0.796151 velocity_parameter=0.194 status=outer_limit: trajectory reached the configured outer_limit radius
velocity row 72/120 IC 556/599 x0=0.796378 velocity_parameter=0.194 elapsed=10.1453s written=0
  crossing 0/250
  stopped velocity row 72 IC 556 x0=0.796378 velocity_parameter=0.194 status=outer_limit: trajectory reached the configured outer_limit radius
velocity row 72/120 IC 563/599 x0=0.796537 velocity_parameter=0.194 elapsed=10.1892s written=0
  crossing 0/250
  stopped velocity row 72 IC 563 x0=0.796537 velocity_parameter=0.194 status=outer_limit: trajectory reached the configured outer_limit radius
velocity row 73/120 IC 546/599 x0=0.796151 velocity_parameter=0.210167 elapsed=10.1961s written=0
  crossing 0/250
  stopped velocity row 73 IC 546 x0=0.796151 velocity_parameter=0.210167 status=outer_limit: trajectory reached the configured outer_limit radius
velocity row 73/120 IC 556/599 x0=0.796378 velocity_parameter=0.210167 elapsed=10.2601s written=0
  crossing 0/250
  stopped velocity row 73 IC 556 x0=0.796378 velocity_parameter=0.210167 status=outer_limit: trajectory reached the configured outer_limit radius
velocity row 73/120 IC 563/599 x0=0.796537 velocity_parameter=0.210167 elapsed=10.3039s written=0
  crossing 0/250
  stopped velocity row 73 IC 563 x0=0.796537 velocity_parameter=0.210167 status=outer_limit: trajectory reached the configured outer_limit radius
velocity row 74/120 IC 546/599 x0=0.796151 velocity_parameter=0.226333 elapsed=10.3099s written=0
  crossing 0/250
  stopped velocity row 74 IC 546 x0=0.796151 velocity_parameter=0.226333 status=outer_limit: trajectory reached the configured outer_limit radius
velocity row 74/120 IC 556/599 x0=0.796378 velocity_parameter=0.226333 elapsed=10.3717s written=0
  crossing 0/250
  stopped velocity row 74 IC 556 x0=0.796378 velocity_parameter=0.226333 status=outer_limit: trajectory reached the configured outer_limit radius
velocity row 74/120 IC 563/599 x0=0.796537 velocity_parameter=0.226333 elapsed=10.4105s written=0
  crossing 0/250
  stopped velocity row 74 IC 563 x0=0.796537 velocity_parameter=0.226333 status=outer_limit: trajectory reached the configured outer_limit radius
velocity row 75/120 IC 546/599 x0=0.796151 velocity_parameter=0.2425 elapsed=10.4172s written=0
  crossing 0/250
  stopped velocity row 75 IC 546 x0=0.796151 velocity_parameter=0.2425 status=outer_limit: trajectory reached the configured outer_limit radius
velocity row 75/120 IC 556/599 x0=0.796378 velocity_parameter=0.2425 elapsed=10.4791s written=0
  crossing 0/250
  stopped velocity row 75 IC 556 x0=0.796378 velocity_parameter=0.2425 status=outer_limit: trajectory reached the configured outer_limit radius
velocity row 75/120 IC 563/599 x0=0.796537 velocity_parameter=0.2425 elapsed=10.5225s written=0
  crossing 0/250
  stopped velocity row 75 IC 563 x0=0.796537 velocity_parameter=0.2425 status=outer_limit: trajectory reached the configured outer_limit radius
velocity row 76/120 IC 546/599 x0=0.796151 velocity_parameter=0.258667 elapsed=10.5288s written=0
  crossing 0/250
  stopped velocity row 76 IC 546 x0=0.796151 velocity_parameter=0.258667 status=outer_limit: trajectory reached the configured outer_limit radius
velocity row 76/120 IC 556/599 x0=0.796378 velocity_parameter=0.258667 elapsed=10.5893s written=0
  crossing 0/250
  stopped velocity row 76 IC 556 x0=0.796378 velocity_parameter=0.258667 status=outer_limit: trajectory reached the configured outer_limit radius
velocity row 76/120 IC 563/599 x0=0.796537 velocity_parameter=0.258667 elapsed=10.6295s written=0
  crossing 0/250
  stopped velocity row 76 IC 563 x0=0.796537 velocity_parameter=0.258667 status=outer_limit: trajectory reached the configured outer_limit radius
velocity row 77/120 IC 546/599 x0=0.796151 velocity_parameter=0.274833 elapsed=10.635s written=0
  crossing 0/250
  stopped velocity row 77 IC 546 x0=0.796151 velocity_parameter=0.274833 status=outer_limit: trajectory reached the configured outer_limit radius
velocity row 77/120 IC 556/599 x0=0.796378 velocity_parameter=0.274833 elapsed=10.6959s written=0
  crossing 0/250
  stopped velocity row 77 IC 556 x0=0.796378 velocity_parameter=0.274833 status=outer_limit: trajectory reached the configured outer_limit radius
velocity row 77/120 IC 563/599 x0=0.796537 velocity_parameter=0.274833 elapsed=10.7382s written=0
  crossing 0/250
  stopped velocity row 77 IC 563 x0=0.796537 velocity_parameter=0.274833 status=outer_limit: trajectory reached the configured outer_limit radius
velocity row 78/120 IC 546/599 x0=0.796151 velocity_parameter=0.291 elapsed=10.7441s written=0
  crossing 0/250
  stopped velocity row 78 IC 546 x0=0.796151 velocity_parameter=0.291 status=outer_limit: trajectory reached the configured outer_limit radius
velocity row 78/120 IC 556/599 x0=0.796378 velocity_parameter=0.291 elapsed=10.8008s written=0
  crossing 0/250
  stopped velocity row 78 IC 556 x0=0.796378 velocity_parameter=0.291 status=outer_limit: trajectory reached the configured outer_limit radius
velocity row 78/120 IC 563/599 x0=0.796537 velocity_parameter=0.291 elapsed=10.8435s written=0
  crossing 0/250
  stopped velocity row 78 IC 563 x0=0.796537 velocity_parameter=0.291 status=outer_limit: trajectory reached the configured outer_limit radius
velocity row 79/120 IC 546/599 x0=0.796151 velocity_parameter=0.307167 elapsed=10.8498s written=0
  crossing 0/250
  stopped velocity row 79 IC 546 x0=0.796151 velocity_parameter=0.307167 status=outer_limit: trajectory reached the configured outer_limit radius
velocity row 79/120 IC 556/599 x0=0.796378 velocity_parameter=0.307167 elapsed=10.9086s written=0
  crossing 0/250
  stopped velocity row 79 IC 556 x0=0.796378 velocity_parameter=0.307167 status=outer_limit: trajectory reached the configured outer_limit radius
velocity row 79/120 IC 563/599 x0=0.796537 velocity_parameter=0.307167 elapsed=10.9491s written=0
  crossing 0/250
  stopped velocity row 79 IC 563 x0=0.796537 velocity_parameter=0.307167 status=outer_limit: trajectory reached the configured outer_limit radius
velocity row 80/120 IC 546/599 x0=0.796151 velocity_parameter=0.323333 elapsed=10.9554s written=0
  crossing 0/250
  stopped velocity row 80 IC 546 x0=0.796151 velocity_parameter=0.323333 status=outer_limit: trajectory reached the configured outer_limit radius
velocity row 80/120 IC 556/599 x0=0.796378 velocity_parameter=0.323333 elapsed=11.0143s written=0
  crossing 0/250
  stopped velocity row 80 IC 556 x0=0.796378 velocity_parameter=0.323333 status=outer_limit: trajectory reached the configured outer_limit radius
velocity row 80/120 IC 563/599 x0=0.796537 velocity_parameter=0.323333 elapsed=11.0562s written=0
  crossing 0/250
  stopped velocity row 80 IC 563 x0=0.796537 velocity_parameter=0.323333 status=outer_limit: trajectory reached the configured outer_limit radius
velocity row 81/120 IC 546/599 x0=0.796151 velocity_parameter=0.3395 elapsed=11.0625s written=0
  crossing 0/250
  stopped velocity row 81 IC 546 x0=0.796151 velocity_parameter=0.3395 status=outer_limit: trajectory reached the configured outer_limit radius
velocity row 81/120 IC 556/599 x0=0.796378 velocity_parameter=0.3395 elapsed=11.1198s written=0
  crossing 0/250
  stopped velocity row 81 IC 556 x0=0.796378 velocity_parameter=0.3395 status=outer_limit: trajectory reached the configured outer_limit radius
velocity row 81/120 IC 563/599 x0=0.796537 velocity_parameter=0.3395 elapsed=11.1605s written=0
  crossing 0/250
  stopped velocity row 81 IC 563 x0=0.796537 velocity_parameter=0.3395 status=outer_limit: trajectory reached the configured outer_limit radius
velocity row 82/120 IC 546/599 x0=0.796151 velocity_parameter=0.355667 elapsed=11.1663s written=0
  crossing 0/250
  stopped velocity row 82 IC 546 x0=0.796151 velocity_parameter=0.355667 status=outer_limit: trajectory reached the configured outer_limit radius
velocity row 82/120 IC 556/599 x0=0.796378 velocity_parameter=0.355667 elapsed=11.2239s written=0
  crossing 0/250
  stopped velocity row 82 IC 556 x0=0.796378 velocity_parameter=0.355667 status=outer_limit: trajectory reached the configured outer_limit radius
velocity row 82/120 IC 563/599 x0=0.796537 velocity_parameter=0.355667 elapsed=11.2648s written=0
  crossing 0/250
  stopped velocity row 82 IC 563 x0=0.796537 velocity_parameter=0.355667 status=outer_limit: trajectory reached the configured outer_limit radius
velocity row 83/120 IC 546/599 x0=0.796151 velocity_parameter=0.371833 elapsed=11.27s written=0
  crossing 0/250
  stopped velocity row 83 IC 546 x0=0.796151 velocity_parameter=0.371833 status=outer_limit: trajectory reached the configured outer_limit radius
velocity row 83/120 IC 556/599 x0=0.796378 velocity_parameter=0.371833 elapsed=11.3303s written=0
  crossing 0/250
  stopped velocity row 83 IC 556 x0=0.796378 velocity_parameter=0.371833 status=outer_limit: trajectory reached the configured outer_limit radius
velocity row 83/120 IC 563/599 x0=0.796537 velocity_parameter=0.371833 elapsed=11.372s written=0
  crossing 0/250
  stopped velocity row 83 IC 563 x0=0.796537 velocity_parameter=0.371833 status=outer_limit: trajectory reached the configured outer_limit radius
velocity row 84/120 IC 546/599 x0=0.796151 velocity_parameter=0.388 elapsed=11.3775s written=0
  crossing 0/250
  stopped velocity row 84 IC 546 x0=0.796151 velocity_parameter=0.388 status=outer_limit: trajectory reached the configured outer_limit radius
velocity row 84/120 IC 556/599 x0=0.796378 velocity_parameter=0.388 elapsed=11.4345s written=0
  crossing 0/250
  stopped velocity row 84 IC 556 x0=0.796378 velocity_parameter=0.388 status=outer_limit: trajectory reached the configured outer_limit radius
velocity row 84/120 IC 563/599 x0=0.796537 velocity_parameter=0.388 elapsed=11.4788s written=0
  crossing 0/250
  stopped velocity row 84 IC 563 x0=0.796537 velocity_parameter=0.388 status=outer_limit: trajectory reached the configured outer_limit radius
velocity row 85/120 IC 546/599 x0=0.796151 velocity_parameter=0.404167 elapsed=11.4848s written=0
  crossing 0/250
  stopped velocity row 85 IC 546 x0=0.796151 velocity_parameter=0.404167 status=outer_limit: trajectory reached the configured outer_limit radius
velocity row 85/120 IC 556/599 x0=0.796378 velocity_parameter=0.404167 elapsed=11.5477s written=0
  crossing 0/250
  stopped velocity row 85 IC 556 x0=0.796378 velocity_parameter=0.404167 status=outer_limit: trajectory reached the configured outer_limit radius
velocity row 85/120 IC 563/599 x0=0.796537 velocity_parameter=0.404167 elapsed=11.5913s written=0
  crossing 0/250
  stopped velocity row 85 IC 563 x0=0.796537 velocity_parameter=0.404167 status=outer_limit: trajectory reached the configured outer_limit radius
velocity row 86/120 IC 546/599 x0=0.796151 velocity_parameter=0.420333 elapsed=11.5976s written=0
  crossing 0/250
  stopped velocity row 86 IC 546 x0=0.796151 velocity_parameter=0.420333 status=outer_limit: trajectory reached the configured outer_limit radius
velocity row 86/120 IC 556/599 x0=0.796378 velocity_parameter=0.420333 elapsed=11.6565s written=0
  crossing 0/250
  stopped velocity row 86 IC 556 x0=0.796378 velocity_parameter=0.420333 status=outer_limit: trajectory reached the configured outer_limit radius
velocity row 86/120 IC 563/599 x0=0.796537 velocity_parameter=0.420333 elapsed=11.7009s written=0
  crossing 0/250
  stopped velocity row 86 IC 563 x0=0.796537 velocity_parameter=0.420333 status=outer_limit: trajectory reached the configured outer_limit radius
velocity row 87/120 IC 546/599 x0=0.796151 velocity_parameter=0.4365 elapsed=11.7073s written=0
  crossing 0/250
  stopped velocity row 87 IC 546 x0=0.796151 velocity_parameter=0.4365 status=outer_limit: trajectory reached the configured outer_limit radius
velocity row 87/120 IC 556/599 x0=0.796378 velocity_parameter=0.4365 elapsed=11.7708s written=0
  crossing 0/250
  stopped velocity row 87 IC 556 x0=0.796378 velocity_parameter=0.4365 status=outer_limit: trajectory reached the configured outer_limit radius
velocity row 87/120 IC 563/599 x0=0.796537 velocity_parameter=0.4365 elapsed=11.8157s written=0
  crossing 0/250
  stopped velocity row 87 IC 563 x0=0.796537 velocity_parameter=0.4365 status=outer_limit: trajectory reached the configured outer_limit radius
velocity row 88/120 IC 546/599 x0=0.796151 velocity_parameter=0.452667 elapsed=11.8224s written=0
  crossing 0/250
  stopped velocity row 88 IC 546 x0=0.796151 velocity_parameter=0.452667 status=outer_limit: trajectory reached the configured outer_limit radius
velocity row 88/120 IC 556/599 x0=0.796378 velocity_parameter=0.452667 elapsed=11.8872s written=0
  crossing 0/250
  stopped velocity row 88 IC 556 x0=0.796378 velocity_parameter=0.452667 status=outer_limit: trajectory reached the configured outer_limit radius
velocity row 88/120 IC 563/599 x0=0.796537 velocity_parameter=0.452667 elapsed=11.9306s written=0
  crossing 0/250
  stopped velocity row 88 IC 563 x0=0.796537 velocity_parameter=0.452667 status=outer_limit: trajectory reached the configured outer_limit radius
velocity row 89/120 IC 546/599 x0=0.796151 velocity_parameter=0.468833 elapsed=11.937s written=0
  crossing 0/250
  stopped velocity row 89 IC 546 x0=0.796151 velocity_parameter=0.468833 status=outer_limit: trajectory reached the configured outer_limit radius
velocity row 89/120 IC 556/599 x0=0.796378 velocity_parameter=0.468833 elapsed=11.9961s written=0
  crossing 0/250
  stopped velocity row 89 IC 556 x0=0.796378 velocity_parameter=0.468833 status=outer_limit: trajectory reached the configured outer_limit radius
velocity row 89/120 IC 563/599 x0=0.796537 velocity_parameter=0.468833 elapsed=12.0359s written=0
  crossing 0/250
  stopped velocity row 89 IC 563 x0=0.796537 velocity_parameter=0.468833 status=outer_limit: trajectory reached the configured outer_limit radius
velocity row 90/120 IC 546/599 x0=0.796151 velocity_parameter=0.485 elapsed=12.0419s written=0
  crossing 0/250
  stopped velocity row 90 IC 546 x0=0.796151 velocity_parameter=0.485 status=outer_limit: trajectory reached the configured outer_limit radius
velocity row 90/120 IC 556/599 x0=0.796378 velocity_parameter=0.485 elapsed=12.0971s written=0
  crossing 0/250
  stopped velocity row 90 IC 556 x0=0.796378 velocity_parameter=0.485 status=outer_limit: trajectory reached the configured outer_limit radius
velocity row 90/120 IC 563/599 x0=0.796537 velocity_parameter=0.485 elapsed=12.1388s written=0
  crossing 0/250
  stopped velocity row 90 IC 563 x0=0.796537 velocity_parameter=0.485 status=outer_limit: trajectory reached the configured outer_limit radius
velocity row 91/120 IC 546/599 x0=0.796151 velocity_parameter=0.501167 elapsed=12.145s written=0
  crossing 0/250
  stopped velocity row 91 IC 546 x0=0.796151 velocity_parameter=0.501167 status=outer_limit: trajectory reached the configured outer_limit radius
velocity row 91/120 IC 556/599 x0=0.796378 velocity_parameter=0.501167 elapsed=12.2083s written=0
  crossing 0/250
  stopped velocity row 91 IC 556 x0=0.796378 velocity_parameter=0.501167 status=outer_limit: trajectory reached the configured outer_limit radius
velocity row 91/120 IC 563/599 x0=0.796537 velocity_parameter=0.501167 elapsed=12.2508s written=0
  crossing 0/250
  stopped velocity row 91 IC 563 x0=0.796537 velocity_parameter=0.501167 status=outer_limit: trajectory reached the configured outer_limit radius
velocity row 92/120 IC 546/599 x0=0.796151 velocity_parameter=0.517333 elapsed=12.2569s written=0
  crossing 0/250
  stopped velocity row 92 IC 546 x0=0.796151 velocity_parameter=0.517333 status=outer_limit: trajectory reached the configured outer_limit radius
velocity row 92/120 IC 556/599 x0=0.796378 velocity_parameter=0.517333 elapsed=12.3131s written=0
  crossing 0/250
  stopped velocity row 92 IC 556 x0=0.796378 velocity_parameter=0.517333 status=outer_limit: trajectory reached the configured outer_limit radius
velocity row 92/120 IC 563/599 x0=0.796537 velocity_parameter=0.517333 elapsed=12.3541s written=0
  crossing 0/250
  stopped velocity row 92 IC 563 x0=0.796537 velocity_parameter=0.517333 status=outer_limit: trajectory reached the configured outer_limit radius
velocity row 93/120 IC 546/599 x0=0.796151 velocity_parameter=0.5335 elapsed=12.3604s written=0
  crossing 0/250
  stopped velocity row 93 IC 546 x0=0.796151 velocity_parameter=0.5335 status=outer_limit: trajectory reached the configured outer_limit radius
velocity row 93/120 IC 556/599 x0=0.796378 velocity_parameter=0.5335 elapsed=12.421s written=0
  crossing 0/250
  stopped velocity row 93 IC 556 x0=0.796378 velocity_parameter=0.5335 status=outer_limit: trajectory reached the configured outer_limit radius
velocity row 93/120 IC 563/599 x0=0.796537 velocity_parameter=0.5335 elapsed=12.4604s written=0
  crossing 0/250
  stopped velocity row 93 IC 563 x0=0.796537 velocity_parameter=0.5335 status=outer_limit: trajectory reached the configured outer_limit radius
velocity row 94/120 IC 546/599 x0=0.796151 velocity_parameter=0.549667 elapsed=12.4669s written=0
  crossing 0/250
  stopped velocity row 94 IC 546 x0=0.796151 velocity_parameter=0.549667 status=outer_limit: trajectory reached the configured outer_limit radius
velocity row 94/120 IC 556/599 x0=0.796378 velocity_parameter=0.549667 elapsed=12.5273s written=0
  crossing 0/250
  stopped velocity row 94 IC 556 x0=0.796378 velocity_parameter=0.549667 status=outer_limit: trajectory reached the configured outer_limit radius
velocity row 94/120 IC 563/599 x0=0.796537 velocity_parameter=0.549667 elapsed=12.5669s written=0
  crossing 0/250
  stopped velocity row 94 IC 563 x0=0.796537 velocity_parameter=0.549667 status=outer_limit: trajectory reached the configured outer_limit radius
velocity row 95/120 IC 546/599 x0=0.796151 velocity_parameter=0.565833 elapsed=12.5729s written=0
  crossing 0/250
  stopped velocity row 95 IC 546 x0=0.796151 velocity_parameter=0.565833 status=outer_limit: trajectory reached the configured outer_limit radius
velocity row 95/120 IC 556/599 x0=0.796378 velocity_parameter=0.565833 elapsed=12.6328s written=0
  crossing 0/250
  stopped velocity row 95 IC 556 x0=0.796378 velocity_parameter=0.565833 status=outer_limit: trajectory reached the configured outer_limit radius
velocity row 95/120 IC 563/599 x0=0.796537 velocity_parameter=0.565833 elapsed=12.6744s written=0
  crossing 0/250
  stopped velocity row 95 IC 563 x0=0.796537 velocity_parameter=0.565833 status=outer_limit: trajectory reached the configured outer_limit radius
velocity row 96/120 IC 546/599 x0=0.796151 velocity_parameter=0.582 elapsed=12.6806s written=0
  crossing 0/250
  stopped velocity row 96 IC 546 x0=0.796151 velocity_parameter=0.582 status=outer_limit: trajectory reached the configured outer_limit radius
velocity row 96/120 IC 556/599 x0=0.796378 velocity_parameter=0.582 elapsed=12.7389s written=0
  crossing 0/250
  stopped velocity row 96 IC 556 x0=0.796378 velocity_parameter=0.582 status=outer_limit: trajectory reached the configured outer_limit radius
velocity row 96/120 IC 563/599 x0=0.796537 velocity_parameter=0.582 elapsed=12.7777s written=0
  crossing 0/250
  stopped velocity row 96 IC 563 x0=0.796537 velocity_parameter=0.582 status=outer_limit: trajectory reached the configured outer_limit radius
velocity row 97/120 IC 546/599 x0=0.796151 velocity_parameter=0.598167 elapsed=12.7842s written=0
  crossing 0/250
  stopped velocity row 97 IC 546 x0=0.796151 velocity_parameter=0.598167 status=outer_limit: trajectory reached the configured outer_limit radius
velocity row 97/120 IC 556/599 x0=0.796378 velocity_parameter=0.598167 elapsed=12.8391s written=0
  crossing 0/250
  stopped velocity row 97 IC 556 x0=0.796378 velocity_parameter=0.598167 status=outer_limit: trajectory reached the configured outer_limit radius
velocity row 97/120 IC 563/599 x0=0.796537 velocity_parameter=0.598167 elapsed=12.8892s written=0
  crossing 0/250
  stopped velocity row 97 IC 563 x0=0.796537 velocity_parameter=0.598167 status=outer_limit: trajectory reached the configured outer_limit radius
velocity row 98/120 IC 546/599 x0=0.796151 velocity_parameter=0.614333 elapsed=12.8951s written=0
  crossing 0/250
  stopped velocity row 98 IC 546 x0=0.796151 velocity_parameter=0.614333 status=outer_limit: trajectory reached the configured outer_limit radius
velocity row 98/120 IC 556/599 x0=0.796378 velocity_parameter=0.614333 elapsed=12.9524s written=0
  crossing 0/250
  stopped velocity row 98 IC 556 x0=0.796378 velocity_parameter=0.614333 status=outer_limit: trajectory reached the configured outer_limit radius
velocity row 98/120 IC 563/599 x0=0.796537 velocity_parameter=0.614333 elapsed=12.9896s written=0
  crossing 0/250
  stopped velocity row 98 IC 563 x0=0.796537 velocity_parameter=0.614333 status=outer_limit: trajectory reached the configured outer_limit radius
velocity row 99/120 IC 546/599 x0=0.796151 velocity_parameter=0.6305 elapsed=12.9962s written=0
  crossing 0/250
  stopped velocity row 99 IC 546 x0=0.796151 velocity_parameter=0.6305 status=outer_limit: trajectory reached the configured outer_limit radius
velocity row 99/120 IC 556/599 x0=0.796378 velocity_parameter=0.6305 elapsed=13.0561s written=0
  crossing 0/250
  stopped velocity row 99 IC 556 x0=0.796378 velocity_parameter=0.6305 status=outer_limit: trajectory reached the configured outer_limit radius
velocity row 99/120 IC 563/599 x0=0.796537 velocity_parameter=0.6305 elapsed=13.0974s written=0
  crossing 0/250
  stopped velocity row 99 IC 563 x0=0.796537 velocity_parameter=0.6305 status=outer_limit: trajectory reached the configured outer_limit radius
velocity row 100/120 IC 546/599 x0=0.796151 velocity_parameter=0.646667 elapsed=13.1018s written=0
  crossing 0/250
  stopped velocity row 100 IC 546 x0=0.796151 velocity_parameter=0.646667 status=outer_limit: trajectory reached the configured outer_limit radius
velocity row 100/120 IC 556/599 x0=0.796378 velocity_parameter=0.646667 elapsed=13.1565s written=0
  crossing 0/250
  stopped velocity row 100 IC 556 x0=0.796378 velocity_parameter=0.646667 status=outer_limit: trajectory reached the configured outer_limit radius
velocity row 100/120 IC 563/599 x0=0.796537 velocity_parameter=0.646667 elapsed=13.1965s written=0
  crossing 0/250
  stopped velocity row 100 IC 563 x0=0.796537 velocity_parameter=0.646667 status=outer_limit: trajectory reached the configured outer_limit radius
velocity row 101/120 IC 546/599 x0=0.796151 velocity_parameter=0.662833 elapsed=13.2031s written=0
  crossing 0/250
  stopped velocity row 101 IC 546 x0=0.796151 velocity_parameter=0.662833 status=outer_limit: trajectory reached the configured outer_limit radius
velocity row 101/120 IC 556/599 x0=0.796378 velocity_parameter=0.662833 elapsed=13.2635s written=0
  crossing 0/250
  stopped velocity row 101 IC 556 x0=0.796378 velocity_parameter=0.662833 status=outer_limit: trajectory reached the configured outer_limit radius
velocity row 101/120 IC 563/599 x0=0.796537 velocity_parameter=0.662833 elapsed=13.3032s written=0
  crossing 0/250
  stopped velocity row 101 IC 563 x0=0.796537 velocity_parameter=0.662833 status=outer_limit: trajectory reached the configured outer_limit radius
velocity row 102/120 IC 546/599 x0=0.796151 velocity_parameter=0.679 elapsed=13.3095s written=0
  crossing 0/250
  stopped velocity row 102 IC 546 x0=0.796151 velocity_parameter=0.679 status=outer_limit: trajectory reached the configured outer_limit radius
velocity row 102/120 IC 556/599 x0=0.796378 velocity_parameter=0.679 elapsed=13.3705s written=0
  crossing 0/250
  stopped velocity row 102 IC 556 x0=0.796378 velocity_parameter=0.679 status=outer_limit: trajectory reached the configured outer_limit radius
velocity row 102/120 IC 563/599 x0=0.796537 velocity_parameter=0.679 elapsed=13.4125s written=0
  crossing 0/250
  stopped velocity row 102 IC 563 x0=0.796537 velocity_parameter=0.679 status=outer_limit: trajectory reached the configured outer_limit radius
velocity row 103/120 IC 546/599 x0=0.796151 velocity_parameter=0.695167 elapsed=13.4197s written=0
  crossing 0/250
  stopped velocity row 103 IC 546 x0=0.796151 velocity_parameter=0.695167 status=outer_limit: trajectory reached the configured outer_limit radius
velocity row 103/120 IC 556/599 x0=0.796378 velocity_parameter=0.695167 elapsed=13.4819s written=0
  crossing 0/250
  stopped velocity row 103 IC 556 x0=0.796378 velocity_parameter=0.695167 status=outer_limit: trajectory reached the configured outer_limit radius
velocity row 103/120 IC 563/599 x0=0.796537 velocity_parameter=0.695167 elapsed=13.5289s written=0
  crossing 0/250
  stopped velocity row 103 IC 563 x0=0.796537 velocity_parameter=0.695167 status=outer_limit: trajectory reached the configured outer_limit radius
velocity row 104/120 IC 546/599 x0=0.796151 velocity_parameter=0.711333 elapsed=13.5355s written=0
  crossing 0/250
  stopped velocity row 104 IC 546 x0=0.796151 velocity_parameter=0.711333 status=outer_limit: trajectory reached the configured outer_limit radius
velocity row 104/120 IC 556/599 x0=0.796378 velocity_parameter=0.711333 elapsed=13.5961s written=0
  crossing 0/250
  stopped velocity row 104 IC 556 x0=0.796378 velocity_parameter=0.711333 status=outer_limit: trajectory reached the configured outer_limit radius
velocity row 104/120 IC 563/599 x0=0.796537 velocity_parameter=0.711333 elapsed=13.6344s written=0
  crossing 0/250
  stopped velocity row 104 IC 563 x0=0.796537 velocity_parameter=0.711333 status=outer_limit: trajectory reached the configured outer_limit radius
velocity row 105/120 IC 546/599 x0=0.796151 velocity_parameter=0.7275 elapsed=13.6413s written=0
  crossing 0/250
  stopped velocity row 105 IC 546 x0=0.796151 velocity_parameter=0.7275 status=outer_limit: trajectory reached the configured outer_limit radius
velocity row 105/120 IC 556/599 x0=0.796378 velocity_parameter=0.7275 elapsed=13.7024s written=0
  crossing 0/250
  stopped velocity row 105 IC 556 x0=0.796378 velocity_parameter=0.7275 status=outer_limit: trajectory reached the configured outer_limit radius
velocity row 105/120 IC 563/599 x0=0.796537 velocity_parameter=0.7275 elapsed=13.7451s written=0
  crossing 0/250
  stopped velocity row 105 IC 563 x0=0.796537 velocity_parameter=0.7275 status=outer_limit: trajectory reached the configured outer_limit radius
velocity row 106/120 IC 546/599 x0=0.796151 velocity_parameter=0.743667 elapsed=13.7512s written=0
  crossing 0/250
  stopped velocity row 106 IC 546 x0=0.796151 velocity_parameter=0.743667 status=outer_limit: trajectory reached the configured outer_limit radius
velocity row 106/120 IC 556/599 x0=0.796378 velocity_parameter=0.743667 elapsed=13.8087s written=0
  crossing 0/250
  stopped velocity row 106 IC 556 x0=0.796378 velocity_parameter=0.743667 status=outer_limit: trajectory reached the configured outer_limit radius
velocity row 106/120 IC 563/599 x0=0.796537 velocity_parameter=0.743667 elapsed=13.8462s written=0
  crossing 0/250
  stopped velocity row 106 IC 563 x0=0.796537 velocity_parameter=0.743667 status=outer_limit: trajectory reached the configured outer_limit radius
velocity row 107/120 IC 546/599 x0=0.796151 velocity_parameter=0.759833 elapsed=13.8521s written=0
  crossing 0/250
  stopped velocity row 107 IC 546 x0=0.796151 velocity_parameter=0.759833 status=outer_limit: trajectory reached the configured outer_limit radius
velocity row 107/120 IC 556/599 x0=0.796378 velocity_parameter=0.759833 elapsed=13.9083s written=0
  crossing 0/250
  stopped velocity row 107 IC 556 x0=0.796378 velocity_parameter=0.759833 status=outer_limit: trajectory reached the configured outer_limit radius
velocity row 107/120 IC 563/599 x0=0.796537 velocity_parameter=0.759833 elapsed=13.9464s written=0
  crossing 0/250
  stopped velocity row 107 IC 563 x0=0.796537 velocity_parameter=0.759833 status=outer_limit: trajectory reached the configured outer_limit radius
velocity row 108/120 IC 546/599 x0=0.796151 velocity_parameter=0.776 elapsed=13.9522s written=0
  crossing 0/250
  stopped velocity row 108 IC 546 x0=0.796151 velocity_parameter=0.776 status=outer_limit: trajectory reached the configured outer_limit radius
velocity row 108/120 IC 556/599 x0=0.796378 velocity_parameter=0.776 elapsed=14.0112s written=0
  crossing 0/250
  stopped velocity row 108 IC 556 x0=0.796378 velocity_parameter=0.776 status=outer_limit: trajectory reached the configured outer_limit radius
velocity row 108/120 IC 563/599 x0=0.796537 velocity_parameter=0.776 elapsed=14.0515s written=0
  crossing 0/250
  stopped velocity row 108 IC 563 x0=0.796537 velocity_parameter=0.776 status=outer_limit: trajectory reached the configured outer_limit radius
velocity row 109/120 IC 546/599 x0=0.796151 velocity_parameter=0.792167 elapsed=14.0585s written=0
  crossing 0/250
  stopped velocity row 109 IC 546 x0=0.796151 velocity_parameter=0.792167 status=outer_limit: trajectory reached the configured outer_limit radius
velocity row 109/120 IC 556/599 x0=0.796378 velocity_parameter=0.792167 elapsed=14.1188s written=0
  crossing 0/250
  stopped velocity row 109 IC 556 x0=0.796378 velocity_parameter=0.792167 status=outer_limit: trajectory reached the configured outer_limit radius
velocity row 109/120 IC 563/599 x0=0.796537 velocity_parameter=0.792167 elapsed=14.1563s written=0
  crossing 0/250
  stopped velocity row 109 IC 563 x0=0.796537 velocity_parameter=0.792167 status=outer_limit: trajectory reached the configured outer_limit radius
velocity row 110/120 IC 546/599 x0=0.796151 velocity_parameter=0.808333 elapsed=14.1623s written=0
  crossing 0/250
  stopped velocity row 110 IC 546 x0=0.796151 velocity_parameter=0.808333 status=outer_limit: trajectory reached the configured outer_limit radius
velocity row 110/120 IC 556/599 x0=0.796378 velocity_parameter=0.808333 elapsed=14.2176s written=0
  crossing 0/250
  stopped velocity row 110 IC 556 x0=0.796378 velocity_parameter=0.808333 status=outer_limit: trajectory reached the configured outer_limit radius
velocity row 110/120 IC 563/599 x0=0.796537 velocity_parameter=0.808333 elapsed=14.2597s written=0
  crossing 0/250
  stopped velocity row 110 IC 563 x0=0.796537 velocity_parameter=0.808333 status=outer_limit: trajectory reached the configured outer_limit radius
velocity row 111/120 IC 546/599 x0=0.796151 velocity_parameter=0.8245 elapsed=14.2649s written=0
  crossing 0/250
  stopped velocity row 111 IC 546 x0=0.796151 velocity_parameter=0.8245 status=outer_limit: trajectory reached the configured outer_limit radius
velocity row 111/120 IC 556/599 x0=0.796378 velocity_parameter=0.8245 elapsed=14.3231s written=0
  crossing 0/250
  stopped velocity row 111 IC 556 x0=0.796378 velocity_parameter=0.8245 status=outer_limit: trajectory reached the configured outer_limit radius
velocity row 111/120 IC 563/599 x0=0.796537 velocity_parameter=0.8245 elapsed=14.3639s written=0
  crossing 0/250
  stopped velocity row 111 IC 563 x0=0.796537 velocity_parameter=0.8245 status=outer_limit: trajectory reached the configured outer_limit radius
velocity row 112/120 IC 546/599 x0=0.796151 velocity_parameter=0.840667 elapsed=14.3701s written=0
  crossing 0/250
  stopped velocity row 112 IC 546 x0=0.796151 velocity_parameter=0.840667 status=outer_limit: trajectory reached the configured outer_limit radius
velocity row 112/120 IC 556/599 x0=0.796378 velocity_parameter=0.840667 elapsed=14.4237s written=0
  crossing 0/250
  stopped velocity row 112 IC 556 x0=0.796378 velocity_parameter=0.840667 status=outer_limit: trajectory reached the configured outer_limit radius
velocity row 112/120 IC 563/599 x0=0.796537 velocity_parameter=0.840667 elapsed=14.4652s written=0
  crossing 0/250
  stopped velocity row 112 IC 563 x0=0.796537 velocity_parameter=0.840667 status=outer_limit: trajectory reached the configured outer_limit radius
velocity row 113/120 IC 546/599 x0=0.796151 velocity_parameter=0.856833 elapsed=14.4712s written=0
  crossing 0/250
  stopped velocity row 113 IC 546 x0=0.796151 velocity_parameter=0.856833 status=outer_limit: trajectory reached the configured outer_limit radius
velocity row 113/120 IC 556/599 x0=0.796378 velocity_parameter=0.856833 elapsed=14.5295s written=0
  crossing 0/250
  stopped velocity row 113 IC 556 x0=0.796378 velocity_parameter=0.856833 status=outer_limit: trajectory reached the configured outer_limit radius
velocity row 113/120 IC 563/599 x0=0.796537 velocity_parameter=0.856833 elapsed=14.5736s written=0
  crossing 0/250
  stopped velocity row 113 IC 563 x0=0.796537 velocity_parameter=0.856833 status=outer_limit: trajectory reached the configured outer_limit radius
velocity row 114/120 IC 546/599 x0=0.796151 velocity_parameter=0.873 elapsed=14.5799s written=0
  crossing 0/250
  stopped velocity row 114 IC 546 x0=0.796151 velocity_parameter=0.873 status=outer_limit: trajectory reached the configured outer_limit radius
velocity row 114/120 IC 556/599 x0=0.796378 velocity_parameter=0.873 elapsed=14.6355s written=0
  crossing 0/250
  stopped velocity row 114 IC 556 x0=0.796378 velocity_parameter=0.873 status=outer_limit: trajectory reached the configured outer_limit radius
velocity row 114/120 IC 563/599 x0=0.796537 velocity_parameter=0.873 elapsed=14.6746s written=0
  crossing 0/250
  stopped velocity row 114 IC 563 x0=0.796537 velocity_parameter=0.873 status=outer_limit: trajectory reached the configured outer_limit radius
velocity row 115/120 IC 546/599 x0=0.796151 velocity_parameter=0.889167 elapsed=14.6798s written=0
  crossing 0/250
  stopped velocity row 115 IC 546 x0=0.796151 velocity_parameter=0.889167 status=outer_limit: trajectory reached the configured outer_limit radius
velocity row 115/120 IC 556/599 x0=0.796378 velocity_parameter=0.889167 elapsed=14.7382s written=0
  crossing 0/250
  stopped velocity row 115 IC 556 x0=0.796378 velocity_parameter=0.889167 status=outer_limit: trajectory reached the configured outer_limit radius
velocity row 115/120 IC 563/599 x0=0.796537 velocity_parameter=0.889167 elapsed=14.7716s written=0
  crossing 0/250
  stopped velocity row 115 IC 563 x0=0.796537 velocity_parameter=0.889167 status=outer_limit: trajectory reached the configured outer_limit radius
velocity row 116/120 IC 546/599 x0=0.796151 velocity_parameter=0.905333 elapsed=14.7753s written=0
  crossing 0/250
  stopped velocity row 116 IC 546 x0=0.796151 velocity_parameter=0.905333 status=outer_limit: trajectory reached the configured outer_limit radius
velocity row 116/120 IC 556/599 x0=0.796378 velocity_parameter=0.905333 elapsed=14.8326s written=0
  crossing 0/250
  stopped velocity row 116 IC 556 x0=0.796378 velocity_parameter=0.905333 status=outer_limit: trajectory reached the configured outer_limit radius
velocity row 116/120 IC 563/599 x0=0.796537 velocity_parameter=0.905333 elapsed=14.8721s written=0
  crossing 0/250
  stopped velocity row 116 IC 563 x0=0.796537 velocity_parameter=0.905333 status=outer_limit: trajectory reached the configured outer_limit radius
velocity row 117/120 IC 546/599 x0=0.796151 velocity_parameter=0.9215 elapsed=14.8787s written=0
  crossing 0/250
  stopped velocity row 117 IC 546 x0=0.796151 velocity_parameter=0.9215 status=outer_limit: trajectory reached the configured outer_limit radius
velocity row 117/120 IC 556/599 x0=0.796378 velocity_parameter=0.9215 elapsed=14.9386s written=0
  crossing 0/250
  stopped velocity row 117 IC 556 x0=0.796378 velocity_parameter=0.9215 status=outer_limit: trajectory reached the configured outer_limit radius
velocity row 117/120 IC 563/599 x0=0.796537 velocity_parameter=0.9215 elapsed=14.9773s written=0
  crossing 0/250
  stopped velocity row 117 IC 563 x0=0.796537 velocity_parameter=0.9215 status=outer_limit: trajectory reached the configured outer_limit radius
velocity row 118/120 IC 546/599 x0=0.796151 velocity_parameter=0.937667 elapsed=14.9825s written=0
  crossing 0/250
  stopped velocity row 118 IC 546 x0=0.796151 velocity_parameter=0.937667 status=outer_limit: trajectory reached the configured outer_limit radius
velocity row 118/120 IC 556/599 x0=0.796378 velocity_parameter=0.937667 elapsed=15.0408s written=0
  crossing 0/250
  stopped velocity row 118 IC 556 x0=0.796378 velocity_parameter=0.937667 status=outer_limit: trajectory reached the configured outer_limit radius
velocity row 118/120 IC 563/599 x0=0.796537 velocity_parameter=0.937667 elapsed=15.0837s written=0
  crossing 0/250
  stopped velocity row 118 IC 563 x0=0.796537 velocity_parameter=0.937667 status=outer_limit: trajectory reached the configured outer_limit radius
velocity row 119/120 IC 546/599 x0=0.796151 velocity_parameter=0.953833 elapsed=15.0899s written=0
  crossing 0/250
  stopped velocity row 119 IC 546 x0=0.796151 velocity_parameter=0.953833 status=outer_limit: trajectory reached the configured outer_limit radius
velocity row 119/120 IC 556/599 x0=0.796378 velocity_parameter=0.953833 elapsed=15.1455s written=0
  crossing 0/250
  stopped velocity row 119 IC 556 x0=0.796378 velocity_parameter=0.953833 status=outer_limit: trajectory reached the configured outer_limit radius
velocity row 119/120 IC 563/599 x0=0.796537 velocity_parameter=0.953833 elapsed=15.1828s written=0
  crossing 0/250
  stopped velocity row 119 IC 563 x0=0.796537 velocity_parameter=0.953833 status=outer_limit: trajectory reached the configured outer_limit radius
velocity row 120/120 IC 546/599 x0=0.796151 velocity_parameter=0.97 elapsed=15.1889s written=0
  crossing 0/250
  stopped velocity row 120 IC 546 x0=0.796151 velocity_parameter=0.97 status=outer_limit: trajectory reached the configured outer_limit radius
velocity row 120/120 IC 556/599 x0=0.796378 velocity_parameter=0.97 elapsed=15.2443s written=0
  crossing 0/250
  stopped velocity row 120 IC 556 x0=0.796378 velocity_parameter=0.97 status=outer_limit: trajectory reached the configured outer_limit radius
velocity row 120/120 IC 563/599 x0=0.796537 velocity_parameter=0.97 elapsed=15.2821s written=0
  crossing 0/250
  stopped velocity row 120 IC 563 x0=0.796537 velocity_parameter=0.97 status=outer_limit: trajectory reached the configured outer_limit radius
metadata -> /mnt/c/Users/payne/Code/Hill_4BP/professional_neck_studies/e1_dense_001/survey/level_003_delta_1e_minus_5/closed/shard_0029/metadata.txt
wrote 0 points (0 ICs skipped, 2178 orbits stopped early, elapsed=15.2864s) -> /mnt/c/Users/payne/Code/Hill_4BP/professional_neck_studies/e1_dense_001/survey/level_003_delta_1e_minus_5/closed/shard_0029/points.csv
outcomes: collision=0 completed=0 forbidden=0 inner_radius_limit=0 invalid_initial_radius=0 invalid_velocity=0 nontransverse=0 numerical_failure=0 outer_limit=2178 timeout=0
maximum sampled |H-h|=8.79477e-16
