zero-velocity boundary -> /mnt/c/Users/payne/Code/Hill_4BP/professional_neck_studies/e1_dense_001/survey/level_002_delta_1e_minus_4/open/shard_0018/zero_velocity_boundary.csv
lambda1=0.0272549 lambda2=2.97275 A=-0.986373 B=0.486373 c=0.0976566 c1=0 c2=0 c3=-0.0976566 h=-2.39144 (C=4.78287)
E1/E2 neck h=-2.39154 (C=4.78307), E3/E4 neck h=-0.454039 (C=0.908078)
energy_mode=neck_delta neck=E1 hcrit=-2.39154 delta=0.0001 side=open actual_neck_side=open delta_h=0.0001
x_count=600 xdot_count=121 iterates=250 index range=[342,360] velocity_mode=fraction x_range=[0.769054,0.812056] max_return_time=100
smooth coordinates R=sqrt(rho), CAPD crossing mode=Both solver_order=28 max_step=0.005 abs_tol=1e-15 rel_tol=1e-13 collision_radius=1e-06 outer_radius=5
velocity row 0/120 IC 342/599 x0=0.793606 velocity_parameter=-0.97 elapsed=1.89e-07s written=0
  crossing 0/250
  stopped velocity row 0 IC 342 x0=0.793606 velocity_parameter=-0.97 status=collision: trajectory reached the configured collision radius
  stopped velocity row 0 IC 343 x0=0.793678 velocity_parameter=-0.97 status=collision: trajectory reached the configured collision radius
  stopped velocity row 0 IC 344 x0=0.793749 velocity_parameter=-0.97 status=collision: trajectory reached the configured collision radius
  stopped velocity row 0 IC 345 x0=0.793821 velocity_parameter=-0.97 status=collision: trajectory reached the configured collision radius
  stopped velocity row 0 IC 346 x0=0.793893 velocity_parameter=-0.97 status=collision: trajectory reached the configured collision radius
  stopped velocity row 0 IC 347 x0=0.793965 velocity_parameter=-0.97 status=collision: trajectory reached the configured collision radius
  stopped velocity row 0 IC 348 x0=0.794036 velocity_parameter=-0.97 status=collision: trajectory reached the configured collision radius
  stopped velocity row 0 IC 349 x0=0.794108 velocity_parameter=-0.97 status=collision: trajectory reached the configured collision radius
  stopped velocity row 0 IC 350 x0=0.79418 velocity_parameter=-0.97 status=collision: trajectory reached the configured collision radius
  stopped velocity row 0 IC 351 x0=0.794252 velocity_parameter=-0.97 status=collision: trajectory reached the configured collision radius
velocity row 0/120 IC 352/599 x0=0.794324 velocity_parameter=-0.97 elapsed=0.904487s written=0
  crossing 0/250
  stopped velocity row 0 IC 352 x0=0.794324 velocity_parameter=-0.97 status=collision: trajectory reached the configured collision radius
velocity row 0/120 IC 360/599 x0=0.794898 velocity_parameter=-0.97 elapsed=1.60855s written=0
  crossing 0/250
  stopped velocity row 0 IC 360 x0=0.794898 velocity_parameter=-0.97 status=collision: trajectory reached the configured collision radius
velocity row 1/120 IC 342/599 x0=0.793606 velocity_parameter=-0.953833 elapsed=1.70045s written=0
  crossing 0/250
  stopped velocity row 1 IC 342 x0=0.793606 velocity_parameter=-0.953833 status=collision: trajectory reached the configured collision radius
velocity row 1/120 IC 352/599 x0=0.794324 velocity_parameter=-0.953833 elapsed=2.56253s written=0
  crossing 0/250
  stopped velocity row 1 IC 352 x0=0.794324 velocity_parameter=-0.953833 status=collision: trajectory reached the configured collision radius
velocity row 1/120 IC 360/599 x0=0.794898 velocity_parameter=-0.953833 elapsed=3.00249s written=1
  crossing 0/250
  stopped velocity row 1 IC 360 x0=0.794898 velocity_parameter=-0.953833 status=outer_limit: trajectory reached the configured outer_limit radius
velocity row 2/120 IC 342/599 x0=0.793606 velocity_parameter=-0.937667 elapsed=3.01812s written=1
  crossing 0/250
  stopped velocity row 2 IC 342 x0=0.793606 velocity_parameter=-0.937667 status=collision: trajectory reached the configured collision radius
velocity row 2/120 IC 352/599 x0=0.794324 velocity_parameter=-0.937667 elapsed=3.8198s written=2
  crossing 0/250
  stopped velocity row 2 IC 352 x0=0.794324 velocity_parameter=-0.937667 status=outer_limit: trajectory reached the configured outer_limit radius
velocity row 2/120 IC 360/599 x0=0.794898 velocity_parameter=-0.937667 elapsed=3.92612s written=2
  crossing 0/250
  stopped velocity row 2 IC 360 x0=0.794898 velocity_parameter=-0.937667 status=outer_limit: trajectory reached the configured outer_limit radius
velocity row 3/120 IC 342/599 x0=0.793606 velocity_parameter=-0.9215 elapsed=3.93981s written=2
  crossing 0/250
  stopped velocity row 3 IC 342 x0=0.793606 velocity_parameter=-0.9215 status=collision: trajectory reached the configured collision radius
velocity row 3/120 IC 352/599 x0=0.794324 velocity_parameter=-0.9215 elapsed=4.44199s written=3
  crossing 0/250
  stopped velocity row 3 IC 352 x0=0.794324 velocity_parameter=-0.9215 status=outer_limit: trajectory reached the configured outer_limit radius
velocity row 3/120 IC 360/599 x0=0.794898 velocity_parameter=-0.9215 elapsed=4.54161s written=3
  crossing 0/250
  stopped velocity row 3 IC 360 x0=0.794898 velocity_parameter=-0.9215 status=outer_limit: trajectory reached the configured outer_limit radius
velocity row 4/120 IC 342/599 x0=0.793606 velocity_parameter=-0.905333 elapsed=4.55292s written=3
  crossing 0/250
  stopped velocity row 4 IC 342 x0=0.793606 velocity_parameter=-0.905333 status=collision: trajectory reached the configured collision radius
velocity row 4/120 IC 352/599 x0=0.794324 velocity_parameter=-0.905333 elapsed=4.76975s written=4
  crossing 0/250
  stopped velocity row 4 IC 352 x0=0.794324 velocity_parameter=-0.905333 status=outer_limit: trajectory reached the configured outer_limit radius
velocity row 4/120 IC 360/599 x0=0.794898 velocity_parameter=-0.905333 elapsed=4.86613s written=4
  crossing 0/250
  stopped velocity row 4 IC 360 x0=0.794898 velocity_parameter=-0.905333 status=outer_limit: trajectory reached the configured outer_limit radius
velocity row 5/120 IC 342/599 x0=0.793606 velocity_parameter=-0.889167 elapsed=4.87702s written=4
  crossing 0/250
  stopped velocity row 5 IC 342 x0=0.793606 velocity_parameter=-0.889167 status=outer_limit: trajectory reached the configured outer_limit radius
velocity row 5/120 IC 352/599 x0=0.794324 velocity_parameter=-0.889167 elapsed=5.01906s written=4
  crossing 0/250
  stopped velocity row 5 IC 352 x0=0.794324 velocity_parameter=-0.889167 status=outer_limit: trajectory reached the configured outer_limit radius
velocity row 5/120 IC 360/599 x0=0.794898 velocity_parameter=-0.889167 elapsed=5.11052s written=4
  crossing 0/250
  stopped velocity row 5 IC 360 x0=0.794898 velocity_parameter=-0.889167 status=outer_limit: trajectory reached the configured outer_limit radius
velocity row 6/120 IC 342/599 x0=0.793606 velocity_parameter=-0.873 elapsed=5.12208s written=4
  crossing 0/250
  stopped velocity row 6 IC 342 x0=0.793606 velocity_parameter=-0.873 status=outer_limit: trajectory reached the configured outer_limit radius
velocity row 6/120 IC 352/599 x0=0.794324 velocity_parameter=-0.873 elapsed=5.24986s written=4
  crossing 0/250
  stopped velocity row 6 IC 352 x0=0.794324 velocity_parameter=-0.873 status=outer_limit: trajectory reached the configured outer_limit radius
velocity row 6/120 IC 360/599 x0=0.794898 velocity_parameter=-0.873 elapsed=5.34127s written=4
  crossing 0/250
  stopped velocity row 6 IC 360 x0=0.794898 velocity_parameter=-0.873 status=outer_limit: trajectory reached the configured outer_limit radius
velocity row 7/120 IC 342/599 x0=0.793606 velocity_parameter=-0.856833 elapsed=5.35571s written=4
  crossing 0/250
  stopped velocity row 7 IC 342 x0=0.793606 velocity_parameter=-0.856833 status=outer_limit: trajectory reached the configured outer_limit radius
velocity row 7/120 IC 352/599 x0=0.794324 velocity_parameter=-0.856833 elapsed=5.50682s written=4
  crossing 0/250
  stopped velocity row 7 IC 352 x0=0.794324 velocity_parameter=-0.856833 status=outer_limit: trajectory reached the configured outer_limit radius
velocity row 7/120 IC 360/599 x0=0.794898 velocity_parameter=-0.856833 elapsed=5.59896s written=4
  crossing 0/250
  stopped velocity row 7 IC 360 x0=0.794898 velocity_parameter=-0.856833 status=outer_limit: trajectory reached the configured outer_limit radius
velocity row 8/120 IC 342/599 x0=0.793606 velocity_parameter=-0.840667 elapsed=5.60836s written=4
  crossing 0/250
  stopped velocity row 8 IC 342 x0=0.793606 velocity_parameter=-0.840667 status=outer_limit: trajectory reached the configured outer_limit radius
velocity row 8/120 IC 352/599 x0=0.794324 velocity_parameter=-0.840667 elapsed=5.71327s written=4
  crossing 0/250
  stopped velocity row 8 IC 352 x0=0.794324 velocity_parameter=-0.840667 status=outer_limit: trajectory reached the configured outer_limit radius
velocity row 8/120 IC 360/599 x0=0.794898 velocity_parameter=-0.840667 elapsed=5.79571s written=4
  crossing 0/250
  stopped velocity row 8 IC 360 x0=0.794898 velocity_parameter=-0.840667 status=outer_limit: trajectory reached the configured outer_limit radius
velocity row 9/120 IC 342/599 x0=0.793606 velocity_parameter=-0.8245 elapsed=5.80469s written=4
  crossing 0/250
  stopped velocity row 9 IC 342 x0=0.793606 velocity_parameter=-0.8245 status=outer_limit: trajectory reached the configured outer_limit radius
velocity row 9/120 IC 352/599 x0=0.794324 velocity_parameter=-0.8245 elapsed=5.90964s written=4
  crossing 0/250
  stopped velocity row 9 IC 352 x0=0.794324 velocity_parameter=-0.8245 status=outer_limit: trajectory reached the configured outer_limit radius
velocity row 9/120 IC 360/599 x0=0.794898 velocity_parameter=-0.8245 elapsed=5.99764s written=4
  crossing 0/250
  stopped velocity row 9 IC 360 x0=0.794898 velocity_parameter=-0.8245 status=outer_limit: trajectory reached the configured outer_limit radius
velocity row 10/120 IC 342/599 x0=0.793606 velocity_parameter=-0.808333 elapsed=6.0071s written=4
  crossing 0/250
  stopped velocity row 10 IC 342 x0=0.793606 velocity_parameter=-0.808333 status=outer_limit: trajectory reached the configured outer_limit radius
velocity row 10/120 IC 352/599 x0=0.794324 velocity_parameter=-0.808333 elapsed=6.11311s written=4
  crossing 0/250
  stopped velocity row 10 IC 352 x0=0.794324 velocity_parameter=-0.808333 status=outer_limit: trajectory reached the configured outer_limit radius
velocity row 10/120 IC 360/599 x0=0.794898 velocity_parameter=-0.808333 elapsed=6.19815s written=4
  crossing 0/250
  stopped velocity row 10 IC 360 x0=0.794898 velocity_parameter=-0.808333 status=outer_limit: trajectory reached the configured outer_limit radius
velocity row 11/120 IC 342/599 x0=0.793606 velocity_parameter=-0.792167 elapsed=6.2062s written=4
  crossing 0/250
  stopped velocity row 11 IC 342 x0=0.793606 velocity_parameter=-0.792167 status=outer_limit: trajectory reached the configured outer_limit radius
velocity row 11/120 IC 352/599 x0=0.794324 velocity_parameter=-0.792167 elapsed=6.31298s written=4
  crossing 0/250
  stopped velocity row 11 IC 352 x0=0.794324 velocity_parameter=-0.792167 status=outer_limit: trajectory reached the configured outer_limit radius
velocity row 11/120 IC 360/599 x0=0.794898 velocity_parameter=-0.792167 elapsed=6.40532s written=4
  crossing 0/250
  stopped velocity row 11 IC 360 x0=0.794898 velocity_parameter=-0.792167 status=outer_limit: trajectory reached the configured outer_limit radius
velocity row 12/120 IC 342/599 x0=0.793606 velocity_parameter=-0.776 elapsed=6.41429s written=4
  crossing 0/250
  stopped velocity row 12 IC 342 x0=0.793606 velocity_parameter=-0.776 status=outer_limit: trajectory reached the configured outer_limit radius
velocity row 12/120 IC 352/599 x0=0.794324 velocity_parameter=-0.776 elapsed=6.52134s written=4
  crossing 0/250
  stopped velocity row 12 IC 352 x0=0.794324 velocity_parameter=-0.776 status=outer_limit: trajectory reached the configured outer_limit radius
velocity row 12/120 IC 360/599 x0=0.794898 velocity_parameter=-0.776 elapsed=6.59954s written=4
  crossing 0/250
  stopped velocity row 12 IC 360 x0=0.794898 velocity_parameter=-0.776 status=outer_limit: trajectory reached the configured outer_limit radius
velocity row 13/120 IC 342/599 x0=0.793606 velocity_parameter=-0.759833 elapsed=6.61109s written=4
  crossing 0/250
  stopped velocity row 13 IC 342 x0=0.793606 velocity_parameter=-0.759833 status=outer_limit: trajectory reached the configured outer_limit radius
velocity row 13/120 IC 352/599 x0=0.794324 velocity_parameter=-0.759833 elapsed=6.716s written=4
  crossing 0/250
  stopped velocity row 13 IC 352 x0=0.794324 velocity_parameter=-0.759833 status=outer_limit: trajectory reached the configured outer_limit radius
velocity row 13/120 IC 360/599 x0=0.794898 velocity_parameter=-0.759833 elapsed=6.78769s written=4
  crossing 0/250
  stopped velocity row 13 IC 360 x0=0.794898 velocity_parameter=-0.759833 status=outer_limit: trajectory reached the configured outer_limit radius
velocity row 14/120 IC 342/599 x0=0.793606 velocity_parameter=-0.743667 elapsed=6.79597s written=4
  crossing 0/250
  stopped velocity row 14 IC 342 x0=0.793606 velocity_parameter=-0.743667 status=outer_limit: trajectory reached the configured outer_limit radius
velocity row 14/120 IC 352/599 x0=0.794324 velocity_parameter=-0.743667 elapsed=6.89438s written=4
  crossing 0/250
  stopped velocity row 14 IC 352 x0=0.794324 velocity_parameter=-0.743667 status=outer_limit: trajectory reached the configured outer_limit radius
velocity row 14/120 IC 360/599 x0=0.794898 velocity_parameter=-0.743667 elapsed=6.97503s written=4
  crossing 0/250
  stopped velocity row 14 IC 360 x0=0.794898 velocity_parameter=-0.743667 status=outer_limit: trajectory reached the configured outer_limit radius
velocity row 15/120 IC 342/599 x0=0.793606 velocity_parameter=-0.7275 elapsed=6.98377s written=4
  crossing 0/250
  stopped velocity row 15 IC 342 x0=0.793606 velocity_parameter=-0.7275 status=outer_limit: trajectory reached the configured outer_limit radius
velocity row 15/120 IC 352/599 x0=0.794324 velocity_parameter=-0.7275 elapsed=7.09201s written=4
  crossing 0/250
  stopped velocity row 15 IC 352 x0=0.794324 velocity_parameter=-0.7275 status=outer_limit: trajectory reached the configured outer_limit radius
velocity row 15/120 IC 360/599 x0=0.794898 velocity_parameter=-0.7275 elapsed=7.1778s written=4
  crossing 0/250
  stopped velocity row 15 IC 360 x0=0.794898 velocity_parameter=-0.7275 status=outer_limit: trajectory reached the configured outer_limit radius
velocity row 16/120 IC 342/599 x0=0.793606 velocity_parameter=-0.711333 elapsed=7.1869s written=4
  crossing 0/250
  stopped velocity row 16 IC 342 x0=0.793606 velocity_parameter=-0.711333 status=outer_limit: trajectory reached the configured outer_limit radius
velocity row 16/120 IC 352/599 x0=0.794324 velocity_parameter=-0.711333 elapsed=7.28846s written=4
  crossing 0/250
  stopped velocity row 16 IC 352 x0=0.794324 velocity_parameter=-0.711333 status=outer_limit: trajectory reached the configured outer_limit radius
velocity row 16/120 IC 360/599 x0=0.794898 velocity_parameter=-0.711333 elapsed=7.36608s written=4
  crossing 0/250
  stopped velocity row 16 IC 360 x0=0.794898 velocity_parameter=-0.711333 status=outer_limit: trajectory reached the configured outer_limit radius
velocity row 17/120 IC 342/599 x0=0.793606 velocity_parameter=-0.695167 elapsed=7.37929s written=4
  crossing 0/250
  stopped velocity row 17 IC 342 x0=0.793606 velocity_parameter=-0.695167 status=outer_limit: trajectory reached the configured outer_limit radius
velocity row 17/120 IC 352/599 x0=0.794324 velocity_parameter=-0.695167 elapsed=7.4753s written=4
  crossing 0/250
  stopped velocity row 17 IC 352 x0=0.794324 velocity_parameter=-0.695167 status=outer_limit: trajectory reached the configured outer_limit radius
velocity row 17/120 IC 360/599 x0=0.794898 velocity_parameter=-0.695167 elapsed=7.55836s written=4
  crossing 0/250
  stopped velocity row 17 IC 360 x0=0.794898 velocity_parameter=-0.695167 status=outer_limit: trajectory reached the configured outer_limit radius
velocity row 18/120 IC 342/599 x0=0.793606 velocity_parameter=-0.679 elapsed=7.56796s written=4
  crossing 0/250
  stopped velocity row 18 IC 342 x0=0.793606 velocity_parameter=-0.679 status=outer_limit: trajectory reached the configured outer_limit radius
velocity row 18/120 IC 352/599 x0=0.794324 velocity_parameter=-0.679 elapsed=7.66913s written=4
  crossing 0/250
  stopped velocity row 18 IC 352 x0=0.794324 velocity_parameter=-0.679 status=outer_limit: trajectory reached the configured outer_limit radius
velocity row 18/120 IC 360/599 x0=0.794898 velocity_parameter=-0.679 elapsed=7.74273s written=4
  crossing 0/250
  stopped velocity row 18 IC 360 x0=0.794898 velocity_parameter=-0.679 status=outer_limit: trajectory reached the configured outer_limit radius
velocity row 19/120 IC 342/599 x0=0.793606 velocity_parameter=-0.662833 elapsed=7.75597s written=4
  crossing 0/250
  stopped velocity row 19 IC 342 x0=0.793606 velocity_parameter=-0.662833 status=outer_limit: trajectory reached the configured outer_limit radius
velocity row 19/120 IC 352/599 x0=0.794324 velocity_parameter=-0.662833 elapsed=7.8545s written=4
  crossing 0/250
  stopped velocity row 19 IC 352 x0=0.794324 velocity_parameter=-0.662833 status=outer_limit: trajectory reached the configured outer_limit radius
velocity row 19/120 IC 360/599 x0=0.794898 velocity_parameter=-0.662833 elapsed=7.93435s written=4
  crossing 0/250
  stopped velocity row 19 IC 360 x0=0.794898 velocity_parameter=-0.662833 status=outer_limit: trajectory reached the configured outer_limit radius
velocity row 20/120 IC 342/599 x0=0.793606 velocity_parameter=-0.646667 elapsed=7.94363s written=4
  crossing 0/250
  stopped velocity row 20 IC 342 x0=0.793606 velocity_parameter=-0.646667 status=outer_limit: trajectory reached the configured outer_limit radius
velocity row 20/120 IC 352/599 x0=0.794324 velocity_parameter=-0.646667 elapsed=8.04669s written=4
  crossing 0/250
  stopped velocity row 20 IC 352 x0=0.794324 velocity_parameter=-0.646667 status=outer_limit: trajectory reached the configured outer_limit radius
velocity row 20/120 IC 360/599 x0=0.794898 velocity_parameter=-0.646667 elapsed=8.13171s written=4
  crossing 0/250
  stopped velocity row 20 IC 360 x0=0.794898 velocity_parameter=-0.646667 status=outer_limit: trajectory reached the configured outer_limit radius
velocity row 21/120 IC 342/599 x0=0.793606 velocity_parameter=-0.6305 elapsed=8.13886s written=4
  crossing 0/250
  stopped velocity row 21 IC 342 x0=0.793606 velocity_parameter=-0.6305 status=outer_limit: trajectory reached the configured outer_limit radius
velocity row 21/120 IC 352/599 x0=0.794324 velocity_parameter=-0.6305 elapsed=8.22919s written=4
  crossing 0/250
  stopped velocity row 21 IC 352 x0=0.794324 velocity_parameter=-0.6305 status=outer_limit: trajectory reached the configured outer_limit radius
velocity row 21/120 IC 360/599 x0=0.794898 velocity_parameter=-0.6305 elapsed=8.30784s written=4
  crossing 0/250
  stopped velocity row 21 IC 360 x0=0.794898 velocity_parameter=-0.6305 status=outer_limit: trajectory reached the configured outer_limit radius
velocity row 22/120 IC 342/599 x0=0.793606 velocity_parameter=-0.614333 elapsed=8.32037s written=4
  crossing 0/250
  stopped velocity row 22 IC 342 x0=0.793606 velocity_parameter=-0.614333 status=outer_limit: trajectory reached the configured outer_limit radius
velocity row 22/120 IC 352/599 x0=0.794324 velocity_parameter=-0.614333 elapsed=8.42028s written=4
  crossing 0/250
  stopped velocity row 22 IC 352 x0=0.794324 velocity_parameter=-0.614333 status=outer_limit: trajectory reached the configured outer_limit radius
velocity row 22/120 IC 360/599 x0=0.794898 velocity_parameter=-0.614333 elapsed=8.48969s written=4
  crossing 0/250
  stopped velocity row 22 IC 360 x0=0.794898 velocity_parameter=-0.614333 status=outer_limit: trajectory reached the configured outer_limit radius
velocity row 23/120 IC 342/599 x0=0.793606 velocity_parameter=-0.598167 elapsed=8.49801s written=4
  crossing 0/250
  stopped velocity row 23 IC 342 x0=0.793606 velocity_parameter=-0.598167 status=outer_limit: trajectory reached the configured outer_limit radius
velocity row 23/120 IC 352/599 x0=0.794324 velocity_parameter=-0.598167 elapsed=8.58948s written=4
  crossing 0/250
  stopped velocity row 23 IC 352 x0=0.794324 velocity_parameter=-0.598167 status=outer_limit: trajectory reached the configured outer_limit radius
velocity row 23/120 IC 360/599 x0=0.794898 velocity_parameter=-0.598167 elapsed=8.67319s written=4
  crossing 0/250
  stopped velocity row 23 IC 360 x0=0.794898 velocity_parameter=-0.598167 status=outer_limit: trajectory reached the configured outer_limit radius
velocity row 24/120 IC 342/599 x0=0.793606 velocity_parameter=-0.582 elapsed=8.68564s written=4
  crossing 0/250
  stopped velocity row 24 IC 342 x0=0.793606 velocity_parameter=-0.582 status=outer_limit: trajectory reached the configured outer_limit radius
velocity row 24/120 IC 352/599 x0=0.794324 velocity_parameter=-0.582 elapsed=8.78745s written=4
  crossing 0/250
  stopped velocity row 24 IC 352 x0=0.794324 velocity_parameter=-0.582 status=outer_limit: trajectory reached the configured outer_limit radius
velocity row 24/120 IC 360/599 x0=0.794898 velocity_parameter=-0.582 elapsed=8.8608s written=4
  crossing 0/250
  stopped velocity row 24 IC 360 x0=0.794898 velocity_parameter=-0.582 status=outer_limit: trajectory reached the configured outer_limit radius
velocity row 25/120 IC 342/599 x0=0.793606 velocity_parameter=-0.565833 elapsed=8.86964s written=4
  crossing 0/250
  stopped velocity row 25 IC 342 x0=0.793606 velocity_parameter=-0.565833 status=outer_limit: trajectory reached the configured outer_limit radius
velocity row 25/120 IC 352/599 x0=0.794324 velocity_parameter=-0.565833 elapsed=8.96831s written=4
  crossing 0/250
  stopped velocity row 25 IC 352 x0=0.794324 velocity_parameter=-0.565833 status=outer_limit: trajectory reached the configured outer_limit radius
velocity row 25/120 IC 360/599 x0=0.794898 velocity_parameter=-0.565833 elapsed=9.03988s written=4
  crossing 0/250
  stopped velocity row 25 IC 360 x0=0.794898 velocity_parameter=-0.565833 status=outer_limit: trajectory reached the configured outer_limit radius
velocity row 26/120 IC 342/599 x0=0.793606 velocity_parameter=-0.549667 elapsed=9.04965s written=4
  crossing 0/250
  stopped velocity row 26 IC 342 x0=0.793606 velocity_parameter=-0.549667 status=outer_limit: trajectory reached the configured outer_limit radius
velocity row 26/120 IC 352/599 x0=0.794324 velocity_parameter=-0.549667 elapsed=9.14562s written=4
  crossing 0/250
  stopped velocity row 26 IC 352 x0=0.794324 velocity_parameter=-0.549667 status=outer_limit: trajectory reached the configured outer_limit radius
velocity row 26/120 IC 360/599 x0=0.794898 velocity_parameter=-0.549667 elapsed=9.22609s written=4
  crossing 0/250
  stopped velocity row 26 IC 360 x0=0.794898 velocity_parameter=-0.549667 status=outer_limit: trajectory reached the configured outer_limit radius
velocity row 27/120 IC 342/599 x0=0.793606 velocity_parameter=-0.5335 elapsed=9.23354s written=4
  crossing 0/250
  stopped velocity row 27 IC 342 x0=0.793606 velocity_parameter=-0.5335 status=outer_limit: trajectory reached the configured outer_limit radius
velocity row 27/120 IC 352/599 x0=0.794324 velocity_parameter=-0.5335 elapsed=9.33801s written=4
  crossing 0/250
  stopped velocity row 27 IC 352 x0=0.794324 velocity_parameter=-0.5335 status=outer_limit: trajectory reached the configured outer_limit radius
velocity row 27/120 IC 360/599 x0=0.794898 velocity_parameter=-0.5335 elapsed=9.43688s written=4
  crossing 0/250
  stopped velocity row 27 IC 360 x0=0.794898 velocity_parameter=-0.5335 status=outer_limit: trajectory reached the configured outer_limit radius
velocity row 28/120 IC 342/599 x0=0.793606 velocity_parameter=-0.517333 elapsed=9.44643s written=4
  crossing 0/250
  stopped velocity row 28 IC 342 x0=0.793606 velocity_parameter=-0.517333 status=outer_limit: trajectory reached the configured outer_limit radius
velocity row 28/120 IC 352/599 x0=0.794324 velocity_parameter=-0.517333 elapsed=9.53658s written=4
  crossing 0/250
  stopped velocity row 28 IC 352 x0=0.794324 velocity_parameter=-0.517333 status=outer_limit: trajectory reached the configured outer_limit radius
velocity row 28/120 IC 360/599 x0=0.794898 velocity_parameter=-0.517333 elapsed=9.61398s written=4
  crossing 0/250
  stopped velocity row 28 IC 360 x0=0.794898 velocity_parameter=-0.517333 status=outer_limit: trajectory reached the configured outer_limit radius
velocity row 29/120 IC 342/599 x0=0.793606 velocity_parameter=-0.501167 elapsed=9.6241s written=4
  crossing 0/250
  stopped velocity row 29 IC 342 x0=0.793606 velocity_parameter=-0.501167 status=outer_limit: trajectory reached the configured outer_limit radius
velocity row 29/120 IC 352/599 x0=0.794324 velocity_parameter=-0.501167 elapsed=9.72571s written=4
  crossing 0/250
  stopped velocity row 29 IC 352 x0=0.794324 velocity_parameter=-0.501167 status=outer_limit: trajectory reached the configured outer_limit radius
velocity row 29/120 IC 360/599 x0=0.794898 velocity_parameter=-0.501167 elapsed=9.79675s written=4
  crossing 0/250
  stopped velocity row 29 IC 360 x0=0.794898 velocity_parameter=-0.501167 status=outer_limit: trajectory reached the configured outer_limit radius
velocity row 30/120 IC 342/599 x0=0.793606 velocity_parameter=-0.485 elapsed=9.80531s written=4
  crossing 0/250
  stopped velocity row 30 IC 342 x0=0.793606 velocity_parameter=-0.485 status=outer_limit: trajectory reached the configured outer_limit radius
velocity row 30/120 IC 352/599 x0=0.794324 velocity_parameter=-0.485 elapsed=9.89555s written=4
  crossing 0/250
  stopped velocity row 30 IC 352 x0=0.794324 velocity_parameter=-0.485 status=outer_limit: trajectory reached the configured outer_limit radius
velocity row 30/120 IC 360/599 x0=0.794898 velocity_parameter=-0.485 elapsed=9.97587s written=4
  crossing 0/250
  stopped velocity row 30 IC 360 x0=0.794898 velocity_parameter=-0.485 status=outer_limit: trajectory reached the configured outer_limit radius
velocity row 31/120 IC 342/599 x0=0.793606 velocity_parameter=-0.468833 elapsed=9.98494s written=4
  crossing 0/250
  stopped velocity row 31 IC 342 x0=0.793606 velocity_parameter=-0.468833 status=outer_limit: trajectory reached the configured outer_limit radius
velocity row 31/120 IC 352/599 x0=0.794324 velocity_parameter=-0.468833 elapsed=10.0821s written=4
  crossing 0/250
  stopped velocity row 31 IC 352 x0=0.794324 velocity_parameter=-0.468833 status=outer_limit: trajectory reached the configured outer_limit radius
velocity row 31/120 IC 360/599 x0=0.794898 velocity_parameter=-0.468833 elapsed=10.1661s written=4
  crossing 0/250
  stopped velocity row 31 IC 360 x0=0.794898 velocity_parameter=-0.468833 status=outer_limit: trajectory reached the configured outer_limit radius
velocity row 32/120 IC 342/599 x0=0.793606 velocity_parameter=-0.452667 elapsed=10.1802s written=4
  crossing 0/250
  stopped velocity row 32 IC 342 x0=0.793606 velocity_parameter=-0.452667 status=outer_limit: trajectory reached the configured outer_limit radius
velocity row 32/120 IC 352/599 x0=0.794324 velocity_parameter=-0.452667 elapsed=10.2862s written=4
  crossing 0/250
  stopped velocity row 32 IC 352 x0=0.794324 velocity_parameter=-0.452667 status=outer_limit: trajectory reached the configured outer_limit radius
velocity row 32/120 IC 360/599 x0=0.794898 velocity_parameter=-0.452667 elapsed=10.3658s written=4
  crossing 0/250
  stopped velocity row 32 IC 360 x0=0.794898 velocity_parameter=-0.452667 status=outer_limit: trajectory reached the configured outer_limit radius
velocity row 33/120 IC 342/599 x0=0.793606 velocity_parameter=-0.4365 elapsed=10.3736s written=4
  crossing 0/250
  stopped velocity row 33 IC 342 x0=0.793606 velocity_parameter=-0.4365 status=outer_limit: trajectory reached the configured outer_limit radius
velocity row 33/120 IC 352/599 x0=0.794324 velocity_parameter=-0.4365 elapsed=10.4606s written=4
  crossing 0/250
  stopped velocity row 33 IC 352 x0=0.794324 velocity_parameter=-0.4365 status=outer_limit: trajectory reached the configured outer_limit radius
velocity row 33/120 IC 360/599 x0=0.794898 velocity_parameter=-0.4365 elapsed=10.531s written=4
  crossing 0/250
  stopped velocity row 33 IC 360 x0=0.794898 velocity_parameter=-0.4365 status=outer_limit: trajectory reached the configured outer_limit radius
velocity row 34/120 IC 342/599 x0=0.793606 velocity_parameter=-0.420333 elapsed=10.5392s written=4
  crossing 0/250
  stopped velocity row 34 IC 342 x0=0.793606 velocity_parameter=-0.420333 status=outer_limit: trajectory reached the configured outer_limit radius
velocity row 34/120 IC 352/599 x0=0.794324 velocity_parameter=-0.420333 elapsed=10.6317s written=4
  crossing 0/250
  stopped velocity row 34 IC 352 x0=0.794324 velocity_parameter=-0.420333 status=outer_limit: trajectory reached the configured outer_limit radius
velocity row 34/120 IC 360/599 x0=0.794898 velocity_parameter=-0.420333 elapsed=10.7054s written=4
  crossing 0/250
  stopped velocity row 34 IC 360 x0=0.794898 velocity_parameter=-0.420333 status=outer_limit: trajectory reached the configured outer_limit radius
velocity row 35/120 IC 342/599 x0=0.793606 velocity_parameter=-0.404167 elapsed=10.7162s written=4
  crossing 0/250
  stopped velocity row 35 IC 342 x0=0.793606 velocity_parameter=-0.404167 status=outer_limit: trajectory reached the configured outer_limit radius
velocity row 35/120 IC 352/599 x0=0.794324 velocity_parameter=-0.404167 elapsed=10.8238s written=4
  crossing 0/250
  stopped velocity row 35 IC 352 x0=0.794324 velocity_parameter=-0.404167 status=outer_limit: trajectory reached the configured outer_limit radius
velocity row 35/120 IC 360/599 x0=0.794898 velocity_parameter=-0.404167 elapsed=10.8912s written=4
  crossing 0/250
  stopped velocity row 35 IC 360 x0=0.794898 velocity_parameter=-0.404167 status=outer_limit: trajectory reached the configured outer_limit radius
velocity row 36/120 IC 342/599 x0=0.793606 velocity_parameter=-0.388 elapsed=10.8999s written=4
  crossing 0/250
  stopped velocity row 36 IC 342 x0=0.793606 velocity_parameter=-0.388 status=outer_limit: trajectory reached the configured outer_limit radius
velocity row 36/120 IC 352/599 x0=0.794324 velocity_parameter=-0.388 elapsed=10.9926s written=4
  crossing 0/250
  stopped velocity row 36 IC 352 x0=0.794324 velocity_parameter=-0.388 status=outer_limit: trajectory reached the configured outer_limit radius
velocity row 36/120 IC 360/599 x0=0.794898 velocity_parameter=-0.388 elapsed=11.0572s written=4
  crossing 0/250
  stopped velocity row 36 IC 360 x0=0.794898 velocity_parameter=-0.388 status=outer_limit: trajectory reached the configured outer_limit radius
velocity row 37/120 IC 342/599 x0=0.793606 velocity_parameter=-0.371833 elapsed=11.0654s written=4
  crossing 0/250
  stopped velocity row 37 IC 342 x0=0.793606 velocity_parameter=-0.371833 status=outer_limit: trajectory reached the configured outer_limit radius
velocity row 37/120 IC 352/599 x0=0.794324 velocity_parameter=-0.371833 elapsed=11.1528s written=4
  crossing 0/250
  stopped velocity row 37 IC 352 x0=0.794324 velocity_parameter=-0.371833 status=outer_limit: trajectory reached the configured outer_limit radius
velocity row 37/120 IC 360/599 x0=0.794898 velocity_parameter=-0.371833 elapsed=11.2221s written=4
  crossing 0/250
  stopped velocity row 37 IC 360 x0=0.794898 velocity_parameter=-0.371833 status=outer_limit: trajectory reached the configured outer_limit radius
velocity row 38/120 IC 342/599 x0=0.793606 velocity_parameter=-0.355667 elapsed=11.2294s written=4
  crossing 0/250
  stopped velocity row 38 IC 342 x0=0.793606 velocity_parameter=-0.355667 status=outer_limit: trajectory reached the configured outer_limit radius
velocity row 38/120 IC 352/599 x0=0.794324 velocity_parameter=-0.355667 elapsed=11.3175s written=4
  crossing 0/250
  stopped velocity row 38 IC 352 x0=0.794324 velocity_parameter=-0.355667 status=outer_limit: trajectory reached the configured outer_limit radius
velocity row 38/120 IC 360/599 x0=0.794898 velocity_parameter=-0.355667 elapsed=11.3841s written=4
  crossing 0/250
  stopped velocity row 38 IC 360 x0=0.794898 velocity_parameter=-0.355667 status=outer_limit: trajectory reached the configured outer_limit radius
velocity row 39/120 IC 342/599 x0=0.793606 velocity_parameter=-0.3395 elapsed=11.393s written=4
  crossing 0/250
  stopped velocity row 39 IC 342 x0=0.793606 velocity_parameter=-0.3395 status=outer_limit: trajectory reached the configured outer_limit radius
velocity row 39/120 IC 352/599 x0=0.794324 velocity_parameter=-0.3395 elapsed=11.4727s written=4
  crossing 0/250
  stopped velocity row 39 IC 352 x0=0.794324 velocity_parameter=-0.3395 status=outer_limit: trajectory reached the configured outer_limit radius
velocity row 39/120 IC 360/599 x0=0.794898 velocity_parameter=-0.3395 elapsed=11.5404s written=4
  crossing 0/250
  stopped velocity row 39 IC 360 x0=0.794898 velocity_parameter=-0.3395 status=outer_limit: trajectory reached the configured outer_limit radius
velocity row 40/120 IC 342/599 x0=0.793606 velocity_parameter=-0.323333 elapsed=11.5489s written=4
  crossing 0/250
  stopped velocity row 40 IC 342 x0=0.793606 velocity_parameter=-0.323333 status=outer_limit: trajectory reached the configured outer_limit radius
velocity row 40/120 IC 352/599 x0=0.794324 velocity_parameter=-0.323333 elapsed=11.6371s written=4
  crossing 0/250
  stopped velocity row 40 IC 352 x0=0.794324 velocity_parameter=-0.323333 status=outer_limit: trajectory reached the configured outer_limit radius
velocity row 40/120 IC 360/599 x0=0.794898 velocity_parameter=-0.323333 elapsed=11.7033s written=4
  crossing 0/250
  stopped velocity row 40 IC 360 x0=0.794898 velocity_parameter=-0.323333 status=outer_limit: trajectory reached the configured outer_limit radius
velocity row 41/120 IC 342/599 x0=0.793606 velocity_parameter=-0.307167 elapsed=11.7124s written=4
  crossing 0/250
  stopped velocity row 41 IC 342 x0=0.793606 velocity_parameter=-0.307167 status=outer_limit: trajectory reached the configured outer_limit radius
velocity row 41/120 IC 352/599 x0=0.794324 velocity_parameter=-0.307167 elapsed=11.799s written=4
  crossing 0/250
  stopped velocity row 41 IC 352 x0=0.794324 velocity_parameter=-0.307167 status=outer_limit: trajectory reached the configured outer_limit radius
velocity row 41/120 IC 360/599 x0=0.794898 velocity_parameter=-0.307167 elapsed=11.8647s written=4
  crossing 0/250
  stopped velocity row 41 IC 360 x0=0.794898 velocity_parameter=-0.307167 status=outer_limit: trajectory reached the configured outer_limit radius
velocity row 42/120 IC 342/599 x0=0.793606 velocity_parameter=-0.291 elapsed=11.8733s written=4
  crossing 0/250
  stopped velocity row 42 IC 342 x0=0.793606 velocity_parameter=-0.291 status=outer_limit: trajectory reached the configured outer_limit radius
velocity row 42/120 IC 352/599 x0=0.794324 velocity_parameter=-0.291 elapsed=11.957s written=4
  crossing 0/250
  stopped velocity row 42 IC 352 x0=0.794324 velocity_parameter=-0.291 status=outer_limit: trajectory reached the configured outer_limit radius
velocity row 42/120 IC 360/599 x0=0.794898 velocity_parameter=-0.291 elapsed=12.0225s written=4
  crossing 0/250
  stopped velocity row 42 IC 360 x0=0.794898 velocity_parameter=-0.291 status=outer_limit: trajectory reached the configured outer_limit radius
velocity row 43/120 IC 342/599 x0=0.793606 velocity_parameter=-0.274833 elapsed=12.0311s written=4
  crossing 0/250
  stopped velocity row 43 IC 342 x0=0.793606 velocity_parameter=-0.274833 status=outer_limit: trajectory reached the configured outer_limit radius
velocity row 43/120 IC 352/599 x0=0.794324 velocity_parameter=-0.274833 elapsed=12.1177s written=4
  crossing 0/250
  stopped velocity row 43 IC 352 x0=0.794324 velocity_parameter=-0.274833 status=outer_limit: trajectory reached the configured outer_limit radius
velocity row 43/120 IC 360/599 x0=0.794898 velocity_parameter=-0.274833 elapsed=12.188s written=4
  crossing 0/250
  stopped velocity row 43 IC 360 x0=0.794898 velocity_parameter=-0.274833 status=outer_limit: trajectory reached the configured outer_limit radius
velocity row 44/120 IC 342/599 x0=0.793606 velocity_parameter=-0.258667 elapsed=12.1972s written=4
  crossing 0/250
  stopped velocity row 44 IC 342 x0=0.793606 velocity_parameter=-0.258667 status=outer_limit: trajectory reached the configured outer_limit radius
velocity row 44/120 IC 352/599 x0=0.794324 velocity_parameter=-0.258667 elapsed=12.2906s written=4
  crossing 0/250
  stopped velocity row 44 IC 352 x0=0.794324 velocity_parameter=-0.258667 status=outer_limit: trajectory reached the configured outer_limit radius
velocity row 44/120 IC 360/599 x0=0.794898 velocity_parameter=-0.258667 elapsed=12.3562s written=4
  crossing 0/250
  stopped velocity row 44 IC 360 x0=0.794898 velocity_parameter=-0.258667 status=outer_limit: trajectory reached the configured outer_limit radius
velocity row 45/120 IC 342/599 x0=0.793606 velocity_parameter=-0.2425 elapsed=12.3638s written=4
  crossing 0/250
  stopped velocity row 45 IC 342 x0=0.793606 velocity_parameter=-0.2425 status=outer_limit: trajectory reached the configured outer_limit radius
velocity row 45/120 IC 352/599 x0=0.794324 velocity_parameter=-0.2425 elapsed=12.4464s written=4
  crossing 0/250
  stopped velocity row 45 IC 352 x0=0.794324 velocity_parameter=-0.2425 status=outer_limit: trajectory reached the configured outer_limit radius
velocity row 45/120 IC 360/599 x0=0.794898 velocity_parameter=-0.2425 elapsed=12.5127s written=4
  crossing 0/250
  stopped velocity row 45 IC 360 x0=0.794898 velocity_parameter=-0.2425 status=outer_limit: trajectory reached the configured outer_limit radius
velocity row 46/120 IC 342/599 x0=0.793606 velocity_parameter=-0.226333 elapsed=12.524s written=4
  crossing 0/250
  stopped velocity row 46 IC 342 x0=0.793606 velocity_parameter=-0.226333 status=outer_limit: trajectory reached the configured outer_limit radius
velocity row 46/120 IC 352/599 x0=0.794324 velocity_parameter=-0.226333 elapsed=12.6084s written=4
  crossing 0/250
  stopped velocity row 46 IC 352 x0=0.794324 velocity_parameter=-0.226333 status=outer_limit: trajectory reached the configured outer_limit radius
velocity row 46/120 IC 360/599 x0=0.794898 velocity_parameter=-0.226333 elapsed=12.6745s written=4
  crossing 0/250
  stopped velocity row 46 IC 360 x0=0.794898 velocity_parameter=-0.226333 status=outer_limit: trajectory reached the configured outer_limit radius
velocity row 47/120 IC 342/599 x0=0.793606 velocity_parameter=-0.210167 elapsed=12.6826s written=4
  crossing 0/250
  stopped velocity row 47 IC 342 x0=0.793606 velocity_parameter=-0.210167 status=outer_limit: trajectory reached the configured outer_limit radius
velocity row 47/120 IC 352/599 x0=0.794324 velocity_parameter=-0.210167 elapsed=12.7627s written=4
  crossing 0/250
  stopped velocity row 47 IC 352 x0=0.794324 velocity_parameter=-0.210167 status=outer_limit: trajectory reached the configured outer_limit radius
velocity row 47/120 IC 360/599 x0=0.794898 velocity_parameter=-0.210167 elapsed=12.8323s written=4
  crossing 0/250
  stopped velocity row 47 IC 360 x0=0.794898 velocity_parameter=-0.210167 status=outer_limit: trajectory reached the configured outer_limit radius
velocity row 48/120 IC 342/599 x0=0.793606 velocity_parameter=-0.194 elapsed=12.8415s written=4
  crossing 0/250
  stopped velocity row 48 IC 342 x0=0.793606 velocity_parameter=-0.194 status=outer_limit: trajectory reached the configured outer_limit radius
velocity row 48/120 IC 352/599 x0=0.794324 velocity_parameter=-0.194 elapsed=12.9198s written=4
  crossing 0/250
  stopped velocity row 48 IC 352 x0=0.794324 velocity_parameter=-0.194 status=outer_limit: trajectory reached the configured outer_limit radius
velocity row 48/120 IC 360/599 x0=0.794898 velocity_parameter=-0.194 elapsed=12.9843s written=4
  crossing 0/250
  stopped velocity row 48 IC 360 x0=0.794898 velocity_parameter=-0.194 status=outer_limit: trajectory reached the configured outer_limit radius
velocity row 49/120 IC 342/599 x0=0.793606 velocity_parameter=-0.177833 elapsed=12.9916s written=4
  crossing 0/250
  stopped velocity row 49 IC 342 x0=0.793606 velocity_parameter=-0.177833 status=outer_limit: trajectory reached the configured outer_limit radius
velocity row 49/120 IC 352/599 x0=0.794324 velocity_parameter=-0.177833 elapsed=13.0767s written=4
  crossing 0/250
  stopped velocity row 49 IC 352 x0=0.794324 velocity_parameter=-0.177833 status=outer_limit: trajectory reached the configured outer_limit radius
velocity row 49/120 IC 360/599 x0=0.794898 velocity_parameter=-0.177833 elapsed=13.1396s written=4
  crossing 0/250
  stopped velocity row 49 IC 360 x0=0.794898 velocity_parameter=-0.177833 status=outer_limit: trajectory reached the configured outer_limit radius
velocity row 50/120 IC 342/599 x0=0.793606 velocity_parameter=-0.161667 elapsed=13.1482s written=4
  crossing 0/250
  stopped velocity row 50 IC 342 x0=0.793606 velocity_parameter=-0.161667 status=outer_limit: trajectory reached the configured outer_limit radius
velocity row 50/120 IC 352/599 x0=0.794324 velocity_parameter=-0.161667 elapsed=13.2305s written=4
  crossing 0/250
  stopped velocity row 50 IC 352 x0=0.794324 velocity_parameter=-0.161667 status=outer_limit: trajectory reached the configured outer_limit radius
velocity row 50/120 IC 360/599 x0=0.794898 velocity_parameter=-0.161667 elapsed=13.3015s written=4
  crossing 0/250
  stopped velocity row 50 IC 360 x0=0.794898 velocity_parameter=-0.161667 status=outer_limit: trajectory reached the configured outer_limit radius
velocity row 51/120 IC 342/599 x0=0.793606 velocity_parameter=-0.1455 elapsed=13.3092s written=4
  crossing 0/250
  stopped velocity row 51 IC 342 x0=0.793606 velocity_parameter=-0.1455 status=outer_limit: trajectory reached the configured outer_limit radius
velocity row 51/120 IC 352/599 x0=0.794324 velocity_parameter=-0.1455 elapsed=13.3971s written=4
  crossing 0/250
  stopped velocity row 51 IC 352 x0=0.794324 velocity_parameter=-0.1455 status=outer_limit: trajectory reached the configured outer_limit radius
velocity row 51/120 IC 360/599 x0=0.794898 velocity_parameter=-0.1455 elapsed=13.4798s written=4
  crossing 0/250
  stopped velocity row 51 IC 360 x0=0.794898 velocity_parameter=-0.1455 status=outer_limit: trajectory reached the configured outer_limit radius
velocity row 52/120 IC 342/599 x0=0.793606 velocity_parameter=-0.129333 elapsed=13.4889s written=4
  crossing 0/250
  stopped velocity row 52 IC 342 x0=0.793606 velocity_parameter=-0.129333 status=outer_limit: trajectory reached the configured outer_limit radius
velocity row 52/120 IC 352/599 x0=0.794324 velocity_parameter=-0.129333 elapsed=13.5892s written=4
  crossing 0/250
  stopped velocity row 52 IC 352 x0=0.794324 velocity_parameter=-0.129333 status=outer_limit: trajectory reached the configured outer_limit radius
velocity row 52/120 IC 360/599 x0=0.794898 velocity_parameter=-0.129333 elapsed=13.6813s written=4
  crossing 0/250
  stopped velocity row 52 IC 360 x0=0.794898 velocity_parameter=-0.129333 status=outer_limit: trajectory reached the configured outer_limit radius
velocity row 53/120 IC 342/599 x0=0.793606 velocity_parameter=-0.113167 elapsed=13.6895s written=4
  crossing 0/250
  stopped velocity row 53 IC 342 x0=0.793606 velocity_parameter=-0.113167 status=outer_limit: trajectory reached the configured outer_limit radius
velocity row 53/120 IC 352/599 x0=0.794324 velocity_parameter=-0.113167 elapsed=13.7722s written=4
  crossing 0/250
  stopped velocity row 53 IC 352 x0=0.794324 velocity_parameter=-0.113167 status=outer_limit: trajectory reached the configured outer_limit radius
velocity row 53/120 IC 360/599 x0=0.794898 velocity_parameter=-0.113167 elapsed=13.8342s written=4
  crossing 0/250
  stopped velocity row 53 IC 360 x0=0.794898 velocity_parameter=-0.113167 status=outer_limit: trajectory reached the configured outer_limit radius
velocity row 54/120 IC 342/599 x0=0.793606 velocity_parameter=-0.097 elapsed=13.8419s written=4
  crossing 0/250
  stopped velocity row 54 IC 342 x0=0.793606 velocity_parameter=-0.097 status=outer_limit: trajectory reached the configured outer_limit radius
velocity row 54/120 IC 352/599 x0=0.794324 velocity_parameter=-0.097 elapsed=13.9191s written=4
  crossing 0/250
  stopped velocity row 54 IC 352 x0=0.794324 velocity_parameter=-0.097 status=outer_limit: trajectory reached the configured outer_limit radius
velocity row 54/120 IC 360/599 x0=0.794898 velocity_parameter=-0.097 elapsed=13.9824s written=4
  crossing 0/250
  stopped velocity row 54 IC 360 x0=0.794898 velocity_parameter=-0.097 status=outer_limit: trajectory reached the configured outer_limit radius
velocity row 55/120 IC 342/599 x0=0.793606 velocity_parameter=-0.0808333 elapsed=13.9896s written=4
  crossing 0/250
  stopped velocity row 55 IC 342 x0=0.793606 velocity_parameter=-0.0808333 status=outer_limit: trajectory reached the configured outer_limit radius
velocity row 55/120 IC 352/599 x0=0.794324 velocity_parameter=-0.0808333 elapsed=14.0649s written=4
  crossing 0/250
  stopped velocity row 55 IC 352 x0=0.794324 velocity_parameter=-0.0808333 status=outer_limit: trajectory reached the configured outer_limit radius
velocity row 55/120 IC 360/599 x0=0.794898 velocity_parameter=-0.0808333 elapsed=14.1245s written=4
  crossing 0/250
  stopped velocity row 55 IC 360 x0=0.794898 velocity_parameter=-0.0808333 status=outer_limit: trajectory reached the configured outer_limit radius
velocity row 56/120 IC 342/599 x0=0.793606 velocity_parameter=-0.0646667 elapsed=14.1321s written=4
  crossing 0/250
  stopped velocity row 56 IC 342 x0=0.793606 velocity_parameter=-0.0646667 status=outer_limit: trajectory reached the configured outer_limit radius
velocity row 56/120 IC 352/599 x0=0.794324 velocity_parameter=-0.0646667 elapsed=14.2108s written=4
  crossing 0/250
  stopped velocity row 56 IC 352 x0=0.794324 velocity_parameter=-0.0646667 status=outer_limit: trajectory reached the configured outer_limit radius
velocity row 56/120 IC 360/599 x0=0.794898 velocity_parameter=-0.0646667 elapsed=14.266s written=4
  crossing 0/250
  stopped velocity row 56 IC 360 x0=0.794898 velocity_parameter=-0.0646667 status=outer_limit: trajectory reached the configured outer_limit radius
velocity row 57/120 IC 342/599 x0=0.793606 velocity_parameter=-0.0485 elapsed=14.2725s written=4
  crossing 0/250
  stopped velocity row 57 IC 342 x0=0.793606 velocity_parameter=-0.0485 status=outer_limit: trajectory reached the configured outer_limit radius
velocity row 57/120 IC 352/599 x0=0.794324 velocity_parameter=-0.0485 elapsed=14.3436s written=4
  crossing 0/250
  stopped velocity row 57 IC 352 x0=0.794324 velocity_parameter=-0.0485 status=outer_limit: trajectory reached the configured outer_limit radius
velocity row 57/120 IC 360/599 x0=0.794898 velocity_parameter=-0.0485 elapsed=14.4063s written=4
  crossing 0/250
  stopped velocity row 57 IC 360 x0=0.794898 velocity_parameter=-0.0485 status=outer_limit: trajectory reached the configured outer_limit radius
velocity row 58/120 IC 342/599 x0=0.793606 velocity_parameter=-0.0323333 elapsed=14.4135s written=4
  crossing 0/250
  stopped velocity row 58 IC 342 x0=0.793606 velocity_parameter=-0.0323333 status=outer_limit: trajectory reached the configured outer_limit radius
velocity row 58/120 IC 352/599 x0=0.794324 velocity_parameter=-0.0323333 elapsed=14.4859s written=4
  crossing 0/250
  stopped velocity row 58 IC 352 x0=0.794324 velocity_parameter=-0.0323333 status=outer_limit: trajectory reached the configured outer_limit radius
velocity row 58/120 IC 360/599 x0=0.794898 velocity_parameter=-0.0323333 elapsed=14.5446s written=4
  crossing 0/250
  stopped velocity row 58 IC 360 x0=0.794898 velocity_parameter=-0.0323333 status=outer_limit: trajectory reached the configured outer_limit radius
velocity row 59/120 IC 342/599 x0=0.793606 velocity_parameter=-0.0161667 elapsed=14.5512s written=4
  crossing 0/250
  stopped velocity row 59 IC 342 x0=0.793606 velocity_parameter=-0.0161667 status=outer_limit: trajectory reached the configured outer_limit radius
velocity row 59/120 IC 352/599 x0=0.794324 velocity_parameter=-0.0161667 elapsed=14.6233s written=4
  crossing 0/250
  stopped velocity row 59 IC 352 x0=0.794324 velocity_parameter=-0.0161667 status=outer_limit: trajectory reached the configured outer_limit radius
velocity row 59/120 IC 360/599 x0=0.794898 velocity_parameter=-0.0161667 elapsed=14.6808s written=4
  crossing 0/250
  stopped velocity row 59 IC 360 x0=0.794898 velocity_parameter=-0.0161667 status=outer_limit: trajectory reached the configured outer_limit radius
velocity row 60/120 IC 342/599 x0=0.793606 velocity_parameter=0 elapsed=14.688s written=4
  crossing 0/250
  stopped velocity row 60 IC 342 x0=0.793606 velocity_parameter=0 status=outer_limit: trajectory reached the configured outer_limit radius
velocity row 60/120 IC 352/599 x0=0.794324 velocity_parameter=0 elapsed=14.7586s written=4
  crossing 0/250
  stopped velocity row 60 IC 352 x0=0.794324 velocity_parameter=0 status=outer_limit: trajectory reached the configured outer_limit radius
velocity row 60/120 IC 360/599 x0=0.794898 velocity_parameter=0 elapsed=14.8177s written=4
  crossing 0/250
  stopped velocity row 60 IC 360 x0=0.794898 velocity_parameter=0 status=outer_limit: trajectory reached the configured outer_limit radius
velocity row 61/120 IC 342/599 x0=0.793606 velocity_parameter=0.0161667 elapsed=14.8247s written=4
  crossing 0/250
  stopped velocity row 61 IC 342 x0=0.793606 velocity_parameter=0.0161667 status=outer_limit: trajectory reached the configured outer_limit radius
velocity row 61/120 IC 352/599 x0=0.794324 velocity_parameter=0.0161667 elapsed=14.8915s written=4
  crossing 0/250
  stopped velocity row 61 IC 352 x0=0.794324 velocity_parameter=0.0161667 status=outer_limit: trajectory reached the configured outer_limit radius
velocity row 61/120 IC 360/599 x0=0.794898 velocity_parameter=0.0161667 elapsed=14.9454s written=4
  crossing 0/250
  stopped velocity row 61 IC 360 x0=0.794898 velocity_parameter=0.0161667 status=outer_limit: trajectory reached the configured outer_limit radius
velocity row 62/120 IC 342/599 x0=0.793606 velocity_parameter=0.0323333 elapsed=14.9528s written=4
  crossing 0/250
  stopped velocity row 62 IC 342 x0=0.793606 velocity_parameter=0.0323333 status=outer_limit: trajectory reached the configured outer_limit radius
velocity row 62/120 IC 352/599 x0=0.794324 velocity_parameter=0.0323333 elapsed=15.0147s written=4
  crossing 0/250
  stopped velocity row 62 IC 352 x0=0.794324 velocity_parameter=0.0323333 status=outer_limit: trajectory reached the configured outer_limit radius
velocity row 62/120 IC 360/599 x0=0.794898 velocity_parameter=0.0323333 elapsed=15.0697s written=4
  crossing 0/250
  stopped velocity row 62 IC 360 x0=0.794898 velocity_parameter=0.0323333 status=outer_limit: trajectory reached the configured outer_limit radius
velocity row 63/120 IC 342/599 x0=0.793606 velocity_parameter=0.0485 elapsed=15.0766s written=4
  crossing 0/250
  stopped velocity row 63 IC 342 x0=0.793606 velocity_parameter=0.0485 status=outer_limit: trajectory reached the configured outer_limit radius
velocity row 63/120 IC 352/599 x0=0.794324 velocity_parameter=0.0485 elapsed=15.1417s written=4
  crossing 0/250
  stopped velocity row 63 IC 352 x0=0.794324 velocity_parameter=0.0485 status=outer_limit: trajectory reached the configured outer_limit radius
velocity row 63/120 IC 360/599 x0=0.794898 velocity_parameter=0.0485 elapsed=15.1913s written=4
  crossing 0/250
  stopped velocity row 63 IC 360 x0=0.794898 velocity_parameter=0.0485 status=outer_limit: trajectory reached the configured outer_limit radius
velocity row 64/120 IC 342/599 x0=0.793606 velocity_parameter=0.0646667 elapsed=15.1984s written=4
  crossing 0/250
  stopped velocity row 64 IC 342 x0=0.793606 velocity_parameter=0.0646667 status=outer_limit: trajectory reached the configured outer_limit radius
velocity row 64/120 IC 352/599 x0=0.794324 velocity_parameter=0.0646667 elapsed=15.2626s written=4
  crossing 0/250
  stopped velocity row 64 IC 352 x0=0.794324 velocity_parameter=0.0646667 status=outer_limit: trajectory reached the configured outer_limit radius
velocity row 64/120 IC 360/599 x0=0.794898 velocity_parameter=0.0646667 elapsed=15.3072s written=4
  crossing 0/250
  stopped velocity row 64 IC 360 x0=0.794898 velocity_parameter=0.0646667 status=outer_limit: trajectory reached the configured outer_limit radius
velocity row 65/120 IC 342/599 x0=0.793606 velocity_parameter=0.0808333 elapsed=15.3141s written=4
  crossing 0/250
  stopped velocity row 65 IC 342 x0=0.793606 velocity_parameter=0.0808333 status=outer_limit: trajectory reached the configured outer_limit radius
velocity row 65/120 IC 352/599 x0=0.794324 velocity_parameter=0.0808333 elapsed=15.3746s written=4
  crossing 0/250
  stopped velocity row 65 IC 352 x0=0.794324 velocity_parameter=0.0808333 status=outer_limit: trajectory reached the configured outer_limit radius
velocity row 65/120 IC 360/599 x0=0.794898 velocity_parameter=0.0808333 elapsed=15.4264s written=4
  crossing 0/250
  stopped velocity row 65 IC 360 x0=0.794898 velocity_parameter=0.0808333 status=outer_limit: trajectory reached the configured outer_limit radius
velocity row 66/120 IC 342/599 x0=0.793606 velocity_parameter=0.097 elapsed=15.433s written=4
  crossing 0/250
  stopped velocity row 66 IC 342 x0=0.793606 velocity_parameter=0.097 status=outer_limit: trajectory reached the configured outer_limit radius
velocity row 66/120 IC 352/599 x0=0.794324 velocity_parameter=0.097 elapsed=15.4875s written=4
  crossing 0/250
  stopped velocity row 66 IC 352 x0=0.794324 velocity_parameter=0.097 status=outer_limit: trajectory reached the configured outer_limit radius
velocity row 66/120 IC 360/599 x0=0.794898 velocity_parameter=0.097 elapsed=15.533s written=4
  crossing 0/250
  stopped velocity row 66 IC 360 x0=0.794898 velocity_parameter=0.097 status=outer_limit: trajectory reached the configured outer_limit radius
velocity row 67/120 IC 342/599 x0=0.793606 velocity_parameter=0.113167 elapsed=15.5392s written=4
  crossing 0/250
  stopped velocity row 67 IC 342 x0=0.793606 velocity_parameter=0.113167 status=outer_limit: trajectory reached the configured outer_limit radius
velocity row 67/120 IC 352/599 x0=0.794324 velocity_parameter=0.113167 elapsed=15.6033s written=4
  crossing 0/250
  stopped velocity row 67 IC 352 x0=0.794324 velocity_parameter=0.113167 status=outer_limit: trajectory reached the configured outer_limit radius
velocity row 67/120 IC 360/599 x0=0.794898 velocity_parameter=0.113167 elapsed=15.653s written=4
  crossing 0/250
  stopped velocity row 67 IC 360 x0=0.794898 velocity_parameter=0.113167 status=outer_limit: trajectory reached the configured outer_limit radius
velocity row 68/120 IC 342/599 x0=0.793606 velocity_parameter=0.129333 elapsed=15.6595s written=4
  crossing 0/250
  stopped velocity row 68 IC 342 x0=0.793606 velocity_parameter=0.129333 status=outer_limit: trajectory reached the configured outer_limit radius
velocity row 68/120 IC 352/599 x0=0.794324 velocity_parameter=0.129333 elapsed=15.7226s written=4
  crossing 0/250
  stopped velocity row 68 IC 352 x0=0.794324 velocity_parameter=0.129333 status=outer_limit: trajectory reached the configured outer_limit radius
velocity row 68/120 IC 360/599 x0=0.794898 velocity_parameter=0.129333 elapsed=15.7691s written=4
  crossing 0/250
  stopped velocity row 68 IC 360 x0=0.794898 velocity_parameter=0.129333 status=outer_limit: trajectory reached the configured outer_limit radius
velocity row 69/120 IC 342/599 x0=0.793606 velocity_parameter=0.1455 elapsed=15.7755s written=4
  crossing 0/250
  stopped velocity row 69 IC 342 x0=0.793606 velocity_parameter=0.1455 status=outer_limit: trajectory reached the configured outer_limit radius
velocity row 69/120 IC 352/599 x0=0.794324 velocity_parameter=0.1455 elapsed=15.8336s written=4
  crossing 0/250
  stopped velocity row 69 IC 352 x0=0.794324 velocity_parameter=0.1455 status=outer_limit: trajectory reached the configured outer_limit radius
velocity row 69/120 IC 360/599 x0=0.794898 velocity_parameter=0.1455 elapsed=15.8811s written=4
  crossing 0/250
  stopped velocity row 69 IC 360 x0=0.794898 velocity_parameter=0.1455 status=outer_limit: trajectory reached the configured outer_limit radius
velocity row 70/120 IC 342/599 x0=0.793606 velocity_parameter=0.161667 elapsed=15.8876s written=4
  crossing 0/250
  stopped velocity row 70 IC 342 x0=0.793606 velocity_parameter=0.161667 status=outer_limit: trajectory reached the configured outer_limit radius
velocity row 70/120 IC 352/599 x0=0.794324 velocity_parameter=0.161667 elapsed=15.9415s written=4
  crossing 0/250
  stopped velocity row 70 IC 352 x0=0.794324 velocity_parameter=0.161667 status=outer_limit: trajectory reached the configured outer_limit radius
velocity row 70/120 IC 360/599 x0=0.794898 velocity_parameter=0.161667 elapsed=15.9864s written=4
  crossing 0/250
  stopped velocity row 70 IC 360 x0=0.794898 velocity_parameter=0.161667 status=outer_limit: trajectory reached the configured outer_limit radius
velocity row 71/120 IC 342/599 x0=0.793606 velocity_parameter=0.177833 elapsed=15.9914s written=4
  crossing 0/250
  stopped velocity row 71 IC 342 x0=0.793606 velocity_parameter=0.177833 status=outer_limit: trajectory reached the configured outer_limit radius
velocity row 71/120 IC 352/599 x0=0.794324 velocity_parameter=0.177833 elapsed=16.0492s written=4
  crossing 0/250
  stopped velocity row 71 IC 352 x0=0.794324 velocity_parameter=0.177833 status=outer_limit: trajectory reached the configured outer_limit radius
velocity row 71/120 IC 360/599 x0=0.794898 velocity_parameter=0.177833 elapsed=16.0974s written=4
  crossing 0/250
  stopped velocity row 71 IC 360 x0=0.794898 velocity_parameter=0.177833 status=outer_limit: trajectory reached the configured outer_limit radius
velocity row 72/120 IC 342/599 x0=0.793606 velocity_parameter=0.194 elapsed=16.1042s written=4
  crossing 0/250
  stopped velocity row 72 IC 342 x0=0.793606 velocity_parameter=0.194 status=outer_limit: trajectory reached the configured outer_limit radius
velocity row 72/120 IC 352/599 x0=0.794324 velocity_parameter=0.194 elapsed=16.1669s written=4
  crossing 0/250
  stopped velocity row 72 IC 352 x0=0.794324 velocity_parameter=0.194 status=outer_limit: trajectory reached the configured outer_limit radius
velocity row 72/120 IC 360/599 x0=0.794898 velocity_parameter=0.194 elapsed=16.2172s written=4
  crossing 0/250
  stopped velocity row 72 IC 360 x0=0.794898 velocity_parameter=0.194 status=outer_limit: trajectory reached the configured outer_limit radius
velocity row 73/120 IC 342/599 x0=0.793606 velocity_parameter=0.210167 elapsed=16.2241s written=4
  crossing 0/250
  stopped velocity row 73 IC 342 x0=0.793606 velocity_parameter=0.210167 status=outer_limit: trajectory reached the configured outer_limit radius
velocity row 73/120 IC 352/599 x0=0.794324 velocity_parameter=0.210167 elapsed=16.2815s written=4
  crossing 0/250
  stopped velocity row 73 IC 352 x0=0.794324 velocity_parameter=0.210167 status=outer_limit: trajectory reached the configured outer_limit radius
velocity row 73/120 IC 360/599 x0=0.794898 velocity_parameter=0.210167 elapsed=16.3259s written=4
  crossing 0/250
  stopped velocity row 73 IC 360 x0=0.794898 velocity_parameter=0.210167 status=outer_limit: trajectory reached the configured outer_limit radius
velocity row 74/120 IC 342/599 x0=0.793606 velocity_parameter=0.226333 elapsed=16.3325s written=4
  crossing 0/250
  stopped velocity row 74 IC 342 x0=0.793606 velocity_parameter=0.226333 status=outer_limit: trajectory reached the configured outer_limit radius
velocity row 74/120 IC 352/599 x0=0.794324 velocity_parameter=0.226333 elapsed=16.3901s written=4
  crossing 0/250
  stopped velocity row 74 IC 352 x0=0.794324 velocity_parameter=0.226333 status=outer_limit: trajectory reached the configured outer_limit radius
velocity row 74/120 IC 360/599 x0=0.794898 velocity_parameter=0.226333 elapsed=16.436s written=4
  crossing 0/250
  stopped velocity row 74 IC 360 x0=0.794898 velocity_parameter=0.226333 status=outer_limit: trajectory reached the configured outer_limit radius
velocity row 75/120 IC 342/599 x0=0.793606 velocity_parameter=0.2425 elapsed=16.4424s written=4
  crossing 0/250
  stopped velocity row 75 IC 342 x0=0.793606 velocity_parameter=0.2425 status=outer_limit: trajectory reached the configured outer_limit radius
velocity row 75/120 IC 352/599 x0=0.794324 velocity_parameter=0.2425 elapsed=16.4905s written=4
  crossing 0/250
  stopped velocity row 75 IC 352 x0=0.794324 velocity_parameter=0.2425 status=outer_limit: trajectory reached the configured outer_limit radius
velocity row 75/120 IC 360/599 x0=0.794898 velocity_parameter=0.2425 elapsed=16.5375s written=4
  crossing 0/250
  stopped velocity row 75 IC 360 x0=0.794898 velocity_parameter=0.2425 status=outer_limit: trajectory reached the configured outer_limit radius
velocity row 76/120 IC 342/599 x0=0.793606 velocity_parameter=0.258667 elapsed=16.544s written=4
  crossing 0/250
  stopped velocity row 76 IC 342 x0=0.793606 velocity_parameter=0.258667 status=outer_limit: trajectory reached the configured outer_limit radius
velocity row 76/120 IC 352/599 x0=0.794324 velocity_parameter=0.258667 elapsed=16.6004s written=4
  crossing 0/250
  stopped velocity row 76 IC 352 x0=0.794324 velocity_parameter=0.258667 status=outer_limit: trajectory reached the configured outer_limit radius
velocity row 76/120 IC 360/599 x0=0.794898 velocity_parameter=0.258667 elapsed=16.647s written=4
  crossing 0/250
  stopped velocity row 76 IC 360 x0=0.794898 velocity_parameter=0.258667 status=outer_limit: trajectory reached the configured outer_limit radius
velocity row 77/120 IC 342/599 x0=0.793606 velocity_parameter=0.274833 elapsed=16.6514s written=4
  crossing 0/250
  stopped velocity row 77 IC 342 x0=0.793606 velocity_parameter=0.274833 status=outer_limit: trajectory reached the configured outer_limit radius
velocity row 77/120 IC 352/599 x0=0.794324 velocity_parameter=0.274833 elapsed=16.7053s written=4
  crossing 0/250
  stopped velocity row 77 IC 352 x0=0.794324 velocity_parameter=0.274833 status=outer_limit: trajectory reached the configured outer_limit radius
velocity row 77/120 IC 360/599 x0=0.794898 velocity_parameter=0.274833 elapsed=16.7479s written=4
  crossing 0/250
  stopped velocity row 77 IC 360 x0=0.794898 velocity_parameter=0.274833 status=outer_limit: trajectory reached the configured outer_limit radius
velocity row 78/120 IC 342/599 x0=0.793606 velocity_parameter=0.291 elapsed=16.7514s written=4
  crossing 0/250
  stopped velocity row 78 IC 342 x0=0.793606 velocity_parameter=0.291 status=outer_limit: trajectory reached the configured outer_limit radius
velocity row 78/120 IC 352/599 x0=0.794324 velocity_parameter=0.291 elapsed=16.7977s written=4
  crossing 0/250
  stopped velocity row 78 IC 352 x0=0.794324 velocity_parameter=0.291 status=outer_limit: trajectory reached the configured outer_limit radius
velocity row 78/120 IC 360/599 x0=0.794898 velocity_parameter=0.291 elapsed=16.8461s written=4
  crossing 0/250
  stopped velocity row 78 IC 360 x0=0.794898 velocity_parameter=0.291 status=outer_limit: trajectory reached the configured outer_limit radius
velocity row 79/120 IC 342/599 x0=0.793606 velocity_parameter=0.307167 elapsed=16.8532s written=4
  crossing 0/250
  stopped velocity row 79 IC 342 x0=0.793606 velocity_parameter=0.307167 status=outer_limit: trajectory reached the configured outer_limit radius
velocity row 79/120 IC 352/599 x0=0.794324 velocity_parameter=0.307167 elapsed=16.9137s written=4
  crossing 0/250
  stopped velocity row 79 IC 352 x0=0.794324 velocity_parameter=0.307167 status=outer_limit: trajectory reached the configured outer_limit radius
velocity row 79/120 IC 360/599 x0=0.794898 velocity_parameter=0.307167 elapsed=16.9553s written=4
  crossing 0/250
  stopped velocity row 79 IC 360 x0=0.794898 velocity_parameter=0.307167 status=outer_limit: trajectory reached the configured outer_limit radius
velocity row 80/120 IC 342/599 x0=0.793606 velocity_parameter=0.323333 elapsed=16.9612s written=4
  crossing 0/250
  stopped velocity row 80 IC 342 x0=0.793606 velocity_parameter=0.323333 status=outer_limit: trajectory reached the configured outer_limit radius
velocity row 80/120 IC 352/599 x0=0.794324 velocity_parameter=0.323333 elapsed=17.0184s written=4
  crossing 0/250
  stopped velocity row 80 IC 352 x0=0.794324 velocity_parameter=0.323333 status=outer_limit: trajectory reached the configured outer_limit radius
velocity row 80/120 IC 360/599 x0=0.794898 velocity_parameter=0.323333 elapsed=17.0612s written=4
  crossing 0/250
  stopped velocity row 80 IC 360 x0=0.794898 velocity_parameter=0.323333 status=outer_limit: trajectory reached the configured outer_limit radius
velocity row 81/120 IC 342/599 x0=0.793606 velocity_parameter=0.3395 elapsed=17.0666s written=4
  crossing 0/250
  stopped velocity row 81 IC 342 x0=0.793606 velocity_parameter=0.3395 status=outer_limit: trajectory reached the configured outer_limit radius
velocity row 81/120 IC 352/599 x0=0.794324 velocity_parameter=0.3395 elapsed=17.121s written=4
  crossing 0/250
  stopped velocity row 81 IC 352 x0=0.794324 velocity_parameter=0.3395 status=outer_limit: trajectory reached the configured outer_limit radius
velocity row 81/120 IC 360/599 x0=0.794898 velocity_parameter=0.3395 elapsed=17.1604s written=4
  crossing 0/250
  stopped velocity row 81 IC 360 x0=0.794898 velocity_parameter=0.3395 status=outer_limit: trajectory reached the configured outer_limit radius
velocity row 82/120 IC 342/599 x0=0.793606 velocity_parameter=0.355667 elapsed=17.1649s written=4
  crossing 0/250
  stopped velocity row 82 IC 342 x0=0.793606 velocity_parameter=0.355667 status=outer_limit: trajectory reached the configured outer_limit radius
velocity row 82/120 IC 352/599 x0=0.794324 velocity_parameter=0.355667 elapsed=17.2195s written=4
  crossing 0/250
  stopped velocity row 82 IC 352 x0=0.794324 velocity_parameter=0.355667 status=outer_limit: trajectory reached the configured outer_limit radius
velocity row 82/120 IC 360/599 x0=0.794898 velocity_parameter=0.355667 elapsed=17.2613s written=4
  crossing 0/250
  stopped velocity row 82 IC 360 x0=0.794898 velocity_parameter=0.355667 status=outer_limit: trajectory reached the configured outer_limit radius
velocity row 83/120 IC 342/599 x0=0.793606 velocity_parameter=0.371833 elapsed=17.2677s written=4
  crossing 0/250
  stopped velocity row 83 IC 342 x0=0.793606 velocity_parameter=0.371833 status=outer_limit: trajectory reached the configured outer_limit radius
velocity row 83/120 IC 352/599 x0=0.794324 velocity_parameter=0.371833 elapsed=17.3165s written=4
  crossing 0/250
  stopped velocity row 83 IC 352 x0=0.794324 velocity_parameter=0.371833 status=outer_limit: trajectory reached the configured outer_limit radius
velocity row 83/120 IC 360/599 x0=0.794898 velocity_parameter=0.371833 elapsed=17.3591s written=4
  crossing 0/250
  stopped velocity row 83 IC 360 x0=0.794898 velocity_parameter=0.371833 status=outer_limit: trajectory reached the configured outer_limit radius
velocity row 84/120 IC 342/599 x0=0.793606 velocity_parameter=0.388 elapsed=17.3648s written=4
  crossing 0/250
  stopped velocity row 84 IC 342 x0=0.793606 velocity_parameter=0.388 status=outer_limit: trajectory reached the configured outer_limit radius
velocity row 84/120 IC 352/599 x0=0.794324 velocity_parameter=0.388 elapsed=17.4208s written=4
  crossing 0/250
  stopped velocity row 84 IC 352 x0=0.794324 velocity_parameter=0.388 status=outer_limit: trajectory reached the configured outer_limit radius
velocity row 84/120 IC 360/599 x0=0.794898 velocity_parameter=0.388 elapsed=17.4621s written=4
  crossing 0/250
  stopped velocity row 84 IC 360 x0=0.794898 velocity_parameter=0.388 status=outer_limit: trajectory reached the configured outer_limit radius
velocity row 85/120 IC 342/599 x0=0.793606 velocity_parameter=0.404167 elapsed=17.4685s written=4
  crossing 0/250
  stopped velocity row 85 IC 342 x0=0.793606 velocity_parameter=0.404167 status=outer_limit: trajectory reached the configured outer_limit radius
velocity row 85/120 IC 352/599 x0=0.794324 velocity_parameter=0.404167 elapsed=17.5134s written=4
  crossing 0/250
  stopped velocity row 85 IC 352 x0=0.794324 velocity_parameter=0.404167 status=outer_limit: trajectory reached the configured outer_limit radius
velocity row 85/120 IC 360/599 x0=0.794898 velocity_parameter=0.404167 elapsed=17.5471s written=4
  crossing 0/250
  stopped velocity row 85 IC 360 x0=0.794898 velocity_parameter=0.404167 status=outer_limit: trajectory reached the configured outer_limit radius
velocity row 86/120 IC 342/599 x0=0.793606 velocity_parameter=0.420333 elapsed=17.5532s written=4
  crossing 0/250
  stopped velocity row 86 IC 342 x0=0.793606 velocity_parameter=0.420333 status=outer_limit: trajectory reached the configured outer_limit radius
velocity row 86/120 IC 352/599 x0=0.794324 velocity_parameter=0.420333 elapsed=17.6031s written=4
  crossing 0/250
  stopped velocity row 86 IC 352 x0=0.794324 velocity_parameter=0.420333 status=outer_limit: trajectory reached the configured outer_limit radius
velocity row 86/120 IC 360/599 x0=0.794898 velocity_parameter=0.420333 elapsed=17.6428s written=4
  crossing 0/250
  stopped velocity row 86 IC 360 x0=0.794898 velocity_parameter=0.420333 status=outer_limit: trajectory reached the configured outer_limit radius
velocity row 87/120 IC 342/599 x0=0.793606 velocity_parameter=0.4365 elapsed=17.6465s written=4
  crossing 0/250
  stopped velocity row 87 IC 342 x0=0.793606 velocity_parameter=0.4365 status=outer_limit: trajectory reached the configured outer_limit radius
velocity row 87/120 IC 352/599 x0=0.794324 velocity_parameter=0.4365 elapsed=17.6976s written=4
  crossing 0/250
  stopped velocity row 87 IC 352 x0=0.794324 velocity_parameter=0.4365 status=outer_limit: trajectory reached the configured outer_limit radius
velocity row 87/120 IC 360/599 x0=0.794898 velocity_parameter=0.4365 elapsed=17.7389s written=4
  crossing 0/250
  stopped velocity row 87 IC 360 x0=0.794898 velocity_parameter=0.4365 status=outer_limit: trajectory reached the configured outer_limit radius
velocity row 88/120 IC 342/599 x0=0.793606 velocity_parameter=0.452667 elapsed=17.7449s written=4
  crossing 0/250
  stopped velocity row 88 IC 342 x0=0.793606 velocity_parameter=0.452667 status=outer_limit: trajectory reached the configured outer_limit radius
velocity row 88/120 IC 352/599 x0=0.794324 velocity_parameter=0.452667 elapsed=17.7909s written=4
  crossing 0/250
  stopped velocity row 88 IC 352 x0=0.794324 velocity_parameter=0.452667 status=outer_limit: trajectory reached the configured outer_limit radius
velocity row 88/120 IC 360/599 x0=0.794898 velocity_parameter=0.452667 elapsed=17.8295s written=4
  crossing 0/250
  stopped velocity row 88 IC 360 x0=0.794898 velocity_parameter=0.452667 status=outer_limit: trajectory reached the configured outer_limit radius
velocity row 89/120 IC 342/599 x0=0.793606 velocity_parameter=0.468833 elapsed=17.8333s written=4
  crossing 0/250
  stopped velocity row 89 IC 342 x0=0.793606 velocity_parameter=0.468833 status=outer_limit: trajectory reached the configured outer_limit radius
velocity row 89/120 IC 352/599 x0=0.794324 velocity_parameter=0.468833 elapsed=17.8807s written=4
  crossing 0/250
  stopped velocity row 89 IC 352 x0=0.794324 velocity_parameter=0.468833 status=outer_limit: trajectory reached the configured outer_limit radius
velocity row 89/120 IC 360/599 x0=0.794898 velocity_parameter=0.468833 elapsed=17.9224s written=4
  crossing 0/250
  stopped velocity row 89 IC 360 x0=0.794898 velocity_parameter=0.468833 status=outer_limit: trajectory reached the configured outer_limit radius
velocity row 90/120 IC 342/599 x0=0.793606 velocity_parameter=0.485 elapsed=17.9282s written=4
  crossing 0/250
  stopped velocity row 90 IC 342 x0=0.793606 velocity_parameter=0.485 status=outer_limit: trajectory reached the configured outer_limit radius
velocity row 90/120 IC 352/599 x0=0.794324 velocity_parameter=0.485 elapsed=17.9752s written=4
  crossing 0/250
  stopped velocity row 90 IC 352 x0=0.794324 velocity_parameter=0.485 status=outer_limit: trajectory reached the configured outer_limit radius
velocity row 90/120 IC 360/599 x0=0.794898 velocity_parameter=0.485 elapsed=18.0182s written=4
  crossing 0/250
  stopped velocity row 90 IC 360 x0=0.794898 velocity_parameter=0.485 status=outer_limit: trajectory reached the configured outer_limit radius
velocity row 91/120 IC 342/599 x0=0.793606 velocity_parameter=0.501167 elapsed=18.0217s written=4
  crossing 0/250
  stopped velocity row 91 IC 342 x0=0.793606 velocity_parameter=0.501167 status=outer_limit: trajectory reached the configured outer_limit radius
velocity row 91/120 IC 352/599 x0=0.794324 velocity_parameter=0.501167 elapsed=18.0714s written=4
  crossing 0/250
  stopped velocity row 91 IC 352 x0=0.794324 velocity_parameter=0.501167 status=outer_limit: trajectory reached the configured outer_limit radius
velocity row 91/120 IC 360/599 x0=0.794898 velocity_parameter=0.501167 elapsed=18.1113s written=4
  crossing 0/250
  stopped velocity row 91 IC 360 x0=0.794898 velocity_parameter=0.501167 status=outer_limit: trajectory reached the configured outer_limit radius
velocity row 92/120 IC 342/599 x0=0.793606 velocity_parameter=0.517333 elapsed=18.1176s written=4
  crossing 0/250
  stopped velocity row 92 IC 342 x0=0.793606 velocity_parameter=0.517333 status=outer_limit: trajectory reached the configured outer_limit radius
velocity row 92/120 IC 352/599 x0=0.794324 velocity_parameter=0.517333 elapsed=18.1631s written=4
  crossing 0/250
  stopped velocity row 92 IC 352 x0=0.794324 velocity_parameter=0.517333 status=outer_limit: trajectory reached the configured outer_limit radius
velocity row 92/120 IC 360/599 x0=0.794898 velocity_parameter=0.517333 elapsed=18.2033s written=4
  crossing 0/250
  stopped velocity row 92 IC 360 x0=0.794898 velocity_parameter=0.517333 status=outer_limit: trajectory reached the configured outer_limit radius
velocity row 93/120 IC 342/599 x0=0.793606 velocity_parameter=0.5335 elapsed=18.2088s written=4
  crossing 0/250
  stopped velocity row 93 IC 342 x0=0.793606 velocity_parameter=0.5335 status=outer_limit: trajectory reached the configured outer_limit radius
velocity row 93/120 IC 352/599 x0=0.794324 velocity_parameter=0.5335 elapsed=18.2586s written=4
  crossing 0/250
  stopped velocity row 93 IC 352 x0=0.794324 velocity_parameter=0.5335 status=outer_limit: trajectory reached the configured outer_limit radius
velocity row 93/120 IC 360/599 x0=0.794898 velocity_parameter=0.5335 elapsed=18.2968s written=4
  crossing 0/250
  stopped velocity row 93 IC 360 x0=0.794898 velocity_parameter=0.5335 status=outer_limit: trajectory reached the configured outer_limit radius
velocity row 94/120 IC 342/599 x0=0.793606 velocity_parameter=0.549667 elapsed=18.3004s written=4
  crossing 0/250
  stopped velocity row 94 IC 342 x0=0.793606 velocity_parameter=0.549667 status=outer_limit: trajectory reached the configured outer_limit radius
velocity row 94/120 IC 352/599 x0=0.794324 velocity_parameter=0.549667 elapsed=18.3467s written=4
  crossing 0/250
  stopped velocity row 94 IC 352 x0=0.794324 velocity_parameter=0.549667 status=outer_limit: trajectory reached the configured outer_limit radius
velocity row 94/120 IC 360/599 x0=0.794898 velocity_parameter=0.549667 elapsed=18.3794s written=4
  crossing 0/250
  stopped velocity row 94 IC 360 x0=0.794898 velocity_parameter=0.549667 status=outer_limit: trajectory reached the configured outer_limit radius
velocity row 95/120 IC 342/599 x0=0.793606 velocity_parameter=0.565833 elapsed=18.3831s written=4
  crossing 0/250
  stopped velocity row 95 IC 342 x0=0.793606 velocity_parameter=0.565833 status=outer_limit: trajectory reached the configured outer_limit radius
velocity row 95/120 IC 352/599 x0=0.794324 velocity_parameter=0.565833 elapsed=18.4305s written=4
  crossing 0/250
  stopped velocity row 95 IC 352 x0=0.794324 velocity_parameter=0.565833 status=outer_limit: trajectory reached the configured outer_limit radius
velocity row 95/120 IC 360/599 x0=0.794898 velocity_parameter=0.565833 elapsed=18.4629s written=4
  crossing 0/250
  stopped velocity row 95 IC 360 x0=0.794898 velocity_parameter=0.565833 status=outer_limit: trajectory reached the configured outer_limit radius
velocity row 96/120 IC 342/599 x0=0.793606 velocity_parameter=0.582 elapsed=18.468s written=4
  crossing 0/250
  stopped velocity row 96 IC 342 x0=0.793606 velocity_parameter=0.582 status=outer_limit: trajectory reached the configured outer_limit radius
velocity row 96/120 IC 352/599 x0=0.794324 velocity_parameter=0.582 elapsed=18.5143s written=4
  crossing 0/250
  stopped velocity row 96 IC 352 x0=0.794324 velocity_parameter=0.582 status=outer_limit: trajectory reached the configured outer_limit radius
velocity row 96/120 IC 360/599 x0=0.794898 velocity_parameter=0.582 elapsed=18.5479s written=4
  crossing 0/250
  stopped velocity row 96 IC 360 x0=0.794898 velocity_parameter=0.582 status=outer_limit: trajectory reached the configured outer_limit radius
velocity row 97/120 IC 342/599 x0=0.793606 velocity_parameter=0.598167 elapsed=18.5513s written=4
  crossing 0/250
  stopped velocity row 97 IC 342 x0=0.793606 velocity_parameter=0.598167 status=outer_limit: trajectory reached the configured outer_limit radius
velocity row 97/120 IC 352/599 x0=0.794324 velocity_parameter=0.598167 elapsed=18.5977s written=4
  crossing 0/250
  stopped velocity row 97 IC 352 x0=0.794324 velocity_parameter=0.598167 status=outer_limit: trajectory reached the configured outer_limit radius
velocity row 97/120 IC 360/599 x0=0.794898 velocity_parameter=0.598167 elapsed=18.6366s written=4
  crossing 0/250
  stopped velocity row 97 IC 360 x0=0.794898 velocity_parameter=0.598167 status=outer_limit: trajectory reached the configured outer_limit radius
velocity row 98/120 IC 342/599 x0=0.793606 velocity_parameter=0.614333 elapsed=18.6425s written=4
  crossing 0/250
  stopped velocity row 98 IC 342 x0=0.793606 velocity_parameter=0.614333 status=outer_limit: trajectory reached the configured outer_limit radius
velocity row 98/120 IC 352/599 x0=0.794324 velocity_parameter=0.614333 elapsed=18.6839s written=4
  crossing 0/250
  stopped velocity row 98 IC 352 x0=0.794324 velocity_parameter=0.614333 status=outer_limit: trajectory reached the configured outer_limit radius
velocity row 98/120 IC 360/599 x0=0.794898 velocity_parameter=0.614333 elapsed=18.7175s written=4
  crossing 0/250
  stopped velocity row 98 IC 360 x0=0.794898 velocity_parameter=0.614333 status=outer_limit: trajectory reached the configured outer_limit radius
velocity row 99/120 IC 342/599 x0=0.793606 velocity_parameter=0.6305 elapsed=18.7213s written=4
  crossing 0/250
  stopped velocity row 99 IC 342 x0=0.793606 velocity_parameter=0.6305 status=outer_limit: trajectory reached the configured outer_limit radius
velocity row 99/120 IC 352/599 x0=0.794324 velocity_parameter=0.6305 elapsed=18.767s written=4
  crossing 0/250
  stopped velocity row 99 IC 352 x0=0.794324 velocity_parameter=0.6305 status=outer_limit: trajectory reached the configured outer_limit radius
velocity row 99/120 IC 360/599 x0=0.794898 velocity_parameter=0.6305 elapsed=18.8019s written=4
  crossing 0/250
  stopped velocity row 99 IC 360 x0=0.794898 velocity_parameter=0.6305 status=outer_limit: trajectory reached the configured outer_limit radius
velocity row 100/120 IC 342/599 x0=0.793606 velocity_parameter=0.646667 elapsed=18.8051s written=4
  crossing 0/250
  stopped velocity row 100 IC 342 x0=0.793606 velocity_parameter=0.646667 status=outer_limit: trajectory reached the configured outer_limit radius
velocity row 100/120 IC 352/599 x0=0.794324 velocity_parameter=0.646667 elapsed=18.8436s written=4
  crossing 0/250
  stopped velocity row 100 IC 352 x0=0.794324 velocity_parameter=0.646667 status=outer_limit: trajectory reached the configured outer_limit radius
velocity row 100/120 IC 360/599 x0=0.794898 velocity_parameter=0.646667 elapsed=18.8733s written=4
  crossing 0/250
  stopped velocity row 100 IC 360 x0=0.794898 velocity_parameter=0.646667 status=outer_limit: trajectory reached the configured outer_limit radius
velocity row 101/120 IC 342/599 x0=0.793606 velocity_parameter=0.662833 elapsed=18.8785s written=4
  crossing 0/250
  stopped velocity row 101 IC 342 x0=0.793606 velocity_parameter=0.662833 status=outer_limit: trajectory reached the configured outer_limit radius
velocity row 101/120 IC 352/599 x0=0.794324 velocity_parameter=0.662833 elapsed=18.9251s written=4
  crossing 0/250
  stopped velocity row 101 IC 352 x0=0.794324 velocity_parameter=0.662833 status=outer_limit: trajectory reached the configured outer_limit radius
velocity row 101/120 IC 360/599 x0=0.794898 velocity_parameter=0.662833 elapsed=18.9568s written=4
  crossing 0/250
  stopped velocity row 101 IC 360 x0=0.794898 velocity_parameter=0.662833 status=outer_limit: trajectory reached the configured outer_limit radius
velocity row 102/120 IC 342/599 x0=0.793606 velocity_parameter=0.679 elapsed=18.9602s written=4
  crossing 0/250
  stopped velocity row 102 IC 342 x0=0.793606 velocity_parameter=0.679 status=outer_limit: trajectory reached the configured outer_limit radius
velocity row 102/120 IC 352/599 x0=0.794324 velocity_parameter=0.679 elapsed=19.0017s written=4
  crossing 0/250
  stopped velocity row 102 IC 352 x0=0.794324 velocity_parameter=0.679 status=outer_limit: trajectory reached the configured outer_limit radius
velocity row 102/120 IC 360/599 x0=0.794898 velocity_parameter=0.679 elapsed=19.0319s written=4
  crossing 0/250
  stopped velocity row 102 IC 360 x0=0.794898 velocity_parameter=0.679 status=outer_limit: trajectory reached the configured outer_limit radius
velocity row 103/120 IC 342/599 x0=0.793606 velocity_parameter=0.695167 elapsed=19.0352s written=4
  crossing 0/250
  stopped velocity row 103 IC 342 x0=0.793606 velocity_parameter=0.695167 status=outer_limit: trajectory reached the configured outer_limit radius
velocity row 103/120 IC 352/599 x0=0.794324 velocity_parameter=0.695167 elapsed=19.0761s written=4
  crossing 0/250
  stopped velocity row 103 IC 352 x0=0.794324 velocity_parameter=0.695167 status=outer_limit: trajectory reached the configured outer_limit radius
velocity row 103/120 IC 360/599 x0=0.794898 velocity_parameter=0.695167 elapsed=19.1052s written=4
  crossing 0/250
  stopped velocity row 103 IC 360 x0=0.794898 velocity_parameter=0.695167 status=outer_limit: trajectory reached the configured outer_limit radius
velocity row 104/120 IC 342/599 x0=0.793606 velocity_parameter=0.711333 elapsed=19.1091s written=4
  crossing 0/250
  stopped velocity row 104 IC 342 x0=0.793606 velocity_parameter=0.711333 status=outer_limit: trajectory reached the configured outer_limit radius
velocity row 104/120 IC 352/599 x0=0.794324 velocity_parameter=0.711333 elapsed=19.1532s written=4
  crossing 0/250
  stopped velocity row 104 IC 352 x0=0.794324 velocity_parameter=0.711333 status=outer_limit: trajectory reached the configured outer_limit radius
velocity row 104/120 IC 360/599 x0=0.794898 velocity_parameter=0.711333 elapsed=19.1864s written=4
  crossing 0/250
  stopped velocity row 104 IC 360 x0=0.794898 velocity_parameter=0.711333 status=outer_limit: trajectory reached the configured outer_limit radius
velocity row 105/120 IC 342/599 x0=0.793606 velocity_parameter=0.7275 elapsed=19.1924s written=4
  crossing 0/250
  stopped velocity row 105 IC 342 x0=0.793606 velocity_parameter=0.7275 status=outer_limit: trajectory reached the configured outer_limit radius
velocity row 105/120 IC 352/599 x0=0.794324 velocity_parameter=0.7275 elapsed=19.2332s written=4
  crossing 0/250
  stopped velocity row 105 IC 352 x0=0.794324 velocity_parameter=0.7275 status=outer_limit: trajectory reached the configured outer_limit radius
velocity row 105/120 IC 360/599 x0=0.794898 velocity_parameter=0.7275 elapsed=19.2653s written=4
  crossing 0/250
  stopped velocity row 105 IC 360 x0=0.794898 velocity_parameter=0.7275 status=outer_limit: trajectory reached the configured outer_limit radius
velocity row 106/120 IC 342/599 x0=0.793606 velocity_parameter=0.743667 elapsed=19.2692s written=4
  crossing 0/250
  stopped velocity row 106 IC 342 x0=0.793606 velocity_parameter=0.743667 status=outer_limit: trajectory reached the configured outer_limit radius
velocity row 106/120 IC 352/599 x0=0.794324 velocity_parameter=0.743667 elapsed=19.3109s written=4
  crossing 0/250
  stopped velocity row 106 IC 352 x0=0.794324 velocity_parameter=0.743667 status=outer_limit: trajectory reached the configured outer_limit radius
velocity row 106/120 IC 360/599 x0=0.794898 velocity_parameter=0.743667 elapsed=19.3402s written=4
  crossing 0/250
  stopped velocity row 106 IC 360 x0=0.794898 velocity_parameter=0.743667 status=outer_limit: trajectory reached the configured outer_limit radius
velocity row 107/120 IC 342/599 x0=0.793606 velocity_parameter=0.759833 elapsed=19.3436s written=4
  crossing 0/250
  stopped velocity row 107 IC 342 x0=0.793606 velocity_parameter=0.759833 status=outer_limit: trajectory reached the configured outer_limit radius
velocity row 107/120 IC 352/599 x0=0.794324 velocity_parameter=0.759833 elapsed=19.3884s written=4
  crossing 0/250
  stopped velocity row 107 IC 352 x0=0.794324 velocity_parameter=0.759833 status=outer_limit: trajectory reached the configured outer_limit radius
velocity row 107/120 IC 360/599 x0=0.794898 velocity_parameter=0.759833 elapsed=19.4248s written=4
  crossing 0/250
  stopped velocity row 107 IC 360 x0=0.794898 velocity_parameter=0.759833 status=outer_limit: trajectory reached the configured outer_limit radius
velocity row 108/120 IC 342/599 x0=0.793606 velocity_parameter=0.776 elapsed=19.4281s written=4
  crossing 0/250
  stopped velocity row 108 IC 342 x0=0.793606 velocity_parameter=0.776 status=outer_limit: trajectory reached the configured outer_limit radius
velocity row 108/120 IC 352/599 x0=0.794324 velocity_parameter=0.776 elapsed=19.4661s written=4
  crossing 0/250
  stopped velocity row 108 IC 352 x0=0.794324 velocity_parameter=0.776 status=outer_limit: trajectory reached the configured outer_limit radius
velocity row 108/120 IC 360/599 x0=0.794898 velocity_parameter=0.776 elapsed=19.4962s written=4
  crossing 0/250
  stopped velocity row 108 IC 360 x0=0.794898 velocity_parameter=0.776 status=outer_limit: trajectory reached the configured outer_limit radius
velocity row 109/120 IC 342/599 x0=0.793606 velocity_parameter=0.792167 elapsed=19.5023s written=4
  crossing 0/250
  stopped velocity row 109 IC 342 x0=0.793606 velocity_parameter=0.792167 status=outer_limit: trajectory reached the configured outer_limit radius
velocity row 109/120 IC 352/599 x0=0.794324 velocity_parameter=0.792167 elapsed=19.5464s written=4
  crossing 0/250
  stopped velocity row 109 IC 352 x0=0.794324 velocity_parameter=0.792167 status=outer_limit: trajectory reached the configured outer_limit radius
velocity row 109/120 IC 360/599 x0=0.794898 velocity_parameter=0.792167 elapsed=19.5754s written=4
  crossing 0/250
  stopped velocity row 109 IC 360 x0=0.794898 velocity_parameter=0.792167 status=outer_limit: trajectory reached the configured outer_limit radius
velocity row 110/120 IC 342/599 x0=0.793606 velocity_parameter=0.808333 elapsed=19.5786s written=4
  crossing 0/250
  stopped velocity row 110 IC 342 x0=0.793606 velocity_parameter=0.808333 status=outer_limit: trajectory reached the configured outer_limit radius
velocity row 110/120 IC 352/599 x0=0.794324 velocity_parameter=0.808333 elapsed=19.6259s written=4
  crossing 0/250
  stopped velocity row 110 IC 352 x0=0.794324 velocity_parameter=0.808333 status=outer_limit: trajectory reached the configured outer_limit radius
velocity row 110/120 IC 360/599 x0=0.794898 velocity_parameter=0.808333 elapsed=19.6591s written=4
  crossing 0/250
  stopped velocity row 110 IC 360 x0=0.794898 velocity_parameter=0.808333 status=outer_limit: trajectory reached the configured outer_limit radius
velocity row 111/120 IC 342/599 x0=0.793606 velocity_parameter=0.8245 elapsed=19.6651s written=4
  crossing 0/250
  stopped velocity row 111 IC 342 x0=0.793606 velocity_parameter=0.8245 status=outer_limit: trajectory reached the configured outer_limit radius
velocity row 111/120 IC 352/599 x0=0.794324 velocity_parameter=0.8245 elapsed=19.7026s written=4
  crossing 0/250
  stopped velocity row 111 IC 352 x0=0.794324 velocity_parameter=0.8245 status=outer_limit: trajectory reached the configured outer_limit radius
velocity row 111/120 IC 360/599 x0=0.794898 velocity_parameter=0.8245 elapsed=19.7343s written=4
  crossing 0/250
  stopped velocity row 111 IC 360 x0=0.794898 velocity_parameter=0.8245 status=outer_limit: trajectory reached the configured outer_limit radius
velocity row 112/120 IC 342/599 x0=0.793606 velocity_parameter=0.840667 elapsed=19.7376s written=4
  crossing 0/250
  stopped velocity row 112 IC 342 x0=0.793606 velocity_parameter=0.840667 status=outer_limit: trajectory reached the configured outer_limit radius
velocity row 112/120 IC 352/599 x0=0.794324 velocity_parameter=0.840667 elapsed=19.78s written=4
  crossing 0/250
  stopped velocity row 112 IC 352 x0=0.794324 velocity_parameter=0.840667 status=outer_limit: trajectory reached the configured outer_limit radius
velocity row 112/120 IC 360/599 x0=0.794898 velocity_parameter=0.840667 elapsed=19.8181s written=4
  crossing 0/250
  stopped velocity row 112 IC 360 x0=0.794898 velocity_parameter=0.840667 status=outer_limit: trajectory reached the configured outer_limit radius
velocity row 113/120 IC 342/599 x0=0.793606 velocity_parameter=0.856833 elapsed=19.8224s written=4
  crossing 0/250
  stopped velocity row 113 IC 342 x0=0.793606 velocity_parameter=0.856833 status=outer_limit: trajectory reached the configured outer_limit radius
velocity row 113/120 IC 352/599 x0=0.794324 velocity_parameter=0.856833 elapsed=19.8697s written=4
  crossing 0/250
  stopped velocity row 113 IC 352 x0=0.794324 velocity_parameter=0.856833 status=outer_limit: trajectory reached the configured outer_limit radius
velocity row 113/120 IC 360/599 x0=0.794898 velocity_parameter=0.856833 elapsed=19.8998s written=4
  crossing 0/250
  stopped velocity row 113 IC 360 x0=0.794898 velocity_parameter=0.856833 status=outer_limit: trajectory reached the configured outer_limit radius
velocity row 114/120 IC 342/599 x0=0.793606 velocity_parameter=0.873 elapsed=19.9033s written=4
  crossing 0/250
  stopped velocity row 114 IC 342 x0=0.793606 velocity_parameter=0.873 status=outer_limit: trajectory reached the configured outer_limit radius
velocity row 114/120 IC 352/599 x0=0.794324 velocity_parameter=0.873 elapsed=19.9468s written=4
  crossing 0/250
  stopped velocity row 114 IC 352 x0=0.794324 velocity_parameter=0.873 status=outer_limit: trajectory reached the configured outer_limit radius
velocity row 114/120 IC 360/599 x0=0.794898 velocity_parameter=0.873 elapsed=19.9761s written=4
  crossing 0/250
  stopped velocity row 114 IC 360 x0=0.794898 velocity_parameter=0.873 status=outer_limit: trajectory reached the configured outer_limit radius
velocity row 115/120 IC 342/599 x0=0.793606 velocity_parameter=0.889167 elapsed=19.9821s written=4
  crossing 0/250
  stopped velocity row 115 IC 342 x0=0.793606 velocity_parameter=0.889167 status=outer_limit: trajectory reached the configured outer_limit radius
velocity row 115/120 IC 352/599 x0=0.794324 velocity_parameter=0.889167 elapsed=20.0263s written=4
  crossing 0/250
  stopped velocity row 115 IC 352 x0=0.794324 velocity_parameter=0.889167 status=outer_limit: trajectory reached the configured outer_limit radius
velocity row 115/120 IC 360/599 x0=0.794898 velocity_parameter=0.889167 elapsed=20.0582s written=4
  crossing 0/250
  stopped velocity row 115 IC 360 x0=0.794898 velocity_parameter=0.889167 status=outer_limit: trajectory reached the configured outer_limit radius
velocity row 116/120 IC 342/599 x0=0.793606 velocity_parameter=0.905333 elapsed=20.064s written=4
  crossing 0/250
  stopped velocity row 116 IC 342 x0=0.793606 velocity_parameter=0.905333 status=outer_limit: trajectory reached the configured outer_limit radius
velocity row 116/120 IC 352/599 x0=0.794324 velocity_parameter=0.905333 elapsed=20.1039s written=4
  crossing 0/250
  stopped velocity row 116 IC 352 x0=0.794324 velocity_parameter=0.905333 status=outer_limit: trajectory reached the configured outer_limit radius
velocity row 116/120 IC 360/599 x0=0.794898 velocity_parameter=0.905333 elapsed=20.1378s written=4
  crossing 0/250
  stopped velocity row 116 IC 360 x0=0.794898 velocity_parameter=0.905333 status=outer_limit: trajectory reached the configured outer_limit radius
velocity row 117/120 IC 342/599 x0=0.793606 velocity_parameter=0.9215 elapsed=20.1429s written=4
  crossing 0/250
  stopped velocity row 117 IC 342 x0=0.793606 velocity_parameter=0.9215 status=outer_limit: trajectory reached the configured outer_limit radius
velocity row 117/120 IC 352/599 x0=0.794324 velocity_parameter=0.9215 elapsed=20.1855s written=4
  crossing 0/250
  stopped velocity row 117 IC 352 x0=0.794324 velocity_parameter=0.9215 status=outer_limit: trajectory reached the configured outer_limit radius
velocity row 117/120 IC 360/599 x0=0.794898 velocity_parameter=0.9215 elapsed=20.2186s written=4
  crossing 0/250
  stopped velocity row 117 IC 360 x0=0.794898 velocity_parameter=0.9215 status=outer_limit: trajectory reached the configured outer_limit radius
velocity row 118/120 IC 342/599 x0=0.793606 velocity_parameter=0.937667 elapsed=20.2234s written=4
  crossing 0/250
  stopped velocity row 118 IC 342 x0=0.793606 velocity_parameter=0.937667 status=outer_limit: trajectory reached the configured outer_limit radius
velocity row 118/120 IC 352/599 x0=0.794324 velocity_parameter=0.937667 elapsed=20.2745s written=4
  crossing 0/250
  stopped velocity row 118 IC 352 x0=0.794324 velocity_parameter=0.937667 status=outer_limit: trajectory reached the configured outer_limit radius
velocity row 118/120 IC 360/599 x0=0.794898 velocity_parameter=0.937667 elapsed=20.3029s written=4
  crossing 0/250
  stopped velocity row 118 IC 360 x0=0.794898 velocity_parameter=0.937667 status=outer_limit: trajectory reached the configured outer_limit radius
velocity row 119/120 IC 342/599 x0=0.793606 velocity_parameter=0.953833 elapsed=20.3061s written=4
  crossing 0/250
  stopped velocity row 119 IC 342 x0=0.793606 velocity_parameter=0.953833 status=outer_limit: trajectory reached the configured outer_limit radius
velocity row 119/120 IC 352/599 x0=0.794324 velocity_parameter=0.953833 elapsed=20.3493s written=4
  crossing 0/250
  stopped velocity row 119 IC 352 x0=0.794324 velocity_parameter=0.953833 status=outer_limit: trajectory reached the configured outer_limit radius
velocity row 119/120 IC 360/599 x0=0.794898 velocity_parameter=0.953833 elapsed=20.3862s written=4
  crossing 0/250
  stopped velocity row 119 IC 360 x0=0.794898 velocity_parameter=0.953833 status=outer_limit: trajectory reached the configured outer_limit radius
velocity row 120/120 IC 342/599 x0=0.793606 velocity_parameter=0.97 elapsed=20.3898s written=4
  crossing 0/250
  stopped velocity row 120 IC 342 x0=0.793606 velocity_parameter=0.97 status=outer_limit: trajectory reached the configured outer_limit radius
velocity row 120/120 IC 352/599 x0=0.794324 velocity_parameter=0.97 elapsed=20.4304s written=4
  crossing 0/250
  stopped velocity row 120 IC 352 x0=0.794324 velocity_parameter=0.97 status=outer_limit: trajectory reached the configured outer_limit radius
velocity row 120/120 IC 360/599 x0=0.794898 velocity_parameter=0.97 elapsed=20.4576s written=4
  crossing 0/250
  stopped velocity row 120 IC 360 x0=0.794898 velocity_parameter=0.97 status=outer_limit: trajectory reached the configured outer_limit radius
svg -> /mnt/c/Users/payne/Code/Hill_4BP/professional_neck_studies/e1_dense_001/survey/level_002_delta_1e_minus_4/open/shard_0018/preview.svg
metadata -> /mnt/c/Users/payne/Code/Hill_4BP/professional_neck_studies/e1_dense_001/survey/level_002_delta_1e_minus_4/open/shard_0018/metadata.txt
wrote 4 points (0 ICs skipped, 2299 orbits stopped early, elapsed=20.4635s) -> /mnt/c/Users/payne/Code/Hill_4BP/professional_neck_studies/e1_dense_001/survey/level_002_delta_1e_minus_4/open/shard_0018/points.csv
outcomes: collision=48 completed=0 forbidden=0 inner_radius_limit=0 invalid_initial_radius=0 invalid_velocity=0 nontransverse=0 numerical_failure=0 outer_limit=2251 timeout=0
maximum sampled |H-h|=1.32697e-15
