zero-velocity boundary -> /mnt/c/Users/payne/Code/Hill_4BP/professional_neck_studies/e1_dense_001/survey/level_003_delta_1e_minus_5/open/shard_0030/zero_velocity_boundary.csv
lambda1=0.0272549 lambda2=2.97275 A=-0.986373 B=0.486373 c=0.0976566 c1=0 c2=0 c3=-0.0976566 h=-2.39153 (C=4.78305)
E1/E2 neck h=-2.39154 (C=4.78307), E3/E4 neck h=-0.454039 (C=0.908078)
energy_mode=neck_delta neck=E1 hcrit=-2.39154 delta=1e-05 side=open actual_neck_side=open delta_h=1e-05
x_count=600 xdot_count=121 iterates=250 index range=[564,581] velocity_mode=fraction x_range=[0.783756,0.797354] max_return_time=100
smooth coordinates R=sqrt(rho), CAPD crossing mode=Both solver_order=28 max_step=0.005 abs_tol=1e-15 rel_tol=1e-13 collision_radius=1e-06 outer_radius=5
velocity row 0/120 IC 564/599 x0=0.796559 velocity_parameter=-0.97 elapsed=3.56e-07s written=0
  crossing 0/250
  stopped velocity row 0 IC 564 x0=0.796559 velocity_parameter=-0.97 status=outer_limit: trajectory reached the configured outer_limit radius
  stopped velocity row 0 IC 565 x0=0.796582 velocity_parameter=-0.97 status=outer_limit: trajectory reached the configured outer_limit radius
  stopped velocity row 0 IC 566 x0=0.796605 velocity_parameter=-0.97 status=outer_limit: trajectory reached the configured outer_limit radius
  stopped velocity row 0 IC 567 x0=0.796627 velocity_parameter=-0.97 status=outer_limit: trajectory reached the configured outer_limit radius
  stopped velocity row 0 IC 568 x0=0.79665 velocity_parameter=-0.97 status=outer_limit: trajectory reached the configured outer_limit radius
  stopped velocity row 0 IC 569 x0=0.796673 velocity_parameter=-0.97 status=outer_limit: trajectory reached the configured outer_limit radius
  stopped velocity row 0 IC 570 x0=0.796696 velocity_parameter=-0.97 status=outer_limit: trajectory reached the configured outer_limit radius
  stopped velocity row 0 IC 571 x0=0.796718 velocity_parameter=-0.97 status=outer_limit: trajectory reached the configured outer_limit radius
  stopped velocity row 0 IC 572 x0=0.796741 velocity_parameter=-0.97 status=outer_limit: trajectory reached the configured outer_limit radius
  stopped velocity row 0 IC 573 x0=0.796764 velocity_parameter=-0.97 status=outer_limit: trajectory reached the configured outer_limit radius
velocity row 0/120 IC 574/599 x0=0.796786 velocity_parameter=-0.97 elapsed=0.120988s written=0
  crossing 0/250
  stopped velocity row 0 IC 574 x0=0.796786 velocity_parameter=-0.97 status=outer_limit: trajectory reached the configured outer_limit radius
velocity row 0/120 IC 581/599 x0=0.796945 velocity_parameter=-0.97 elapsed=0.22561s written=0
  crossing 0/250
  stopped velocity row 0 IC 581 x0=0.796945 velocity_parameter=-0.97 status=outer_limit: trajectory reached the configured outer_limit radius
velocity row 1/120 IC 564/599 x0=0.796559 velocity_parameter=-0.953833 elapsed=0.243621s written=0
  crossing 0/250
  stopped velocity row 1 IC 564 x0=0.796559 velocity_parameter=-0.953833 status=outer_limit: trajectory reached the configured outer_limit radius
velocity row 1/120 IC 574/599 x0=0.796786 velocity_parameter=-0.953833 elapsed=0.379737s written=0
  crossing 0/250
  stopped velocity row 1 IC 574 x0=0.796786 velocity_parameter=-0.953833 status=outer_limit: trajectory reached the configured outer_limit radius
velocity row 1/120 IC 581/599 x0=0.796945 velocity_parameter=-0.953833 elapsed=0.459025s written=0
  crossing 0/250
  stopped velocity row 1 IC 581 x0=0.796945 velocity_parameter=-0.953833 status=outer_limit: trajectory reached the configured outer_limit radius
velocity row 2/120 IC 564/599 x0=0.796559 velocity_parameter=-0.937667 elapsed=0.469226s written=0
  crossing 0/250
  stopped velocity row 2 IC 564 x0=0.796559 velocity_parameter=-0.937667 status=outer_limit: trajectory reached the configured outer_limit radius
velocity row 2/120 IC 574/599 x0=0.796786 velocity_parameter=-0.937667 elapsed=0.570309s written=0
  crossing 0/250
  stopped velocity row 2 IC 574 x0=0.796786 velocity_parameter=-0.937667 status=outer_limit: trajectory reached the configured outer_limit radius
velocity row 2/120 IC 581/599 x0=0.796945 velocity_parameter=-0.937667 elapsed=0.63863s written=0
  crossing 0/250
  stopped velocity row 2 IC 581 x0=0.796945 velocity_parameter=-0.937667 status=outer_limit: trajectory reached the configured outer_limit radius
velocity row 3/120 IC 564/599 x0=0.796559 velocity_parameter=-0.9215 elapsed=0.647338s written=0
  crossing 0/250
  stopped velocity row 3 IC 564 x0=0.796559 velocity_parameter=-0.9215 status=outer_limit: trajectory reached the configured outer_limit radius
velocity row 3/120 IC 574/599 x0=0.796786 velocity_parameter=-0.9215 elapsed=0.747465s written=0
  crossing 0/250
  stopped velocity row 3 IC 574 x0=0.796786 velocity_parameter=-0.9215 status=outer_limit: trajectory reached the configured outer_limit radius
velocity row 3/120 IC 581/599 x0=0.796945 velocity_parameter=-0.9215 elapsed=0.827176s written=0
  crossing 0/250
  stopped velocity row 3 IC 581 x0=0.796945 velocity_parameter=-0.9215 status=outer_limit: trajectory reached the configured outer_limit radius
velocity row 4/120 IC 564/599 x0=0.796559 velocity_parameter=-0.905333 elapsed=0.83649s written=0
  crossing 0/250
  stopped velocity row 4 IC 564 x0=0.796559 velocity_parameter=-0.905333 status=outer_limit: trajectory reached the configured outer_limit radius
velocity row 4/120 IC 574/599 x0=0.796786 velocity_parameter=-0.905333 elapsed=0.942279s written=0
  crossing 0/250
  stopped velocity row 4 IC 574 x0=0.796786 velocity_parameter=-0.905333 status=outer_limit: trajectory reached the configured outer_limit radius
velocity row 4/120 IC 581/599 x0=0.796945 velocity_parameter=-0.905333 elapsed=1.01075s written=0
  crossing 0/250
  stopped velocity row 4 IC 581 x0=0.796945 velocity_parameter=-0.905333 status=outer_limit: trajectory reached the configured outer_limit radius
velocity row 5/120 IC 564/599 x0=0.796559 velocity_parameter=-0.889167 elapsed=1.01976s written=0
  crossing 0/250
  stopped velocity row 5 IC 564 x0=0.796559 velocity_parameter=-0.889167 status=outer_limit: trajectory reached the configured outer_limit radius
velocity row 5/120 IC 574/599 x0=0.796786 velocity_parameter=-0.889167 elapsed=1.11101s written=0
  crossing 0/250
  stopped velocity row 5 IC 574 x0=0.796786 velocity_parameter=-0.889167 status=outer_limit: trajectory reached the configured outer_limit radius
velocity row 5/120 IC 581/599 x0=0.796945 velocity_parameter=-0.889167 elapsed=1.1771s written=0
  crossing 0/250
  stopped velocity row 5 IC 581 x0=0.796945 velocity_parameter=-0.889167 status=outer_limit: trajectory reached the configured outer_limit radius
velocity row 6/120 IC 564/599 x0=0.796559 velocity_parameter=-0.873 elapsed=1.1855s written=0
  crossing 0/250
  stopped velocity row 6 IC 564 x0=0.796559 velocity_parameter=-0.873 status=outer_limit: trajectory reached the configured outer_limit radius
velocity row 6/120 IC 574/599 x0=0.796786 velocity_parameter=-0.873 elapsed=1.27746s written=0
  crossing 0/250
  stopped velocity row 6 IC 574 x0=0.796786 velocity_parameter=-0.873 status=outer_limit: trajectory reached the configured outer_limit radius
velocity row 6/120 IC 581/599 x0=0.796945 velocity_parameter=-0.873 elapsed=1.3426s written=0
  crossing 0/250
  stopped velocity row 6 IC 581 x0=0.796945 velocity_parameter=-0.873 status=outer_limit: trajectory reached the configured outer_limit radius
velocity row 7/120 IC 564/599 x0=0.796559 velocity_parameter=-0.856833 elapsed=1.35063s written=0
  crossing 0/250
  stopped velocity row 7 IC 564 x0=0.796559 velocity_parameter=-0.856833 status=outer_limit: trajectory reached the configured outer_limit radius
velocity row 7/120 IC 574/599 x0=0.796786 velocity_parameter=-0.856833 elapsed=1.43519s written=0
  crossing 0/250
  stopped velocity row 7 IC 574 x0=0.796786 velocity_parameter=-0.856833 status=outer_limit: trajectory reached the configured outer_limit radius
velocity row 7/120 IC 581/599 x0=0.796945 velocity_parameter=-0.856833 elapsed=1.49842s written=0
  crossing 0/250
  stopped velocity row 7 IC 581 x0=0.796945 velocity_parameter=-0.856833 status=outer_limit: trajectory reached the configured outer_limit radius
velocity row 8/120 IC 564/599 x0=0.796559 velocity_parameter=-0.840667 elapsed=1.50805s written=0
  crossing 0/250
  stopped velocity row 8 IC 564 x0=0.796559 velocity_parameter=-0.840667 status=outer_limit: trajectory reached the configured outer_limit radius
velocity row 8/120 IC 574/599 x0=0.796786 velocity_parameter=-0.840667 elapsed=1.60159s written=0
  crossing 0/250
  stopped velocity row 8 IC 574 x0=0.796786 velocity_parameter=-0.840667 status=outer_limit: trajectory reached the configured outer_limit radius
velocity row 8/120 IC 581/599 x0=0.796945 velocity_parameter=-0.840667 elapsed=1.66612s written=0
  crossing 0/250
  stopped velocity row 8 IC 581 x0=0.796945 velocity_parameter=-0.840667 status=outer_limit: trajectory reached the configured outer_limit radius
velocity row 9/120 IC 564/599 x0=0.796559 velocity_parameter=-0.8245 elapsed=1.67315s written=0
  crossing 0/250
  stopped velocity row 9 IC 564 x0=0.796559 velocity_parameter=-0.8245 status=outer_limit: trajectory reached the configured outer_limit radius
velocity row 9/120 IC 574/599 x0=0.796786 velocity_parameter=-0.8245 elapsed=1.77232s written=0
  crossing 0/250
  stopped velocity row 9 IC 574 x0=0.796786 velocity_parameter=-0.8245 status=outer_limit: trajectory reached the configured outer_limit radius
velocity row 9/120 IC 581/599 x0=0.796945 velocity_parameter=-0.8245 elapsed=1.84677s written=0
  crossing 0/250
  stopped velocity row 9 IC 581 x0=0.796945 velocity_parameter=-0.8245 status=outer_limit: trajectory reached the configured outer_limit radius
velocity row 10/120 IC 564/599 x0=0.796559 velocity_parameter=-0.808333 elapsed=1.85667s written=0
  crossing 0/250
  stopped velocity row 10 IC 564 x0=0.796559 velocity_parameter=-0.808333 status=outer_limit: trajectory reached the configured outer_limit radius
velocity row 10/120 IC 574/599 x0=0.796786 velocity_parameter=-0.808333 elapsed=1.94489s written=0
  crossing 0/250
  stopped velocity row 10 IC 574 x0=0.796786 velocity_parameter=-0.808333 status=outer_limit: trajectory reached the configured outer_limit radius
velocity row 10/120 IC 581/599 x0=0.796945 velocity_parameter=-0.808333 elapsed=2.02469s written=0
  crossing 0/250
  stopped velocity row 10 IC 581 x0=0.796945 velocity_parameter=-0.808333 status=outer_limit: trajectory reached the configured outer_limit radius
velocity row 11/120 IC 564/599 x0=0.796559 velocity_parameter=-0.792167 elapsed=2.03309s written=0
  crossing 0/250
  stopped velocity row 11 IC 564 x0=0.796559 velocity_parameter=-0.792167 status=outer_limit: trajectory reached the configured outer_limit radius
velocity row 11/120 IC 574/599 x0=0.796786 velocity_parameter=-0.792167 elapsed=2.13361s written=0
  crossing 0/250
  stopped velocity row 11 IC 574 x0=0.796786 velocity_parameter=-0.792167 status=outer_limit: trajectory reached the configured outer_limit radius
velocity row 11/120 IC 581/599 x0=0.796945 velocity_parameter=-0.792167 elapsed=2.20208s written=0
  crossing 0/250
  stopped velocity row 11 IC 581 x0=0.796945 velocity_parameter=-0.792167 status=outer_limit: trajectory reached the configured outer_limit radius
velocity row 12/120 IC 564/599 x0=0.796559 velocity_parameter=-0.776 elapsed=2.21101s written=0
  crossing 0/250
  stopped velocity row 12 IC 564 x0=0.796559 velocity_parameter=-0.776 status=outer_limit: trajectory reached the configured outer_limit radius
velocity row 12/120 IC 574/599 x0=0.796786 velocity_parameter=-0.776 elapsed=2.30797s written=0
  crossing 0/250
  stopped velocity row 12 IC 574 x0=0.796786 velocity_parameter=-0.776 status=outer_limit: trajectory reached the configured outer_limit radius
velocity row 12/120 IC 581/599 x0=0.796945 velocity_parameter=-0.776 elapsed=2.37131s written=0
  crossing 0/250
  stopped velocity row 12 IC 581 x0=0.796945 velocity_parameter=-0.776 status=outer_limit: trajectory reached the configured outer_limit radius
velocity row 13/120 IC 564/599 x0=0.796559 velocity_parameter=-0.759833 elapsed=2.38108s written=0
  crossing 0/250
  stopped velocity row 13 IC 564 x0=0.796559 velocity_parameter=-0.759833 status=outer_limit: trajectory reached the configured outer_limit radius
velocity row 13/120 IC 574/599 x0=0.796786 velocity_parameter=-0.759833 elapsed=2.46342s written=0
  crossing 0/250
  stopped velocity row 13 IC 574 x0=0.796786 velocity_parameter=-0.759833 status=outer_limit: trajectory reached the configured outer_limit radius
velocity row 13/120 IC 581/599 x0=0.796945 velocity_parameter=-0.759833 elapsed=2.52081s written=0
  crossing 0/250
  stopped velocity row 13 IC 581 x0=0.796945 velocity_parameter=-0.759833 status=outer_limit: trajectory reached the configured outer_limit radius
velocity row 14/120 IC 564/599 x0=0.796559 velocity_parameter=-0.743667 elapsed=2.53077s written=0
  crossing 0/250
  stopped velocity row 14 IC 564 x0=0.796559 velocity_parameter=-0.743667 status=outer_limit: trajectory reached the configured outer_limit radius
velocity row 14/120 IC 574/599 x0=0.796786 velocity_parameter=-0.743667 elapsed=2.61489s written=0
  crossing 0/250
  stopped velocity row 14 IC 574 x0=0.796786 velocity_parameter=-0.743667 status=outer_limit: trajectory reached the configured outer_limit radius
velocity row 14/120 IC 581/599 x0=0.796945 velocity_parameter=-0.743667 elapsed=2.6738s written=0
  crossing 0/250
  stopped velocity row 14 IC 581 x0=0.796945 velocity_parameter=-0.743667 status=outer_limit: trajectory reached the configured outer_limit radius
velocity row 15/120 IC 564/599 x0=0.796559 velocity_parameter=-0.7275 elapsed=2.69239s written=0
  crossing 0/250
  stopped velocity row 15 IC 564 x0=0.796559 velocity_parameter=-0.7275 status=outer_limit: trajectory reached the configured outer_limit radius
velocity row 15/120 IC 574/599 x0=0.796786 velocity_parameter=-0.7275 elapsed=2.77933s written=0
  crossing 0/250
  stopped velocity row 15 IC 574 x0=0.796786 velocity_parameter=-0.7275 status=outer_limit: trajectory reached the configured outer_limit radius
velocity row 15/120 IC 581/599 x0=0.796945 velocity_parameter=-0.7275 elapsed=2.84038s written=0
  crossing 0/250
  stopped velocity row 15 IC 581 x0=0.796945 velocity_parameter=-0.7275 status=outer_limit: trajectory reached the configured outer_limit radius
velocity row 16/120 IC 564/599 x0=0.796559 velocity_parameter=-0.711333 elapsed=2.85206s written=0
  crossing 0/250
  stopped velocity row 16 IC 564 x0=0.796559 velocity_parameter=-0.711333 status=outer_limit: trajectory reached the configured outer_limit radius
velocity row 16/120 IC 574/599 x0=0.796786 velocity_parameter=-0.711333 elapsed=2.95228s written=0
  crossing 0/250
  stopped velocity row 16 IC 574 x0=0.796786 velocity_parameter=-0.711333 status=outer_limit: trajectory reached the configured outer_limit radius
velocity row 16/120 IC 581/599 x0=0.796945 velocity_parameter=-0.711333 elapsed=3.0106s written=0
  crossing 0/250
  stopped velocity row 16 IC 581 x0=0.796945 velocity_parameter=-0.711333 status=outer_limit: trajectory reached the configured outer_limit radius
velocity row 17/120 IC 564/599 x0=0.796559 velocity_parameter=-0.695167 elapsed=3.01942s written=0
  crossing 0/250
  stopped velocity row 17 IC 564 x0=0.796559 velocity_parameter=-0.695167 status=outer_limit: trajectory reached the configured outer_limit radius
velocity row 17/120 IC 574/599 x0=0.796786 velocity_parameter=-0.695167 elapsed=3.11181s written=0
  crossing 0/250
  stopped velocity row 17 IC 574 x0=0.796786 velocity_parameter=-0.695167 status=outer_limit: trajectory reached the configured outer_limit radius
velocity row 17/120 IC 581/599 x0=0.796945 velocity_parameter=-0.695167 elapsed=3.18336s written=0
  crossing 0/250
  stopped velocity row 17 IC 581 x0=0.796945 velocity_parameter=-0.695167 status=outer_limit: trajectory reached the configured outer_limit radius
velocity row 18/120 IC 564/599 x0=0.796559 velocity_parameter=-0.679 elapsed=3.19635s written=0
  crossing 0/250
  stopped velocity row 18 IC 564 x0=0.796559 velocity_parameter=-0.679 status=outer_limit: trajectory reached the configured outer_limit radius
velocity row 18/120 IC 574/599 x0=0.796786 velocity_parameter=-0.679 elapsed=3.30626s written=0
  crossing 0/250
  stopped velocity row 18 IC 574 x0=0.796786 velocity_parameter=-0.679 status=outer_limit: trajectory reached the configured outer_limit radius
velocity row 18/120 IC 581/599 x0=0.796945 velocity_parameter=-0.679 elapsed=3.36179s written=0
  crossing 0/250
  stopped velocity row 18 IC 581 x0=0.796945 velocity_parameter=-0.679 status=outer_limit: trajectory reached the configured outer_limit radius
velocity row 19/120 IC 564/599 x0=0.796559 velocity_parameter=-0.662833 elapsed=3.3712s written=0
  crossing 0/250
  stopped velocity row 19 IC 564 x0=0.796559 velocity_parameter=-0.662833 status=outer_limit: trajectory reached the configured outer_limit radius
velocity row 19/120 IC 574/599 x0=0.796786 velocity_parameter=-0.662833 elapsed=3.47844s written=0
  crossing 0/250
  stopped velocity row 19 IC 574 x0=0.796786 velocity_parameter=-0.662833 status=outer_limit: trajectory reached the configured outer_limit radius
velocity row 19/120 IC 581/599 x0=0.796945 velocity_parameter=-0.662833 elapsed=3.54386s written=0
  crossing 0/250
  stopped velocity row 19 IC 581 x0=0.796945 velocity_parameter=-0.662833 status=outer_limit: trajectory reached the configured outer_limit radius
velocity row 20/120 IC 564/599 x0=0.796559 velocity_parameter=-0.646667 elapsed=3.55489s written=0
  crossing 0/250
  stopped velocity row 20 IC 564 x0=0.796559 velocity_parameter=-0.646667 status=outer_limit: trajectory reached the configured outer_limit radius
velocity row 20/120 IC 574/599 x0=0.796786 velocity_parameter=-0.646667 elapsed=3.63479s written=0
  crossing 0/250
  stopped velocity row 20 IC 574 x0=0.796786 velocity_parameter=-0.646667 status=outer_limit: trajectory reached the configured outer_limit radius
velocity row 20/120 IC 581/599 x0=0.796945 velocity_parameter=-0.646667 elapsed=3.69358s written=0
  crossing 0/250
  stopped velocity row 20 IC 581 x0=0.796945 velocity_parameter=-0.646667 status=outer_limit: trajectory reached the configured outer_limit radius
velocity row 21/120 IC 564/599 x0=0.796559 velocity_parameter=-0.6305 elapsed=3.70502s written=0
  crossing 0/250
  stopped velocity row 21 IC 564 x0=0.796559 velocity_parameter=-0.6305 status=outer_limit: trajectory reached the configured outer_limit radius
velocity row 21/120 IC 574/599 x0=0.796786 velocity_parameter=-0.6305 elapsed=3.79268s written=0
  crossing 0/250
  stopped velocity row 21 IC 574 x0=0.796786 velocity_parameter=-0.6305 status=outer_limit: trajectory reached the configured outer_limit radius
velocity row 21/120 IC 581/599 x0=0.796945 velocity_parameter=-0.6305 elapsed=3.85684s written=0
  crossing 0/250
  stopped velocity row 21 IC 581 x0=0.796945 velocity_parameter=-0.6305 status=outer_limit: trajectory reached the configured outer_limit radius
velocity row 22/120 IC 564/599 x0=0.796559 velocity_parameter=-0.614333 elapsed=3.86463s written=0
  crossing 0/250
  stopped velocity row 22 IC 564 x0=0.796559 velocity_parameter=-0.614333 status=outer_limit: trajectory reached the configured outer_limit radius
velocity row 22/120 IC 574/599 x0=0.796786 velocity_parameter=-0.614333 elapsed=3.95267s written=0
  crossing 0/250
  stopped velocity row 22 IC 574 x0=0.796786 velocity_parameter=-0.614333 status=outer_limit: trajectory reached the configured outer_limit radius
velocity row 22/120 IC 581/599 x0=0.796945 velocity_parameter=-0.614333 elapsed=4.01665s written=0
  crossing 0/250
  stopped velocity row 22 IC 581 x0=0.796945 velocity_parameter=-0.614333 status=outer_limit: trajectory reached the configured outer_limit radius
velocity row 23/120 IC 564/599 x0=0.796559 velocity_parameter=-0.598167 elapsed=4.02431s written=0
  crossing 0/250
  stopped velocity row 23 IC 564 x0=0.796559 velocity_parameter=-0.598167 status=outer_limit: trajectory reached the configured outer_limit radius
velocity row 23/120 IC 574/599 x0=0.796786 velocity_parameter=-0.598167 elapsed=4.12127s written=0
  crossing 0/250
  stopped velocity row 23 IC 574 x0=0.796786 velocity_parameter=-0.598167 status=outer_limit: trajectory reached the configured outer_limit radius
velocity row 23/120 IC 581/599 x0=0.796945 velocity_parameter=-0.598167 elapsed=4.1854s written=0
  crossing 0/250
  stopped velocity row 23 IC 581 x0=0.796945 velocity_parameter=-0.598167 status=outer_limit: trajectory reached the configured outer_limit radius
velocity row 24/120 IC 564/599 x0=0.796559 velocity_parameter=-0.582 elapsed=4.1945s written=0
  crossing 0/250
  stopped velocity row 24 IC 564 x0=0.796559 velocity_parameter=-0.582 status=outer_limit: trajectory reached the configured outer_limit radius
velocity row 24/120 IC 574/599 x0=0.796786 velocity_parameter=-0.582 elapsed=4.28038s written=0
  crossing 0/250
  stopped velocity row 24 IC 574 x0=0.796786 velocity_parameter=-0.582 status=outer_limit: trajectory reached the configured outer_limit radius
velocity row 24/120 IC 581/599 x0=0.796945 velocity_parameter=-0.582 elapsed=4.34497s written=0
  crossing 0/250
  stopped velocity row 24 IC 581 x0=0.796945 velocity_parameter=-0.582 status=outer_limit: trajectory reached the configured outer_limit radius
velocity row 25/120 IC 564/599 x0=0.796559 velocity_parameter=-0.565833 elapsed=4.35254s written=0
  crossing 0/250
  stopped velocity row 25 IC 564 x0=0.796559 velocity_parameter=-0.565833 status=outer_limit: trajectory reached the configured outer_limit radius
velocity row 25/120 IC 574/599 x0=0.796786 velocity_parameter=-0.565833 elapsed=4.43484s written=0
  crossing 0/250
  stopped velocity row 25 IC 574 x0=0.796786 velocity_parameter=-0.565833 status=outer_limit: trajectory reached the configured outer_limit radius
velocity row 25/120 IC 581/599 x0=0.796945 velocity_parameter=-0.565833 elapsed=4.49239s written=0
  crossing 0/250
  stopped velocity row 25 IC 581 x0=0.796945 velocity_parameter=-0.565833 status=outer_limit: trajectory reached the configured outer_limit radius
velocity row 26/120 IC 564/599 x0=0.796559 velocity_parameter=-0.549667 elapsed=4.50173s written=0
  crossing 0/250
  stopped velocity row 26 IC 564 x0=0.796559 velocity_parameter=-0.549667 status=outer_limit: trajectory reached the configured outer_limit radius
velocity row 26/120 IC 574/599 x0=0.796786 velocity_parameter=-0.549667 elapsed=4.59341s written=0
  crossing 0/250
  stopped velocity row 26 IC 574 x0=0.796786 velocity_parameter=-0.549667 status=outer_limit: trajectory reached the configured outer_limit radius
velocity row 26/120 IC 581/599 x0=0.796945 velocity_parameter=-0.549667 elapsed=4.65321s written=0
  crossing 0/250
  stopped velocity row 26 IC 581 x0=0.796945 velocity_parameter=-0.549667 status=outer_limit: trajectory reached the configured outer_limit radius
velocity row 27/120 IC 564/599 x0=0.796559 velocity_parameter=-0.5335 elapsed=4.66113s written=0
  crossing 0/250
  stopped velocity row 27 IC 564 x0=0.796559 velocity_parameter=-0.5335 status=outer_limit: trajectory reached the configured outer_limit radius
velocity row 27/120 IC 574/599 x0=0.796786 velocity_parameter=-0.5335 elapsed=4.74614s written=0
  crossing 0/250
  stopped velocity row 27 IC 574 x0=0.796786 velocity_parameter=-0.5335 status=outer_limit: trajectory reached the configured outer_limit radius
velocity row 27/120 IC 581/599 x0=0.796945 velocity_parameter=-0.5335 elapsed=4.80043s written=0
  crossing 0/250
  stopped velocity row 27 IC 581 x0=0.796945 velocity_parameter=-0.5335 status=outer_limit: trajectory reached the configured outer_limit radius
velocity row 28/120 IC 564/599 x0=0.796559 velocity_parameter=-0.517333 elapsed=4.80934s written=0
  crossing 0/250
  stopped velocity row 28 IC 564 x0=0.796559 velocity_parameter=-0.517333 status=outer_limit: trajectory reached the configured outer_limit radius
velocity row 28/120 IC 574/599 x0=0.796786 velocity_parameter=-0.517333 elapsed=4.88955s written=0
  crossing 0/250
  stopped velocity row 28 IC 574 x0=0.796786 velocity_parameter=-0.517333 status=outer_limit: trajectory reached the configured outer_limit radius
velocity row 28/120 IC 581/599 x0=0.796945 velocity_parameter=-0.517333 elapsed=4.94823s written=0
  crossing 0/250
  stopped velocity row 28 IC 581 x0=0.796945 velocity_parameter=-0.517333 status=outer_limit: trajectory reached the configured outer_limit radius
velocity row 29/120 IC 564/599 x0=0.796559 velocity_parameter=-0.501167 elapsed=4.95694s written=0
  crossing 0/250
  stopped velocity row 29 IC 564 x0=0.796559 velocity_parameter=-0.501167 status=outer_limit: trajectory reached the configured outer_limit radius
velocity row 29/120 IC 574/599 x0=0.796786 velocity_parameter=-0.501167 elapsed=5.0375s written=0
  crossing 0/250
  stopped velocity row 29 IC 574 x0=0.796786 velocity_parameter=-0.501167 status=outer_limit: trajectory reached the configured outer_limit radius
velocity row 29/120 IC 581/599 x0=0.796945 velocity_parameter=-0.501167 elapsed=5.09289s written=0
  crossing 0/250
  stopped velocity row 29 IC 581 x0=0.796945 velocity_parameter=-0.501167 status=outer_limit: trajectory reached the configured outer_limit radius
velocity row 30/120 IC 564/599 x0=0.796559 velocity_parameter=-0.485 elapsed=5.10208s written=0
  crossing 0/250
  stopped velocity row 30 IC 564 x0=0.796559 velocity_parameter=-0.485 status=outer_limit: trajectory reached the configured outer_limit radius
velocity row 30/120 IC 574/599 x0=0.796786 velocity_parameter=-0.485 elapsed=5.19487s written=0
  crossing 0/250
  stopped velocity row 30 IC 574 x0=0.796786 velocity_parameter=-0.485 status=outer_limit: trajectory reached the configured outer_limit radius
velocity row 30/120 IC 581/599 x0=0.796945 velocity_parameter=-0.485 elapsed=5.25599s written=0
  crossing 0/250
  stopped velocity row 30 IC 581 x0=0.796945 velocity_parameter=-0.485 status=outer_limit: trajectory reached the configured outer_limit radius
velocity row 31/120 IC 564/599 x0=0.796559 velocity_parameter=-0.468833 elapsed=5.26413s written=0
  crossing 0/250
  stopped velocity row 31 IC 564 x0=0.796559 velocity_parameter=-0.468833 status=outer_limit: trajectory reached the configured outer_limit radius
velocity row 31/120 IC 574/599 x0=0.796786 velocity_parameter=-0.468833 elapsed=5.34403s written=0
  crossing 0/250
  stopped velocity row 31 IC 574 x0=0.796786 velocity_parameter=-0.468833 status=outer_limit: trajectory reached the configured outer_limit radius
velocity row 31/120 IC 581/599 x0=0.796945 velocity_parameter=-0.468833 elapsed=5.40425s written=0
  crossing 0/250
  stopped velocity row 31 IC 581 x0=0.796945 velocity_parameter=-0.468833 status=outer_limit: trajectory reached the configured outer_limit radius
velocity row 32/120 IC 564/599 x0=0.796559 velocity_parameter=-0.452667 elapsed=5.4163s written=0
  crossing 0/250
  stopped velocity row 32 IC 564 x0=0.796559 velocity_parameter=-0.452667 status=outer_limit: trajectory reached the configured outer_limit radius
velocity row 32/120 IC 574/599 x0=0.796786 velocity_parameter=-0.452667 elapsed=5.49944s written=0
  crossing 0/250
  stopped velocity row 32 IC 574 x0=0.796786 velocity_parameter=-0.452667 status=outer_limit: trajectory reached the configured outer_limit radius
velocity row 32/120 IC 581/599 x0=0.796945 velocity_parameter=-0.452667 elapsed=5.56963s written=0
  crossing 0/250
  stopped velocity row 32 IC 581 x0=0.796945 velocity_parameter=-0.452667 status=outer_limit: trajectory reached the configured outer_limit radius
velocity row 33/120 IC 564/599 x0=0.796559 velocity_parameter=-0.4365 elapsed=5.5774s written=0
  crossing 0/250
  stopped velocity row 33 IC 564 x0=0.796559 velocity_parameter=-0.4365 status=outer_limit: trajectory reached the configured outer_limit radius
velocity row 33/120 IC 574/599 x0=0.796786 velocity_parameter=-0.4365 elapsed=5.67157s written=0
  crossing 0/250
  stopped velocity row 33 IC 574 x0=0.796786 velocity_parameter=-0.4365 status=outer_limit: trajectory reached the configured outer_limit radius
velocity row 33/120 IC 581/599 x0=0.796945 velocity_parameter=-0.4365 elapsed=5.73379s written=0
  crossing 0/250
  stopped velocity row 33 IC 581 x0=0.796945 velocity_parameter=-0.4365 status=outer_limit: trajectory reached the configured outer_limit radius
velocity row 34/120 IC 564/599 x0=0.796559 velocity_parameter=-0.420333 elapsed=5.74299s written=0
  crossing 0/250
  stopped velocity row 34 IC 564 x0=0.796559 velocity_parameter=-0.420333 status=outer_limit: trajectory reached the configured outer_limit radius
velocity row 34/120 IC 574/599 x0=0.796786 velocity_parameter=-0.420333 elapsed=5.84246s written=0
  crossing 0/250
  stopped velocity row 34 IC 574 x0=0.796786 velocity_parameter=-0.420333 status=outer_limit: trajectory reached the configured outer_limit radius
velocity row 34/120 IC 581/599 x0=0.796945 velocity_parameter=-0.420333 elapsed=5.9051s written=0
  crossing 0/250
  stopped velocity row 34 IC 581 x0=0.796945 velocity_parameter=-0.420333 status=outer_limit: trajectory reached the configured outer_limit radius
velocity row 35/120 IC 564/599 x0=0.796559 velocity_parameter=-0.404167 elapsed=5.91464s written=0
  crossing 0/250
  stopped velocity row 35 IC 564 x0=0.796559 velocity_parameter=-0.404167 status=outer_limit: trajectory reached the configured outer_limit radius
velocity row 35/120 IC 574/599 x0=0.796786 velocity_parameter=-0.404167 elapsed=5.99718s written=0
  crossing 0/250
  stopped velocity row 35 IC 574 x0=0.796786 velocity_parameter=-0.404167 status=outer_limit: trajectory reached the configured outer_limit radius
velocity row 35/120 IC 581/599 x0=0.796945 velocity_parameter=-0.404167 elapsed=6.05263s written=0
  crossing 0/250
  stopped velocity row 35 IC 581 x0=0.796945 velocity_parameter=-0.404167 status=outer_limit: trajectory reached the configured outer_limit radius
velocity row 36/120 IC 564/599 x0=0.796559 velocity_parameter=-0.388 elapsed=6.06119s written=0
  crossing 0/250
  stopped velocity row 36 IC 564 x0=0.796559 velocity_parameter=-0.388 status=outer_limit: trajectory reached the configured outer_limit radius
velocity row 36/120 IC 574/599 x0=0.796786 velocity_parameter=-0.388 elapsed=6.15345s written=0
  crossing 0/250
  stopped velocity row 36 IC 574 x0=0.796786 velocity_parameter=-0.388 status=outer_limit: trajectory reached the configured outer_limit radius
velocity row 36/120 IC 581/599 x0=0.796945 velocity_parameter=-0.388 elapsed=6.21727s written=0
  crossing 0/250
  stopped velocity row 36 IC 581 x0=0.796945 velocity_parameter=-0.388 status=outer_limit: trajectory reached the configured outer_limit radius
velocity row 37/120 IC 564/599 x0=0.796559 velocity_parameter=-0.371833 elapsed=6.22603s written=0
  crossing 0/250
  stopped velocity row 37 IC 564 x0=0.796559 velocity_parameter=-0.371833 status=outer_limit: trajectory reached the configured outer_limit radius
velocity row 37/120 IC 574/599 x0=0.796786 velocity_parameter=-0.371833 elapsed=6.30929s written=0
  crossing 0/250
  stopped velocity row 37 IC 574 x0=0.796786 velocity_parameter=-0.371833 status=outer_limit: trajectory reached the configured outer_limit radius
velocity row 37/120 IC 581/599 x0=0.796945 velocity_parameter=-0.371833 elapsed=6.36443s written=0
  crossing 0/250
  stopped velocity row 37 IC 581 x0=0.796945 velocity_parameter=-0.371833 status=outer_limit: trajectory reached the configured outer_limit radius
velocity row 38/120 IC 564/599 x0=0.796559 velocity_parameter=-0.355667 elapsed=6.37306s written=0
  crossing 0/250
  stopped velocity row 38 IC 564 x0=0.796559 velocity_parameter=-0.355667 status=outer_limit: trajectory reached the configured outer_limit radius
velocity row 38/120 IC 574/599 x0=0.796786 velocity_parameter=-0.355667 elapsed=6.46362s written=0
  crossing 0/250
  stopped velocity row 38 IC 574 x0=0.796786 velocity_parameter=-0.355667 status=outer_limit: trajectory reached the configured outer_limit radius
velocity row 38/120 IC 581/599 x0=0.796945 velocity_parameter=-0.355667 elapsed=6.52463s written=0
  crossing 0/250
  stopped velocity row 38 IC 581 x0=0.796945 velocity_parameter=-0.355667 status=outer_limit: trajectory reached the configured outer_limit radius
velocity row 39/120 IC 564/599 x0=0.796559 velocity_parameter=-0.3395 elapsed=6.53328s written=0
  crossing 0/250
  stopped velocity row 39 IC 564 x0=0.796559 velocity_parameter=-0.3395 status=outer_limit: trajectory reached the configured outer_limit radius
velocity row 39/120 IC 574/599 x0=0.796786 velocity_parameter=-0.3395 elapsed=6.6091s written=0
  crossing 0/250
  stopped velocity row 39 IC 574 x0=0.796786 velocity_parameter=-0.3395 status=outer_limit: trajectory reached the configured outer_limit radius
velocity row 39/120 IC 581/599 x0=0.796945 velocity_parameter=-0.3395 elapsed=6.66566s written=0
  crossing 0/250
  stopped velocity row 39 IC 581 x0=0.796945 velocity_parameter=-0.3395 status=outer_limit: trajectory reached the configured outer_limit radius
velocity row 40/120 IC 564/599 x0=0.796559 velocity_parameter=-0.323333 elapsed=6.67477s written=0
  crossing 0/250
  stopped velocity row 40 IC 564 x0=0.796559 velocity_parameter=-0.323333 status=outer_limit: trajectory reached the configured outer_limit radius
velocity row 40/120 IC 574/599 x0=0.796786 velocity_parameter=-0.323333 elapsed=6.74802s written=0
  crossing 0/250
  stopped velocity row 40 IC 574 x0=0.796786 velocity_parameter=-0.323333 status=outer_limit: trajectory reached the configured outer_limit radius
velocity row 40/120 IC 581/599 x0=0.796945 velocity_parameter=-0.323333 elapsed=6.80297s written=0
  crossing 0/250
  stopped velocity row 40 IC 581 x0=0.796945 velocity_parameter=-0.323333 status=outer_limit: trajectory reached the configured outer_limit radius
velocity row 41/120 IC 564/599 x0=0.796559 velocity_parameter=-0.307167 elapsed=6.80977s written=0
  crossing 0/250
  stopped velocity row 41 IC 564 x0=0.796559 velocity_parameter=-0.307167 status=outer_limit: trajectory reached the configured outer_limit radius
velocity row 41/120 IC 574/599 x0=0.796786 velocity_parameter=-0.307167 elapsed=6.89828s written=0
  crossing 0/250
  stopped velocity row 41 IC 574 x0=0.796786 velocity_parameter=-0.307167 status=outer_limit: trajectory reached the configured outer_limit radius
velocity row 41/120 IC 581/599 x0=0.796945 velocity_parameter=-0.307167 elapsed=6.96048s written=0
  crossing 0/250
  stopped velocity row 41 IC 581 x0=0.796945 velocity_parameter=-0.307167 status=outer_limit: trajectory reached the configured outer_limit radius
velocity row 42/120 IC 564/599 x0=0.796559 velocity_parameter=-0.291 elapsed=6.96904s written=0
  crossing 0/250
  stopped velocity row 42 IC 564 x0=0.796559 velocity_parameter=-0.291 status=outer_limit: trajectory reached the configured outer_limit radius
velocity row 42/120 IC 574/599 x0=0.796786 velocity_parameter=-0.291 elapsed=7.0527s written=0
  crossing 0/250
  stopped velocity row 42 IC 574 x0=0.796786 velocity_parameter=-0.291 status=outer_limit: trajectory reached the configured outer_limit radius
velocity row 42/120 IC 581/599 x0=0.796945 velocity_parameter=-0.291 elapsed=7.10868s written=0
  crossing 0/250
  stopped velocity row 42 IC 581 x0=0.796945 velocity_parameter=-0.291 status=outer_limit: trajectory reached the configured outer_limit radius
velocity row 43/120 IC 564/599 x0=0.796559 velocity_parameter=-0.274833 elapsed=7.11696s written=0
  crossing 0/250
  stopped velocity row 43 IC 564 x0=0.796559 velocity_parameter=-0.274833 status=outer_limit: trajectory reached the configured outer_limit radius
velocity row 43/120 IC 574/599 x0=0.796786 velocity_parameter=-0.274833 elapsed=7.20201s written=0
  crossing 0/250
  stopped velocity row 43 IC 574 x0=0.796786 velocity_parameter=-0.274833 status=outer_limit: trajectory reached the configured outer_limit radius
velocity row 43/120 IC 581/599 x0=0.796945 velocity_parameter=-0.274833 elapsed=7.26412s written=0
  crossing 0/250
  stopped velocity row 43 IC 581 x0=0.796945 velocity_parameter=-0.274833 status=outer_limit: trajectory reached the configured outer_limit radius
velocity row 44/120 IC 564/599 x0=0.796559 velocity_parameter=-0.258667 elapsed=7.27247s written=0
  crossing 0/250
  stopped velocity row 44 IC 564 x0=0.796559 velocity_parameter=-0.258667 status=outer_limit: trajectory reached the configured outer_limit radius
velocity row 44/120 IC 574/599 x0=0.796786 velocity_parameter=-0.258667 elapsed=7.35588s written=0
  crossing 0/250
  stopped velocity row 44 IC 574 x0=0.796786 velocity_parameter=-0.258667 status=outer_limit: trajectory reached the configured outer_limit radius
velocity row 44/120 IC 581/599 x0=0.796945 velocity_parameter=-0.258667 elapsed=7.41816s written=0
  crossing 0/250
  stopped velocity row 44 IC 581 x0=0.796945 velocity_parameter=-0.258667 status=outer_limit: trajectory reached the configured outer_limit radius
velocity row 45/120 IC 564/599 x0=0.796559 velocity_parameter=-0.2425 elapsed=7.42705s written=0
  crossing 0/250
  stopped velocity row 45 IC 564 x0=0.796559 velocity_parameter=-0.2425 status=outer_limit: trajectory reached the configured outer_limit radius
velocity row 45/120 IC 574/599 x0=0.796786 velocity_parameter=-0.2425 elapsed=7.51088s written=0
  crossing 0/250
  stopped velocity row 45 IC 574 x0=0.796786 velocity_parameter=-0.2425 status=outer_limit: trajectory reached the configured outer_limit radius
velocity row 45/120 IC 581/599 x0=0.796945 velocity_parameter=-0.2425 elapsed=7.56805s written=0
  crossing 0/250
  stopped velocity row 45 IC 581 x0=0.796945 velocity_parameter=-0.2425 status=outer_limit: trajectory reached the configured outer_limit radius
velocity row 46/120 IC 564/599 x0=0.796559 velocity_parameter=-0.226333 elapsed=7.57527s written=0
  crossing 0/250
  stopped velocity row 46 IC 564 x0=0.796559 velocity_parameter=-0.226333 status=outer_limit: trajectory reached the configured outer_limit radius
velocity row 46/120 IC 574/599 x0=0.796786 velocity_parameter=-0.226333 elapsed=7.66279s written=0
  crossing 0/250
  stopped velocity row 46 IC 574 x0=0.796786 velocity_parameter=-0.226333 status=outer_limit: trajectory reached the configured outer_limit radius
velocity row 46/120 IC 581/599 x0=0.796945 velocity_parameter=-0.226333 elapsed=7.71619s written=0
  crossing 0/250
  stopped velocity row 46 IC 581 x0=0.796945 velocity_parameter=-0.226333 status=outer_limit: trajectory reached the configured outer_limit radius
velocity row 47/120 IC 564/599 x0=0.796559 velocity_parameter=-0.210167 elapsed=7.7246s written=0
  crossing 0/250
  stopped velocity row 47 IC 564 x0=0.796559 velocity_parameter=-0.210167 status=outer_limit: trajectory reached the configured outer_limit radius
velocity row 47/120 IC 574/599 x0=0.796786 velocity_parameter=-0.210167 elapsed=7.81293s written=0
  crossing 0/250
  stopped velocity row 47 IC 574 x0=0.796786 velocity_parameter=-0.210167 status=outer_limit: trajectory reached the configured outer_limit radius
velocity row 47/120 IC 581/599 x0=0.796945 velocity_parameter=-0.210167 elapsed=7.87706s written=0
  crossing 0/250
  stopped velocity row 47 IC 581 x0=0.796945 velocity_parameter=-0.210167 status=outer_limit: trajectory reached the configured outer_limit radius
velocity row 48/120 IC 564/599 x0=0.796559 velocity_parameter=-0.194 elapsed=7.88711s written=0
  crossing 0/250
  stopped velocity row 48 IC 564 x0=0.796559 velocity_parameter=-0.194 status=outer_limit: trajectory reached the configured outer_limit radius
velocity row 48/120 IC 574/599 x0=0.796786 velocity_parameter=-0.194 elapsed=7.97581s written=0
  crossing 0/250
  stopped velocity row 48 IC 574 x0=0.796786 velocity_parameter=-0.194 status=outer_limit: trajectory reached the configured outer_limit radius
velocity row 48/120 IC 581/599 x0=0.796945 velocity_parameter=-0.194 elapsed=8.03042s written=0
  crossing 0/250
  stopped velocity row 48 IC 581 x0=0.796945 velocity_parameter=-0.194 status=outer_limit: trajectory reached the configured outer_limit radius
velocity row 49/120 IC 564/599 x0=0.796559 velocity_parameter=-0.177833 elapsed=8.03787s written=0
  crossing 0/250
  stopped velocity row 49 IC 564 x0=0.796559 velocity_parameter=-0.177833 status=outer_limit: trajectory reached the configured outer_limit radius
velocity row 49/120 IC 574/599 x0=0.796786 velocity_parameter=-0.177833 elapsed=8.12114s written=0
  crossing 0/250
  stopped velocity row 49 IC 574 x0=0.796786 velocity_parameter=-0.177833 status=outer_limit: trajectory reached the configured outer_limit radius
velocity row 49/120 IC 581/599 x0=0.796945 velocity_parameter=-0.177833 elapsed=8.17766s written=0
  crossing 0/250
  stopped velocity row 49 IC 581 x0=0.796945 velocity_parameter=-0.177833 status=outer_limit: trajectory reached the configured outer_limit radius
velocity row 50/120 IC 564/599 x0=0.796559 velocity_parameter=-0.161667 elapsed=8.18653s written=0
  crossing 0/250
  stopped velocity row 50 IC 564 x0=0.796559 velocity_parameter=-0.161667 status=outer_limit: trajectory reached the configured outer_limit radius
velocity row 50/120 IC 574/599 x0=0.796786 velocity_parameter=-0.161667 elapsed=8.26662s written=0
  crossing 0/250
  stopped velocity row 50 IC 574 x0=0.796786 velocity_parameter=-0.161667 status=outer_limit: trajectory reached the configured outer_limit radius
velocity row 50/120 IC 581/599 x0=0.796945 velocity_parameter=-0.161667 elapsed=8.33785s written=0
  crossing 0/250
  stopped velocity row 50 IC 581 x0=0.796945 velocity_parameter=-0.161667 status=outer_limit: trajectory reached the configured outer_limit radius
velocity row 51/120 IC 564/599 x0=0.796559 velocity_parameter=-0.1455 elapsed=8.3467s written=0
  crossing 0/250
  stopped velocity row 51 IC 564 x0=0.796559 velocity_parameter=-0.1455 status=outer_limit: trajectory reached the configured outer_limit radius
velocity row 51/120 IC 574/599 x0=0.796786 velocity_parameter=-0.1455 elapsed=8.44125s written=0
  crossing 0/250
  stopped velocity row 51 IC 574 x0=0.796786 velocity_parameter=-0.1455 status=outer_limit: trajectory reached the configured outer_limit radius
velocity row 51/120 IC 581/599 x0=0.796945 velocity_parameter=-0.1455 elapsed=8.50054s written=0
  crossing 0/250
  stopped velocity row 51 IC 581 x0=0.796945 velocity_parameter=-0.1455 status=outer_limit: trajectory reached the configured outer_limit radius
velocity row 52/120 IC 564/599 x0=0.796559 velocity_parameter=-0.129333 elapsed=8.50983s written=0
  crossing 0/250
  stopped velocity row 52 IC 564 x0=0.796559 velocity_parameter=-0.129333 status=outer_limit: trajectory reached the configured outer_limit radius
velocity row 52/120 IC 574/599 x0=0.796786 velocity_parameter=-0.129333 elapsed=8.61025s written=0
  crossing 0/250
  stopped velocity row 52 IC 574 x0=0.796786 velocity_parameter=-0.129333 status=outer_limit: trajectory reached the configured outer_limit radius
velocity row 52/120 IC 581/599 x0=0.796945 velocity_parameter=-0.129333 elapsed=8.67216s written=0
  crossing 0/250
  stopped velocity row 52 IC 581 x0=0.796945 velocity_parameter=-0.129333 status=outer_limit: trajectory reached the configured outer_limit radius
velocity row 53/120 IC 564/599 x0=0.796559 velocity_parameter=-0.113167 elapsed=8.68189s written=0
  crossing 0/250
  stopped velocity row 53 IC 564 x0=0.796559 velocity_parameter=-0.113167 status=outer_limit: trajectory reached the configured outer_limit radius
velocity row 53/120 IC 574/599 x0=0.796786 velocity_parameter=-0.113167 elapsed=8.76752s written=0
  crossing 0/250
  stopped velocity row 53 IC 574 x0=0.796786 velocity_parameter=-0.113167 status=outer_limit: trajectory reached the configured outer_limit radius
velocity row 53/120 IC 581/599 x0=0.796945 velocity_parameter=-0.113167 elapsed=8.81888s written=0
  crossing 0/250
  stopped velocity row 53 IC 581 x0=0.796945 velocity_parameter=-0.113167 status=outer_limit: trajectory reached the configured outer_limit radius
velocity row 54/120 IC 564/599 x0=0.796559 velocity_parameter=-0.097 elapsed=8.83004s written=0
  crossing 0/250
  stopped velocity row 54 IC 564 x0=0.796559 velocity_parameter=-0.097 status=outer_limit: trajectory reached the configured outer_limit radius
velocity row 54/120 IC 574/599 x0=0.796786 velocity_parameter=-0.097 elapsed=8.90946s written=0
  crossing 0/250
  stopped velocity row 54 IC 574 x0=0.796786 velocity_parameter=-0.097 status=outer_limit: trajectory reached the configured outer_limit radius
velocity row 54/120 IC 581/599 x0=0.796945 velocity_parameter=-0.097 elapsed=8.96329s written=0
  crossing 0/250
  stopped velocity row 54 IC 581 x0=0.796945 velocity_parameter=-0.097 status=outer_limit: trajectory reached the configured outer_limit radius
velocity row 55/120 IC 564/599 x0=0.796559 velocity_parameter=-0.0808333 elapsed=8.96905s written=0
  crossing 0/250
  stopped velocity row 55 IC 564 x0=0.796559 velocity_parameter=-0.0808333 status=outer_limit: trajectory reached the configured outer_limit radius
velocity row 55/120 IC 574/599 x0=0.796786 velocity_parameter=-0.0808333 elapsed=9.04919s written=0
  crossing 0/250
  stopped velocity row 55 IC 574 x0=0.796786 velocity_parameter=-0.0808333 status=outer_limit: trajectory reached the configured outer_limit radius
velocity row 55/120 IC 581/599 x0=0.796945 velocity_parameter=-0.0808333 elapsed=9.10774s written=0
  crossing 0/250
  stopped velocity row 55 IC 581 x0=0.796945 velocity_parameter=-0.0808333 status=outer_limit: trajectory reached the configured outer_limit radius
velocity row 56/120 IC 564/599 x0=0.796559 velocity_parameter=-0.0646667 elapsed=9.12013s written=0
  crossing 0/250
  stopped velocity row 56 IC 564 x0=0.796559 velocity_parameter=-0.0646667 status=outer_limit: trajectory reached the configured outer_limit radius
velocity row 56/120 IC 574/599 x0=0.796786 velocity_parameter=-0.0646667 elapsed=9.22835s written=0
  crossing 0/250
  stopped velocity row 56 IC 574 x0=0.796786 velocity_parameter=-0.0646667 status=outer_limit: trajectory reached the configured outer_limit radius
velocity row 56/120 IC 581/599 x0=0.796945 velocity_parameter=-0.0646667 elapsed=9.29431s written=0
  crossing 0/250
  stopped velocity row 56 IC 581 x0=0.796945 velocity_parameter=-0.0646667 status=outer_limit: trajectory reached the configured outer_limit radius
velocity row 57/120 IC 564/599 x0=0.796559 velocity_parameter=-0.0485 elapsed=9.30702s written=0
  crossing 0/250
  stopped velocity row 57 IC 564 x0=0.796559 velocity_parameter=-0.0485 status=outer_limit: trajectory reached the configured outer_limit radius
velocity row 57/120 IC 574/599 x0=0.796786 velocity_parameter=-0.0485 elapsed=9.40306s written=0
  crossing 0/250
  stopped velocity row 57 IC 574 x0=0.796786 velocity_parameter=-0.0485 status=outer_limit: trajectory reached the configured outer_limit radius
velocity row 57/120 IC 581/599 x0=0.796945 velocity_parameter=-0.0485 elapsed=9.45656s written=0
  crossing 0/250
  stopped velocity row 57 IC 581 x0=0.796945 velocity_parameter=-0.0485 status=outer_limit: trajectory reached the configured outer_limit radius
velocity row 58/120 IC 564/599 x0=0.796559 velocity_parameter=-0.0323333 elapsed=9.46354s written=0
  crossing 0/250
  stopped velocity row 58 IC 564 x0=0.796559 velocity_parameter=-0.0323333 status=outer_limit: trajectory reached the configured outer_limit radius
velocity row 58/120 IC 574/599 x0=0.796786 velocity_parameter=-0.0323333 elapsed=9.5413s written=0
  crossing 0/250
  stopped velocity row 58 IC 574 x0=0.796786 velocity_parameter=-0.0323333 status=outer_limit: trajectory reached the configured outer_limit radius
velocity row 58/120 IC 581/599 x0=0.796945 velocity_parameter=-0.0323333 elapsed=9.5941s written=0
  crossing 0/250
  stopped velocity row 58 IC 581 x0=0.796945 velocity_parameter=-0.0323333 status=outer_limit: trajectory reached the configured outer_limit radius
velocity row 59/120 IC 564/599 x0=0.796559 velocity_parameter=-0.0161667 elapsed=9.60245s written=0
  crossing 0/250
  stopped velocity row 59 IC 564 x0=0.796559 velocity_parameter=-0.0161667 status=outer_limit: trajectory reached the configured outer_limit radius
velocity row 59/120 IC 574/599 x0=0.796786 velocity_parameter=-0.0161667 elapsed=9.68639s written=0
  crossing 0/250
  stopped velocity row 59 IC 574 x0=0.796786 velocity_parameter=-0.0161667 status=outer_limit: trajectory reached the configured outer_limit radius
velocity row 59/120 IC 581/599 x0=0.796945 velocity_parameter=-0.0161667 elapsed=9.74485s written=0
  crossing 0/250
  stopped velocity row 59 IC 581 x0=0.796945 velocity_parameter=-0.0161667 status=outer_limit: trajectory reached the configured outer_limit radius
velocity row 60/120 IC 564/599 x0=0.796559 velocity_parameter=0 elapsed=9.75326s written=0
  crossing 0/250
  stopped velocity row 60 IC 564 x0=0.796559 velocity_parameter=0 status=outer_limit: trajectory reached the configured outer_limit radius
velocity row 60/120 IC 574/599 x0=0.796786 velocity_parameter=0 elapsed=9.84872s written=0
  crossing 0/250
  stopped velocity row 60 IC 574 x0=0.796786 velocity_parameter=0 status=outer_limit: trajectory reached the configured outer_limit radius
velocity row 60/120 IC 581/599 x0=0.796945 velocity_parameter=0 elapsed=9.90224s written=0
  crossing 0/250
  stopped velocity row 60 IC 581 x0=0.796945 velocity_parameter=0 status=outer_limit: trajectory reached the configured outer_limit radius
velocity row 61/120 IC 564/599 x0=0.796559 velocity_parameter=0.0161667 elapsed=9.90965s written=0
  crossing 0/250
  stopped velocity row 61 IC 564 x0=0.796559 velocity_parameter=0.0161667 status=outer_limit: trajectory reached the configured outer_limit radius
velocity row 61/120 IC 574/599 x0=0.796786 velocity_parameter=0.0161667 elapsed=9.99456s written=0
  crossing 0/250
  stopped velocity row 61 IC 574 x0=0.796786 velocity_parameter=0.0161667 status=outer_limit: trajectory reached the configured outer_limit radius
velocity row 61/120 IC 581/599 x0=0.796945 velocity_parameter=0.0161667 elapsed=10.0507s written=0
  crossing 0/250
  stopped velocity row 61 IC 581 x0=0.796945 velocity_parameter=0.0161667 status=outer_limit: trajectory reached the configured outer_limit radius
velocity row 62/120 IC 564/599 x0=0.796559 velocity_parameter=0.0323333 elapsed=10.0575s written=0
  crossing 0/250
  stopped velocity row 62 IC 564 x0=0.796559 velocity_parameter=0.0323333 status=outer_limit: trajectory reached the configured outer_limit radius
velocity row 62/120 IC 574/599 x0=0.796786 velocity_parameter=0.0323333 elapsed=10.1332s written=0
  crossing 0/250
  stopped velocity row 62 IC 574 x0=0.796786 velocity_parameter=0.0323333 status=outer_limit: trajectory reached the configured outer_limit radius
velocity row 62/120 IC 581/599 x0=0.796945 velocity_parameter=0.0323333 elapsed=10.1907s written=0
  crossing 0/250
  stopped velocity row 62 IC 581 x0=0.796945 velocity_parameter=0.0323333 status=outer_limit: trajectory reached the configured outer_limit radius
velocity row 63/120 IC 564/599 x0=0.796559 velocity_parameter=0.0485 elapsed=10.2017s written=0
  crossing 0/250
  stopped velocity row 63 IC 564 x0=0.796559 velocity_parameter=0.0485 status=outer_limit: trajectory reached the configured outer_limit radius
velocity row 63/120 IC 574/599 x0=0.796786 velocity_parameter=0.0485 elapsed=10.2767s written=0
  crossing 0/250
  stopped velocity row 63 IC 574 x0=0.796786 velocity_parameter=0.0485 status=outer_limit: trajectory reached the configured outer_limit radius
velocity row 63/120 IC 581/599 x0=0.796945 velocity_parameter=0.0485 elapsed=10.3301s written=0
  crossing 0/250
  stopped velocity row 63 IC 581 x0=0.796945 velocity_parameter=0.0485 status=outer_limit: trajectory reached the configured outer_limit radius
velocity row 64/120 IC 564/599 x0=0.796559 velocity_parameter=0.0646667 elapsed=10.3369s written=0
  crossing 0/250
  stopped velocity row 64 IC 564 x0=0.796559 velocity_parameter=0.0646667 status=outer_limit: trajectory reached the configured outer_limit radius
velocity row 64/120 IC 574/599 x0=0.796786 velocity_parameter=0.0646667 elapsed=10.4108s written=0
  crossing 0/250
  stopped velocity row 64 IC 574 x0=0.796786 velocity_parameter=0.0646667 status=outer_limit: trajectory reached the configured outer_limit radius
velocity row 64/120 IC 581/599 x0=0.796945 velocity_parameter=0.0646667 elapsed=10.4652s written=0
  crossing 0/250
  stopped velocity row 64 IC 581 x0=0.796945 velocity_parameter=0.0646667 status=outer_limit: trajectory reached the configured outer_limit radius
velocity row 65/120 IC 564/599 x0=0.796559 velocity_parameter=0.0808333 elapsed=10.4726s written=0
  crossing 0/250
  stopped velocity row 65 IC 564 x0=0.796559 velocity_parameter=0.0808333 status=outer_limit: trajectory reached the configured outer_limit radius
velocity row 65/120 IC 574/599 x0=0.796786 velocity_parameter=0.0808333 elapsed=10.5593s written=0
  crossing 0/250
  stopped velocity row 65 IC 574 x0=0.796786 velocity_parameter=0.0808333 status=outer_limit: trajectory reached the configured outer_limit radius
velocity row 65/120 IC 581/599 x0=0.796945 velocity_parameter=0.0808333 elapsed=10.6114s written=0
  crossing 0/250
  stopped velocity row 65 IC 581 x0=0.796945 velocity_parameter=0.0808333 status=outer_limit: trajectory reached the configured outer_limit radius
velocity row 66/120 IC 564/599 x0=0.796559 velocity_parameter=0.097 elapsed=10.6214s written=0
  crossing 0/250
  stopped velocity row 66 IC 564 x0=0.796559 velocity_parameter=0.097 status=outer_limit: trajectory reached the configured outer_limit radius
velocity row 66/120 IC 574/599 x0=0.796786 velocity_parameter=0.097 elapsed=10.6944s written=0
  crossing 0/250
  stopped velocity row 66 IC 574 x0=0.796786 velocity_parameter=0.097 status=outer_limit: trajectory reached the configured outer_limit radius
velocity row 66/120 IC 581/599 x0=0.796945 velocity_parameter=0.097 elapsed=10.7459s written=0
  crossing 0/250
  stopped velocity row 66 IC 581 x0=0.796945 velocity_parameter=0.097 status=outer_limit: trajectory reached the configured outer_limit radius
velocity row 67/120 IC 564/599 x0=0.796559 velocity_parameter=0.113167 elapsed=10.754s written=0
  crossing 0/250
  stopped velocity row 67 IC 564 x0=0.796559 velocity_parameter=0.113167 status=outer_limit: trajectory reached the configured outer_limit radius
velocity row 67/120 IC 574/599 x0=0.796786 velocity_parameter=0.113167 elapsed=10.8276s written=0
  crossing 0/250
  stopped velocity row 67 IC 574 x0=0.796786 velocity_parameter=0.113167 status=outer_limit: trajectory reached the configured outer_limit radius
velocity row 67/120 IC 581/599 x0=0.796945 velocity_parameter=0.113167 elapsed=10.8805s written=0
  crossing 0/250
  stopped velocity row 67 IC 581 x0=0.796945 velocity_parameter=0.113167 status=outer_limit: trajectory reached the configured outer_limit radius
velocity row 68/120 IC 564/599 x0=0.796559 velocity_parameter=0.129333 elapsed=10.888s written=0
  crossing 0/250
  stopped velocity row 68 IC 564 x0=0.796559 velocity_parameter=0.129333 status=outer_limit: trajectory reached the configured outer_limit radius
velocity row 68/120 IC 574/599 x0=0.796786 velocity_parameter=0.129333 elapsed=10.9652s written=0
  crossing 0/250
  stopped velocity row 68 IC 574 x0=0.796786 velocity_parameter=0.129333 status=outer_limit: trajectory reached the configured outer_limit radius
velocity row 68/120 IC 581/599 x0=0.796945 velocity_parameter=0.129333 elapsed=11.0243s written=0
  crossing 0/250
  stopped velocity row 68 IC 581 x0=0.796945 velocity_parameter=0.129333 status=outer_limit: trajectory reached the configured outer_limit radius
velocity row 69/120 IC 564/599 x0=0.796559 velocity_parameter=0.1455 elapsed=11.0305s written=0
  crossing 0/250
  stopped velocity row 69 IC 564 x0=0.796559 velocity_parameter=0.1455 status=outer_limit: trajectory reached the configured outer_limit radius
velocity row 69/120 IC 574/599 x0=0.796786 velocity_parameter=0.1455 elapsed=11.1063s written=0
  crossing 0/250
  stopped velocity row 69 IC 574 x0=0.796786 velocity_parameter=0.1455 status=outer_limit: trajectory reached the configured outer_limit radius
velocity row 69/120 IC 581/599 x0=0.796945 velocity_parameter=0.1455 elapsed=11.159s written=0
  crossing 0/250
  stopped velocity row 69 IC 581 x0=0.796945 velocity_parameter=0.1455 status=outer_limit: trajectory reached the configured outer_limit radius
velocity row 70/120 IC 564/599 x0=0.796559 velocity_parameter=0.161667 elapsed=11.168s written=0
  crossing 0/250
  stopped velocity row 70 IC 564 x0=0.796559 velocity_parameter=0.161667 status=outer_limit: trajectory reached the configured outer_limit radius
velocity row 70/120 IC 574/599 x0=0.796786 velocity_parameter=0.161667 elapsed=11.2422s written=0
  crossing 0/250
  stopped velocity row 70 IC 574 x0=0.796786 velocity_parameter=0.161667 status=outer_limit: trajectory reached the configured outer_limit radius
velocity row 70/120 IC 581/599 x0=0.796945 velocity_parameter=0.161667 elapsed=11.3085s written=0
  crossing 0/250
  stopped velocity row 70 IC 581 x0=0.796945 velocity_parameter=0.161667 status=outer_limit: trajectory reached the configured outer_limit radius
velocity row 71/120 IC 564/599 x0=0.796559 velocity_parameter=0.177833 elapsed=11.3149s written=0
  crossing 0/250
  stopped velocity row 71 IC 564 x0=0.796559 velocity_parameter=0.177833 status=outer_limit: trajectory reached the configured outer_limit radius
velocity row 71/120 IC 574/599 x0=0.796786 velocity_parameter=0.177833 elapsed=11.3887s written=0
  crossing 0/250
  stopped velocity row 71 IC 574 x0=0.796786 velocity_parameter=0.177833 status=outer_limit: trajectory reached the configured outer_limit radius
velocity row 71/120 IC 581/599 x0=0.796945 velocity_parameter=0.177833 elapsed=11.4487s written=0
  crossing 0/250
  stopped velocity row 71 IC 581 x0=0.796945 velocity_parameter=0.177833 status=outer_limit: trajectory reached the configured outer_limit radius
velocity row 72/120 IC 564/599 x0=0.796559 velocity_parameter=0.194 elapsed=11.4545s written=0
  crossing 0/250
  stopped velocity row 72 IC 564 x0=0.796559 velocity_parameter=0.194 status=outer_limit: trajectory reached the configured outer_limit radius
velocity row 72/120 IC 574/599 x0=0.796786 velocity_parameter=0.194 elapsed=11.5361s written=0
  crossing 0/250
  stopped velocity row 72 IC 574 x0=0.796786 velocity_parameter=0.194 status=outer_limit: trajectory reached the configured outer_limit radius
velocity row 72/120 IC 581/599 x0=0.796945 velocity_parameter=0.194 elapsed=11.589s written=0
  crossing 0/250
  stopped velocity row 72 IC 581 x0=0.796945 velocity_parameter=0.194 status=outer_limit: trajectory reached the configured outer_limit radius
velocity row 73/120 IC 564/599 x0=0.796559 velocity_parameter=0.210167 elapsed=11.5954s written=0
  crossing 0/250
  stopped velocity row 73 IC 564 x0=0.796559 velocity_parameter=0.210167 status=outer_limit: trajectory reached the configured outer_limit radius
velocity row 73/120 IC 574/599 x0=0.796786 velocity_parameter=0.210167 elapsed=11.6734s written=0
  crossing 0/250
  stopped velocity row 73 IC 574 x0=0.796786 velocity_parameter=0.210167 status=outer_limit: trajectory reached the configured outer_limit radius
velocity row 73/120 IC 581/599 x0=0.796945 velocity_parameter=0.210167 elapsed=11.7275s written=0
  crossing 0/250
  stopped velocity row 73 IC 581 x0=0.796945 velocity_parameter=0.210167 status=outer_limit: trajectory reached the configured outer_limit radius
velocity row 74/120 IC 564/599 x0=0.796559 velocity_parameter=0.226333 elapsed=11.734s written=0
  crossing 0/250
  stopped velocity row 74 IC 564 x0=0.796559 velocity_parameter=0.226333 status=outer_limit: trajectory reached the configured outer_limit radius
velocity row 74/120 IC 574/599 x0=0.796786 velocity_parameter=0.226333 elapsed=11.8089s written=0
  crossing 0/250
  stopped velocity row 74 IC 574 x0=0.796786 velocity_parameter=0.226333 status=outer_limit: trajectory reached the configured outer_limit radius
velocity row 74/120 IC 581/599 x0=0.796945 velocity_parameter=0.226333 elapsed=11.8605s written=0
  crossing 0/250
  stopped velocity row 74 IC 581 x0=0.796945 velocity_parameter=0.226333 status=outer_limit: trajectory reached the configured outer_limit radius
velocity row 75/120 IC 564/599 x0=0.796559 velocity_parameter=0.2425 elapsed=11.868s written=0
  crossing 0/250
  stopped velocity row 75 IC 564 x0=0.796559 velocity_parameter=0.2425 status=outer_limit: trajectory reached the configured outer_limit radius
velocity row 75/120 IC 574/599 x0=0.796786 velocity_parameter=0.2425 elapsed=11.9372s written=0
  crossing 0/250
  stopped velocity row 75 IC 574 x0=0.796786 velocity_parameter=0.2425 status=outer_limit: trajectory reached the configured outer_limit radius
velocity row 75/120 IC 581/599 x0=0.796945 velocity_parameter=0.2425 elapsed=11.9887s written=0
  crossing 0/250
  stopped velocity row 75 IC 581 x0=0.796945 velocity_parameter=0.2425 status=outer_limit: trajectory reached the configured outer_limit radius
velocity row 76/120 IC 564/599 x0=0.796559 velocity_parameter=0.258667 elapsed=11.9963s written=0
  crossing 0/250
  stopped velocity row 76 IC 564 x0=0.796559 velocity_parameter=0.258667 status=outer_limit: trajectory reached the configured outer_limit radius
velocity row 76/120 IC 574/599 x0=0.796786 velocity_parameter=0.258667 elapsed=12.0699s written=0
  crossing 0/250
  stopped velocity row 76 IC 574 x0=0.796786 velocity_parameter=0.258667 status=outer_limit: trajectory reached the configured outer_limit radius
velocity row 76/120 IC 581/599 x0=0.796945 velocity_parameter=0.258667 elapsed=12.1237s written=0
  crossing 0/250
  stopped velocity row 76 IC 581 x0=0.796945 velocity_parameter=0.258667 status=outer_limit: trajectory reached the configured outer_limit radius
velocity row 77/120 IC 564/599 x0=0.796559 velocity_parameter=0.274833 elapsed=12.1314s written=0
  crossing 0/250
  stopped velocity row 77 IC 564 x0=0.796559 velocity_parameter=0.274833 status=outer_limit: trajectory reached the configured outer_limit radius
velocity row 77/120 IC 574/599 x0=0.796786 velocity_parameter=0.274833 elapsed=12.2126s written=0
  crossing 0/250
  stopped velocity row 77 IC 574 x0=0.796786 velocity_parameter=0.274833 status=outer_limit: trajectory reached the configured outer_limit radius
velocity row 77/120 IC 581/599 x0=0.796945 velocity_parameter=0.274833 elapsed=12.2771s written=0
  crossing 0/250
  stopped velocity row 77 IC 581 x0=0.796945 velocity_parameter=0.274833 status=outer_limit: trajectory reached the configured outer_limit radius
velocity row 78/120 IC 564/599 x0=0.796559 velocity_parameter=0.291 elapsed=12.2885s written=0
  crossing 0/250
  stopped velocity row 78 IC 564 x0=0.796559 velocity_parameter=0.291 status=outer_limit: trajectory reached the configured outer_limit radius
velocity row 78/120 IC 574/599 x0=0.796786 velocity_parameter=0.291 elapsed=12.3563s written=0
  crossing 0/250
  stopped velocity row 78 IC 574 x0=0.796786 velocity_parameter=0.291 status=outer_limit: trajectory reached the configured outer_limit radius
velocity row 78/120 IC 581/599 x0=0.796945 velocity_parameter=0.291 elapsed=12.4051s written=0
  crossing 0/250
  stopped velocity row 78 IC 581 x0=0.796945 velocity_parameter=0.291 status=outer_limit: trajectory reached the configured outer_limit radius
velocity row 79/120 IC 564/599 x0=0.796559 velocity_parameter=0.307167 elapsed=12.4125s written=0
  crossing 0/250
  stopped velocity row 79 IC 564 x0=0.796559 velocity_parameter=0.307167 status=outer_limit: trajectory reached the configured outer_limit radius
velocity row 79/120 IC 574/599 x0=0.796786 velocity_parameter=0.307167 elapsed=12.4847s written=0
  crossing 0/250
  stopped velocity row 79 IC 574 x0=0.796786 velocity_parameter=0.307167 status=outer_limit: trajectory reached the configured outer_limit radius
velocity row 79/120 IC 581/599 x0=0.796945 velocity_parameter=0.307167 elapsed=12.5377s written=0
  crossing 0/250
  stopped velocity row 79 IC 581 x0=0.796945 velocity_parameter=0.307167 status=outer_limit: trajectory reached the configured outer_limit radius
velocity row 80/120 IC 564/599 x0=0.796559 velocity_parameter=0.323333 elapsed=12.5441s written=0
  crossing 0/250
  stopped velocity row 80 IC 564 x0=0.796559 velocity_parameter=0.323333 status=outer_limit: trajectory reached the configured outer_limit radius
velocity row 80/120 IC 574/599 x0=0.796786 velocity_parameter=0.323333 elapsed=12.6111s written=0
  crossing 0/250
  stopped velocity row 80 IC 574 x0=0.796786 velocity_parameter=0.323333 status=outer_limit: trajectory reached the configured outer_limit radius
velocity row 80/120 IC 581/599 x0=0.796945 velocity_parameter=0.323333 elapsed=12.6591s written=0
  crossing 0/250
  stopped velocity row 80 IC 581 x0=0.796945 velocity_parameter=0.323333 status=outer_limit: trajectory reached the configured outer_limit radius
velocity row 81/120 IC 564/599 x0=0.796559 velocity_parameter=0.3395 elapsed=12.6661s written=0
  crossing 0/250
  stopped velocity row 81 IC 564 x0=0.796559 velocity_parameter=0.3395 status=outer_limit: trajectory reached the configured outer_limit radius
velocity row 81/120 IC 574/599 x0=0.796786 velocity_parameter=0.3395 elapsed=12.7371s written=0
  crossing 0/250
  stopped velocity row 81 IC 574 x0=0.796786 velocity_parameter=0.3395 status=outer_limit: trajectory reached the configured outer_limit radius
velocity row 81/120 IC 581/599 x0=0.796945 velocity_parameter=0.3395 elapsed=12.7881s written=0
  crossing 0/250
  stopped velocity row 81 IC 581 x0=0.796945 velocity_parameter=0.3395 status=outer_limit: trajectory reached the configured outer_limit radius
velocity row 82/120 IC 564/599 x0=0.796559 velocity_parameter=0.355667 elapsed=12.7966s written=0
  crossing 0/250
  stopped velocity row 82 IC 564 x0=0.796559 velocity_parameter=0.355667 status=outer_limit: trajectory reached the configured outer_limit radius
velocity row 82/120 IC 574/599 x0=0.796786 velocity_parameter=0.355667 elapsed=12.8636s written=0
  crossing 0/250
  stopped velocity row 82 IC 574 x0=0.796786 velocity_parameter=0.355667 status=outer_limit: trajectory reached the configured outer_limit radius
velocity row 82/120 IC 581/599 x0=0.796945 velocity_parameter=0.355667 elapsed=12.9072s written=0
  crossing 0/250
  stopped velocity row 82 IC 581 x0=0.796945 velocity_parameter=0.355667 status=outer_limit: trajectory reached the configured outer_limit radius
velocity row 83/120 IC 564/599 x0=0.796559 velocity_parameter=0.371833 elapsed=12.9142s written=0
  crossing 0/250
  stopped velocity row 83 IC 564 x0=0.796559 velocity_parameter=0.371833 status=outer_limit: trajectory reached the configured outer_limit radius
velocity row 83/120 IC 574/599 x0=0.796786 velocity_parameter=0.371833 elapsed=12.9816s written=0
  crossing 0/250
  stopped velocity row 83 IC 574 x0=0.796786 velocity_parameter=0.371833 status=outer_limit: trajectory reached the configured outer_limit radius
velocity row 83/120 IC 581/599 x0=0.796945 velocity_parameter=0.371833 elapsed=13.0319s written=0
  crossing 0/250
  stopped velocity row 83 IC 581 x0=0.796945 velocity_parameter=0.371833 status=outer_limit: trajectory reached the configured outer_limit radius
velocity row 84/120 IC 564/599 x0=0.796559 velocity_parameter=0.388 elapsed=13.0412s written=0
  crossing 0/250
  stopped velocity row 84 IC 564 x0=0.796559 velocity_parameter=0.388 status=outer_limit: trajectory reached the configured outer_limit radius
velocity row 84/120 IC 574/599 x0=0.796786 velocity_parameter=0.388 elapsed=13.1095s written=0
  crossing 0/250
  stopped velocity row 84 IC 574 x0=0.796786 velocity_parameter=0.388 status=outer_limit: trajectory reached the configured outer_limit radius
velocity row 84/120 IC 581/599 x0=0.796945 velocity_parameter=0.388 elapsed=13.1577s written=0
  crossing 0/250
  stopped velocity row 84 IC 581 x0=0.796945 velocity_parameter=0.388 status=outer_limit: trajectory reached the configured outer_limit radius
velocity row 85/120 IC 564/599 x0=0.796559 velocity_parameter=0.404167 elapsed=13.1654s written=0
  crossing 0/250
  stopped velocity row 85 IC 564 x0=0.796559 velocity_parameter=0.404167 status=outer_limit: trajectory reached the configured outer_limit radius
velocity row 85/120 IC 574/599 x0=0.796786 velocity_parameter=0.404167 elapsed=13.2395s written=0
  crossing 0/250
  stopped velocity row 85 IC 574 x0=0.796786 velocity_parameter=0.404167 status=outer_limit: trajectory reached the configured outer_limit radius
velocity row 85/120 IC 581/599 x0=0.796945 velocity_parameter=0.404167 elapsed=13.297s written=0
  crossing 0/250
  stopped velocity row 85 IC 581 x0=0.796945 velocity_parameter=0.404167 status=outer_limit: trajectory reached the configured outer_limit radius
velocity row 86/120 IC 564/599 x0=0.796559 velocity_parameter=0.420333 elapsed=13.3037s written=0
  crossing 0/250
  stopped velocity row 86 IC 564 x0=0.796559 velocity_parameter=0.420333 status=outer_limit: trajectory reached the configured outer_limit radius
velocity row 86/120 IC 574/599 x0=0.796786 velocity_parameter=0.420333 elapsed=13.3805s written=0
  crossing 0/250
  stopped velocity row 86 IC 574 x0=0.796786 velocity_parameter=0.420333 status=outer_limit: trajectory reached the configured outer_limit radius
velocity row 86/120 IC 581/599 x0=0.796945 velocity_parameter=0.420333 elapsed=13.4337s written=0
  crossing 0/250
  stopped velocity row 86 IC 581 x0=0.796945 velocity_parameter=0.420333 status=outer_limit: trajectory reached the configured outer_limit radius
velocity row 87/120 IC 564/599 x0=0.796559 velocity_parameter=0.4365 elapsed=13.443s written=0
  crossing 0/250
  stopped velocity row 87 IC 564 x0=0.796559 velocity_parameter=0.4365 status=outer_limit: trajectory reached the configured outer_limit radius
velocity row 87/120 IC 574/599 x0=0.796786 velocity_parameter=0.4365 elapsed=13.5139s written=0
  crossing 0/250
  stopped velocity row 87 IC 574 x0=0.796786 velocity_parameter=0.4365 status=outer_limit: trajectory reached the configured outer_limit radius
velocity row 87/120 IC 581/599 x0=0.796945 velocity_parameter=0.4365 elapsed=13.5657s written=0
  crossing 0/250
  stopped velocity row 87 IC 581 x0=0.796945 velocity_parameter=0.4365 status=outer_limit: trajectory reached the configured outer_limit radius
velocity row 88/120 IC 564/599 x0=0.796559 velocity_parameter=0.452667 elapsed=13.5723s written=0
  crossing 0/250
  stopped velocity row 88 IC 564 x0=0.796559 velocity_parameter=0.452667 status=outer_limit: trajectory reached the configured outer_limit radius
velocity row 88/120 IC 574/599 x0=0.796786 velocity_parameter=0.452667 elapsed=13.6483s written=0
  crossing 0/250
  stopped velocity row 88 IC 574 x0=0.796786 velocity_parameter=0.452667 status=outer_limit: trajectory reached the configured outer_limit radius
velocity row 88/120 IC 581/599 x0=0.796945 velocity_parameter=0.452667 elapsed=13.7142s written=0
  crossing 0/250
  stopped velocity row 88 IC 581 x0=0.796945 velocity_parameter=0.452667 status=outer_limit: trajectory reached the configured outer_limit radius
velocity row 89/120 IC 564/599 x0=0.796559 velocity_parameter=0.468833 elapsed=13.7318s written=0
  crossing 0/250
  stopped velocity row 89 IC 564 x0=0.796559 velocity_parameter=0.468833 status=outer_limit: trajectory reached the configured outer_limit radius
velocity row 89/120 IC 574/599 x0=0.796786 velocity_parameter=0.468833 elapsed=13.8106s written=0
  crossing 0/250
  stopped velocity row 89 IC 574 x0=0.796786 velocity_parameter=0.468833 status=outer_limit: trajectory reached the configured outer_limit radius
velocity row 89/120 IC 581/599 x0=0.796945 velocity_parameter=0.468833 elapsed=13.8602s written=0
  crossing 0/250
  stopped velocity row 89 IC 581 x0=0.796945 velocity_parameter=0.468833 status=outer_limit: trajectory reached the configured outer_limit radius
velocity row 90/120 IC 564/599 x0=0.796559 velocity_parameter=0.485 elapsed=13.8675s written=0
  crossing 0/250
  stopped velocity row 90 IC 564 x0=0.796559 velocity_parameter=0.485 status=outer_limit: trajectory reached the configured outer_limit radius
velocity row 90/120 IC 574/599 x0=0.796786 velocity_parameter=0.485 elapsed=13.9344s written=0
  crossing 0/250
  stopped velocity row 90 IC 574 x0=0.796786 velocity_parameter=0.485 status=outer_limit: trajectory reached the configured outer_limit radius
velocity row 90/120 IC 581/599 x0=0.796945 velocity_parameter=0.485 elapsed=13.9816s written=0
  crossing 0/250
  stopped velocity row 90 IC 581 x0=0.796945 velocity_parameter=0.485 status=outer_limit: trajectory reached the configured outer_limit radius
velocity row 91/120 IC 564/599 x0=0.796559 velocity_parameter=0.501167 elapsed=13.9893s written=0
  crossing 0/250
  stopped velocity row 91 IC 564 x0=0.796559 velocity_parameter=0.501167 status=outer_limit: trajectory reached the configured outer_limit radius
velocity row 91/120 IC 574/599 x0=0.796786 velocity_parameter=0.501167 elapsed=14.0573s written=0
  crossing 0/250
  stopped velocity row 91 IC 574 x0=0.796786 velocity_parameter=0.501167 status=outer_limit: trajectory reached the configured outer_limit radius
velocity row 91/120 IC 581/599 x0=0.796945 velocity_parameter=0.501167 elapsed=14.1105s written=0
  crossing 0/250
  stopped velocity row 91 IC 581 x0=0.796945 velocity_parameter=0.501167 status=outer_limit: trajectory reached the configured outer_limit radius
velocity row 92/120 IC 564/599 x0=0.796559 velocity_parameter=0.517333 elapsed=14.1169s written=0
  crossing 0/250
  stopped velocity row 92 IC 564 x0=0.796559 velocity_parameter=0.517333 status=outer_limit: trajectory reached the configured outer_limit radius
velocity row 92/120 IC 574/599 x0=0.796786 velocity_parameter=0.517333 elapsed=14.187s written=0
  crossing 0/250
  stopped velocity row 92 IC 574 x0=0.796786 velocity_parameter=0.517333 status=outer_limit: trajectory reached the configured outer_limit radius
velocity row 92/120 IC 581/599 x0=0.796945 velocity_parameter=0.517333 elapsed=14.2369s written=0
  crossing 0/250
  stopped velocity row 92 IC 581 x0=0.796945 velocity_parameter=0.517333 status=outer_limit: trajectory reached the configured outer_limit radius
velocity row 93/120 IC 564/599 x0=0.796559 velocity_parameter=0.5335 elapsed=14.2434s written=0
  crossing 0/250
  stopped velocity row 93 IC 564 x0=0.796559 velocity_parameter=0.5335 status=outer_limit: trajectory reached the configured outer_limit radius
velocity row 93/120 IC 574/599 x0=0.796786 velocity_parameter=0.5335 elapsed=14.3106s written=0
  crossing 0/250
  stopped velocity row 93 IC 574 x0=0.796786 velocity_parameter=0.5335 status=outer_limit: trajectory reached the configured outer_limit radius
velocity row 93/120 IC 581/599 x0=0.796945 velocity_parameter=0.5335 elapsed=14.356s written=0
  crossing 0/250
  stopped velocity row 93 IC 581 x0=0.796945 velocity_parameter=0.5335 status=outer_limit: trajectory reached the configured outer_limit radius
velocity row 94/120 IC 564/599 x0=0.796559 velocity_parameter=0.549667 elapsed=14.3632s written=0
  crossing 0/250
  stopped velocity row 94 IC 564 x0=0.796559 velocity_parameter=0.549667 status=outer_limit: trajectory reached the configured outer_limit radius
velocity row 94/120 IC 574/599 x0=0.796786 velocity_parameter=0.549667 elapsed=14.4302s written=0
  crossing 0/250
  stopped velocity row 94 IC 574 x0=0.796786 velocity_parameter=0.549667 status=outer_limit: trajectory reached the configured outer_limit radius
velocity row 94/120 IC 581/599 x0=0.796945 velocity_parameter=0.549667 elapsed=14.4769s written=0
  crossing 0/250
  stopped velocity row 94 IC 581 x0=0.796945 velocity_parameter=0.549667 status=outer_limit: trajectory reached the configured outer_limit radius
velocity row 95/120 IC 564/599 x0=0.796559 velocity_parameter=0.565833 elapsed=14.4857s written=0
  crossing 0/250
  stopped velocity row 95 IC 564 x0=0.796559 velocity_parameter=0.565833 status=outer_limit: trajectory reached the configured outer_limit radius
velocity row 95/120 IC 574/599 x0=0.796786 velocity_parameter=0.565833 elapsed=14.5611s written=0
  crossing 0/250
  stopped velocity row 95 IC 574 x0=0.796786 velocity_parameter=0.565833 status=outer_limit: trajectory reached the configured outer_limit radius
velocity row 95/120 IC 581/599 x0=0.796945 velocity_parameter=0.565833 elapsed=14.6054s written=0
  crossing 0/250
  stopped velocity row 95 IC 581 x0=0.796945 velocity_parameter=0.565833 status=outer_limit: trajectory reached the configured outer_limit radius
velocity row 96/120 IC 564/599 x0=0.796559 velocity_parameter=0.582 elapsed=14.6137s written=0
  crossing 0/250
  stopped velocity row 96 IC 564 x0=0.796559 velocity_parameter=0.582 status=outer_limit: trajectory reached the configured outer_limit radius
velocity row 96/120 IC 574/599 x0=0.796786 velocity_parameter=0.582 elapsed=14.6854s written=0
  crossing 0/250
  stopped velocity row 96 IC 574 x0=0.796786 velocity_parameter=0.582 status=outer_limit: trajectory reached the configured outer_limit radius
velocity row 96/120 IC 581/599 x0=0.796945 velocity_parameter=0.582 elapsed=14.7366s written=0
  crossing 0/250
  stopped velocity row 96 IC 581 x0=0.796945 velocity_parameter=0.582 status=outer_limit: trajectory reached the configured outer_limit radius
velocity row 97/120 IC 564/599 x0=0.796559 velocity_parameter=0.598167 elapsed=14.7487s written=0
  crossing 0/250
  stopped velocity row 97 IC 564 x0=0.796559 velocity_parameter=0.598167 status=outer_limit: trajectory reached the configured outer_limit radius
velocity row 97/120 IC 574/599 x0=0.796786 velocity_parameter=0.598167 elapsed=14.8256s written=0
  crossing 0/250
  stopped velocity row 97 IC 574 x0=0.796786 velocity_parameter=0.598167 status=outer_limit: trajectory reached the configured outer_limit radius
velocity row 97/120 IC 581/599 x0=0.796945 velocity_parameter=0.598167 elapsed=14.87s written=0
  crossing 0/250
  stopped velocity row 97 IC 581 x0=0.796945 velocity_parameter=0.598167 status=outer_limit: trajectory reached the configured outer_limit radius
velocity row 98/120 IC 564/599 x0=0.796559 velocity_parameter=0.614333 elapsed=14.8812s written=0
  crossing 0/250
  stopped velocity row 98 IC 564 x0=0.796559 velocity_parameter=0.614333 status=outer_limit: trajectory reached the configured outer_limit radius
velocity row 98/120 IC 574/599 x0=0.796786 velocity_parameter=0.614333 elapsed=14.9523s written=0
  crossing 0/250
  stopped velocity row 98 IC 574 x0=0.796786 velocity_parameter=0.614333 status=outer_limit: trajectory reached the configured outer_limit radius
velocity row 98/120 IC 581/599 x0=0.796945 velocity_parameter=0.614333 elapsed=15.004s written=0
  crossing 0/250
  stopped velocity row 98 IC 581 x0=0.796945 velocity_parameter=0.614333 status=outer_limit: trajectory reached the configured outer_limit radius
velocity row 99/120 IC 564/599 x0=0.796559 velocity_parameter=0.6305 elapsed=15.0124s written=0
  crossing 0/250
  stopped velocity row 99 IC 564 x0=0.796559 velocity_parameter=0.6305 status=outer_limit: trajectory reached the configured outer_limit radius
velocity row 99/120 IC 574/599 x0=0.796786 velocity_parameter=0.6305 elapsed=15.1047s written=0
  crossing 0/250
  stopped velocity row 99 IC 574 x0=0.796786 velocity_parameter=0.6305 status=outer_limit: trajectory reached the configured outer_limit radius
velocity row 99/120 IC 581/599 x0=0.796945 velocity_parameter=0.6305 elapsed=15.1499s written=0
  crossing 0/250
  stopped velocity row 99 IC 581 x0=0.796945 velocity_parameter=0.6305 status=outer_limit: trajectory reached the configured outer_limit radius
velocity row 100/120 IC 564/599 x0=0.796559 velocity_parameter=0.646667 elapsed=15.1585s written=0
  crossing 0/250
  stopped velocity row 100 IC 564 x0=0.796559 velocity_parameter=0.646667 status=outer_limit: trajectory reached the configured outer_limit radius
velocity row 100/120 IC 574/599 x0=0.796786 velocity_parameter=0.646667 elapsed=15.2209s written=0
  crossing 0/250
  stopped velocity row 100 IC 574 x0=0.796786 velocity_parameter=0.646667 status=outer_limit: trajectory reached the configured outer_limit radius
velocity row 100/120 IC 581/599 x0=0.796945 velocity_parameter=0.646667 elapsed=15.2677s written=0
  crossing 0/250
  stopped velocity row 100 IC 581 x0=0.796945 velocity_parameter=0.646667 status=outer_limit: trajectory reached the configured outer_limit radius
velocity row 101/120 IC 564/599 x0=0.796559 velocity_parameter=0.662833 elapsed=15.2742s written=0
  crossing 0/250
  stopped velocity row 101 IC 564 x0=0.796559 velocity_parameter=0.662833 status=outer_limit: trajectory reached the configured outer_limit radius
velocity row 101/120 IC 574/599 x0=0.796786 velocity_parameter=0.662833 elapsed=15.3485s written=0
  crossing 0/250
  stopped velocity row 101 IC 574 x0=0.796786 velocity_parameter=0.662833 status=outer_limit: trajectory reached the configured outer_limit radius
velocity row 101/120 IC 581/599 x0=0.796945 velocity_parameter=0.662833 elapsed=15.3985s written=0
  crossing 0/250
  stopped velocity row 101 IC 581 x0=0.796945 velocity_parameter=0.662833 status=outer_limit: trajectory reached the configured outer_limit radius
velocity row 102/120 IC 564/599 x0=0.796559 velocity_parameter=0.679 elapsed=15.4096s written=0
  crossing 0/250
  stopped velocity row 102 IC 564 x0=0.796559 velocity_parameter=0.679 status=outer_limit: trajectory reached the configured outer_limit radius
velocity row 102/120 IC 574/599 x0=0.796786 velocity_parameter=0.679 elapsed=15.4757s written=0
  crossing 0/250
  stopped velocity row 102 IC 574 x0=0.796786 velocity_parameter=0.679 status=outer_limit: trajectory reached the configured outer_limit radius
velocity row 102/120 IC 581/599 x0=0.796945 velocity_parameter=0.679 elapsed=15.5243s written=0
  crossing 0/250
  stopped velocity row 102 IC 581 x0=0.796945 velocity_parameter=0.679 status=outer_limit: trajectory reached the configured outer_limit radius
velocity row 103/120 IC 564/599 x0=0.796559 velocity_parameter=0.695167 elapsed=15.5308s written=0
  crossing 0/250
  stopped velocity row 103 IC 564 x0=0.796559 velocity_parameter=0.695167 status=outer_limit: trajectory reached the configured outer_limit radius
velocity row 103/120 IC 574/599 x0=0.796786 velocity_parameter=0.695167 elapsed=15.5977s written=0
  crossing 0/250
  stopped velocity row 103 IC 574 x0=0.796786 velocity_parameter=0.695167 status=outer_limit: trajectory reached the configured outer_limit radius
velocity row 103/120 IC 581/599 x0=0.796945 velocity_parameter=0.695167 elapsed=15.6551s written=0
  crossing 0/250
  stopped velocity row 103 IC 581 x0=0.796945 velocity_parameter=0.695167 status=outer_limit: trajectory reached the configured outer_limit radius
velocity row 104/120 IC 564/599 x0=0.796559 velocity_parameter=0.711333 elapsed=15.6622s written=0
  crossing 0/250
  stopped velocity row 104 IC 564 x0=0.796559 velocity_parameter=0.711333 status=outer_limit: trajectory reached the configured outer_limit radius
velocity row 104/120 IC 574/599 x0=0.796786 velocity_parameter=0.711333 elapsed=15.7425s written=0
  crossing 0/250
  stopped velocity row 104 IC 574 x0=0.796786 velocity_parameter=0.711333 status=outer_limit: trajectory reached the configured outer_limit radius
velocity row 104/120 IC 581/599 x0=0.796945 velocity_parameter=0.711333 elapsed=15.7939s written=0
  crossing 0/250
  stopped velocity row 104 IC 581 x0=0.796945 velocity_parameter=0.711333 status=outer_limit: trajectory reached the configured outer_limit radius
velocity row 105/120 IC 564/599 x0=0.796559 velocity_parameter=0.7275 elapsed=15.8027s written=0
  crossing 0/250
  stopped velocity row 105 IC 564 x0=0.796559 velocity_parameter=0.7275 status=outer_limit: trajectory reached the configured outer_limit radius
velocity row 105/120 IC 574/599 x0=0.796786 velocity_parameter=0.7275 elapsed=15.8734s written=0
  crossing 0/250
  stopped velocity row 105 IC 574 x0=0.796786 velocity_parameter=0.7275 status=outer_limit: trajectory reached the configured outer_limit radius
velocity row 105/120 IC 581/599 x0=0.796945 velocity_parameter=0.7275 elapsed=15.9222s written=0
  crossing 0/250
  stopped velocity row 105 IC 581 x0=0.796945 velocity_parameter=0.7275 status=outer_limit: trajectory reached the configured outer_limit radius
velocity row 106/120 IC 564/599 x0=0.796559 velocity_parameter=0.743667 elapsed=15.929s written=0
  crossing 0/250
  stopped velocity row 106 IC 564 x0=0.796559 velocity_parameter=0.743667 status=outer_limit: trajectory reached the configured outer_limit radius
velocity row 106/120 IC 574/599 x0=0.796786 velocity_parameter=0.743667 elapsed=16.0005s written=0
  crossing 0/250
  stopped velocity row 106 IC 574 x0=0.796786 velocity_parameter=0.743667 status=outer_limit: trajectory reached the configured outer_limit radius
velocity row 106/120 IC 581/599 x0=0.796945 velocity_parameter=0.743667 elapsed=16.06s written=0
  crossing 0/250
  stopped velocity row 106 IC 581 x0=0.796945 velocity_parameter=0.743667 status=outer_limit: trajectory reached the configured outer_limit radius
velocity row 107/120 IC 564/599 x0=0.796559 velocity_parameter=0.759833 elapsed=16.0688s written=0
  crossing 0/250
  stopped velocity row 107 IC 564 x0=0.796559 velocity_parameter=0.759833 status=outer_limit: trajectory reached the configured outer_limit radius
velocity row 107/120 IC 574/599 x0=0.796786 velocity_parameter=0.759833 elapsed=16.1496s written=0
  crossing 0/250
  stopped velocity row 107 IC 574 x0=0.796786 velocity_parameter=0.759833 status=outer_limit: trajectory reached the configured outer_limit radius
velocity row 107/120 IC 581/599 x0=0.796945 velocity_parameter=0.759833 elapsed=16.2061s written=0
  crossing 0/250
  stopped velocity row 107 IC 581 x0=0.796945 velocity_parameter=0.759833 status=outer_limit: trajectory reached the configured outer_limit radius
velocity row 108/120 IC 564/599 x0=0.796559 velocity_parameter=0.776 elapsed=16.2171s written=0
  crossing 0/250
  stopped velocity row 108 IC 564 x0=0.796559 velocity_parameter=0.776 status=outer_limit: trajectory reached the configured outer_limit radius
velocity row 108/120 IC 574/599 x0=0.796786 velocity_parameter=0.776 elapsed=16.2898s written=0
  crossing 0/250
  stopped velocity row 108 IC 574 x0=0.796786 velocity_parameter=0.776 status=outer_limit: trajectory reached the configured outer_limit radius
velocity row 108/120 IC 581/599 x0=0.796945 velocity_parameter=0.776 elapsed=16.3369s written=0
  crossing 0/250
  stopped velocity row 108 IC 581 x0=0.796945 velocity_parameter=0.776 status=outer_limit: trajectory reached the configured outer_limit radius
velocity row 109/120 IC 564/599 x0=0.796559 velocity_parameter=0.792167 elapsed=16.3444s written=0
  crossing 0/250
  stopped velocity row 109 IC 564 x0=0.796559 velocity_parameter=0.792167 status=outer_limit: trajectory reached the configured outer_limit radius
velocity row 109/120 IC 574/599 x0=0.796786 velocity_parameter=0.792167 elapsed=16.4191s written=0
  crossing 0/250
  stopped velocity row 109 IC 574 x0=0.796786 velocity_parameter=0.792167 status=outer_limit: trajectory reached the configured outer_limit radius
velocity row 109/120 IC 581/599 x0=0.796945 velocity_parameter=0.792167 elapsed=16.4663s written=0
  crossing 0/250
  stopped velocity row 109 IC 581 x0=0.796945 velocity_parameter=0.792167 status=outer_limit: trajectory reached the configured outer_limit radius
velocity row 110/120 IC 564/599 x0=0.796559 velocity_parameter=0.808333 elapsed=16.4726s written=0
  crossing 0/250
  stopped velocity row 110 IC 564 x0=0.796559 velocity_parameter=0.808333 status=outer_limit: trajectory reached the configured outer_limit radius
velocity row 110/120 IC 574/599 x0=0.796786 velocity_parameter=0.808333 elapsed=16.5415s written=0
  crossing 0/250
  stopped velocity row 110 IC 574 x0=0.796786 velocity_parameter=0.808333 status=outer_limit: trajectory reached the configured outer_limit radius
velocity row 110/120 IC 581/599 x0=0.796945 velocity_parameter=0.808333 elapsed=16.5942s written=0
  crossing 0/250
  stopped velocity row 110 IC 581 x0=0.796945 velocity_parameter=0.808333 status=outer_limit: trajectory reached the configured outer_limit radius
velocity row 111/120 IC 564/599 x0=0.796559 velocity_parameter=0.8245 elapsed=16.602s written=0
  crossing 0/250
  stopped velocity row 111 IC 564 x0=0.796559 velocity_parameter=0.8245 status=outer_limit: trajectory reached the configured outer_limit radius
velocity row 111/120 IC 574/599 x0=0.796786 velocity_parameter=0.8245 elapsed=16.6832s written=0
  crossing 0/250
  stopped velocity row 111 IC 574 x0=0.796786 velocity_parameter=0.8245 status=outer_limit: trajectory reached the configured outer_limit radius
velocity row 111/120 IC 581/599 x0=0.796945 velocity_parameter=0.8245 elapsed=16.7444s written=0
  crossing 0/250
  stopped velocity row 111 IC 581 x0=0.796945 velocity_parameter=0.8245 status=outer_limit: trajectory reached the configured outer_limit radius
velocity row 112/120 IC 564/599 x0=0.796559 velocity_parameter=0.840667 elapsed=16.7508s written=0
  crossing 0/250
  stopped velocity row 112 IC 564 x0=0.796559 velocity_parameter=0.840667 status=outer_limit: trajectory reached the configured outer_limit radius
velocity row 112/120 IC 574/599 x0=0.796786 velocity_parameter=0.840667 elapsed=16.8196s written=0
  crossing 0/250
  stopped velocity row 112 IC 574 x0=0.796786 velocity_parameter=0.840667 status=outer_limit: trajectory reached the configured outer_limit radius
velocity row 112/120 IC 581/599 x0=0.796945 velocity_parameter=0.840667 elapsed=16.8678s written=0
  crossing 0/250
  stopped velocity row 112 IC 581 x0=0.796945 velocity_parameter=0.840667 status=outer_limit: trajectory reached the configured outer_limit radius
velocity row 113/120 IC 564/599 x0=0.796559 velocity_parameter=0.856833 elapsed=16.8745s written=0
  crossing 0/250
  stopped velocity row 113 IC 564 x0=0.796559 velocity_parameter=0.856833 status=outer_limit: trajectory reached the configured outer_limit radius
velocity row 113/120 IC 574/599 x0=0.796786 velocity_parameter=0.856833 elapsed=16.95s written=0
  crossing 0/250
  stopped velocity row 113 IC 574 x0=0.796786 velocity_parameter=0.856833 status=outer_limit: trajectory reached the configured outer_limit radius
velocity row 113/120 IC 581/599 x0=0.796945 velocity_parameter=0.856833 elapsed=17.0063s written=0
  crossing 0/250
  stopped velocity row 113 IC 581 x0=0.796945 velocity_parameter=0.856833 status=outer_limit: trajectory reached the configured outer_limit radius
velocity row 114/120 IC 564/599 x0=0.796559 velocity_parameter=0.873 elapsed=17.0134s written=0
  crossing 0/250
  stopped velocity row 114 IC 564 x0=0.796559 velocity_parameter=0.873 status=outer_limit: trajectory reached the configured outer_limit radius
velocity row 114/120 IC 574/599 x0=0.796786 velocity_parameter=0.873 elapsed=17.0834s written=0
  crossing 0/250
  stopped velocity row 114 IC 574 x0=0.796786 velocity_parameter=0.873 status=outer_limit: trajectory reached the configured outer_limit radius
velocity row 114/120 IC 581/599 x0=0.796945 velocity_parameter=0.873 elapsed=17.1282s written=0
  crossing 0/250
  stopped velocity row 114 IC 581 x0=0.796945 velocity_parameter=0.873 status=outer_limit: trajectory reached the configured outer_limit radius
velocity row 115/120 IC 564/599 x0=0.796559 velocity_parameter=0.889167 elapsed=17.1353s written=0
  crossing 0/250
  stopped velocity row 115 IC 564 x0=0.796559 velocity_parameter=0.889167 status=outer_limit: trajectory reached the configured outer_limit radius
velocity row 115/120 IC 574/599 x0=0.796786 velocity_parameter=0.889167 elapsed=17.2029s written=0
  crossing 0/250
  stopped velocity row 115 IC 574 x0=0.796786 velocity_parameter=0.889167 status=outer_limit: trajectory reached the configured outer_limit radius
velocity row 115/120 IC 581/599 x0=0.796945 velocity_parameter=0.889167 elapsed=17.2515s written=0
  crossing 0/250
  stopped velocity row 115 IC 581 x0=0.796945 velocity_parameter=0.889167 status=outer_limit: trajectory reached the configured outer_limit radius
velocity row 116/120 IC 564/599 x0=0.796559 velocity_parameter=0.905333 elapsed=17.2608s written=0
  crossing 0/250
  stopped velocity row 116 IC 564 x0=0.796559 velocity_parameter=0.905333 status=outer_limit: trajectory reached the configured outer_limit radius
velocity row 116/120 IC 574/599 x0=0.796786 velocity_parameter=0.905333 elapsed=17.3325s written=0
  crossing 0/250
  stopped velocity row 116 IC 574 x0=0.796786 velocity_parameter=0.905333 status=outer_limit: trajectory reached the configured outer_limit radius
velocity row 116/120 IC 581/599 x0=0.796945 velocity_parameter=0.905333 elapsed=17.3815s written=0
  crossing 0/250
  stopped velocity row 116 IC 581 x0=0.796945 velocity_parameter=0.905333 status=outer_limit: trajectory reached the configured outer_limit radius
velocity row 117/120 IC 564/599 x0=0.796559 velocity_parameter=0.9215 elapsed=17.3898s written=0
  crossing 0/250
  stopped velocity row 117 IC 564 x0=0.796559 velocity_parameter=0.9215 status=outer_limit: trajectory reached the configured outer_limit radius
velocity row 117/120 IC 574/599 x0=0.796786 velocity_parameter=0.9215 elapsed=17.457s written=0
  crossing 0/250
  stopped velocity row 117 IC 574 x0=0.796786 velocity_parameter=0.9215 status=outer_limit: trajectory reached the configured outer_limit radius
velocity row 117/120 IC 581/599 x0=0.796945 velocity_parameter=0.9215 elapsed=17.504s written=0
  crossing 0/250
  stopped velocity row 117 IC 581 x0=0.796945 velocity_parameter=0.9215 status=outer_limit: trajectory reached the configured outer_limit radius
velocity row 118/120 IC 564/599 x0=0.796559 velocity_parameter=0.937667 elapsed=17.5136s written=0
  crossing 0/250
  stopped velocity row 118 IC 564 x0=0.796559 velocity_parameter=0.937667 status=outer_limit: trajectory reached the configured outer_limit radius
velocity row 118/120 IC 574/599 x0=0.796786 velocity_parameter=0.937667 elapsed=17.5938s written=0
  crossing 0/250
  stopped velocity row 118 IC 574 x0=0.796786 velocity_parameter=0.937667 status=outer_limit: trajectory reached the configured outer_limit radius
velocity row 118/120 IC 581/599 x0=0.796945 velocity_parameter=0.937667 elapsed=17.6406s written=0
  crossing 0/250
  stopped velocity row 118 IC 581 x0=0.796945 velocity_parameter=0.937667 status=outer_limit: trajectory reached the configured outer_limit radius
velocity row 119/120 IC 564/599 x0=0.796559 velocity_parameter=0.953833 elapsed=17.6483s written=0
  crossing 0/250
  stopped velocity row 119 IC 564 x0=0.796559 velocity_parameter=0.953833 status=outer_limit: trajectory reached the configured outer_limit radius
velocity row 119/120 IC 574/599 x0=0.796786 velocity_parameter=0.953833 elapsed=17.7226s written=0
  crossing 0/250
  stopped velocity row 119 IC 574 x0=0.796786 velocity_parameter=0.953833 status=outer_limit: trajectory reached the configured outer_limit radius
velocity row 119/120 IC 581/599 x0=0.796945 velocity_parameter=0.953833 elapsed=17.7694s written=0
  crossing 0/250
  stopped velocity row 119 IC 581 x0=0.796945 velocity_parameter=0.953833 status=outer_limit: trajectory reached the configured outer_limit radius
velocity row 120/120 IC 564/599 x0=0.796559 velocity_parameter=0.97 elapsed=17.7763s written=0
  crossing 0/250
  stopped velocity row 120 IC 564 x0=0.796559 velocity_parameter=0.97 status=outer_limit: trajectory reached the configured outer_limit radius
velocity row 120/120 IC 574/599 x0=0.796786 velocity_parameter=0.97 elapsed=17.8432s written=0
  crossing 0/250
  stopped velocity row 120 IC 574 x0=0.796786 velocity_parameter=0.97 status=outer_limit: trajectory reached the configured outer_limit radius
velocity row 120/120 IC 581/599 x0=0.796945 velocity_parameter=0.97 elapsed=17.8939s written=0
  crossing 0/250
  stopped velocity row 120 IC 581 x0=0.796945 velocity_parameter=0.97 status=outer_limit: trajectory reached the configured outer_limit radius
metadata -> /mnt/c/Users/payne/Code/Hill_4BP/professional_neck_studies/e1_dense_001/survey/level_003_delta_1e_minus_5/open/shard_0030/metadata.txt
wrote 0 points (0 ICs skipped, 2178 orbits stopped early, elapsed=17.901s) -> /mnt/c/Users/payne/Code/Hill_4BP/professional_neck_studies/e1_dense_001/survey/level_003_delta_1e_minus_5/open/shard_0030/points.csv
outcomes: collision=0 completed=0 forbidden=0 inner_radius_limit=0 invalid_initial_radius=0 invalid_velocity=0 nontransverse=0 numerical_failure=0 outer_limit=2178 timeout=0
maximum sampled |H-h|=8.785e-16
