zero-velocity boundary -> /mnt/c/Users/payne/Code/Hill_4BP/professional_neck_studies/e1_dense_001/survey/level_004_delta_1e_minus_6/closed/shard_0028/zero_velocity_boundary.csv
lambda1=0.0272549 lambda2=2.97275 A=-0.986373 B=0.486373 c=0.0976566 c1=0 c2=0 c3=-0.0976566 h=-2.39154 (C=4.78308)
E1/E2 neck h=-2.39154 (C=4.78307), E3/E4 neck h=-0.454039 (C=0.908078)
energy_mode=neck_delta neck=E1 hcrit=-2.39154 delta=1e-06 side=closed actual_neck_side=closed delta_h=-1e-06
x_count=600 xdot_count=121 iterates=250 index range=[528,545] velocity_mode=fraction x_range=[0.788405,0.792705] max_return_time=100
smooth coordinates R=sqrt(rho), CAPD crossing mode=Both solver_order=28 max_step=0.005 abs_tol=1e-15 rel_tol=1e-13 collision_radius=1e-06 outer_radius=5
velocity row 0/120 IC 528/599 x0=0.792195 velocity_parameter=-0.97 elapsed=1.28e-07s written=0
  crossing 0/250
  stopped velocity row 0 IC 528 x0=0.792195 velocity_parameter=-0.97 status=outer_limit: trajectory reached the configured outer_limit radius
  stopped velocity row 0 IC 529 x0=0.792202 velocity_parameter=-0.97 status=outer_limit: trajectory reached the configured outer_limit radius
  stopped velocity row 0 IC 530 x0=0.792209 velocity_parameter=-0.97 status=outer_limit: trajectory reached the configured outer_limit radius
  stopped velocity row 0 IC 531 x0=0.792217 velocity_parameter=-0.97 status=outer_limit: trajectory reached the configured outer_limit radius
  stopped velocity row 0 IC 532 x0=0.792224 velocity_parameter=-0.97 status=outer_limit: trajectory reached the configured outer_limit radius
  stopped velocity row 0 IC 533 x0=0.792231 velocity_parameter=-0.97 status=outer_limit: trajectory reached the configured outer_limit radius
  stopped velocity row 0 IC 534 x0=0.792238 velocity_parameter=-0.97 status=outer_limit: trajectory reached the configured outer_limit radius
  stopped velocity row 0 IC 535 x0=0.792245 velocity_parameter=-0.97 status=outer_limit: trajectory reached the configured outer_limit radius
  stopped velocity row 0 IC 536 x0=0.792253 velocity_parameter=-0.97 status=outer_limit: trajectory reached the configured outer_limit radius
  stopped velocity row 0 IC 537 x0=0.79226 velocity_parameter=-0.97 status=outer_limit: trajectory reached the configured outer_limit radius
velocity row 0/120 IC 538/599 x0=0.792267 velocity_parameter=-0.97 elapsed=0.137246s written=0
  crossing 0/250
  stopped velocity row 0 IC 538 x0=0.792267 velocity_parameter=-0.97 status=outer_limit: trajectory reached the configured outer_limit radius
velocity row 0/120 IC 545/599 x0=0.792317 velocity_parameter=-0.97 elapsed=0.220942s written=0
  crossing 0/250
  stopped velocity row 0 IC 545 x0=0.792317 velocity_parameter=-0.97 status=outer_limit: trajectory reached the configured outer_limit radius
velocity row 1/120 IC 528/599 x0=0.792195 velocity_parameter=-0.953833 elapsed=0.231308s written=0
  crossing 0/250
  stopped velocity row 1 IC 528 x0=0.792195 velocity_parameter=-0.953833 status=outer_limit: trajectory reached the configured outer_limit radius
velocity row 1/120 IC 538/599 x0=0.792267 velocity_parameter=-0.953833 elapsed=0.363022s written=0
  crossing 0/250
  stopped velocity row 1 IC 538 x0=0.792267 velocity_parameter=-0.953833 status=outer_limit: trajectory reached the configured outer_limit radius
velocity row 1/120 IC 545/599 x0=0.792317 velocity_parameter=-0.953833 elapsed=0.448991s written=0
  crossing 0/250
  stopped velocity row 1 IC 545 x0=0.792317 velocity_parameter=-0.953833 status=outer_limit: trajectory reached the configured outer_limit radius
velocity row 2/120 IC 528/599 x0=0.792195 velocity_parameter=-0.937667 elapsed=0.461239s written=0
  crossing 0/250
  stopped velocity row 2 IC 528 x0=0.792195 velocity_parameter=-0.937667 status=outer_limit: trajectory reached the configured outer_limit radius
velocity row 2/120 IC 538/599 x0=0.792267 velocity_parameter=-0.937667 elapsed=0.583589s written=0
  crossing 0/250
  stopped velocity row 2 IC 538 x0=0.792267 velocity_parameter=-0.937667 status=outer_limit: trajectory reached the configured outer_limit radius
velocity row 2/120 IC 545/599 x0=0.792317 velocity_parameter=-0.937667 elapsed=0.666103s written=0
  crossing 0/250
  stopped velocity row 2 IC 545 x0=0.792317 velocity_parameter=-0.937667 status=outer_limit: trajectory reached the configured outer_limit radius
velocity row 3/120 IC 528/599 x0=0.792195 velocity_parameter=-0.9215 elapsed=0.681609s written=0
  crossing 0/250
  stopped velocity row 3 IC 528 x0=0.792195 velocity_parameter=-0.9215 status=outer_limit: trajectory reached the configured outer_limit radius
velocity row 3/120 IC 538/599 x0=0.792267 velocity_parameter=-0.9215 elapsed=0.809093s written=0
  crossing 0/250
  stopped velocity row 3 IC 538 x0=0.792267 velocity_parameter=-0.9215 status=outer_limit: trajectory reached the configured outer_limit radius
velocity row 3/120 IC 545/599 x0=0.792317 velocity_parameter=-0.9215 elapsed=0.898949s written=0
  crossing 0/250
  stopped velocity row 3 IC 545 x0=0.792317 velocity_parameter=-0.9215 status=outer_limit: trajectory reached the configured outer_limit radius
velocity row 4/120 IC 528/599 x0=0.792195 velocity_parameter=-0.905333 elapsed=0.911192s written=0
  crossing 0/250
  stopped velocity row 4 IC 528 x0=0.792195 velocity_parameter=-0.905333 status=outer_limit: trajectory reached the configured outer_limit radius
velocity row 4/120 IC 538/599 x0=0.792267 velocity_parameter=-0.905333 elapsed=1.0287s written=0
  crossing 0/250
  stopped velocity row 4 IC 538 x0=0.792267 velocity_parameter=-0.905333 status=outer_limit: trajectory reached the configured outer_limit radius
velocity row 4/120 IC 545/599 x0=0.792317 velocity_parameter=-0.905333 elapsed=1.11758s written=0
  crossing 0/250
  stopped velocity row 4 IC 545 x0=0.792317 velocity_parameter=-0.905333 status=outer_limit: trajectory reached the configured outer_limit radius
velocity row 5/120 IC 528/599 x0=0.792195 velocity_parameter=-0.889167 elapsed=1.13254s written=0
  crossing 0/250
  stopped velocity row 5 IC 528 x0=0.792195 velocity_parameter=-0.889167 status=outer_limit: trajectory reached the configured outer_limit radius
velocity row 5/120 IC 538/599 x0=0.792267 velocity_parameter=-0.889167 elapsed=1.25214s written=0
  crossing 0/250
  stopped velocity row 5 IC 538 x0=0.792267 velocity_parameter=-0.889167 status=outer_limit: trajectory reached the configured outer_limit radius
velocity row 5/120 IC 545/599 x0=0.792317 velocity_parameter=-0.889167 elapsed=1.33252s written=0
  crossing 0/250
  stopped velocity row 5 IC 545 x0=0.792317 velocity_parameter=-0.889167 status=outer_limit: trajectory reached the configured outer_limit radius
velocity row 6/120 IC 528/599 x0=0.792195 velocity_parameter=-0.873 elapsed=1.34464s written=0
  crossing 0/250
  stopped velocity row 6 IC 528 x0=0.792195 velocity_parameter=-0.873 status=outer_limit: trajectory reached the configured outer_limit radius
velocity row 6/120 IC 538/599 x0=0.792267 velocity_parameter=-0.873 elapsed=1.45794s written=0
  crossing 0/250
  stopped velocity row 6 IC 538 x0=0.792267 velocity_parameter=-0.873 status=outer_limit: trajectory reached the configured outer_limit radius
velocity row 6/120 IC 545/599 x0=0.792317 velocity_parameter=-0.873 elapsed=1.54385s written=0
  crossing 0/250
  stopped velocity row 6 IC 545 x0=0.792317 velocity_parameter=-0.873 status=outer_limit: trajectory reached the configured outer_limit radius
velocity row 7/120 IC 528/599 x0=0.792195 velocity_parameter=-0.856833 elapsed=1.55789s written=0
  crossing 0/250
  stopped velocity row 7 IC 528 x0=0.792195 velocity_parameter=-0.856833 status=outer_limit: trajectory reached the configured outer_limit radius
velocity row 7/120 IC 538/599 x0=0.792267 velocity_parameter=-0.856833 elapsed=1.68056s written=0
  crossing 0/250
  stopped velocity row 7 IC 538 x0=0.792267 velocity_parameter=-0.856833 status=outer_limit: trajectory reached the configured outer_limit radius
velocity row 7/120 IC 545/599 x0=0.792317 velocity_parameter=-0.856833 elapsed=1.7604s written=0
  crossing 0/250
  stopped velocity row 7 IC 545 x0=0.792317 velocity_parameter=-0.856833 status=outer_limit: trajectory reached the configured outer_limit radius
velocity row 8/120 IC 528/599 x0=0.792195 velocity_parameter=-0.840667 elapsed=1.77483s written=0
  crossing 0/250
  stopped velocity row 8 IC 528 x0=0.792195 velocity_parameter=-0.840667 status=outer_limit: trajectory reached the configured outer_limit radius
velocity row 8/120 IC 538/599 x0=0.792267 velocity_parameter=-0.840667 elapsed=1.90343s written=0
  crossing 0/250
  stopped velocity row 8 IC 538 x0=0.792267 velocity_parameter=-0.840667 status=outer_limit: trajectory reached the configured outer_limit radius
velocity row 8/120 IC 545/599 x0=0.792317 velocity_parameter=-0.840667 elapsed=1.99199s written=0
  crossing 0/250
  stopped velocity row 8 IC 545 x0=0.792317 velocity_parameter=-0.840667 status=outer_limit: trajectory reached the configured outer_limit radius
velocity row 9/120 IC 528/599 x0=0.792195 velocity_parameter=-0.8245 elapsed=2.00252s written=0
  crossing 0/250
  stopped velocity row 9 IC 528 x0=0.792195 velocity_parameter=-0.8245 status=outer_limit: trajectory reached the configured outer_limit radius
velocity row 9/120 IC 538/599 x0=0.792267 velocity_parameter=-0.8245 elapsed=2.11806s written=0
  crossing 0/250
  stopped velocity row 9 IC 538 x0=0.792267 velocity_parameter=-0.8245 status=outer_limit: trajectory reached the configured outer_limit radius
velocity row 9/120 IC 545/599 x0=0.792317 velocity_parameter=-0.8245 elapsed=2.20118s written=0
  crossing 0/250
  stopped velocity row 9 IC 545 x0=0.792317 velocity_parameter=-0.8245 status=outer_limit: trajectory reached the configured outer_limit radius
velocity row 10/120 IC 528/599 x0=0.792195 velocity_parameter=-0.808333 elapsed=2.21493s written=0
  crossing 0/250
  stopped velocity row 10 IC 528 x0=0.792195 velocity_parameter=-0.808333 status=outer_limit: trajectory reached the configured outer_limit radius
velocity row 10/120 IC 538/599 x0=0.792267 velocity_parameter=-0.808333 elapsed=2.32831s written=0
  crossing 0/250
  stopped velocity row 10 IC 538 x0=0.792267 velocity_parameter=-0.808333 status=outer_limit: trajectory reached the configured outer_limit radius
velocity row 10/120 IC 545/599 x0=0.792317 velocity_parameter=-0.808333 elapsed=2.41618s written=0
  crossing 0/250
  stopped velocity row 10 IC 545 x0=0.792317 velocity_parameter=-0.808333 status=outer_limit: trajectory reached the configured outer_limit radius
velocity row 11/120 IC 528/599 x0=0.792195 velocity_parameter=-0.792167 elapsed=2.43233s written=0
  crossing 0/250
  stopped velocity row 11 IC 528 x0=0.792195 velocity_parameter=-0.792167 status=outer_limit: trajectory reached the configured outer_limit radius
velocity row 11/120 IC 538/599 x0=0.792267 velocity_parameter=-0.792167 elapsed=2.54578s written=0
  crossing 0/250
  stopped velocity row 11 IC 538 x0=0.792267 velocity_parameter=-0.792167 status=outer_limit: trajectory reached the configured outer_limit radius
velocity row 11/120 IC 545/599 x0=0.792317 velocity_parameter=-0.792167 elapsed=2.6324s written=0
  crossing 0/250
  stopped velocity row 11 IC 545 x0=0.792317 velocity_parameter=-0.792167 status=outer_limit: trajectory reached the configured outer_limit radius
velocity row 12/120 IC 528/599 x0=0.792195 velocity_parameter=-0.776 elapsed=2.64459s written=0
  crossing 0/250
  stopped velocity row 12 IC 528 x0=0.792195 velocity_parameter=-0.776 status=outer_limit: trajectory reached the configured outer_limit radius
velocity row 12/120 IC 538/599 x0=0.792267 velocity_parameter=-0.776 elapsed=2.76375s written=0
  crossing 0/250
  stopped velocity row 12 IC 538 x0=0.792267 velocity_parameter=-0.776 status=outer_limit: trajectory reached the configured outer_limit radius
velocity row 12/120 IC 545/599 x0=0.792317 velocity_parameter=-0.776 elapsed=2.84698s written=0
  crossing 0/250
  stopped velocity row 12 IC 545 x0=0.792317 velocity_parameter=-0.776 status=outer_limit: trajectory reached the configured outer_limit radius
velocity row 13/120 IC 528/599 x0=0.792195 velocity_parameter=-0.759833 elapsed=2.85718s written=0
  crossing 0/250
  stopped velocity row 13 IC 528 x0=0.792195 velocity_parameter=-0.759833 status=outer_limit: trajectory reached the configured outer_limit radius
velocity row 13/120 IC 538/599 x0=0.792267 velocity_parameter=-0.759833 elapsed=2.97421s written=0
  crossing 0/250
  stopped velocity row 13 IC 538 x0=0.792267 velocity_parameter=-0.759833 status=outer_limit: trajectory reached the configured outer_limit radius
velocity row 13/120 IC 545/599 x0=0.792317 velocity_parameter=-0.759833 elapsed=3.05639s written=0
  crossing 0/250
  stopped velocity row 13 IC 545 x0=0.792317 velocity_parameter=-0.759833 status=outer_limit: trajectory reached the configured outer_limit radius
velocity row 14/120 IC 528/599 x0=0.792195 velocity_parameter=-0.743667 elapsed=3.069s written=0
  crossing 0/250
  stopped velocity row 14 IC 528 x0=0.792195 velocity_parameter=-0.743667 status=outer_limit: trajectory reached the configured outer_limit radius
velocity row 14/120 IC 538/599 x0=0.792267 velocity_parameter=-0.743667 elapsed=3.19886s written=0
  crossing 0/250
  stopped velocity row 14 IC 538 x0=0.792267 velocity_parameter=-0.743667 status=outer_limit: trajectory reached the configured outer_limit radius
velocity row 14/120 IC 545/599 x0=0.792317 velocity_parameter=-0.743667 elapsed=3.2832s written=0
  crossing 0/250
  stopped velocity row 14 IC 545 x0=0.792317 velocity_parameter=-0.743667 status=outer_limit: trajectory reached the configured outer_limit radius
velocity row 15/120 IC 528/599 x0=0.792195 velocity_parameter=-0.7275 elapsed=3.29582s written=0
  crossing 0/250
  stopped velocity row 15 IC 528 x0=0.792195 velocity_parameter=-0.7275 status=outer_limit: trajectory reached the configured outer_limit radius
velocity row 15/120 IC 538/599 x0=0.792267 velocity_parameter=-0.7275 elapsed=3.41468s written=0
  crossing 0/250
  stopped velocity row 15 IC 538 x0=0.792267 velocity_parameter=-0.7275 status=outer_limit: trajectory reached the configured outer_limit radius
velocity row 15/120 IC 545/599 x0=0.792317 velocity_parameter=-0.7275 elapsed=3.49329s written=0
  crossing 0/250
  stopped velocity row 15 IC 545 x0=0.792317 velocity_parameter=-0.7275 status=outer_limit: trajectory reached the configured outer_limit radius
velocity row 16/120 IC 528/599 x0=0.792195 velocity_parameter=-0.711333 elapsed=3.50435s written=0
  crossing 0/250
  stopped velocity row 16 IC 528 x0=0.792195 velocity_parameter=-0.711333 status=outer_limit: trajectory reached the configured outer_limit radius
velocity row 16/120 IC 538/599 x0=0.792267 velocity_parameter=-0.711333 elapsed=3.6133s written=0
  crossing 0/250
  stopped velocity row 16 IC 538 x0=0.792267 velocity_parameter=-0.711333 status=outer_limit: trajectory reached the configured outer_limit radius
velocity row 16/120 IC 545/599 x0=0.792317 velocity_parameter=-0.711333 elapsed=3.68929s written=0
  crossing 0/250
  stopped velocity row 16 IC 545 x0=0.792317 velocity_parameter=-0.711333 status=outer_limit: trajectory reached the configured outer_limit radius
velocity row 17/120 IC 528/599 x0=0.792195 velocity_parameter=-0.695167 elapsed=3.69861s written=0
  crossing 0/250
  stopped velocity row 17 IC 528 x0=0.792195 velocity_parameter=-0.695167 status=outer_limit: trajectory reached the configured outer_limit radius
velocity row 17/120 IC 538/599 x0=0.792267 velocity_parameter=-0.695167 elapsed=3.80924s written=0
  crossing 0/250
  stopped velocity row 17 IC 538 x0=0.792267 velocity_parameter=-0.695167 status=outer_limit: trajectory reached the configured outer_limit radius
velocity row 17/120 IC 545/599 x0=0.792317 velocity_parameter=-0.695167 elapsed=3.88863s written=0
  crossing 0/250
  stopped velocity row 17 IC 545 x0=0.792317 velocity_parameter=-0.695167 status=outer_limit: trajectory reached the configured outer_limit radius
velocity row 18/120 IC 528/599 x0=0.792195 velocity_parameter=-0.679 elapsed=3.89991s written=0
  crossing 0/250
  stopped velocity row 18 IC 528 x0=0.792195 velocity_parameter=-0.679 status=outer_limit: trajectory reached the configured outer_limit radius
velocity row 18/120 IC 538/599 x0=0.792267 velocity_parameter=-0.679 elapsed=4.02033s written=0
  crossing 0/250
  stopped velocity row 18 IC 538 x0=0.792267 velocity_parameter=-0.679 status=outer_limit: trajectory reached the configured outer_limit radius
velocity row 18/120 IC 545/599 x0=0.792317 velocity_parameter=-0.679 elapsed=4.10431s written=0
  crossing 0/250
  stopped velocity row 18 IC 545 x0=0.792317 velocity_parameter=-0.679 status=outer_limit: trajectory reached the configured outer_limit radius
velocity row 19/120 IC 528/599 x0=0.792195 velocity_parameter=-0.662833 elapsed=4.115s written=0
  crossing 0/250
  stopped velocity row 19 IC 528 x0=0.792195 velocity_parameter=-0.662833 status=outer_limit: trajectory reached the configured outer_limit radius
velocity row 19/120 IC 538/599 x0=0.792267 velocity_parameter=-0.662833 elapsed=4.23674s written=0
  crossing 0/250
  stopped velocity row 19 IC 538 x0=0.792267 velocity_parameter=-0.662833 status=outer_limit: trajectory reached the configured outer_limit radius
velocity row 19/120 IC 545/599 x0=0.792317 velocity_parameter=-0.662833 elapsed=4.31533s written=0
  crossing 0/250
  stopped velocity row 19 IC 545 x0=0.792317 velocity_parameter=-0.662833 status=outer_limit: trajectory reached the configured outer_limit radius
velocity row 20/120 IC 528/599 x0=0.792195 velocity_parameter=-0.646667 elapsed=4.32692s written=0
  crossing 0/250
  stopped velocity row 20 IC 528 x0=0.792195 velocity_parameter=-0.646667 status=outer_limit: trajectory reached the configured outer_limit radius
velocity row 20/120 IC 538/599 x0=0.792267 velocity_parameter=-0.646667 elapsed=4.43103s written=0
  crossing 0/250
  stopped velocity row 20 IC 538 x0=0.792267 velocity_parameter=-0.646667 status=outer_limit: trajectory reached the configured outer_limit radius
velocity row 20/120 IC 545/599 x0=0.792317 velocity_parameter=-0.646667 elapsed=4.50029s written=0
  crossing 0/250
  stopped velocity row 20 IC 545 x0=0.792317 velocity_parameter=-0.646667 status=outer_limit: trajectory reached the configured outer_limit radius
velocity row 21/120 IC 528/599 x0=0.792195 velocity_parameter=-0.6305 elapsed=4.51108s written=0
  crossing 0/250
  stopped velocity row 21 IC 528 x0=0.792195 velocity_parameter=-0.6305 status=outer_limit: trajectory reached the configured outer_limit radius
velocity row 21/120 IC 538/599 x0=0.792267 velocity_parameter=-0.6305 elapsed=4.60938s written=0
  crossing 0/250
  stopped velocity row 21 IC 538 x0=0.792267 velocity_parameter=-0.6305 status=outer_limit: trajectory reached the configured outer_limit radius
velocity row 21/120 IC 545/599 x0=0.792317 velocity_parameter=-0.6305 elapsed=4.67613s written=0
  crossing 0/250
  stopped velocity row 21 IC 545 x0=0.792317 velocity_parameter=-0.6305 status=outer_limit: trajectory reached the configured outer_limit radius
velocity row 22/120 IC 528/599 x0=0.792195 velocity_parameter=-0.614333 elapsed=4.68575s written=0
  crossing 0/250
  stopped velocity row 22 IC 528 x0=0.792195 velocity_parameter=-0.614333 status=outer_limit: trajectory reached the configured outer_limit radius
velocity row 22/120 IC 538/599 x0=0.792267 velocity_parameter=-0.614333 elapsed=4.78784s written=0
  crossing 0/250
  stopped velocity row 22 IC 538 x0=0.792267 velocity_parameter=-0.614333 status=outer_limit: trajectory reached the configured outer_limit radius
velocity row 22/120 IC 545/599 x0=0.792317 velocity_parameter=-0.614333 elapsed=4.85651s written=0
  crossing 0/250
  stopped velocity row 22 IC 545 x0=0.792317 velocity_parameter=-0.614333 status=outer_limit: trajectory reached the configured outer_limit radius
velocity row 23/120 IC 528/599 x0=0.792195 velocity_parameter=-0.598167 elapsed=4.86575s written=0
  crossing 0/250
  stopped velocity row 23 IC 528 x0=0.792195 velocity_parameter=-0.598167 status=outer_limit: trajectory reached the configured outer_limit radius
velocity row 23/120 IC 538/599 x0=0.792267 velocity_parameter=-0.598167 elapsed=4.96214s written=0
  crossing 0/250
  stopped velocity row 23 IC 538 x0=0.792267 velocity_parameter=-0.598167 status=outer_limit: trajectory reached the configured outer_limit radius
velocity row 23/120 IC 545/599 x0=0.792317 velocity_parameter=-0.598167 elapsed=5.02801s written=0
  crossing 0/250
  stopped velocity row 23 IC 545 x0=0.792317 velocity_parameter=-0.598167 status=outer_limit: trajectory reached the configured outer_limit radius
velocity row 24/120 IC 528/599 x0=0.792195 velocity_parameter=-0.582 elapsed=5.03764s written=0
  crossing 0/250
  stopped velocity row 24 IC 528 x0=0.792195 velocity_parameter=-0.582 status=outer_limit: trajectory reached the configured outer_limit radius
velocity row 24/120 IC 538/599 x0=0.792267 velocity_parameter=-0.582 elapsed=5.14418s written=0
  crossing 0/250
  stopped velocity row 24 IC 538 x0=0.792267 velocity_parameter=-0.582 status=outer_limit: trajectory reached the configured outer_limit radius
velocity row 24/120 IC 545/599 x0=0.792317 velocity_parameter=-0.582 elapsed=5.21125s written=0
  crossing 0/250
  stopped velocity row 24 IC 545 x0=0.792317 velocity_parameter=-0.582 status=outer_limit: trajectory reached the configured outer_limit radius
velocity row 25/120 IC 528/599 x0=0.792195 velocity_parameter=-0.565833 elapsed=5.2203s written=0
  crossing 0/250
  stopped velocity row 25 IC 528 x0=0.792195 velocity_parameter=-0.565833 status=outer_limit: trajectory reached the configured outer_limit radius
velocity row 25/120 IC 538/599 x0=0.792267 velocity_parameter=-0.565833 elapsed=5.31307s written=0
  crossing 0/250
  stopped velocity row 25 IC 538 x0=0.792267 velocity_parameter=-0.565833 status=outer_limit: trajectory reached the configured outer_limit radius
velocity row 25/120 IC 545/599 x0=0.792317 velocity_parameter=-0.565833 elapsed=5.37485s written=0
  crossing 0/250
  stopped velocity row 25 IC 545 x0=0.792317 velocity_parameter=-0.565833 status=outer_limit: trajectory reached the configured outer_limit radius
velocity row 26/120 IC 528/599 x0=0.792195 velocity_parameter=-0.549667 elapsed=5.38376s written=0
  crossing 0/250
  stopped velocity row 26 IC 528 x0=0.792195 velocity_parameter=-0.549667 status=outer_limit: trajectory reached the configured outer_limit radius
velocity row 26/120 IC 538/599 x0=0.792267 velocity_parameter=-0.549667 elapsed=5.47343s written=0
  crossing 0/250
  stopped velocity row 26 IC 538 x0=0.792267 velocity_parameter=-0.549667 status=outer_limit: trajectory reached the configured outer_limit radius
velocity row 26/120 IC 545/599 x0=0.792317 velocity_parameter=-0.549667 elapsed=5.53581s written=0
  crossing 0/250
  stopped velocity row 26 IC 545 x0=0.792317 velocity_parameter=-0.549667 status=outer_limit: trajectory reached the configured outer_limit radius
velocity row 27/120 IC 528/599 x0=0.792195 velocity_parameter=-0.5335 elapsed=5.54449s written=0
  crossing 0/250
  stopped velocity row 27 IC 528 x0=0.792195 velocity_parameter=-0.5335 status=outer_limit: trajectory reached the configured outer_limit radius
velocity row 27/120 IC 538/599 x0=0.792267 velocity_parameter=-0.5335 elapsed=5.63522s written=0
  crossing 0/250
  stopped velocity row 27 IC 538 x0=0.792267 velocity_parameter=-0.5335 status=outer_limit: trajectory reached the configured outer_limit radius
velocity row 27/120 IC 545/599 x0=0.792317 velocity_parameter=-0.5335 elapsed=5.69651s written=0
  crossing 0/250
  stopped velocity row 27 IC 545 x0=0.792317 velocity_parameter=-0.5335 status=outer_limit: trajectory reached the configured outer_limit radius
velocity row 28/120 IC 528/599 x0=0.792195 velocity_parameter=-0.517333 elapsed=5.70622s written=0
  crossing 0/250
  stopped velocity row 28 IC 528 x0=0.792195 velocity_parameter=-0.517333 status=outer_limit: trajectory reached the configured outer_limit radius
velocity row 28/120 IC 538/599 x0=0.792267 velocity_parameter=-0.517333 elapsed=5.79493s written=0
  crossing 0/250
  stopped velocity row 28 IC 538 x0=0.792267 velocity_parameter=-0.517333 status=outer_limit: trajectory reached the configured outer_limit radius
velocity row 28/120 IC 545/599 x0=0.792317 velocity_parameter=-0.517333 elapsed=5.85731s written=0
  crossing 0/250
  stopped velocity row 28 IC 545 x0=0.792317 velocity_parameter=-0.517333 status=outer_limit: trajectory reached the configured outer_limit radius
velocity row 29/120 IC 528/599 x0=0.792195 velocity_parameter=-0.501167 elapsed=5.86677s written=0
  crossing 0/250
  stopped velocity row 29 IC 528 x0=0.792195 velocity_parameter=-0.501167 status=outer_limit: trajectory reached the configured outer_limit radius
velocity row 29/120 IC 538/599 x0=0.792267 velocity_parameter=-0.501167 elapsed=5.95779s written=0
  crossing 0/250
  stopped velocity row 29 IC 538 x0=0.792267 velocity_parameter=-0.501167 status=outer_limit: trajectory reached the configured outer_limit radius
velocity row 29/120 IC 545/599 x0=0.792317 velocity_parameter=-0.501167 elapsed=6.02353s written=0
  crossing 0/250
  stopped velocity row 29 IC 545 x0=0.792317 velocity_parameter=-0.501167 status=outer_limit: trajectory reached the configured outer_limit radius
velocity row 30/120 IC 528/599 x0=0.792195 velocity_parameter=-0.485 elapsed=6.03246s written=0
  crossing 0/250
  stopped velocity row 30 IC 528 x0=0.792195 velocity_parameter=-0.485 status=outer_limit: trajectory reached the configured outer_limit radius
velocity row 30/120 IC 538/599 x0=0.792267 velocity_parameter=-0.485 elapsed=6.12679s written=0
  crossing 0/250
  stopped velocity row 30 IC 538 x0=0.792267 velocity_parameter=-0.485 status=outer_limit: trajectory reached the configured outer_limit radius
velocity row 30/120 IC 545/599 x0=0.792317 velocity_parameter=-0.485 elapsed=6.1914s written=0
  crossing 0/250
  stopped velocity row 30 IC 545 x0=0.792317 velocity_parameter=-0.485 status=outer_limit: trajectory reached the configured outer_limit radius
velocity row 31/120 IC 528/599 x0=0.792195 velocity_parameter=-0.468833 elapsed=6.20052s written=0
  crossing 0/250
  stopped velocity row 31 IC 528 x0=0.792195 velocity_parameter=-0.468833 status=outer_limit: trajectory reached the configured outer_limit radius
velocity row 31/120 IC 538/599 x0=0.792267 velocity_parameter=-0.468833 elapsed=6.29288s written=0
  crossing 0/250
  stopped velocity row 31 IC 538 x0=0.792267 velocity_parameter=-0.468833 status=outer_limit: trajectory reached the configured outer_limit radius
velocity row 31/120 IC 545/599 x0=0.792317 velocity_parameter=-0.468833 elapsed=6.3565s written=0
  crossing 0/250
  stopped velocity row 31 IC 545 x0=0.792317 velocity_parameter=-0.468833 status=outer_limit: trajectory reached the configured outer_limit radius
velocity row 32/120 IC 528/599 x0=0.792195 velocity_parameter=-0.452667 elapsed=6.36529s written=0
  crossing 0/250
  stopped velocity row 32 IC 528 x0=0.792195 velocity_parameter=-0.452667 status=outer_limit: trajectory reached the configured outer_limit radius
velocity row 32/120 IC 538/599 x0=0.792267 velocity_parameter=-0.452667 elapsed=6.45542s written=0
  crossing 0/250
  stopped velocity row 32 IC 538 x0=0.792267 velocity_parameter=-0.452667 status=outer_limit: trajectory reached the configured outer_limit radius
velocity row 32/120 IC 545/599 x0=0.792317 velocity_parameter=-0.452667 elapsed=6.51899s written=0
  crossing 0/250
  stopped velocity row 32 IC 545 x0=0.792317 velocity_parameter=-0.452667 status=outer_limit: trajectory reached the configured outer_limit radius
velocity row 33/120 IC 528/599 x0=0.792195 velocity_parameter=-0.4365 elapsed=6.52835s written=0
  crossing 0/250
  stopped velocity row 33 IC 528 x0=0.792195 velocity_parameter=-0.4365 status=outer_limit: trajectory reached the configured outer_limit radius
velocity row 33/120 IC 538/599 x0=0.792267 velocity_parameter=-0.4365 elapsed=6.61844s written=0
  crossing 0/250
  stopped velocity row 33 IC 538 x0=0.792267 velocity_parameter=-0.4365 status=outer_limit: trajectory reached the configured outer_limit radius
velocity row 33/120 IC 545/599 x0=0.792317 velocity_parameter=-0.4365 elapsed=6.68053s written=0
  crossing 0/250
  stopped velocity row 33 IC 545 x0=0.792317 velocity_parameter=-0.4365 status=outer_limit: trajectory reached the configured outer_limit radius
velocity row 34/120 IC 528/599 x0=0.792195 velocity_parameter=-0.420333 elapsed=6.68999s written=0
  crossing 0/250
  stopped velocity row 34 IC 528 x0=0.792195 velocity_parameter=-0.420333 status=outer_limit: trajectory reached the configured outer_limit radius
velocity row 34/120 IC 538/599 x0=0.792267 velocity_parameter=-0.420333 elapsed=6.77864s written=0
  crossing 0/250
  stopped velocity row 34 IC 538 x0=0.792267 velocity_parameter=-0.420333 status=outer_limit: trajectory reached the configured outer_limit radius
velocity row 34/120 IC 545/599 x0=0.792317 velocity_parameter=-0.420333 elapsed=6.8385s written=0
  crossing 0/250
  stopped velocity row 34 IC 545 x0=0.792317 velocity_parameter=-0.420333 status=outer_limit: trajectory reached the configured outer_limit radius
velocity row 35/120 IC 528/599 x0=0.792195 velocity_parameter=-0.404167 elapsed=6.84744s written=0
  crossing 0/250
  stopped velocity row 35 IC 528 x0=0.792195 velocity_parameter=-0.404167 status=outer_limit: trajectory reached the configured outer_limit radius
velocity row 35/120 IC 538/599 x0=0.792267 velocity_parameter=-0.404167 elapsed=6.93169s written=0
  crossing 0/250
  stopped velocity row 35 IC 538 x0=0.792267 velocity_parameter=-0.404167 status=outer_limit: trajectory reached the configured outer_limit radius
velocity row 35/120 IC 545/599 x0=0.792317 velocity_parameter=-0.404167 elapsed=6.99248s written=0
  crossing 0/250
  stopped velocity row 35 IC 545 x0=0.792317 velocity_parameter=-0.404167 status=outer_limit: trajectory reached the configured outer_limit radius
velocity row 36/120 IC 528/599 x0=0.792195 velocity_parameter=-0.388 elapsed=7.00011s written=0
  crossing 0/250
  stopped velocity row 36 IC 528 x0=0.792195 velocity_parameter=-0.388 status=outer_limit: trajectory reached the configured outer_limit radius
velocity row 36/120 IC 538/599 x0=0.792267 velocity_parameter=-0.388 elapsed=7.07855s written=0
  crossing 0/250
  stopped velocity row 36 IC 538 x0=0.792267 velocity_parameter=-0.388 status=outer_limit: trajectory reached the configured outer_limit radius
velocity row 36/120 IC 545/599 x0=0.792317 velocity_parameter=-0.388 elapsed=7.13764s written=0
  crossing 0/250
  stopped velocity row 36 IC 545 x0=0.792317 velocity_parameter=-0.388 status=outer_limit: trajectory reached the configured outer_limit radius
velocity row 37/120 IC 528/599 x0=0.792195 velocity_parameter=-0.371833 elapsed=7.14602s written=0
  crossing 0/250
  stopped velocity row 37 IC 528 x0=0.792195 velocity_parameter=-0.371833 status=outer_limit: trajectory reached the configured outer_limit radius
velocity row 37/120 IC 538/599 x0=0.792267 velocity_parameter=-0.371833 elapsed=7.23092s written=0
  crossing 0/250
  stopped velocity row 37 IC 538 x0=0.792267 velocity_parameter=-0.371833 status=outer_limit: trajectory reached the configured outer_limit radius
velocity row 37/120 IC 545/599 x0=0.792317 velocity_parameter=-0.371833 elapsed=7.29006s written=0
  crossing 0/250
  stopped velocity row 37 IC 545 x0=0.792317 velocity_parameter=-0.371833 status=outer_limit: trajectory reached the configured outer_limit radius
velocity row 38/120 IC 528/599 x0=0.792195 velocity_parameter=-0.355667 elapsed=7.29841s written=0
  crossing 0/250
  stopped velocity row 38 IC 528 x0=0.792195 velocity_parameter=-0.355667 status=outer_limit: trajectory reached the configured outer_limit radius
velocity row 38/120 IC 538/599 x0=0.792267 velocity_parameter=-0.355667 elapsed=7.38012s written=0
  crossing 0/250
  stopped velocity row 38 IC 538 x0=0.792267 velocity_parameter=-0.355667 status=outer_limit: trajectory reached the configured outer_limit radius
velocity row 38/120 IC 545/599 x0=0.792317 velocity_parameter=-0.355667 elapsed=7.4388s written=0
  crossing 0/250
  stopped velocity row 38 IC 545 x0=0.792317 velocity_parameter=-0.355667 status=outer_limit: trajectory reached the configured outer_limit radius
velocity row 39/120 IC 528/599 x0=0.792195 velocity_parameter=-0.3395 elapsed=7.4475s written=0
  crossing 0/250
  stopped velocity row 39 IC 528 x0=0.792195 velocity_parameter=-0.3395 status=outer_limit: trajectory reached the configured outer_limit radius
velocity row 39/120 IC 538/599 x0=0.792267 velocity_parameter=-0.3395 elapsed=7.53225s written=0
  crossing 0/250
  stopped velocity row 39 IC 538 x0=0.792267 velocity_parameter=-0.3395 status=outer_limit: trajectory reached the configured outer_limit radius
velocity row 39/120 IC 545/599 x0=0.792317 velocity_parameter=-0.3395 elapsed=7.59162s written=0
  crossing 0/250
  stopped velocity row 39 IC 545 x0=0.792317 velocity_parameter=-0.3395 status=outer_limit: trajectory reached the configured outer_limit radius
velocity row 40/120 IC 528/599 x0=0.792195 velocity_parameter=-0.323333 elapsed=7.59985s written=0
  crossing 0/250
  stopped velocity row 40 IC 528 x0=0.792195 velocity_parameter=-0.323333 status=outer_limit: trajectory reached the configured outer_limit radius
velocity row 40/120 IC 538/599 x0=0.792267 velocity_parameter=-0.323333 elapsed=7.68721s written=0
  crossing 0/250
  stopped velocity row 40 IC 538 x0=0.792267 velocity_parameter=-0.323333 status=outer_limit: trajectory reached the configured outer_limit radius
velocity row 40/120 IC 545/599 x0=0.792317 velocity_parameter=-0.323333 elapsed=7.75353s written=0
  crossing 0/250
  stopped velocity row 40 IC 545 x0=0.792317 velocity_parameter=-0.323333 status=outer_limit: trajectory reached the configured outer_limit radius
velocity row 41/120 IC 528/599 x0=0.792195 velocity_parameter=-0.307167 elapsed=7.76175s written=0
  crossing 0/250
  stopped velocity row 41 IC 528 x0=0.792195 velocity_parameter=-0.307167 status=outer_limit: trajectory reached the configured outer_limit radius
velocity row 41/120 IC 538/599 x0=0.792267 velocity_parameter=-0.307167 elapsed=7.84404s written=0
  crossing 0/250
  stopped velocity row 41 IC 538 x0=0.792267 velocity_parameter=-0.307167 status=outer_limit: trajectory reached the configured outer_limit radius
velocity row 41/120 IC 545/599 x0=0.792317 velocity_parameter=-0.307167 elapsed=7.90068s written=0
  crossing 0/250
  stopped velocity row 41 IC 545 x0=0.792317 velocity_parameter=-0.307167 status=outer_limit: trajectory reached the configured outer_limit radius
velocity row 42/120 IC 528/599 x0=0.792195 velocity_parameter=-0.291 elapsed=7.90928s written=0
  crossing 0/250
  stopped velocity row 42 IC 528 x0=0.792195 velocity_parameter=-0.291 status=outer_limit: trajectory reached the configured outer_limit radius
velocity row 42/120 IC 538/599 x0=0.792267 velocity_parameter=-0.291 elapsed=7.98973s written=0
  crossing 0/250
  stopped velocity row 42 IC 538 x0=0.792267 velocity_parameter=-0.291 status=outer_limit: trajectory reached the configured outer_limit radius
velocity row 42/120 IC 545/599 x0=0.792317 velocity_parameter=-0.291 elapsed=8.04991s written=0
  crossing 0/250
  stopped velocity row 42 IC 545 x0=0.792317 velocity_parameter=-0.291 status=outer_limit: trajectory reached the configured outer_limit radius
velocity row 43/120 IC 528/599 x0=0.792195 velocity_parameter=-0.274833 elapsed=8.05824s written=0
  crossing 0/250
  stopped velocity row 43 IC 528 x0=0.792195 velocity_parameter=-0.274833 status=outer_limit: trajectory reached the configured outer_limit radius
velocity row 43/120 IC 538/599 x0=0.792267 velocity_parameter=-0.274833 elapsed=8.14197s written=0
  crossing 0/250
  stopped velocity row 43 IC 538 x0=0.792267 velocity_parameter=-0.274833 status=outer_limit: trajectory reached the configured outer_limit radius
velocity row 43/120 IC 545/599 x0=0.792317 velocity_parameter=-0.274833 elapsed=8.20103s written=0
  crossing 0/250
  stopped velocity row 43 IC 545 x0=0.792317 velocity_parameter=-0.274833 status=outer_limit: trajectory reached the configured outer_limit radius
velocity row 44/120 IC 528/599 x0=0.792195 velocity_parameter=-0.258667 elapsed=8.20716s written=0
  crossing 0/250
  stopped velocity row 44 IC 528 x0=0.792195 velocity_parameter=-0.258667 status=outer_limit: trajectory reached the configured outer_limit radius
velocity row 44/120 IC 538/599 x0=0.792267 velocity_parameter=-0.258667 elapsed=8.29294s written=0
  crossing 0/250
  stopped velocity row 44 IC 538 x0=0.792267 velocity_parameter=-0.258667 status=outer_limit: trajectory reached the configured outer_limit radius
velocity row 44/120 IC 545/599 x0=0.792317 velocity_parameter=-0.258667 elapsed=8.35072s written=0
  crossing 0/250
  stopped velocity row 44 IC 545 x0=0.792317 velocity_parameter=-0.258667 status=outer_limit: trajectory reached the configured outer_limit radius
velocity row 45/120 IC 528/599 x0=0.792195 velocity_parameter=-0.2425 elapsed=8.35961s written=0
  crossing 0/250
  stopped velocity row 45 IC 528 x0=0.792195 velocity_parameter=-0.2425 status=outer_limit: trajectory reached the configured outer_limit radius
velocity row 45/120 IC 538/599 x0=0.792267 velocity_parameter=-0.2425 elapsed=8.43905s written=0
  crossing 0/250
  stopped velocity row 45 IC 538 x0=0.792267 velocity_parameter=-0.2425 status=outer_limit: trajectory reached the configured outer_limit radius
velocity row 45/120 IC 545/599 x0=0.792317 velocity_parameter=-0.2425 elapsed=8.51032s written=0
  crossing 0/250
  stopped velocity row 45 IC 545 x0=0.792317 velocity_parameter=-0.2425 status=outer_limit: trajectory reached the configured outer_limit radius
velocity row 46/120 IC 528/599 x0=0.792195 velocity_parameter=-0.226333 elapsed=8.5196s written=0
  crossing 0/250
  stopped velocity row 46 IC 528 x0=0.792195 velocity_parameter=-0.226333 status=outer_limit: trajectory reached the configured outer_limit radius
velocity row 46/120 IC 538/599 x0=0.792267 velocity_parameter=-0.226333 elapsed=8.60848s written=0
  crossing 0/250
  stopped velocity row 46 IC 538 x0=0.792267 velocity_parameter=-0.226333 status=outer_limit: trajectory reached the configured outer_limit radius
velocity row 46/120 IC 545/599 x0=0.792317 velocity_parameter=-0.226333 elapsed=8.66923s written=0
  crossing 0/250
  stopped velocity row 46 IC 545 x0=0.792317 velocity_parameter=-0.226333 status=outer_limit: trajectory reached the configured outer_limit radius
velocity row 47/120 IC 528/599 x0=0.792195 velocity_parameter=-0.210167 elapsed=8.67839s written=0
  crossing 0/250
  stopped velocity row 47 IC 528 x0=0.792195 velocity_parameter=-0.210167 status=outer_limit: trajectory reached the configured outer_limit radius
velocity row 47/120 IC 538/599 x0=0.792267 velocity_parameter=-0.210167 elapsed=8.76291s written=0
  crossing 0/250
  stopped velocity row 47 IC 538 x0=0.792267 velocity_parameter=-0.210167 status=outer_limit: trajectory reached the configured outer_limit radius
velocity row 47/120 IC 545/599 x0=0.792317 velocity_parameter=-0.210167 elapsed=8.82079s written=0
  crossing 0/250
  stopped velocity row 47 IC 545 x0=0.792317 velocity_parameter=-0.210167 status=outer_limit: trajectory reached the configured outer_limit radius
velocity row 48/120 IC 528/599 x0=0.792195 velocity_parameter=-0.194 elapsed=8.82989s written=0
  crossing 0/250
  stopped velocity row 48 IC 528 x0=0.792195 velocity_parameter=-0.194 status=outer_limit: trajectory reached the configured outer_limit radius
velocity row 48/120 IC 538/599 x0=0.792267 velocity_parameter=-0.194 elapsed=8.91238s written=0
  crossing 0/250
  stopped velocity row 48 IC 538 x0=0.792267 velocity_parameter=-0.194 status=outer_limit: trajectory reached the configured outer_limit radius
velocity row 48/120 IC 545/599 x0=0.792317 velocity_parameter=-0.194 elapsed=8.96863s written=0
  crossing 0/250
  stopped velocity row 48 IC 545 x0=0.792317 velocity_parameter=-0.194 status=outer_limit: trajectory reached the configured outer_limit radius
velocity row 49/120 IC 528/599 x0=0.792195 velocity_parameter=-0.177833 elapsed=8.97707s written=0
  crossing 0/250
  stopped velocity row 49 IC 528 x0=0.792195 velocity_parameter=-0.177833 status=outer_limit: trajectory reached the configured outer_limit radius
velocity row 49/120 IC 538/599 x0=0.792267 velocity_parameter=-0.177833 elapsed=9.06222s written=0
  crossing 0/250
  stopped velocity row 49 IC 538 x0=0.792267 velocity_parameter=-0.177833 status=outer_limit: trajectory reached the configured outer_limit radius
velocity row 49/120 IC 545/599 x0=0.792317 velocity_parameter=-0.177833 elapsed=9.12121s written=0
  crossing 0/250
  stopped velocity row 49 IC 545 x0=0.792317 velocity_parameter=-0.177833 status=outer_limit: trajectory reached the configured outer_limit radius
velocity row 50/120 IC 528/599 x0=0.792195 velocity_parameter=-0.161667 elapsed=9.12965s written=0
  crossing 0/250
  stopped velocity row 50 IC 528 x0=0.792195 velocity_parameter=-0.161667 status=outer_limit: trajectory reached the configured outer_limit radius
velocity row 50/120 IC 538/599 x0=0.792267 velocity_parameter=-0.161667 elapsed=9.20936s written=0
  crossing 0/250
  stopped velocity row 50 IC 538 x0=0.792267 velocity_parameter=-0.161667 status=outer_limit: trajectory reached the configured outer_limit radius
velocity row 50/120 IC 545/599 x0=0.792317 velocity_parameter=-0.161667 elapsed=9.26858s written=0
  crossing 0/250
  stopped velocity row 50 IC 545 x0=0.792317 velocity_parameter=-0.161667 status=outer_limit: trajectory reached the configured outer_limit radius
velocity row 51/120 IC 528/599 x0=0.792195 velocity_parameter=-0.1455 elapsed=9.27811s written=0
  crossing 0/250
  stopped velocity row 51 IC 528 x0=0.792195 velocity_parameter=-0.1455 status=outer_limit: trajectory reached the configured outer_limit radius
velocity row 51/120 IC 538/599 x0=0.792267 velocity_parameter=-0.1455 elapsed=9.35941s written=0
  crossing 0/250
  stopped velocity row 51 IC 538 x0=0.792267 velocity_parameter=-0.1455 status=outer_limit: trajectory reached the configured outer_limit radius
velocity row 51/120 IC 545/599 x0=0.792317 velocity_parameter=-0.1455 elapsed=9.41788s written=0
  crossing 0/250
  stopped velocity row 51 IC 545 x0=0.792317 velocity_parameter=-0.1455 status=outer_limit: trajectory reached the configured outer_limit radius
velocity row 52/120 IC 528/599 x0=0.792195 velocity_parameter=-0.129333 elapsed=9.42681s written=0
  crossing 0/250
  stopped velocity row 52 IC 528 x0=0.792195 velocity_parameter=-0.129333 status=outer_limit: trajectory reached the configured outer_limit radius
velocity row 52/120 IC 538/599 x0=0.792267 velocity_parameter=-0.129333 elapsed=9.51477s written=0
  crossing 0/250
  stopped velocity row 52 IC 538 x0=0.792267 velocity_parameter=-0.129333 status=outer_limit: trajectory reached the configured outer_limit radius
velocity row 52/120 IC 545/599 x0=0.792317 velocity_parameter=-0.129333 elapsed=9.57615s written=0
  crossing 0/250
  stopped velocity row 52 IC 545 x0=0.792317 velocity_parameter=-0.129333 status=outer_limit: trajectory reached the configured outer_limit radius
velocity row 53/120 IC 528/599 x0=0.792195 velocity_parameter=-0.113167 elapsed=9.58551s written=0
  crossing 0/250
  stopped velocity row 53 IC 528 x0=0.792195 velocity_parameter=-0.113167 status=outer_limit: trajectory reached the configured outer_limit radius
velocity row 53/120 IC 538/599 x0=0.792267 velocity_parameter=-0.113167 elapsed=9.66435s written=0
  crossing 0/250
  stopped velocity row 53 IC 538 x0=0.792267 velocity_parameter=-0.113167 status=outer_limit: trajectory reached the configured outer_limit radius
velocity row 53/120 IC 545/599 x0=0.792317 velocity_parameter=-0.113167 elapsed=9.72588s written=0
  crossing 0/250
  stopped velocity row 53 IC 545 x0=0.792317 velocity_parameter=-0.113167 status=outer_limit: trajectory reached the configured outer_limit radius
velocity row 54/120 IC 528/599 x0=0.792195 velocity_parameter=-0.097 elapsed=9.73545s written=0
  crossing 0/250
  stopped velocity row 54 IC 528 x0=0.792195 velocity_parameter=-0.097 status=outer_limit: trajectory reached the configured outer_limit radius
velocity row 54/120 IC 538/599 x0=0.792267 velocity_parameter=-0.097 elapsed=9.81962s written=0
  crossing 0/250
  stopped velocity row 54 IC 538 x0=0.792267 velocity_parameter=-0.097 status=outer_limit: trajectory reached the configured outer_limit radius
velocity row 54/120 IC 545/599 x0=0.792317 velocity_parameter=-0.097 elapsed=9.87986s written=0
  crossing 0/250
  stopped velocity row 54 IC 545 x0=0.792317 velocity_parameter=-0.097 status=outer_limit: trajectory reached the configured outer_limit radius
velocity row 55/120 IC 528/599 x0=0.792195 velocity_parameter=-0.0808333 elapsed=9.88787s written=0
  crossing 0/250
  stopped velocity row 55 IC 528 x0=0.792195 velocity_parameter=-0.0808333 status=outer_limit: trajectory reached the configured outer_limit radius
velocity row 55/120 IC 538/599 x0=0.792267 velocity_parameter=-0.0808333 elapsed=9.96709s written=0
  crossing 0/250
  stopped velocity row 55 IC 538 x0=0.792267 velocity_parameter=-0.0808333 status=outer_limit: trajectory reached the configured outer_limit radius
velocity row 55/120 IC 545/599 x0=0.792317 velocity_parameter=-0.0808333 elapsed=10.0237s written=0
  crossing 0/250
  stopped velocity row 55 IC 545 x0=0.792317 velocity_parameter=-0.0808333 status=outer_limit: trajectory reached the configured outer_limit radius
velocity row 56/120 IC 528/599 x0=0.792195 velocity_parameter=-0.0646667 elapsed=10.0318s written=0
  crossing 0/250
  stopped velocity row 56 IC 528 x0=0.792195 velocity_parameter=-0.0646667 status=outer_limit: trajectory reached the configured outer_limit radius
velocity row 56/120 IC 538/599 x0=0.792267 velocity_parameter=-0.0646667 elapsed=10.1158s written=0
  crossing 0/250
  stopped velocity row 56 IC 538 x0=0.792267 velocity_parameter=-0.0646667 status=outer_limit: trajectory reached the configured outer_limit radius
velocity row 56/120 IC 545/599 x0=0.792317 velocity_parameter=-0.0646667 elapsed=10.1725s written=0
  crossing 0/250
  stopped velocity row 56 IC 545 x0=0.792317 velocity_parameter=-0.0646667 status=outer_limit: trajectory reached the configured outer_limit radius
velocity row 57/120 IC 528/599 x0=0.792195 velocity_parameter=-0.0485 elapsed=10.1815s written=0
  crossing 0/250
  stopped velocity row 57 IC 528 x0=0.792195 velocity_parameter=-0.0485 status=outer_limit: trajectory reached the configured outer_limit radius
velocity row 57/120 IC 538/599 x0=0.792267 velocity_parameter=-0.0485 elapsed=10.2634s written=0
  crossing 0/250
  stopped velocity row 57 IC 538 x0=0.792267 velocity_parameter=-0.0485 status=outer_limit: trajectory reached the configured outer_limit radius
velocity row 57/120 IC 545/599 x0=0.792317 velocity_parameter=-0.0485 elapsed=10.3204s written=0
  crossing 0/250
  stopped velocity row 57 IC 545 x0=0.792317 velocity_parameter=-0.0485 status=outer_limit: trajectory reached the configured outer_limit radius
velocity row 58/120 IC 528/599 x0=0.792195 velocity_parameter=-0.0323333 elapsed=10.329s written=0
  crossing 0/250
  stopped velocity row 58 IC 528 x0=0.792195 velocity_parameter=-0.0323333 status=outer_limit: trajectory reached the configured outer_limit radius
velocity row 58/120 IC 538/599 x0=0.792267 velocity_parameter=-0.0323333 elapsed=10.4092s written=0
  crossing 0/250
  stopped velocity row 58 IC 538 x0=0.792267 velocity_parameter=-0.0323333 status=outer_limit: trajectory reached the configured outer_limit radius
velocity row 58/120 IC 545/599 x0=0.792317 velocity_parameter=-0.0323333 elapsed=10.4683s written=0
  crossing 0/250
  stopped velocity row 58 IC 545 x0=0.792317 velocity_parameter=-0.0323333 status=outer_limit: trajectory reached the configured outer_limit radius
velocity row 59/120 IC 528/599 x0=0.792195 velocity_parameter=-0.0161667 elapsed=10.4765s written=0
  crossing 0/250
  stopped velocity row 59 IC 528 x0=0.792195 velocity_parameter=-0.0161667 status=outer_limit: trajectory reached the configured outer_limit radius
velocity row 59/120 IC 538/599 x0=0.792267 velocity_parameter=-0.0161667 elapsed=10.5576s written=0
  crossing 0/250
  stopped velocity row 59 IC 538 x0=0.792267 velocity_parameter=-0.0161667 status=outer_limit: trajectory reached the configured outer_limit radius
velocity row 59/120 IC 545/599 x0=0.792317 velocity_parameter=-0.0161667 elapsed=10.6161s written=0
  crossing 0/250
  stopped velocity row 59 IC 545 x0=0.792317 velocity_parameter=-0.0161667 status=outer_limit: trajectory reached the configured outer_limit radius
velocity row 60/120 IC 528/599 x0=0.792195 velocity_parameter=0 elapsed=10.6239s written=0
  crossing 0/250
  stopped velocity row 60 IC 528 x0=0.792195 velocity_parameter=0 status=outer_limit: trajectory reached the configured outer_limit radius
velocity row 60/120 IC 538/599 x0=0.792267 velocity_parameter=0 elapsed=10.711s written=0
  crossing 0/250
  stopped velocity row 60 IC 538 x0=0.792267 velocity_parameter=0 status=outer_limit: trajectory reached the configured outer_limit radius
velocity row 60/120 IC 545/599 x0=0.792317 velocity_parameter=0 elapsed=10.7691s written=0
  crossing 0/250
  stopped velocity row 60 IC 545 x0=0.792317 velocity_parameter=0 status=outer_limit: trajectory reached the configured outer_limit radius
velocity row 61/120 IC 528/599 x0=0.792195 velocity_parameter=0.0161667 elapsed=10.7774s written=0
  crossing 0/250
  stopped velocity row 61 IC 528 x0=0.792195 velocity_parameter=0.0161667 status=outer_limit: trajectory reached the configured outer_limit radius
velocity row 61/120 IC 538/599 x0=0.792267 velocity_parameter=0.0161667 elapsed=10.8609s written=0
  crossing 0/250
  stopped velocity row 61 IC 538 x0=0.792267 velocity_parameter=0.0161667 status=outer_limit: trajectory reached the configured outer_limit radius
velocity row 61/120 IC 545/599 x0=0.792317 velocity_parameter=0.0161667 elapsed=10.9143s written=0
  crossing 0/250
  stopped velocity row 61 IC 545 x0=0.792317 velocity_parameter=0.0161667 status=outer_limit: trajectory reached the configured outer_limit radius
velocity row 62/120 IC 528/599 x0=0.792195 velocity_parameter=0.0323333 elapsed=10.9216s written=0
  crossing 0/250
  stopped velocity row 62 IC 528 x0=0.792195 velocity_parameter=0.0323333 status=outer_limit: trajectory reached the configured outer_limit radius
velocity row 62/120 IC 538/599 x0=0.792267 velocity_parameter=0.0323333 elapsed=11.0011s written=0
  crossing 0/250
  stopped velocity row 62 IC 538 x0=0.792267 velocity_parameter=0.0323333 status=outer_limit: trajectory reached the configured outer_limit radius
velocity row 62/120 IC 545/599 x0=0.792317 velocity_parameter=0.0323333 elapsed=11.0567s written=0
  crossing 0/250
  stopped velocity row 62 IC 545 x0=0.792317 velocity_parameter=0.0323333 status=outer_limit: trajectory reached the configured outer_limit radius
velocity row 63/120 IC 528/599 x0=0.792195 velocity_parameter=0.0485 elapsed=11.063s written=0
  crossing 0/250
  stopped velocity row 63 IC 528 x0=0.792195 velocity_parameter=0.0485 status=outer_limit: trajectory reached the configured outer_limit radius
velocity row 63/120 IC 538/599 x0=0.792267 velocity_parameter=0.0485 elapsed=11.143s written=0
  crossing 0/250
  stopped velocity row 63 IC 538 x0=0.792267 velocity_parameter=0.0485 status=outer_limit: trajectory reached the configured outer_limit radius
velocity row 63/120 IC 545/599 x0=0.792317 velocity_parameter=0.0485 elapsed=11.204s written=0
  crossing 0/250
  stopped velocity row 63 IC 545 x0=0.792317 velocity_parameter=0.0485 status=outer_limit: trajectory reached the configured outer_limit radius
velocity row 64/120 IC 528/599 x0=0.792195 velocity_parameter=0.0646667 elapsed=11.2097s written=0
  crossing 0/250
  stopped velocity row 64 IC 528 x0=0.792195 velocity_parameter=0.0646667 status=outer_limit: trajectory reached the configured outer_limit radius
velocity row 64/120 IC 538/599 x0=0.792267 velocity_parameter=0.0646667 elapsed=11.3014s written=0
  crossing 0/250
  stopped velocity row 64 IC 538 x0=0.792267 velocity_parameter=0.0646667 status=outer_limit: trajectory reached the configured outer_limit radius
velocity row 64/120 IC 545/599 x0=0.792317 velocity_parameter=0.0646667 elapsed=11.3599s written=0
  crossing 0/250
  stopped velocity row 64 IC 545 x0=0.792317 velocity_parameter=0.0646667 status=outer_limit: trajectory reached the configured outer_limit radius
velocity row 65/120 IC 528/599 x0=0.792195 velocity_parameter=0.0808333 elapsed=11.3706s written=0
  crossing 0/250
  stopped velocity row 65 IC 528 x0=0.792195 velocity_parameter=0.0808333 status=outer_limit: trajectory reached the configured outer_limit radius
velocity row 65/120 IC 538/599 x0=0.792267 velocity_parameter=0.0808333 elapsed=11.4535s written=0
  crossing 0/250
  stopped velocity row 65 IC 538 x0=0.792267 velocity_parameter=0.0808333 status=outer_limit: trajectory reached the configured outer_limit radius
velocity row 65/120 IC 545/599 x0=0.792317 velocity_parameter=0.0808333 elapsed=11.5097s written=0
  crossing 0/250
  stopped velocity row 65 IC 545 x0=0.792317 velocity_parameter=0.0808333 status=outer_limit: trajectory reached the configured outer_limit radius
velocity row 66/120 IC 528/599 x0=0.792195 velocity_parameter=0.097 elapsed=11.5179s written=0
  crossing 0/250
  stopped velocity row 66 IC 528 x0=0.792195 velocity_parameter=0.097 status=outer_limit: trajectory reached the configured outer_limit radius
velocity row 66/120 IC 538/599 x0=0.792267 velocity_parameter=0.097 elapsed=11.5989s written=0
  crossing 0/250
  stopped velocity row 66 IC 538 x0=0.792267 velocity_parameter=0.097 status=outer_limit: trajectory reached the configured outer_limit radius
velocity row 66/120 IC 545/599 x0=0.792317 velocity_parameter=0.097 elapsed=11.6536s written=0
  crossing 0/250
  stopped velocity row 66 IC 545 x0=0.792317 velocity_parameter=0.097 status=outer_limit: trajectory reached the configured outer_limit radius
velocity row 67/120 IC 528/599 x0=0.792195 velocity_parameter=0.113167 elapsed=11.6616s written=0
  crossing 0/250
  stopped velocity row 67 IC 528 x0=0.792195 velocity_parameter=0.113167 status=outer_limit: trajectory reached the configured outer_limit radius
velocity row 67/120 IC 538/599 x0=0.792267 velocity_parameter=0.113167 elapsed=11.7339s written=0
  crossing 0/250
  stopped velocity row 67 IC 538 x0=0.792267 velocity_parameter=0.113167 status=outer_limit: trajectory reached the configured outer_limit radius
velocity row 67/120 IC 545/599 x0=0.792317 velocity_parameter=0.113167 elapsed=11.7898s written=0
  crossing 0/250
  stopped velocity row 67 IC 545 x0=0.792317 velocity_parameter=0.113167 status=outer_limit: trajectory reached the configured outer_limit radius
velocity row 68/120 IC 528/599 x0=0.792195 velocity_parameter=0.129333 elapsed=11.7976s written=0
  crossing 0/250
  stopped velocity row 68 IC 528 x0=0.792195 velocity_parameter=0.129333 status=outer_limit: trajectory reached the configured outer_limit radius
velocity row 68/120 IC 538/599 x0=0.792267 velocity_parameter=0.129333 elapsed=11.8756s written=0
  crossing 0/250
  stopped velocity row 68 IC 538 x0=0.792267 velocity_parameter=0.129333 status=outer_limit: trajectory reached the configured outer_limit radius
velocity row 68/120 IC 545/599 x0=0.792317 velocity_parameter=0.129333 elapsed=11.9314s written=0
  crossing 0/250
  stopped velocity row 68 IC 545 x0=0.792317 velocity_parameter=0.129333 status=outer_limit: trajectory reached the configured outer_limit radius
velocity row 69/120 IC 528/599 x0=0.792195 velocity_parameter=0.1455 elapsed=11.9401s written=0
  crossing 0/250
  stopped velocity row 69 IC 528 x0=0.792195 velocity_parameter=0.1455 status=outer_limit: trajectory reached the configured outer_limit radius
velocity row 69/120 IC 538/599 x0=0.792267 velocity_parameter=0.1455 elapsed=12.0202s written=0
  crossing 0/250
  stopped velocity row 69 IC 538 x0=0.792267 velocity_parameter=0.1455 status=outer_limit: trajectory reached the configured outer_limit radius
velocity row 69/120 IC 545/599 x0=0.792317 velocity_parameter=0.1455 elapsed=12.076s written=0
  crossing 0/250
  stopped velocity row 69 IC 545 x0=0.792317 velocity_parameter=0.1455 status=outer_limit: trajectory reached the configured outer_limit radius
velocity row 70/120 IC 528/599 x0=0.792195 velocity_parameter=0.161667 elapsed=12.0842s written=0
  crossing 0/250
  stopped velocity row 70 IC 528 x0=0.792195 velocity_parameter=0.161667 status=outer_limit: trajectory reached the configured outer_limit radius
velocity row 70/120 IC 538/599 x0=0.792267 velocity_parameter=0.161667 elapsed=12.1608s written=0
  crossing 0/250
  stopped velocity row 70 IC 538 x0=0.792267 velocity_parameter=0.161667 status=outer_limit: trajectory reached the configured outer_limit radius
velocity row 70/120 IC 545/599 x0=0.792317 velocity_parameter=0.161667 elapsed=12.2177s written=0
  crossing 0/250
  stopped velocity row 70 IC 545 x0=0.792317 velocity_parameter=0.161667 status=outer_limit: trajectory reached the configured outer_limit radius
velocity row 71/120 IC 528/599 x0=0.792195 velocity_parameter=0.177833 elapsed=12.2259s written=0
  crossing 0/250
  stopped velocity row 71 IC 528 x0=0.792195 velocity_parameter=0.177833 status=outer_limit: trajectory reached the configured outer_limit radius
velocity row 71/120 IC 538/599 x0=0.792267 velocity_parameter=0.177833 elapsed=12.3025s written=0
  crossing 0/250
  stopped velocity row 71 IC 538 x0=0.792267 velocity_parameter=0.177833 status=outer_limit: trajectory reached the configured outer_limit radius
velocity row 71/120 IC 545/599 x0=0.792317 velocity_parameter=0.177833 elapsed=12.3591s written=0
  crossing 0/250
  stopped velocity row 71 IC 545 x0=0.792317 velocity_parameter=0.177833 status=outer_limit: trajectory reached the configured outer_limit radius
velocity row 72/120 IC 528/599 x0=0.792195 velocity_parameter=0.194 elapsed=12.3668s written=0
  crossing 0/250
  stopped velocity row 72 IC 528 x0=0.792195 velocity_parameter=0.194 status=outer_limit: trajectory reached the configured outer_limit radius
velocity row 72/120 IC 538/599 x0=0.792267 velocity_parameter=0.194 elapsed=12.4508s written=0
  crossing 0/250
  stopped velocity row 72 IC 538 x0=0.792267 velocity_parameter=0.194 status=outer_limit: trajectory reached the configured outer_limit radius
velocity row 72/120 IC 545/599 x0=0.792317 velocity_parameter=0.194 elapsed=12.5024s written=0
  crossing 0/250
  stopped velocity row 72 IC 545 x0=0.792317 velocity_parameter=0.194 status=outer_limit: trajectory reached the configured outer_limit radius
velocity row 73/120 IC 528/599 x0=0.792195 velocity_parameter=0.210167 elapsed=12.5108s written=0
  crossing 0/250
  stopped velocity row 73 IC 528 x0=0.792195 velocity_parameter=0.210167 status=outer_limit: trajectory reached the configured outer_limit radius
velocity row 73/120 IC 538/599 x0=0.792267 velocity_parameter=0.210167 elapsed=12.5867s written=0
  crossing 0/250
  stopped velocity row 73 IC 538 x0=0.792267 velocity_parameter=0.210167 status=outer_limit: trajectory reached the configured outer_limit radius
velocity row 73/120 IC 545/599 x0=0.792317 velocity_parameter=0.210167 elapsed=12.6409s written=0
  crossing 0/250
  stopped velocity row 73 IC 545 x0=0.792317 velocity_parameter=0.210167 status=outer_limit: trajectory reached the configured outer_limit radius
velocity row 74/120 IC 528/599 x0=0.792195 velocity_parameter=0.226333 elapsed=12.6491s written=0
  crossing 0/250
  stopped velocity row 74 IC 528 x0=0.792195 velocity_parameter=0.226333 status=outer_limit: trajectory reached the configured outer_limit radius
velocity row 74/120 IC 538/599 x0=0.792267 velocity_parameter=0.226333 elapsed=12.7242s written=0
  crossing 0/250
  stopped velocity row 74 IC 538 x0=0.792267 velocity_parameter=0.226333 status=outer_limit: trajectory reached the configured outer_limit radius
velocity row 74/120 IC 545/599 x0=0.792317 velocity_parameter=0.226333 elapsed=12.7767s written=0
  crossing 0/250
  stopped velocity row 74 IC 545 x0=0.792317 velocity_parameter=0.226333 status=outer_limit: trajectory reached the configured outer_limit radius
velocity row 75/120 IC 528/599 x0=0.792195 velocity_parameter=0.2425 elapsed=12.7844s written=0
  crossing 0/250
  stopped velocity row 75 IC 528 x0=0.792195 velocity_parameter=0.2425 status=outer_limit: trajectory reached the configured outer_limit radius
velocity row 75/120 IC 538/599 x0=0.792267 velocity_parameter=0.2425 elapsed=12.863s written=0
  crossing 0/250
  stopped velocity row 75 IC 538 x0=0.792267 velocity_parameter=0.2425 status=outer_limit: trajectory reached the configured outer_limit radius
velocity row 75/120 IC 545/599 x0=0.792317 velocity_parameter=0.2425 elapsed=12.9159s written=0
  crossing 0/250
  stopped velocity row 75 IC 545 x0=0.792317 velocity_parameter=0.2425 status=outer_limit: trajectory reached the configured outer_limit radius
velocity row 76/120 IC 528/599 x0=0.792195 velocity_parameter=0.258667 elapsed=12.924s written=0
  crossing 0/250
  stopped velocity row 76 IC 528 x0=0.792195 velocity_parameter=0.258667 status=outer_limit: trajectory reached the configured outer_limit radius
velocity row 76/120 IC 538/599 x0=0.792267 velocity_parameter=0.258667 elapsed=12.9991s written=0
  crossing 0/250
  stopped velocity row 76 IC 538 x0=0.792267 velocity_parameter=0.258667 status=outer_limit: trajectory reached the configured outer_limit radius
velocity row 76/120 IC 545/599 x0=0.792317 velocity_parameter=0.258667 elapsed=13.05s written=0
  crossing 0/250
  stopped velocity row 76 IC 545 x0=0.792317 velocity_parameter=0.258667 status=outer_limit: trajectory reached the configured outer_limit radius
velocity row 77/120 IC 528/599 x0=0.792195 velocity_parameter=0.274833 elapsed=13.0586s written=0
  crossing 0/250
  stopped velocity row 77 IC 528 x0=0.792195 velocity_parameter=0.274833 status=outer_limit: trajectory reached the configured outer_limit radius
velocity row 77/120 IC 538/599 x0=0.792267 velocity_parameter=0.274833 elapsed=13.1343s written=0
  crossing 0/250
  stopped velocity row 77 IC 538 x0=0.792267 velocity_parameter=0.274833 status=outer_limit: trajectory reached the configured outer_limit radius
velocity row 77/120 IC 545/599 x0=0.792317 velocity_parameter=0.274833 elapsed=13.1887s written=0
  crossing 0/250
  stopped velocity row 77 IC 545 x0=0.792317 velocity_parameter=0.274833 status=outer_limit: trajectory reached the configured outer_limit radius
velocity row 78/120 IC 528/599 x0=0.792195 velocity_parameter=0.291 elapsed=13.1967s written=0
  crossing 0/250
  stopped velocity row 78 IC 528 x0=0.792195 velocity_parameter=0.291 status=outer_limit: trajectory reached the configured outer_limit radius
velocity row 78/120 IC 538/599 x0=0.792267 velocity_parameter=0.291 elapsed=13.2746s written=0
  crossing 0/250
  stopped velocity row 78 IC 538 x0=0.792267 velocity_parameter=0.291 status=outer_limit: trajectory reached the configured outer_limit radius
velocity row 78/120 IC 545/599 x0=0.792317 velocity_parameter=0.291 elapsed=13.3224s written=0
  crossing 0/250
  stopped velocity row 78 IC 545 x0=0.792317 velocity_parameter=0.291 status=outer_limit: trajectory reached the configured outer_limit radius
velocity row 79/120 IC 528/599 x0=0.792195 velocity_parameter=0.307167 elapsed=13.3305s written=0
  crossing 0/250
  stopped velocity row 79 IC 528 x0=0.792195 velocity_parameter=0.307167 status=outer_limit: trajectory reached the configured outer_limit radius
velocity row 79/120 IC 538/599 x0=0.792267 velocity_parameter=0.307167 elapsed=13.4021s written=0
  crossing 0/250
  stopped velocity row 79 IC 538 x0=0.792267 velocity_parameter=0.307167 status=outer_limit: trajectory reached the configured outer_limit radius
velocity row 79/120 IC 545/599 x0=0.792317 velocity_parameter=0.307167 elapsed=13.4534s written=0
  crossing 0/250
  stopped velocity row 79 IC 545 x0=0.792317 velocity_parameter=0.307167 status=outer_limit: trajectory reached the configured outer_limit radius
velocity row 80/120 IC 528/599 x0=0.792195 velocity_parameter=0.323333 elapsed=13.4612s written=0
  crossing 0/250
  stopped velocity row 80 IC 528 x0=0.792195 velocity_parameter=0.323333 status=outer_limit: trajectory reached the configured outer_limit radius
velocity row 80/120 IC 538/599 x0=0.792267 velocity_parameter=0.323333 elapsed=13.5395s written=0
  crossing 0/250
  stopped velocity row 80 IC 538 x0=0.792267 velocity_parameter=0.323333 status=outer_limit: trajectory reached the configured outer_limit radius
velocity row 80/120 IC 545/599 x0=0.792317 velocity_parameter=0.323333 elapsed=13.585s written=0
  crossing 0/250
  stopped velocity row 80 IC 545 x0=0.792317 velocity_parameter=0.323333 status=outer_limit: trajectory reached the configured outer_limit radius
velocity row 81/120 IC 528/599 x0=0.792195 velocity_parameter=0.3395 elapsed=13.5915s written=0
  crossing 0/250
  stopped velocity row 81 IC 528 x0=0.792195 velocity_parameter=0.3395 status=outer_limit: trajectory reached the configured outer_limit radius
velocity row 81/120 IC 538/599 x0=0.792267 velocity_parameter=0.3395 elapsed=13.6683s written=0
  crossing 0/250
  stopped velocity row 81 IC 538 x0=0.792267 velocity_parameter=0.3395 status=outer_limit: trajectory reached the configured outer_limit radius
velocity row 81/120 IC 545/599 x0=0.792317 velocity_parameter=0.3395 elapsed=13.7156s written=0
  crossing 0/250
  stopped velocity row 81 IC 545 x0=0.792317 velocity_parameter=0.3395 status=outer_limit: trajectory reached the configured outer_limit radius
velocity row 82/120 IC 528/599 x0=0.792195 velocity_parameter=0.355667 elapsed=13.7236s written=0
  crossing 0/250
  stopped velocity row 82 IC 528 x0=0.792195 velocity_parameter=0.355667 status=outer_limit: trajectory reached the configured outer_limit radius
velocity row 82/120 IC 538/599 x0=0.792267 velocity_parameter=0.355667 elapsed=13.7982s written=0
  crossing 0/250
  stopped velocity row 82 IC 538 x0=0.792267 velocity_parameter=0.355667 status=outer_limit: trajectory reached the configured outer_limit radius
velocity row 82/120 IC 545/599 x0=0.792317 velocity_parameter=0.355667 elapsed=13.8481s written=0
  crossing 0/250
  stopped velocity row 82 IC 545 x0=0.792317 velocity_parameter=0.355667 status=outer_limit: trajectory reached the configured outer_limit radius
velocity row 83/120 IC 528/599 x0=0.792195 velocity_parameter=0.371833 elapsed=13.8562s written=0
  crossing 0/250
  stopped velocity row 83 IC 528 x0=0.792195 velocity_parameter=0.371833 status=outer_limit: trajectory reached the configured outer_limit radius
velocity row 83/120 IC 538/599 x0=0.792267 velocity_parameter=0.371833 elapsed=13.9291s written=0
  crossing 0/250
  stopped velocity row 83 IC 538 x0=0.792267 velocity_parameter=0.371833 status=outer_limit: trajectory reached the configured outer_limit radius
velocity row 83/120 IC 545/599 x0=0.792317 velocity_parameter=0.371833 elapsed=13.9779s written=0
  crossing 0/250
  stopped velocity row 83 IC 545 x0=0.792317 velocity_parameter=0.371833 status=outer_limit: trajectory reached the configured outer_limit radius
velocity row 84/120 IC 528/599 x0=0.792195 velocity_parameter=0.388 elapsed=13.9845s written=0
  crossing 0/250
  stopped velocity row 84 IC 528 x0=0.792195 velocity_parameter=0.388 status=outer_limit: trajectory reached the configured outer_limit radius
velocity row 84/120 IC 538/599 x0=0.792267 velocity_parameter=0.388 elapsed=14.0558s written=0
  crossing 0/250
  stopped velocity row 84 IC 538 x0=0.792267 velocity_parameter=0.388 status=outer_limit: trajectory reached the configured outer_limit radius
velocity row 84/120 IC 545/599 x0=0.792317 velocity_parameter=0.388 elapsed=14.1054s written=0
  crossing 0/250
  stopped velocity row 84 IC 545 x0=0.792317 velocity_parameter=0.388 status=outer_limit: trajectory reached the configured outer_limit radius
velocity row 85/120 IC 528/599 x0=0.792195 velocity_parameter=0.404167 elapsed=14.1115s written=0
  crossing 0/250
  stopped velocity row 85 IC 528 x0=0.792195 velocity_parameter=0.404167 status=outer_limit: trajectory reached the configured outer_limit radius
velocity row 85/120 IC 538/599 x0=0.792267 velocity_parameter=0.404167 elapsed=14.1818s written=0
  crossing 0/250
  stopped velocity row 85 IC 538 x0=0.792267 velocity_parameter=0.404167 status=outer_limit: trajectory reached the configured outer_limit radius
velocity row 85/120 IC 545/599 x0=0.792317 velocity_parameter=0.404167 elapsed=14.2341s written=0
  crossing 0/250
  stopped velocity row 85 IC 545 x0=0.792317 velocity_parameter=0.404167 status=outer_limit: trajectory reached the configured outer_limit radius
velocity row 86/120 IC 528/599 x0=0.792195 velocity_parameter=0.420333 elapsed=14.2416s written=0
  crossing 0/250
  stopped velocity row 86 IC 528 x0=0.792195 velocity_parameter=0.420333 status=outer_limit: trajectory reached the configured outer_limit radius
velocity row 86/120 IC 538/599 x0=0.792267 velocity_parameter=0.420333 elapsed=14.3146s written=0
  crossing 0/250
  stopped velocity row 86 IC 538 x0=0.792267 velocity_parameter=0.420333 status=outer_limit: trajectory reached the configured outer_limit radius
velocity row 86/120 IC 545/599 x0=0.792317 velocity_parameter=0.420333 elapsed=14.3652s written=0
  crossing 0/250
  stopped velocity row 86 IC 545 x0=0.792317 velocity_parameter=0.420333 status=outer_limit: trajectory reached the configured outer_limit radius
velocity row 87/120 IC 528/599 x0=0.792195 velocity_parameter=0.4365 elapsed=14.3733s written=0
  crossing 0/250
  stopped velocity row 87 IC 528 x0=0.792195 velocity_parameter=0.4365 status=outer_limit: trajectory reached the configured outer_limit radius
velocity row 87/120 IC 538/599 x0=0.792267 velocity_parameter=0.4365 elapsed=14.4506s written=0
  crossing 0/250
  stopped velocity row 87 IC 538 x0=0.792267 velocity_parameter=0.4365 status=outer_limit: trajectory reached the configured outer_limit radius
velocity row 87/120 IC 545/599 x0=0.792317 velocity_parameter=0.4365 elapsed=14.4991s written=0
  crossing 0/250
  stopped velocity row 87 IC 545 x0=0.792317 velocity_parameter=0.4365 status=outer_limit: trajectory reached the configured outer_limit radius
velocity row 88/120 IC 528/599 x0=0.792195 velocity_parameter=0.452667 elapsed=14.5068s written=0
  crossing 0/250
  stopped velocity row 88 IC 528 x0=0.792195 velocity_parameter=0.452667 status=outer_limit: trajectory reached the configured outer_limit radius
velocity row 88/120 IC 538/599 x0=0.792267 velocity_parameter=0.452667 elapsed=14.581s written=0
  crossing 0/250
  stopped velocity row 88 IC 538 x0=0.792267 velocity_parameter=0.452667 status=outer_limit: trajectory reached the configured outer_limit radius
velocity row 88/120 IC 545/599 x0=0.792317 velocity_parameter=0.452667 elapsed=14.6351s written=0
  crossing 0/250
  stopped velocity row 88 IC 545 x0=0.792317 velocity_parameter=0.452667 status=outer_limit: trajectory reached the configured outer_limit radius
velocity row 89/120 IC 528/599 x0=0.792195 velocity_parameter=0.468833 elapsed=14.6429s written=0
  crossing 0/250
  stopped velocity row 89 IC 528 x0=0.792195 velocity_parameter=0.468833 status=outer_limit: trajectory reached the configured outer_limit radius
velocity row 89/120 IC 538/599 x0=0.792267 velocity_parameter=0.468833 elapsed=14.7204s written=0
  crossing 0/250
  stopped velocity row 89 IC 538 x0=0.792267 velocity_parameter=0.468833 status=outer_limit: trajectory reached the configured outer_limit radius
velocity row 89/120 IC 545/599 x0=0.792317 velocity_parameter=0.468833 elapsed=14.7746s written=0
  crossing 0/250
  stopped velocity row 89 IC 545 x0=0.792317 velocity_parameter=0.468833 status=outer_limit: trajectory reached the configured outer_limit radius
velocity row 90/120 IC 528/599 x0=0.792195 velocity_parameter=0.485 elapsed=14.7822s written=0
  crossing 0/250
  stopped velocity row 90 IC 528 x0=0.792195 velocity_parameter=0.485 status=outer_limit: trajectory reached the configured outer_limit radius
velocity row 90/120 IC 538/599 x0=0.792267 velocity_parameter=0.485 elapsed=14.8564s written=0
  crossing 0/250
  stopped velocity row 90 IC 538 x0=0.792267 velocity_parameter=0.485 status=outer_limit: trajectory reached the configured outer_limit radius
velocity row 90/120 IC 545/599 x0=0.792317 velocity_parameter=0.485 elapsed=14.9038s written=0
  crossing 0/250
  stopped velocity row 90 IC 545 x0=0.792317 velocity_parameter=0.485 status=outer_limit: trajectory reached the configured outer_limit radius
velocity row 91/120 IC 528/599 x0=0.792195 velocity_parameter=0.501167 elapsed=14.9117s written=0
  crossing 0/250
  stopped velocity row 91 IC 528 x0=0.792195 velocity_parameter=0.501167 status=outer_limit: trajectory reached the configured outer_limit radius
velocity row 91/120 IC 538/599 x0=0.792267 velocity_parameter=0.501167 elapsed=14.9874s written=0
  crossing 0/250
  stopped velocity row 91 IC 538 x0=0.792267 velocity_parameter=0.501167 status=outer_limit: trajectory reached the configured outer_limit radius
velocity row 91/120 IC 545/599 x0=0.792317 velocity_parameter=0.501167 elapsed=15.038s written=0
  crossing 0/250
  stopped velocity row 91 IC 545 x0=0.792317 velocity_parameter=0.501167 status=outer_limit: trajectory reached the configured outer_limit radius
velocity row 92/120 IC 528/599 x0=0.792195 velocity_parameter=0.517333 elapsed=15.0454s written=0
  crossing 0/250
  stopped velocity row 92 IC 528 x0=0.792195 velocity_parameter=0.517333 status=outer_limit: trajectory reached the configured outer_limit radius
velocity row 92/120 IC 538/599 x0=0.792267 velocity_parameter=0.517333 elapsed=15.1164s written=0
  crossing 0/250
  stopped velocity row 92 IC 538 x0=0.792267 velocity_parameter=0.517333 status=outer_limit: trajectory reached the configured outer_limit radius
velocity row 92/120 IC 545/599 x0=0.792317 velocity_parameter=0.517333 elapsed=15.1672s written=0
  crossing 0/250
  stopped velocity row 92 IC 545 x0=0.792317 velocity_parameter=0.517333 status=outer_limit: trajectory reached the configured outer_limit radius
velocity row 93/120 IC 528/599 x0=0.792195 velocity_parameter=0.5335 elapsed=15.1754s written=0
  crossing 0/250
  stopped velocity row 93 IC 528 x0=0.792195 velocity_parameter=0.5335 status=outer_limit: trajectory reached the configured outer_limit radius
velocity row 93/120 IC 538/599 x0=0.792267 velocity_parameter=0.5335 elapsed=15.2433s written=0
  crossing 0/250
  stopped velocity row 93 IC 538 x0=0.792267 velocity_parameter=0.5335 status=outer_limit: trajectory reached the configured outer_limit radius
velocity row 93/120 IC 545/599 x0=0.792317 velocity_parameter=0.5335 elapsed=15.2959s written=0
  crossing 0/250
  stopped velocity row 93 IC 545 x0=0.792317 velocity_parameter=0.5335 status=outer_limit: trajectory reached the configured outer_limit radius
velocity row 94/120 IC 528/599 x0=0.792195 velocity_parameter=0.549667 elapsed=15.3038s written=0
  crossing 0/250
  stopped velocity row 94 IC 528 x0=0.792195 velocity_parameter=0.549667 status=outer_limit: trajectory reached the configured outer_limit radius
velocity row 94/120 IC 538/599 x0=0.792267 velocity_parameter=0.549667 elapsed=15.3813s written=0
  crossing 0/250
  stopped velocity row 94 IC 538 x0=0.792267 velocity_parameter=0.549667 status=outer_limit: trajectory reached the configured outer_limit radius
velocity row 94/120 IC 545/599 x0=0.792317 velocity_parameter=0.549667 elapsed=15.4376s written=0
  crossing 0/250
  stopped velocity row 94 IC 545 x0=0.792317 velocity_parameter=0.549667 status=outer_limit: trajectory reached the configured outer_limit radius
velocity row 95/120 IC 528/599 x0=0.792195 velocity_parameter=0.565833 elapsed=15.4455s written=0
  crossing 0/250
  stopped velocity row 95 IC 528 x0=0.792195 velocity_parameter=0.565833 status=outer_limit: trajectory reached the configured outer_limit radius
velocity row 95/120 IC 538/599 x0=0.792267 velocity_parameter=0.565833 elapsed=15.5189s written=0
  crossing 0/250
  stopped velocity row 95 IC 538 x0=0.792267 velocity_parameter=0.565833 status=outer_limit: trajectory reached the configured outer_limit radius
velocity row 95/120 IC 545/599 x0=0.792317 velocity_parameter=0.565833 elapsed=15.5699s written=0
  crossing 0/250
  stopped velocity row 95 IC 545 x0=0.792317 velocity_parameter=0.565833 status=outer_limit: trajectory reached the configured outer_limit radius
velocity row 96/120 IC 528/599 x0=0.792195 velocity_parameter=0.582 elapsed=15.5774s written=0
  crossing 0/250
  stopped velocity row 96 IC 528 x0=0.792195 velocity_parameter=0.582 status=outer_limit: trajectory reached the configured outer_limit radius
velocity row 96/120 IC 538/599 x0=0.792267 velocity_parameter=0.582 elapsed=15.652s written=0
  crossing 0/250
  stopped velocity row 96 IC 538 x0=0.792267 velocity_parameter=0.582 status=outer_limit: trajectory reached the configured outer_limit radius
velocity row 96/120 IC 545/599 x0=0.792317 velocity_parameter=0.582 elapsed=15.7035s written=0
  crossing 0/250
  stopped velocity row 96 IC 545 x0=0.792317 velocity_parameter=0.582 status=outer_limit: trajectory reached the configured outer_limit radius
velocity row 97/120 IC 528/599 x0=0.792195 velocity_parameter=0.598167 elapsed=15.7112s written=0
  crossing 0/250
  stopped velocity row 97 IC 528 x0=0.792195 velocity_parameter=0.598167 status=outer_limit: trajectory reached the configured outer_limit radius
velocity row 97/120 IC 538/599 x0=0.792267 velocity_parameter=0.598167 elapsed=15.7823s written=0
  crossing 0/250
  stopped velocity row 97 IC 538 x0=0.792267 velocity_parameter=0.598167 status=outer_limit: trajectory reached the configured outer_limit radius
velocity row 97/120 IC 545/599 x0=0.792317 velocity_parameter=0.598167 elapsed=15.837s written=0
  crossing 0/250
  stopped velocity row 97 IC 545 x0=0.792317 velocity_parameter=0.598167 status=outer_limit: trajectory reached the configured outer_limit radius
velocity row 98/120 IC 528/599 x0=0.792195 velocity_parameter=0.614333 elapsed=15.8448s written=0
  crossing 0/250
  stopped velocity row 98 IC 528 x0=0.792195 velocity_parameter=0.614333 status=outer_limit: trajectory reached the configured outer_limit radius
velocity row 98/120 IC 538/599 x0=0.792267 velocity_parameter=0.614333 elapsed=15.9185s written=0
  crossing 0/250
  stopped velocity row 98 IC 538 x0=0.792267 velocity_parameter=0.614333 status=outer_limit: trajectory reached the configured outer_limit radius
velocity row 98/120 IC 545/599 x0=0.792317 velocity_parameter=0.614333 elapsed=15.9708s written=0
  crossing 0/250
  stopped velocity row 98 IC 545 x0=0.792317 velocity_parameter=0.614333 status=outer_limit: trajectory reached the configured outer_limit radius
velocity row 99/120 IC 528/599 x0=0.792195 velocity_parameter=0.6305 elapsed=15.9769s written=0
  crossing 0/250
  stopped velocity row 99 IC 528 x0=0.792195 velocity_parameter=0.6305 status=outer_limit: trajectory reached the configured outer_limit radius
velocity row 99/120 IC 538/599 x0=0.792267 velocity_parameter=0.6305 elapsed=16.0522s written=0
  crossing 0/250
  stopped velocity row 99 IC 538 x0=0.792267 velocity_parameter=0.6305 status=outer_limit: trajectory reached the configured outer_limit radius
velocity row 99/120 IC 545/599 x0=0.792317 velocity_parameter=0.6305 elapsed=16.1017s written=0
  crossing 0/250
  stopped velocity row 99 IC 545 x0=0.792317 velocity_parameter=0.6305 status=outer_limit: trajectory reached the configured outer_limit radius
velocity row 100/120 IC 528/599 x0=0.792195 velocity_parameter=0.646667 elapsed=16.1096s written=0
  crossing 0/250
  stopped velocity row 100 IC 528 x0=0.792195 velocity_parameter=0.646667 status=outer_limit: trajectory reached the configured outer_limit radius
velocity row 100/120 IC 538/599 x0=0.792267 velocity_parameter=0.646667 elapsed=16.1793s written=0
  crossing 0/250
  stopped velocity row 100 IC 538 x0=0.792267 velocity_parameter=0.646667 status=outer_limit: trajectory reached the configured outer_limit radius
velocity row 100/120 IC 545/599 x0=0.792317 velocity_parameter=0.646667 elapsed=16.2316s written=0
  crossing 0/250
  stopped velocity row 100 IC 545 x0=0.792317 velocity_parameter=0.646667 status=outer_limit: trajectory reached the configured outer_limit radius
velocity row 101/120 IC 528/599 x0=0.792195 velocity_parameter=0.662833 elapsed=16.2395s written=0
  crossing 0/250
  stopped velocity row 101 IC 528 x0=0.792195 velocity_parameter=0.662833 status=outer_limit: trajectory reached the configured outer_limit radius
velocity row 101/120 IC 538/599 x0=0.792267 velocity_parameter=0.662833 elapsed=16.31s written=0
  crossing 0/250
  stopped velocity row 101 IC 538 x0=0.792267 velocity_parameter=0.662833 status=outer_limit: trajectory reached the configured outer_limit radius
velocity row 101/120 IC 545/599 x0=0.792317 velocity_parameter=0.662833 elapsed=16.3615s written=0
  crossing 0/250
  stopped velocity row 101 IC 545 x0=0.792317 velocity_parameter=0.662833 status=outer_limit: trajectory reached the configured outer_limit radius
velocity row 102/120 IC 528/599 x0=0.792195 velocity_parameter=0.679 elapsed=16.3693s written=0
  crossing 0/250
  stopped velocity row 102 IC 528 x0=0.792195 velocity_parameter=0.679 status=outer_limit: trajectory reached the configured outer_limit radius
velocity row 102/120 IC 538/599 x0=0.792267 velocity_parameter=0.679 elapsed=16.4401s written=0
  crossing 0/250
  stopped velocity row 102 IC 538 x0=0.792267 velocity_parameter=0.679 status=outer_limit: trajectory reached the configured outer_limit radius
velocity row 102/120 IC 545/599 x0=0.792317 velocity_parameter=0.679 elapsed=16.4931s written=0
  crossing 0/250
  stopped velocity row 102 IC 545 x0=0.792317 velocity_parameter=0.679 status=outer_limit: trajectory reached the configured outer_limit radius
velocity row 103/120 IC 528/599 x0=0.792195 velocity_parameter=0.695167 elapsed=16.5003s written=0
  crossing 0/250
  stopped velocity row 103 IC 528 x0=0.792195 velocity_parameter=0.695167 status=outer_limit: trajectory reached the configured outer_limit radius
velocity row 103/120 IC 538/599 x0=0.792267 velocity_parameter=0.695167 elapsed=16.5746s written=0
  crossing 0/250
  stopped velocity row 103 IC 538 x0=0.792267 velocity_parameter=0.695167 status=outer_limit: trajectory reached the configured outer_limit radius
velocity row 103/120 IC 545/599 x0=0.792317 velocity_parameter=0.695167 elapsed=16.6264s written=0
  crossing 0/250
  stopped velocity row 103 IC 545 x0=0.792317 velocity_parameter=0.695167 status=outer_limit: trajectory reached the configured outer_limit radius
velocity row 104/120 IC 528/599 x0=0.792195 velocity_parameter=0.711333 elapsed=16.6336s written=0
  crossing 0/250
  stopped velocity row 104 IC 528 x0=0.792195 velocity_parameter=0.711333 status=outer_limit: trajectory reached the configured outer_limit radius
velocity row 104/120 IC 538/599 x0=0.792267 velocity_parameter=0.711333 elapsed=16.7041s written=0
  crossing 0/250
  stopped velocity row 104 IC 538 x0=0.792267 velocity_parameter=0.711333 status=outer_limit: trajectory reached the configured outer_limit radius
velocity row 104/120 IC 545/599 x0=0.792317 velocity_parameter=0.711333 elapsed=16.7552s written=0
  crossing 0/250
  stopped velocity row 104 IC 545 x0=0.792317 velocity_parameter=0.711333 status=outer_limit: trajectory reached the configured outer_limit radius
velocity row 105/120 IC 528/599 x0=0.792195 velocity_parameter=0.7275 elapsed=16.7631s written=0
  crossing 0/250
  stopped velocity row 105 IC 528 x0=0.792195 velocity_parameter=0.7275 status=outer_limit: trajectory reached the configured outer_limit radius
velocity row 105/120 IC 538/599 x0=0.792267 velocity_parameter=0.7275 elapsed=16.835s written=0
  crossing 0/250
  stopped velocity row 105 IC 538 x0=0.792267 velocity_parameter=0.7275 status=outer_limit: trajectory reached the configured outer_limit radius
velocity row 105/120 IC 545/599 x0=0.792317 velocity_parameter=0.7275 elapsed=16.8838s written=0
  crossing 0/250
  stopped velocity row 105 IC 545 x0=0.792317 velocity_parameter=0.7275 status=outer_limit: trajectory reached the configured outer_limit radius
velocity row 106/120 IC 528/599 x0=0.792195 velocity_parameter=0.743667 elapsed=16.891s written=0
  crossing 0/250
  stopped velocity row 106 IC 528 x0=0.792195 velocity_parameter=0.743667 status=outer_limit: trajectory reached the configured outer_limit radius
velocity row 106/120 IC 538/599 x0=0.792267 velocity_parameter=0.743667 elapsed=16.964s written=0
  crossing 0/250
  stopped velocity row 106 IC 538 x0=0.792267 velocity_parameter=0.743667 status=outer_limit: trajectory reached the configured outer_limit radius
velocity row 106/120 IC 545/599 x0=0.792317 velocity_parameter=0.743667 elapsed=17.0141s written=0
  crossing 0/250
  stopped velocity row 106 IC 545 x0=0.792317 velocity_parameter=0.743667 status=outer_limit: trajectory reached the configured outer_limit radius
velocity row 107/120 IC 528/599 x0=0.792195 velocity_parameter=0.759833 elapsed=17.0221s written=0
  crossing 0/250
  stopped velocity row 107 IC 528 x0=0.792195 velocity_parameter=0.759833 status=outer_limit: trajectory reached the configured outer_limit radius
velocity row 107/120 IC 538/599 x0=0.792267 velocity_parameter=0.759833 elapsed=17.0929s written=0
  crossing 0/250
  stopped velocity row 107 IC 538 x0=0.792267 velocity_parameter=0.759833 status=outer_limit: trajectory reached the configured outer_limit radius
velocity row 107/120 IC 545/599 x0=0.792317 velocity_parameter=0.759833 elapsed=17.1412s written=0
  crossing 0/250
  stopped velocity row 107 IC 545 x0=0.792317 velocity_parameter=0.759833 status=outer_limit: trajectory reached the configured outer_limit radius
velocity row 108/120 IC 528/599 x0=0.792195 velocity_parameter=0.776 elapsed=17.1483s written=0
  crossing 0/250
  stopped velocity row 108 IC 528 x0=0.792195 velocity_parameter=0.776 status=outer_limit: trajectory reached the configured outer_limit radius
velocity row 108/120 IC 538/599 x0=0.792267 velocity_parameter=0.776 elapsed=17.2226s written=0
  crossing 0/250
  stopped velocity row 108 IC 538 x0=0.792267 velocity_parameter=0.776 status=outer_limit: trajectory reached the configured outer_limit radius
velocity row 108/120 IC 545/599 x0=0.792317 velocity_parameter=0.776 elapsed=17.2805s written=0
  crossing 0/250
  stopped velocity row 108 IC 545 x0=0.792317 velocity_parameter=0.776 status=outer_limit: trajectory reached the configured outer_limit radius
velocity row 109/120 IC 528/599 x0=0.792195 velocity_parameter=0.792167 elapsed=17.2881s written=0
  crossing 0/250
  stopped velocity row 109 IC 528 x0=0.792195 velocity_parameter=0.792167 status=outer_limit: trajectory reached the configured outer_limit radius
velocity row 109/120 IC 538/599 x0=0.792267 velocity_parameter=0.792167 elapsed=17.3632s written=0
  crossing 0/250
  stopped velocity row 109 IC 538 x0=0.792267 velocity_parameter=0.792167 status=outer_limit: trajectory reached the configured outer_limit radius
velocity row 109/120 IC 545/599 x0=0.792317 velocity_parameter=0.792167 elapsed=17.4097s written=0
  crossing 0/250
  stopped velocity row 109 IC 545 x0=0.792317 velocity_parameter=0.792167 status=outer_limit: trajectory reached the configured outer_limit radius
velocity row 110/120 IC 528/599 x0=0.792195 velocity_parameter=0.808333 elapsed=17.4176s written=0
  crossing 0/250
  stopped velocity row 110 IC 528 x0=0.792195 velocity_parameter=0.808333 status=outer_limit: trajectory reached the configured outer_limit radius
velocity row 110/120 IC 538/599 x0=0.792267 velocity_parameter=0.808333 elapsed=17.4881s written=0
  crossing 0/250
  stopped velocity row 110 IC 538 x0=0.792267 velocity_parameter=0.808333 status=outer_limit: trajectory reached the configured outer_limit radius
velocity row 110/120 IC 545/599 x0=0.792317 velocity_parameter=0.808333 elapsed=17.5351s written=0
  crossing 0/250
  stopped velocity row 110 IC 545 x0=0.792317 velocity_parameter=0.808333 status=outer_limit: trajectory reached the configured outer_limit radius
velocity row 111/120 IC 528/599 x0=0.792195 velocity_parameter=0.8245 elapsed=17.5432s written=0
  crossing 0/250
  stopped velocity row 111 IC 528 x0=0.792195 velocity_parameter=0.8245 status=outer_limit: trajectory reached the configured outer_limit radius
velocity row 111/120 IC 538/599 x0=0.792267 velocity_parameter=0.8245 elapsed=17.6168s written=0
  crossing 0/250
  stopped velocity row 111 IC 538 x0=0.792267 velocity_parameter=0.8245 status=outer_limit: trajectory reached the configured outer_limit radius
velocity row 111/120 IC 545/599 x0=0.792317 velocity_parameter=0.8245 elapsed=17.6651s written=0
  crossing 0/250
  stopped velocity row 111 IC 545 x0=0.792317 velocity_parameter=0.8245 status=outer_limit: trajectory reached the configured outer_limit radius
velocity row 112/120 IC 528/599 x0=0.792195 velocity_parameter=0.840667 elapsed=17.6711s written=0
  crossing 0/250
  stopped velocity row 112 IC 528 x0=0.792195 velocity_parameter=0.840667 status=outer_limit: trajectory reached the configured outer_limit radius
velocity row 112/120 IC 538/599 x0=0.792267 velocity_parameter=0.840667 elapsed=17.7405s written=0
  crossing 0/250
  stopped velocity row 112 IC 538 x0=0.792267 velocity_parameter=0.840667 status=outer_limit: trajectory reached the configured outer_limit radius
velocity row 112/120 IC 545/599 x0=0.792317 velocity_parameter=0.840667 elapsed=17.7868s written=0
  crossing 0/250
  stopped velocity row 112 IC 545 x0=0.792317 velocity_parameter=0.840667 status=outer_limit: trajectory reached the configured outer_limit radius
velocity row 113/120 IC 528/599 x0=0.792195 velocity_parameter=0.856833 elapsed=17.7931s written=0
  crossing 0/250
  stopped velocity row 113 IC 528 x0=0.792195 velocity_parameter=0.856833 status=outer_limit: trajectory reached the configured outer_limit radius
velocity row 113/120 IC 538/599 x0=0.792267 velocity_parameter=0.856833 elapsed=17.8676s written=0
  crossing 0/250
  stopped velocity row 113 IC 538 x0=0.792267 velocity_parameter=0.856833 status=outer_limit: trajectory reached the configured outer_limit radius
velocity row 113/120 IC 545/599 x0=0.792317 velocity_parameter=0.856833 elapsed=17.9171s written=0
  crossing 0/250
  stopped velocity row 113 IC 545 x0=0.792317 velocity_parameter=0.856833 status=outer_limit: trajectory reached the configured outer_limit radius
velocity row 114/120 IC 528/599 x0=0.792195 velocity_parameter=0.873 elapsed=17.9249s written=0
  crossing 0/250
  stopped velocity row 114 IC 528 x0=0.792195 velocity_parameter=0.873 status=outer_limit: trajectory reached the configured outer_limit radius
velocity row 114/120 IC 538/599 x0=0.792267 velocity_parameter=0.873 elapsed=17.9947s written=0
  crossing 0/250
  stopped velocity row 114 IC 538 x0=0.792267 velocity_parameter=0.873 status=outer_limit: trajectory reached the configured outer_limit radius
velocity row 114/120 IC 545/599 x0=0.792317 velocity_parameter=0.873 elapsed=18.0466s written=0
  crossing 0/250
  stopped velocity row 114 IC 545 x0=0.792317 velocity_parameter=0.873 status=outer_limit: trajectory reached the configured outer_limit radius
velocity row 115/120 IC 528/599 x0=0.792195 velocity_parameter=0.889167 elapsed=18.0545s written=0
  crossing 0/250
  stopped velocity row 115 IC 528 x0=0.792195 velocity_parameter=0.889167 status=outer_limit: trajectory reached the configured outer_limit radius
velocity row 115/120 IC 538/599 x0=0.792267 velocity_parameter=0.889167 elapsed=18.1289s written=0
  crossing 0/250
  stopped velocity row 115 IC 538 x0=0.792267 velocity_parameter=0.889167 status=outer_limit: trajectory reached the configured outer_limit radius
velocity row 115/120 IC 545/599 x0=0.792317 velocity_parameter=0.889167 elapsed=18.1804s written=0
  crossing 0/250
  stopped velocity row 115 IC 545 x0=0.792317 velocity_parameter=0.889167 status=outer_limit: trajectory reached the configured outer_limit radius
velocity row 116/120 IC 528/599 x0=0.792195 velocity_parameter=0.905333 elapsed=18.1879s written=0
  crossing 0/250
  stopped velocity row 116 IC 528 x0=0.792195 velocity_parameter=0.905333 status=outer_limit: trajectory reached the configured outer_limit radius
velocity row 116/120 IC 538/599 x0=0.792267 velocity_parameter=0.905333 elapsed=18.2601s written=0
  crossing 0/250
  stopped velocity row 116 IC 538 x0=0.792267 velocity_parameter=0.905333 status=outer_limit: trajectory reached the configured outer_limit radius
velocity row 116/120 IC 545/599 x0=0.792317 velocity_parameter=0.905333 elapsed=18.3077s written=0
  crossing 0/250
  stopped velocity row 116 IC 545 x0=0.792317 velocity_parameter=0.905333 status=outer_limit: trajectory reached the configured outer_limit radius
velocity row 117/120 IC 528/599 x0=0.792195 velocity_parameter=0.9215 elapsed=18.3155s written=0
  crossing 0/250
  stopped velocity row 117 IC 528 x0=0.792195 velocity_parameter=0.9215 status=outer_limit: trajectory reached the configured outer_limit radius
velocity row 117/120 IC 538/599 x0=0.792267 velocity_parameter=0.9215 elapsed=18.3928s written=0
  crossing 0/250
  stopped velocity row 117 IC 538 x0=0.792267 velocity_parameter=0.9215 status=outer_limit: trajectory reached the configured outer_limit radius
velocity row 117/120 IC 545/599 x0=0.792317 velocity_parameter=0.9215 elapsed=18.4466s written=0
  crossing 0/250
  stopped velocity row 117 IC 545 x0=0.792317 velocity_parameter=0.9215 status=outer_limit: trajectory reached the configured outer_limit radius
velocity row 118/120 IC 528/599 x0=0.792195 velocity_parameter=0.937667 elapsed=18.4542s written=0
  crossing 0/250
  stopped velocity row 118 IC 528 x0=0.792195 velocity_parameter=0.937667 status=outer_limit: trajectory reached the configured outer_limit radius
velocity row 118/120 IC 538/599 x0=0.792267 velocity_parameter=0.937667 elapsed=18.5231s written=0
  crossing 0/250
  stopped velocity row 118 IC 538 x0=0.792267 velocity_parameter=0.937667 status=outer_limit: trajectory reached the configured outer_limit radius
velocity row 118/120 IC 545/599 x0=0.792317 velocity_parameter=0.937667 elapsed=18.5738s written=0
  crossing 0/250
  stopped velocity row 118 IC 545 x0=0.792317 velocity_parameter=0.937667 status=outer_limit: trajectory reached the configured outer_limit radius
velocity row 119/120 IC 528/599 x0=0.792195 velocity_parameter=0.953833 elapsed=18.5815s written=0
  crossing 0/250
  stopped velocity row 119 IC 528 x0=0.792195 velocity_parameter=0.953833 status=outer_limit: trajectory reached the configured outer_limit radius
velocity row 119/120 IC 538/599 x0=0.792267 velocity_parameter=0.953833 elapsed=18.6451s written=0
  crossing 0/250
  stopped velocity row 119 IC 538 x0=0.792267 velocity_parameter=0.953833 status=outer_limit: trajectory reached the configured outer_limit radius
velocity row 119/120 IC 545/599 x0=0.792317 velocity_parameter=0.953833 elapsed=18.6856s written=0
  crossing 0/250
  stopped velocity row 119 IC 545 x0=0.792317 velocity_parameter=0.953833 status=outer_limit: trajectory reached the configured outer_limit radius
velocity row 120/120 IC 528/599 x0=0.792195 velocity_parameter=0.97 elapsed=18.6924s written=0
  crossing 0/250
  stopped velocity row 120 IC 528 x0=0.792195 velocity_parameter=0.97 status=outer_limit: trajectory reached the configured outer_limit radius
velocity row 120/120 IC 538/599 x0=0.792267 velocity_parameter=0.97 elapsed=18.7559s written=0
  crossing 0/250
  stopped velocity row 120 IC 538 x0=0.792267 velocity_parameter=0.97 status=outer_limit: trajectory reached the configured outer_limit radius
velocity row 120/120 IC 545/599 x0=0.792317 velocity_parameter=0.97 elapsed=18.8011s written=0
  crossing 0/250
  stopped velocity row 120 IC 545 x0=0.792317 velocity_parameter=0.97 status=outer_limit: trajectory reached the configured outer_limit radius
metadata -> /mnt/c/Users/payne/Code/Hill_4BP/professional_neck_studies/e1_dense_001/survey/level_004_delta_1e_minus_6/closed/shard_0028/metadata.txt
wrote 0 points (0 ICs skipped, 2178 orbits stopped early, elapsed=18.8086s) -> /mnt/c/Users/payne/Code/Hill_4BP/professional_neck_studies/e1_dense_001/survey/level_004_delta_1e_minus_6/closed/shard_0028/points.csv
outcomes: collision=0 completed=0 forbidden=0 inner_radius_limit=0 invalid_initial_radius=0 invalid_velocity=0 nontransverse=0 numerical_failure=0 outer_limit=2178 timeout=0
maximum sampled |H-h|=4.46601e-16
