zero-velocity boundary -> /mnt/c/Users/payne/Code/Hill_4BP/professional_neck_studies/e1_dense_001/survey/level_003_delta_1e_minus_5/open/shard_0004/zero_velocity_boundary.csv
lambda1=0.0272549 lambda2=2.97275 A=-0.986373 B=0.486373 c=0.0976566 c1=0 c2=0 c3=-0.0976566 h=-2.39153 (C=4.78305)
E1/E2 neck h=-2.39154 (C=4.78307), E3/E4 neck h=-0.454039 (C=0.908078)
energy_mode=neck_delta neck=E1 hcrit=-2.39154 delta=1e-05 side=open actual_neck_side=open delta_h=1e-05
x_count=600 xdot_count=121 iterates=250 index range=[76,94] velocity_mode=fraction x_range=[0.783756,0.797354] max_return_time=100
smooth coordinates R=sqrt(rho), CAPD crossing mode=Both solver_order=28 max_step=0.005 abs_tol=1e-15 rel_tol=1e-13 collision_radius=1e-06 outer_radius=5
velocity row 0/120 IC 76/599 x0=0.785481 velocity_parameter=-0.97 elapsed=1.78e-07s written=0
  crossing 0/250
  stopped velocity row 0 IC 76 x0=0.785481 velocity_parameter=-0.97 status=collision: trajectory reached the configured collision radius
  stopped velocity row 0 IC 77 x0=0.785504 velocity_parameter=-0.97 status=collision: trajectory reached the configured collision radius
  stopped velocity row 0 IC 78 x0=0.785526 velocity_parameter=-0.97 status=collision: trajectory reached the configured collision radius
  stopped velocity row 0 IC 79 x0=0.785549 velocity_parameter=-0.97 status=collision: trajectory reached the configured collision radius
  stopped velocity row 0 IC 80 x0=0.785572 velocity_parameter=-0.97 status=collision: trajectory reached the configured collision radius
  stopped velocity row 0 IC 81 x0=0.785594 velocity_parameter=-0.97 status=collision: trajectory reached the configured collision radius
  stopped velocity row 0 IC 82 x0=0.785617 velocity_parameter=-0.97 status=collision: trajectory reached the configured collision radius
  stopped velocity row 0 IC 83 x0=0.78564 velocity_parameter=-0.97 status=collision: trajectory reached the configured collision radius
  stopped velocity row 0 IC 84 x0=0.785662 velocity_parameter=-0.97 status=collision: trajectory reached the configured collision radius
  stopped velocity row 0 IC 85 x0=0.785685 velocity_parameter=-0.97 status=collision: trajectory reached the configured collision radius
velocity row 0/120 IC 86/599 x0=0.785708 velocity_parameter=-0.97 elapsed=0.841713s written=0
  crossing 0/250
  stopped velocity row 0 IC 86 x0=0.785708 velocity_parameter=-0.97 status=collision: trajectory reached the configured collision radius
velocity row 0/120 IC 94/599 x0=0.78589 velocity_parameter=-0.97 elapsed=1.50576s written=0
  crossing 0/250
  stopped velocity row 0 IC 94 x0=0.78589 velocity_parameter=-0.97 status=collision: trajectory reached the configured collision radius
velocity row 1/120 IC 76/599 x0=0.785481 velocity_parameter=-0.953833 elapsed=1.58969s written=0
  crossing 0/250
  stopped velocity row 1 IC 76 x0=0.785481 velocity_parameter=-0.953833 status=collision: trajectory reached the configured collision radius
velocity row 1/120 IC 86/599 x0=0.785708 velocity_parameter=-0.953833 elapsed=2.40643s written=0
  crossing 0/250
  stopped velocity row 1 IC 86 x0=0.785708 velocity_parameter=-0.953833 status=collision: trajectory reached the configured collision radius
velocity row 1/120 IC 94/599 x0=0.78589 velocity_parameter=-0.953833 elapsed=3.087s written=0
  crossing 0/250
  stopped velocity row 1 IC 94 x0=0.78589 velocity_parameter=-0.953833 status=collision: trajectory reached the configured collision radius
velocity row 2/120 IC 76/599 x0=0.785481 velocity_parameter=-0.937667 elapsed=3.16912s written=0
  crossing 0/250
  stopped velocity row 2 IC 76 x0=0.785481 velocity_parameter=-0.937667 status=collision: trajectory reached the configured collision radius
velocity row 2/120 IC 86/599 x0=0.785708 velocity_parameter=-0.937667 elapsed=3.99691s written=0
  crossing 0/250
  stopped velocity row 2 IC 86 x0=0.785708 velocity_parameter=-0.937667 status=collision: trajectory reached the configured collision radius
velocity row 2/120 IC 94/599 x0=0.78589 velocity_parameter=-0.937667 elapsed=4.65769s written=0
  crossing 0/250
  stopped velocity row 2 IC 94 x0=0.78589 velocity_parameter=-0.937667 status=collision: trajectory reached the configured collision radius
velocity row 3/120 IC 76/599 x0=0.785481 velocity_parameter=-0.9215 elapsed=4.73615s written=0
  crossing 0/250
  stopped velocity row 3 IC 76 x0=0.785481 velocity_parameter=-0.9215 status=collision: trajectory reached the configured collision radius
velocity row 3/120 IC 86/599 x0=0.785708 velocity_parameter=-0.9215 elapsed=5.56984s written=0
  crossing 0/250
  stopped velocity row 3 IC 86 x0=0.785708 velocity_parameter=-0.9215 status=collision: trajectory reached the configured collision radius
velocity row 3/120 IC 94/599 x0=0.78589 velocity_parameter=-0.9215 elapsed=6.25327s written=0
  crossing 0/250
  stopped velocity row 3 IC 94 x0=0.78589 velocity_parameter=-0.9215 status=collision: trajectory reached the configured collision radius
velocity row 4/120 IC 76/599 x0=0.785481 velocity_parameter=-0.905333 elapsed=6.33169s written=0
  crossing 0/250
  stopped velocity row 4 IC 76 x0=0.785481 velocity_parameter=-0.905333 status=collision: trajectory reached the configured collision radius
velocity row 4/120 IC 86/599 x0=0.785708 velocity_parameter=-0.905333 elapsed=7.15318s written=0
  crossing 0/250
  stopped velocity row 4 IC 86 x0=0.785708 velocity_parameter=-0.905333 status=collision: trajectory reached the configured collision radius
velocity row 4/120 IC 94/599 x0=0.78589 velocity_parameter=-0.905333 elapsed=7.85069s written=0
  crossing 0/250
  stopped velocity row 4 IC 94 x0=0.78589 velocity_parameter=-0.905333 status=collision: trajectory reached the configured collision radius
velocity row 5/120 IC 76/599 x0=0.785481 velocity_parameter=-0.889167 elapsed=7.92831s written=0
  crossing 0/250
  stopped velocity row 5 IC 76 x0=0.785481 velocity_parameter=-0.889167 status=collision: trajectory reached the configured collision radius
velocity row 5/120 IC 86/599 x0=0.785708 velocity_parameter=-0.889167 elapsed=8.74434s written=0
  crossing 0/250
  stopped velocity row 5 IC 86 x0=0.785708 velocity_parameter=-0.889167 status=collision: trajectory reached the configured collision radius
velocity row 5/120 IC 94/599 x0=0.78589 velocity_parameter=-0.889167 elapsed=9.45544s written=0
  crossing 0/250
  stopped velocity row 5 IC 94 x0=0.78589 velocity_parameter=-0.889167 status=collision: trajectory reached the configured collision radius
velocity row 6/120 IC 76/599 x0=0.785481 velocity_parameter=-0.873 elapsed=9.53529s written=0
  crossing 0/250
  stopped velocity row 6 IC 76 x0=0.785481 velocity_parameter=-0.873 status=collision: trajectory reached the configured collision radius
velocity row 6/120 IC 86/599 x0=0.785708 velocity_parameter=-0.873 elapsed=10.3631s written=0
  crossing 0/250
  stopped velocity row 6 IC 86 x0=0.785708 velocity_parameter=-0.873 status=collision: trajectory reached the configured collision radius
velocity row 6/120 IC 94/599 x0=0.78589 velocity_parameter=-0.873 elapsed=11.0252s written=0
  crossing 0/250
  stopped velocity row 6 IC 94 x0=0.78589 velocity_parameter=-0.873 status=collision: trajectory reached the configured collision radius
velocity row 7/120 IC 76/599 x0=0.785481 velocity_parameter=-0.856833 elapsed=11.1076s written=0
  crossing 0/250
  stopped velocity row 7 IC 76 x0=0.785481 velocity_parameter=-0.856833 status=collision: trajectory reached the configured collision radius
velocity row 7/120 IC 86/599 x0=0.785708 velocity_parameter=-0.856833 elapsed=11.9557s written=0
  crossing 0/250
  stopped velocity row 7 IC 86 x0=0.785708 velocity_parameter=-0.856833 status=collision: trajectory reached the configured collision radius
velocity row 7/120 IC 94/599 x0=0.78589 velocity_parameter=-0.856833 elapsed=12.6019s written=0
  crossing 0/250
  stopped velocity row 7 IC 94 x0=0.78589 velocity_parameter=-0.856833 status=collision: trajectory reached the configured collision radius
velocity row 8/120 IC 76/599 x0=0.785481 velocity_parameter=-0.840667 elapsed=12.6851s written=0
  crossing 0/250
  stopped velocity row 8 IC 76 x0=0.785481 velocity_parameter=-0.840667 status=collision: trajectory reached the configured collision radius
velocity row 8/120 IC 86/599 x0=0.785708 velocity_parameter=-0.840667 elapsed=13.4681s written=0
  crossing 0/250
  stopped velocity row 8 IC 86 x0=0.785708 velocity_parameter=-0.840667 status=collision: trajectory reached the configured collision radius
velocity row 8/120 IC 94/599 x0=0.78589 velocity_parameter=-0.840667 elapsed=14.1009s written=0
  crossing 0/250
  stopped velocity row 8 IC 94 x0=0.78589 velocity_parameter=-0.840667 status=collision: trajectory reached the configured collision radius
velocity row 9/120 IC 76/599 x0=0.785481 velocity_parameter=-0.8245 elapsed=14.1847s written=0
  crossing 0/250
  stopped velocity row 9 IC 76 x0=0.785481 velocity_parameter=-0.8245 status=collision: trajectory reached the configured collision radius
velocity row 9/120 IC 86/599 x0=0.785708 velocity_parameter=-0.8245 elapsed=14.9995s written=0
  crossing 0/250
  stopped velocity row 9 IC 86 x0=0.785708 velocity_parameter=-0.8245 status=collision: trajectory reached the configured collision radius
velocity row 9/120 IC 94/599 x0=0.78589 velocity_parameter=-0.8245 elapsed=15.6497s written=0
  crossing 0/250
  stopped velocity row 9 IC 94 x0=0.78589 velocity_parameter=-0.8245 status=collision: trajectory reached the configured collision radius
velocity row 10/120 IC 76/599 x0=0.785481 velocity_parameter=-0.808333 elapsed=15.7322s written=0
  crossing 0/250
  stopped velocity row 10 IC 76 x0=0.785481 velocity_parameter=-0.808333 status=collision: trajectory reached the configured collision radius
velocity row 10/120 IC 86/599 x0=0.785708 velocity_parameter=-0.808333 elapsed=16.5367s written=0
  crossing 0/250
  stopped velocity row 10 IC 86 x0=0.785708 velocity_parameter=-0.808333 status=collision: trajectory reached the configured collision radius
velocity row 10/120 IC 94/599 x0=0.78589 velocity_parameter=-0.808333 elapsed=17.1669s written=0
  crossing 0/250
  stopped velocity row 10 IC 94 x0=0.78589 velocity_parameter=-0.808333 status=collision: trajectory reached the configured collision radius
velocity row 11/120 IC 76/599 x0=0.785481 velocity_parameter=-0.792167 elapsed=17.25s written=0
  crossing 0/250
  stopped velocity row 11 IC 76 x0=0.785481 velocity_parameter=-0.792167 status=collision: trajectory reached the configured collision radius
velocity row 11/120 IC 86/599 x0=0.785708 velocity_parameter=-0.792167 elapsed=18.0416s written=0
  crossing 0/250
  stopped velocity row 11 IC 86 x0=0.785708 velocity_parameter=-0.792167 status=collision: trajectory reached the configured collision radius
velocity row 11/120 IC 94/599 x0=0.78589 velocity_parameter=-0.792167 elapsed=18.6475s written=0
  crossing 0/250
  stopped velocity row 11 IC 94 x0=0.78589 velocity_parameter=-0.792167 status=collision: trajectory reached the configured collision radius
velocity row 12/120 IC 76/599 x0=0.785481 velocity_parameter=-0.776 elapsed=18.7249s written=0
  crossing 0/250
  stopped velocity row 12 IC 76 x0=0.785481 velocity_parameter=-0.776 status=collision: trajectory reached the configured collision radius
velocity row 12/120 IC 86/599 x0=0.785708 velocity_parameter=-0.776 elapsed=19.4508s written=0
  crossing 0/250
  stopped velocity row 12 IC 86 x0=0.785708 velocity_parameter=-0.776 status=collision: trajectory reached the configured collision radius
velocity row 12/120 IC 94/599 x0=0.78589 velocity_parameter=-0.776 elapsed=20.0017s written=0
  crossing 0/250
  stopped velocity row 12 IC 94 x0=0.78589 velocity_parameter=-0.776 status=collision: trajectory reached the configured collision radius
velocity row 13/120 IC 76/599 x0=0.785481 velocity_parameter=-0.759833 elapsed=20.0642s written=0
  crossing 0/250
  stopped velocity row 13 IC 76 x0=0.785481 velocity_parameter=-0.759833 status=collision: trajectory reached the configured collision radius
velocity row 13/120 IC 86/599 x0=0.785708 velocity_parameter=-0.759833 elapsed=20.737s written=0
  crossing 0/250
  stopped velocity row 13 IC 86 x0=0.785708 velocity_parameter=-0.759833 status=collision: trajectory reached the configured collision radius
velocity row 13/120 IC 94/599 x0=0.78589 velocity_parameter=-0.759833 elapsed=21.2046s written=0
  crossing 0/250
  stopped velocity row 13 IC 94 x0=0.78589 velocity_parameter=-0.759833 status=collision: trajectory reached the configured collision radius
velocity row 14/120 IC 76/599 x0=0.785481 velocity_parameter=-0.743667 elapsed=21.2602s written=0
  crossing 0/250
  stopped velocity row 14 IC 76 x0=0.785481 velocity_parameter=-0.743667 status=collision: trajectory reached the configured collision radius
velocity row 14/120 IC 86/599 x0=0.785708 velocity_parameter=-0.743667 elapsed=21.7825s written=0
  crossing 0/250
  stopped velocity row 14 IC 86 x0=0.785708 velocity_parameter=-0.743667 status=collision: trajectory reached the configured collision radius
velocity row 14/120 IC 94/599 x0=0.78589 velocity_parameter=-0.743667 elapsed=22.1769s written=0
  crossing 0/250
  stopped velocity row 14 IC 94 x0=0.78589 velocity_parameter=-0.743667 status=collision: trajectory reached the configured collision radius
velocity row 15/120 IC 76/599 x0=0.785481 velocity_parameter=-0.7275 elapsed=22.2275s written=0
  crossing 0/250
  stopped velocity row 15 IC 76 x0=0.785481 velocity_parameter=-0.7275 status=collision: trajectory reached the configured collision radius
velocity row 15/120 IC 86/599 x0=0.785708 velocity_parameter=-0.7275 elapsed=22.8031s written=0
  crossing 0/250
  stopped velocity row 15 IC 86 x0=0.785708 velocity_parameter=-0.7275 status=collision: trajectory reached the configured collision radius
velocity row 15/120 IC 94/599 x0=0.78589 velocity_parameter=-0.7275 elapsed=23.2399s written=0
  crossing 0/250
  stopped velocity row 15 IC 94 x0=0.78589 velocity_parameter=-0.7275 status=collision: trajectory reached the configured collision radius
velocity row 16/120 IC 76/599 x0=0.785481 velocity_parameter=-0.711333 elapsed=23.3021s written=0
  crossing 0/250
  stopped velocity row 16 IC 76 x0=0.785481 velocity_parameter=-0.711333 status=collision: trajectory reached the configured collision radius
velocity row 16/120 IC 86/599 x0=0.785708 velocity_parameter=-0.711333 elapsed=23.8678s written=0
  crossing 0/250
  stopped velocity row 16 IC 86 x0=0.785708 velocity_parameter=-0.711333 status=collision: trajectory reached the configured collision radius
velocity row 16/120 IC 94/599 x0=0.78589 velocity_parameter=-0.711333 elapsed=24.26s written=0
  crossing 0/250
  stopped velocity row 16 IC 94 x0=0.78589 velocity_parameter=-0.711333 status=collision: trajectory reached the configured collision radius
velocity row 17/120 IC 76/599 x0=0.785481 velocity_parameter=-0.695167 elapsed=24.2956s written=0
  crossing 0/250
  stopped velocity row 17 IC 76 x0=0.785481 velocity_parameter=-0.695167 status=collision: trajectory reached the configured collision radius
velocity row 17/120 IC 86/599 x0=0.785708 velocity_parameter=-0.695167 elapsed=24.7078s written=0
  crossing 0/250
  stopped velocity row 17 IC 86 x0=0.785708 velocity_parameter=-0.695167 status=collision: trajectory reached the configured collision radius
velocity row 17/120 IC 94/599 x0=0.78589 velocity_parameter=-0.695167 elapsed=25.1413s written=0
  crossing 0/250
  stopped velocity row 17 IC 94 x0=0.78589 velocity_parameter=-0.695167 status=collision: trajectory reached the configured collision radius
velocity row 18/120 IC 76/599 x0=0.785481 velocity_parameter=-0.679 elapsed=25.1765s written=0
  crossing 0/250
  stopped velocity row 18 IC 76 x0=0.785481 velocity_parameter=-0.679 status=collision: trajectory reached the configured collision radius
velocity row 18/120 IC 86/599 x0=0.785708 velocity_parameter=-0.679 elapsed=25.56s written=0
  crossing 0/250
  stopped velocity row 18 IC 86 x0=0.785708 velocity_parameter=-0.679 status=collision: trajectory reached the configured collision radius
velocity row 18/120 IC 94/599 x0=0.78589 velocity_parameter=-0.679 elapsed=25.8726s written=0
  crossing 0/250
  stopped velocity row 18 IC 94 x0=0.78589 velocity_parameter=-0.679 status=collision: trajectory reached the configured collision radius
velocity row 19/120 IC 76/599 x0=0.785481 velocity_parameter=-0.662833 elapsed=25.9099s written=0
  crossing 0/250
  stopped velocity row 19 IC 76 x0=0.785481 velocity_parameter=-0.662833 status=collision: trajectory reached the configured collision radius
velocity row 19/120 IC 86/599 x0=0.785708 velocity_parameter=-0.662833 elapsed=26.3375s written=0
  crossing 0/250
  stopped velocity row 19 IC 86 x0=0.785708 velocity_parameter=-0.662833 status=collision: trajectory reached the configured collision radius
velocity row 19/120 IC 94/599 x0=0.78589 velocity_parameter=-0.662833 elapsed=26.6897s written=0
  crossing 0/250
  stopped velocity row 19 IC 94 x0=0.78589 velocity_parameter=-0.662833 status=collision: trajectory reached the configured collision radius
velocity row 20/120 IC 76/599 x0=0.785481 velocity_parameter=-0.646667 elapsed=26.7258s written=0
  crossing 0/250
  stopped velocity row 20 IC 76 x0=0.785481 velocity_parameter=-0.646667 status=collision: trajectory reached the configured collision radius
velocity row 20/120 IC 86/599 x0=0.785708 velocity_parameter=-0.646667 elapsed=27.1811s written=0
  crossing 0/250
  stopped velocity row 20 IC 86 x0=0.785708 velocity_parameter=-0.646667 status=collision: trajectory reached the configured collision radius
velocity row 20/120 IC 94/599 x0=0.78589 velocity_parameter=-0.646667 elapsed=27.5976s written=0
  crossing 0/250
  stopped velocity row 20 IC 94 x0=0.78589 velocity_parameter=-0.646667 status=collision: trajectory reached the configured collision radius
velocity row 21/120 IC 76/599 x0=0.785481 velocity_parameter=-0.6305 elapsed=27.647s written=0
  crossing 0/250
  stopped velocity row 21 IC 76 x0=0.785481 velocity_parameter=-0.6305 status=collision: trajectory reached the configured collision radius
velocity row 21/120 IC 86/599 x0=0.785708 velocity_parameter=-0.6305 elapsed=28.11s written=0
  crossing 0/250
  stopped velocity row 21 IC 86 x0=0.785708 velocity_parameter=-0.6305 status=collision: trajectory reached the configured collision radius
velocity row 21/120 IC 94/599 x0=0.78589 velocity_parameter=-0.6305 elapsed=28.4742s written=0
  crossing 0/250
  stopped velocity row 21 IC 94 x0=0.78589 velocity_parameter=-0.6305 status=collision: trajectory reached the configured collision radius
velocity row 22/120 IC 76/599 x0=0.785481 velocity_parameter=-0.614333 elapsed=28.5136s written=0
  crossing 0/250
  stopped velocity row 22 IC 76 x0=0.785481 velocity_parameter=-0.614333 status=collision: trajectory reached the configured collision radius
velocity row 22/120 IC 86/599 x0=0.785708 velocity_parameter=-0.614333 elapsed=28.9853s written=0
  crossing 0/250
  stopped velocity row 22 IC 86 x0=0.785708 velocity_parameter=-0.614333 status=collision: trajectory reached the configured collision radius
velocity row 22/120 IC 94/599 x0=0.78589 velocity_parameter=-0.614333 elapsed=29.3254s written=0
  crossing 0/250
  stopped velocity row 22 IC 94 x0=0.78589 velocity_parameter=-0.614333 status=collision: trajectory reached the configured collision radius
velocity row 23/120 IC 76/599 x0=0.785481 velocity_parameter=-0.598167 elapsed=29.3691s written=0
  crossing 0/250
  stopped velocity row 23 IC 76 x0=0.785481 velocity_parameter=-0.598167 status=collision: trajectory reached the configured collision radius
velocity row 23/120 IC 86/599 x0=0.785708 velocity_parameter=-0.598167 elapsed=29.8928s written=0
  crossing 0/250
  stopped velocity row 23 IC 86 x0=0.785708 velocity_parameter=-0.598167 status=collision: trajectory reached the configured collision radius
velocity row 23/120 IC 94/599 x0=0.78589 velocity_parameter=-0.598167 elapsed=30.2113s written=0
  crossing 0/250
  stopped velocity row 23 IC 94 x0=0.78589 velocity_parameter=-0.598167 status=collision: trajectory reached the configured collision radius
velocity row 24/120 IC 76/599 x0=0.785481 velocity_parameter=-0.582 elapsed=30.27s written=0
  crossing 0/250
  stopped velocity row 24 IC 76 x0=0.785481 velocity_parameter=-0.582 status=collision: trajectory reached the configured collision radius
velocity row 24/120 IC 86/599 x0=0.785708 velocity_parameter=-0.582 elapsed=30.7601s written=0
  crossing 0/250
  stopped velocity row 24 IC 86 x0=0.785708 velocity_parameter=-0.582 status=collision: trajectory reached the configured collision radius
velocity row 24/120 IC 94/599 x0=0.78589 velocity_parameter=-0.582 elapsed=31.1026s written=0
  crossing 0/250
  stopped velocity row 24 IC 94 x0=0.78589 velocity_parameter=-0.582 status=collision: trajectory reached the configured collision radius
velocity row 25/120 IC 76/599 x0=0.785481 velocity_parameter=-0.565833 elapsed=31.1631s written=0
  crossing 0/250
  stopped velocity row 25 IC 76 x0=0.785481 velocity_parameter=-0.565833 status=collision: trajectory reached the configured collision radius
velocity row 25/120 IC 86/599 x0=0.785708 velocity_parameter=-0.565833 elapsed=31.6083s written=0
  crossing 0/250
  stopped velocity row 25 IC 86 x0=0.785708 velocity_parameter=-0.565833 status=collision: trajectory reached the configured collision radius
velocity row 25/120 IC 94/599 x0=0.78589 velocity_parameter=-0.565833 elapsed=31.9248s written=0
  crossing 0/250
  stopped velocity row 25 IC 94 x0=0.78589 velocity_parameter=-0.565833 status=collision: trajectory reached the configured collision radius
velocity row 26/120 IC 76/599 x0=0.785481 velocity_parameter=-0.549667 elapsed=31.9642s written=0
  crossing 0/250
  stopped velocity row 26 IC 76 x0=0.785481 velocity_parameter=-0.549667 status=collision: trajectory reached the configured collision radius
velocity row 26/120 IC 86/599 x0=0.785708 velocity_parameter=-0.549667 elapsed=32.3988s written=0
  crossing 0/250
  stopped velocity row 26 IC 86 x0=0.785708 velocity_parameter=-0.549667 status=collision: trajectory reached the configured collision radius
velocity row 26/120 IC 94/599 x0=0.78589 velocity_parameter=-0.549667 elapsed=32.7137s written=0
  crossing 0/250
  stopped velocity row 26 IC 94 x0=0.78589 velocity_parameter=-0.549667 status=collision: trajectory reached the configured collision radius
velocity row 27/120 IC 76/599 x0=0.785481 velocity_parameter=-0.5335 elapsed=32.7485s written=0
  crossing 0/250
  stopped velocity row 27 IC 76 x0=0.785481 velocity_parameter=-0.5335 status=collision: trajectory reached the configured collision radius
velocity row 27/120 IC 86/599 x0=0.785708 velocity_parameter=-0.5335 elapsed=33.1122s written=0
  crossing 0/250
  stopped velocity row 27 IC 86 x0=0.785708 velocity_parameter=-0.5335 status=collision: trajectory reached the configured collision radius
velocity row 27/120 IC 94/599 x0=0.78589 velocity_parameter=-0.5335 elapsed=33.5151s written=0
  crossing 0/250
  stopped velocity row 27 IC 94 x0=0.78589 velocity_parameter=-0.5335 status=collision: trajectory reached the configured collision radius
velocity row 28/120 IC 76/599 x0=0.785481 velocity_parameter=-0.517333 elapsed=33.5649s written=0
  crossing 0/250
  stopped velocity row 28 IC 76 x0=0.785481 velocity_parameter=-0.517333 status=collision: trajectory reached the configured collision radius
velocity row 28/120 IC 86/599 x0=0.785708 velocity_parameter=-0.517333 elapsed=33.9377s written=0
  crossing 0/250
  stopped velocity row 28 IC 86 x0=0.785708 velocity_parameter=-0.517333 status=collision: trajectory reached the configured collision radius
velocity row 28/120 IC 94/599 x0=0.78589 velocity_parameter=-0.517333 elapsed=34.3194s written=0
  crossing 0/250
  stopped velocity row 28 IC 94 x0=0.78589 velocity_parameter=-0.517333 status=collision: trajectory reached the configured collision radius
velocity row 29/120 IC 76/599 x0=0.785481 velocity_parameter=-0.501167 elapsed=34.3589s written=0
  crossing 0/250
  stopped velocity row 29 IC 76 x0=0.785481 velocity_parameter=-0.501167 status=collision: trajectory reached the configured collision radius
velocity row 29/120 IC 86/599 x0=0.785708 velocity_parameter=-0.501167 elapsed=34.847s written=0
  crossing 0/250
  stopped velocity row 29 IC 86 x0=0.785708 velocity_parameter=-0.501167 status=collision: trajectory reached the configured collision radius
velocity row 29/120 IC 94/599 x0=0.78589 velocity_parameter=-0.501167 elapsed=35.2547s written=0
  crossing 0/250
  stopped velocity row 29 IC 94 x0=0.78589 velocity_parameter=-0.501167 status=collision: trajectory reached the configured collision radius
velocity row 30/120 IC 76/599 x0=0.785481 velocity_parameter=-0.485 elapsed=35.2893s written=0
  crossing 0/250
  stopped velocity row 30 IC 76 x0=0.785481 velocity_parameter=-0.485 status=collision: trajectory reached the configured collision radius
velocity row 30/120 IC 86/599 x0=0.785708 velocity_parameter=-0.485 elapsed=35.7477s written=0
  crossing 0/250
  stopped velocity row 30 IC 86 x0=0.785708 velocity_parameter=-0.485 status=collision: trajectory reached the configured collision radius
velocity row 30/120 IC 94/599 x0=0.78589 velocity_parameter=-0.485 elapsed=36.1011s written=0
  crossing 0/250
  stopped velocity row 30 IC 94 x0=0.78589 velocity_parameter=-0.485 status=collision: trajectory reached the configured collision radius
velocity row 31/120 IC 76/599 x0=0.785481 velocity_parameter=-0.468833 elapsed=36.1409s written=0
  crossing 0/250
  stopped velocity row 31 IC 76 x0=0.785481 velocity_parameter=-0.468833 status=collision: trajectory reached the configured collision radius
velocity row 31/120 IC 86/599 x0=0.785708 velocity_parameter=-0.468833 elapsed=36.5493s written=0
  crossing 0/250
  stopped velocity row 31 IC 86 x0=0.785708 velocity_parameter=-0.468833 status=collision: trajectory reached the configured collision radius
velocity row 31/120 IC 94/599 x0=0.78589 velocity_parameter=-0.468833 elapsed=36.9334s written=0
  crossing 0/250
  stopped velocity row 31 IC 94 x0=0.78589 velocity_parameter=-0.468833 status=collision: trajectory reached the configured collision radius
velocity row 32/120 IC 76/599 x0=0.785481 velocity_parameter=-0.452667 elapsed=36.9866s written=0
  crossing 0/250
  stopped velocity row 32 IC 76 x0=0.785481 velocity_parameter=-0.452667 status=collision: trajectory reached the configured collision radius
velocity row 32/120 IC 86/599 x0=0.785708 velocity_parameter=-0.452667 elapsed=37.4355s written=0
  crossing 0/250
  stopped velocity row 32 IC 86 x0=0.785708 velocity_parameter=-0.452667 status=collision: trajectory reached the configured collision radius
velocity row 32/120 IC 94/599 x0=0.78589 velocity_parameter=-0.452667 elapsed=37.8155s written=0
  crossing 0/250
  stopped velocity row 32 IC 94 x0=0.78589 velocity_parameter=-0.452667 status=collision: trajectory reached the configured collision radius
velocity row 33/120 IC 76/599 x0=0.785481 velocity_parameter=-0.4365 elapsed=37.8548s written=0
  crossing 0/250
  stopped velocity row 33 IC 76 x0=0.785481 velocity_parameter=-0.4365 status=collision: trajectory reached the configured collision radius
velocity row 33/120 IC 86/599 x0=0.785708 velocity_parameter=-0.4365 elapsed=38.3164s written=0
  crossing 0/250
  stopped velocity row 33 IC 86 x0=0.785708 velocity_parameter=-0.4365 status=collision: trajectory reached the configured collision radius
velocity row 33/120 IC 94/599 x0=0.78589 velocity_parameter=-0.4365 elapsed=38.6565s written=0
  crossing 0/250
  stopped velocity row 33 IC 94 x0=0.78589 velocity_parameter=-0.4365 status=collision: trajectory reached the configured collision radius
velocity row 34/120 IC 76/599 x0=0.785481 velocity_parameter=-0.420333 elapsed=38.7095s written=0
  crossing 0/250
  stopped velocity row 34 IC 76 x0=0.785481 velocity_parameter=-0.420333 status=collision: trajectory reached the configured collision radius
velocity row 34/120 IC 86/599 x0=0.785708 velocity_parameter=-0.420333 elapsed=39.1229s written=0
  crossing 0/250
  stopped velocity row 34 IC 86 x0=0.785708 velocity_parameter=-0.420333 status=collision: trajectory reached the configured collision radius
velocity row 34/120 IC 94/599 x0=0.78589 velocity_parameter=-0.420333 elapsed=39.495s written=0
  crossing 0/250
  stopped velocity row 34 IC 94 x0=0.78589 velocity_parameter=-0.420333 status=collision: trajectory reached the configured collision radius
velocity row 35/120 IC 76/599 x0=0.785481 velocity_parameter=-0.404167 elapsed=39.5618s written=0
  crossing 0/250
  stopped velocity row 35 IC 76 x0=0.785481 velocity_parameter=-0.404167 status=collision: trajectory reached the configured collision radius
velocity row 35/120 IC 86/599 x0=0.785708 velocity_parameter=-0.404167 elapsed=39.9733s written=0
  crossing 0/250
  stopped velocity row 35 IC 86 x0=0.785708 velocity_parameter=-0.404167 status=collision: trajectory reached the configured collision radius
velocity row 35/120 IC 94/599 x0=0.78589 velocity_parameter=-0.404167 elapsed=40.3087s written=0
  crossing 0/250
  stopped velocity row 35 IC 94 x0=0.78589 velocity_parameter=-0.404167 status=collision: trajectory reached the configured collision radius
velocity row 36/120 IC 76/599 x0=0.785481 velocity_parameter=-0.388 elapsed=40.3468s written=0
  crossing 0/250
  stopped velocity row 36 IC 76 x0=0.785481 velocity_parameter=-0.388 status=collision: trajectory reached the configured collision radius
velocity row 36/120 IC 86/599 x0=0.785708 velocity_parameter=-0.388 elapsed=40.759s written=0
  crossing 0/250
  stopped velocity row 36 IC 86 x0=0.785708 velocity_parameter=-0.388 status=collision: trajectory reached the configured collision radius
velocity row 36/120 IC 94/599 x0=0.78589 velocity_parameter=-0.388 elapsed=41.0518s written=0
  crossing 0/250
  stopped velocity row 36 IC 94 x0=0.78589 velocity_parameter=-0.388 status=collision: trajectory reached the configured collision radius
velocity row 37/120 IC 76/599 x0=0.785481 velocity_parameter=-0.371833 elapsed=41.0873s written=0
  crossing 0/250
  stopped velocity row 37 IC 76 x0=0.785481 velocity_parameter=-0.371833 status=collision: trajectory reached the configured collision radius
velocity row 37/120 IC 86/599 x0=0.785708 velocity_parameter=-0.371833 elapsed=41.4448s written=0
  crossing 0/250
  stopped velocity row 37 IC 86 x0=0.785708 velocity_parameter=-0.371833 status=collision: trajectory reached the configured collision radius
velocity row 37/120 IC 94/599 x0=0.78589 velocity_parameter=-0.371833 elapsed=41.7611s written=0
  crossing 0/250
  stopped velocity row 37 IC 94 x0=0.78589 velocity_parameter=-0.371833 status=collision: trajectory reached the configured collision radius
velocity row 38/120 IC 76/599 x0=0.785481 velocity_parameter=-0.355667 elapsed=41.7958s written=0
  crossing 0/250
  stopped velocity row 38 IC 76 x0=0.785481 velocity_parameter=-0.355667 status=collision: trajectory reached the configured collision radius
velocity row 38/120 IC 86/599 x0=0.785708 velocity_parameter=-0.355667 elapsed=42.165s written=0
  crossing 0/250
  stopped velocity row 38 IC 86 x0=0.785708 velocity_parameter=-0.355667 status=collision: trajectory reached the configured collision radius
velocity row 38/120 IC 94/599 x0=0.78589 velocity_parameter=-0.355667 elapsed=42.4858s written=0
  crossing 0/250
  stopped velocity row 38 IC 94 x0=0.78589 velocity_parameter=-0.355667 status=collision: trajectory reached the configured collision radius
velocity row 39/120 IC 76/599 x0=0.785481 velocity_parameter=-0.3395 elapsed=42.5205s written=0
  crossing 0/250
  stopped velocity row 39 IC 76 x0=0.785481 velocity_parameter=-0.3395 status=collision: trajectory reached the configured collision radius
velocity row 39/120 IC 86/599 x0=0.785708 velocity_parameter=-0.3395 elapsed=42.9326s written=0
  crossing 0/250
  stopped velocity row 39 IC 86 x0=0.785708 velocity_parameter=-0.3395 status=collision: trajectory reached the configured collision radius
velocity row 39/120 IC 94/599 x0=0.78589 velocity_parameter=-0.3395 elapsed=43.2421s written=0
  crossing 0/250
  stopped velocity row 39 IC 94 x0=0.78589 velocity_parameter=-0.3395 status=collision: trajectory reached the configured collision radius
velocity row 40/120 IC 76/599 x0=0.785481 velocity_parameter=-0.323333 elapsed=43.2771s written=0
  crossing 0/250
  stopped velocity row 40 IC 76 x0=0.785481 velocity_parameter=-0.323333 status=collision: trajectory reached the configured collision radius
velocity row 40/120 IC 86/599 x0=0.785708 velocity_parameter=-0.323333 elapsed=43.6811s written=0
  crossing 0/250
  stopped velocity row 40 IC 86 x0=0.785708 velocity_parameter=-0.323333 status=collision: trajectory reached the configured collision radius
velocity row 40/120 IC 94/599 x0=0.78589 velocity_parameter=-0.323333 elapsed=44.0024s written=0
  crossing 0/250
  stopped velocity row 40 IC 94 x0=0.78589 velocity_parameter=-0.323333 status=collision: trajectory reached the configured collision radius
velocity row 41/120 IC 76/599 x0=0.785481 velocity_parameter=-0.307167 elapsed=44.0444s written=0
  crossing 0/250
  stopped velocity row 41 IC 76 x0=0.785481 velocity_parameter=-0.307167 status=collision: trajectory reached the configured collision radius
velocity row 41/120 IC 86/599 x0=0.785708 velocity_parameter=-0.307167 elapsed=44.5116s written=0
  crossing 0/250
  stopped velocity row 41 IC 86 x0=0.785708 velocity_parameter=-0.307167 status=collision: trajectory reached the configured collision radius
velocity row 41/120 IC 94/599 x0=0.78589 velocity_parameter=-0.307167 elapsed=44.824s written=0
  crossing 0/250
  stopped velocity row 41 IC 94 x0=0.78589 velocity_parameter=-0.307167 status=collision: trajectory reached the configured collision radius
velocity row 42/120 IC 76/599 x0=0.785481 velocity_parameter=-0.291 elapsed=44.8622s written=0
  crossing 0/250
  stopped velocity row 42 IC 76 x0=0.785481 velocity_parameter=-0.291 status=collision: trajectory reached the configured collision radius
velocity row 42/120 IC 86/599 x0=0.785708 velocity_parameter=-0.291 elapsed=45.2373s written=0
  crossing 0/250
  stopped velocity row 42 IC 86 x0=0.785708 velocity_parameter=-0.291 status=collision: trajectory reached the configured collision radius
velocity row 42/120 IC 94/599 x0=0.78589 velocity_parameter=-0.291 elapsed=45.5513s written=0
  crossing 0/250
  stopped velocity row 42 IC 94 x0=0.78589 velocity_parameter=-0.291 status=collision: trajectory reached the configured collision radius
velocity row 43/120 IC 76/599 x0=0.785481 velocity_parameter=-0.274833 elapsed=45.5874s written=0
  crossing 0/250
  stopped velocity row 43 IC 76 x0=0.785481 velocity_parameter=-0.274833 status=collision: trajectory reached the configured collision radius
velocity row 43/120 IC 86/599 x0=0.785708 velocity_parameter=-0.274833 elapsed=46.0502s written=0
  crossing 0/250
  stopped velocity row 43 IC 86 x0=0.785708 velocity_parameter=-0.274833 status=collision: trajectory reached the configured collision radius
velocity row 43/120 IC 94/599 x0=0.78589 velocity_parameter=-0.274833 elapsed=46.3403s written=0
  crossing 0/250
  stopped velocity row 43 IC 94 x0=0.78589 velocity_parameter=-0.274833 status=collision: trajectory reached the configured collision radius
velocity row 44/120 IC 76/599 x0=0.785481 velocity_parameter=-0.258667 elapsed=46.3765s written=0
  crossing 0/250
  stopped velocity row 44 IC 76 x0=0.785481 velocity_parameter=-0.258667 status=collision: trajectory reached the configured collision radius
velocity row 44/120 IC 86/599 x0=0.785708 velocity_parameter=-0.258667 elapsed=46.8189s written=0
  crossing 0/250
  stopped velocity row 44 IC 86 x0=0.785708 velocity_parameter=-0.258667 status=collision: trajectory reached the configured collision radius
velocity row 44/120 IC 94/599 x0=0.78589 velocity_parameter=-0.258667 elapsed=47.1592s written=0
  crossing 0/250
  stopped velocity row 44 IC 94 x0=0.78589 velocity_parameter=-0.258667 status=collision: trajectory reached the configured collision radius
velocity row 45/120 IC 76/599 x0=0.785481 velocity_parameter=-0.2425 elapsed=47.1936s written=0
  crossing 0/250
  stopped velocity row 45 IC 76 x0=0.785481 velocity_parameter=-0.2425 status=collision: trajectory reached the configured collision radius
velocity row 45/120 IC 86/599 x0=0.785708 velocity_parameter=-0.2425 elapsed=47.6605s written=0
  crossing 0/250
  stopped velocity row 45 IC 86 x0=0.785708 velocity_parameter=-0.2425 status=collision: trajectory reached the configured collision radius
velocity row 45/120 IC 94/599 x0=0.78589 velocity_parameter=-0.2425 elapsed=48.0039s written=0
  crossing 0/250
  stopped velocity row 45 IC 94 x0=0.78589 velocity_parameter=-0.2425 status=collision: trajectory reached the configured collision radius
velocity row 46/120 IC 76/599 x0=0.785481 velocity_parameter=-0.226333 elapsed=48.0422s written=0
  crossing 0/250
  stopped velocity row 46 IC 76 x0=0.785481 velocity_parameter=-0.226333 status=collision: trajectory reached the configured collision radius
velocity row 46/120 IC 86/599 x0=0.785708 velocity_parameter=-0.226333 elapsed=48.463s written=0
  crossing 0/250
  stopped velocity row 46 IC 86 x0=0.785708 velocity_parameter=-0.226333 status=collision: trajectory reached the configured collision radius
velocity row 46/120 IC 94/599 x0=0.78589 velocity_parameter=-0.226333 elapsed=48.8213s written=0
  crossing 0/250
  stopped velocity row 46 IC 94 x0=0.78589 velocity_parameter=-0.226333 status=collision: trajectory reached the configured collision radius
velocity row 47/120 IC 76/599 x0=0.785481 velocity_parameter=-0.210167 elapsed=48.8565s written=0
  crossing 0/250
  stopped velocity row 47 IC 76 x0=0.785481 velocity_parameter=-0.210167 status=collision: trajectory reached the configured collision radius
velocity row 47/120 IC 86/599 x0=0.785708 velocity_parameter=-0.210167 elapsed=49.2368s written=0
  crossing 0/250
  stopped velocity row 47 IC 86 x0=0.785708 velocity_parameter=-0.210167 status=collision: trajectory reached the configured collision radius
velocity row 47/120 IC 94/599 x0=0.78589 velocity_parameter=-0.210167 elapsed=49.5697s written=0
  crossing 0/250
  stopped velocity row 47 IC 94 x0=0.78589 velocity_parameter=-0.210167 status=collision: trajectory reached the configured collision radius
velocity row 48/120 IC 76/599 x0=0.785481 velocity_parameter=-0.194 elapsed=49.6046s written=0
  crossing 0/250
  stopped velocity row 48 IC 76 x0=0.785481 velocity_parameter=-0.194 status=collision: trajectory reached the configured collision radius
velocity row 48/120 IC 86/599 x0=0.785708 velocity_parameter=-0.194 elapsed=49.9778s written=0
  crossing 0/250
  stopped velocity row 48 IC 86 x0=0.785708 velocity_parameter=-0.194 status=collision: trajectory reached the configured collision radius
velocity row 48/120 IC 94/599 x0=0.78589 velocity_parameter=-0.194 elapsed=50.3495s written=0
  crossing 0/250
  stopped velocity row 48 IC 94 x0=0.78589 velocity_parameter=-0.194 status=collision: trajectory reached the configured collision radius
velocity row 49/120 IC 76/599 x0=0.785481 velocity_parameter=-0.177833 elapsed=50.3888s written=0
  crossing 0/250
  stopped velocity row 49 IC 76 x0=0.785481 velocity_parameter=-0.177833 status=collision: trajectory reached the configured collision radius
velocity row 49/120 IC 86/599 x0=0.785708 velocity_parameter=-0.177833 elapsed=50.7431s written=0
  crossing 0/250
  stopped velocity row 49 IC 86 x0=0.785708 velocity_parameter=-0.177833 status=collision: trajectory reached the configured collision radius
velocity row 49/120 IC 94/599 x0=0.78589 velocity_parameter=-0.177833 elapsed=51.1362s written=0
  crossing 0/250
  stopped velocity row 49 IC 94 x0=0.78589 velocity_parameter=-0.177833 status=collision: trajectory reached the configured collision radius
velocity row 50/120 IC 76/599 x0=0.785481 velocity_parameter=-0.161667 elapsed=51.1764s written=0
  crossing 0/250
  stopped velocity row 50 IC 76 x0=0.785481 velocity_parameter=-0.161667 status=collision: trajectory reached the configured collision radius
velocity row 50/120 IC 86/599 x0=0.785708 velocity_parameter=-0.161667 elapsed=51.6257s written=0
  crossing 0/250
  stopped velocity row 50 IC 86 x0=0.785708 velocity_parameter=-0.161667 status=collision: trajectory reached the configured collision radius
velocity row 50/120 IC 94/599 x0=0.78589 velocity_parameter=-0.161667 elapsed=52.027s written=0
  crossing 0/250
  stopped velocity row 50 IC 94 x0=0.78589 velocity_parameter=-0.161667 status=collision: trajectory reached the configured collision radius
velocity row 51/120 IC 76/599 x0=0.785481 velocity_parameter=-0.1455 elapsed=52.0916s written=0
  crossing 0/250
  stopped velocity row 51 IC 76 x0=0.785481 velocity_parameter=-0.1455 status=collision: trajectory reached the configured collision radius
velocity row 51/120 IC 86/599 x0=0.785708 velocity_parameter=-0.1455 elapsed=52.5011s written=0
  crossing 0/250
  stopped velocity row 51 IC 86 x0=0.785708 velocity_parameter=-0.1455 status=collision: trajectory reached the configured collision radius
velocity row 51/120 IC 94/599 x0=0.78589 velocity_parameter=-0.1455 elapsed=52.787s written=0
  crossing 0/250
  stopped velocity row 51 IC 94 x0=0.78589 velocity_parameter=-0.1455 status=collision: trajectory reached the configured collision radius
velocity row 52/120 IC 76/599 x0=0.785481 velocity_parameter=-0.129333 elapsed=52.8221s written=0
  crossing 0/250
  stopped velocity row 52 IC 76 x0=0.785481 velocity_parameter=-0.129333 status=collision: trajectory reached the configured collision radius
velocity row 52/120 IC 86/599 x0=0.785708 velocity_parameter=-0.129333 elapsed=53.2343s written=0
  crossing 0/250
  stopped velocity row 52 IC 86 x0=0.785708 velocity_parameter=-0.129333 status=collision: trajectory reached the configured collision radius
velocity row 52/120 IC 94/599 x0=0.78589 velocity_parameter=-0.129333 elapsed=53.5229s written=0
  crossing 0/250
  stopped velocity row 52 IC 94 x0=0.78589 velocity_parameter=-0.129333 status=collision: trajectory reached the configured collision radius
velocity row 53/120 IC 76/599 x0=0.785481 velocity_parameter=-0.113167 elapsed=53.5579s written=0
  crossing 0/250
  stopped velocity row 53 IC 76 x0=0.785481 velocity_parameter=-0.113167 status=collision: trajectory reached the configured collision radius
velocity row 53/120 IC 86/599 x0=0.785708 velocity_parameter=-0.113167 elapsed=53.9581s written=0
  crossing 0/250
  stopped velocity row 53 IC 86 x0=0.785708 velocity_parameter=-0.113167 status=collision: trajectory reached the configured collision radius
velocity row 53/120 IC 94/599 x0=0.78589 velocity_parameter=-0.113167 elapsed=54.2452s written=0
  crossing 0/250
  stopped velocity row 53 IC 94 x0=0.78589 velocity_parameter=-0.113167 status=collision: trajectory reached the configured collision radius
velocity row 54/120 IC 76/599 x0=0.785481 velocity_parameter=-0.097 elapsed=54.2918s written=0
  crossing 0/250
  stopped velocity row 54 IC 76 x0=0.785481 velocity_parameter=-0.097 status=collision: trajectory reached the configured collision radius
velocity row 54/120 IC 86/599 x0=0.785708 velocity_parameter=-0.097 elapsed=54.6665s written=0
  crossing 0/250
  stopped velocity row 54 IC 86 x0=0.785708 velocity_parameter=-0.097 status=collision: trajectory reached the configured collision radius
velocity row 54/120 IC 94/599 x0=0.78589 velocity_parameter=-0.097 elapsed=54.9961s written=0
  crossing 0/250
  stopped velocity row 54 IC 94 x0=0.78589 velocity_parameter=-0.097 status=collision: trajectory reached the configured collision radius
velocity row 55/120 IC 76/599 x0=0.785481 velocity_parameter=-0.0808333 elapsed=55.0348s written=0
  crossing 0/250
  stopped velocity row 55 IC 76 x0=0.785481 velocity_parameter=-0.0808333 status=collision: trajectory reached the configured collision radius
velocity row 55/120 IC 86/599 x0=0.785708 velocity_parameter=-0.0808333 elapsed=55.4372s written=0
  crossing 0/250
  stopped velocity row 55 IC 86 x0=0.785708 velocity_parameter=-0.0808333 status=collision: trajectory reached the configured collision radius
velocity row 55/120 IC 94/599 x0=0.78589 velocity_parameter=-0.0808333 elapsed=55.7166s written=0
  crossing 0/250
  stopped velocity row 55 IC 94 x0=0.78589 velocity_parameter=-0.0808333 status=collision: trajectory reached the configured collision radius
velocity row 56/120 IC 76/599 x0=0.785481 velocity_parameter=-0.0646667 elapsed=55.7512s written=0
  crossing 0/250
  stopped velocity row 56 IC 76 x0=0.785481 velocity_parameter=-0.0646667 status=collision: trajectory reached the configured collision radius
velocity row 56/120 IC 86/599 x0=0.785708 velocity_parameter=-0.0646667 elapsed=56.1607s written=0
  crossing 0/250
  stopped velocity row 56 IC 86 x0=0.785708 velocity_parameter=-0.0646667 status=collision: trajectory reached the configured collision radius
velocity row 56/120 IC 94/599 x0=0.78589 velocity_parameter=-0.0646667 elapsed=56.4394s written=0
  crossing 0/250
  stopped velocity row 56 IC 94 x0=0.78589 velocity_parameter=-0.0646667 status=collision: trajectory reached the configured collision radius
velocity row 57/120 IC 76/599 x0=0.785481 velocity_parameter=-0.0485 elapsed=56.4739s written=0
  crossing 0/250
  stopped velocity row 57 IC 76 x0=0.785481 velocity_parameter=-0.0485 status=collision: trajectory reached the configured collision radius
velocity row 57/120 IC 86/599 x0=0.785708 velocity_parameter=-0.0485 elapsed=56.8805s written=0
  crossing 0/250
  stopped velocity row 57 IC 86 x0=0.785708 velocity_parameter=-0.0485 status=collision: trajectory reached the configured collision radius
velocity row 57/120 IC 94/599 x0=0.78589 velocity_parameter=-0.0485 elapsed=57.2768s written=0
  crossing 0/250
  stopped velocity row 57 IC 94 x0=0.78589 velocity_parameter=-0.0485 status=collision: trajectory reached the configured collision radius
velocity row 58/120 IC 76/599 x0=0.785481 velocity_parameter=-0.0323333 elapsed=57.3119s written=0
  crossing 0/250
  stopped velocity row 58 IC 76 x0=0.785481 velocity_parameter=-0.0323333 status=collision: trajectory reached the configured collision radius
velocity row 58/120 IC 86/599 x0=0.785708 velocity_parameter=-0.0323333 elapsed=57.7748s written=0
  crossing 0/250
  stopped velocity row 58 IC 86 x0=0.785708 velocity_parameter=-0.0323333 status=collision: trajectory reached the configured collision radius
velocity row 58/120 IC 94/599 x0=0.78589 velocity_parameter=-0.0323333 elapsed=58.1203s written=0
  crossing 0/250
  stopped velocity row 58 IC 94 x0=0.78589 velocity_parameter=-0.0323333 status=collision: trajectory reached the configured collision radius
velocity row 59/120 IC 76/599 x0=0.785481 velocity_parameter=-0.0161667 elapsed=58.1555s written=0
  crossing 0/250
  stopped velocity row 59 IC 76 x0=0.785481 velocity_parameter=-0.0161667 status=collision: trajectory reached the configured collision radius
velocity row 59/120 IC 86/599 x0=0.785708 velocity_parameter=-0.0161667 elapsed=58.61s written=0
  crossing 0/250
  stopped velocity row 59 IC 86 x0=0.785708 velocity_parameter=-0.0161667 status=collision: trajectory reached the configured collision radius
velocity row 59/120 IC 94/599 x0=0.78589 velocity_parameter=-0.0161667 elapsed=58.9083s written=0
  crossing 0/250
  stopped velocity row 59 IC 94 x0=0.78589 velocity_parameter=-0.0161667 status=collision: trajectory reached the configured collision radius
velocity row 60/120 IC 76/599 x0=0.785481 velocity_parameter=0 elapsed=58.9432s written=0
  crossing 0/250
  stopped velocity row 60 IC 76 x0=0.785481 velocity_parameter=0 status=collision: trajectory reached the configured collision radius
velocity row 60/120 IC 86/599 x0=0.785708 velocity_parameter=0 elapsed=59.3784s written=0
  crossing 0/250
  stopped velocity row 60 IC 86 x0=0.785708 velocity_parameter=0 status=collision: trajectory reached the configured collision radius
velocity row 60/120 IC 94/599 x0=0.78589 velocity_parameter=0 elapsed=59.69s written=0
  crossing 0/250
  stopped velocity row 60 IC 94 x0=0.78589 velocity_parameter=0 status=collision: trajectory reached the configured collision radius
velocity row 61/120 IC 76/599 x0=0.785481 velocity_parameter=0.0161667 elapsed=59.7247s written=0
  crossing 0/250
  stopped velocity row 61 IC 76 x0=0.785481 velocity_parameter=0.0161667 status=collision: trajectory reached the configured collision radius
velocity row 61/120 IC 86/599 x0=0.785708 velocity_parameter=0.0161667 elapsed=60.1442s written=0
  crossing 0/250
  stopped velocity row 61 IC 86 x0=0.785708 velocity_parameter=0.0161667 status=collision: trajectory reached the configured collision radius
velocity row 61/120 IC 94/599 x0=0.78589 velocity_parameter=0.0161667 elapsed=60.4583s written=0
  crossing 0/250
  stopped velocity row 61 IC 94 x0=0.78589 velocity_parameter=0.0161667 status=collision: trajectory reached the configured collision radius
velocity row 62/120 IC 76/599 x0=0.785481 velocity_parameter=0.0323333 elapsed=60.5042s written=0
  crossing 0/250
  stopped velocity row 62 IC 76 x0=0.785481 velocity_parameter=0.0323333 status=collision: trajectory reached the configured collision radius
velocity row 62/120 IC 86/599 x0=0.785708 velocity_parameter=0.0323333 elapsed=60.9241s written=0
  crossing 0/250
  stopped velocity row 62 IC 86 x0=0.785708 velocity_parameter=0.0323333 status=collision: trajectory reached the configured collision radius
velocity row 62/120 IC 94/599 x0=0.78589 velocity_parameter=0.0323333 elapsed=61.2255s written=0
  crossing 0/250
  stopped velocity row 62 IC 94 x0=0.78589 velocity_parameter=0.0323333 status=collision: trajectory reached the configured collision radius
velocity row 63/120 IC 76/599 x0=0.785481 velocity_parameter=0.0485 elapsed=61.2622s written=0
  crossing 0/250
  stopped velocity row 63 IC 76 x0=0.785481 velocity_parameter=0.0485 status=collision: trajectory reached the configured collision radius
velocity row 63/120 IC 86/599 x0=0.785708 velocity_parameter=0.0485 elapsed=61.6966s written=0
  crossing 0/250
  stopped velocity row 63 IC 86 x0=0.785708 velocity_parameter=0.0485 status=collision: trajectory reached the configured collision radius
velocity row 63/120 IC 94/599 x0=0.78589 velocity_parameter=0.0485 elapsed=62.0206s written=0
  crossing 0/250
  stopped velocity row 63 IC 94 x0=0.78589 velocity_parameter=0.0485 status=collision: trajectory reached the configured collision radius
velocity row 64/120 IC 76/599 x0=0.785481 velocity_parameter=0.0646667 elapsed=62.0768s written=0
  crossing 0/250
  stopped velocity row 64 IC 76 x0=0.785481 velocity_parameter=0.0646667 status=collision: trajectory reached the configured collision radius
velocity row 64/120 IC 86/599 x0=0.785708 velocity_parameter=0.0646667 elapsed=62.4368s written=0
  crossing 0/250
  stopped velocity row 64 IC 86 x0=0.785708 velocity_parameter=0.0646667 status=collision: trajectory reached the configured collision radius
velocity row 64/120 IC 94/599 x0=0.78589 velocity_parameter=0.0646667 elapsed=62.7548s written=0
  crossing 0/250
  stopped velocity row 64 IC 94 x0=0.78589 velocity_parameter=0.0646667 status=collision: trajectory reached the configured collision radius
velocity row 65/120 IC 76/599 x0=0.785481 velocity_parameter=0.0808333 elapsed=62.7892s written=0
  crossing 0/250
  stopped velocity row 65 IC 76 x0=0.785481 velocity_parameter=0.0808333 status=collision: trajectory reached the configured collision radius
velocity row 65/120 IC 86/599 x0=0.785708 velocity_parameter=0.0808333 elapsed=63.2126s written=0
  crossing 0/250
  stopped velocity row 65 IC 86 x0=0.785708 velocity_parameter=0.0808333 status=collision: trajectory reached the configured collision radius
velocity row 65/120 IC 94/599 x0=0.78589 velocity_parameter=0.0808333 elapsed=63.553s written=0
  crossing 0/250
  stopped velocity row 65 IC 94 x0=0.78589 velocity_parameter=0.0808333 status=collision: trajectory reached the configured collision radius
velocity row 66/120 IC 76/599 x0=0.785481 velocity_parameter=0.097 elapsed=63.5897s written=0
  crossing 0/250
  stopped velocity row 66 IC 76 x0=0.785481 velocity_parameter=0.097 status=collision: trajectory reached the configured collision radius
velocity row 66/120 IC 86/599 x0=0.785708 velocity_parameter=0.097 elapsed=63.9934s written=0
  crossing 0/250
  stopped velocity row 66 IC 86 x0=0.785708 velocity_parameter=0.097 status=collision: trajectory reached the configured collision radius
velocity row 66/120 IC 94/599 x0=0.78589 velocity_parameter=0.097 elapsed=64.3093s written=0
  crossing 0/250
  stopped velocity row 66 IC 94 x0=0.78589 velocity_parameter=0.097 status=collision: trajectory reached the configured collision radius
velocity row 67/120 IC 76/599 x0=0.785481 velocity_parameter=0.113167 elapsed=64.3443s written=0
  crossing 0/250
  stopped velocity row 67 IC 76 x0=0.785481 velocity_parameter=0.113167 status=collision: trajectory reached the configured collision radius
velocity row 67/120 IC 86/599 x0=0.785708 velocity_parameter=0.113167 elapsed=64.7129s written=0
  crossing 0/250
  stopped velocity row 67 IC 86 x0=0.785708 velocity_parameter=0.113167 status=collision: trajectory reached the configured collision radius
velocity row 67/120 IC 94/599 x0=0.78589 velocity_parameter=0.113167 elapsed=65.0541s written=0
  crossing 0/250
  stopped velocity row 67 IC 94 x0=0.78589 velocity_parameter=0.113167 status=collision: trajectory reached the configured collision radius
velocity row 68/120 IC 76/599 x0=0.785481 velocity_parameter=0.129333 elapsed=65.0915s written=0
  crossing 0/250
  stopped velocity row 68 IC 76 x0=0.785481 velocity_parameter=0.129333 status=collision: trajectory reached the configured collision radius
velocity row 68/120 IC 86/599 x0=0.785708 velocity_parameter=0.129333 elapsed=65.5188s written=0
  crossing 0/250
  stopped velocity row 68 IC 86 x0=0.785708 velocity_parameter=0.129333 status=collision: trajectory reached the configured collision radius
velocity row 68/120 IC 94/599 x0=0.78589 velocity_parameter=0.129333 elapsed=65.863s written=0
  crossing 0/250
  stopped velocity row 68 IC 94 x0=0.78589 velocity_parameter=0.129333 status=collision: trajectory reached the configured collision radius
velocity row 69/120 IC 76/599 x0=0.785481 velocity_parameter=0.1455 elapsed=65.8995s written=0
  crossing 0/250
  stopped velocity row 69 IC 76 x0=0.785481 velocity_parameter=0.1455 status=collision: trajectory reached the configured collision radius
velocity row 69/120 IC 86/599 x0=0.785708 velocity_parameter=0.1455 elapsed=66.2906s written=0
  crossing 0/250
  stopped velocity row 69 IC 86 x0=0.785708 velocity_parameter=0.1455 status=collision: trajectory reached the configured collision radius
velocity row 69/120 IC 94/599 x0=0.78589 velocity_parameter=0.1455 elapsed=66.6039s written=0
  crossing 0/250
  stopped velocity row 69 IC 94 x0=0.78589 velocity_parameter=0.1455 status=collision: trajectory reached the configured collision radius
velocity row 70/120 IC 76/599 x0=0.785481 velocity_parameter=0.161667 elapsed=66.6422s written=0
  crossing 0/250
  stopped velocity row 70 IC 76 x0=0.785481 velocity_parameter=0.161667 status=collision: trajectory reached the configured collision radius
velocity row 70/120 IC 86/599 x0=0.785708 velocity_parameter=0.161667 elapsed=67.0219s written=0
  crossing 0/250
  stopped velocity row 70 IC 86 x0=0.785708 velocity_parameter=0.161667 status=collision: trajectory reached the configured collision radius
velocity row 70/120 IC 94/599 x0=0.78589 velocity_parameter=0.161667 elapsed=67.3053s written=0
  crossing 0/250
  stopped velocity row 70 IC 94 x0=0.78589 velocity_parameter=0.161667 status=collision: trajectory reached the configured collision radius
velocity row 71/120 IC 76/599 x0=0.785481 velocity_parameter=0.177833 elapsed=67.3567s written=0
  crossing 0/250
  stopped velocity row 71 IC 76 x0=0.785481 velocity_parameter=0.177833 status=collision: trajectory reached the configured collision radius
velocity row 71/120 IC 86/599 x0=0.785708 velocity_parameter=0.177833 elapsed=67.8187s written=0
  crossing 0/250
  stopped velocity row 71 IC 86 x0=0.785708 velocity_parameter=0.177833 status=collision: trajectory reached the configured collision radius
velocity row 71/120 IC 94/599 x0=0.78589 velocity_parameter=0.177833 elapsed=68.1157s written=0
  crossing 0/250
  stopped velocity row 71 IC 94 x0=0.78589 velocity_parameter=0.177833 status=collision: trajectory reached the configured collision radius
velocity row 72/120 IC 76/599 x0=0.785481 velocity_parameter=0.194 elapsed=68.1689s written=0
  crossing 0/250
  stopped velocity row 72 IC 76 x0=0.785481 velocity_parameter=0.194 status=collision: trajectory reached the configured collision radius
velocity row 72/120 IC 86/599 x0=0.785708 velocity_parameter=0.194 elapsed=68.5339s written=0
  crossing 0/250
  stopped velocity row 72 IC 86 x0=0.785708 velocity_parameter=0.194 status=collision: trajectory reached the configured collision radius
velocity row 72/120 IC 94/599 x0=0.78589 velocity_parameter=0.194 elapsed=68.8582s written=0
  crossing 0/250
  stopped velocity row 72 IC 94 x0=0.78589 velocity_parameter=0.194 status=collision: trajectory reached the configured collision radius
velocity row 73/120 IC 76/599 x0=0.785481 velocity_parameter=0.210167 elapsed=68.8921s written=0
  crossing 0/250
  stopped velocity row 73 IC 76 x0=0.785481 velocity_parameter=0.210167 status=collision: trajectory reached the configured collision radius
velocity row 73/120 IC 86/599 x0=0.785708 velocity_parameter=0.210167 elapsed=69.3283s written=0
  crossing 0/250
  stopped velocity row 73 IC 86 x0=0.785708 velocity_parameter=0.210167 status=collision: trajectory reached the configured collision radius
velocity row 73/120 IC 94/599 x0=0.78589 velocity_parameter=0.210167 elapsed=69.6474s written=0
  crossing 0/250
  stopped velocity row 73 IC 94 x0=0.78589 velocity_parameter=0.210167 status=collision: trajectory reached the configured collision radius
velocity row 74/120 IC 76/599 x0=0.785481 velocity_parameter=0.226333 elapsed=69.6823s written=0
  crossing 0/250
  stopped velocity row 74 IC 76 x0=0.785481 velocity_parameter=0.226333 status=collision: trajectory reached the configured collision radius
velocity row 74/120 IC 86/599 x0=0.785708 velocity_parameter=0.226333 elapsed=70.1123s written=0
  crossing 0/250
  stopped velocity row 74 IC 86 x0=0.785708 velocity_parameter=0.226333 status=collision: trajectory reached the configured collision radius
velocity row 74/120 IC 94/599 x0=0.78589 velocity_parameter=0.226333 elapsed=70.4054s written=0
  crossing 0/250
  stopped velocity row 74 IC 94 x0=0.78589 velocity_parameter=0.226333 status=collision: trajectory reached the configured collision radius
velocity row 75/120 IC 76/599 x0=0.785481 velocity_parameter=0.2425 elapsed=70.4604s written=0
  crossing 0/250
  stopped velocity row 75 IC 76 x0=0.785481 velocity_parameter=0.2425 status=collision: trajectory reached the configured collision radius
velocity row 75/120 IC 86/599 x0=0.785708 velocity_parameter=0.2425 elapsed=70.8838s written=0
  crossing 0/250
  stopped velocity row 75 IC 86 x0=0.785708 velocity_parameter=0.2425 status=collision: trajectory reached the configured collision radius
velocity row 75/120 IC 94/599 x0=0.78589 velocity_parameter=0.2425 elapsed=71.2072s written=0
  crossing 0/250
  stopped velocity row 75 IC 94 x0=0.78589 velocity_parameter=0.2425 status=collision: trajectory reached the configured collision radius
velocity row 76/120 IC 76/599 x0=0.785481 velocity_parameter=0.258667 elapsed=71.2452s written=0
  crossing 0/250
  stopped velocity row 76 IC 76 x0=0.785481 velocity_parameter=0.258667 status=collision: trajectory reached the configured collision radius
velocity row 76/120 IC 86/599 x0=0.785708 velocity_parameter=0.258667 elapsed=71.6325s written=0
  crossing 0/250
  stopped velocity row 76 IC 86 x0=0.785708 velocity_parameter=0.258667 status=collision: trajectory reached the configured collision radius
velocity row 76/120 IC 94/599 x0=0.78589 velocity_parameter=0.258667 elapsed=71.9638s written=0
  crossing 0/250
  stopped velocity row 76 IC 94 x0=0.78589 velocity_parameter=0.258667 status=collision: trajectory reached the configured collision radius
velocity row 77/120 IC 76/599 x0=0.785481 velocity_parameter=0.274833 elapsed=71.9983s written=0
  crossing 0/250
  stopped velocity row 77 IC 76 x0=0.785481 velocity_parameter=0.274833 status=collision: trajectory reached the configured collision radius
velocity row 77/120 IC 86/599 x0=0.785708 velocity_parameter=0.274833 elapsed=72.3974s written=0
  crossing 0/250
  stopped velocity row 77 IC 86 x0=0.785708 velocity_parameter=0.274833 status=collision: trajectory reached the configured collision radius
velocity row 77/120 IC 94/599 x0=0.78589 velocity_parameter=0.274833 elapsed=72.762s written=0
  crossing 0/250
  stopped velocity row 77 IC 94 x0=0.78589 velocity_parameter=0.274833 status=collision: trajectory reached the configured collision radius
velocity row 78/120 IC 76/599 x0=0.785481 velocity_parameter=0.291 elapsed=72.8117s written=0
  crossing 0/250
  stopped velocity row 78 IC 76 x0=0.785481 velocity_parameter=0.291 status=collision: trajectory reached the configured collision radius
velocity row 78/120 IC 86/599 x0=0.785708 velocity_parameter=0.291 elapsed=73.1929s written=0
  crossing 0/250
  stopped velocity row 78 IC 86 x0=0.785708 velocity_parameter=0.291 status=collision: trajectory reached the configured collision radius
velocity row 78/120 IC 94/599 x0=0.78589 velocity_parameter=0.291 elapsed=73.5614s written=0
  crossing 0/250
  stopped velocity row 78 IC 94 x0=0.78589 velocity_parameter=0.291 status=collision: trajectory reached the configured collision radius
velocity row 79/120 IC 76/599 x0=0.785481 velocity_parameter=0.307167 elapsed=73.6064s written=0
  crossing 0/250
  stopped velocity row 79 IC 76 x0=0.785481 velocity_parameter=0.307167 status=collision: trajectory reached the configured collision radius
velocity row 79/120 IC 86/599 x0=0.785708 velocity_parameter=0.307167 elapsed=74.0226s written=0
  crossing 0/250
  stopped velocity row 79 IC 86 x0=0.785708 velocity_parameter=0.307167 status=collision: trajectory reached the configured collision radius
velocity row 79/120 IC 94/599 x0=0.78589 velocity_parameter=0.307167 elapsed=74.3251s written=0
  crossing 0/250
  stopped velocity row 79 IC 94 x0=0.78589 velocity_parameter=0.307167 status=collision: trajectory reached the configured collision radius
velocity row 80/120 IC 76/599 x0=0.785481 velocity_parameter=0.323333 elapsed=74.3605s written=0
  crossing 0/250
  stopped velocity row 80 IC 76 x0=0.785481 velocity_parameter=0.323333 status=collision: trajectory reached the configured collision radius
velocity row 80/120 IC 86/599 x0=0.785708 velocity_parameter=0.323333 elapsed=74.7526s written=0
  crossing 0/250
  stopped velocity row 80 IC 86 x0=0.785708 velocity_parameter=0.323333 status=collision: trajectory reached the configured collision radius
velocity row 80/120 IC 94/599 x0=0.78589 velocity_parameter=0.323333 elapsed=75.0705s written=0
  crossing 0/250
  stopped velocity row 80 IC 94 x0=0.78589 velocity_parameter=0.323333 status=collision: trajectory reached the configured collision radius
velocity row 81/120 IC 76/599 x0=0.785481 velocity_parameter=0.3395 elapsed=75.1062s written=0
  crossing 0/250
  stopped velocity row 81 IC 76 x0=0.785481 velocity_parameter=0.3395 status=collision: trajectory reached the configured collision radius
velocity row 81/120 IC 86/599 x0=0.785708 velocity_parameter=0.3395 elapsed=75.4804s written=0
  crossing 0/250
  stopped velocity row 81 IC 86 x0=0.785708 velocity_parameter=0.3395 status=collision: trajectory reached the configured collision radius
velocity row 81/120 IC 94/599 x0=0.78589 velocity_parameter=0.3395 elapsed=75.7767s written=0
  crossing 0/250
  stopped velocity row 81 IC 94 x0=0.78589 velocity_parameter=0.3395 status=collision: trajectory reached the configured collision radius
velocity row 82/120 IC 76/599 x0=0.785481 velocity_parameter=0.355667 elapsed=75.8194s written=0
  crossing 0/250
  stopped velocity row 82 IC 76 x0=0.785481 velocity_parameter=0.355667 status=collision: trajectory reached the configured collision radius
velocity row 82/120 IC 86/599 x0=0.785708 velocity_parameter=0.355667 elapsed=76.2092s written=0
  crossing 0/250
  stopped velocity row 82 IC 86 x0=0.785708 velocity_parameter=0.355667 status=collision: trajectory reached the configured collision radius
velocity row 82/120 IC 94/599 x0=0.78589 velocity_parameter=0.355667 elapsed=76.5169s written=0
  crossing 0/250
  stopped velocity row 82 IC 94 x0=0.78589 velocity_parameter=0.355667 status=collision: trajectory reached the configured collision radius
velocity row 83/120 IC 76/599 x0=0.785481 velocity_parameter=0.371833 elapsed=76.5515s written=0
  crossing 0/250
  stopped velocity row 83 IC 76 x0=0.785481 velocity_parameter=0.371833 status=collision: trajectory reached the configured collision radius
velocity row 83/120 IC 86/599 x0=0.785708 velocity_parameter=0.371833 elapsed=76.907s written=0
  crossing 0/250
  stopped velocity row 83 IC 86 x0=0.785708 velocity_parameter=0.371833 status=collision: trajectory reached the configured collision radius
velocity row 83/120 IC 94/599 x0=0.78589 velocity_parameter=0.371833 elapsed=77.2122s written=0
  crossing 0/250
  stopped velocity row 83 IC 94 x0=0.78589 velocity_parameter=0.371833 status=collision: trajectory reached the configured collision radius
velocity row 84/120 IC 76/599 x0=0.785481 velocity_parameter=0.388 elapsed=77.2462s written=0
  crossing 0/250
  stopped velocity row 84 IC 76 x0=0.785481 velocity_parameter=0.388 status=collision: trajectory reached the configured collision radius
velocity row 84/120 IC 86/599 x0=0.785708 velocity_parameter=0.388 elapsed=77.6849s written=0
  crossing 0/250
  stopped velocity row 84 IC 86 x0=0.785708 velocity_parameter=0.388 status=collision: trajectory reached the configured collision radius
velocity row 84/120 IC 94/599 x0=0.78589 velocity_parameter=0.388 elapsed=77.9863s written=0
  crossing 0/250
  stopped velocity row 84 IC 94 x0=0.78589 velocity_parameter=0.388 status=collision: trajectory reached the configured collision radius
velocity row 85/120 IC 76/599 x0=0.785481 velocity_parameter=0.404167 elapsed=78.0205s written=0
  crossing 0/250
  stopped velocity row 85 IC 76 x0=0.785481 velocity_parameter=0.404167 status=collision: trajectory reached the configured collision radius
velocity row 85/120 IC 86/599 x0=0.785708 velocity_parameter=0.404167 elapsed=78.3982s written=0
  crossing 0/250
  stopped velocity row 85 IC 86 x0=0.785708 velocity_parameter=0.404167 status=collision: trajectory reached the configured collision radius
velocity row 85/120 IC 94/599 x0=0.78589 velocity_parameter=0.404167 elapsed=78.7072s written=0
  crossing 0/250
  stopped velocity row 85 IC 94 x0=0.78589 velocity_parameter=0.404167 status=collision: trajectory reached the configured collision radius
velocity row 86/120 IC 76/599 x0=0.785481 velocity_parameter=0.420333 elapsed=78.7417s written=0
  crossing 0/250
  stopped velocity row 86 IC 76 x0=0.785481 velocity_parameter=0.420333 status=collision: trajectory reached the configured collision radius
velocity row 86/120 IC 86/599 x0=0.785708 velocity_parameter=0.420333 elapsed=79.1375s written=0
  crossing 0/250
  stopped velocity row 86 IC 86 x0=0.785708 velocity_parameter=0.420333 status=collision: trajectory reached the configured collision radius
velocity row 86/120 IC 94/599 x0=0.78589 velocity_parameter=0.420333 elapsed=79.4293s written=0
  crossing 0/250
  stopped velocity row 86 IC 94 x0=0.78589 velocity_parameter=0.420333 status=collision: trajectory reached the configured collision radius
velocity row 87/120 IC 76/599 x0=0.785481 velocity_parameter=0.4365 elapsed=79.4635s written=0
  crossing 0/250
  stopped velocity row 87 IC 76 x0=0.785481 velocity_parameter=0.4365 status=collision: trajectory reached the configured collision radius
velocity row 87/120 IC 86/599 x0=0.785708 velocity_parameter=0.4365 elapsed=79.8161s written=0
  crossing 0/250
  stopped velocity row 87 IC 86 x0=0.785708 velocity_parameter=0.4365 status=collision: trajectory reached the configured collision radius
velocity row 87/120 IC 94/599 x0=0.78589 velocity_parameter=0.4365 elapsed=80.1052s written=0
  crossing 0/250
  stopped velocity row 87 IC 94 x0=0.78589 velocity_parameter=0.4365 status=collision: trajectory reached the configured collision radius
velocity row 88/120 IC 76/599 x0=0.785481 velocity_parameter=0.452667 elapsed=80.1397s written=0
  crossing 0/250
  stopped velocity row 88 IC 76 x0=0.785481 velocity_parameter=0.452667 status=collision: trajectory reached the configured collision radius
velocity row 88/120 IC 86/599 x0=0.785708 velocity_parameter=0.452667 elapsed=80.5278s written=0
  crossing 0/250
  stopped velocity row 88 IC 86 x0=0.785708 velocity_parameter=0.452667 status=collision: trajectory reached the configured collision radius
velocity row 88/120 IC 94/599 x0=0.78589 velocity_parameter=0.452667 elapsed=80.8027s written=0
  crossing 0/250
  stopped velocity row 88 IC 94 x0=0.78589 velocity_parameter=0.452667 status=collision: trajectory reached the configured collision radius
velocity row 89/120 IC 76/599 x0=0.785481 velocity_parameter=0.468833 elapsed=80.8371s written=0
  crossing 0/250
  stopped velocity row 89 IC 76 x0=0.785481 velocity_parameter=0.468833 status=collision: trajectory reached the configured collision radius
velocity row 89/120 IC 86/599 x0=0.785708 velocity_parameter=0.468833 elapsed=81.1942s written=0
  crossing 0/250
  stopped velocity row 89 IC 86 x0=0.785708 velocity_parameter=0.468833 status=collision: trajectory reached the configured collision radius
velocity row 89/120 IC 94/599 x0=0.78589 velocity_parameter=0.468833 elapsed=81.5218s written=0
  crossing 0/250
  stopped velocity row 89 IC 94 x0=0.78589 velocity_parameter=0.468833 status=collision: trajectory reached the configured collision radius
velocity row 90/120 IC 76/599 x0=0.785481 velocity_parameter=0.485 elapsed=81.5579s written=0
  crossing 0/250
  stopped velocity row 90 IC 76 x0=0.785481 velocity_parameter=0.485 status=collision: trajectory reached the configured collision radius
velocity row 90/120 IC 86/599 x0=0.785708 velocity_parameter=0.485 elapsed=81.932s written=0
  crossing 0/250
  stopped velocity row 90 IC 86 x0=0.785708 velocity_parameter=0.485 status=collision: trajectory reached the configured collision radius
velocity row 90/120 IC 94/599 x0=0.78589 velocity_parameter=0.485 elapsed=82.2185s written=0
  crossing 0/250
  stopped velocity row 90 IC 94 x0=0.78589 velocity_parameter=0.485 status=collision: trajectory reached the configured collision radius
velocity row 91/120 IC 76/599 x0=0.785481 velocity_parameter=0.501167 elapsed=82.2522s written=0
  crossing 0/250
  stopped velocity row 91 IC 76 x0=0.785481 velocity_parameter=0.501167 status=collision: trajectory reached the configured collision radius
velocity row 91/120 IC 86/599 x0=0.785708 velocity_parameter=0.501167 elapsed=82.6401s written=0
  crossing 0/250
  stopped velocity row 91 IC 86 x0=0.785708 velocity_parameter=0.501167 status=collision: trajectory reached the configured collision radius
velocity row 91/120 IC 94/599 x0=0.78589 velocity_parameter=0.501167 elapsed=82.9648s written=0
  crossing 0/250
  stopped velocity row 91 IC 94 x0=0.78589 velocity_parameter=0.501167 status=collision: trajectory reached the configured collision radius
velocity row 92/120 IC 76/599 x0=0.785481 velocity_parameter=0.517333 elapsed=82.9979s written=0
  crossing 0/250
  stopped velocity row 92 IC 76 x0=0.785481 velocity_parameter=0.517333 status=collision: trajectory reached the configured collision radius
velocity row 92/120 IC 86/599 x0=0.785708 velocity_parameter=0.517333 elapsed=83.3353s written=0
  crossing 0/250
  stopped velocity row 92 IC 86 x0=0.785708 velocity_parameter=0.517333 status=collision: trajectory reached the configured collision radius
velocity row 92/120 IC 94/599 x0=0.78589 velocity_parameter=0.517333 elapsed=83.632s written=0
  crossing 0/250
  stopped velocity row 92 IC 94 x0=0.78589 velocity_parameter=0.517333 status=collision: trajectory reached the configured collision radius
velocity row 93/120 IC 76/599 x0=0.785481 velocity_parameter=0.5335 elapsed=83.6658s written=0
  crossing 0/250
  stopped velocity row 93 IC 76 x0=0.785481 velocity_parameter=0.5335 status=collision: trajectory reached the configured collision radius
velocity row 93/120 IC 86/599 x0=0.785708 velocity_parameter=0.5335 elapsed=84.0271s written=0
  crossing 0/250
  stopped velocity row 93 IC 86 x0=0.785708 velocity_parameter=0.5335 status=collision: trajectory reached the configured collision radius
velocity row 93/120 IC 94/599 x0=0.78589 velocity_parameter=0.5335 elapsed=84.3315s written=0
  crossing 0/250
  stopped velocity row 93 IC 94 x0=0.78589 velocity_parameter=0.5335 status=collision: trajectory reached the configured collision radius
velocity row 94/120 IC 76/599 x0=0.785481 velocity_parameter=0.549667 elapsed=84.3829s written=0
  crossing 0/250
  stopped velocity row 94 IC 76 x0=0.785481 velocity_parameter=0.549667 status=collision: trajectory reached the configured collision radius
velocity row 94/120 IC 86/599 x0=0.785708 velocity_parameter=0.549667 elapsed=84.7392s written=0
  crossing 0/250
  stopped velocity row 94 IC 86 x0=0.785708 velocity_parameter=0.549667 status=collision: trajectory reached the configured collision radius
velocity row 94/120 IC 94/599 x0=0.78589 velocity_parameter=0.549667 elapsed=85.0158s written=0
  crossing 0/250
  stopped velocity row 94 IC 94 x0=0.78589 velocity_parameter=0.549667 status=collision: trajectory reached the configured collision radius
velocity row 95/120 IC 76/599 x0=0.785481 velocity_parameter=0.565833 elapsed=85.0503s written=0
  crossing 0/250
  stopped velocity row 95 IC 76 x0=0.785481 velocity_parameter=0.565833 status=collision: trajectory reached the configured collision radius
velocity row 95/120 IC 86/599 x0=0.785708 velocity_parameter=0.565833 elapsed=85.4394s written=0
  crossing 0/250
  stopped velocity row 95 IC 86 x0=0.785708 velocity_parameter=0.565833 status=collision: trajectory reached the configured collision radius
velocity row 95/120 IC 94/599 x0=0.78589 velocity_parameter=0.565833 elapsed=85.7214s written=0
  crossing 0/250
  stopped velocity row 95 IC 94 x0=0.78589 velocity_parameter=0.565833 status=collision: trajectory reached the configured collision radius
velocity row 96/120 IC 76/599 x0=0.785481 velocity_parameter=0.582 elapsed=85.7552s written=0
  crossing 0/250
  stopped velocity row 96 IC 76 x0=0.785481 velocity_parameter=0.582 status=collision: trajectory reached the configured collision radius
velocity row 96/120 IC 86/599 x0=0.785708 velocity_parameter=0.582 elapsed=86.119s written=0
  crossing 0/250
  stopped velocity row 96 IC 86 x0=0.785708 velocity_parameter=0.582 status=collision: trajectory reached the configured collision radius
velocity row 96/120 IC 94/599 x0=0.78589 velocity_parameter=0.582 elapsed=86.3995s written=0
  crossing 0/250
  stopped velocity row 96 IC 94 x0=0.78589 velocity_parameter=0.582 status=collision: trajectory reached the configured collision radius
velocity row 97/120 IC 76/599 x0=0.785481 velocity_parameter=0.598167 elapsed=86.435s written=0
  crossing 0/250
  stopped velocity row 97 IC 76 x0=0.785481 velocity_parameter=0.598167 status=collision: trajectory reached the configured collision radius
velocity row 97/120 IC 86/599 x0=0.785708 velocity_parameter=0.598167 elapsed=86.7803s written=0
  crossing 0/250
  stopped velocity row 97 IC 86 x0=0.785708 velocity_parameter=0.598167 status=collision: trajectory reached the configured collision radius
velocity row 97/120 IC 94/599 x0=0.78589 velocity_parameter=0.598167 elapsed=87.0531s written=0
  crossing 0/250
  stopped velocity row 97 IC 94 x0=0.78589 velocity_parameter=0.598167 status=collision: trajectory reached the configured collision radius
velocity row 98/120 IC 76/599 x0=0.785481 velocity_parameter=0.614333 elapsed=87.0865s written=0
  crossing 0/250
  stopped velocity row 98 IC 76 x0=0.785481 velocity_parameter=0.614333 status=collision: trajectory reached the configured collision radius
velocity row 98/120 IC 86/599 x0=0.785708 velocity_parameter=0.614333 elapsed=87.4342s written=0
  crossing 0/250
  stopped velocity row 98 IC 86 x0=0.785708 velocity_parameter=0.614333 status=collision: trajectory reached the configured collision radius
velocity row 98/120 IC 94/599 x0=0.78589 velocity_parameter=0.614333 elapsed=87.7041s written=0
  crossing 0/250
  stopped velocity row 98 IC 94 x0=0.78589 velocity_parameter=0.614333 status=collision: trajectory reached the configured collision radius
velocity row 99/120 IC 76/599 x0=0.785481 velocity_parameter=0.6305 elapsed=87.746s written=0
  crossing 0/250
  stopped velocity row 99 IC 76 x0=0.785481 velocity_parameter=0.6305 status=collision: trajectory reached the configured collision radius
velocity row 99/120 IC 86/599 x0=0.785708 velocity_parameter=0.6305 elapsed=88.0865s written=0
  crossing 0/250
  stopped velocity row 99 IC 86 x0=0.785708 velocity_parameter=0.6305 status=collision: trajectory reached the configured collision radius
velocity row 99/120 IC 94/599 x0=0.78589 velocity_parameter=0.6305 elapsed=88.3569s written=0
  crossing 0/250
  stopped velocity row 99 IC 94 x0=0.78589 velocity_parameter=0.6305 status=collision: trajectory reached the configured collision radius
velocity row 100/120 IC 76/599 x0=0.785481 velocity_parameter=0.646667 elapsed=88.3903s written=0
  crossing 0/250
  stopped velocity row 100 IC 76 x0=0.785481 velocity_parameter=0.646667 status=collision: trajectory reached the configured collision radius
velocity row 100/120 IC 86/599 x0=0.785708 velocity_parameter=0.646667 elapsed=88.7472s written=0
  crossing 0/250
  stopped velocity row 100 IC 86 x0=0.785708 velocity_parameter=0.646667 status=collision: trajectory reached the configured collision radius
velocity row 100/120 IC 94/599 x0=0.78589 velocity_parameter=0.646667 elapsed=89.0421s written=0
  crossing 0/250
  stopped velocity row 100 IC 94 x0=0.78589 velocity_parameter=0.646667 status=collision: trajectory reached the configured collision radius
velocity row 101/120 IC 76/599 x0=0.785481 velocity_parameter=0.662833 elapsed=89.0759s written=0
  crossing 0/250
  stopped velocity row 101 IC 76 x0=0.785481 velocity_parameter=0.662833 status=collision: trajectory reached the configured collision radius
velocity row 101/120 IC 86/599 x0=0.785708 velocity_parameter=0.662833 elapsed=89.4225s written=0
  crossing 0/250
  stopped velocity row 101 IC 86 x0=0.785708 velocity_parameter=0.662833 status=collision: trajectory reached the configured collision radius
velocity row 101/120 IC 94/599 x0=0.78589 velocity_parameter=0.662833 elapsed=89.6903s written=0
  crossing 0/250
  stopped velocity row 101 IC 94 x0=0.78589 velocity_parameter=0.662833 status=collision: trajectory reached the configured collision radius
velocity row 102/120 IC 76/599 x0=0.785481 velocity_parameter=0.679 elapsed=89.723s written=0
  crossing 0/250
  stopped velocity row 102 IC 76 x0=0.785481 velocity_parameter=0.679 status=collision: trajectory reached the configured collision radius
velocity row 102/120 IC 86/599 x0=0.785708 velocity_parameter=0.679 elapsed=90.0641s written=0
  crossing 0/250
  stopped velocity row 102 IC 86 x0=0.785708 velocity_parameter=0.679 status=collision: trajectory reached the configured collision radius
velocity row 102/120 IC 94/599 x0=0.78589 velocity_parameter=0.679 elapsed=90.3364s written=0
  crossing 0/250
  stopped velocity row 102 IC 94 x0=0.78589 velocity_parameter=0.679 status=collision: trajectory reached the configured collision radius
velocity row 103/120 IC 76/599 x0=0.785481 velocity_parameter=0.695167 elapsed=90.3715s written=0
  crossing 0/250
  stopped velocity row 103 IC 76 x0=0.785481 velocity_parameter=0.695167 status=collision: trajectory reached the configured collision radius
velocity row 103/120 IC 86/599 x0=0.785708 velocity_parameter=0.695167 elapsed=90.7251s written=0
  crossing 0/250
  stopped velocity row 103 IC 86 x0=0.785708 velocity_parameter=0.695167 status=collision: trajectory reached the configured collision radius
velocity row 103/120 IC 94/599 x0=0.78589 velocity_parameter=0.695167 elapsed=91.0032s written=0
  crossing 0/250
  stopped velocity row 103 IC 94 x0=0.78589 velocity_parameter=0.695167 status=collision: trajectory reached the configured collision radius
velocity row 104/120 IC 76/599 x0=0.785481 velocity_parameter=0.711333 elapsed=91.0383s written=0
  crossing 0/250
  stopped velocity row 104 IC 76 x0=0.785481 velocity_parameter=0.711333 status=collision: trajectory reached the configured collision radius
velocity row 104/120 IC 86/599 x0=0.785708 velocity_parameter=0.711333 elapsed=91.3803s written=0
  crossing 0/250
  stopped velocity row 104 IC 86 x0=0.785708 velocity_parameter=0.711333 status=collision: trajectory reached the configured collision radius
velocity row 104/120 IC 94/599 x0=0.78589 velocity_parameter=0.711333 elapsed=91.6442s written=0
  crossing 0/250
  stopped velocity row 104 IC 94 x0=0.78589 velocity_parameter=0.711333 status=collision: trajectory reached the configured collision radius
velocity row 105/120 IC 76/599 x0=0.785481 velocity_parameter=0.7275 elapsed=91.6767s written=0
  crossing 0/250
  stopped velocity row 105 IC 76 x0=0.785481 velocity_parameter=0.7275 status=collision: trajectory reached the configured collision radius
velocity row 105/120 IC 86/599 x0=0.785708 velocity_parameter=0.7275 elapsed=92.0072s written=0
  crossing 0/250
  stopped velocity row 105 IC 86 x0=0.785708 velocity_parameter=0.7275 status=collision: trajectory reached the configured collision radius
velocity row 105/120 IC 94/599 x0=0.78589 velocity_parameter=0.7275 elapsed=92.2727s written=0
  crossing 0/250
  stopped velocity row 105 IC 94 x0=0.78589 velocity_parameter=0.7275 status=collision: trajectory reached the configured collision radius
velocity row 106/120 IC 76/599 x0=0.785481 velocity_parameter=0.743667 elapsed=92.3064s written=0
  crossing 0/250
  stopped velocity row 106 IC 76 x0=0.785481 velocity_parameter=0.743667 status=collision: trajectory reached the configured collision radius
velocity row 106/120 IC 86/599 x0=0.785708 velocity_parameter=0.743667 elapsed=92.6409s written=0
  crossing 0/250
  stopped velocity row 106 IC 86 x0=0.785708 velocity_parameter=0.743667 status=collision: trajectory reached the configured collision radius
velocity row 106/120 IC 94/599 x0=0.78589 velocity_parameter=0.743667 elapsed=92.9022s written=0
  crossing 0/250
  stopped velocity row 106 IC 94 x0=0.78589 velocity_parameter=0.743667 status=collision: trajectory reached the configured collision radius
velocity row 107/120 IC 76/599 x0=0.785481 velocity_parameter=0.759833 elapsed=92.935s written=0
  crossing 0/250
  stopped velocity row 107 IC 76 x0=0.785481 velocity_parameter=0.759833 status=collision: trajectory reached the configured collision radius
velocity row 107/120 IC 86/599 x0=0.785708 velocity_parameter=0.759833 elapsed=93.2667s written=0
  crossing 0/250
  stopped velocity row 107 IC 86 x0=0.785708 velocity_parameter=0.759833 status=collision: trajectory reached the configured collision radius
velocity row 107/120 IC 94/599 x0=0.78589 velocity_parameter=0.759833 elapsed=93.5337s written=0
  crossing 0/250
  stopped velocity row 107 IC 94 x0=0.78589 velocity_parameter=0.759833 status=collision: trajectory reached the configured collision radius
velocity row 108/120 IC 76/599 x0=0.785481 velocity_parameter=0.776 elapsed=93.567s written=0
  crossing 0/250
  stopped velocity row 108 IC 76 x0=0.785481 velocity_parameter=0.776 status=collision: trajectory reached the configured collision radius
velocity row 108/120 IC 86/599 x0=0.785708 velocity_parameter=0.776 elapsed=93.9303s written=0
  crossing 0/250
  stopped velocity row 108 IC 86 x0=0.785708 velocity_parameter=0.776 status=collision: trajectory reached the configured collision radius
velocity row 108/120 IC 94/599 x0=0.78589 velocity_parameter=0.776 elapsed=94.2271s written=0
  crossing 0/250
  stopped velocity row 108 IC 94 x0=0.78589 velocity_parameter=0.776 status=collision: trajectory reached the configured collision radius
velocity row 109/120 IC 76/599 x0=0.785481 velocity_parameter=0.792167 elapsed=94.262s written=0
  crossing 0/250
  stopped velocity row 109 IC 76 x0=0.785481 velocity_parameter=0.792167 status=collision: trajectory reached the configured collision radius
velocity row 109/120 IC 86/599 x0=0.785708 velocity_parameter=0.792167 elapsed=94.6183s written=8
  crossing 0/250
  stopped velocity row 109 IC 86 x0=0.785708 velocity_parameter=0.792167 status=collision: trajectory reached the configured collision radius
velocity row 109/120 IC 94/599 x0=0.78589 velocity_parameter=0.792167 elapsed=94.8931s written=16
  crossing 0/250
  stopped velocity row 109 IC 94 x0=0.78589 velocity_parameter=0.792167 status=collision: trajectory reached the configured collision radius
velocity row 110/120 IC 76/599 x0=0.785481 velocity_parameter=0.808333 elapsed=94.9283s written=17
  crossing 0/250
  stopped velocity row 110 IC 76 x0=0.785481 velocity_parameter=0.808333 status=collision: trajectory reached the configured collision radius
velocity row 110/120 IC 86/599 x0=0.785708 velocity_parameter=0.808333 elapsed=95.2732s written=27
  crossing 0/250
  stopped velocity row 110 IC 86 x0=0.785708 velocity_parameter=0.808333 status=collision: trajectory reached the configured collision radius
velocity row 110/120 IC 94/599 x0=0.78589 velocity_parameter=0.808333 elapsed=95.5354s written=35
  crossing 0/250
  stopped velocity row 110 IC 94 x0=0.78589 velocity_parameter=0.808333 status=collision: trajectory reached the configured collision radius
velocity row 111/120 IC 76/599 x0=0.785481 velocity_parameter=0.8245 elapsed=95.5691s written=36
  crossing 0/250
  stopped velocity row 111 IC 76 x0=0.785481 velocity_parameter=0.8245 status=collision: trajectory reached the configured collision radius
velocity row 111/120 IC 86/599 x0=0.785708 velocity_parameter=0.8245 elapsed=95.9067s written=46
  crossing 0/250
  stopped velocity row 111 IC 86 x0=0.785708 velocity_parameter=0.8245 status=collision: trajectory reached the configured collision radius
velocity row 111/120 IC 94/599 x0=0.78589 velocity_parameter=0.8245 elapsed=96.1691s written=54
  crossing 0/250
  stopped velocity row 111 IC 94 x0=0.78589 velocity_parameter=0.8245 status=collision: trajectory reached the configured collision radius
velocity row 112/120 IC 76/599 x0=0.785481 velocity_parameter=0.840667 elapsed=96.2022s written=55
  crossing 0/250
  stopped velocity row 112 IC 76 x0=0.785481 velocity_parameter=0.840667 status=collision: trajectory reached the configured collision radius
velocity row 112/120 IC 86/599 x0=0.785708 velocity_parameter=0.840667 elapsed=96.536s written=65
  crossing 0/250
  stopped velocity row 112 IC 86 x0=0.785708 velocity_parameter=0.840667 status=collision: trajectory reached the configured collision radius
velocity row 112/120 IC 94/599 x0=0.78589 velocity_parameter=0.840667 elapsed=96.8044s written=73
  crossing 0/250
  stopped velocity row 112 IC 94 x0=0.78589 velocity_parameter=0.840667 status=collision: trajectory reached the configured collision radius
velocity row 113/120 IC 76/599 x0=0.785481 velocity_parameter=0.856833 elapsed=96.8381s written=74
  crossing 0/250
  stopped velocity row 113 IC 76 x0=0.785481 velocity_parameter=0.856833 status=collision: trajectory reached the configured collision radius
velocity row 113/120 IC 86/599 x0=0.785708 velocity_parameter=0.856833 elapsed=97.1739s written=84
  crossing 0/250
  stopped velocity row 113 IC 86 x0=0.785708 velocity_parameter=0.856833 status=collision: trajectory reached the configured collision radius
velocity row 113/120 IC 94/599 x0=0.78589 velocity_parameter=0.856833 elapsed=97.4232s written=92
  crossing 0/250
  stopped velocity row 113 IC 94 x0=0.78589 velocity_parameter=0.856833 status=outer_limit: trajectory reached the configured outer_limit radius
velocity row 114/120 IC 76/599 x0=0.785481 velocity_parameter=0.873 elapsed=97.4321s written=92
  crossing 0/250
  stopped velocity row 114 IC 76 x0=0.785481 velocity_parameter=0.873 status=collision: trajectory reached the configured collision radius
velocity row 114/120 IC 86/599 x0=0.785708 velocity_parameter=0.873 elapsed=97.7847s written=102
  crossing 0/250
  stopped velocity row 114 IC 86 x0=0.785708 velocity_parameter=0.873 status=collision: trajectory reached the configured collision radius
velocity row 114/120 IC 94/599 x0=0.78589 velocity_parameter=0.873 elapsed=97.91s written=105
  crossing 0/250
  stopped velocity row 114 IC 94 x0=0.78589 velocity_parameter=0.873 status=outer_limit: trajectory reached the configured outer_limit radius
velocity row 115/120 IC 76/599 x0=0.785481 velocity_parameter=0.889167 elapsed=97.9168s written=105
  crossing 0/250
  stopped velocity row 115 IC 76 x0=0.785481 velocity_parameter=0.889167 status=collision: trajectory reached the configured collision radius
velocity row 115/120 IC 86/599 x0=0.785708 velocity_parameter=0.889167 elapsed=98.2562s written=115
  crossing 0/250
  stopped velocity row 115 IC 86 x0=0.785708 velocity_parameter=0.889167 status=collision: trajectory reached the configured collision radius
velocity row 115/120 IC 94/599 x0=0.78589 velocity_parameter=0.889167 elapsed=98.3408s written=117
  crossing 0/250
  stopped velocity row 115 IC 94 x0=0.78589 velocity_parameter=0.889167 status=outer_limit: trajectory reached the configured outer_limit radius
velocity row 116/120 IC 76/599 x0=0.785481 velocity_parameter=0.905333 elapsed=98.3479s written=117
  crossing 0/250
  stopped velocity row 116 IC 76 x0=0.785481 velocity_parameter=0.905333 status=collision: trajectory reached the configured collision radius
velocity row 116/120 IC 86/599 x0=0.785708 velocity_parameter=0.905333 elapsed=98.6931s written=127
  crossing 0/250
  stopped velocity row 116 IC 86 x0=0.785708 velocity_parameter=0.905333 status=collision: trajectory reached the configured collision radius
velocity row 116/120 IC 94/599 x0=0.78589 velocity_parameter=0.905333 elapsed=98.8381s written=131
  crossing 0/250
  stopped velocity row 116 IC 94 x0=0.78589 velocity_parameter=0.905333 status=outer_limit: trajectory reached the configured outer_limit radius
velocity row 117/120 IC 76/599 x0=0.785481 velocity_parameter=0.9215 elapsed=98.8446s written=131
  crossing 0/250
  stopped velocity row 117 IC 76 x0=0.785481 velocity_parameter=0.9215 status=collision: trajectory reached the configured collision radius
velocity row 117/120 IC 86/599 x0=0.785708 velocity_parameter=0.9215 elapsed=99.1807s written=141
  crossing 0/250
  stopped velocity row 117 IC 86 x0=0.785708 velocity_parameter=0.9215 status=collision: trajectory reached the configured collision radius
velocity row 117/120 IC 94/599 x0=0.78589 velocity_parameter=0.9215 elapsed=99.4513s written=149
  crossing 0/250
  stopped velocity row 117 IC 94 x0=0.78589 velocity_parameter=0.9215 status=collision: trajectory reached the configured collision radius
velocity row 118/120 IC 76/599 x0=0.785481 velocity_parameter=0.937667 elapsed=99.4867s written=150
  crossing 0/250
  stopped velocity row 118 IC 76 x0=0.785481 velocity_parameter=0.937667 status=collision: trajectory reached the configured collision radius
velocity row 118/120 IC 86/599 x0=0.785708 velocity_parameter=0.937667 elapsed=99.818s written=160
  crossing 0/250
  stopped velocity row 118 IC 86 x0=0.785708 velocity_parameter=0.937667 status=collision: trajectory reached the configured collision radius
velocity row 118/120 IC 94/599 x0=0.78589 velocity_parameter=0.937667 elapsed=100.082s written=168
  crossing 0/250
  stopped velocity row 118 IC 94 x0=0.78589 velocity_parameter=0.937667 status=collision: trajectory reached the configured collision radius
velocity row 119/120 IC 76/599 x0=0.785481 velocity_parameter=0.953833 elapsed=100.115s written=169
  crossing 0/250
  stopped velocity row 119 IC 76 x0=0.785481 velocity_parameter=0.953833 status=collision: trajectory reached the configured collision radius
velocity row 119/120 IC 86/599 x0=0.785708 velocity_parameter=0.953833 elapsed=100.437s written=179
  crossing 0/250
  stopped velocity row 119 IC 86 x0=0.785708 velocity_parameter=0.953833 status=collision: trajectory reached the configured collision radius
velocity row 119/120 IC 94/599 x0=0.78589 velocity_parameter=0.953833 elapsed=100.697s written=187
  crossing 0/250
  stopped velocity row 119 IC 94 x0=0.78589 velocity_parameter=0.953833 status=collision: trajectory reached the configured collision radius
velocity row 120/120 IC 76/599 x0=0.785481 velocity_parameter=0.97 elapsed=100.729s written=188
  crossing 0/250
  stopped velocity row 120 IC 76 x0=0.785481 velocity_parameter=0.97 status=collision: trajectory reached the configured collision radius
velocity row 120/120 IC 86/599 x0=0.785708 velocity_parameter=0.97 elapsed=101.042s written=198
  crossing 0/250
  stopped velocity row 120 IC 86 x0=0.785708 velocity_parameter=0.97 status=collision: trajectory reached the configured collision radius
velocity row 120/120 IC 94/599 x0=0.78589 velocity_parameter=0.97 elapsed=101.292s written=206
  crossing 0/250
  stopped velocity row 120 IC 94 x0=0.78589 velocity_parameter=0.97 status=collision: trajectory reached the configured collision radius
svg -> /mnt/c/Users/payne/Code/Hill_4BP/professional_neck_studies/e1_dense_001/survey/level_003_delta_1e_minus_5/open/shard_0004/preview.svg
metadata -> /mnt/c/Users/payne/Code/Hill_4BP/professional_neck_studies/e1_dense_001/survey/level_003_delta_1e_minus_5/open/shard_0004/metadata.txt
wrote 207 points (0 ICs skipped, 2299 orbits stopped early, elapsed=101.325s) -> /mnt/c/Users/payne/Code/Hill_4BP/professional_neck_studies/e1_dense_001/survey/level_003_delta_1e_minus_5/open/shard_0004/points.csv
outcomes: collision=2276 completed=0 forbidden=0 inner_radius_limit=0 invalid_initial_radius=0 invalid_velocity=0 nontransverse=0 numerical_failure=0 outer_limit=23 timeout=0
maximum sampled |H-h|=9.21358e-16
