zero-velocity boundary -> /mnt/c/Users/payne/Code/Hill_4BP/professional_neck_studies/e1_dense_001/survey/level_002_delta_1e_minus_4/open/shard_0006/zero_velocity_boundary.csv
lambda1=0.0272549 lambda2=2.97275 A=-0.986373 B=0.486373 c=0.0976566 c1=0 c2=0 c3=-0.0976566 h=-2.39144 (C=4.78287)
E1/E2 neck h=-2.39154 (C=4.78307), E3/E4 neck h=-0.454039 (C=0.908078)
energy_mode=neck_delta neck=E1 hcrit=-2.39154 delta=0.0001 side=open actual_neck_side=open delta_h=0.0001
x_count=600 xdot_count=121 iterates=250 index range=[114,132] velocity_mode=fraction x_range=[0.769054,0.812056] max_return_time=100
smooth coordinates R=sqrt(rho), CAPD crossing mode=Both solver_order=28 max_step=0.005 abs_tol=1e-15 rel_tol=1e-13 collision_radius=1e-06 outer_radius=5
velocity row 0/120 IC 114/599 x0=0.777238 velocity_parameter=-0.97 elapsed=1.19e-07s written=0
  crossing 0/250
  stopped velocity row 0 IC 114 x0=0.777238 velocity_parameter=-0.97 status=collision: trajectory reached the configured collision radius
  stopped velocity row 0 IC 115 x0=0.77731 velocity_parameter=-0.97 status=collision: trajectory reached the configured collision radius
  stopped velocity row 0 IC 116 x0=0.777381 velocity_parameter=-0.97 status=collision: trajectory reached the configured collision radius
  stopped velocity row 0 IC 117 x0=0.777453 velocity_parameter=-0.97 status=collision: trajectory reached the configured collision radius
  stopped velocity row 0 IC 118 x0=0.777525 velocity_parameter=-0.97 status=collision: trajectory reached the configured collision radius
  stopped velocity row 0 IC 119 x0=0.777597 velocity_parameter=-0.97 status=collision: trajectory reached the configured collision radius
  stopped velocity row 0 IC 120 x0=0.777669 velocity_parameter=-0.97 status=collision: trajectory reached the configured collision radius
  stopped velocity row 0 IC 121 x0=0.77774 velocity_parameter=-0.97 status=collision: trajectory reached the configured collision radius
  stopped velocity row 0 IC 122 x0=0.777812 velocity_parameter=-0.97 status=collision: trajectory reached the configured collision radius
  stopped velocity row 0 IC 123 x0=0.777884 velocity_parameter=-0.97 status=collision: trajectory reached the configured collision radius
velocity row 0/120 IC 124/599 x0=0.777956 velocity_parameter=-0.97 elapsed=0.811535s written=0
  crossing 0/250
  stopped velocity row 0 IC 124 x0=0.777956 velocity_parameter=-0.97 status=collision: trajectory reached the configured collision radius
velocity row 0/120 IC 132/599 x0=0.77853 velocity_parameter=-0.97 elapsed=1.42868s written=0
  crossing 0/250
  stopped velocity row 0 IC 132 x0=0.77853 velocity_parameter=-0.97 status=collision: trajectory reached the configured collision radius
velocity row 1/120 IC 114/599 x0=0.777238 velocity_parameter=-0.953833 elapsed=1.5115s written=0
  crossing 0/250
  stopped velocity row 1 IC 114 x0=0.777238 velocity_parameter=-0.953833 status=collision: trajectory reached the configured collision radius
velocity row 1/120 IC 124/599 x0=0.777956 velocity_parameter=-0.953833 elapsed=2.32196s written=0
  crossing 0/250
  stopped velocity row 1 IC 124 x0=0.777956 velocity_parameter=-0.953833 status=collision: trajectory reached the configured collision radius
velocity row 1/120 IC 132/599 x0=0.77853 velocity_parameter=-0.953833 elapsed=2.96039s written=0
  crossing 0/250
  stopped velocity row 1 IC 132 x0=0.77853 velocity_parameter=-0.953833 status=collision: trajectory reached the configured collision radius
velocity row 2/120 IC 114/599 x0=0.777238 velocity_parameter=-0.937667 elapsed=3.04315s written=0
  crossing 0/250
  stopped velocity row 2 IC 114 x0=0.777238 velocity_parameter=-0.937667 status=collision: trajectory reached the configured collision radius
velocity row 2/120 IC 124/599 x0=0.777956 velocity_parameter=-0.937667 elapsed=3.83613s written=0
  crossing 0/250
  stopped velocity row 2 IC 124 x0=0.777956 velocity_parameter=-0.937667 status=collision: trajectory reached the configured collision radius
velocity row 2/120 IC 132/599 x0=0.77853 velocity_parameter=-0.937667 elapsed=4.45794s written=0
  crossing 0/250
  stopped velocity row 2 IC 132 x0=0.77853 velocity_parameter=-0.937667 status=collision: trajectory reached the configured collision radius
velocity row 3/120 IC 114/599 x0=0.777238 velocity_parameter=-0.9215 elapsed=4.53171s written=0
  crossing 0/250
  stopped velocity row 3 IC 114 x0=0.777238 velocity_parameter=-0.9215 status=collision: trajectory reached the configured collision radius
velocity row 3/120 IC 124/599 x0=0.777956 velocity_parameter=-0.9215 elapsed=5.30882s written=0
  crossing 0/250
  stopped velocity row 3 IC 124 x0=0.777956 velocity_parameter=-0.9215 status=collision: trajectory reached the configured collision radius
velocity row 3/120 IC 132/599 x0=0.77853 velocity_parameter=-0.9215 elapsed=5.94275s written=0
  crossing 0/250
  stopped velocity row 3 IC 132 x0=0.77853 velocity_parameter=-0.9215 status=collision: trajectory reached the configured collision radius
velocity row 4/120 IC 114/599 x0=0.777238 velocity_parameter=-0.905333 elapsed=6.02031s written=0
  crossing 0/250
  stopped velocity row 4 IC 114 x0=0.777238 velocity_parameter=-0.905333 status=collision: trajectory reached the configured collision radius
velocity row 4/120 IC 124/599 x0=0.777956 velocity_parameter=-0.905333 elapsed=6.7799s written=0
  crossing 0/250
  stopped velocity row 4 IC 124 x0=0.777956 velocity_parameter=-0.905333 status=collision: trajectory reached the configured collision radius
velocity row 4/120 IC 132/599 x0=0.77853 velocity_parameter=-0.905333 elapsed=7.41486s written=0
  crossing 0/250
  stopped velocity row 4 IC 132 x0=0.77853 velocity_parameter=-0.905333 status=collision: trajectory reached the configured collision radius
velocity row 5/120 IC 114/599 x0=0.777238 velocity_parameter=-0.889167 elapsed=7.48894s written=0
  crossing 0/250
  stopped velocity row 5 IC 114 x0=0.777238 velocity_parameter=-0.889167 status=collision: trajectory reached the configured collision radius
velocity row 5/120 IC 124/599 x0=0.777956 velocity_parameter=-0.889167 elapsed=8.25602s written=0
  crossing 0/250
  stopped velocity row 5 IC 124 x0=0.777956 velocity_parameter=-0.889167 status=collision: trajectory reached the configured collision radius
velocity row 5/120 IC 132/599 x0=0.77853 velocity_parameter=-0.889167 elapsed=8.88433s written=0
  crossing 0/250
  stopped velocity row 5 IC 132 x0=0.77853 velocity_parameter=-0.889167 status=collision: trajectory reached the configured collision radius
velocity row 6/120 IC 114/599 x0=0.777238 velocity_parameter=-0.873 elapsed=8.96104s written=0
  crossing 0/250
  stopped velocity row 6 IC 114 x0=0.777238 velocity_parameter=-0.873 status=collision: trajectory reached the configured collision radius
velocity row 6/120 IC 124/599 x0=0.777956 velocity_parameter=-0.873 elapsed=9.76915s written=0
  crossing 0/250
  stopped velocity row 6 IC 124 x0=0.777956 velocity_parameter=-0.873 status=collision: trajectory reached the configured collision radius
velocity row 6/120 IC 132/599 x0=0.77853 velocity_parameter=-0.873 elapsed=10.3736s written=0
  crossing 0/250
  stopped velocity row 6 IC 132 x0=0.77853 velocity_parameter=-0.873 status=collision: trajectory reached the configured collision radius
velocity row 7/120 IC 114/599 x0=0.777238 velocity_parameter=-0.856833 elapsed=10.4534s written=0
  crossing 0/250
  stopped velocity row 7 IC 114 x0=0.777238 velocity_parameter=-0.856833 status=collision: trajectory reached the configured collision radius
velocity row 7/120 IC 124/599 x0=0.777956 velocity_parameter=-0.856833 elapsed=11.2452s written=0
  crossing 0/250
  stopped velocity row 7 IC 124 x0=0.777956 velocity_parameter=-0.856833 status=collision: trajectory reached the configured collision radius
velocity row 7/120 IC 132/599 x0=0.77853 velocity_parameter=-0.856833 elapsed=11.8733s written=0
  crossing 0/250
  stopped velocity row 7 IC 132 x0=0.77853 velocity_parameter=-0.856833 status=collision: trajectory reached the configured collision radius
velocity row 8/120 IC 114/599 x0=0.777238 velocity_parameter=-0.840667 elapsed=11.9558s written=0
  crossing 0/250
  stopped velocity row 8 IC 114 x0=0.777238 velocity_parameter=-0.840667 status=collision: trajectory reached the configured collision radius
velocity row 8/120 IC 124/599 x0=0.777956 velocity_parameter=-0.840667 elapsed=12.7318s written=0
  crossing 0/250
  stopped velocity row 8 IC 124 x0=0.777956 velocity_parameter=-0.840667 status=collision: trajectory reached the configured collision radius
velocity row 8/120 IC 132/599 x0=0.77853 velocity_parameter=-0.840667 elapsed=13.331s written=0
  crossing 0/250
  stopped velocity row 8 IC 132 x0=0.77853 velocity_parameter=-0.840667 status=collision: trajectory reached the configured collision radius
velocity row 9/120 IC 114/599 x0=0.777238 velocity_parameter=-0.8245 elapsed=13.4091s written=0
  crossing 0/250
  stopped velocity row 9 IC 114 x0=0.777238 velocity_parameter=-0.8245 status=collision: trajectory reached the configured collision radius
velocity row 9/120 IC 124/599 x0=0.777956 velocity_parameter=-0.8245 elapsed=14.1541s written=0
  crossing 0/250
  stopped velocity row 9 IC 124 x0=0.777956 velocity_parameter=-0.8245 status=collision: trajectory reached the configured collision radius
velocity row 9/120 IC 132/599 x0=0.77853 velocity_parameter=-0.8245 elapsed=14.7383s written=0
  crossing 0/250
  stopped velocity row 9 IC 132 x0=0.77853 velocity_parameter=-0.8245 status=collision: trajectory reached the configured collision radius
velocity row 10/120 IC 114/599 x0=0.777238 velocity_parameter=-0.808333 elapsed=14.8132s written=0
  crossing 0/250
  stopped velocity row 10 IC 114 x0=0.777238 velocity_parameter=-0.808333 status=collision: trajectory reached the configured collision radius
velocity row 10/120 IC 124/599 x0=0.777956 velocity_parameter=-0.808333 elapsed=15.4925s written=0
  crossing 0/250
  stopped velocity row 10 IC 124 x0=0.777956 velocity_parameter=-0.808333 status=collision: trajectory reached the configured collision radius
velocity row 10/120 IC 132/599 x0=0.77853 velocity_parameter=-0.808333 elapsed=15.9687s written=0
  crossing 0/250
  stopped velocity row 10 IC 132 x0=0.77853 velocity_parameter=-0.808333 status=collision: trajectory reached the configured collision radius
velocity row 11/120 IC 114/599 x0=0.777238 velocity_parameter=-0.792167 elapsed=16.0315s written=0
  crossing 0/250
  stopped velocity row 11 IC 114 x0=0.777238 velocity_parameter=-0.792167 status=collision: trajectory reached the configured collision radius
velocity row 11/120 IC 124/599 x0=0.777956 velocity_parameter=-0.792167 elapsed=16.6616s written=0
  crossing 0/250
  stopped velocity row 11 IC 124 x0=0.777956 velocity_parameter=-0.792167 status=collision: trajectory reached the configured collision radius
velocity row 11/120 IC 132/599 x0=0.77853 velocity_parameter=-0.792167 elapsed=17.1114s written=0
  crossing 0/250
  stopped velocity row 11 IC 132 x0=0.77853 velocity_parameter=-0.792167 status=collision: trajectory reached the configured collision radius
velocity row 12/120 IC 114/599 x0=0.777238 velocity_parameter=-0.776 elapsed=17.1682s written=0
  crossing 0/250
  stopped velocity row 12 IC 114 x0=0.777238 velocity_parameter=-0.776 status=collision: trajectory reached the configured collision radius
velocity row 12/120 IC 124/599 x0=0.777956 velocity_parameter=-0.776 elapsed=17.715s written=0
  crossing 0/250
  stopped velocity row 12 IC 124 x0=0.777956 velocity_parameter=-0.776 status=collision: trajectory reached the configured collision radius
velocity row 12/120 IC 132/599 x0=0.77853 velocity_parameter=-0.776 elapsed=18.1s written=0
  crossing 0/250
  stopped velocity row 12 IC 132 x0=0.77853 velocity_parameter=-0.776 status=collision: trajectory reached the configured collision radius
velocity row 13/120 IC 114/599 x0=0.777238 velocity_parameter=-0.759833 elapsed=18.1416s written=0
  crossing 0/250
  stopped velocity row 13 IC 114 x0=0.777238 velocity_parameter=-0.759833 status=collision: trajectory reached the configured collision radius
velocity row 13/120 IC 124/599 x0=0.777956 velocity_parameter=-0.759833 elapsed=18.6366s written=0
  crossing 0/250
  stopped velocity row 13 IC 124 x0=0.777956 velocity_parameter=-0.759833 status=collision: trajectory reached the configured collision radius
velocity row 13/120 IC 132/599 x0=0.77853 velocity_parameter=-0.759833 elapsed=19.0061s written=0
  crossing 0/250
  stopped velocity row 13 IC 132 x0=0.77853 velocity_parameter=-0.759833 status=collision: trajectory reached the configured collision radius
velocity row 14/120 IC 114/599 x0=0.777238 velocity_parameter=-0.743667 elapsed=19.0463s written=0
  crossing 0/250
  stopped velocity row 14 IC 114 x0=0.777238 velocity_parameter=-0.743667 status=collision: trajectory reached the configured collision radius
velocity row 14/120 IC 124/599 x0=0.777956 velocity_parameter=-0.743667 elapsed=19.4913s written=0
  crossing 0/250
  stopped velocity row 14 IC 124 x0=0.777956 velocity_parameter=-0.743667 status=collision: trajectory reached the configured collision radius
velocity row 14/120 IC 132/599 x0=0.77853 velocity_parameter=-0.743667 elapsed=19.8802s written=0
  crossing 0/250
  stopped velocity row 14 IC 132 x0=0.77853 velocity_parameter=-0.743667 status=collision: trajectory reached the configured collision radius
velocity row 15/120 IC 114/599 x0=0.777238 velocity_parameter=-0.7275 elapsed=19.9188s written=0
  crossing 0/250
  stopped velocity row 15 IC 114 x0=0.777238 velocity_parameter=-0.7275 status=collision: trajectory reached the configured collision radius
velocity row 15/120 IC 124/599 x0=0.777956 velocity_parameter=-0.7275 elapsed=20.4155s written=0
  crossing 0/250
  stopped velocity row 15 IC 124 x0=0.777956 velocity_parameter=-0.7275 status=collision: trajectory reached the configured collision radius
velocity row 15/120 IC 132/599 x0=0.77853 velocity_parameter=-0.7275 elapsed=20.7515s written=0
  crossing 0/250
  stopped velocity row 15 IC 132 x0=0.77853 velocity_parameter=-0.7275 status=collision: trajectory reached the configured collision radius
velocity row 16/120 IC 114/599 x0=0.777238 velocity_parameter=-0.711333 elapsed=20.8185s written=0
  crossing 0/250
  stopped velocity row 16 IC 114 x0=0.777238 velocity_parameter=-0.711333 status=collision: trajectory reached the configured collision radius
velocity row 16/120 IC 124/599 x0=0.777956 velocity_parameter=-0.711333 elapsed=21.2525s written=0
  crossing 0/250
  stopped velocity row 16 IC 124 x0=0.777956 velocity_parameter=-0.711333 status=collision: trajectory reached the configured collision radius
velocity row 16/120 IC 132/599 x0=0.77853 velocity_parameter=-0.711333 elapsed=21.6366s written=0
  crossing 0/250
  stopped velocity row 16 IC 132 x0=0.77853 velocity_parameter=-0.711333 status=collision: trajectory reached the configured collision radius
velocity row 17/120 IC 114/599 x0=0.777238 velocity_parameter=-0.695167 elapsed=21.6716s written=0
  crossing 0/250
  stopped velocity row 17 IC 114 x0=0.777238 velocity_parameter=-0.695167 status=collision: trajectory reached the configured collision radius
velocity row 17/120 IC 124/599 x0=0.777956 velocity_parameter=-0.695167 elapsed=22.0845s written=0
  crossing 0/250
  stopped velocity row 17 IC 124 x0=0.777956 velocity_parameter=-0.695167 status=collision: trajectory reached the configured collision radius
velocity row 17/120 IC 132/599 x0=0.77853 velocity_parameter=-0.695167 elapsed=22.4598s written=0
  crossing 0/250
  stopped velocity row 17 IC 132 x0=0.77853 velocity_parameter=-0.695167 status=collision: trajectory reached the configured collision radius
velocity row 18/120 IC 114/599 x0=0.777238 velocity_parameter=-0.679 elapsed=22.4953s written=0
  crossing 0/250
  stopped velocity row 18 IC 114 x0=0.777238 velocity_parameter=-0.679 status=collision: trajectory reached the configured collision radius
velocity row 18/120 IC 124/599 x0=0.777956 velocity_parameter=-0.679 elapsed=23.0145s written=0
  crossing 0/250
  stopped velocity row 18 IC 124 x0=0.777956 velocity_parameter=-0.679 status=collision: trajectory reached the configured collision radius
velocity row 18/120 IC 132/599 x0=0.77853 velocity_parameter=-0.679 elapsed=23.3823s written=0
  crossing 0/250
  stopped velocity row 18 IC 132 x0=0.77853 velocity_parameter=-0.679 status=collision: trajectory reached the configured collision radius
velocity row 19/120 IC 114/599 x0=0.777238 velocity_parameter=-0.662833 elapsed=23.4414s written=0
  crossing 0/250
  stopped velocity row 19 IC 114 x0=0.777238 velocity_parameter=-0.662833 status=collision: trajectory reached the configured collision radius
velocity row 19/120 IC 124/599 x0=0.777956 velocity_parameter=-0.662833 elapsed=23.9091s written=0
  crossing 0/250
  stopped velocity row 19 IC 124 x0=0.777956 velocity_parameter=-0.662833 status=collision: trajectory reached the configured collision radius
velocity row 19/120 IC 132/599 x0=0.77853 velocity_parameter=-0.662833 elapsed=24.2787s written=0
  crossing 0/250
  stopped velocity row 19 IC 132 x0=0.77853 velocity_parameter=-0.662833 status=collision: trajectory reached the configured collision radius
velocity row 20/120 IC 114/599 x0=0.777238 velocity_parameter=-0.646667 elapsed=24.3424s written=0
  crossing 0/250
  stopped velocity row 20 IC 114 x0=0.777238 velocity_parameter=-0.646667 status=collision: trajectory reached the configured collision radius
velocity row 20/120 IC 124/599 x0=0.777956 velocity_parameter=-0.646667 elapsed=24.7264s written=0
  crossing 0/250
  stopped velocity row 20 IC 124 x0=0.777956 velocity_parameter=-0.646667 status=collision: trajectory reached the configured collision radius
velocity row 20/120 IC 132/599 x0=0.77853 velocity_parameter=-0.646667 elapsed=25.1222s written=0
  crossing 0/250
  stopped velocity row 20 IC 132 x0=0.77853 velocity_parameter=-0.646667 status=collision: trajectory reached the configured collision radius
velocity row 21/120 IC 114/599 x0=0.777238 velocity_parameter=-0.6305 elapsed=25.158s written=0
  crossing 0/250
  stopped velocity row 21 IC 114 x0=0.777238 velocity_parameter=-0.6305 status=collision: trajectory reached the configured collision radius
velocity row 21/120 IC 124/599 x0=0.777956 velocity_parameter=-0.6305 elapsed=25.5856s written=0
  crossing 0/250
  stopped velocity row 21 IC 124 x0=0.777956 velocity_parameter=-0.6305 status=collision: trajectory reached the configured collision radius
velocity row 21/120 IC 132/599 x0=0.77853 velocity_parameter=-0.6305 elapsed=25.905s written=0
  crossing 0/250
  stopped velocity row 21 IC 132 x0=0.77853 velocity_parameter=-0.6305 status=collision: trajectory reached the configured collision radius
velocity row 22/120 IC 114/599 x0=0.777238 velocity_parameter=-0.614333 elapsed=25.9402s written=0
  crossing 0/250
  stopped velocity row 22 IC 114 x0=0.777238 velocity_parameter=-0.614333 status=collision: trajectory reached the configured collision radius
velocity row 22/120 IC 124/599 x0=0.777956 velocity_parameter=-0.614333 elapsed=26.3033s written=0
  crossing 0/250
  stopped velocity row 22 IC 124 x0=0.777956 velocity_parameter=-0.614333 status=collision: trajectory reached the configured collision radius
velocity row 22/120 IC 132/599 x0=0.77853 velocity_parameter=-0.614333 elapsed=26.6392s written=0
  crossing 0/250
  stopped velocity row 22 IC 132 x0=0.77853 velocity_parameter=-0.614333 status=collision: trajectory reached the configured collision radius
velocity row 23/120 IC 114/599 x0=0.777238 velocity_parameter=-0.598167 elapsed=26.6737s written=0
  crossing 0/250
  stopped velocity row 23 IC 114 x0=0.777238 velocity_parameter=-0.598167 status=collision: trajectory reached the configured collision radius
velocity row 23/120 IC 124/599 x0=0.777956 velocity_parameter=-0.598167 elapsed=27.075s written=0
  crossing 0/250
  stopped velocity row 23 IC 124 x0=0.777956 velocity_parameter=-0.598167 status=collision: trajectory reached the configured collision radius
velocity row 23/120 IC 132/599 x0=0.77853 velocity_parameter=-0.598167 elapsed=27.3988s written=0
  crossing 0/250
  stopped velocity row 23 IC 132 x0=0.77853 velocity_parameter=-0.598167 status=collision: trajectory reached the configured collision radius
velocity row 24/120 IC 114/599 x0=0.777238 velocity_parameter=-0.582 elapsed=27.4527s written=0
  crossing 0/250
  stopped velocity row 24 IC 114 x0=0.777238 velocity_parameter=-0.582 status=collision: trajectory reached the configured collision radius
velocity row 24/120 IC 124/599 x0=0.777956 velocity_parameter=-0.582 elapsed=27.8947s written=0
  crossing 0/250
  stopped velocity row 24 IC 124 x0=0.777956 velocity_parameter=-0.582 status=collision: trajectory reached the configured collision radius
velocity row 24/120 IC 132/599 x0=0.77853 velocity_parameter=-0.582 elapsed=28.2586s written=0
  crossing 0/250
  stopped velocity row 24 IC 132 x0=0.77853 velocity_parameter=-0.582 status=collision: trajectory reached the configured collision radius
velocity row 25/120 IC 114/599 x0=0.777238 velocity_parameter=-0.565833 elapsed=28.2939s written=0
  crossing 0/250
  stopped velocity row 25 IC 114 x0=0.777238 velocity_parameter=-0.565833 status=collision: trajectory reached the configured collision radius
velocity row 25/120 IC 124/599 x0=0.777956 velocity_parameter=-0.565833 elapsed=28.6833s written=0
  crossing 0/250
  stopped velocity row 25 IC 124 x0=0.777956 velocity_parameter=-0.565833 status=collision: trajectory reached the configured collision radius
velocity row 25/120 IC 132/599 x0=0.77853 velocity_parameter=-0.565833 elapsed=29.0443s written=0
  crossing 0/250
  stopped velocity row 25 IC 132 x0=0.77853 velocity_parameter=-0.565833 status=collision: trajectory reached the configured collision radius
velocity row 26/120 IC 114/599 x0=0.777238 velocity_parameter=-0.549667 elapsed=29.0882s written=0
  crossing 0/250
  stopped velocity row 26 IC 114 x0=0.777238 velocity_parameter=-0.549667 status=collision: trajectory reached the configured collision radius
velocity row 26/120 IC 124/599 x0=0.777956 velocity_parameter=-0.549667 elapsed=29.5017s written=0
  crossing 0/250
  stopped velocity row 26 IC 124 x0=0.777956 velocity_parameter=-0.549667 status=collision: trajectory reached the configured collision radius
velocity row 26/120 IC 132/599 x0=0.77853 velocity_parameter=-0.549667 elapsed=29.8589s written=0
  crossing 0/250
  stopped velocity row 26 IC 132 x0=0.77853 velocity_parameter=-0.549667 status=collision: trajectory reached the configured collision radius
velocity row 27/120 IC 114/599 x0=0.777238 velocity_parameter=-0.5335 elapsed=29.9068s written=0
  crossing 0/250
  stopped velocity row 27 IC 114 x0=0.777238 velocity_parameter=-0.5335 status=collision: trajectory reached the configured collision radius
velocity row 27/120 IC 124/599 x0=0.777956 velocity_parameter=-0.5335 elapsed=30.352s written=0
  crossing 0/250
  stopped velocity row 27 IC 124 x0=0.777956 velocity_parameter=-0.5335 status=collision: trajectory reached the configured collision radius
velocity row 27/120 IC 132/599 x0=0.77853 velocity_parameter=-0.5335 elapsed=30.6751s written=0
  crossing 0/250
  stopped velocity row 27 IC 132 x0=0.77853 velocity_parameter=-0.5335 status=collision: trajectory reached the configured collision radius
velocity row 28/120 IC 114/599 x0=0.777238 velocity_parameter=-0.517333 elapsed=30.7102s written=0
  crossing 0/250
  stopped velocity row 28 IC 114 x0=0.777238 velocity_parameter=-0.517333 status=collision: trajectory reached the configured collision radius
velocity row 28/120 IC 124/599 x0=0.777956 velocity_parameter=-0.517333 elapsed=31.1171s written=0
  crossing 0/250
  stopped velocity row 28 IC 124 x0=0.777956 velocity_parameter=-0.517333 status=collision: trajectory reached the configured collision radius
velocity row 28/120 IC 132/599 x0=0.77853 velocity_parameter=-0.517333 elapsed=31.4149s written=0
  crossing 0/250
  stopped velocity row 28 IC 132 x0=0.77853 velocity_parameter=-0.517333 status=collision: trajectory reached the configured collision radius
velocity row 29/120 IC 114/599 x0=0.777238 velocity_parameter=-0.501167 elapsed=31.4543s written=0
  crossing 0/250
  stopped velocity row 29 IC 114 x0=0.777238 velocity_parameter=-0.501167 status=collision: trajectory reached the configured collision radius
velocity row 29/120 IC 124/599 x0=0.777956 velocity_parameter=-0.501167 elapsed=31.9235s written=0
  crossing 0/250
  stopped velocity row 29 IC 124 x0=0.777956 velocity_parameter=-0.501167 status=collision: trajectory reached the configured collision radius
velocity row 29/120 IC 132/599 x0=0.77853 velocity_parameter=-0.501167 elapsed=32.3056s written=0
  crossing 0/250
  stopped velocity row 29 IC 132 x0=0.77853 velocity_parameter=-0.501167 status=collision: trajectory reached the configured collision radius
velocity row 30/120 IC 114/599 x0=0.777238 velocity_parameter=-0.485 elapsed=32.3403s written=0
  crossing 0/250
  stopped velocity row 30 IC 114 x0=0.777238 velocity_parameter=-0.485 status=collision: trajectory reached the configured collision radius
velocity row 30/120 IC 124/599 x0=0.777956 velocity_parameter=-0.485 elapsed=32.7393s written=0
  crossing 0/250
  stopped velocity row 30 IC 124 x0=0.777956 velocity_parameter=-0.485 status=collision: trajectory reached the configured collision radius
velocity row 30/120 IC 132/599 x0=0.77853 velocity_parameter=-0.485 elapsed=33.051s written=0
  crossing 0/250
  stopped velocity row 30 IC 132 x0=0.77853 velocity_parameter=-0.485 status=collision: trajectory reached the configured collision radius
velocity row 31/120 IC 114/599 x0=0.777238 velocity_parameter=-0.468833 elapsed=33.0861s written=0
  crossing 0/250
  stopped velocity row 31 IC 114 x0=0.777238 velocity_parameter=-0.468833 status=collision: trajectory reached the configured collision radius
velocity row 31/120 IC 124/599 x0=0.777956 velocity_parameter=-0.468833 elapsed=33.4506s written=0
  crossing 0/250
  stopped velocity row 31 IC 124 x0=0.777956 velocity_parameter=-0.468833 status=collision: trajectory reached the configured collision radius
velocity row 31/120 IC 132/599 x0=0.77853 velocity_parameter=-0.468833 elapsed=33.8099s written=0
  crossing 0/250
  stopped velocity row 31 IC 132 x0=0.77853 velocity_parameter=-0.468833 status=collision: trajectory reached the configured collision radius
velocity row 32/120 IC 114/599 x0=0.777238 velocity_parameter=-0.452667 elapsed=33.8455s written=0
  crossing 0/250
  stopped velocity row 32 IC 114 x0=0.777238 velocity_parameter=-0.452667 status=collision: trajectory reached the configured collision radius
velocity row 32/120 IC 124/599 x0=0.777956 velocity_parameter=-0.452667 elapsed=34.2949s written=0
  crossing 0/250
  stopped velocity row 32 IC 124 x0=0.777956 velocity_parameter=-0.452667 status=collision: trajectory reached the configured collision radius
velocity row 32/120 IC 132/599 x0=0.77853 velocity_parameter=-0.452667 elapsed=34.6605s written=0
  crossing 0/250
  stopped velocity row 32 IC 132 x0=0.77853 velocity_parameter=-0.452667 status=collision: trajectory reached the configured collision radius
velocity row 33/120 IC 114/599 x0=0.777238 velocity_parameter=-0.4365 elapsed=34.696s written=0
  crossing 0/250
  stopped velocity row 33 IC 114 x0=0.777238 velocity_parameter=-0.4365 status=collision: trajectory reached the configured collision radius
velocity row 33/120 IC 124/599 x0=0.777956 velocity_parameter=-0.4365 elapsed=35.1308s written=0
  crossing 0/250
  stopped velocity row 33 IC 124 x0=0.777956 velocity_parameter=-0.4365 status=collision: trajectory reached the configured collision radius
velocity row 33/120 IC 132/599 x0=0.77853 velocity_parameter=-0.4365 elapsed=35.445s written=0
  crossing 0/250
  stopped velocity row 33 IC 132 x0=0.77853 velocity_parameter=-0.4365 status=collision: trajectory reached the configured collision radius
velocity row 34/120 IC 114/599 x0=0.777238 velocity_parameter=-0.420333 elapsed=35.4797s written=0
  crossing 0/250
  stopped velocity row 34 IC 114 x0=0.777238 velocity_parameter=-0.420333 status=collision: trajectory reached the configured collision radius
velocity row 34/120 IC 124/599 x0=0.777956 velocity_parameter=-0.420333 elapsed=35.901s written=0
  crossing 0/250
  stopped velocity row 34 IC 124 x0=0.777956 velocity_parameter=-0.420333 status=collision: trajectory reached the configured collision radius
velocity row 34/120 IC 132/599 x0=0.77853 velocity_parameter=-0.420333 elapsed=36.1914s written=0
  crossing 0/250
  stopped velocity row 34 IC 132 x0=0.77853 velocity_parameter=-0.420333 status=collision: trajectory reached the configured collision radius
velocity row 35/120 IC 114/599 x0=0.777238 velocity_parameter=-0.404167 elapsed=36.2486s written=0
  crossing 0/250
  stopped velocity row 35 IC 114 x0=0.777238 velocity_parameter=-0.404167 status=collision: trajectory reached the configured collision radius
velocity row 35/120 IC 124/599 x0=0.777956 velocity_parameter=-0.404167 elapsed=36.6016s written=0
  crossing 0/250
  stopped velocity row 35 IC 124 x0=0.777956 velocity_parameter=-0.404167 status=collision: trajectory reached the configured collision radius
velocity row 35/120 IC 132/599 x0=0.77853 velocity_parameter=-0.404167 elapsed=36.8852s written=0
  crossing 0/250
  stopped velocity row 35 IC 132 x0=0.77853 velocity_parameter=-0.404167 status=collision: trajectory reached the configured collision radius
velocity row 36/120 IC 114/599 x0=0.777238 velocity_parameter=-0.388 elapsed=36.9418s written=0
  crossing 0/250
  stopped velocity row 36 IC 114 x0=0.777238 velocity_parameter=-0.388 status=collision: trajectory reached the configured collision radius
velocity row 36/120 IC 124/599 x0=0.777956 velocity_parameter=-0.388 elapsed=37.3928s written=0
  crossing 0/250
  stopped velocity row 36 IC 124 x0=0.777956 velocity_parameter=-0.388 status=collision: trajectory reached the configured collision radius
velocity row 36/120 IC 132/599 x0=0.77853 velocity_parameter=-0.388 elapsed=37.6862s written=0
  crossing 0/250
  stopped velocity row 36 IC 132 x0=0.77853 velocity_parameter=-0.388 status=collision: trajectory reached the configured collision radius
velocity row 37/120 IC 114/599 x0=0.777238 velocity_parameter=-0.371833 elapsed=37.7203s written=0
  crossing 0/250
  stopped velocity row 37 IC 114 x0=0.777238 velocity_parameter=-0.371833 status=collision: trajectory reached the configured collision radius
velocity row 37/120 IC 124/599 x0=0.777956 velocity_parameter=-0.371833 elapsed=38.0855s written=0
  crossing 0/250
  stopped velocity row 37 IC 124 x0=0.777956 velocity_parameter=-0.371833 status=collision: trajectory reached the configured collision radius
velocity row 37/120 IC 132/599 x0=0.77853 velocity_parameter=-0.371833 elapsed=38.3912s written=0
  crossing 0/250
  stopped velocity row 37 IC 132 x0=0.77853 velocity_parameter=-0.371833 status=collision: trajectory reached the configured collision radius
velocity row 38/120 IC 114/599 x0=0.777238 velocity_parameter=-0.355667 elapsed=38.4249s written=0
  crossing 0/250
  stopped velocity row 38 IC 114 x0=0.777238 velocity_parameter=-0.355667 status=collision: trajectory reached the configured collision radius
velocity row 38/120 IC 124/599 x0=0.777956 velocity_parameter=-0.355667 elapsed=38.831s written=0
  crossing 0/250
  stopped velocity row 38 IC 124 x0=0.777956 velocity_parameter=-0.355667 status=collision: trajectory reached the configured collision radius
velocity row 38/120 IC 132/599 x0=0.77853 velocity_parameter=-0.355667 elapsed=39.1118s written=0
  crossing 0/250
  stopped velocity row 38 IC 132 x0=0.77853 velocity_parameter=-0.355667 status=collision: trajectory reached the configured collision radius
velocity row 39/120 IC 114/599 x0=0.777238 velocity_parameter=-0.3395 elapsed=39.1685s written=0
  crossing 0/250
  stopped velocity row 39 IC 114 x0=0.777238 velocity_parameter=-0.3395 status=collision: trajectory reached the configured collision radius
velocity row 39/120 IC 124/599 x0=0.777956 velocity_parameter=-0.3395 elapsed=39.596s written=0
  crossing 0/250
  stopped velocity row 39 IC 124 x0=0.777956 velocity_parameter=-0.3395 status=collision: trajectory reached the configured collision radius
velocity row 39/120 IC 132/599 x0=0.77853 velocity_parameter=-0.3395 elapsed=39.8852s written=0
  crossing 0/250
  stopped velocity row 39 IC 132 x0=0.77853 velocity_parameter=-0.3395 status=collision: trajectory reached the configured collision radius
velocity row 40/120 IC 114/599 x0=0.777238 velocity_parameter=-0.323333 elapsed=39.9189s written=0
  crossing 0/250
  stopped velocity row 40 IC 114 x0=0.777238 velocity_parameter=-0.323333 status=collision: trajectory reached the configured collision radius
velocity row 40/120 IC 124/599 x0=0.777956 velocity_parameter=-0.323333 elapsed=40.3303s written=0
  crossing 0/250
  stopped velocity row 40 IC 124 x0=0.777956 velocity_parameter=-0.323333 status=collision: trajectory reached the configured collision radius
velocity row 40/120 IC 132/599 x0=0.77853 velocity_parameter=-0.323333 elapsed=40.6434s written=0
  crossing 0/250
  stopped velocity row 40 IC 132 x0=0.77853 velocity_parameter=-0.323333 status=collision: trajectory reached the configured collision radius
velocity row 41/120 IC 114/599 x0=0.777238 velocity_parameter=-0.307167 elapsed=40.6764s written=0
  crossing 0/250
  stopped velocity row 41 IC 114 x0=0.777238 velocity_parameter=-0.307167 status=collision: trajectory reached the configured collision radius
velocity row 41/120 IC 124/599 x0=0.777956 velocity_parameter=-0.307167 elapsed=41.0756s written=0
  crossing 0/250
  stopped velocity row 41 IC 124 x0=0.777956 velocity_parameter=-0.307167 status=collision: trajectory reached the configured collision radius
velocity row 41/120 IC 132/599 x0=0.77853 velocity_parameter=-0.307167 elapsed=41.3959s written=0
  crossing 0/250
  stopped velocity row 41 IC 132 x0=0.77853 velocity_parameter=-0.307167 status=collision: trajectory reached the configured collision radius
velocity row 42/120 IC 114/599 x0=0.777238 velocity_parameter=-0.291 elapsed=41.4633s written=0
  crossing 0/250
  stopped velocity row 42 IC 114 x0=0.777238 velocity_parameter=-0.291 status=collision: trajectory reached the configured collision radius
velocity row 42/120 IC 124/599 x0=0.777956 velocity_parameter=-0.291 elapsed=41.8741s written=0
  crossing 0/250
  stopped velocity row 42 IC 124 x0=0.777956 velocity_parameter=-0.291 status=collision: trajectory reached the configured collision radius
velocity row 42/120 IC 132/599 x0=0.77853 velocity_parameter=-0.291 elapsed=42.1894s written=0
  crossing 0/250
  stopped velocity row 42 IC 132 x0=0.77853 velocity_parameter=-0.291 status=collision: trajectory reached the configured collision radius
velocity row 43/120 IC 114/599 x0=0.777238 velocity_parameter=-0.274833 elapsed=42.2264s written=0
  crossing 0/250
  stopped velocity row 43 IC 114 x0=0.777238 velocity_parameter=-0.274833 status=collision: trajectory reached the configured collision radius
velocity row 43/120 IC 124/599 x0=0.777956 velocity_parameter=-0.274833 elapsed=42.6555s written=0
  crossing 0/250
  stopped velocity row 43 IC 124 x0=0.777956 velocity_parameter=-0.274833 status=collision: trajectory reached the configured collision radius
velocity row 43/120 IC 132/599 x0=0.77853 velocity_parameter=-0.274833 elapsed=42.9361s written=0
  crossing 0/250
  stopped velocity row 43 IC 132 x0=0.77853 velocity_parameter=-0.274833 status=collision: trajectory reached the configured collision radius
velocity row 44/120 IC 114/599 x0=0.777238 velocity_parameter=-0.258667 elapsed=42.9724s written=0
  crossing 0/250
  stopped velocity row 44 IC 114 x0=0.777238 velocity_parameter=-0.258667 status=collision: trajectory reached the configured collision radius
velocity row 44/120 IC 124/599 x0=0.777956 velocity_parameter=-0.258667 elapsed=43.481s written=0
  crossing 0/250
  stopped velocity row 44 IC 124 x0=0.777956 velocity_parameter=-0.258667 status=collision: trajectory reached the configured collision radius
velocity row 44/120 IC 132/599 x0=0.77853 velocity_parameter=-0.258667 elapsed=43.798s written=0
  crossing 0/250
  stopped velocity row 44 IC 132 x0=0.77853 velocity_parameter=-0.258667 status=collision: trajectory reached the configured collision radius
velocity row 45/120 IC 114/599 x0=0.777238 velocity_parameter=-0.2425 elapsed=43.8353s written=0
  crossing 0/250
  stopped velocity row 45 IC 114 x0=0.777238 velocity_parameter=-0.2425 status=collision: trajectory reached the configured collision radius
velocity row 45/120 IC 124/599 x0=0.777956 velocity_parameter=-0.2425 elapsed=44.2231s written=0
  crossing 0/250
  stopped velocity row 45 IC 124 x0=0.777956 velocity_parameter=-0.2425 status=collision: trajectory reached the configured collision radius
velocity row 45/120 IC 132/599 x0=0.77853 velocity_parameter=-0.2425 elapsed=44.5563s written=0
  crossing 0/250
  stopped velocity row 45 IC 132 x0=0.77853 velocity_parameter=-0.2425 status=collision: trajectory reached the configured collision radius
velocity row 46/120 IC 114/599 x0=0.777238 velocity_parameter=-0.226333 elapsed=44.5906s written=0
  crossing 0/250
  stopped velocity row 46 IC 114 x0=0.777238 velocity_parameter=-0.226333 status=collision: trajectory reached the configured collision radius
velocity row 46/120 IC 124/599 x0=0.777956 velocity_parameter=-0.226333 elapsed=45.0738s written=0
  crossing 0/250
  stopped velocity row 46 IC 124 x0=0.777956 velocity_parameter=-0.226333 status=collision: trajectory reached the configured collision radius
velocity row 46/120 IC 132/599 x0=0.77853 velocity_parameter=-0.226333 elapsed=45.3855s written=0
  crossing 0/250
  stopped velocity row 46 IC 132 x0=0.77853 velocity_parameter=-0.226333 status=collision: trajectory reached the configured collision radius
velocity row 47/120 IC 114/599 x0=0.777238 velocity_parameter=-0.210167 elapsed=45.4202s written=0
  crossing 0/250
  stopped velocity row 47 IC 114 x0=0.777238 velocity_parameter=-0.210167 status=collision: trajectory reached the configured collision radius
velocity row 47/120 IC 124/599 x0=0.777956 velocity_parameter=-0.210167 elapsed=45.8025s written=0
  crossing 0/250
  stopped velocity row 47 IC 124 x0=0.777956 velocity_parameter=-0.210167 status=collision: trajectory reached the configured collision radius
velocity row 47/120 IC 132/599 x0=0.77853 velocity_parameter=-0.210167 elapsed=46.114s written=0
  crossing 0/250
  stopped velocity row 47 IC 132 x0=0.77853 velocity_parameter=-0.210167 status=collision: trajectory reached the configured collision radius
velocity row 48/120 IC 114/599 x0=0.777238 velocity_parameter=-0.194 elapsed=46.149s written=0
  crossing 0/250
  stopped velocity row 48 IC 114 x0=0.777238 velocity_parameter=-0.194 status=collision: trajectory reached the configured collision radius
velocity row 48/120 IC 124/599 x0=0.777956 velocity_parameter=-0.194 elapsed=46.5706s written=0
  crossing 0/250
  stopped velocity row 48 IC 124 x0=0.777956 velocity_parameter=-0.194 status=collision: trajectory reached the configured collision radius
velocity row 48/120 IC 132/599 x0=0.77853 velocity_parameter=-0.194 elapsed=46.9072s written=0
  crossing 0/250
  stopped velocity row 48 IC 132 x0=0.77853 velocity_parameter=-0.194 status=collision: trajectory reached the configured collision radius
velocity row 49/120 IC 114/599 x0=0.777238 velocity_parameter=-0.177833 elapsed=46.959s written=0
  crossing 0/250
  stopped velocity row 49 IC 114 x0=0.777238 velocity_parameter=-0.177833 status=collision: trajectory reached the configured collision radius
velocity row 49/120 IC 124/599 x0=0.777956 velocity_parameter=-0.177833 elapsed=47.3411s written=0
  crossing 0/250
  stopped velocity row 49 IC 124 x0=0.777956 velocity_parameter=-0.177833 status=collision: trajectory reached the configured collision radius
velocity row 49/120 IC 132/599 x0=0.77853 velocity_parameter=-0.177833 elapsed=47.725s written=0
  crossing 0/250
  stopped velocity row 49 IC 132 x0=0.77853 velocity_parameter=-0.177833 status=collision: trajectory reached the configured collision radius
velocity row 50/120 IC 114/599 x0=0.777238 velocity_parameter=-0.161667 elapsed=47.7593s written=0
  crossing 0/250
  stopped velocity row 50 IC 114 x0=0.777238 velocity_parameter=-0.161667 status=collision: trajectory reached the configured collision radius
velocity row 50/120 IC 124/599 x0=0.777956 velocity_parameter=-0.161667 elapsed=48.1313s written=0
  crossing 0/250
  stopped velocity row 50 IC 124 x0=0.777956 velocity_parameter=-0.161667 status=collision: trajectory reached the configured collision radius
velocity row 50/120 IC 132/599 x0=0.77853 velocity_parameter=-0.161667 elapsed=48.5077s written=0
  crossing 0/250
  stopped velocity row 50 IC 132 x0=0.77853 velocity_parameter=-0.161667 status=collision: trajectory reached the configured collision radius
velocity row 51/120 IC 114/599 x0=0.777238 velocity_parameter=-0.1455 elapsed=48.5708s written=0
  crossing 0/250
  stopped velocity row 51 IC 114 x0=0.777238 velocity_parameter=-0.1455 status=collision: trajectory reached the configured collision radius
velocity row 51/120 IC 124/599 x0=0.777956 velocity_parameter=-0.1455 elapsed=48.9613s written=0
  crossing 0/250
  stopped velocity row 51 IC 124 x0=0.777956 velocity_parameter=-0.1455 status=collision: trajectory reached the configured collision radius
velocity row 51/120 IC 132/599 x0=0.77853 velocity_parameter=-0.1455 elapsed=49.3323s written=0
  crossing 0/250
  stopped velocity row 51 IC 132 x0=0.77853 velocity_parameter=-0.1455 status=collision: trajectory reached the configured collision radius
velocity row 52/120 IC 114/599 x0=0.777238 velocity_parameter=-0.129333 elapsed=49.3663s written=0
  crossing 0/250
  stopped velocity row 52 IC 114 x0=0.777238 velocity_parameter=-0.129333 status=collision: trajectory reached the configured collision radius
velocity row 52/120 IC 124/599 x0=0.777956 velocity_parameter=-0.129333 elapsed=49.7189s written=0
  crossing 0/250
  stopped velocity row 52 IC 124 x0=0.777956 velocity_parameter=-0.129333 status=collision: trajectory reached the configured collision radius
velocity row 52/120 IC 132/599 x0=0.77853 velocity_parameter=-0.129333 elapsed=50.0761s written=0
  crossing 0/250
  stopped velocity row 52 IC 132 x0=0.77853 velocity_parameter=-0.129333 status=collision: trajectory reached the configured collision radius
velocity row 53/120 IC 114/599 x0=0.777238 velocity_parameter=-0.113167 elapsed=50.1106s written=0
  crossing 0/250
  stopped velocity row 53 IC 114 x0=0.777238 velocity_parameter=-0.113167 status=collision: trajectory reached the configured collision radius
velocity row 53/120 IC 124/599 x0=0.777956 velocity_parameter=-0.113167 elapsed=50.468s written=0
  crossing 0/250
  stopped velocity row 53 IC 124 x0=0.777956 velocity_parameter=-0.113167 status=collision: trajectory reached the configured collision radius
velocity row 53/120 IC 132/599 x0=0.77853 velocity_parameter=-0.113167 elapsed=50.7493s written=0
  crossing 0/250
  stopped velocity row 53 IC 132 x0=0.77853 velocity_parameter=-0.113167 status=collision: trajectory reached the configured collision radius
velocity row 54/120 IC 114/599 x0=0.777238 velocity_parameter=-0.097 elapsed=50.7831s written=0
  crossing 0/250
  stopped velocity row 54 IC 114 x0=0.777238 velocity_parameter=-0.097 status=collision: trajectory reached the configured collision radius
velocity row 54/120 IC 124/599 x0=0.777956 velocity_parameter=-0.097 elapsed=51.2109s written=0
  crossing 0/250
  stopped velocity row 54 IC 124 x0=0.777956 velocity_parameter=-0.097 status=collision: trajectory reached the configured collision radius
velocity row 54/120 IC 132/599 x0=0.77853 velocity_parameter=-0.097 elapsed=51.5367s written=0
  crossing 0/250
  stopped velocity row 54 IC 132 x0=0.77853 velocity_parameter=-0.097 status=collision: trajectory reached the configured collision radius
velocity row 55/120 IC 114/599 x0=0.777238 velocity_parameter=-0.0808333 elapsed=51.5792s written=0
  crossing 0/250
  stopped velocity row 55 IC 114 x0=0.777238 velocity_parameter=-0.0808333 status=collision: trajectory reached the configured collision radius
velocity row 55/120 IC 124/599 x0=0.777956 velocity_parameter=-0.0808333 elapsed=51.983s written=0
  crossing 0/250
  stopped velocity row 55 IC 124 x0=0.777956 velocity_parameter=-0.0808333 status=collision: trajectory reached the configured collision radius
velocity row 55/120 IC 132/599 x0=0.77853 velocity_parameter=-0.0808333 elapsed=52.2938s written=0
  crossing 0/250
  stopped velocity row 55 IC 132 x0=0.77853 velocity_parameter=-0.0808333 status=collision: trajectory reached the configured collision radius
velocity row 56/120 IC 114/599 x0=0.777238 velocity_parameter=-0.0646667 elapsed=52.3288s written=0
  crossing 0/250
  stopped velocity row 56 IC 114 x0=0.777238 velocity_parameter=-0.0646667 status=collision: trajectory reached the configured collision radius
velocity row 56/120 IC 124/599 x0=0.777956 velocity_parameter=-0.0646667 elapsed=52.6989s written=0
  crossing 0/250
  stopped velocity row 56 IC 124 x0=0.777956 velocity_parameter=-0.0646667 status=collision: trajectory reached the configured collision radius
velocity row 56/120 IC 132/599 x0=0.77853 velocity_parameter=-0.0646667 elapsed=53.0185s written=0
  crossing 0/250
  stopped velocity row 56 IC 132 x0=0.77853 velocity_parameter=-0.0646667 status=collision: trajectory reached the configured collision radius
velocity row 57/120 IC 114/599 x0=0.777238 velocity_parameter=-0.0485 elapsed=53.0553s written=0
  crossing 0/250
  stopped velocity row 57 IC 114 x0=0.777238 velocity_parameter=-0.0485 status=collision: trajectory reached the configured collision radius
velocity row 57/120 IC 124/599 x0=0.777956 velocity_parameter=-0.0485 elapsed=53.4344s written=0
  crossing 0/250
  stopped velocity row 57 IC 124 x0=0.777956 velocity_parameter=-0.0485 status=collision: trajectory reached the configured collision radius
velocity row 57/120 IC 132/599 x0=0.77853 velocity_parameter=-0.0485 elapsed=53.756s written=0
  crossing 0/250
  stopped velocity row 57 IC 132 x0=0.77853 velocity_parameter=-0.0485 status=collision: trajectory reached the configured collision radius
velocity row 58/120 IC 114/599 x0=0.777238 velocity_parameter=-0.0323333 elapsed=53.7904s written=0
  crossing 0/250
  stopped velocity row 58 IC 114 x0=0.777238 velocity_parameter=-0.0323333 status=collision: trajectory reached the configured collision radius
velocity row 58/120 IC 124/599 x0=0.777956 velocity_parameter=-0.0323333 elapsed=54.1675s written=0
  crossing 0/250
  stopped velocity row 58 IC 124 x0=0.777956 velocity_parameter=-0.0323333 status=collision: trajectory reached the configured collision radius
velocity row 58/120 IC 132/599 x0=0.77853 velocity_parameter=-0.0323333 elapsed=54.5077s written=0
  crossing 0/250
  stopped velocity row 58 IC 132 x0=0.77853 velocity_parameter=-0.0323333 status=collision: trajectory reached the configured collision radius
velocity row 59/120 IC 114/599 x0=0.777238 velocity_parameter=-0.0161667 elapsed=54.5421s written=0
  crossing 0/250
  stopped velocity row 59 IC 114 x0=0.777238 velocity_parameter=-0.0161667 status=collision: trajectory reached the configured collision radius
velocity row 59/120 IC 124/599 x0=0.777956 velocity_parameter=-0.0161667 elapsed=54.9345s written=0
  crossing 0/250
  stopped velocity row 59 IC 124 x0=0.777956 velocity_parameter=-0.0161667 status=collision: trajectory reached the configured collision radius
velocity row 59/120 IC 132/599 x0=0.77853 velocity_parameter=-0.0161667 elapsed=55.2213s written=0
  crossing 0/250
  stopped velocity row 59 IC 132 x0=0.77853 velocity_parameter=-0.0161667 status=collision: trajectory reached the configured collision radius
velocity row 60/120 IC 114/599 x0=0.777238 velocity_parameter=0 elapsed=55.2551s written=0
  crossing 0/250
  stopped velocity row 60 IC 114 x0=0.777238 velocity_parameter=0 status=collision: trajectory reached the configured collision radius
velocity row 60/120 IC 124/599 x0=0.777956 velocity_parameter=0 elapsed=55.6219s written=0
  crossing 0/250
  stopped velocity row 60 IC 124 x0=0.777956 velocity_parameter=0 status=collision: trajectory reached the configured collision radius
velocity row 60/120 IC 132/599 x0=0.77853 velocity_parameter=0 elapsed=55.9437s written=0
  crossing 0/250
  stopped velocity row 60 IC 132 x0=0.77853 velocity_parameter=0 status=collision: trajectory reached the configured collision radius
velocity row 61/120 IC 114/599 x0=0.777238 velocity_parameter=0.0161667 elapsed=55.9925s written=0
  crossing 0/250
  stopped velocity row 61 IC 114 x0=0.777238 velocity_parameter=0.0161667 status=collision: trajectory reached the configured collision radius
velocity row 61/120 IC 124/599 x0=0.777956 velocity_parameter=0.0161667 elapsed=56.3766s written=0
  crossing 0/250
  stopped velocity row 61 IC 124 x0=0.777956 velocity_parameter=0.0161667 status=collision: trajectory reached the configured collision radius
velocity row 61/120 IC 132/599 x0=0.77853 velocity_parameter=0.0161667 elapsed=56.7087s written=0
  crossing 0/250
  stopped velocity row 61 IC 132 x0=0.77853 velocity_parameter=0.0161667 status=collision: trajectory reached the configured collision radius
velocity row 62/120 IC 114/599 x0=0.777238 velocity_parameter=0.0323333 elapsed=56.7429s written=0
  crossing 0/250
  stopped velocity row 62 IC 114 x0=0.777238 velocity_parameter=0.0323333 status=collision: trajectory reached the configured collision radius
velocity row 62/120 IC 124/599 x0=0.777956 velocity_parameter=0.0323333 elapsed=57.1979s written=0
  crossing 0/250
  stopped velocity row 62 IC 124 x0=0.777956 velocity_parameter=0.0323333 status=collision: trajectory reached the configured collision radius
velocity row 62/120 IC 132/599 x0=0.77853 velocity_parameter=0.0323333 elapsed=57.5261s written=0
  crossing 0/250
  stopped velocity row 62 IC 132 x0=0.77853 velocity_parameter=0.0323333 status=collision: trajectory reached the configured collision radius
velocity row 63/120 IC 114/599 x0=0.777238 velocity_parameter=0.0485 elapsed=57.5632s written=0
  crossing 0/250
  stopped velocity row 63 IC 114 x0=0.777238 velocity_parameter=0.0485 status=collision: trajectory reached the configured collision radius
velocity row 63/120 IC 124/599 x0=0.777956 velocity_parameter=0.0485 elapsed=57.9482s written=0
  crossing 0/250
  stopped velocity row 63 IC 124 x0=0.777956 velocity_parameter=0.0485 status=collision: trajectory reached the configured collision radius
velocity row 63/120 IC 132/599 x0=0.77853 velocity_parameter=0.0485 elapsed=58.2509s written=0
  crossing 0/250
  stopped velocity row 63 IC 132 x0=0.77853 velocity_parameter=0.0485 status=collision: trajectory reached the configured collision radius
velocity row 64/120 IC 114/599 x0=0.777238 velocity_parameter=0.0646667 elapsed=58.2927s written=0
  crossing 0/250
  stopped velocity row 64 IC 114 x0=0.777238 velocity_parameter=0.0646667 status=collision: trajectory reached the configured collision radius
velocity row 64/120 IC 124/599 x0=0.777956 velocity_parameter=0.0646667 elapsed=58.7476s written=0
  crossing 0/250
  stopped velocity row 64 IC 124 x0=0.777956 velocity_parameter=0.0646667 status=collision: trajectory reached the configured collision radius
velocity row 64/120 IC 132/599 x0=0.77853 velocity_parameter=0.0646667 elapsed=59.0643s written=0
  crossing 0/250
  stopped velocity row 64 IC 132 x0=0.77853 velocity_parameter=0.0646667 status=collision: trajectory reached the configured collision radius
velocity row 65/120 IC 114/599 x0=0.777238 velocity_parameter=0.0808333 elapsed=59.1138s written=0
  crossing 0/250
  stopped velocity row 65 IC 114 x0=0.777238 velocity_parameter=0.0808333 status=collision: trajectory reached the configured collision radius
velocity row 65/120 IC 124/599 x0=0.777956 velocity_parameter=0.0808333 elapsed=59.4881s written=0
  crossing 0/250
  stopped velocity row 65 IC 124 x0=0.777956 velocity_parameter=0.0808333 status=collision: trajectory reached the configured collision radius
velocity row 65/120 IC 132/599 x0=0.77853 velocity_parameter=0.0808333 elapsed=59.7985s written=0
  crossing 0/250
  stopped velocity row 65 IC 132 x0=0.77853 velocity_parameter=0.0808333 status=collision: trajectory reached the configured collision radius
velocity row 66/120 IC 114/599 x0=0.777238 velocity_parameter=0.097 elapsed=59.853s written=0
  crossing 0/250
  stopped velocity row 66 IC 114 x0=0.777238 velocity_parameter=0.097 status=collision: trajectory reached the configured collision radius
velocity row 66/120 IC 124/599 x0=0.777956 velocity_parameter=0.097 elapsed=60.2366s written=0
  crossing 0/250
  stopped velocity row 66 IC 124 x0=0.777956 velocity_parameter=0.097 status=collision: trajectory reached the configured collision radius
velocity row 66/120 IC 132/599 x0=0.77853 velocity_parameter=0.097 elapsed=60.5636s written=0
  crossing 0/250
  stopped velocity row 66 IC 132 x0=0.77853 velocity_parameter=0.097 status=collision: trajectory reached the configured collision radius
velocity row 67/120 IC 114/599 x0=0.777238 velocity_parameter=0.113167 elapsed=60.5989s written=0
  crossing 0/250
  stopped velocity row 67 IC 114 x0=0.777238 velocity_parameter=0.113167 status=collision: trajectory reached the configured collision radius
velocity row 67/120 IC 124/599 x0=0.777956 velocity_parameter=0.113167 elapsed=61.0287s written=0
  crossing 0/250
  stopped velocity row 67 IC 124 x0=0.777956 velocity_parameter=0.113167 status=collision: trajectory reached the configured collision radius
velocity row 67/120 IC 132/599 x0=0.77853 velocity_parameter=0.113167 elapsed=61.3135s written=0
  crossing 0/250
  stopped velocity row 67 IC 132 x0=0.77853 velocity_parameter=0.113167 status=collision: trajectory reached the configured collision radius
velocity row 68/120 IC 114/599 x0=0.777238 velocity_parameter=0.129333 elapsed=61.3484s written=0
  crossing 0/250
  stopped velocity row 68 IC 114 x0=0.777238 velocity_parameter=0.129333 status=collision: trajectory reached the configured collision radius
velocity row 68/120 IC 124/599 x0=0.777956 velocity_parameter=0.129333 elapsed=61.7219s written=0
  crossing 0/250
  stopped velocity row 68 IC 124 x0=0.777956 velocity_parameter=0.129333 status=collision: trajectory reached the configured collision radius
velocity row 68/120 IC 132/599 x0=0.77853 velocity_parameter=0.129333 elapsed=62.0369s written=0
  crossing 0/250
  stopped velocity row 68 IC 132 x0=0.77853 velocity_parameter=0.129333 status=collision: trajectory reached the configured collision radius
velocity row 69/120 IC 114/599 x0=0.777238 velocity_parameter=0.1455 elapsed=62.0716s written=0
  crossing 0/250
  stopped velocity row 69 IC 114 x0=0.777238 velocity_parameter=0.1455 status=collision: trajectory reached the configured collision radius
velocity row 69/120 IC 124/599 x0=0.777956 velocity_parameter=0.1455 elapsed=62.4435s written=0
  crossing 0/250
  stopped velocity row 69 IC 124 x0=0.777956 velocity_parameter=0.1455 status=collision: trajectory reached the configured collision radius
velocity row 69/120 IC 132/599 x0=0.77853 velocity_parameter=0.1455 elapsed=62.7189s written=0
  crossing 0/250
  stopped velocity row 69 IC 132 x0=0.77853 velocity_parameter=0.1455 status=collision: trajectory reached the configured collision radius
velocity row 70/120 IC 114/599 x0=0.777238 velocity_parameter=0.161667 elapsed=62.7542s written=0
  crossing 0/250
  stopped velocity row 70 IC 114 x0=0.777238 velocity_parameter=0.161667 status=collision: trajectory reached the configured collision radius
velocity row 70/120 IC 124/599 x0=0.777956 velocity_parameter=0.161667 elapsed=63.1296s written=0
  crossing 0/250
  stopped velocity row 70 IC 124 x0=0.777956 velocity_parameter=0.161667 status=collision: trajectory reached the configured collision radius
velocity row 70/120 IC 132/599 x0=0.77853 velocity_parameter=0.161667 elapsed=63.4431s written=0
  crossing 0/250
  stopped velocity row 70 IC 132 x0=0.77853 velocity_parameter=0.161667 status=collision: trajectory reached the configured collision radius
velocity row 71/120 IC 114/599 x0=0.777238 velocity_parameter=0.177833 elapsed=63.4773s written=0
  crossing 0/250
  stopped velocity row 71 IC 114 x0=0.777238 velocity_parameter=0.177833 status=collision: trajectory reached the configured collision radius
velocity row 71/120 IC 124/599 x0=0.777956 velocity_parameter=0.177833 elapsed=63.8249s written=0
  crossing 0/250
  stopped velocity row 71 IC 124 x0=0.777956 velocity_parameter=0.177833 status=collision: trajectory reached the configured collision radius
velocity row 71/120 IC 132/599 x0=0.77853 velocity_parameter=0.177833 elapsed=64.1107s written=0
  crossing 0/250
  stopped velocity row 71 IC 132 x0=0.77853 velocity_parameter=0.177833 status=collision: trajectory reached the configured collision radius
velocity row 72/120 IC 114/599 x0=0.777238 velocity_parameter=0.194 elapsed=64.1463s written=0
  crossing 0/250
  stopped velocity row 72 IC 114 x0=0.777238 velocity_parameter=0.194 status=collision: trajectory reached the configured collision radius
velocity row 72/120 IC 124/599 x0=0.777956 velocity_parameter=0.194 elapsed=64.5216s written=0
  crossing 0/250
  stopped velocity row 72 IC 124 x0=0.777956 velocity_parameter=0.194 status=collision: trajectory reached the configured collision radius
velocity row 72/120 IC 132/599 x0=0.77853 velocity_parameter=0.194 elapsed=64.8367s written=0
  crossing 0/250
  stopped velocity row 72 IC 132 x0=0.77853 velocity_parameter=0.194 status=collision: trajectory reached the configured collision radius
velocity row 73/120 IC 114/599 x0=0.777238 velocity_parameter=0.210167 elapsed=64.8993s written=0
  crossing 0/250
  stopped velocity row 73 IC 114 x0=0.777238 velocity_parameter=0.210167 status=collision: trajectory reached the configured collision radius
velocity row 73/120 IC 124/599 x0=0.777956 velocity_parameter=0.210167 elapsed=65.2784s written=0
  crossing 0/250
  stopped velocity row 73 IC 124 x0=0.777956 velocity_parameter=0.210167 status=collision: trajectory reached the configured collision radius
velocity row 73/120 IC 132/599 x0=0.77853 velocity_parameter=0.210167 elapsed=65.5874s written=0
  crossing 0/250
  stopped velocity row 73 IC 132 x0=0.77853 velocity_parameter=0.210167 status=collision: trajectory reached the configured collision radius
velocity row 74/120 IC 114/599 x0=0.777238 velocity_parameter=0.226333 elapsed=65.6246s written=0
  crossing 0/250
  stopped velocity row 74 IC 114 x0=0.777238 velocity_parameter=0.226333 status=collision: trajectory reached the configured collision radius
velocity row 74/120 IC 124/599 x0=0.777956 velocity_parameter=0.226333 elapsed=65.9717s written=0
  crossing 0/250
  stopped velocity row 74 IC 124 x0=0.777956 velocity_parameter=0.226333 status=collision: trajectory reached the configured collision radius
velocity row 74/120 IC 132/599 x0=0.77853 velocity_parameter=0.226333 elapsed=66.2752s written=0
  crossing 0/250
  stopped velocity row 74 IC 132 x0=0.77853 velocity_parameter=0.226333 status=collision: trajectory reached the configured collision radius
velocity row 75/120 IC 114/599 x0=0.777238 velocity_parameter=0.2425 elapsed=66.3293s written=0
  crossing 0/250
  stopped velocity row 75 IC 114 x0=0.777238 velocity_parameter=0.2425 status=collision: trajectory reached the configured collision radius
velocity row 75/120 IC 124/599 x0=0.777956 velocity_parameter=0.2425 elapsed=66.6961s written=0
  crossing 0/250
  stopped velocity row 75 IC 124 x0=0.777956 velocity_parameter=0.2425 status=collision: trajectory reached the configured collision radius
velocity row 75/120 IC 132/599 x0=0.77853 velocity_parameter=0.2425 elapsed=66.9738s written=0
  crossing 0/250
  stopped velocity row 75 IC 132 x0=0.77853 velocity_parameter=0.2425 status=collision: trajectory reached the configured collision radius
velocity row 76/120 IC 114/599 x0=0.777238 velocity_parameter=0.258667 elapsed=67.0112s written=0
  crossing 0/250
  stopped velocity row 76 IC 114 x0=0.777238 velocity_parameter=0.258667 status=collision: trajectory reached the configured collision radius
velocity row 76/120 IC 124/599 x0=0.777956 velocity_parameter=0.258667 elapsed=67.47s written=0
  crossing 0/250
  stopped velocity row 76 IC 124 x0=0.777956 velocity_parameter=0.258667 status=collision: trajectory reached the configured collision radius
velocity row 76/120 IC 132/599 x0=0.77853 velocity_parameter=0.258667 elapsed=67.7738s written=0
  crossing 0/250
  stopped velocity row 76 IC 132 x0=0.77853 velocity_parameter=0.258667 status=collision: trajectory reached the configured collision radius
velocity row 77/120 IC 114/599 x0=0.777238 velocity_parameter=0.274833 elapsed=67.8083s written=0
  crossing 0/250
  stopped velocity row 77 IC 114 x0=0.777238 velocity_parameter=0.274833 status=collision: trajectory reached the configured collision radius
velocity row 77/120 IC 124/599 x0=0.777956 velocity_parameter=0.274833 elapsed=68.1823s written=0
  crossing 0/250
  stopped velocity row 77 IC 124 x0=0.777956 velocity_parameter=0.274833 status=collision: trajectory reached the configured collision radius
velocity row 77/120 IC 132/599 x0=0.77853 velocity_parameter=0.274833 elapsed=68.4899s written=0
  crossing 0/250
  stopped velocity row 77 IC 132 x0=0.77853 velocity_parameter=0.274833 status=collision: trajectory reached the configured collision radius
velocity row 78/120 IC 114/599 x0=0.777238 velocity_parameter=0.291 elapsed=68.5252s written=0
  crossing 0/250
  stopped velocity row 78 IC 114 x0=0.777238 velocity_parameter=0.291 status=collision: trajectory reached the configured collision radius
velocity row 78/120 IC 124/599 x0=0.777956 velocity_parameter=0.291 elapsed=68.9049s written=0
  crossing 0/250
  stopped velocity row 78 IC 124 x0=0.777956 velocity_parameter=0.291 status=collision: trajectory reached the configured collision radius
velocity row 78/120 IC 132/599 x0=0.77853 velocity_parameter=0.291 elapsed=69.1812s written=0
  crossing 0/250
  stopped velocity row 78 IC 132 x0=0.77853 velocity_parameter=0.291 status=collision: trajectory reached the configured collision radius
velocity row 79/120 IC 114/599 x0=0.777238 velocity_parameter=0.307167 elapsed=69.2161s written=0
  crossing 0/250
  stopped velocity row 79 IC 114 x0=0.777238 velocity_parameter=0.307167 status=collision: trajectory reached the configured collision radius
velocity row 79/120 IC 124/599 x0=0.777956 velocity_parameter=0.307167 elapsed=69.6027s written=0
  crossing 0/250
  stopped velocity row 79 IC 124 x0=0.777956 velocity_parameter=0.307167 status=collision: trajectory reached the configured collision radius
velocity row 79/120 IC 132/599 x0=0.77853 velocity_parameter=0.307167 elapsed=69.8891s written=0
  crossing 0/250
  stopped velocity row 79 IC 132 x0=0.77853 velocity_parameter=0.307167 status=collision: trajectory reached the configured collision radius
velocity row 80/120 IC 114/599 x0=0.777238 velocity_parameter=0.323333 elapsed=69.9238s written=0
  crossing 0/250
  stopped velocity row 80 IC 114 x0=0.777238 velocity_parameter=0.323333 status=collision: trajectory reached the configured collision radius
velocity row 80/120 IC 124/599 x0=0.777956 velocity_parameter=0.323333 elapsed=70.3244s written=0
  crossing 0/250
  stopped velocity row 80 IC 124 x0=0.777956 velocity_parameter=0.323333 status=collision: trajectory reached the configured collision radius
velocity row 80/120 IC 132/599 x0=0.77853 velocity_parameter=0.323333 elapsed=70.6715s written=0
  crossing 0/250
  stopped velocity row 80 IC 132 x0=0.77853 velocity_parameter=0.323333 status=collision: trajectory reached the configured collision radius
velocity row 81/120 IC 114/599 x0=0.777238 velocity_parameter=0.3395 elapsed=70.7326s written=0
  crossing 0/250
  stopped velocity row 81 IC 114 x0=0.777238 velocity_parameter=0.3395 status=collision: trajectory reached the configured collision radius
velocity row 81/120 IC 124/599 x0=0.777956 velocity_parameter=0.3395 elapsed=71.1088s written=0
  crossing 0/250
  stopped velocity row 81 IC 124 x0=0.777956 velocity_parameter=0.3395 status=collision: trajectory reached the configured collision radius
velocity row 81/120 IC 132/599 x0=0.77853 velocity_parameter=0.3395 elapsed=71.384s written=0
  crossing 0/250
  stopped velocity row 81 IC 132 x0=0.77853 velocity_parameter=0.3395 status=collision: trajectory reached the configured collision radius
velocity row 82/120 IC 114/599 x0=0.777238 velocity_parameter=0.355667 elapsed=71.4261s written=0
  crossing 0/250
  stopped velocity row 82 IC 114 x0=0.777238 velocity_parameter=0.355667 status=collision: trajectory reached the configured collision radius
velocity row 82/120 IC 124/599 x0=0.777956 velocity_parameter=0.355667 elapsed=71.7814s written=0
  crossing 0/250
  stopped velocity row 82 IC 124 x0=0.777956 velocity_parameter=0.355667 status=collision: trajectory reached the configured collision radius
velocity row 82/120 IC 132/599 x0=0.77853 velocity_parameter=0.355667 elapsed=72.0639s written=0
  crossing 0/250
  stopped velocity row 82 IC 132 x0=0.77853 velocity_parameter=0.355667 status=collision: trajectory reached the configured collision radius
velocity row 83/120 IC 114/599 x0=0.777238 velocity_parameter=0.371833 elapsed=72.122s written=0
  crossing 0/250
  stopped velocity row 83 IC 114 x0=0.777238 velocity_parameter=0.371833 status=collision: trajectory reached the configured collision radius
velocity row 83/120 IC 124/599 x0=0.777956 velocity_parameter=0.371833 elapsed=72.5037s written=0
  crossing 0/250
  stopped velocity row 83 IC 124 x0=0.777956 velocity_parameter=0.371833 status=collision: trajectory reached the configured collision radius
velocity row 83/120 IC 132/599 x0=0.77853 velocity_parameter=0.371833 elapsed=72.8141s written=0
  crossing 0/250
  stopped velocity row 83 IC 132 x0=0.77853 velocity_parameter=0.371833 status=collision: trajectory reached the configured collision radius
velocity row 84/120 IC 114/599 x0=0.777238 velocity_parameter=0.388 elapsed=72.8477s written=0
  crossing 0/250
  stopped velocity row 84 IC 114 x0=0.777238 velocity_parameter=0.388 status=collision: trajectory reached the configured collision radius
velocity row 84/120 IC 124/599 x0=0.777956 velocity_parameter=0.388 elapsed=73.2081s written=0
  crossing 0/250
  stopped velocity row 84 IC 124 x0=0.777956 velocity_parameter=0.388 status=collision: trajectory reached the configured collision radius
velocity row 84/120 IC 132/599 x0=0.77853 velocity_parameter=0.388 elapsed=73.4984s written=0
  crossing 0/250
  stopped velocity row 84 IC 132 x0=0.77853 velocity_parameter=0.388 status=collision: trajectory reached the configured collision radius
velocity row 85/120 IC 114/599 x0=0.777238 velocity_parameter=0.404167 elapsed=73.5337s written=0
  crossing 0/250
  stopped velocity row 85 IC 114 x0=0.777238 velocity_parameter=0.404167 status=collision: trajectory reached the configured collision radius
velocity row 85/120 IC 124/599 x0=0.777956 velocity_parameter=0.404167 elapsed=73.9293s written=0
  crossing 0/250
  stopped velocity row 85 IC 124 x0=0.777956 velocity_parameter=0.404167 status=collision: trajectory reached the configured collision radius
velocity row 85/120 IC 132/599 x0=0.77853 velocity_parameter=0.404167 elapsed=74.2146s written=0
  crossing 0/250
  stopped velocity row 85 IC 132 x0=0.77853 velocity_parameter=0.404167 status=collision: trajectory reached the configured collision radius
velocity row 86/120 IC 114/599 x0=0.777238 velocity_parameter=0.420333 elapsed=74.2484s written=0
  crossing 0/250
  stopped velocity row 86 IC 114 x0=0.777238 velocity_parameter=0.420333 status=collision: trajectory reached the configured collision radius
velocity row 86/120 IC 124/599 x0=0.777956 velocity_parameter=0.420333 elapsed=74.6085s written=0
  crossing 0/250
  stopped velocity row 86 IC 124 x0=0.777956 velocity_parameter=0.420333 status=collision: trajectory reached the configured collision radius
velocity row 86/120 IC 132/599 x0=0.77853 velocity_parameter=0.420333 elapsed=74.8903s written=0
  crossing 0/250
  stopped velocity row 86 IC 132 x0=0.77853 velocity_parameter=0.420333 status=collision: trajectory reached the configured collision radius
velocity row 87/120 IC 114/599 x0=0.777238 velocity_parameter=0.4365 elapsed=74.9243s written=0
  crossing 0/250
  stopped velocity row 87 IC 114 x0=0.777238 velocity_parameter=0.4365 status=collision: trajectory reached the configured collision radius
velocity row 87/120 IC 124/599 x0=0.777956 velocity_parameter=0.4365 elapsed=75.2807s written=0
  crossing 0/250
  stopped velocity row 87 IC 124 x0=0.777956 velocity_parameter=0.4365 status=collision: trajectory reached the configured collision radius
velocity row 87/120 IC 132/599 x0=0.77853 velocity_parameter=0.4365 elapsed=75.6068s written=0
  crossing 0/250
  stopped velocity row 87 IC 132 x0=0.77853 velocity_parameter=0.4365 status=collision: trajectory reached the configured collision radius
velocity row 88/120 IC 114/599 x0=0.777238 velocity_parameter=0.452667 elapsed=75.654s written=0
  crossing 0/250
  stopped velocity row 88 IC 114 x0=0.777238 velocity_parameter=0.452667 status=collision: trajectory reached the configured collision radius
velocity row 88/120 IC 124/599 x0=0.777956 velocity_parameter=0.452667 elapsed=76.0227s written=0
  crossing 0/250
  stopped velocity row 88 IC 124 x0=0.777956 velocity_parameter=0.452667 status=collision: trajectory reached the configured collision radius
velocity row 88/120 IC 132/599 x0=0.77853 velocity_parameter=0.452667 elapsed=76.3014s written=0
  crossing 0/250
  stopped velocity row 88 IC 132 x0=0.77853 velocity_parameter=0.452667 status=collision: trajectory reached the configured collision radius
velocity row 89/120 IC 114/599 x0=0.777238 velocity_parameter=0.468833 elapsed=76.3369s written=0
  crossing 0/250
  stopped velocity row 89 IC 114 x0=0.777238 velocity_parameter=0.468833 status=collision: trajectory reached the configured collision radius
velocity row 89/120 IC 124/599 x0=0.777956 velocity_parameter=0.468833 elapsed=76.726s written=0
  crossing 0/250
  stopped velocity row 89 IC 124 x0=0.777956 velocity_parameter=0.468833 status=collision: trajectory reached the configured collision radius
velocity row 89/120 IC 132/599 x0=0.77853 velocity_parameter=0.468833 elapsed=77.0372s written=0
  crossing 0/250
  stopped velocity row 89 IC 132 x0=0.77853 velocity_parameter=0.468833 status=collision: trajectory reached the configured collision radius
velocity row 90/120 IC 114/599 x0=0.777238 velocity_parameter=0.485 elapsed=77.0709s written=0
  crossing 0/250
  stopped velocity row 90 IC 114 x0=0.777238 velocity_parameter=0.485 status=collision: trajectory reached the configured collision radius
velocity row 90/120 IC 124/599 x0=0.777956 velocity_parameter=0.485 elapsed=77.4461s written=0
  crossing 0/250
  stopped velocity row 90 IC 124 x0=0.777956 velocity_parameter=0.485 status=collision: trajectory reached the configured collision radius
velocity row 90/120 IC 132/599 x0=0.77853 velocity_parameter=0.485 elapsed=77.7231s written=0
  crossing 0/250
  stopped velocity row 90 IC 132 x0=0.77853 velocity_parameter=0.485 status=collision: trajectory reached the configured collision radius
velocity row 91/120 IC 114/599 x0=0.777238 velocity_parameter=0.501167 elapsed=77.7594s written=0
  crossing 0/250
  stopped velocity row 91 IC 114 x0=0.777238 velocity_parameter=0.501167 status=collision: trajectory reached the configured collision radius
velocity row 91/120 IC 124/599 x0=0.777956 velocity_parameter=0.501167 elapsed=78.1401s written=0
  crossing 0/250
  stopped velocity row 91 IC 124 x0=0.777956 velocity_parameter=0.501167 status=collision: trajectory reached the configured collision radius
velocity row 91/120 IC 132/599 x0=0.77853 velocity_parameter=0.501167 elapsed=78.4218s written=0
  crossing 0/250
  stopped velocity row 91 IC 132 x0=0.77853 velocity_parameter=0.501167 status=collision: trajectory reached the configured collision radius
velocity row 92/120 IC 114/599 x0=0.777238 velocity_parameter=0.517333 elapsed=78.4558s written=0
  crossing 0/250
  stopped velocity row 92 IC 114 x0=0.777238 velocity_parameter=0.517333 status=collision: trajectory reached the configured collision radius
velocity row 92/120 IC 124/599 x0=0.777956 velocity_parameter=0.517333 elapsed=78.7938s written=0
  crossing 0/250
  stopped velocity row 92 IC 124 x0=0.777956 velocity_parameter=0.517333 status=collision: trajectory reached the configured collision radius
velocity row 92/120 IC 132/599 x0=0.77853 velocity_parameter=0.517333 elapsed=79.0962s written=0
  crossing 0/250
  stopped velocity row 92 IC 132 x0=0.77853 velocity_parameter=0.517333 status=collision: trajectory reached the configured collision radius
velocity row 93/120 IC 114/599 x0=0.777238 velocity_parameter=0.5335 elapsed=79.141s written=0
  crossing 0/250
  stopped velocity row 93 IC 114 x0=0.777238 velocity_parameter=0.5335 status=collision: trajectory reached the configured collision radius
velocity row 93/120 IC 124/599 x0=0.777956 velocity_parameter=0.5335 elapsed=79.5514s written=0
  crossing 0/250
  stopped velocity row 93 IC 124 x0=0.777956 velocity_parameter=0.5335 status=collision: trajectory reached the configured collision radius
velocity row 93/120 IC 132/599 x0=0.77853 velocity_parameter=0.5335 elapsed=79.8242s written=0
  crossing 0/250
  stopped velocity row 93 IC 132 x0=0.77853 velocity_parameter=0.5335 status=collision: trajectory reached the configured collision radius
velocity row 94/120 IC 114/599 x0=0.777238 velocity_parameter=0.549667 elapsed=79.8583s written=0
  crossing 0/250
  stopped velocity row 94 IC 114 x0=0.777238 velocity_parameter=0.549667 status=collision: trajectory reached the configured collision radius
velocity row 94/120 IC 124/599 x0=0.777956 velocity_parameter=0.549667 elapsed=80.2049s written=0
  crossing 0/250
  stopped velocity row 94 IC 124 x0=0.777956 velocity_parameter=0.549667 status=collision: trajectory reached the configured collision radius
velocity row 94/120 IC 132/599 x0=0.77853 velocity_parameter=0.549667 elapsed=80.5013s written=0
  crossing 0/250
  stopped velocity row 94 IC 132 x0=0.77853 velocity_parameter=0.549667 status=collision: trajectory reached the configured collision radius
velocity row 95/120 IC 114/599 x0=0.777238 velocity_parameter=0.565833 elapsed=80.5357s written=0
  crossing 0/250
  stopped velocity row 95 IC 114 x0=0.777238 velocity_parameter=0.565833 status=collision: trajectory reached the configured collision radius
velocity row 95/120 IC 124/599 x0=0.777956 velocity_parameter=0.565833 elapsed=80.9049s written=0
  crossing 0/250
  stopped velocity row 95 IC 124 x0=0.777956 velocity_parameter=0.565833 status=collision: trajectory reached the configured collision radius
velocity row 95/120 IC 132/599 x0=0.77853 velocity_parameter=0.565833 elapsed=81.1857s written=0
  crossing 0/250
  stopped velocity row 95 IC 132 x0=0.77853 velocity_parameter=0.565833 status=collision: trajectory reached the configured collision radius
velocity row 96/120 IC 114/599 x0=0.777238 velocity_parameter=0.582 elapsed=81.2208s written=0
  crossing 0/250
  stopped velocity row 96 IC 114 x0=0.777238 velocity_parameter=0.582 status=collision: trajectory reached the configured collision radius
velocity row 96/120 IC 124/599 x0=0.777956 velocity_parameter=0.582 elapsed=81.5676s written=0
  crossing 0/250
  stopped velocity row 96 IC 124 x0=0.777956 velocity_parameter=0.582 status=collision: trajectory reached the configured collision radius
velocity row 96/120 IC 132/599 x0=0.77853 velocity_parameter=0.582 elapsed=81.8502s written=0
  crossing 0/250
  stopped velocity row 96 IC 132 x0=0.77853 velocity_parameter=0.582 status=collision: trajectory reached the configured collision radius
velocity row 97/120 IC 114/599 x0=0.777238 velocity_parameter=0.598167 elapsed=81.885s written=0
  crossing 0/250
  stopped velocity row 97 IC 114 x0=0.777238 velocity_parameter=0.598167 status=collision: trajectory reached the configured collision radius
velocity row 97/120 IC 124/599 x0=0.777956 velocity_parameter=0.598167 elapsed=82.2501s written=0
  crossing 0/250
  stopped velocity row 97 IC 124 x0=0.777956 velocity_parameter=0.598167 status=collision: trajectory reached the configured collision radius
velocity row 97/120 IC 132/599 x0=0.77853 velocity_parameter=0.598167 elapsed=82.5482s written=0
  crossing 0/250
  stopped velocity row 97 IC 132 x0=0.77853 velocity_parameter=0.598167 status=collision: trajectory reached the configured collision radius
velocity row 98/120 IC 114/599 x0=0.777238 velocity_parameter=0.614333 elapsed=82.5831s written=0
  crossing 0/250
  stopped velocity row 98 IC 114 x0=0.777238 velocity_parameter=0.614333 status=collision: trajectory reached the configured collision radius
velocity row 98/120 IC 124/599 x0=0.777956 velocity_parameter=0.614333 elapsed=82.9323s written=0
  crossing 0/250
  stopped velocity row 98 IC 124 x0=0.777956 velocity_parameter=0.614333 status=collision: trajectory reached the configured collision radius
velocity row 98/120 IC 132/599 x0=0.77853 velocity_parameter=0.614333 elapsed=83.204s written=0
  crossing 0/250
  stopped velocity row 98 IC 132 x0=0.77853 velocity_parameter=0.614333 status=collision: trajectory reached the configured collision radius
velocity row 99/120 IC 114/599 x0=0.777238 velocity_parameter=0.6305 elapsed=83.239s written=0
  crossing 0/250
  stopped velocity row 99 IC 114 x0=0.777238 velocity_parameter=0.6305 status=collision: trajectory reached the configured collision radius
velocity row 99/120 IC 124/599 x0=0.777956 velocity_parameter=0.6305 elapsed=83.5944s written=0
  crossing 0/250
  stopped velocity row 99 IC 124 x0=0.777956 velocity_parameter=0.6305 status=collision: trajectory reached the configured collision radius
velocity row 99/120 IC 132/599 x0=0.77853 velocity_parameter=0.6305 elapsed=83.8872s written=0
  crossing 0/250
  stopped velocity row 99 IC 132 x0=0.77853 velocity_parameter=0.6305 status=collision: trajectory reached the configured collision radius
velocity row 100/120 IC 114/599 x0=0.777238 velocity_parameter=0.646667 elapsed=83.9211s written=0
  crossing 0/250
  stopped velocity row 100 IC 114 x0=0.777238 velocity_parameter=0.646667 status=collision: trajectory reached the configured collision radius
velocity row 100/120 IC 124/599 x0=0.777956 velocity_parameter=0.646667 elapsed=84.2666s written=0
  crossing 0/250
  stopped velocity row 100 IC 124 x0=0.777956 velocity_parameter=0.646667 status=collision: trajectory reached the configured collision radius
velocity row 100/120 IC 132/599 x0=0.77853 velocity_parameter=0.646667 elapsed=84.5424s written=0
  crossing 0/250
  stopped velocity row 100 IC 132 x0=0.77853 velocity_parameter=0.646667 status=collision: trajectory reached the configured collision radius
velocity row 101/120 IC 114/599 x0=0.777238 velocity_parameter=0.662833 elapsed=84.5757s written=0
  crossing 0/250
  stopped velocity row 101 IC 114 x0=0.777238 velocity_parameter=0.662833 status=collision: trajectory reached the configured collision radius
velocity row 101/120 IC 124/599 x0=0.777956 velocity_parameter=0.662833 elapsed=84.9372s written=0
  crossing 0/250
  stopped velocity row 101 IC 124 x0=0.777956 velocity_parameter=0.662833 status=collision: trajectory reached the configured collision radius
velocity row 101/120 IC 132/599 x0=0.77853 velocity_parameter=0.662833 elapsed=85.2083s written=0
  crossing 0/250
  stopped velocity row 101 IC 132 x0=0.77853 velocity_parameter=0.662833 status=collision: trajectory reached the configured collision radius
velocity row 102/120 IC 114/599 x0=0.777238 velocity_parameter=0.679 elapsed=85.2432s written=0
  crossing 0/250
  stopped velocity row 102 IC 114 x0=0.777238 velocity_parameter=0.679 status=collision: trajectory reached the configured collision radius
velocity row 102/120 IC 124/599 x0=0.777956 velocity_parameter=0.679 elapsed=85.5874s written=0
  crossing 0/250
  stopped velocity row 102 IC 124 x0=0.777956 velocity_parameter=0.679 status=collision: trajectory reached the configured collision radius
velocity row 102/120 IC 132/599 x0=0.77853 velocity_parameter=0.679 elapsed=85.8557s written=0
  crossing 0/250
  stopped velocity row 102 IC 132 x0=0.77853 velocity_parameter=0.679 status=collision: trajectory reached the configured collision radius
velocity row 103/120 IC 114/599 x0=0.777238 velocity_parameter=0.695167 elapsed=85.8892s written=0
  crossing 0/250
  stopped velocity row 103 IC 114 x0=0.777238 velocity_parameter=0.695167 status=collision: trajectory reached the configured collision radius
velocity row 103/120 IC 124/599 x0=0.777956 velocity_parameter=0.695167 elapsed=86.2443s written=0
  crossing 0/250
  stopped velocity row 103 IC 124 x0=0.777956 velocity_parameter=0.695167 status=collision: trajectory reached the configured collision radius
velocity row 103/120 IC 132/599 x0=0.77853 velocity_parameter=0.695167 elapsed=86.5363s written=0
  crossing 0/250
  stopped velocity row 103 IC 132 x0=0.77853 velocity_parameter=0.695167 status=collision: trajectory reached the configured collision radius
velocity row 104/120 IC 114/599 x0=0.777238 velocity_parameter=0.711333 elapsed=86.5718s written=0
  crossing 0/250
  stopped velocity row 104 IC 114 x0=0.777238 velocity_parameter=0.711333 status=collision: trajectory reached the configured collision radius
velocity row 104/120 IC 124/599 x0=0.777956 velocity_parameter=0.711333 elapsed=86.914s written=0
  crossing 0/250
  stopped velocity row 104 IC 124 x0=0.777956 velocity_parameter=0.711333 status=collision: trajectory reached the configured collision radius
velocity row 104/120 IC 132/599 x0=0.77853 velocity_parameter=0.711333 elapsed=87.1901s written=0
  crossing 0/250
  stopped velocity row 104 IC 132 x0=0.77853 velocity_parameter=0.711333 status=collision: trajectory reached the configured collision radius
velocity row 105/120 IC 114/599 x0=0.777238 velocity_parameter=0.7275 elapsed=87.224s written=0
  crossing 0/250
  stopped velocity row 105 IC 114 x0=0.777238 velocity_parameter=0.7275 status=collision: trajectory reached the configured collision radius
velocity row 105/120 IC 124/599 x0=0.777956 velocity_parameter=0.7275 elapsed=87.5604s written=0
  crossing 0/250
  stopped velocity row 105 IC 124 x0=0.777956 velocity_parameter=0.7275 status=collision: trajectory reached the configured collision radius
velocity row 105/120 IC 132/599 x0=0.77853 velocity_parameter=0.7275 elapsed=87.8294s written=0
  crossing 0/250
  stopped velocity row 105 IC 132 x0=0.77853 velocity_parameter=0.7275 status=collision: trajectory reached the configured collision radius
velocity row 106/120 IC 114/599 x0=0.777238 velocity_parameter=0.743667 elapsed=87.8631s written=0
  crossing 0/250
  stopped velocity row 106 IC 114 x0=0.777238 velocity_parameter=0.743667 status=collision: trajectory reached the configured collision radius
velocity row 106/120 IC 124/599 x0=0.777956 velocity_parameter=0.743667 elapsed=88.2001s written=1
  crossing 0/250
  stopped velocity row 106 IC 124 x0=0.777956 velocity_parameter=0.743667 status=collision: trajectory reached the configured collision radius
velocity row 106/120 IC 132/599 x0=0.77853 velocity_parameter=0.743667 elapsed=88.4858s written=9
  crossing 0/250
  stopped velocity row 106 IC 132 x0=0.77853 velocity_parameter=0.743667 status=collision: trajectory reached the configured collision radius
velocity row 107/120 IC 114/599 x0=0.777238 velocity_parameter=0.759833 elapsed=88.5196s written=10
  crossing 0/250
  stopped velocity row 107 IC 114 x0=0.777238 velocity_parameter=0.759833 status=collision: trajectory reached the configured collision radius
velocity row 107/120 IC 124/599 x0=0.777956 velocity_parameter=0.759833 elapsed=88.8592s written=20
  crossing 0/250
  stopped velocity row 107 IC 124 x0=0.777956 velocity_parameter=0.759833 status=collision: trajectory reached the configured collision radius
velocity row 107/120 IC 132/599 x0=0.77853 velocity_parameter=0.759833 elapsed=89.1322s written=28
  crossing 0/250
  stopped velocity row 107 IC 132 x0=0.77853 velocity_parameter=0.759833 status=collision: trajectory reached the configured collision radius
velocity row 108/120 IC 114/599 x0=0.777238 velocity_parameter=0.776 elapsed=89.1659s written=29
  crossing 0/250
  stopped velocity row 108 IC 114 x0=0.777238 velocity_parameter=0.776 status=collision: trajectory reached the configured collision radius
velocity row 108/120 IC 124/599 x0=0.777956 velocity_parameter=0.776 elapsed=89.5123s written=39
  crossing 0/250
  stopped velocity row 108 IC 124 x0=0.777956 velocity_parameter=0.776 status=collision: trajectory reached the configured collision radius
velocity row 108/120 IC 132/599 x0=0.77853 velocity_parameter=0.776 elapsed=89.7927s written=47
  crossing 0/250
  stopped velocity row 108 IC 132 x0=0.77853 velocity_parameter=0.776 status=outer_limit: trajectory reached the configured outer_limit radius
velocity row 109/120 IC 114/599 x0=0.777238 velocity_parameter=0.792167 elapsed=89.7997s written=47
  crossing 0/250
  stopped velocity row 109 IC 114 x0=0.777238 velocity_parameter=0.792167 status=collision: trajectory reached the configured collision radius
velocity row 109/120 IC 124/599 x0=0.777956 velocity_parameter=0.792167 elapsed=90.1228s written=57
  crossing 0/250
  stopped velocity row 109 IC 124 x0=0.777956 velocity_parameter=0.792167 status=outer_limit: trajectory reached the configured outer_limit radius
velocity row 109/120 IC 132/599 x0=0.77853 velocity_parameter=0.792167 elapsed=90.1728s written=57
  crossing 0/250
  stopped velocity row 109 IC 132 x0=0.77853 velocity_parameter=0.792167 status=outer_limit: trajectory reached the configured outer_limit radius
velocity row 110/120 IC 114/599 x0=0.777238 velocity_parameter=0.808333 elapsed=90.1784s written=57
  crossing 0/250
  stopped velocity row 110 IC 114 x0=0.777238 velocity_parameter=0.808333 status=collision: trajectory reached the configured collision radius
velocity row 110/120 IC 124/599 x0=0.777956 velocity_parameter=0.808333 elapsed=90.2758s written=59
  crossing 0/250
  stopped velocity row 110 IC 124 x0=0.777956 velocity_parameter=0.808333 status=outer_limit: trajectory reached the configured outer_limit radius
velocity row 110/120 IC 132/599 x0=0.77853 velocity_parameter=0.808333 elapsed=90.3254s written=59
  crossing 0/250
  stopped velocity row 110 IC 132 x0=0.77853 velocity_parameter=0.808333 status=outer_limit: trajectory reached the configured outer_limit radius
velocity row 111/120 IC 114/599 x0=0.777238 velocity_parameter=0.8245 elapsed=90.3317s written=59
  crossing 0/250
  stopped velocity row 111 IC 114 x0=0.777238 velocity_parameter=0.8245 status=outer_limit: trajectory reached the configured outer_limit radius
velocity row 111/120 IC 124/599 x0=0.777956 velocity_parameter=0.8245 elapsed=90.3917s written=59
  crossing 0/250
  stopped velocity row 111 IC 124 x0=0.777956 velocity_parameter=0.8245 status=outer_limit: trajectory reached the configured outer_limit radius
velocity row 111/120 IC 132/599 x0=0.77853 velocity_parameter=0.8245 elapsed=90.4345s written=59
  crossing 0/250
  stopped velocity row 111 IC 132 x0=0.77853 velocity_parameter=0.8245 status=outer_limit: trajectory reached the configured outer_limit radius
velocity row 112/120 IC 114/599 x0=0.777238 velocity_parameter=0.840667 elapsed=90.4401s written=59
  crossing 0/250
  stopped velocity row 112 IC 114 x0=0.777238 velocity_parameter=0.840667 status=outer_limit: trajectory reached the configured outer_limit radius
velocity row 112/120 IC 124/599 x0=0.777956 velocity_parameter=0.840667 elapsed=90.4962s written=59
  crossing 0/250
  stopped velocity row 112 IC 124 x0=0.777956 velocity_parameter=0.840667 status=outer_limit: trajectory reached the configured outer_limit radius
velocity row 112/120 IC 132/599 x0=0.77853 velocity_parameter=0.840667 elapsed=90.5374s written=59
  crossing 0/250
  stopped velocity row 112 IC 132 x0=0.77853 velocity_parameter=0.840667 status=outer_limit: trajectory reached the configured outer_limit radius
velocity row 113/120 IC 114/599 x0=0.777238 velocity_parameter=0.856833 elapsed=90.5426s written=59
  crossing 0/250
  stopped velocity row 113 IC 114 x0=0.777238 velocity_parameter=0.856833 status=outer_limit: trajectory reached the configured outer_limit radius
velocity row 113/120 IC 124/599 x0=0.777956 velocity_parameter=0.856833 elapsed=90.5966s written=59
  crossing 0/250
  stopped velocity row 113 IC 124 x0=0.777956 velocity_parameter=0.856833 status=outer_limit: trajectory reached the configured outer_limit radius
velocity row 113/120 IC 132/599 x0=0.77853 velocity_parameter=0.856833 elapsed=90.6388s written=59
  crossing 0/250
  stopped velocity row 113 IC 132 x0=0.77853 velocity_parameter=0.856833 status=outer_limit: trajectory reached the configured outer_limit radius
velocity row 114/120 IC 114/599 x0=0.777238 velocity_parameter=0.873 elapsed=90.6485s written=59
  crossing 0/250
  stopped velocity row 114 IC 114 x0=0.777238 velocity_parameter=0.873 status=outer_limit: trajectory reached the configured outer_limit radius
velocity row 114/120 IC 124/599 x0=0.777956 velocity_parameter=0.873 elapsed=90.7051s written=59
  crossing 0/250
  stopped velocity row 114 IC 124 x0=0.777956 velocity_parameter=0.873 status=outer_limit: trajectory reached the configured outer_limit radius
velocity row 114/120 IC 132/599 x0=0.77853 velocity_parameter=0.873 elapsed=90.746s written=59
  crossing 0/250
  stopped velocity row 114 IC 132 x0=0.77853 velocity_parameter=0.873 status=outer_limit: trajectory reached the configured outer_limit radius
velocity row 115/120 IC 114/599 x0=0.777238 velocity_parameter=0.889167 elapsed=90.751s written=59
  crossing 0/250
  stopped velocity row 115 IC 114 x0=0.777238 velocity_parameter=0.889167 status=outer_limit: trajectory reached the configured outer_limit radius
velocity row 115/120 IC 124/599 x0=0.777956 velocity_parameter=0.889167 elapsed=90.8059s written=59
  crossing 0/250
  stopped velocity row 115 IC 124 x0=0.777956 velocity_parameter=0.889167 status=outer_limit: trajectory reached the configured outer_limit radius
velocity row 115/120 IC 132/599 x0=0.77853 velocity_parameter=0.889167 elapsed=90.8495s written=59
  crossing 0/250
  stopped velocity row 115 IC 132 x0=0.77853 velocity_parameter=0.889167 status=outer_limit: trajectory reached the configured outer_limit radius
velocity row 116/120 IC 114/599 x0=0.777238 velocity_parameter=0.905333 elapsed=90.8544s written=59
  crossing 0/250
  stopped velocity row 116 IC 114 x0=0.777238 velocity_parameter=0.905333 status=outer_limit: trajectory reached the configured outer_limit radius
velocity row 116/120 IC 124/599 x0=0.777956 velocity_parameter=0.905333 elapsed=90.9096s written=59
  crossing 0/250
  stopped velocity row 116 IC 124 x0=0.777956 velocity_parameter=0.905333 status=outer_limit: trajectory reached the configured outer_limit radius
velocity row 116/120 IC 132/599 x0=0.77853 velocity_parameter=0.905333 elapsed=90.9519s written=59
  crossing 0/250
  stopped velocity row 116 IC 132 x0=0.77853 velocity_parameter=0.905333 status=outer_limit: trajectory reached the configured outer_limit radius
velocity row 117/120 IC 114/599 x0=0.777238 velocity_parameter=0.9215 elapsed=90.9569s written=59
  crossing 0/250
  stopped velocity row 117 IC 114 x0=0.777238 velocity_parameter=0.9215 status=outer_limit: trajectory reached the configured outer_limit radius
velocity row 117/120 IC 124/599 x0=0.777956 velocity_parameter=0.9215 elapsed=91.0145s written=59
  crossing 0/250
  stopped velocity row 117 IC 124 x0=0.777956 velocity_parameter=0.9215 status=outer_limit: trajectory reached the configured outer_limit radius
velocity row 117/120 IC 132/599 x0=0.77853 velocity_parameter=0.9215 elapsed=91.0581s written=59
  crossing 0/250
  stopped velocity row 117 IC 132 x0=0.77853 velocity_parameter=0.9215 status=outer_limit: trajectory reached the configured outer_limit radius
velocity row 118/120 IC 114/599 x0=0.777238 velocity_parameter=0.937667 elapsed=91.0636s written=59
  crossing 0/250
  stopped velocity row 118 IC 114 x0=0.777238 velocity_parameter=0.937667 status=outer_limit: trajectory reached the configured outer_limit radius
velocity row 118/120 IC 124/599 x0=0.777956 velocity_parameter=0.937667 elapsed=91.1235s written=59
  crossing 0/250
  stopped velocity row 118 IC 124 x0=0.777956 velocity_parameter=0.937667 status=outer_limit: trajectory reached the configured outer_limit radius
velocity row 118/120 IC 132/599 x0=0.77853 velocity_parameter=0.937667 elapsed=91.1678s written=59
  crossing 0/250
  stopped velocity row 118 IC 132 x0=0.77853 velocity_parameter=0.937667 status=outer_limit: trajectory reached the configured outer_limit radius
velocity row 119/120 IC 114/599 x0=0.777238 velocity_parameter=0.953833 elapsed=91.1735s written=59
  crossing 0/250
  stopped velocity row 119 IC 114 x0=0.777238 velocity_parameter=0.953833 status=collision: trajectory reached the configured collision radius
velocity row 119/120 IC 124/599 x0=0.777956 velocity_parameter=0.953833 elapsed=91.4086s written=67
  crossing 0/250
  stopped velocity row 119 IC 124 x0=0.777956 velocity_parameter=0.953833 status=outer_limit: trajectory reached the configured outer_limit radius
velocity row 119/120 IC 132/599 x0=0.77853 velocity_parameter=0.953833 elapsed=91.4572s written=67
  crossing 0/250
  stopped velocity row 119 IC 132 x0=0.77853 velocity_parameter=0.953833 status=outer_limit: trajectory reached the configured outer_limit radius
velocity row 120/120 IC 114/599 x0=0.777238 velocity_parameter=0.97 elapsed=91.4628s written=67
  crossing 0/250
  stopped velocity row 120 IC 114 x0=0.777238 velocity_parameter=0.97 status=collision: trajectory reached the configured collision radius
velocity row 120/120 IC 124/599 x0=0.777956 velocity_parameter=0.97 elapsed=91.7901s written=77
  crossing 0/250
  stopped velocity row 120 IC 124 x0=0.777956 velocity_parameter=0.97 status=collision: trajectory reached the configured collision radius
velocity row 120/120 IC 132/599 x0=0.77853 velocity_parameter=0.97 elapsed=92.0608s written=85
  crossing 0/250
  stopped velocity row 120 IC 132 x0=0.77853 velocity_parameter=0.97 status=collision: trajectory reached the configured collision radius
svg -> /mnt/c/Users/payne/Code/Hill_4BP/professional_neck_studies/e1_dense_001/survey/level_002_delta_1e_minus_4/open/shard_0006/preview.svg
metadata -> /mnt/c/Users/payne/Code/Hill_4BP/professional_neck_studies/e1_dense_001/survey/level_002_delta_1e_minus_4/open/shard_0006/metadata.txt
wrote 86 points (0 ICs skipped, 2299 orbits stopped early, elapsed=92.0971s) -> /mnt/c/Users/payne/Code/Hill_4BP/professional_neck_studies/e1_dense_001/survey/level_002_delta_1e_minus_4/open/shard_0006/points.csv
outcomes: collision=2105 completed=0 forbidden=0 inner_radius_limit=0 invalid_initial_radius=0 invalid_velocity=0 nontransverse=0 numerical_failure=0 outer_limit=194 timeout=0
maximum sampled |H-h|=9.55852e-16
