zero-velocity boundary -> /mnt/c/Users/payne/Code/Hill_4BP/professional_neck_studies/e1_dense_001/survey/level_006_delta_1e_minus_8/closed/shard_0000/zero_velocity_boundary.csv
lambda1=0.0272549 lambda2=2.97275 A=-0.986373 B=0.486373 c=0.0976566 c1=0 c2=0 c3=-0.0976566 h=-2.39154 (C=4.78307)
E1/E2 neck h=-2.39154 (C=4.78307), E3/E4 neck h=-0.454039 (C=0.908078)
energy_mode=neck_delta neck=E1 hcrit=-2.39154 delta=1e-08 side=closed actual_neck_side=closed delta_h=-1e-08
x_count=600 xdot_count=121 iterates=250 index range=[0,18] velocity_mode=fraction x_range=[0.79034,0.79077] max_return_time=100
smooth coordinates R=sqrt(rho), CAPD crossing mode=Both solver_order=28 max_step=0.005 abs_tol=1e-15 rel_tol=1e-13 collision_radius=1e-06 outer_radius=5
velocity row 0/120 IC 0/599 x0=0.79034 velocity_parameter=-0.97 elapsed=1.29e-07s written=0
  crossing 0/250
  stopped velocity row 0 IC 0 x0=0.79034 velocity_parameter=-0.97 status=collision: trajectory reached the configured collision radius
  stopped velocity row 0 IC 1 x0=0.79034 velocity_parameter=-0.97 status=collision: trajectory reached the configured collision radius
  stopped velocity row 0 IC 2 x0=0.790341 velocity_parameter=-0.97 status=collision: trajectory reached the configured collision radius
  stopped velocity row 0 IC 3 x0=0.790342 velocity_parameter=-0.97 status=collision: trajectory reached the configured collision radius
  stopped velocity row 0 IC 4 x0=0.790343 velocity_parameter=-0.97 status=collision: trajectory reached the configured collision radius
  stopped velocity row 0 IC 5 x0=0.790343 velocity_parameter=-0.97 status=collision: trajectory reached the configured collision radius
  stopped velocity row 0 IC 6 x0=0.790344 velocity_parameter=-0.97 status=collision: trajectory reached the configured collision radius
  stopped velocity row 0 IC 7 x0=0.790345 velocity_parameter=-0.97 status=collision: trajectory reached the configured collision radius
  stopped velocity row 0 IC 8 x0=0.790345 velocity_parameter=-0.97 status=collision: trajectory reached the configured collision radius
  stopped velocity row 0 IC 9 x0=0.790346 velocity_parameter=-0.97 status=collision: trajectory reached the configured collision radius
velocity row 0/120 IC 10/599 x0=0.790347 velocity_parameter=-0.97 elapsed=0.862845s written=0
  crossing 0/250
  stopped velocity row 0 IC 10 x0=0.790347 velocity_parameter=-0.97 status=collision: trajectory reached the configured collision radius
velocity row 0/120 IC 18/599 x0=0.790353 velocity_parameter=-0.97 elapsed=1.54751s written=0
  crossing 0/250
  stopped velocity row 0 IC 18 x0=0.790353 velocity_parameter=-0.97 status=collision: trajectory reached the configured collision radius
velocity row 1/120 IC 0/599 x0=0.79034 velocity_parameter=-0.953833 elapsed=1.63912s written=0
  crossing 0/250
  stopped velocity row 1 IC 0 x0=0.79034 velocity_parameter=-0.953833 status=collision: trajectory reached the configured collision radius
velocity row 1/120 IC 10/599 x0=0.790347 velocity_parameter=-0.953833 elapsed=2.47973s written=0
  crossing 0/250
  stopped velocity row 1 IC 10 x0=0.790347 velocity_parameter=-0.953833 status=collision: trajectory reached the configured collision radius
velocity row 1/120 IC 18/599 x0=0.790353 velocity_parameter=-0.953833 elapsed=3.18041s written=0
  crossing 0/250
  stopped velocity row 1 IC 18 x0=0.790353 velocity_parameter=-0.953833 status=collision: trajectory reached the configured collision radius
velocity row 2/120 IC 0/599 x0=0.79034 velocity_parameter=-0.937667 elapsed=3.26988s written=0
  crossing 0/250
  stopped velocity row 2 IC 0 x0=0.79034 velocity_parameter=-0.937667 status=collision: trajectory reached the configured collision radius
velocity row 2/120 IC 10/599 x0=0.790347 velocity_parameter=-0.937667 elapsed=4.09921s written=0
  crossing 0/250
  stopped velocity row 2 IC 10 x0=0.790347 velocity_parameter=-0.937667 status=collision: trajectory reached the configured collision radius
velocity row 2/120 IC 18/599 x0=0.790353 velocity_parameter=-0.937667 elapsed=4.73561s written=0
  crossing 0/250
  stopped velocity row 2 IC 18 x0=0.790353 velocity_parameter=-0.937667 status=collision: trajectory reached the configured collision radius
velocity row 3/120 IC 0/599 x0=0.79034 velocity_parameter=-0.9215 elapsed=4.81604s written=0
  crossing 0/250
  stopped velocity row 3 IC 0 x0=0.79034 velocity_parameter=-0.9215 status=collision: trajectory reached the configured collision radius
velocity row 3/120 IC 10/599 x0=0.790347 velocity_parameter=-0.9215 elapsed=5.57293s written=0
  crossing 0/250
  stopped velocity row 3 IC 10 x0=0.790347 velocity_parameter=-0.9215 status=collision: trajectory reached the configured collision radius
velocity row 3/120 IC 18/599 x0=0.790353 velocity_parameter=-0.9215 elapsed=6.16025s written=0
  crossing 0/250
  stopped velocity row 3 IC 18 x0=0.790353 velocity_parameter=-0.9215 status=collision: trajectory reached the configured collision radius
velocity row 4/120 IC 0/599 x0=0.79034 velocity_parameter=-0.905333 elapsed=6.23396s written=0
  crossing 0/250
  stopped velocity row 4 IC 0 x0=0.79034 velocity_parameter=-0.905333 status=collision: trajectory reached the configured collision radius
velocity row 4/120 IC 10/599 x0=0.790347 velocity_parameter=-0.905333 elapsed=6.97147s written=0
  crossing 0/250
  stopped velocity row 4 IC 10 x0=0.790347 velocity_parameter=-0.905333 status=collision: trajectory reached the configured collision radius
velocity row 4/120 IC 18/599 x0=0.790353 velocity_parameter=-0.905333 elapsed=7.5696s written=0
  crossing 0/250
  stopped velocity row 4 IC 18 x0=0.790353 velocity_parameter=-0.905333 status=collision: trajectory reached the configured collision radius
velocity row 5/120 IC 0/599 x0=0.79034 velocity_parameter=-0.889167 elapsed=7.64636s written=0
  crossing 0/250
  stopped velocity row 5 IC 0 x0=0.79034 velocity_parameter=-0.889167 status=collision: trajectory reached the configured collision radius
velocity row 5/120 IC 10/599 x0=0.790347 velocity_parameter=-0.889167 elapsed=8.38542s written=0
  crossing 0/250
  stopped velocity row 5 IC 10 x0=0.790347 velocity_parameter=-0.889167 status=collision: trajectory reached the configured collision radius
velocity row 5/120 IC 18/599 x0=0.790353 velocity_parameter=-0.889167 elapsed=8.99778s written=0
  crossing 0/250
  stopped velocity row 5 IC 18 x0=0.790353 velocity_parameter=-0.889167 status=collision: trajectory reached the configured collision radius
velocity row 6/120 IC 0/599 x0=0.79034 velocity_parameter=-0.873 elapsed=9.07863s written=0
  crossing 0/250
  stopped velocity row 6 IC 0 x0=0.79034 velocity_parameter=-0.873 status=collision: trajectory reached the configured collision radius
velocity row 6/120 IC 10/599 x0=0.790347 velocity_parameter=-0.873 elapsed=9.81849s written=0
  crossing 0/250
  stopped velocity row 6 IC 10 x0=0.790347 velocity_parameter=-0.873 status=collision: trajectory reached the configured collision radius
velocity row 6/120 IC 18/599 x0=0.790353 velocity_parameter=-0.873 elapsed=10.3693s written=0
  crossing 0/250
  stopped velocity row 6 IC 18 x0=0.790353 velocity_parameter=-0.873 status=collision: trajectory reached the configured collision radius
velocity row 7/120 IC 0/599 x0=0.79034 velocity_parameter=-0.856833 elapsed=10.4447s written=0
  crossing 0/250
  stopped velocity row 7 IC 0 x0=0.79034 velocity_parameter=-0.856833 status=collision: trajectory reached the configured collision radius
velocity row 7/120 IC 10/599 x0=0.790347 velocity_parameter=-0.856833 elapsed=11.1578s written=0
  crossing 0/250
  stopped velocity row 7 IC 10 x0=0.790347 velocity_parameter=-0.856833 status=collision: trajectory reached the configured collision radius
velocity row 7/120 IC 18/599 x0=0.790353 velocity_parameter=-0.856833 elapsed=11.7369s written=0
  crossing 0/250
  stopped velocity row 7 IC 18 x0=0.790353 velocity_parameter=-0.856833 status=collision: trajectory reached the configured collision radius
velocity row 8/120 IC 0/599 x0=0.79034 velocity_parameter=-0.840667 elapsed=11.8051s written=0
  crossing 0/250
  stopped velocity row 8 IC 0 x0=0.79034 velocity_parameter=-0.840667 status=collision: trajectory reached the configured collision radius
velocity row 8/120 IC 10/599 x0=0.790347 velocity_parameter=-0.840667 elapsed=12.5162s written=0
  crossing 0/250
  stopped velocity row 8 IC 10 x0=0.790347 velocity_parameter=-0.840667 status=collision: trajectory reached the configured collision radius
velocity row 8/120 IC 18/599 x0=0.790353 velocity_parameter=-0.840667 elapsed=13.0823s written=0
  crossing 0/250
  stopped velocity row 8 IC 18 x0=0.790353 velocity_parameter=-0.840667 status=collision: trajectory reached the configured collision radius
velocity row 9/120 IC 0/599 x0=0.79034 velocity_parameter=-0.8245 elapsed=13.1514s written=0
  crossing 0/250
  stopped velocity row 9 IC 0 x0=0.79034 velocity_parameter=-0.8245 status=collision: trajectory reached the configured collision radius
velocity row 9/120 IC 10/599 x0=0.790347 velocity_parameter=-0.8245 elapsed=13.8748s written=0
  crossing 0/250
  stopped velocity row 9 IC 10 x0=0.790347 velocity_parameter=-0.8245 status=collision: trajectory reached the configured collision radius
velocity row 9/120 IC 18/599 x0=0.790353 velocity_parameter=-0.8245 elapsed=14.444s written=0
  crossing 0/250
  stopped velocity row 9 IC 18 x0=0.790353 velocity_parameter=-0.8245 status=collision: trajectory reached the configured collision radius
velocity row 10/120 IC 0/599 x0=0.79034 velocity_parameter=-0.808333 elapsed=14.5157s written=0
  crossing 0/250
  stopped velocity row 10 IC 0 x0=0.79034 velocity_parameter=-0.808333 status=collision: trajectory reached the configured collision radius
velocity row 10/120 IC 10/599 x0=0.790347 velocity_parameter=-0.808333 elapsed=15.2432s written=0
  crossing 0/250
  stopped velocity row 10 IC 10 x0=0.790347 velocity_parameter=-0.808333 status=collision: trajectory reached the configured collision radius
velocity row 10/120 IC 18/599 x0=0.790353 velocity_parameter=-0.808333 elapsed=15.8334s written=0
  crossing 0/250
  stopped velocity row 10 IC 18 x0=0.790353 velocity_parameter=-0.808333 status=collision: trajectory reached the configured collision radius
velocity row 11/120 IC 0/599 x0=0.79034 velocity_parameter=-0.792167 elapsed=15.8993s written=0
  crossing 0/250
  stopped velocity row 11 IC 0 x0=0.79034 velocity_parameter=-0.792167 status=collision: trajectory reached the configured collision radius
velocity row 11/120 IC 10/599 x0=0.790347 velocity_parameter=-0.792167 elapsed=16.6097s written=0
  crossing 0/250
  stopped velocity row 11 IC 10 x0=0.790347 velocity_parameter=-0.792167 status=collision: trajectory reached the configured collision radius
velocity row 11/120 IC 18/599 x0=0.790353 velocity_parameter=-0.792167 elapsed=17.1672s written=0
  crossing 0/250
  stopped velocity row 11 IC 18 x0=0.790353 velocity_parameter=-0.792167 status=collision: trajectory reached the configured collision radius
velocity row 12/120 IC 0/599 x0=0.79034 velocity_parameter=-0.776 elapsed=17.2302s written=0
  crossing 0/250
  stopped velocity row 12 IC 0 x0=0.79034 velocity_parameter=-0.776 status=collision: trajectory reached the configured collision radius
velocity row 12/120 IC 10/599 x0=0.790347 velocity_parameter=-0.776 elapsed=17.9425s written=0
  crossing 0/250
  stopped velocity row 12 IC 10 x0=0.790347 velocity_parameter=-0.776 status=collision: trajectory reached the configured collision radius
velocity row 12/120 IC 18/599 x0=0.790353 velocity_parameter=-0.776 elapsed=18.5036s written=0
  crossing 0/250
  stopped velocity row 12 IC 18 x0=0.790353 velocity_parameter=-0.776 status=collision: trajectory reached the configured collision radius
velocity row 13/120 IC 0/599 x0=0.79034 velocity_parameter=-0.759833 elapsed=18.5774s written=0
  crossing 0/250
  stopped velocity row 13 IC 0 x0=0.79034 velocity_parameter=-0.759833 status=collision: trajectory reached the configured collision radius
velocity row 13/120 IC 10/599 x0=0.790347 velocity_parameter=-0.759833 elapsed=19.2886s written=0
  crossing 0/250
  stopped velocity row 13 IC 10 x0=0.790347 velocity_parameter=-0.759833 status=collision: trajectory reached the configured collision radius
velocity row 13/120 IC 18/599 x0=0.790353 velocity_parameter=-0.759833 elapsed=19.8596s written=0
  crossing 0/250
  stopped velocity row 13 IC 18 x0=0.790353 velocity_parameter=-0.759833 status=collision: trajectory reached the configured collision radius
velocity row 14/120 IC 0/599 x0=0.79034 velocity_parameter=-0.743667 elapsed=19.9239s written=0
  crossing 0/250
  stopped velocity row 14 IC 0 x0=0.79034 velocity_parameter=-0.743667 status=collision: trajectory reached the configured collision radius
velocity row 14/120 IC 10/599 x0=0.790347 velocity_parameter=-0.743667 elapsed=20.6701s written=0
  crossing 0/250
  stopped velocity row 14 IC 10 x0=0.790347 velocity_parameter=-0.743667 status=collision: trajectory reached the configured collision radius
velocity row 14/120 IC 18/599 x0=0.790353 velocity_parameter=-0.743667 elapsed=21.2486s written=0
  crossing 0/250
  stopped velocity row 14 IC 18 x0=0.790353 velocity_parameter=-0.743667 status=collision: trajectory reached the configured collision radius
velocity row 15/120 IC 0/599 x0=0.79034 velocity_parameter=-0.7275 elapsed=21.3192s written=0
  crossing 0/250
  stopped velocity row 15 IC 0 x0=0.79034 velocity_parameter=-0.7275 status=collision: trajectory reached the configured collision radius
velocity row 15/120 IC 10/599 x0=0.790347 velocity_parameter=-0.7275 elapsed=22.0157s written=0
  crossing 0/250
  stopped velocity row 15 IC 10 x0=0.790347 velocity_parameter=-0.7275 status=collision: trajectory reached the configured collision radius
velocity row 15/120 IC 18/599 x0=0.790353 velocity_parameter=-0.7275 elapsed=22.5931s written=0
  crossing 0/250
  stopped velocity row 15 IC 18 x0=0.790353 velocity_parameter=-0.7275 status=collision: trajectory reached the configured collision radius
velocity row 16/120 IC 0/599 x0=0.79034 velocity_parameter=-0.711333 elapsed=22.6651s written=0
  crossing 0/250
  stopped velocity row 16 IC 0 x0=0.79034 velocity_parameter=-0.711333 status=collision: trajectory reached the configured collision radius
velocity row 16/120 IC 10/599 x0=0.790347 velocity_parameter=-0.711333 elapsed=23.3827s written=0
  crossing 0/250
  stopped velocity row 16 IC 10 x0=0.790347 velocity_parameter=-0.711333 status=collision: trajectory reached the configured collision radius
velocity row 16/120 IC 18/599 x0=0.790353 velocity_parameter=-0.711333 elapsed=23.9623s written=0
  crossing 0/250
  stopped velocity row 16 IC 18 x0=0.790353 velocity_parameter=-0.711333 status=collision: trajectory reached the configured collision radius
velocity row 17/120 IC 0/599 x0=0.79034 velocity_parameter=-0.695167 elapsed=24.0398s written=0
  crossing 0/250
  stopped velocity row 17 IC 0 x0=0.79034 velocity_parameter=-0.695167 status=collision: trajectory reached the configured collision radius
velocity row 17/120 IC 10/599 x0=0.790347 velocity_parameter=-0.695167 elapsed=24.6532s written=0
  crossing 0/250
  stopped velocity row 17 IC 10 x0=0.790347 velocity_parameter=-0.695167 status=collision: trajectory reached the configured collision radius
velocity row 17/120 IC 18/599 x0=0.790353 velocity_parameter=-0.695167 elapsed=25.0951s written=0
  crossing 0/250
  stopped velocity row 17 IC 18 x0=0.790353 velocity_parameter=-0.695167 status=collision: trajectory reached the configured collision radius
velocity row 18/120 IC 0/599 x0=0.79034 velocity_parameter=-0.679 elapsed=25.142s written=0
  crossing 0/250
  stopped velocity row 18 IC 0 x0=0.79034 velocity_parameter=-0.679 status=collision: trajectory reached the configured collision radius
velocity row 18/120 IC 10/599 x0=0.790347 velocity_parameter=-0.679 elapsed=25.6118s written=0
  crossing 0/250
  stopped velocity row 18 IC 10 x0=0.790347 velocity_parameter=-0.679 status=collision: trajectory reached the configured collision radius
velocity row 18/120 IC 18/599 x0=0.790353 velocity_parameter=-0.679 elapsed=25.94s written=0
  crossing 0/250
  stopped velocity row 18 IC 18 x0=0.790353 velocity_parameter=-0.679 status=collision: trajectory reached the configured collision radius
velocity row 19/120 IC 0/599 x0=0.79034 velocity_parameter=-0.662833 elapsed=25.9794s written=0
  crossing 0/250
  stopped velocity row 19 IC 0 x0=0.79034 velocity_parameter=-0.662833 status=collision: trajectory reached the configured collision radius
velocity row 19/120 IC 10/599 x0=0.790347 velocity_parameter=-0.662833 elapsed=26.4728s written=0
  crossing 0/250
  stopped velocity row 19 IC 10 x0=0.790347 velocity_parameter=-0.662833 status=collision: trajectory reached the configured collision radius
velocity row 19/120 IC 18/599 x0=0.790353 velocity_parameter=-0.662833 elapsed=26.7679s written=0
  crossing 0/250
  stopped velocity row 19 IC 18 x0=0.790353 velocity_parameter=-0.662833 status=collision: trajectory reached the configured collision radius
velocity row 20/120 IC 0/599 x0=0.79034 velocity_parameter=-0.646667 elapsed=26.8063s written=0
  crossing 0/250
  stopped velocity row 20 IC 0 x0=0.79034 velocity_parameter=-0.646667 status=collision: trajectory reached the configured collision radius
velocity row 20/120 IC 10/599 x0=0.790347 velocity_parameter=-0.646667 elapsed=27.1868s written=0
  crossing 0/250
  stopped velocity row 20 IC 10 x0=0.790347 velocity_parameter=-0.646667 status=collision: trajectory reached the configured collision radius
velocity row 20/120 IC 18/599 x0=0.790353 velocity_parameter=-0.646667 elapsed=27.5288s written=0
  crossing 0/250
  stopped velocity row 20 IC 18 x0=0.790353 velocity_parameter=-0.646667 status=collision: trajectory reached the configured collision radius
velocity row 21/120 IC 0/599 x0=0.79034 velocity_parameter=-0.6305 elapsed=27.5653s written=0
  crossing 0/250
  stopped velocity row 21 IC 0 x0=0.79034 velocity_parameter=-0.6305 status=collision: trajectory reached the configured collision radius
velocity row 21/120 IC 10/599 x0=0.790347 velocity_parameter=-0.6305 elapsed=27.9461s written=0
  crossing 0/250
  stopped velocity row 21 IC 10 x0=0.790347 velocity_parameter=-0.6305 status=collision: trajectory reached the configured collision radius
velocity row 21/120 IC 18/599 x0=0.790353 velocity_parameter=-0.6305 elapsed=28.2269s written=0
  crossing 0/250
  stopped velocity row 21 IC 18 x0=0.790353 velocity_parameter=-0.6305 status=collision: trajectory reached the configured collision radius
velocity row 22/120 IC 0/599 x0=0.79034 velocity_parameter=-0.614333 elapsed=28.2623s written=0
  crossing 0/250
  stopped velocity row 22 IC 0 x0=0.79034 velocity_parameter=-0.614333 status=collision: trajectory reached the configured collision radius
velocity row 22/120 IC 10/599 x0=0.790347 velocity_parameter=-0.614333 elapsed=28.6741s written=0
  crossing 0/250
  stopped velocity row 22 IC 10 x0=0.790347 velocity_parameter=-0.614333 status=collision: trajectory reached the configured collision radius
velocity row 22/120 IC 18/599 x0=0.790353 velocity_parameter=-0.614333 elapsed=28.9751s written=0
  crossing 0/250
  stopped velocity row 22 IC 18 x0=0.790353 velocity_parameter=-0.614333 status=collision: trajectory reached the configured collision radius
velocity row 23/120 IC 0/599 x0=0.79034 velocity_parameter=-0.598167 elapsed=29.0103s written=0
  crossing 0/250
  stopped velocity row 23 IC 0 x0=0.79034 velocity_parameter=-0.598167 status=collision: trajectory reached the configured collision radius
velocity row 23/120 IC 10/599 x0=0.790347 velocity_parameter=-0.598167 elapsed=29.3647s written=0
  crossing 0/250
  stopped velocity row 23 IC 10 x0=0.790347 velocity_parameter=-0.598167 status=collision: trajectory reached the configured collision radius
velocity row 23/120 IC 18/599 x0=0.790353 velocity_parameter=-0.598167 elapsed=29.6526s written=0
  crossing 0/250
  stopped velocity row 23 IC 18 x0=0.790353 velocity_parameter=-0.598167 status=collision: trajectory reached the configured collision radius
velocity row 24/120 IC 0/599 x0=0.79034 velocity_parameter=-0.582 elapsed=29.6885s written=0
  crossing 0/250
  stopped velocity row 24 IC 0 x0=0.79034 velocity_parameter=-0.582 status=collision: trajectory reached the configured collision radius
velocity row 24/120 IC 10/599 x0=0.790347 velocity_parameter=-0.582 elapsed=30.0468s written=0
  crossing 0/250
  stopped velocity row 24 IC 10 x0=0.790347 velocity_parameter=-0.582 status=collision: trajectory reached the configured collision radius
velocity row 24/120 IC 18/599 x0=0.790353 velocity_parameter=-0.582 elapsed=30.3629s written=0
  crossing 0/250
  stopped velocity row 24 IC 18 x0=0.790353 velocity_parameter=-0.582 status=collision: trajectory reached the configured collision radius
velocity row 25/120 IC 0/599 x0=0.79034 velocity_parameter=-0.565833 elapsed=30.3968s written=0
  crossing 0/250
  stopped velocity row 25 IC 0 x0=0.79034 velocity_parameter=-0.565833 status=collision: trajectory reached the configured collision radius
velocity row 25/120 IC 10/599 x0=0.790347 velocity_parameter=-0.565833 elapsed=30.7858s written=0
  crossing 0/250
  stopped velocity row 25 IC 10 x0=0.790347 velocity_parameter=-0.565833 status=collision: trajectory reached the configured collision radius
velocity row 25/120 IC 18/599 x0=0.790353 velocity_parameter=-0.565833 elapsed=31.075s written=0
  crossing 0/250
  stopped velocity row 25 IC 18 x0=0.790353 velocity_parameter=-0.565833 status=collision: trajectory reached the configured collision radius
velocity row 26/120 IC 0/599 x0=0.79034 velocity_parameter=-0.549667 elapsed=31.1101s written=0
  crossing 0/250
  stopped velocity row 26 IC 0 x0=0.79034 velocity_parameter=-0.549667 status=collision: trajectory reached the configured collision radius
velocity row 26/120 IC 10/599 x0=0.790347 velocity_parameter=-0.549667 elapsed=31.4607s written=0
  crossing 0/250
  stopped velocity row 26 IC 10 x0=0.790347 velocity_parameter=-0.549667 status=collision: trajectory reached the configured collision radius
velocity row 26/120 IC 18/599 x0=0.790353 velocity_parameter=-0.549667 elapsed=31.7649s written=0
  crossing 0/250
  stopped velocity row 26 IC 18 x0=0.790353 velocity_parameter=-0.549667 status=collision: trajectory reached the configured collision radius
velocity row 27/120 IC 0/599 x0=0.79034 velocity_parameter=-0.5335 elapsed=31.7996s written=0
  crossing 0/250
  stopped velocity row 27 IC 0 x0=0.79034 velocity_parameter=-0.5335 status=collision: trajectory reached the configured collision radius
velocity row 27/120 IC 10/599 x0=0.790347 velocity_parameter=-0.5335 elapsed=32.1754s written=0
  crossing 0/250
  stopped velocity row 27 IC 10 x0=0.790347 velocity_parameter=-0.5335 status=collision: trajectory reached the configured collision radius
velocity row 27/120 IC 18/599 x0=0.790353 velocity_parameter=-0.5335 elapsed=32.4545s written=0
  crossing 0/250
  stopped velocity row 27 IC 18 x0=0.790353 velocity_parameter=-0.5335 status=collision: trajectory reached the configured collision radius
velocity row 28/120 IC 0/599 x0=0.79034 velocity_parameter=-0.517333 elapsed=32.4893s written=0
  crossing 0/250
  stopped velocity row 28 IC 0 x0=0.79034 velocity_parameter=-0.517333 status=collision: trajectory reached the configured collision radius
velocity row 28/120 IC 10/599 x0=0.790347 velocity_parameter=-0.517333 elapsed=32.834s written=0
  crossing 0/250
  stopped velocity row 28 IC 10 x0=0.790347 velocity_parameter=-0.517333 status=collision: trajectory reached the configured collision radius
velocity row 28/120 IC 18/599 x0=0.790353 velocity_parameter=-0.517333 elapsed=33.1341s written=0
  crossing 0/250
  stopped velocity row 28 IC 18 x0=0.790353 velocity_parameter=-0.517333 status=collision: trajectory reached the configured collision radius
velocity row 29/120 IC 0/599 x0=0.79034 velocity_parameter=-0.501167 elapsed=33.1688s written=0
  crossing 0/250
  stopped velocity row 29 IC 0 x0=0.79034 velocity_parameter=-0.501167 status=collision: trajectory reached the configured collision radius
velocity row 29/120 IC 10/599 x0=0.790347 velocity_parameter=-0.501167 elapsed=33.5463s written=0
  crossing 0/250
  stopped velocity row 29 IC 10 x0=0.790347 velocity_parameter=-0.501167 status=collision: trajectory reached the configured collision radius
velocity row 29/120 IC 18/599 x0=0.790353 velocity_parameter=-0.501167 elapsed=33.8711s written=0
  crossing 0/250
  stopped velocity row 29 IC 18 x0=0.790353 velocity_parameter=-0.501167 status=collision: trajectory reached the configured collision radius
velocity row 30/120 IC 0/599 x0=0.79034 velocity_parameter=-0.485 elapsed=33.939s written=0
  crossing 0/250
  stopped velocity row 30 IC 0 x0=0.79034 velocity_parameter=-0.485 status=collision: trajectory reached the configured collision radius
velocity row 30/120 IC 10/599 x0=0.790347 velocity_parameter=-0.485 elapsed=34.3037s written=0
  crossing 0/250
  stopped velocity row 30 IC 10 x0=0.790347 velocity_parameter=-0.485 status=collision: trajectory reached the configured collision radius
velocity row 30/120 IC 18/599 x0=0.790353 velocity_parameter=-0.485 elapsed=34.6098s written=0
  crossing 0/250
  stopped velocity row 30 IC 18 x0=0.790353 velocity_parameter=-0.485 status=collision: trajectory reached the configured collision radius
velocity row 31/120 IC 0/599 x0=0.79034 velocity_parameter=-0.468833 elapsed=34.6459s written=0
  crossing 0/250
  stopped velocity row 31 IC 0 x0=0.79034 velocity_parameter=-0.468833 status=collision: trajectory reached the configured collision radius
velocity row 31/120 IC 10/599 x0=0.790347 velocity_parameter=-0.468833 elapsed=35.0251s written=0
  crossing 0/250
  stopped velocity row 31 IC 10 x0=0.790347 velocity_parameter=-0.468833 status=collision: trajectory reached the configured collision radius
velocity row 31/120 IC 18/599 x0=0.790353 velocity_parameter=-0.468833 elapsed=35.3286s written=0
  crossing 0/250
  stopped velocity row 31 IC 18 x0=0.790353 velocity_parameter=-0.468833 status=collision: trajectory reached the configured collision radius
velocity row 32/120 IC 0/599 x0=0.79034 velocity_parameter=-0.452667 elapsed=35.3639s written=0
  crossing 0/250
  stopped velocity row 32 IC 0 x0=0.79034 velocity_parameter=-0.452667 status=collision: trajectory reached the configured collision radius
velocity row 32/120 IC 10/599 x0=0.790347 velocity_parameter=-0.452667 elapsed=35.7323s written=0
  crossing 0/250
  stopped velocity row 32 IC 10 x0=0.790347 velocity_parameter=-0.452667 status=collision: trajectory reached the configured collision radius
velocity row 32/120 IC 18/599 x0=0.790353 velocity_parameter=-0.452667 elapsed=36.0188s written=0
  crossing 0/250
  stopped velocity row 32 IC 18 x0=0.790353 velocity_parameter=-0.452667 status=collision: trajectory reached the configured collision radius
velocity row 33/120 IC 0/599 x0=0.79034 velocity_parameter=-0.4365 elapsed=36.0531s written=0
  crossing 0/250
  stopped velocity row 33 IC 0 x0=0.79034 velocity_parameter=-0.4365 status=collision: trajectory reached the configured collision radius
velocity row 33/120 IC 10/599 x0=0.790347 velocity_parameter=-0.4365 elapsed=36.446s written=0
  crossing 0/250
  stopped velocity row 33 IC 10 x0=0.790347 velocity_parameter=-0.4365 status=collision: trajectory reached the configured collision radius
velocity row 33/120 IC 18/599 x0=0.790353 velocity_parameter=-0.4365 elapsed=36.7967s written=0
  crossing 0/250
  stopped velocity row 33 IC 18 x0=0.790353 velocity_parameter=-0.4365 status=collision: trajectory reached the configured collision radius
velocity row 34/120 IC 0/599 x0=0.79034 velocity_parameter=-0.420333 elapsed=36.8325s written=0
  crossing 0/250
  stopped velocity row 34 IC 0 x0=0.79034 velocity_parameter=-0.420333 status=collision: trajectory reached the configured collision radius
velocity row 34/120 IC 10/599 x0=0.790347 velocity_parameter=-0.420333 elapsed=37.2579s written=0
  crossing 0/250
  stopped velocity row 34 IC 10 x0=0.790347 velocity_parameter=-0.420333 status=collision: trajectory reached the configured collision radius
velocity row 34/120 IC 18/599 x0=0.790353 velocity_parameter=-0.420333 elapsed=37.5422s written=0
  crossing 0/250
  stopped velocity row 34 IC 18 x0=0.790353 velocity_parameter=-0.420333 status=collision: trajectory reached the configured collision radius
velocity row 35/120 IC 0/599 x0=0.79034 velocity_parameter=-0.404167 elapsed=37.578s written=0
  crossing 0/250
  stopped velocity row 35 IC 0 x0=0.79034 velocity_parameter=-0.404167 status=collision: trajectory reached the configured collision radius
velocity row 35/120 IC 10/599 x0=0.790347 velocity_parameter=-0.404167 elapsed=37.9639s written=0
  crossing 0/250
  stopped velocity row 35 IC 10 x0=0.790347 velocity_parameter=-0.404167 status=collision: trajectory reached the configured collision radius
velocity row 35/120 IC 18/599 x0=0.790353 velocity_parameter=-0.404167 elapsed=38.3106s written=0
  crossing 0/250
  stopped velocity row 35 IC 18 x0=0.790353 velocity_parameter=-0.404167 status=collision: trajectory reached the configured collision radius
velocity row 36/120 IC 0/599 x0=0.79034 velocity_parameter=-0.388 elapsed=38.3467s written=0
  crossing 0/250
  stopped velocity row 36 IC 0 x0=0.79034 velocity_parameter=-0.388 status=collision: trajectory reached the configured collision radius
velocity row 36/120 IC 10/599 x0=0.790347 velocity_parameter=-0.388 elapsed=38.7277s written=0
  crossing 0/250
  stopped velocity row 36 IC 10 x0=0.790347 velocity_parameter=-0.388 status=collision: trajectory reached the configured collision radius
velocity row 36/120 IC 18/599 x0=0.790353 velocity_parameter=-0.388 elapsed=39.0151s written=0
  crossing 0/250
  stopped velocity row 36 IC 18 x0=0.790353 velocity_parameter=-0.388 status=collision: trajectory reached the configured collision radius
velocity row 37/120 IC 0/599 x0=0.79034 velocity_parameter=-0.371833 elapsed=39.0509s written=0
  crossing 0/250
  stopped velocity row 37 IC 0 x0=0.79034 velocity_parameter=-0.371833 status=collision: trajectory reached the configured collision radius
velocity row 37/120 IC 10/599 x0=0.790347 velocity_parameter=-0.371833 elapsed=39.4299s written=0
  crossing 0/250
  stopped velocity row 37 IC 10 x0=0.790347 velocity_parameter=-0.371833 status=collision: trajectory reached the configured collision radius
velocity row 37/120 IC 18/599 x0=0.790353 velocity_parameter=-0.371833 elapsed=39.7109s written=0
  crossing 0/250
  stopped velocity row 37 IC 18 x0=0.790353 velocity_parameter=-0.371833 status=collision: trajectory reached the configured collision radius
velocity row 38/120 IC 0/599 x0=0.79034 velocity_parameter=-0.355667 elapsed=39.7458s written=0
  crossing 0/250
  stopped velocity row 38 IC 0 x0=0.79034 velocity_parameter=-0.355667 status=collision: trajectory reached the configured collision radius
velocity row 38/120 IC 10/599 x0=0.790347 velocity_parameter=-0.355667 elapsed=40.0989s written=0
  crossing 0/250
  stopped velocity row 38 IC 10 x0=0.790347 velocity_parameter=-0.355667 status=collision: trajectory reached the configured collision radius
velocity row 38/120 IC 18/599 x0=0.790353 velocity_parameter=-0.355667 elapsed=40.3904s written=0
  crossing 0/250
  stopped velocity row 38 IC 18 x0=0.790353 velocity_parameter=-0.355667 status=collision: trajectory reached the configured collision radius
velocity row 39/120 IC 0/599 x0=0.79034 velocity_parameter=-0.3395 elapsed=40.4253s written=0
  crossing 0/250
  stopped velocity row 39 IC 0 x0=0.79034 velocity_parameter=-0.3395 status=collision: trajectory reached the configured collision radius
velocity row 39/120 IC 10/599 x0=0.790347 velocity_parameter=-0.3395 elapsed=40.7808s written=0
  crossing 0/250
  stopped velocity row 39 IC 10 x0=0.790347 velocity_parameter=-0.3395 status=collision: trajectory reached the configured collision radius
velocity row 39/120 IC 18/599 x0=0.790353 velocity_parameter=-0.3395 elapsed=41.0873s written=0
  crossing 0/250
  stopped velocity row 39 IC 18 x0=0.790353 velocity_parameter=-0.3395 status=collision: trajectory reached the configured collision radius
velocity row 40/120 IC 0/599 x0=0.79034 velocity_parameter=-0.323333 elapsed=41.1227s written=0
  crossing 0/250
  stopped velocity row 40 IC 0 x0=0.79034 velocity_parameter=-0.323333 status=collision: trajectory reached the configured collision radius
velocity row 40/120 IC 10/599 x0=0.790347 velocity_parameter=-0.323333 elapsed=41.4866s written=0
  crossing 0/250
  stopped velocity row 40 IC 10 x0=0.790347 velocity_parameter=-0.323333 status=collision: trajectory reached the configured collision radius
velocity row 40/120 IC 18/599 x0=0.790353 velocity_parameter=-0.323333 elapsed=41.7689s written=0
  crossing 0/250
  stopped velocity row 40 IC 18 x0=0.790353 velocity_parameter=-0.323333 status=collision: trajectory reached the configured collision radius
velocity row 41/120 IC 0/599 x0=0.79034 velocity_parameter=-0.307167 elapsed=41.835s written=0
  crossing 0/250
  stopped velocity row 41 IC 0 x0=0.79034 velocity_parameter=-0.307167 status=collision: trajectory reached the configured collision radius
velocity row 41/120 IC 10/599 x0=0.790347 velocity_parameter=-0.307167 elapsed=42.2365s written=0
  crossing 0/250
  stopped velocity row 41 IC 10 x0=0.790347 velocity_parameter=-0.307167 status=collision: trajectory reached the configured collision radius
velocity row 41/120 IC 18/599 x0=0.790353 velocity_parameter=-0.307167 elapsed=42.5448s written=0
  crossing 0/250
  stopped velocity row 41 IC 18 x0=0.790353 velocity_parameter=-0.307167 status=collision: trajectory reached the configured collision radius
velocity row 42/120 IC 0/599 x0=0.79034 velocity_parameter=-0.291 elapsed=42.5805s written=0
  crossing 0/250
  stopped velocity row 42 IC 0 x0=0.79034 velocity_parameter=-0.291 status=collision: trajectory reached the configured collision radius
velocity row 42/120 IC 10/599 x0=0.790347 velocity_parameter=-0.291 elapsed=42.9666s written=0
  crossing 0/250
  stopped velocity row 42 IC 10 x0=0.790347 velocity_parameter=-0.291 status=collision: trajectory reached the configured collision radius
velocity row 42/120 IC 18/599 x0=0.790353 velocity_parameter=-0.291 elapsed=43.2541s written=0
  crossing 0/250
  stopped velocity row 42 IC 18 x0=0.790353 velocity_parameter=-0.291 status=collision: trajectory reached the configured collision radius
velocity row 43/120 IC 0/599 x0=0.79034 velocity_parameter=-0.274833 elapsed=43.2892s written=0
  crossing 0/250
  stopped velocity row 43 IC 0 x0=0.79034 velocity_parameter=-0.274833 status=collision: trajectory reached the configured collision radius
velocity row 43/120 IC 10/599 x0=0.790347 velocity_parameter=-0.274833 elapsed=43.7067s written=0
  crossing 0/250
  stopped velocity row 43 IC 10 x0=0.790347 velocity_parameter=-0.274833 status=collision: trajectory reached the configured collision radius
velocity row 43/120 IC 18/599 x0=0.790353 velocity_parameter=-0.274833 elapsed=44.0215s written=0
  crossing 0/250
  stopped velocity row 43 IC 18 x0=0.790353 velocity_parameter=-0.274833 status=collision: trajectory reached the configured collision radius
velocity row 44/120 IC 0/599 x0=0.79034 velocity_parameter=-0.258667 elapsed=44.0569s written=0
  crossing 0/250
  stopped velocity row 44 IC 0 x0=0.79034 velocity_parameter=-0.258667 status=collision: trajectory reached the configured collision radius
velocity row 44/120 IC 10/599 x0=0.790347 velocity_parameter=-0.258667 elapsed=44.4444s written=0
  crossing 0/250
  stopped velocity row 44 IC 10 x0=0.790347 velocity_parameter=-0.258667 status=collision: trajectory reached the configured collision radius
velocity row 44/120 IC 18/599 x0=0.790353 velocity_parameter=-0.258667 elapsed=44.7627s written=0
  crossing 0/250
  stopped velocity row 44 IC 18 x0=0.790353 velocity_parameter=-0.258667 status=collision: trajectory reached the configured collision radius
velocity row 45/120 IC 0/599 x0=0.79034 velocity_parameter=-0.2425 elapsed=44.7983s written=0
  crossing 0/250
  stopped velocity row 45 IC 0 x0=0.79034 velocity_parameter=-0.2425 status=collision: trajectory reached the configured collision radius
velocity row 45/120 IC 10/599 x0=0.790347 velocity_parameter=-0.2425 elapsed=45.166s written=0
  crossing 0/250
  stopped velocity row 45 IC 10 x0=0.790347 velocity_parameter=-0.2425 status=collision: trajectory reached the configured collision radius
velocity row 45/120 IC 18/599 x0=0.790353 velocity_parameter=-0.2425 elapsed=45.4447s written=0
  crossing 0/250
  stopped velocity row 45 IC 18 x0=0.790353 velocity_parameter=-0.2425 status=collision: trajectory reached the configured collision radius
velocity row 46/120 IC 0/599 x0=0.79034 velocity_parameter=-0.226333 elapsed=45.4804s written=0
  crossing 0/250
  stopped velocity row 46 IC 0 x0=0.79034 velocity_parameter=-0.226333 status=collision: trajectory reached the configured collision radius
velocity row 46/120 IC 10/599 x0=0.790347 velocity_parameter=-0.226333 elapsed=45.8481s written=0
  crossing 0/250
  stopped velocity row 46 IC 10 x0=0.790347 velocity_parameter=-0.226333 status=collision: trajectory reached the configured collision radius
velocity row 46/120 IC 18/599 x0=0.790353 velocity_parameter=-0.226333 elapsed=46.1309s written=0
  crossing 0/250
  stopped velocity row 46 IC 18 x0=0.790353 velocity_parameter=-0.226333 status=collision: trajectory reached the configured collision radius
velocity row 47/120 IC 0/599 x0=0.79034 velocity_parameter=-0.210167 elapsed=46.1666s written=0
  crossing 0/250
  stopped velocity row 47 IC 0 x0=0.79034 velocity_parameter=-0.210167 status=collision: trajectory reached the configured collision radius
velocity row 47/120 IC 10/599 x0=0.790347 velocity_parameter=-0.210167 elapsed=46.5261s written=0
  crossing 0/250
  stopped velocity row 47 IC 10 x0=0.790347 velocity_parameter=-0.210167 status=collision: trajectory reached the configured collision radius
velocity row 47/120 IC 18/599 x0=0.790353 velocity_parameter=-0.210167 elapsed=46.821s written=0
  crossing 0/250
  stopped velocity row 47 IC 18 x0=0.790353 velocity_parameter=-0.210167 status=collision: trajectory reached the configured collision radius
velocity row 48/120 IC 0/599 x0=0.79034 velocity_parameter=-0.194 elapsed=46.8566s written=0
  crossing 0/250
  stopped velocity row 48 IC 0 x0=0.79034 velocity_parameter=-0.194 status=collision: trajectory reached the configured collision radius
velocity row 48/120 IC 10/599 x0=0.790347 velocity_parameter=-0.194 elapsed=47.2165s written=0
  crossing 0/250
  stopped velocity row 48 IC 10 x0=0.790347 velocity_parameter=-0.194 status=collision: trajectory reached the configured collision radius
velocity row 48/120 IC 18/599 x0=0.790353 velocity_parameter=-0.194 elapsed=47.5013s written=0
  crossing 0/250
  stopped velocity row 48 IC 18 x0=0.790353 velocity_parameter=-0.194 status=collision: trajectory reached the configured collision radius
velocity row 49/120 IC 0/599 x0=0.79034 velocity_parameter=-0.177833 elapsed=47.5365s written=0
  crossing 0/250
  stopped velocity row 49 IC 0 x0=0.79034 velocity_parameter=-0.177833 status=collision: trajectory reached the configured collision radius
velocity row 49/120 IC 10/599 x0=0.790347 velocity_parameter=-0.177833 elapsed=47.9132s written=0
  crossing 0/250
  stopped velocity row 49 IC 10 x0=0.790347 velocity_parameter=-0.177833 status=collision: trajectory reached the configured collision radius
velocity row 49/120 IC 18/599 x0=0.790353 velocity_parameter=-0.177833 elapsed=48.2391s written=0
  crossing 0/250
  stopped velocity row 49 IC 18 x0=0.790353 velocity_parameter=-0.177833 status=collision: trajectory reached the configured collision radius
velocity row 50/120 IC 0/599 x0=0.79034 velocity_parameter=-0.161667 elapsed=48.2745s written=0
  crossing 0/250
  stopped velocity row 50 IC 0 x0=0.79034 velocity_parameter=-0.161667 status=collision: trajectory reached the configured collision radius
velocity row 50/120 IC 10/599 x0=0.790347 velocity_parameter=-0.161667 elapsed=48.6263s written=0
  crossing 0/250
  stopped velocity row 50 IC 10 x0=0.790347 velocity_parameter=-0.161667 status=collision: trajectory reached the configured collision radius
velocity row 50/120 IC 18/599 x0=0.790353 velocity_parameter=-0.161667 elapsed=48.9169s written=0
  crossing 0/250
  stopped velocity row 50 IC 18 x0=0.790353 velocity_parameter=-0.161667 status=collision: trajectory reached the configured collision radius
velocity row 51/120 IC 0/599 x0=0.79034 velocity_parameter=-0.1455 elapsed=48.9532s written=0
  crossing 0/250
  stopped velocity row 51 IC 0 x0=0.79034 velocity_parameter=-0.1455 status=collision: trajectory reached the configured collision radius
velocity row 51/120 IC 10/599 x0=0.790347 velocity_parameter=-0.1455 elapsed=49.3143s written=0
  crossing 0/250
  stopped velocity row 51 IC 10 x0=0.790347 velocity_parameter=-0.1455 status=collision: trajectory reached the configured collision radius
velocity row 51/120 IC 18/599 x0=0.790353 velocity_parameter=-0.1455 elapsed=49.5955s written=0
  crossing 0/250
  stopped velocity row 51 IC 18 x0=0.790353 velocity_parameter=-0.1455 status=collision: trajectory reached the configured collision radius
velocity row 52/120 IC 0/599 x0=0.79034 velocity_parameter=-0.129333 elapsed=49.6318s written=0
  crossing 0/250
  stopped velocity row 52 IC 0 x0=0.79034 velocity_parameter=-0.129333 status=collision: trajectory reached the configured collision radius
velocity row 52/120 IC 10/599 x0=0.790347 velocity_parameter=-0.129333 elapsed=50.0106s written=0
  crossing 0/250
  stopped velocity row 52 IC 10 x0=0.790347 velocity_parameter=-0.129333 status=collision: trajectory reached the configured collision radius
velocity row 52/120 IC 18/599 x0=0.790353 velocity_parameter=-0.129333 elapsed=50.2921s written=0
  crossing 0/250
  stopped velocity row 52 IC 18 x0=0.790353 velocity_parameter=-0.129333 status=collision: trajectory reached the configured collision radius
velocity row 53/120 IC 0/599 x0=0.79034 velocity_parameter=-0.113167 elapsed=50.3274s written=0
  crossing 0/250
  stopped velocity row 53 IC 0 x0=0.79034 velocity_parameter=-0.113167 status=collision: trajectory reached the configured collision radius
velocity row 53/120 IC 10/599 x0=0.790347 velocity_parameter=-0.113167 elapsed=50.7245s written=0
  crossing 0/250
  stopped velocity row 53 IC 10 x0=0.790347 velocity_parameter=-0.113167 status=collision: trajectory reached the configured collision radius
velocity row 53/120 IC 18/599 x0=0.790353 velocity_parameter=-0.113167 elapsed=51.0604s written=0
  crossing 0/250
  stopped velocity row 53 IC 18 x0=0.790353 velocity_parameter=-0.113167 status=collision: trajectory reached the configured collision radius
velocity row 54/120 IC 0/599 x0=0.79034 velocity_parameter=-0.097 elapsed=51.0962s written=0
  crossing 0/250
  stopped velocity row 54 IC 0 x0=0.79034 velocity_parameter=-0.097 status=collision: trajectory reached the configured collision radius
velocity row 54/120 IC 10/599 x0=0.790347 velocity_parameter=-0.097 elapsed=51.4498s written=0
  crossing 0/250
  stopped velocity row 54 IC 10 x0=0.790347 velocity_parameter=-0.097 status=collision: trajectory reached the configured collision radius
velocity row 54/120 IC 18/599 x0=0.790353 velocity_parameter=-0.097 elapsed=51.7342s written=0
  crossing 0/250
  stopped velocity row 54 IC 18 x0=0.790353 velocity_parameter=-0.097 status=collision: trajectory reached the configured collision radius
velocity row 55/120 IC 0/599 x0=0.79034 velocity_parameter=-0.0808333 elapsed=51.77s written=0
  crossing 0/250
  stopped velocity row 55 IC 0 x0=0.79034 velocity_parameter=-0.0808333 status=collision: trajectory reached the configured collision radius
velocity row 55/120 IC 10/599 x0=0.790347 velocity_parameter=-0.0808333 elapsed=52.1386s written=0
  crossing 0/250
  stopped velocity row 55 IC 10 x0=0.790347 velocity_parameter=-0.0808333 status=collision: trajectory reached the configured collision radius
velocity row 55/120 IC 18/599 x0=0.790353 velocity_parameter=-0.0808333 elapsed=52.4546s written=0
  crossing 0/250
  stopped velocity row 55 IC 18 x0=0.790353 velocity_parameter=-0.0808333 status=collision: trajectory reached the configured collision radius
velocity row 56/120 IC 0/599 x0=0.79034 velocity_parameter=-0.0646667 elapsed=52.4928s written=0
  crossing 0/250
  stopped velocity row 56 IC 0 x0=0.79034 velocity_parameter=-0.0646667 status=collision: trajectory reached the configured collision radius
velocity row 56/120 IC 10/599 x0=0.790347 velocity_parameter=-0.0646667 elapsed=52.8874s written=0
  crossing 0/250
  stopped velocity row 56 IC 10 x0=0.790347 velocity_parameter=-0.0646667 status=collision: trajectory reached the configured collision radius
velocity row 56/120 IC 18/599 x0=0.790353 velocity_parameter=-0.0646667 elapsed=53.1941s written=0
  crossing 0/250
  stopped velocity row 56 IC 18 x0=0.790353 velocity_parameter=-0.0646667 status=collision: trajectory reached the configured collision radius
velocity row 57/120 IC 0/599 x0=0.79034 velocity_parameter=-0.0485 elapsed=53.2322s written=0
  crossing 0/250
  stopped velocity row 57 IC 0 x0=0.79034 velocity_parameter=-0.0485 status=collision: trajectory reached the configured collision radius
velocity row 57/120 IC 10/599 x0=0.790347 velocity_parameter=-0.0485 elapsed=53.6046s written=0
  crossing 0/250
  stopped velocity row 57 IC 10 x0=0.790347 velocity_parameter=-0.0485 status=collision: trajectory reached the configured collision radius
velocity row 57/120 IC 18/599 x0=0.790353 velocity_parameter=-0.0485 elapsed=53.89s written=0
  crossing 0/250
  stopped velocity row 57 IC 18 x0=0.790353 velocity_parameter=-0.0485 status=collision: trajectory reached the configured collision radius
velocity row 58/120 IC 0/599 x0=0.79034 velocity_parameter=-0.0323333 elapsed=53.9248s written=0
  crossing 0/250
  stopped velocity row 58 IC 0 x0=0.79034 velocity_parameter=-0.0323333 status=collision: trajectory reached the configured collision radius
velocity row 58/120 IC 10/599 x0=0.790347 velocity_parameter=-0.0323333 elapsed=54.2798s written=0
  crossing 0/250
  stopped velocity row 58 IC 10 x0=0.790347 velocity_parameter=-0.0323333 status=collision: trajectory reached the configured collision radius
velocity row 58/120 IC 18/599 x0=0.790353 velocity_parameter=-0.0323333 elapsed=54.6036s written=0
  crossing 0/250
  stopped velocity row 58 IC 18 x0=0.790353 velocity_parameter=-0.0323333 status=collision: trajectory reached the configured collision radius
velocity row 59/120 IC 0/599 x0=0.79034 velocity_parameter=-0.0161667 elapsed=54.6397s written=0
  crossing 0/250
  stopped velocity row 59 IC 0 x0=0.79034 velocity_parameter=-0.0161667 status=collision: trajectory reached the configured collision radius
velocity row 59/120 IC 10/599 x0=0.790347 velocity_parameter=-0.0161667 elapsed=55.027s written=0
  crossing 0/250
  stopped velocity row 59 IC 10 x0=0.790347 velocity_parameter=-0.0161667 status=collision: trajectory reached the configured collision radius
velocity row 59/120 IC 18/599 x0=0.790353 velocity_parameter=-0.0161667 elapsed=55.3111s written=0
  crossing 0/250
  stopped velocity row 59 IC 18 x0=0.790353 velocity_parameter=-0.0161667 status=collision: trajectory reached the configured collision radius
velocity row 60/120 IC 0/599 x0=0.79034 velocity_parameter=0 elapsed=55.3462s written=0
  crossing 0/250
  stopped velocity row 60 IC 0 x0=0.79034 velocity_parameter=0 status=collision: trajectory reached the configured collision radius
velocity row 60/120 IC 10/599 x0=0.790347 velocity_parameter=0 elapsed=55.7067s written=0
  crossing 0/250
  stopped velocity row 60 IC 10 x0=0.790347 velocity_parameter=0 status=collision: trajectory reached the configured collision radius
velocity row 60/120 IC 18/599 x0=0.790353 velocity_parameter=0 elapsed=56.0398s written=0
  crossing 0/250
  stopped velocity row 60 IC 18 x0=0.790353 velocity_parameter=0 status=collision: trajectory reached the configured collision radius
velocity row 61/120 IC 0/599 x0=0.79034 velocity_parameter=0.0161667 elapsed=56.0753s written=0
  crossing 0/250
  stopped velocity row 61 IC 0 x0=0.79034 velocity_parameter=0.0161667 status=collision: trajectory reached the configured collision radius
velocity row 61/120 IC 10/599 x0=0.790347 velocity_parameter=0.0161667 elapsed=56.5007s written=0
  crossing 0/250
  stopped velocity row 61 IC 10 x0=0.790347 velocity_parameter=0.0161667 status=collision: trajectory reached the configured collision radius
velocity row 61/120 IC 18/599 x0=0.790353 velocity_parameter=0.0161667 elapsed=56.838s written=0
  crossing 0/250
  stopped velocity row 61 IC 18 x0=0.790353 velocity_parameter=0.0161667 status=collision: trajectory reached the configured collision radius
velocity row 62/120 IC 0/599 x0=0.79034 velocity_parameter=0.0323333 elapsed=56.8817s written=0
  crossing 0/250
  stopped velocity row 62 IC 0 x0=0.79034 velocity_parameter=0.0323333 status=collision: trajectory reached the configured collision radius
velocity row 62/120 IC 10/599 x0=0.790347 velocity_parameter=0.0323333 elapsed=57.2571s written=0
  crossing 0/250
  stopped velocity row 62 IC 10 x0=0.790347 velocity_parameter=0.0323333 status=collision: trajectory reached the configured collision radius
velocity row 62/120 IC 18/599 x0=0.790353 velocity_parameter=0.0323333 elapsed=57.5499s written=0
  crossing 0/250
  stopped velocity row 62 IC 18 x0=0.790353 velocity_parameter=0.0323333 status=collision: trajectory reached the configured collision radius
velocity row 63/120 IC 0/599 x0=0.79034 velocity_parameter=0.0485 elapsed=57.5864s written=0
  crossing 0/250
  stopped velocity row 63 IC 0 x0=0.79034 velocity_parameter=0.0485 status=collision: trajectory reached the configured collision radius
velocity row 63/120 IC 10/599 x0=0.790347 velocity_parameter=0.0485 elapsed=57.9416s written=0
  crossing 0/250
  stopped velocity row 63 IC 10 x0=0.790347 velocity_parameter=0.0485 status=collision: trajectory reached the configured collision radius
velocity row 63/120 IC 18/599 x0=0.790353 velocity_parameter=0.0485 elapsed=58.2251s written=0
  crossing 0/250
  stopped velocity row 63 IC 18 x0=0.790353 velocity_parameter=0.0485 status=collision: trajectory reached the configured collision radius
velocity row 64/120 IC 0/599 x0=0.79034 velocity_parameter=0.0646667 elapsed=58.2602s written=0
  crossing 0/250
  stopped velocity row 64 IC 0 x0=0.79034 velocity_parameter=0.0646667 status=collision: trajectory reached the configured collision radius
velocity row 64/120 IC 10/599 x0=0.790347 velocity_parameter=0.0646667 elapsed=58.6339s written=0
  crossing 0/250
  stopped velocity row 64 IC 10 x0=0.790347 velocity_parameter=0.0646667 status=collision: trajectory reached the configured collision radius
velocity row 64/120 IC 18/599 x0=0.790353 velocity_parameter=0.0646667 elapsed=58.9264s written=0
  crossing 0/250
  stopped velocity row 64 IC 18 x0=0.790353 velocity_parameter=0.0646667 status=collision: trajectory reached the configured collision radius
velocity row 65/120 IC 0/599 x0=0.79034 velocity_parameter=0.0808333 elapsed=58.9695s written=0
  crossing 0/250
  stopped velocity row 65 IC 0 x0=0.79034 velocity_parameter=0.0808333 status=collision: trajectory reached the configured collision radius
velocity row 65/120 IC 10/599 x0=0.790347 velocity_parameter=0.0808333 elapsed=59.3393s written=0
  crossing 0/250
  stopped velocity row 65 IC 10 x0=0.790347 velocity_parameter=0.0808333 status=collision: trajectory reached the configured collision radius
velocity row 65/120 IC 18/599 x0=0.790353 velocity_parameter=0.0808333 elapsed=59.6236s written=0
  crossing 0/250
  stopped velocity row 65 IC 18 x0=0.790353 velocity_parameter=0.0808333 status=collision: trajectory reached the configured collision radius
velocity row 66/120 IC 0/599 x0=0.79034 velocity_parameter=0.097 elapsed=59.6589s written=0
  crossing 0/250
  stopped velocity row 66 IC 0 x0=0.79034 velocity_parameter=0.097 status=collision: trajectory reached the configured collision radius
velocity row 66/120 IC 10/599 x0=0.790347 velocity_parameter=0.097 elapsed=60.0659s written=0
  crossing 0/250
  stopped velocity row 66 IC 10 x0=0.790347 velocity_parameter=0.097 status=collision: trajectory reached the configured collision radius
velocity row 66/120 IC 18/599 x0=0.790353 velocity_parameter=0.097 elapsed=60.35s written=0
  crossing 0/250
  stopped velocity row 66 IC 18 x0=0.790353 velocity_parameter=0.097 status=collision: trajectory reached the configured collision radius
velocity row 67/120 IC 0/599 x0=0.79034 velocity_parameter=0.113167 elapsed=60.3853s written=0
  crossing 0/250
  stopped velocity row 67 IC 0 x0=0.79034 velocity_parameter=0.113167 status=collision: trajectory reached the configured collision radius
velocity row 67/120 IC 10/599 x0=0.790347 velocity_parameter=0.113167 elapsed=60.7636s written=0
  crossing 0/250
  stopped velocity row 67 IC 10 x0=0.790347 velocity_parameter=0.113167 status=collision: trajectory reached the configured collision radius
velocity row 67/120 IC 18/599 x0=0.790353 velocity_parameter=0.113167 elapsed=61.0788s written=0
  crossing 0/250
  stopped velocity row 67 IC 18 x0=0.790353 velocity_parameter=0.113167 status=collision: trajectory reached the configured collision radius
velocity row 68/120 IC 0/599 x0=0.79034 velocity_parameter=0.129333 elapsed=61.1146s written=0
  crossing 0/250
  stopped velocity row 68 IC 0 x0=0.79034 velocity_parameter=0.129333 status=collision: trajectory reached the configured collision radius
velocity row 68/120 IC 10/599 x0=0.790347 velocity_parameter=0.129333 elapsed=61.4856s written=0
  crossing 0/250
  stopped velocity row 68 IC 10 x0=0.790347 velocity_parameter=0.129333 status=collision: trajectory reached the configured collision radius
velocity row 68/120 IC 18/599 x0=0.790353 velocity_parameter=0.129333 elapsed=61.7705s written=0
  crossing 0/250
  stopped velocity row 68 IC 18 x0=0.790353 velocity_parameter=0.129333 status=collision: trajectory reached the configured collision radius
velocity row 69/120 IC 0/599 x0=0.79034 velocity_parameter=0.1455 elapsed=61.8064s written=0
  crossing 0/250
  stopped velocity row 69 IC 0 x0=0.79034 velocity_parameter=0.1455 status=collision: trajectory reached the configured collision radius
velocity row 69/120 IC 10/599 x0=0.790347 velocity_parameter=0.1455 elapsed=62.1828s written=0
  crossing 0/250
  stopped velocity row 69 IC 10 x0=0.790347 velocity_parameter=0.1455 status=collision: trajectory reached the configured collision radius
velocity row 69/120 IC 18/599 x0=0.790353 velocity_parameter=0.1455 elapsed=62.4956s written=0
  crossing 0/250
  stopped velocity row 69 IC 18 x0=0.790353 velocity_parameter=0.1455 status=collision: trajectory reached the configured collision radius
velocity row 70/120 IC 0/599 x0=0.79034 velocity_parameter=0.161667 elapsed=62.5304s written=0
  crossing 0/250
  stopped velocity row 70 IC 0 x0=0.79034 velocity_parameter=0.161667 status=collision: trajectory reached the configured collision radius
velocity row 70/120 IC 10/599 x0=0.790347 velocity_parameter=0.161667 elapsed=62.8856s written=0
  crossing 0/250
  stopped velocity row 70 IC 10 x0=0.790347 velocity_parameter=0.161667 status=collision: trajectory reached the configured collision radius
velocity row 70/120 IC 18/599 x0=0.790353 velocity_parameter=0.161667 elapsed=63.1801s written=0
  crossing 0/250
  stopped velocity row 70 IC 18 x0=0.790353 velocity_parameter=0.161667 status=collision: trajectory reached the configured collision radius
velocity row 71/120 IC 0/599 x0=0.79034 velocity_parameter=0.177833 elapsed=63.2161s written=0
  crossing 0/250
  stopped velocity row 71 IC 0 x0=0.79034 velocity_parameter=0.177833 status=collision: trajectory reached the configured collision radius
velocity row 71/120 IC 10/599 x0=0.790347 velocity_parameter=0.177833 elapsed=63.5818s written=0
  crossing 0/250
  stopped velocity row 71 IC 10 x0=0.790347 velocity_parameter=0.177833 status=collision: trajectory reached the configured collision radius
velocity row 71/120 IC 18/599 x0=0.790353 velocity_parameter=0.177833 elapsed=63.8722s written=0
  crossing 0/250
  stopped velocity row 71 IC 18 x0=0.790353 velocity_parameter=0.177833 status=collision: trajectory reached the configured collision radius
velocity row 72/120 IC 0/599 x0=0.79034 velocity_parameter=0.194 elapsed=63.908s written=0
  crossing 0/250
  stopped velocity row 72 IC 0 x0=0.79034 velocity_parameter=0.194 status=collision: trajectory reached the configured collision radius
velocity row 72/120 IC 10/599 x0=0.790347 velocity_parameter=0.194 elapsed=64.2997s written=0
  crossing 0/250
  stopped velocity row 72 IC 10 x0=0.790347 velocity_parameter=0.194 status=collision: trajectory reached the configured collision radius
velocity row 72/120 IC 18/599 x0=0.790353 velocity_parameter=0.194 elapsed=64.6005s written=0
  crossing 0/250
  stopped velocity row 72 IC 18 x0=0.790353 velocity_parameter=0.194 status=collision: trajectory reached the configured collision radius
velocity row 73/120 IC 0/599 x0=0.79034 velocity_parameter=0.210167 elapsed=64.6372s written=0
  crossing 0/250
  stopped velocity row 73 IC 0 x0=0.79034 velocity_parameter=0.210167 status=collision: trajectory reached the configured collision radius
velocity row 73/120 IC 10/599 x0=0.790347 velocity_parameter=0.210167 elapsed=64.9932s written=0
  crossing 0/250
  stopped velocity row 73 IC 10 x0=0.790347 velocity_parameter=0.210167 status=collision: trajectory reached the configured collision radius
velocity row 73/120 IC 18/599 x0=0.790353 velocity_parameter=0.210167 elapsed=65.3103s written=0
  crossing 0/250
  stopped velocity row 73 IC 18 x0=0.790353 velocity_parameter=0.210167 status=collision: trajectory reached the configured collision radius
velocity row 74/120 IC 0/599 x0=0.79034 velocity_parameter=0.226333 elapsed=65.3459s written=0
  crossing 0/250
  stopped velocity row 74 IC 0 x0=0.79034 velocity_parameter=0.226333 status=collision: trajectory reached the configured collision radius
velocity row 74/120 IC 10/599 x0=0.790347 velocity_parameter=0.226333 elapsed=65.7331s written=0
  crossing 0/250
  stopped velocity row 74 IC 10 x0=0.790347 velocity_parameter=0.226333 status=collision: trajectory reached the configured collision radius
velocity row 74/120 IC 18/599 x0=0.790353 velocity_parameter=0.226333 elapsed=66.041s written=0
  crossing 0/250
  stopped velocity row 74 IC 18 x0=0.790353 velocity_parameter=0.226333 status=collision: trajectory reached the configured collision radius
velocity row 75/120 IC 0/599 x0=0.79034 velocity_parameter=0.2425 elapsed=66.0767s written=0
  crossing 0/250
  stopped velocity row 75 IC 0 x0=0.79034 velocity_parameter=0.2425 status=collision: trajectory reached the configured collision radius
velocity row 75/120 IC 10/599 x0=0.790347 velocity_parameter=0.2425 elapsed=66.4477s written=0
  crossing 0/250
  stopped velocity row 75 IC 10 x0=0.790347 velocity_parameter=0.2425 status=collision: trajectory reached the configured collision radius
velocity row 75/120 IC 18/599 x0=0.790353 velocity_parameter=0.2425 elapsed=66.7472s written=0
  crossing 0/250
  stopped velocity row 75 IC 18 x0=0.790353 velocity_parameter=0.2425 status=collision: trajectory reached the configured collision radius
velocity row 76/120 IC 0/599 x0=0.79034 velocity_parameter=0.258667 elapsed=66.7873s written=0
  crossing 0/250
  stopped velocity row 76 IC 0 x0=0.79034 velocity_parameter=0.258667 status=collision: trajectory reached the configured collision radius
velocity row 76/120 IC 10/599 x0=0.790347 velocity_parameter=0.258667 elapsed=67.1433s written=0
  crossing 0/250
  stopped velocity row 76 IC 10 x0=0.790347 velocity_parameter=0.258667 status=collision: trajectory reached the configured collision radius
velocity row 76/120 IC 18/599 x0=0.790353 velocity_parameter=0.258667 elapsed=67.4348s written=0
  crossing 0/250
  stopped velocity row 76 IC 18 x0=0.790353 velocity_parameter=0.258667 status=collision: trajectory reached the configured collision radius
velocity row 77/120 IC 0/599 x0=0.79034 velocity_parameter=0.274833 elapsed=67.4717s written=0
  crossing 0/250
  stopped velocity row 77 IC 0 x0=0.79034 velocity_parameter=0.274833 status=collision: trajectory reached the configured collision radius
velocity row 77/120 IC 10/599 x0=0.790347 velocity_parameter=0.274833 elapsed=67.8708s written=0
  crossing 0/250
  stopped velocity row 77 IC 10 x0=0.790347 velocity_parameter=0.274833 status=collision: trajectory reached the configured collision radius
velocity row 77/120 IC 18/599 x0=0.790353 velocity_parameter=0.274833 elapsed=68.1587s written=0
  crossing 0/250
  stopped velocity row 77 IC 18 x0=0.790353 velocity_parameter=0.274833 status=collision: trajectory reached the configured collision radius
velocity row 78/120 IC 0/599 x0=0.79034 velocity_parameter=0.291 elapsed=68.1938s written=0
  crossing 0/250
  stopped velocity row 78 IC 0 x0=0.79034 velocity_parameter=0.291 status=collision: trajectory reached the configured collision radius
velocity row 78/120 IC 10/599 x0=0.790347 velocity_parameter=0.291 elapsed=68.5533s written=0
  crossing 0/250
  stopped velocity row 78 IC 10 x0=0.790347 velocity_parameter=0.291 status=collision: trajectory reached the configured collision radius
velocity row 78/120 IC 18/599 x0=0.790353 velocity_parameter=0.291 elapsed=68.9022s written=0
  crossing 0/250
  stopped velocity row 78 IC 18 x0=0.790353 velocity_parameter=0.291 status=collision: trajectory reached the configured collision radius
velocity row 79/120 IC 0/599 x0=0.79034 velocity_parameter=0.307167 elapsed=68.9381s written=0
  crossing 0/250
  stopped velocity row 79 IC 0 x0=0.79034 velocity_parameter=0.307167 status=collision: trajectory reached the configured collision radius
velocity row 79/120 IC 10/599 x0=0.790347 velocity_parameter=0.307167 elapsed=69.2973s written=0
  crossing 0/250
  stopped velocity row 79 IC 10 x0=0.790347 velocity_parameter=0.307167 status=collision: trajectory reached the configured collision radius
velocity row 79/120 IC 18/599 x0=0.790353 velocity_parameter=0.307167 elapsed=69.5969s written=0
  crossing 0/250
  stopped velocity row 79 IC 18 x0=0.790353 velocity_parameter=0.307167 status=collision: trajectory reached the configured collision radius
velocity row 80/120 IC 0/599 x0=0.79034 velocity_parameter=0.323333 elapsed=69.6335s written=0
  crossing 0/250
  stopped velocity row 80 IC 0 x0=0.79034 velocity_parameter=0.323333 status=collision: trajectory reached the configured collision radius
velocity row 80/120 IC 10/599 x0=0.790347 velocity_parameter=0.323333 elapsed=70.0157s written=0
  crossing 0/250
  stopped velocity row 80 IC 10 x0=0.790347 velocity_parameter=0.323333 status=collision: trajectory reached the configured collision radius
velocity row 80/120 IC 18/599 x0=0.790353 velocity_parameter=0.323333 elapsed=70.2982s written=0
  crossing 0/250
  stopped velocity row 80 IC 18 x0=0.790353 velocity_parameter=0.323333 status=collision: trajectory reached the configured collision radius
velocity row 81/120 IC 0/599 x0=0.79034 velocity_parameter=0.3395 elapsed=70.3341s written=0
  crossing 0/250
  stopped velocity row 81 IC 0 x0=0.79034 velocity_parameter=0.3395 status=collision: trajectory reached the configured collision radius
velocity row 81/120 IC 10/599 x0=0.790347 velocity_parameter=0.3395 elapsed=70.6986s written=0
  crossing 0/250
  stopped velocity row 81 IC 10 x0=0.790347 velocity_parameter=0.3395 status=collision: trajectory reached the configured collision radius
velocity row 81/120 IC 18/599 x0=0.790353 velocity_parameter=0.3395 elapsed=70.9877s written=0
  crossing 0/250
  stopped velocity row 81 IC 18 x0=0.790353 velocity_parameter=0.3395 status=collision: trajectory reached the configured collision radius
velocity row 82/120 IC 0/599 x0=0.79034 velocity_parameter=0.355667 elapsed=71.0236s written=0
  crossing 0/250
  stopped velocity row 82 IC 0 x0=0.79034 velocity_parameter=0.355667 status=collision: trajectory reached the configured collision radius
velocity row 82/120 IC 10/599 x0=0.790347 velocity_parameter=0.355667 elapsed=71.3811s written=0
  crossing 0/250
  stopped velocity row 82 IC 10 x0=0.790347 velocity_parameter=0.355667 status=collision: trajectory reached the configured collision radius
velocity row 82/120 IC 18/599 x0=0.790353 velocity_parameter=0.355667 elapsed=71.6669s written=0
  crossing 0/250
  stopped velocity row 82 IC 18 x0=0.790353 velocity_parameter=0.355667 status=collision: trajectory reached the configured collision radius
velocity row 83/120 IC 0/599 x0=0.79034 velocity_parameter=0.371833 elapsed=71.7019s written=0
  crossing 0/250
  stopped velocity row 83 IC 0 x0=0.79034 velocity_parameter=0.371833 status=collision: trajectory reached the configured collision radius
velocity row 83/120 IC 10/599 x0=0.790347 velocity_parameter=0.371833 elapsed=72.0556s written=0
  crossing 0/250
  stopped velocity row 83 IC 10 x0=0.790347 velocity_parameter=0.371833 status=collision: trajectory reached the configured collision radius
velocity row 83/120 IC 18/599 x0=0.790353 velocity_parameter=0.371833 elapsed=72.3403s written=0
  crossing 0/250
  stopped velocity row 83 IC 18 x0=0.790353 velocity_parameter=0.371833 status=collision: trajectory reached the configured collision radius
velocity row 84/120 IC 0/599 x0=0.79034 velocity_parameter=0.388 elapsed=72.3964s written=0
  crossing 0/250
  stopped velocity row 84 IC 0 x0=0.79034 velocity_parameter=0.388 status=collision: trajectory reached the configured collision radius
velocity row 84/120 IC 10/599 x0=0.790347 velocity_parameter=0.388 elapsed=72.7568s written=0
  crossing 0/250
  stopped velocity row 84 IC 10 x0=0.790347 velocity_parameter=0.388 status=collision: trajectory reached the configured collision radius
velocity row 84/120 IC 18/599 x0=0.790353 velocity_parameter=0.388 elapsed=73.0385s written=0
  crossing 0/250
  stopped velocity row 84 IC 18 x0=0.790353 velocity_parameter=0.388 status=collision: trajectory reached the configured collision radius
velocity row 85/120 IC 0/599 x0=0.79034 velocity_parameter=0.404167 elapsed=73.0738s written=0
  crossing 0/250
  stopped velocity row 85 IC 0 x0=0.79034 velocity_parameter=0.404167 status=collision: trajectory reached the configured collision radius
velocity row 85/120 IC 10/599 x0=0.790347 velocity_parameter=0.404167 elapsed=73.4256s written=0
  crossing 0/250
  stopped velocity row 85 IC 10 x0=0.790347 velocity_parameter=0.404167 status=collision: trajectory reached the configured collision radius
velocity row 85/120 IC 18/599 x0=0.790353 velocity_parameter=0.404167 elapsed=73.7279s written=0
  crossing 0/250
  stopped velocity row 85 IC 18 x0=0.790353 velocity_parameter=0.404167 status=collision: trajectory reached the configured collision radius
velocity row 86/120 IC 0/599 x0=0.79034 velocity_parameter=0.420333 elapsed=73.7632s written=0
  crossing 0/250
  stopped velocity row 86 IC 0 x0=0.79034 velocity_parameter=0.420333 status=collision: trajectory reached the configured collision radius
velocity row 86/120 IC 10/599 x0=0.790347 velocity_parameter=0.420333 elapsed=74.12s written=0
  crossing 0/250
  stopped velocity row 86 IC 10 x0=0.790347 velocity_parameter=0.420333 status=collision: trajectory reached the configured collision radius
velocity row 86/120 IC 18/599 x0=0.790353 velocity_parameter=0.420333 elapsed=74.4039s written=0
  crossing 0/250
  stopped velocity row 86 IC 18 x0=0.790353 velocity_parameter=0.420333 status=collision: trajectory reached the configured collision radius
velocity row 87/120 IC 0/599 x0=0.79034 velocity_parameter=0.4365 elapsed=74.4395s written=0
  crossing 0/250
  stopped velocity row 87 IC 0 x0=0.79034 velocity_parameter=0.4365 status=collision: trajectory reached the configured collision radius
velocity row 87/120 IC 10/599 x0=0.790347 velocity_parameter=0.4365 elapsed=74.7967s written=0
  crossing 0/250
  stopped velocity row 87 IC 10 x0=0.790347 velocity_parameter=0.4365 status=collision: trajectory reached the configured collision radius
velocity row 87/120 IC 18/599 x0=0.790353 velocity_parameter=0.4365 elapsed=75.0798s written=0
  crossing 0/250
  stopped velocity row 87 IC 18 x0=0.790353 velocity_parameter=0.4365 status=collision: trajectory reached the configured collision radius
velocity row 88/120 IC 0/599 x0=0.79034 velocity_parameter=0.452667 elapsed=75.1149s written=0
  crossing 0/250
  stopped velocity row 88 IC 0 x0=0.79034 velocity_parameter=0.452667 status=collision: trajectory reached the configured collision radius
velocity row 88/120 IC 10/599 x0=0.790347 velocity_parameter=0.452667 elapsed=75.4741s written=0
  crossing 0/250
  stopped velocity row 88 IC 10 x0=0.790347 velocity_parameter=0.452667 status=collision: trajectory reached the configured collision radius
velocity row 88/120 IC 18/599 x0=0.790353 velocity_parameter=0.452667 elapsed=75.7731s written=0
  crossing 0/250
  stopped velocity row 88 IC 18 x0=0.790353 velocity_parameter=0.452667 status=collision: trajectory reached the configured collision radius
velocity row 89/120 IC 0/599 x0=0.79034 velocity_parameter=0.468833 elapsed=75.8088s written=0
  crossing 0/250
  stopped velocity row 89 IC 0 x0=0.79034 velocity_parameter=0.468833 status=collision: trajectory reached the configured collision radius
velocity row 89/120 IC 10/599 x0=0.790347 velocity_parameter=0.468833 elapsed=76.1641s written=0
  crossing 0/250
  stopped velocity row 89 IC 10 x0=0.790347 velocity_parameter=0.468833 status=collision: trajectory reached the configured collision radius
velocity row 89/120 IC 18/599 x0=0.790353 velocity_parameter=0.468833 elapsed=76.4479s written=0
  crossing 0/250
  stopped velocity row 89 IC 18 x0=0.790353 velocity_parameter=0.468833 status=collision: trajectory reached the configured collision radius
velocity row 90/120 IC 0/599 x0=0.79034 velocity_parameter=0.485 elapsed=76.483s written=0
  crossing 0/250
  stopped velocity row 90 IC 0 x0=0.79034 velocity_parameter=0.485 status=collision: trajectory reached the configured collision radius
velocity row 90/120 IC 10/599 x0=0.790347 velocity_parameter=0.485 elapsed=76.854s written=0
  crossing 0/250
  stopped velocity row 90 IC 10 x0=0.790347 velocity_parameter=0.485 status=collision: trajectory reached the configured collision radius
velocity row 90/120 IC 18/599 x0=0.790353 velocity_parameter=0.485 elapsed=77.1428s written=0
  crossing 0/250
  stopped velocity row 90 IC 18 x0=0.790353 velocity_parameter=0.485 status=collision: trajectory reached the configured collision radius
velocity row 91/120 IC 0/599 x0=0.79034 velocity_parameter=0.501167 elapsed=77.1784s written=0
  crossing 0/250
  stopped velocity row 91 IC 0 x0=0.79034 velocity_parameter=0.501167 status=collision: trajectory reached the configured collision radius
velocity row 91/120 IC 10/599 x0=0.790347 velocity_parameter=0.501167 elapsed=77.5387s written=0
  crossing 0/250
  stopped velocity row 91 IC 10 x0=0.790347 velocity_parameter=0.501167 status=collision: trajectory reached the configured collision radius
velocity row 91/120 IC 18/599 x0=0.790353 velocity_parameter=0.501167 elapsed=77.8303s written=0
  crossing 0/250
  stopped velocity row 91 IC 18 x0=0.790353 velocity_parameter=0.501167 status=collision: trajectory reached the configured collision radius
velocity row 92/120 IC 0/599 x0=0.79034 velocity_parameter=0.517333 elapsed=77.8683s written=0
  crossing 0/250
  stopped velocity row 92 IC 0 x0=0.79034 velocity_parameter=0.517333 status=collision: trajectory reached the configured collision radius
velocity row 92/120 IC 10/599 x0=0.790347 velocity_parameter=0.517333 elapsed=78.2204s written=0
  crossing 0/250
  stopped velocity row 92 IC 10 x0=0.790347 velocity_parameter=0.517333 status=collision: trajectory reached the configured collision radius
velocity row 92/120 IC 18/599 x0=0.790353 velocity_parameter=0.517333 elapsed=78.5037s written=0
  crossing 0/250
  stopped velocity row 92 IC 18 x0=0.790353 velocity_parameter=0.517333 status=collision: trajectory reached the configured collision radius
velocity row 93/120 IC 0/599 x0=0.79034 velocity_parameter=0.5335 elapsed=78.5396s written=0
  crossing 0/250
  stopped velocity row 93 IC 0 x0=0.79034 velocity_parameter=0.5335 status=collision: trajectory reached the configured collision radius
velocity row 93/120 IC 10/599 x0=0.790347 velocity_parameter=0.5335 elapsed=78.8913s written=0
  crossing 0/250
  stopped velocity row 93 IC 10 x0=0.790347 velocity_parameter=0.5335 status=collision: trajectory reached the configured collision radius
velocity row 93/120 IC 18/599 x0=0.790353 velocity_parameter=0.5335 elapsed=79.1854s written=0
  crossing 0/250
  stopped velocity row 93 IC 18 x0=0.790353 velocity_parameter=0.5335 status=collision: trajectory reached the configured collision radius
velocity row 94/120 IC 0/599 x0=0.79034 velocity_parameter=0.549667 elapsed=79.2216s written=0
  crossing 0/250
  stopped velocity row 94 IC 0 x0=0.79034 velocity_parameter=0.549667 status=collision: trajectory reached the configured collision radius
velocity row 94/120 IC 10/599 x0=0.790347 velocity_parameter=0.549667 elapsed=79.5765s written=0
  crossing 0/250
  stopped velocity row 94 IC 10 x0=0.790347 velocity_parameter=0.549667 status=collision: trajectory reached the configured collision radius
velocity row 94/120 IC 18/599 x0=0.790353 velocity_parameter=0.549667 elapsed=79.8619s written=0
  crossing 0/250
  stopped velocity row 94 IC 18 x0=0.790353 velocity_parameter=0.549667 status=collision: trajectory reached the configured collision radius
velocity row 95/120 IC 0/599 x0=0.79034 velocity_parameter=0.565833 elapsed=79.8983s written=0
  crossing 0/250
  stopped velocity row 95 IC 0 x0=0.79034 velocity_parameter=0.565833 status=collision: trajectory reached the configured collision radius
velocity row 95/120 IC 10/599 x0=0.790347 velocity_parameter=0.565833 elapsed=80.2537s written=0
  crossing 0/250
  stopped velocity row 95 IC 10 x0=0.790347 velocity_parameter=0.565833 status=collision: trajectory reached the configured collision radius
velocity row 95/120 IC 18/599 x0=0.790353 velocity_parameter=0.565833 elapsed=80.5408s written=0
  crossing 0/250
  stopped velocity row 95 IC 18 x0=0.790353 velocity_parameter=0.565833 status=collision: trajectory reached the configured collision radius
velocity row 96/120 IC 0/599 x0=0.79034 velocity_parameter=0.582 elapsed=80.5768s written=0
  crossing 0/250
  stopped velocity row 96 IC 0 x0=0.79034 velocity_parameter=0.582 status=collision: trajectory reached the configured collision radius
velocity row 96/120 IC 10/599 x0=0.790347 velocity_parameter=0.582 elapsed=80.9594s written=0
  crossing 0/250
  stopped velocity row 96 IC 10 x0=0.790347 velocity_parameter=0.582 status=collision: trajectory reached the configured collision radius
velocity row 96/120 IC 18/599 x0=0.790353 velocity_parameter=0.582 elapsed=81.2445s written=0
  crossing 0/250
  stopped velocity row 96 IC 18 x0=0.790353 velocity_parameter=0.582 status=collision: trajectory reached the configured collision radius
velocity row 97/120 IC 0/599 x0=0.79034 velocity_parameter=0.598167 elapsed=81.2802s written=0
  crossing 0/250
  stopped velocity row 97 IC 0 x0=0.79034 velocity_parameter=0.598167 status=collision: trajectory reached the configured collision radius
velocity row 97/120 IC 10/599 x0=0.790347 velocity_parameter=0.598167 elapsed=81.6513s written=0
  crossing 0/250
  stopped velocity row 97 IC 10 x0=0.790347 velocity_parameter=0.598167 status=collision: trajectory reached the configured collision radius
velocity row 97/120 IC 18/599 x0=0.790353 velocity_parameter=0.598167 elapsed=81.9392s written=0
  crossing 0/250
  stopped velocity row 97 IC 18 x0=0.790353 velocity_parameter=0.598167 status=collision: trajectory reached the configured collision radius
velocity row 98/120 IC 0/599 x0=0.79034 velocity_parameter=0.614333 elapsed=81.9747s written=0
  crossing 0/250
  stopped velocity row 98 IC 0 x0=0.79034 velocity_parameter=0.614333 status=collision: trajectory reached the configured collision radius
velocity row 98/120 IC 10/599 x0=0.790347 velocity_parameter=0.614333 elapsed=82.335s written=0
  crossing 0/250
  stopped velocity row 98 IC 10 x0=0.790347 velocity_parameter=0.614333 status=collision: trajectory reached the configured collision radius
velocity row 98/120 IC 18/599 x0=0.790353 velocity_parameter=0.614333 elapsed=82.6324s written=0
  crossing 0/250
  stopped velocity row 98 IC 18 x0=0.790353 velocity_parameter=0.614333 status=collision: trajectory reached the configured collision radius
velocity row 99/120 IC 0/599 x0=0.79034 velocity_parameter=0.6305 elapsed=82.6676s written=0
  crossing 0/250
  stopped velocity row 99 IC 0 x0=0.79034 velocity_parameter=0.6305 status=collision: trajectory reached the configured collision radius
velocity row 99/120 IC 10/599 x0=0.790347 velocity_parameter=0.6305 elapsed=83.0232s written=0
  crossing 0/250
  stopped velocity row 99 IC 10 x0=0.790347 velocity_parameter=0.6305 status=collision: trajectory reached the configured collision radius
velocity row 99/120 IC 18/599 x0=0.790353 velocity_parameter=0.6305 elapsed=83.3099s written=0
  crossing 0/250
  stopped velocity row 99 IC 18 x0=0.790353 velocity_parameter=0.6305 status=collision: trajectory reached the configured collision radius
velocity row 100/120 IC 0/599 x0=0.79034 velocity_parameter=0.646667 elapsed=83.3454s written=0
  crossing 0/250
  stopped velocity row 100 IC 0 x0=0.79034 velocity_parameter=0.646667 status=collision: trajectory reached the configured collision radius
velocity row 100/120 IC 10/599 x0=0.790347 velocity_parameter=0.646667 elapsed=83.7096s written=0
  crossing 0/250
  stopped velocity row 100 IC 10 x0=0.790347 velocity_parameter=0.646667 status=collision: trajectory reached the configured collision radius
velocity row 100/120 IC 18/599 x0=0.790353 velocity_parameter=0.646667 elapsed=83.9963s written=0
  crossing 0/250
  stopped velocity row 100 IC 18 x0=0.790353 velocity_parameter=0.646667 status=collision: trajectory reached the configured collision radius
velocity row 101/120 IC 0/599 x0=0.79034 velocity_parameter=0.662833 elapsed=84.0325s written=0
  crossing 0/250
  stopped velocity row 101 IC 0 x0=0.79034 velocity_parameter=0.662833 status=collision: trajectory reached the configured collision radius
velocity row 101/120 IC 10/599 x0=0.790347 velocity_parameter=0.662833 elapsed=84.3895s written=0
  crossing 0/250
  stopped velocity row 101 IC 10 x0=0.790347 velocity_parameter=0.662833 status=collision: trajectory reached the configured collision radius
velocity row 101/120 IC 18/599 x0=0.790353 velocity_parameter=0.662833 elapsed=84.6761s written=0
  crossing 0/250
  stopped velocity row 101 IC 18 x0=0.790353 velocity_parameter=0.662833 status=collision: trajectory reached the configured collision radius
velocity row 102/120 IC 0/599 x0=0.79034 velocity_parameter=0.679 elapsed=84.7122s written=0
  crossing 0/250
  stopped velocity row 102 IC 0 x0=0.79034 velocity_parameter=0.679 status=collision: trajectory reached the configured collision radius
velocity row 102/120 IC 10/599 x0=0.790347 velocity_parameter=0.679 elapsed=85.0682s written=0
  crossing 0/250
  stopped velocity row 102 IC 10 x0=0.790347 velocity_parameter=0.679 status=collision: trajectory reached the configured collision radius
velocity row 102/120 IC 18/599 x0=0.790353 velocity_parameter=0.679 elapsed=85.3538s written=0
  crossing 0/250
  stopped velocity row 102 IC 18 x0=0.790353 velocity_parameter=0.679 status=collision: trajectory reached the configured collision radius
velocity row 103/120 IC 0/599 x0=0.79034 velocity_parameter=0.695167 elapsed=85.3911s written=0
  crossing 0/250
  stopped velocity row 103 IC 0 x0=0.79034 velocity_parameter=0.695167 status=collision: trajectory reached the configured collision radius
velocity row 103/120 IC 10/599 x0=0.790347 velocity_parameter=0.695167 elapsed=85.7715s written=0
  crossing 0/250
  stopped velocity row 103 IC 10 x0=0.790347 velocity_parameter=0.695167 status=collision: trajectory reached the configured collision radius
velocity row 103/120 IC 18/599 x0=0.790353 velocity_parameter=0.695167 elapsed=86.0613s written=0
  crossing 0/250
  stopped velocity row 103 IC 18 x0=0.790353 velocity_parameter=0.695167 status=collision: trajectory reached the configured collision radius
velocity row 104/120 IC 0/599 x0=0.79034 velocity_parameter=0.711333 elapsed=86.0977s written=0
  crossing 0/250
  stopped velocity row 104 IC 0 x0=0.79034 velocity_parameter=0.711333 status=collision: trajectory reached the configured collision radius
velocity row 104/120 IC 10/599 x0=0.790347 velocity_parameter=0.711333 elapsed=86.4806s written=0
  crossing 0/250
  stopped velocity row 104 IC 10 x0=0.790347 velocity_parameter=0.711333 status=collision: trajectory reached the configured collision radius
velocity row 104/120 IC 18/599 x0=0.790353 velocity_parameter=0.711333 elapsed=86.7963s written=0
  crossing 0/250
  stopped velocity row 104 IC 18 x0=0.790353 velocity_parameter=0.711333 status=collision: trajectory reached the configured collision radius
velocity row 105/120 IC 0/599 x0=0.79034 velocity_parameter=0.7275 elapsed=86.832s written=0
  crossing 0/250
  stopped velocity row 105 IC 0 x0=0.79034 velocity_parameter=0.7275 status=collision: trajectory reached the configured collision radius
velocity row 105/120 IC 10/599 x0=0.790347 velocity_parameter=0.7275 elapsed=87.2074s written=0
  crossing 0/250
  stopped velocity row 105 IC 10 x0=0.790347 velocity_parameter=0.7275 status=collision: trajectory reached the configured collision radius
velocity row 105/120 IC 18/599 x0=0.790353 velocity_parameter=0.7275 elapsed=87.4992s written=0
  crossing 0/250
  stopped velocity row 105 IC 18 x0=0.790353 velocity_parameter=0.7275 status=collision: trajectory reached the configured collision radius
velocity row 106/120 IC 0/599 x0=0.79034 velocity_parameter=0.743667 elapsed=87.536s written=0
  crossing 0/250
  stopped velocity row 106 IC 0 x0=0.79034 velocity_parameter=0.743667 status=collision: trajectory reached the configured collision radius
velocity row 106/120 IC 10/599 x0=0.790347 velocity_parameter=0.743667 elapsed=87.9487s written=0
  crossing 0/250
  stopped velocity row 106 IC 10 x0=0.790347 velocity_parameter=0.743667 status=collision: trajectory reached the configured collision radius
velocity row 106/120 IC 18/599 x0=0.790353 velocity_parameter=0.743667 elapsed=88.2354s written=0
  crossing 0/250
  stopped velocity row 106 IC 18 x0=0.790353 velocity_parameter=0.743667 status=collision: trajectory reached the configured collision radius
velocity row 107/120 IC 0/599 x0=0.79034 velocity_parameter=0.759833 elapsed=88.2827s written=0
  crossing 0/250
  stopped velocity row 107 IC 0 x0=0.79034 velocity_parameter=0.759833 status=collision: trajectory reached the configured collision radius
velocity row 107/120 IC 10/599 x0=0.790347 velocity_parameter=0.759833 elapsed=88.6407s written=0
  crossing 0/250
  stopped velocity row 107 IC 10 x0=0.790347 velocity_parameter=0.759833 status=collision: trajectory reached the configured collision radius
velocity row 107/120 IC 18/599 x0=0.790353 velocity_parameter=0.759833 elapsed=88.9304s written=0
  crossing 0/250
  stopped velocity row 107 IC 18 x0=0.790353 velocity_parameter=0.759833 status=collision: trajectory reached the configured collision radius
velocity row 108/120 IC 0/599 x0=0.79034 velocity_parameter=0.776 elapsed=88.9666s written=0
  crossing 0/250
  stopped velocity row 108 IC 0 x0=0.79034 velocity_parameter=0.776 status=collision: trajectory reached the configured collision radius
velocity row 108/120 IC 10/599 x0=0.790347 velocity_parameter=0.776 elapsed=89.3308s written=0
  crossing 0/250
  stopped velocity row 108 IC 10 x0=0.790347 velocity_parameter=0.776 status=collision: trajectory reached the configured collision radius
velocity row 108/120 IC 18/599 x0=0.790353 velocity_parameter=0.776 elapsed=89.6218s written=0
  crossing 0/250
  stopped velocity row 108 IC 18 x0=0.790353 velocity_parameter=0.776 status=collision: trajectory reached the configured collision radius
velocity row 109/120 IC 0/599 x0=0.79034 velocity_parameter=0.792167 elapsed=89.6584s written=0
  crossing 0/250
  stopped velocity row 109 IC 0 x0=0.79034 velocity_parameter=0.792167 status=collision: trajectory reached the configured collision radius
velocity row 109/120 IC 10/599 x0=0.790347 velocity_parameter=0.792167 elapsed=90.0515s written=0
  crossing 0/250
  stopped velocity row 109 IC 10 x0=0.790347 velocity_parameter=0.792167 status=collision: trajectory reached the configured collision radius
velocity row 109/120 IC 18/599 x0=0.790353 velocity_parameter=0.792167 elapsed=90.3393s written=0
  crossing 0/250
  stopped velocity row 109 IC 18 x0=0.790353 velocity_parameter=0.792167 status=collision: trajectory reached the configured collision radius
velocity row 110/120 IC 0/599 x0=0.79034 velocity_parameter=0.808333 elapsed=90.3752s written=0
  crossing 0/250
  stopped velocity row 110 IC 0 x0=0.79034 velocity_parameter=0.808333 status=collision: trajectory reached the configured collision radius
velocity row 110/120 IC 10/599 x0=0.790347 velocity_parameter=0.808333 elapsed=90.7372s written=0
  crossing 0/250
  stopped velocity row 110 IC 10 x0=0.790347 velocity_parameter=0.808333 status=collision: trajectory reached the configured collision radius
velocity row 110/120 IC 18/599 x0=0.790353 velocity_parameter=0.808333 elapsed=91.0311s written=0
  crossing 0/250
  stopped velocity row 110 IC 18 x0=0.790353 velocity_parameter=0.808333 status=collision: trajectory reached the configured collision radius
velocity row 111/120 IC 0/599 x0=0.79034 velocity_parameter=0.8245 elapsed=91.0673s written=0
  crossing 0/250
  stopped velocity row 111 IC 0 x0=0.79034 velocity_parameter=0.8245 status=collision: trajectory reached the configured collision radius
velocity row 111/120 IC 10/599 x0=0.790347 velocity_parameter=0.8245 elapsed=91.4503s written=0
  crossing 0/250
  stopped velocity row 111 IC 10 x0=0.790347 velocity_parameter=0.8245 status=collision: trajectory reached the configured collision radius
velocity row 111/120 IC 18/599 x0=0.790353 velocity_parameter=0.8245 elapsed=91.7556s written=0
  crossing 0/250
  stopped velocity row 111 IC 18 x0=0.790353 velocity_parameter=0.8245 status=collision: trajectory reached the configured collision radius
velocity row 112/120 IC 0/599 x0=0.79034 velocity_parameter=0.840667 elapsed=91.7919s written=0
  crossing 0/250
  stopped velocity row 112 IC 0 x0=0.79034 velocity_parameter=0.840667 status=collision: trajectory reached the configured collision radius
velocity row 112/120 IC 10/599 x0=0.790347 velocity_parameter=0.840667 elapsed=92.1587s written=0
  crossing 0/250
  stopped velocity row 112 IC 10 x0=0.790347 velocity_parameter=0.840667 status=collision: trajectory reached the configured collision radius
velocity row 112/120 IC 18/599 x0=0.790353 velocity_parameter=0.840667 elapsed=92.4865s written=0
  crossing 0/250
  stopped velocity row 112 IC 18 x0=0.790353 velocity_parameter=0.840667 status=collision: trajectory reached the configured collision radius
velocity row 113/120 IC 0/599 x0=0.79034 velocity_parameter=0.856833 elapsed=92.5224s written=0
  crossing 0/250
  stopped velocity row 113 IC 0 x0=0.79034 velocity_parameter=0.856833 status=collision: trajectory reached the configured collision radius
velocity row 113/120 IC 10/599 x0=0.790347 velocity_parameter=0.856833 elapsed=92.9112s written=0
  crossing 0/250
  stopped velocity row 113 IC 10 x0=0.790347 velocity_parameter=0.856833 status=collision: trajectory reached the configured collision radius
velocity row 113/120 IC 18/599 x0=0.790353 velocity_parameter=0.856833 elapsed=93.2391s written=0
  crossing 0/250
  stopped velocity row 113 IC 18 x0=0.790353 velocity_parameter=0.856833 status=collision: trajectory reached the configured collision radius
velocity row 114/120 IC 0/599 x0=0.79034 velocity_parameter=0.873 elapsed=93.2767s written=0
  crossing 0/250
  stopped velocity row 114 IC 0 x0=0.79034 velocity_parameter=0.873 status=collision: trajectory reached the configured collision radius
velocity row 114/120 IC 10/599 x0=0.790347 velocity_parameter=0.873 elapsed=93.6535s written=0
  crossing 0/250
  stopped velocity row 114 IC 10 x0=0.790347 velocity_parameter=0.873 status=collision: trajectory reached the configured collision radius
velocity row 114/120 IC 18/599 x0=0.790353 velocity_parameter=0.873 elapsed=93.9506s written=0
  crossing 0/250
  stopped velocity row 114 IC 18 x0=0.790353 velocity_parameter=0.873 status=collision: trajectory reached the configured collision radius
velocity row 115/120 IC 0/599 x0=0.79034 velocity_parameter=0.889167 elapsed=93.9869s written=0
  crossing 0/250
  stopped velocity row 115 IC 0 x0=0.79034 velocity_parameter=0.889167 status=collision: trajectory reached the configured collision radius
velocity row 115/120 IC 10/599 x0=0.790347 velocity_parameter=0.889167 elapsed=94.3546s written=0
  crossing 0/250
  stopped velocity row 115 IC 10 x0=0.790347 velocity_parameter=0.889167 status=collision: trajectory reached the configured collision radius
velocity row 115/120 IC 18/599 x0=0.790353 velocity_parameter=0.889167 elapsed=94.6574s written=0
  crossing 0/250
  stopped velocity row 115 IC 18 x0=0.790353 velocity_parameter=0.889167 status=collision: trajectory reached the configured collision radius
velocity row 116/120 IC 0/599 x0=0.79034 velocity_parameter=0.905333 elapsed=94.6945s written=0
  crossing 0/250
  stopped velocity row 116 IC 0 x0=0.79034 velocity_parameter=0.905333 status=collision: trajectory reached the configured collision radius
velocity row 116/120 IC 10/599 x0=0.790347 velocity_parameter=0.905333 elapsed=95.0798s written=0
  crossing 0/250
  stopped velocity row 116 IC 10 x0=0.790347 velocity_parameter=0.905333 status=collision: trajectory reached the configured collision radius
velocity row 116/120 IC 18/599 x0=0.790353 velocity_parameter=0.905333 elapsed=95.3744s written=0
  crossing 0/250
  stopped velocity row 116 IC 18 x0=0.790353 velocity_parameter=0.905333 status=collision: trajectory reached the configured collision radius
velocity row 117/120 IC 0/599 x0=0.79034 velocity_parameter=0.9215 elapsed=95.411s written=0
  crossing 0/250
  stopped velocity row 117 IC 0 x0=0.79034 velocity_parameter=0.9215 status=collision: trajectory reached the configured collision radius
velocity row 117/120 IC 10/599 x0=0.790347 velocity_parameter=0.9215 elapsed=95.7778s written=10
  crossing 0/250
  stopped velocity row 117 IC 10 x0=0.790347 velocity_parameter=0.9215 status=collision: trajectory reached the configured collision radius
velocity row 117/120 IC 18/599 x0=0.790353 velocity_parameter=0.9215 elapsed=96.0765s written=18
  crossing 0/250
  stopped velocity row 117 IC 18 x0=0.790353 velocity_parameter=0.9215 status=collision: trajectory reached the configured collision radius
velocity row 118/120 IC 0/599 x0=0.79034 velocity_parameter=0.937667 elapsed=96.1136s written=19
  crossing 0/250
  stopped velocity row 118 IC 0 x0=0.79034 velocity_parameter=0.937667 status=collision: trajectory reached the configured collision radius
velocity row 118/120 IC 10/599 x0=0.790347 velocity_parameter=0.937667 elapsed=96.5015s written=29
  crossing 0/250
  stopped velocity row 118 IC 10 x0=0.790347 velocity_parameter=0.937667 status=collision: trajectory reached the configured collision radius
velocity row 118/120 IC 18/599 x0=0.790353 velocity_parameter=0.937667 elapsed=96.7992s written=37
  crossing 0/250
  stopped velocity row 118 IC 18 x0=0.790353 velocity_parameter=0.937667 status=collision: trajectory reached the configured collision radius
velocity row 119/120 IC 0/599 x0=0.79034 velocity_parameter=0.953833 elapsed=96.8365s written=38
  crossing 0/250
  stopped velocity row 119 IC 0 x0=0.79034 velocity_parameter=0.953833 status=collision: trajectory reached the configured collision radius
velocity row 119/120 IC 10/599 x0=0.790347 velocity_parameter=0.953833 elapsed=97.2142s written=48
  crossing 0/250
  stopped velocity row 119 IC 10 x0=0.790347 velocity_parameter=0.953833 status=collision: trajectory reached the configured collision radius
velocity row 119/120 IC 18/599 x0=0.790353 velocity_parameter=0.953833 elapsed=97.5083s written=56
  crossing 0/250
  stopped velocity row 119 IC 18 x0=0.790353 velocity_parameter=0.953833 status=collision: trajectory reached the configured collision radius
velocity row 120/120 IC 0/599 x0=0.79034 velocity_parameter=0.97 elapsed=97.5451s written=57
  crossing 0/250
  stopped velocity row 120 IC 0 x0=0.79034 velocity_parameter=0.97 status=collision: trajectory reached the configured collision radius
velocity row 120/120 IC 10/599 x0=0.790347 velocity_parameter=0.97 elapsed=97.9166s written=67
  crossing 0/250
  stopped velocity row 120 IC 10 x0=0.790347 velocity_parameter=0.97 status=collision: trajectory reached the configured collision radius
velocity row 120/120 IC 18/599 x0=0.790353 velocity_parameter=0.97 elapsed=98.2458s written=75
  crossing 0/250
  stopped velocity row 120 IC 18 x0=0.790353 velocity_parameter=0.97 status=collision: trajectory reached the configured collision radius
svg -> /mnt/c/Users/payne/Code/Hill_4BP/professional_neck_studies/e1_dense_001/survey/level_006_delta_1e_minus_8/closed/shard_0000/preview.svg
metadata -> /mnt/c/Users/payne/Code/Hill_4BP/professional_neck_studies/e1_dense_001/survey/level_006_delta_1e_minus_8/closed/shard_0000/metadata.txt
wrote 76 points (0 ICs skipped, 2299 orbits stopped early, elapsed=98.2852s) -> /mnt/c/Users/payne/Code/Hill_4BP/professional_neck_studies/e1_dense_001/survey/level_006_delta_1e_minus_8/closed/shard_0000/points.csv
outcomes: collision=2299 completed=0 forbidden=0 inner_radius_limit=0 invalid_initial_radius=0 invalid_velocity=0 nontransverse=0 numerical_failure=0 outer_limit=0 timeout=0
maximum sampled |H-h|=8.99796e-16
