zero-velocity boundary -> /mnt/c/Users/payne/Code/Hill_4BP/professional_neck_studies/e1_dense_001/survey/level_002_delta_1e_minus_4/closed/shard_0001/zero_velocity_boundary.csv
lambda1=0.0272549 lambda2=2.97275 A=-0.986373 B=0.486373 c=0.0976566 c1=0 c2=0 c3=-0.0976566 h=-2.39164 (C=4.78327)
E1/E2 neck h=-2.39154 (C=4.78307), E3/E4 neck h=-0.454039 (C=0.908078)
energy_mode=neck_delta neck=E1 hcrit=-2.39154 delta=0.0001 side=closed actual_neck_side=closed delta_h=-0.0001
x_count=600 xdot_count=121 iterates=250 index range=[19,37] velocity_mode=fraction x_range=[0.769054,0.812056] max_return_time=100
smooth coordinates R=sqrt(rho), CAPD crossing mode=Both solver_order=28 max_step=0.005 abs_tol=1e-15 rel_tol=1e-13 collision_radius=1e-06 outer_radius=5
velocity row 0/120 IC 19/599 x0=0.770418 velocity_parameter=-0.97 elapsed=1.61e-07s written=0
  crossing 0/250
  stopped velocity row 0 IC 19 x0=0.770418 velocity_parameter=-0.97 status=collision: trajectory reached the configured collision radius
  stopped velocity row 0 IC 20 x0=0.77049 velocity_parameter=-0.97 status=collision: trajectory reached the configured collision radius
  stopped velocity row 0 IC 21 x0=0.770561 velocity_parameter=-0.97 status=collision: trajectory reached the configured collision radius
  stopped velocity row 0 IC 22 x0=0.770633 velocity_parameter=-0.97 status=collision: trajectory reached the configured collision radius
  stopped velocity row 0 IC 23 x0=0.770705 velocity_parameter=-0.97 status=collision: trajectory reached the configured collision radius
  stopped velocity row 0 IC 24 x0=0.770777 velocity_parameter=-0.97 status=collision: trajectory reached the configured collision radius
  stopped velocity row 0 IC 25 x0=0.770849 velocity_parameter=-0.97 status=collision: trajectory reached the configured collision radius
  stopped velocity row 0 IC 26 x0=0.77092 velocity_parameter=-0.97 status=collision: trajectory reached the configured collision radius
  stopped velocity row 0 IC 27 x0=0.770992 velocity_parameter=-0.97 status=collision: trajectory reached the configured collision radius
  stopped velocity row 0 IC 28 x0=0.771064 velocity_parameter=-0.97 status=collision: trajectory reached the configured collision radius
velocity row 0/120 IC 29/599 x0=0.771136 velocity_parameter=-0.97 elapsed=0.766917s written=0
  crossing 0/250
  stopped velocity row 0 IC 29 x0=0.771136 velocity_parameter=-0.97 status=collision: trajectory reached the configured collision radius
velocity row 0/120 IC 37/599 x0=0.77171 velocity_parameter=-0.97 elapsed=1.37985s written=0
  crossing 0/250
  stopped velocity row 0 IC 37 x0=0.77171 velocity_parameter=-0.97 status=collision: trajectory reached the configured collision radius
velocity row 1/120 IC 19/599 x0=0.770418 velocity_parameter=-0.953833 elapsed=1.45669s written=0
  crossing 0/250
  stopped velocity row 1 IC 19 x0=0.770418 velocity_parameter=-0.953833 status=collision: trajectory reached the configured collision radius
velocity row 1/120 IC 29/599 x0=0.771136 velocity_parameter=-0.953833 elapsed=2.1988s written=0
  crossing 0/250
  stopped velocity row 1 IC 29 x0=0.771136 velocity_parameter=-0.953833 status=collision: trajectory reached the configured collision radius
velocity row 1/120 IC 37/599 x0=0.77171 velocity_parameter=-0.953833 elapsed=2.81129s written=0
  crossing 0/250
  stopped velocity row 1 IC 37 x0=0.77171 velocity_parameter=-0.953833 status=collision: trajectory reached the configured collision radius
velocity row 2/120 IC 19/599 x0=0.770418 velocity_parameter=-0.937667 elapsed=2.88251s written=0
  crossing 0/250
  stopped velocity row 2 IC 19 x0=0.770418 velocity_parameter=-0.937667 status=collision: trajectory reached the configured collision radius
velocity row 2/120 IC 29/599 x0=0.771136 velocity_parameter=-0.937667 elapsed=3.63768s written=0
  crossing 0/250
  stopped velocity row 2 IC 29 x0=0.771136 velocity_parameter=-0.937667 status=collision: trajectory reached the configured collision radius
velocity row 2/120 IC 37/599 x0=0.77171 velocity_parameter=-0.937667 elapsed=4.24413s written=0
  crossing 0/250
  stopped velocity row 2 IC 37 x0=0.77171 velocity_parameter=-0.937667 status=collision: trajectory reached the configured collision radius
velocity row 3/120 IC 19/599 x0=0.770418 velocity_parameter=-0.9215 elapsed=4.32498s written=0
  crossing 0/250
  stopped velocity row 3 IC 19 x0=0.770418 velocity_parameter=-0.9215 status=collision: trajectory reached the configured collision radius
velocity row 3/120 IC 29/599 x0=0.771136 velocity_parameter=-0.9215 elapsed=5.06781s written=0
  crossing 0/250
  stopped velocity row 3 IC 29 x0=0.771136 velocity_parameter=-0.9215 status=collision: trajectory reached the configured collision radius
velocity row 3/120 IC 37/599 x0=0.77171 velocity_parameter=-0.9215 elapsed=5.64712s written=0
  crossing 0/250
  stopped velocity row 3 IC 37 x0=0.77171 velocity_parameter=-0.9215 status=collision: trajectory reached the configured collision radius
velocity row 4/120 IC 19/599 x0=0.770418 velocity_parameter=-0.905333 elapsed=5.7219s written=0
  crossing 0/250
  stopped velocity row 4 IC 19 x0=0.770418 velocity_parameter=-0.905333 status=collision: trajectory reached the configured collision radius
velocity row 4/120 IC 29/599 x0=0.771136 velocity_parameter=-0.905333 elapsed=6.44441s written=0
  crossing 0/250
  stopped velocity row 4 IC 29 x0=0.771136 velocity_parameter=-0.905333 status=collision: trajectory reached the configured collision radius
velocity row 4/120 IC 37/599 x0=0.77171 velocity_parameter=-0.905333 elapsed=7.03426s written=0
  crossing 0/250
  stopped velocity row 4 IC 37 x0=0.77171 velocity_parameter=-0.905333 status=collision: trajectory reached the configured collision radius
velocity row 5/120 IC 19/599 x0=0.770418 velocity_parameter=-0.889167 elapsed=7.10879s written=0
  crossing 0/250
  stopped velocity row 5 IC 19 x0=0.770418 velocity_parameter=-0.889167 status=collision: trajectory reached the configured collision radius
velocity row 5/120 IC 29/599 x0=0.771136 velocity_parameter=-0.889167 elapsed=7.83626s written=0
  crossing 0/250
  stopped velocity row 5 IC 29 x0=0.771136 velocity_parameter=-0.889167 status=collision: trajectory reached the configured collision radius
velocity row 5/120 IC 37/599 x0=0.77171 velocity_parameter=-0.889167 elapsed=8.4156s written=0
  crossing 0/250
  stopped velocity row 5 IC 37 x0=0.77171 velocity_parameter=-0.889167 status=collision: trajectory reached the configured collision radius
velocity row 6/120 IC 19/599 x0=0.770418 velocity_parameter=-0.873 elapsed=8.4909s written=0
  crossing 0/250
  stopped velocity row 6 IC 19 x0=0.770418 velocity_parameter=-0.873 status=collision: trajectory reached the configured collision radius
velocity row 6/120 IC 29/599 x0=0.771136 velocity_parameter=-0.873 elapsed=9.22241s written=0
  crossing 0/250
  stopped velocity row 6 IC 29 x0=0.771136 velocity_parameter=-0.873 status=collision: trajectory reached the configured collision radius
velocity row 6/120 IC 37/599 x0=0.77171 velocity_parameter=-0.873 elapsed=9.78702s written=0
  crossing 0/250
  stopped velocity row 6 IC 37 x0=0.77171 velocity_parameter=-0.873 status=collision: trajectory reached the configured collision radius
velocity row 7/120 IC 19/599 x0=0.770418 velocity_parameter=-0.856833 elapsed=9.85731s written=0
  crossing 0/250
  stopped velocity row 7 IC 19 x0=0.770418 velocity_parameter=-0.856833 status=collision: trajectory reached the configured collision radius
velocity row 7/120 IC 29/599 x0=0.771136 velocity_parameter=-0.856833 elapsed=10.559s written=0
  crossing 0/250
  stopped velocity row 7 IC 29 x0=0.771136 velocity_parameter=-0.856833 status=collision: trajectory reached the configured collision radius
velocity row 7/120 IC 37/599 x0=0.77171 velocity_parameter=-0.856833 elapsed=11.1146s written=0
  crossing 0/250
  stopped velocity row 7 IC 37 x0=0.77171 velocity_parameter=-0.856833 status=collision: trajectory reached the configured collision radius
velocity row 8/120 IC 19/599 x0=0.770418 velocity_parameter=-0.840667 elapsed=11.1892s written=0
  crossing 0/250
  stopped velocity row 8 IC 19 x0=0.770418 velocity_parameter=-0.840667 status=collision: trajectory reached the configured collision radius
velocity row 8/120 IC 29/599 x0=0.771136 velocity_parameter=-0.840667 elapsed=11.8879s written=0
  crossing 0/250
  stopped velocity row 8 IC 29 x0=0.771136 velocity_parameter=-0.840667 status=collision: trajectory reached the configured collision radius
velocity row 8/120 IC 37/599 x0=0.77171 velocity_parameter=-0.840667 elapsed=12.4044s written=0
  crossing 0/250
  stopped velocity row 8 IC 37 x0=0.77171 velocity_parameter=-0.840667 status=collision: trajectory reached the configured collision radius
velocity row 9/120 IC 19/599 x0=0.770418 velocity_parameter=-0.8245 elapsed=12.4666s written=0
  crossing 0/250
  stopped velocity row 9 IC 19 x0=0.770418 velocity_parameter=-0.8245 status=collision: trajectory reached the configured collision radius
velocity row 9/120 IC 29/599 x0=0.771136 velocity_parameter=-0.8245 elapsed=13.0664s written=0
  crossing 0/250
  stopped velocity row 9 IC 29 x0=0.771136 velocity_parameter=-0.8245 status=collision: trajectory reached the configured collision radius
velocity row 9/120 IC 37/599 x0=0.77171 velocity_parameter=-0.8245 elapsed=13.4734s written=0
  crossing 0/250
  stopped velocity row 9 IC 37 x0=0.77171 velocity_parameter=-0.8245 status=collision: trajectory reached the configured collision radius
velocity row 10/120 IC 19/599 x0=0.770418 velocity_parameter=-0.808333 elapsed=13.539s written=0
  crossing 0/250
  stopped velocity row 10 IC 19 x0=0.770418 velocity_parameter=-0.808333 status=collision: trajectory reached the configured collision radius
velocity row 10/120 IC 29/599 x0=0.771136 velocity_parameter=-0.808333 elapsed=14.0535s written=0
  crossing 0/250
  stopped velocity row 10 IC 29 x0=0.771136 velocity_parameter=-0.808333 status=collision: trajectory reached the configured collision radius
velocity row 10/120 IC 37/599 x0=0.77171 velocity_parameter=-0.808333 elapsed=14.4514s written=0
  crossing 0/250
  stopped velocity row 10 IC 37 x0=0.77171 velocity_parameter=-0.808333 status=collision: trajectory reached the configured collision radius
velocity row 11/120 IC 19/599 x0=0.770418 velocity_parameter=-0.792167 elapsed=14.5042s written=0
  crossing 0/250
  stopped velocity row 11 IC 19 x0=0.770418 velocity_parameter=-0.792167 status=collision: trajectory reached the configured collision radius
velocity row 11/120 IC 29/599 x0=0.771136 velocity_parameter=-0.792167 elapsed=14.9493s written=0
  crossing 0/250
  stopped velocity row 11 IC 29 x0=0.771136 velocity_parameter=-0.792167 status=collision: trajectory reached the configured collision radius
velocity row 11/120 IC 37/599 x0=0.77171 velocity_parameter=-0.792167 elapsed=15.2316s written=0
  crossing 0/250
  stopped velocity row 11 IC 37 x0=0.77171 velocity_parameter=-0.792167 status=collision: trajectory reached the configured collision radius
velocity row 12/120 IC 19/599 x0=0.770418 velocity_parameter=-0.776 elapsed=15.2636s written=0
  crossing 0/250
  stopped velocity row 12 IC 19 x0=0.770418 velocity_parameter=-0.776 status=collision: trajectory reached the configured collision radius
velocity row 12/120 IC 29/599 x0=0.771136 velocity_parameter=-0.776 elapsed=15.6267s written=0
  crossing 0/250
  stopped velocity row 12 IC 29 x0=0.771136 velocity_parameter=-0.776 status=collision: trajectory reached the configured collision radius
velocity row 12/120 IC 37/599 x0=0.77171 velocity_parameter=-0.776 elapsed=15.9245s written=0
  crossing 0/250
  stopped velocity row 12 IC 37 x0=0.77171 velocity_parameter=-0.776 status=collision: trajectory reached the configured collision radius
velocity row 13/120 IC 19/599 x0=0.770418 velocity_parameter=-0.759833 elapsed=15.9573s written=0
  crossing 0/250
  stopped velocity row 13 IC 19 x0=0.770418 velocity_parameter=-0.759833 status=collision: trajectory reached the configured collision radius
velocity row 13/120 IC 29/599 x0=0.771136 velocity_parameter=-0.759833 elapsed=16.3005s written=0
  crossing 0/250
  stopped velocity row 13 IC 29 x0=0.771136 velocity_parameter=-0.759833 status=collision: trajectory reached the configured collision radius
velocity row 13/120 IC 37/599 x0=0.77171 velocity_parameter=-0.759833 elapsed=16.588s written=0
  crossing 0/250
  stopped velocity row 13 IC 37 x0=0.77171 velocity_parameter=-0.759833 status=collision: trajectory reached the configured collision radius
velocity row 14/120 IC 19/599 x0=0.770418 velocity_parameter=-0.743667 elapsed=16.6213s written=0
  crossing 0/250
  stopped velocity row 14 IC 19 x0=0.770418 velocity_parameter=-0.743667 status=collision: trajectory reached the configured collision radius
velocity row 14/120 IC 29/599 x0=0.771136 velocity_parameter=-0.743667 elapsed=16.9436s written=0
  crossing 0/250
  stopped velocity row 14 IC 29 x0=0.771136 velocity_parameter=-0.743667 status=collision: trajectory reached the configured collision radius
velocity row 14/120 IC 37/599 x0=0.77171 velocity_parameter=-0.743667 elapsed=17.2394s written=0
  crossing 0/250
  stopped velocity row 14 IC 37 x0=0.77171 velocity_parameter=-0.743667 status=collision: trajectory reached the configured collision radius
velocity row 15/120 IC 19/599 x0=0.770418 velocity_parameter=-0.7275 elapsed=17.2721s written=0
  crossing 0/250
  stopped velocity row 15 IC 19 x0=0.770418 velocity_parameter=-0.7275 status=collision: trajectory reached the configured collision radius
velocity row 15/120 IC 29/599 x0=0.771136 velocity_parameter=-0.7275 elapsed=17.6294s written=0
  crossing 0/250
  stopped velocity row 15 IC 29 x0=0.771136 velocity_parameter=-0.7275 status=collision: trajectory reached the configured collision radius
velocity row 15/120 IC 37/599 x0=0.77171 velocity_parameter=-0.7275 elapsed=17.8881s written=0
  crossing 0/250
  stopped velocity row 15 IC 37 x0=0.77171 velocity_parameter=-0.7275 status=collision: trajectory reached the configured collision radius
velocity row 16/120 IC 19/599 x0=0.770418 velocity_parameter=-0.711333 elapsed=17.9203s written=0
  crossing 0/250
  stopped velocity row 16 IC 19 x0=0.770418 velocity_parameter=-0.711333 status=collision: trajectory reached the configured collision radius
velocity row 16/120 IC 29/599 x0=0.771136 velocity_parameter=-0.711333 elapsed=18.2399s written=0
  crossing 0/250
  stopped velocity row 16 IC 29 x0=0.771136 velocity_parameter=-0.711333 status=collision: trajectory reached the configured collision radius
velocity row 16/120 IC 37/599 x0=0.77171 velocity_parameter=-0.711333 elapsed=18.4977s written=0
  crossing 0/250
  stopped velocity row 16 IC 37 x0=0.77171 velocity_parameter=-0.711333 status=collision: trajectory reached the configured collision radius
velocity row 17/120 IC 19/599 x0=0.770418 velocity_parameter=-0.695167 elapsed=18.5296s written=0
  crossing 0/250
  stopped velocity row 17 IC 19 x0=0.770418 velocity_parameter=-0.695167 status=collision: trajectory reached the configured collision radius
velocity row 17/120 IC 29/599 x0=0.771136 velocity_parameter=-0.695167 elapsed=18.8706s written=0
  crossing 0/250
  stopped velocity row 17 IC 29 x0=0.771136 velocity_parameter=-0.695167 status=collision: trajectory reached the configured collision radius
velocity row 17/120 IC 37/599 x0=0.77171 velocity_parameter=-0.695167 elapsed=19.1936s written=0
  crossing 0/250
  stopped velocity row 17 IC 37 x0=0.77171 velocity_parameter=-0.695167 status=collision: trajectory reached the configured collision radius
velocity row 18/120 IC 19/599 x0=0.770418 velocity_parameter=-0.679 elapsed=19.2268s written=0
  crossing 0/250
  stopped velocity row 18 IC 19 x0=0.770418 velocity_parameter=-0.679 status=collision: trajectory reached the configured collision radius
velocity row 18/120 IC 29/599 x0=0.771136 velocity_parameter=-0.679 elapsed=19.5455s written=0
  crossing 0/250
  stopped velocity row 18 IC 29 x0=0.771136 velocity_parameter=-0.679 status=collision: trajectory reached the configured collision radius
velocity row 18/120 IC 37/599 x0=0.77171 velocity_parameter=-0.679 elapsed=19.8005s written=0
  crossing 0/250
  stopped velocity row 18 IC 37 x0=0.77171 velocity_parameter=-0.679 status=collision: trajectory reached the configured collision radius
velocity row 19/120 IC 19/599 x0=0.770418 velocity_parameter=-0.662833 elapsed=19.8323s written=0
  crossing 0/250
  stopped velocity row 19 IC 19 x0=0.770418 velocity_parameter=-0.662833 status=collision: trajectory reached the configured collision radius
velocity row 19/120 IC 29/599 x0=0.771136 velocity_parameter=-0.662833 elapsed=20.1576s written=0
  crossing 0/250
  stopped velocity row 19 IC 29 x0=0.771136 velocity_parameter=-0.662833 status=collision: trajectory reached the configured collision radius
velocity row 19/120 IC 37/599 x0=0.77171 velocity_parameter=-0.662833 elapsed=20.4735s written=0
  crossing 0/250
  stopped velocity row 19 IC 37 x0=0.77171 velocity_parameter=-0.662833 status=collision: trajectory reached the configured collision radius
velocity row 20/120 IC 19/599 x0=0.770418 velocity_parameter=-0.646667 elapsed=20.5055s written=0
  crossing 0/250
  stopped velocity row 20 IC 19 x0=0.770418 velocity_parameter=-0.646667 status=collision: trajectory reached the configured collision radius
velocity row 20/120 IC 29/599 x0=0.771136 velocity_parameter=-0.646667 elapsed=20.8382s written=0
  crossing 0/250
  stopped velocity row 20 IC 29 x0=0.771136 velocity_parameter=-0.646667 status=collision: trajectory reached the configured collision radius
velocity row 20/120 IC 37/599 x0=0.77171 velocity_parameter=-0.646667 elapsed=21.1251s written=0
  crossing 0/250
  stopped velocity row 20 IC 37 x0=0.77171 velocity_parameter=-0.646667 status=collision: trajectory reached the configured collision radius
velocity row 21/120 IC 19/599 x0=0.770418 velocity_parameter=-0.6305 elapsed=21.1578s written=0
  crossing 0/250
  stopped velocity row 21 IC 19 x0=0.770418 velocity_parameter=-0.6305 status=collision: trajectory reached the configured collision radius
velocity row 21/120 IC 29/599 x0=0.771136 velocity_parameter=-0.6305 elapsed=21.527s written=0
  crossing 0/250
  stopped velocity row 21 IC 29 x0=0.771136 velocity_parameter=-0.6305 status=collision: trajectory reached the configured collision radius
velocity row 21/120 IC 37/599 x0=0.77171 velocity_parameter=-0.6305 elapsed=21.7821s written=0
  crossing 0/250
  stopped velocity row 21 IC 37 x0=0.77171 velocity_parameter=-0.6305 status=collision: trajectory reached the configured collision radius
velocity row 22/120 IC 19/599 x0=0.770418 velocity_parameter=-0.614333 elapsed=21.8149s written=0
  crossing 0/250
  stopped velocity row 22 IC 19 x0=0.770418 velocity_parameter=-0.614333 status=collision: trajectory reached the configured collision radius
velocity row 22/120 IC 29/599 x0=0.771136 velocity_parameter=-0.614333 elapsed=22.1358s written=0
  crossing 0/250
  stopped velocity row 22 IC 29 x0=0.771136 velocity_parameter=-0.614333 status=collision: trajectory reached the configured collision radius
velocity row 22/120 IC 37/599 x0=0.77171 velocity_parameter=-0.614333 elapsed=22.4204s written=0
  crossing 0/250
  stopped velocity row 22 IC 37 x0=0.77171 velocity_parameter=-0.614333 status=collision: trajectory reached the configured collision radius
velocity row 23/120 IC 19/599 x0=0.770418 velocity_parameter=-0.598167 elapsed=22.4531s written=0
  crossing 0/250
  stopped velocity row 23 IC 19 x0=0.770418 velocity_parameter=-0.598167 status=collision: trajectory reached the configured collision radius
velocity row 23/120 IC 29/599 x0=0.771136 velocity_parameter=-0.598167 elapsed=22.843s written=0
  crossing 0/250
  stopped velocity row 23 IC 29 x0=0.771136 velocity_parameter=-0.598167 status=collision: trajectory reached the configured collision radius
velocity row 23/120 IC 37/599 x0=0.77171 velocity_parameter=-0.598167 elapsed=23.1394s written=0
  crossing 0/250
  stopped velocity row 23 IC 37 x0=0.77171 velocity_parameter=-0.598167 status=collision: trajectory reached the configured collision radius
velocity row 24/120 IC 19/599 x0=0.770418 velocity_parameter=-0.582 elapsed=23.1739s written=0
  crossing 0/250
  stopped velocity row 24 IC 19 x0=0.770418 velocity_parameter=-0.582 status=collision: trajectory reached the configured collision radius
velocity row 24/120 IC 29/599 x0=0.771136 velocity_parameter=-0.582 elapsed=23.5462s written=0
  crossing 0/250
  stopped velocity row 24 IC 29 x0=0.771136 velocity_parameter=-0.582 status=collision: trajectory reached the configured collision radius
velocity row 24/120 IC 37/599 x0=0.77171 velocity_parameter=-0.582 elapsed=23.8498s written=0
  crossing 0/250
  stopped velocity row 24 IC 37 x0=0.77171 velocity_parameter=-0.582 status=collision: trajectory reached the configured collision radius
velocity row 25/120 IC 19/599 x0=0.770418 velocity_parameter=-0.565833 elapsed=23.9149s written=0
  crossing 0/250
  stopped velocity row 25 IC 19 x0=0.770418 velocity_parameter=-0.565833 status=collision: trajectory reached the configured collision radius
velocity row 25/120 IC 29/599 x0=0.771136 velocity_parameter=-0.565833 elapsed=24.2797s written=0
  crossing 0/250
  stopped velocity row 25 IC 29 x0=0.771136 velocity_parameter=-0.565833 status=collision: trajectory reached the configured collision radius
velocity row 25/120 IC 37/599 x0=0.77171 velocity_parameter=-0.565833 elapsed=24.5942s written=0
  crossing 0/250
  stopped velocity row 25 IC 37 x0=0.77171 velocity_parameter=-0.565833 status=collision: trajectory reached the configured collision radius
velocity row 26/120 IC 19/599 x0=0.770418 velocity_parameter=-0.549667 elapsed=24.628s written=0
  crossing 0/250
  stopped velocity row 26 IC 19 x0=0.770418 velocity_parameter=-0.549667 status=collision: trajectory reached the configured collision radius
velocity row 26/120 IC 29/599 x0=0.771136 velocity_parameter=-0.549667 elapsed=24.9808s written=0
  crossing 0/250
  stopped velocity row 26 IC 29 x0=0.771136 velocity_parameter=-0.549667 status=collision: trajectory reached the configured collision radius
velocity row 26/120 IC 37/599 x0=0.77171 velocity_parameter=-0.549667 elapsed=25.2983s written=0
  crossing 0/250
  stopped velocity row 26 IC 37 x0=0.77171 velocity_parameter=-0.549667 status=collision: trajectory reached the configured collision radius
velocity row 27/120 IC 19/599 x0=0.770418 velocity_parameter=-0.5335 elapsed=25.331s written=0
  crossing 0/250
  stopped velocity row 27 IC 19 x0=0.770418 velocity_parameter=-0.5335 status=collision: trajectory reached the configured collision radius
velocity row 27/120 IC 29/599 x0=0.771136 velocity_parameter=-0.5335 elapsed=25.7463s written=0
  crossing 0/250
  stopped velocity row 27 IC 29 x0=0.771136 velocity_parameter=-0.5335 status=collision: trajectory reached the configured collision radius
velocity row 27/120 IC 37/599 x0=0.77171 velocity_parameter=-0.5335 elapsed=26.0133s written=0
  crossing 0/250
  stopped velocity row 27 IC 37 x0=0.77171 velocity_parameter=-0.5335 status=collision: trajectory reached the configured collision radius
velocity row 28/120 IC 19/599 x0=0.770418 velocity_parameter=-0.517333 elapsed=26.0468s written=0
  crossing 0/250
  stopped velocity row 28 IC 19 x0=0.770418 velocity_parameter=-0.517333 status=collision: trajectory reached the configured collision radius
velocity row 28/120 IC 29/599 x0=0.771136 velocity_parameter=-0.517333 elapsed=26.3821s written=0
  crossing 0/250
  stopped velocity row 28 IC 29 x0=0.771136 velocity_parameter=-0.517333 status=collision: trajectory reached the configured collision radius
velocity row 28/120 IC 37/599 x0=0.77171 velocity_parameter=-0.517333 elapsed=26.6512s written=0
  crossing 0/250
  stopped velocity row 28 IC 37 x0=0.77171 velocity_parameter=-0.517333 status=collision: trajectory reached the configured collision radius
velocity row 29/120 IC 19/599 x0=0.770418 velocity_parameter=-0.501167 elapsed=26.6845s written=0
  crossing 0/250
  stopped velocity row 29 IC 19 x0=0.770418 velocity_parameter=-0.501167 status=collision: trajectory reached the configured collision radius
velocity row 29/120 IC 29/599 x0=0.771136 velocity_parameter=-0.501167 elapsed=27.0201s written=0
  crossing 0/250
  stopped velocity row 29 IC 29 x0=0.771136 velocity_parameter=-0.501167 status=collision: trajectory reached the configured collision radius
velocity row 29/120 IC 37/599 x0=0.77171 velocity_parameter=-0.501167 elapsed=27.2977s written=0
  crossing 0/250
  stopped velocity row 29 IC 37 x0=0.77171 velocity_parameter=-0.501167 status=collision: trajectory reached the configured collision radius
velocity row 30/120 IC 19/599 x0=0.770418 velocity_parameter=-0.485 elapsed=27.33s written=0
  crossing 0/250
  stopped velocity row 30 IC 19 x0=0.770418 velocity_parameter=-0.485 status=collision: trajectory reached the configured collision radius
velocity row 30/120 IC 29/599 x0=0.771136 velocity_parameter=-0.485 elapsed=27.7088s written=0
  crossing 0/250
  stopped velocity row 30 IC 29 x0=0.771136 velocity_parameter=-0.485 status=collision: trajectory reached the configured collision radius
velocity row 30/120 IC 37/599 x0=0.77171 velocity_parameter=-0.485 elapsed=27.9944s written=0
  crossing 0/250
  stopped velocity row 30 IC 37 x0=0.77171 velocity_parameter=-0.485 status=collision: trajectory reached the configured collision radius
velocity row 31/120 IC 19/599 x0=0.770418 velocity_parameter=-0.468833 elapsed=28.033s written=0
  crossing 0/250
  stopped velocity row 31 IC 19 x0=0.770418 velocity_parameter=-0.468833 status=collision: trajectory reached the configured collision radius
velocity row 31/120 IC 29/599 x0=0.771136 velocity_parameter=-0.468833 elapsed=28.3745s written=0
  crossing 0/250
  stopped velocity row 31 IC 29 x0=0.771136 velocity_parameter=-0.468833 status=collision: trajectory reached the configured collision radius
velocity row 31/120 IC 37/599 x0=0.77171 velocity_parameter=-0.468833 elapsed=28.6375s written=0
  crossing 0/250
  stopped velocity row 31 IC 37 x0=0.77171 velocity_parameter=-0.468833 status=collision: trajectory reached the configured collision radius
velocity row 32/120 IC 19/599 x0=0.770418 velocity_parameter=-0.452667 elapsed=28.7018s written=0
  crossing 0/250
  stopped velocity row 32 IC 19 x0=0.770418 velocity_parameter=-0.452667 status=collision: trajectory reached the configured collision radius
velocity row 32/120 IC 29/599 x0=0.771136 velocity_parameter=-0.452667 elapsed=29.0571s written=0
  crossing 0/250
  stopped velocity row 32 IC 29 x0=0.771136 velocity_parameter=-0.452667 status=collision: trajectory reached the configured collision radius
velocity row 32/120 IC 37/599 x0=0.77171 velocity_parameter=-0.452667 elapsed=29.3326s written=0
  crossing 0/250
  stopped velocity row 32 IC 37 x0=0.77171 velocity_parameter=-0.452667 status=collision: trajectory reached the configured collision radius
velocity row 33/120 IC 19/599 x0=0.770418 velocity_parameter=-0.4365 elapsed=29.3651s written=0
  crossing 0/250
  stopped velocity row 33 IC 19 x0=0.770418 velocity_parameter=-0.4365 status=collision: trajectory reached the configured collision radius
velocity row 33/120 IC 29/599 x0=0.771136 velocity_parameter=-0.4365 elapsed=29.6931s written=0
  crossing 0/250
  stopped velocity row 33 IC 29 x0=0.771136 velocity_parameter=-0.4365 status=collision: trajectory reached the configured collision radius
velocity row 33/120 IC 37/599 x0=0.77171 velocity_parameter=-0.4365 elapsed=29.9554s written=0
  crossing 0/250
  stopped velocity row 33 IC 37 x0=0.77171 velocity_parameter=-0.4365 status=collision: trajectory reached the configured collision radius
velocity row 34/120 IC 19/599 x0=0.770418 velocity_parameter=-0.420333 elapsed=29.9879s written=0
  crossing 0/250
  stopped velocity row 34 IC 19 x0=0.770418 velocity_parameter=-0.420333 status=collision: trajectory reached the configured collision radius
velocity row 34/120 IC 29/599 x0=0.771136 velocity_parameter=-0.420333 elapsed=30.317s written=0
  crossing 0/250
  stopped velocity row 34 IC 29 x0=0.771136 velocity_parameter=-0.420333 status=collision: trajectory reached the configured collision radius
velocity row 34/120 IC 37/599 x0=0.77171 velocity_parameter=-0.420333 elapsed=30.5799s written=0
  crossing 0/250
  stopped velocity row 34 IC 37 x0=0.77171 velocity_parameter=-0.420333 status=collision: trajectory reached the configured collision radius
velocity row 35/120 IC 19/599 x0=0.770418 velocity_parameter=-0.404167 elapsed=30.613s written=0
  crossing 0/250
  stopped velocity row 35 IC 19 x0=0.770418 velocity_parameter=-0.404167 status=collision: trajectory reached the configured collision radius
velocity row 35/120 IC 29/599 x0=0.771136 velocity_parameter=-0.404167 elapsed=30.9983s written=0
  crossing 0/250
  stopped velocity row 35 IC 29 x0=0.771136 velocity_parameter=-0.404167 status=collision: trajectory reached the configured collision radius
velocity row 35/120 IC 37/599 x0=0.77171 velocity_parameter=-0.404167 elapsed=31.3089s written=0
  crossing 0/250
  stopped velocity row 35 IC 37 x0=0.77171 velocity_parameter=-0.404167 status=collision: trajectory reached the configured collision radius
velocity row 36/120 IC 19/599 x0=0.770418 velocity_parameter=-0.388 elapsed=31.3422s written=0
  crossing 0/250
  stopped velocity row 36 IC 19 x0=0.770418 velocity_parameter=-0.388 status=collision: trajectory reached the configured collision radius
velocity row 36/120 IC 29/599 x0=0.771136 velocity_parameter=-0.388 elapsed=31.6985s written=0
  crossing 0/250
  stopped velocity row 36 IC 29 x0=0.771136 velocity_parameter=-0.388 status=collision: trajectory reached the configured collision radius
velocity row 36/120 IC 37/599 x0=0.77171 velocity_parameter=-0.388 elapsed=31.977s written=0
  crossing 0/250
  stopped velocity row 36 IC 37 x0=0.77171 velocity_parameter=-0.388 status=collision: trajectory reached the configured collision radius
velocity row 37/120 IC 19/599 x0=0.770418 velocity_parameter=-0.371833 elapsed=32.0192s written=0
  crossing 0/250
  stopped velocity row 37 IC 19 x0=0.770418 velocity_parameter=-0.371833 status=collision: trajectory reached the configured collision radius
velocity row 37/120 IC 29/599 x0=0.771136 velocity_parameter=-0.371833 elapsed=32.3811s written=0
  crossing 0/250
  stopped velocity row 37 IC 29 x0=0.771136 velocity_parameter=-0.371833 status=collision: trajectory reached the configured collision radius
velocity row 37/120 IC 37/599 x0=0.77171 velocity_parameter=-0.371833 elapsed=32.6401s written=0
  crossing 0/250
  stopped velocity row 37 IC 37 x0=0.77171 velocity_parameter=-0.371833 status=collision: trajectory reached the configured collision radius
velocity row 38/120 IC 19/599 x0=0.770418 velocity_parameter=-0.355667 elapsed=32.6727s written=0
  crossing 0/250
  stopped velocity row 38 IC 19 x0=0.770418 velocity_parameter=-0.355667 status=collision: trajectory reached the configured collision radius
velocity row 38/120 IC 29/599 x0=0.771136 velocity_parameter=-0.355667 elapsed=33.0291s written=0
  crossing 0/250
  stopped velocity row 38 IC 29 x0=0.771136 velocity_parameter=-0.355667 status=collision: trajectory reached the configured collision radius
velocity row 38/120 IC 37/599 x0=0.77171 velocity_parameter=-0.355667 elapsed=33.302s written=0
  crossing 0/250
  stopped velocity row 38 IC 37 x0=0.77171 velocity_parameter=-0.355667 status=collision: trajectory reached the configured collision radius
velocity row 39/120 IC 19/599 x0=0.770418 velocity_parameter=-0.3395 elapsed=33.343s written=0
  crossing 0/250
  stopped velocity row 39 IC 19 x0=0.770418 velocity_parameter=-0.3395 status=collision: trajectory reached the configured collision radius
velocity row 39/120 IC 29/599 x0=0.771136 velocity_parameter=-0.3395 elapsed=33.721s written=0
  crossing 0/250
  stopped velocity row 39 IC 29 x0=0.771136 velocity_parameter=-0.3395 status=collision: trajectory reached the configured collision radius
velocity row 39/120 IC 37/599 x0=0.77171 velocity_parameter=-0.3395 elapsed=34.0105s written=0
  crossing 0/250
  stopped velocity row 39 IC 37 x0=0.77171 velocity_parameter=-0.3395 status=collision: trajectory reached the configured collision radius
velocity row 40/120 IC 19/599 x0=0.770418 velocity_parameter=-0.323333 elapsed=34.0533s written=0
  crossing 0/250
  stopped velocity row 40 IC 19 x0=0.770418 velocity_parameter=-0.323333 status=collision: trajectory reached the configured collision radius
velocity row 40/120 IC 29/599 x0=0.771136 velocity_parameter=-0.323333 elapsed=34.4163s written=0
  crossing 0/250
  stopped velocity row 40 IC 29 x0=0.771136 velocity_parameter=-0.323333 status=collision: trajectory reached the configured collision radius
velocity row 40/120 IC 37/599 x0=0.77171 velocity_parameter=-0.323333 elapsed=34.7083s written=0
  crossing 0/250
  stopped velocity row 40 IC 37 x0=0.77171 velocity_parameter=-0.323333 status=collision: trajectory reached the configured collision radius
velocity row 41/120 IC 19/599 x0=0.770418 velocity_parameter=-0.307167 elapsed=34.7431s written=0
  crossing 0/250
  stopped velocity row 41 IC 19 x0=0.770418 velocity_parameter=-0.307167 status=collision: trajectory reached the configured collision radius
velocity row 41/120 IC 29/599 x0=0.771136 velocity_parameter=-0.307167 elapsed=35.1091s written=0
  crossing 0/250
  stopped velocity row 41 IC 29 x0=0.771136 velocity_parameter=-0.307167 status=collision: trajectory reached the configured collision radius
velocity row 41/120 IC 37/599 x0=0.77171 velocity_parameter=-0.307167 elapsed=35.3997s written=0
  crossing 0/250
  stopped velocity row 41 IC 37 x0=0.77171 velocity_parameter=-0.307167 status=collision: trajectory reached the configured collision radius
velocity row 42/120 IC 19/599 x0=0.770418 velocity_parameter=-0.291 elapsed=35.4328s written=0
  crossing 0/250
  stopped velocity row 42 IC 19 x0=0.770418 velocity_parameter=-0.291 status=collision: trajectory reached the configured collision radius
velocity row 42/120 IC 29/599 x0=0.771136 velocity_parameter=-0.291 elapsed=35.7638s written=0
  crossing 0/250
  stopped velocity row 42 IC 29 x0=0.771136 velocity_parameter=-0.291 status=collision: trajectory reached the configured collision radius
velocity row 42/120 IC 37/599 x0=0.77171 velocity_parameter=-0.291 elapsed=36.0517s written=0
  crossing 0/250
  stopped velocity row 42 IC 37 x0=0.77171 velocity_parameter=-0.291 status=collision: trajectory reached the configured collision radius
velocity row 43/120 IC 19/599 x0=0.770418 velocity_parameter=-0.274833 elapsed=36.1005s written=0
  crossing 0/250
  stopped velocity row 43 IC 19 x0=0.770418 velocity_parameter=-0.274833 status=collision: trajectory reached the configured collision radius
velocity row 43/120 IC 29/599 x0=0.771136 velocity_parameter=-0.274833 elapsed=36.4652s written=0
  crossing 0/250
  stopped velocity row 43 IC 29 x0=0.771136 velocity_parameter=-0.274833 status=collision: trajectory reached the configured collision radius
velocity row 43/120 IC 37/599 x0=0.77171 velocity_parameter=-0.274833 elapsed=36.7388s written=0
  crossing 0/250
  stopped velocity row 43 IC 37 x0=0.77171 velocity_parameter=-0.274833 status=collision: trajectory reached the configured collision radius
velocity row 44/120 IC 19/599 x0=0.770418 velocity_parameter=-0.258667 elapsed=36.7714s written=0
  crossing 0/250
  stopped velocity row 44 IC 19 x0=0.770418 velocity_parameter=-0.258667 status=collision: trajectory reached the configured collision radius
velocity row 44/120 IC 29/599 x0=0.771136 velocity_parameter=-0.258667 elapsed=37.1297s written=0
  crossing 0/250
  stopped velocity row 44 IC 29 x0=0.771136 velocity_parameter=-0.258667 status=collision: trajectory reached the configured collision radius
velocity row 44/120 IC 37/599 x0=0.77171 velocity_parameter=-0.258667 elapsed=37.4035s written=0
  crossing 0/250
  stopped velocity row 44 IC 37 x0=0.77171 velocity_parameter=-0.258667 status=collision: trajectory reached the configured collision radius
velocity row 45/120 IC 19/599 x0=0.770418 velocity_parameter=-0.2425 elapsed=37.4368s written=0
  crossing 0/250
  stopped velocity row 45 IC 19 x0=0.770418 velocity_parameter=-0.2425 status=collision: trajectory reached the configured collision radius
velocity row 45/120 IC 29/599 x0=0.771136 velocity_parameter=-0.2425 elapsed=37.808s written=0
  crossing 0/250
  stopped velocity row 45 IC 29 x0=0.771136 velocity_parameter=-0.2425 status=collision: trajectory reached the configured collision radius
velocity row 45/120 IC 37/599 x0=0.77171 velocity_parameter=-0.2425 elapsed=38.1131s written=0
  crossing 0/250
  stopped velocity row 45 IC 37 x0=0.77171 velocity_parameter=-0.2425 status=collision: trajectory reached the configured collision radius
velocity row 46/120 IC 19/599 x0=0.770418 velocity_parameter=-0.226333 elapsed=38.1455s written=0
  crossing 0/250
  stopped velocity row 46 IC 19 x0=0.770418 velocity_parameter=-0.226333 status=collision: trajectory reached the configured collision radius
velocity row 46/120 IC 29/599 x0=0.771136 velocity_parameter=-0.226333 elapsed=38.4783s written=0
  crossing 0/250
  stopped velocity row 46 IC 29 x0=0.771136 velocity_parameter=-0.226333 status=collision: trajectory reached the configured collision radius
velocity row 46/120 IC 37/599 x0=0.77171 velocity_parameter=-0.226333 elapsed=38.7585s written=0
  crossing 0/250
  stopped velocity row 46 IC 37 x0=0.77171 velocity_parameter=-0.226333 status=collision: trajectory reached the configured collision radius
velocity row 47/120 IC 19/599 x0=0.770418 velocity_parameter=-0.210167 elapsed=38.8131s written=0
  crossing 0/250
  stopped velocity row 47 IC 19 x0=0.770418 velocity_parameter=-0.210167 status=collision: trajectory reached the configured collision radius
velocity row 47/120 IC 29/599 x0=0.771136 velocity_parameter=-0.210167 elapsed=39.1621s written=0
  crossing 0/250
  stopped velocity row 47 IC 29 x0=0.771136 velocity_parameter=-0.210167 status=collision: trajectory reached the configured collision radius
velocity row 47/120 IC 37/599 x0=0.77171 velocity_parameter=-0.210167 elapsed=39.4372s written=0
  crossing 0/250
  stopped velocity row 47 IC 37 x0=0.77171 velocity_parameter=-0.210167 status=collision: trajectory reached the configured collision radius
velocity row 48/120 IC 19/599 x0=0.770418 velocity_parameter=-0.194 elapsed=39.4704s written=0
  crossing 0/250
  stopped velocity row 48 IC 19 x0=0.770418 velocity_parameter=-0.194 status=collision: trajectory reached the configured collision radius
velocity row 48/120 IC 29/599 x0=0.771136 velocity_parameter=-0.194 elapsed=39.8041s written=0
  crossing 0/250
  stopped velocity row 48 IC 29 x0=0.771136 velocity_parameter=-0.194 status=collision: trajectory reached the configured collision radius
velocity row 48/120 IC 37/599 x0=0.77171 velocity_parameter=-0.194 elapsed=40.094s written=0
  crossing 0/250
  stopped velocity row 48 IC 37 x0=0.77171 velocity_parameter=-0.194 status=collision: trajectory reached the configured collision radius
velocity row 49/120 IC 19/599 x0=0.770418 velocity_parameter=-0.177833 elapsed=40.1265s written=0
  crossing 0/250
  stopped velocity row 49 IC 19 x0=0.770418 velocity_parameter=-0.177833 status=collision: trajectory reached the configured collision radius
velocity row 49/120 IC 29/599 x0=0.771136 velocity_parameter=-0.177833 elapsed=40.5061s written=0
  crossing 0/250
  stopped velocity row 49 IC 29 x0=0.771136 velocity_parameter=-0.177833 status=collision: trajectory reached the configured collision radius
velocity row 49/120 IC 37/599 x0=0.77171 velocity_parameter=-0.177833 elapsed=40.7738s written=0
  crossing 0/250
  stopped velocity row 49 IC 37 x0=0.77171 velocity_parameter=-0.177833 status=collision: trajectory reached the configured collision radius
velocity row 50/120 IC 19/599 x0=0.770418 velocity_parameter=-0.161667 elapsed=40.8061s written=0
  crossing 0/250
  stopped velocity row 50 IC 19 x0=0.770418 velocity_parameter=-0.161667 status=collision: trajectory reached the configured collision radius
velocity row 50/120 IC 29/599 x0=0.771136 velocity_parameter=-0.161667 elapsed=41.2317s written=0
  crossing 0/250
  stopped velocity row 50 IC 29 x0=0.771136 velocity_parameter=-0.161667 status=collision: trajectory reached the configured collision radius
velocity row 50/120 IC 37/599 x0=0.77171 velocity_parameter=-0.161667 elapsed=41.5052s written=0
  crossing 0/250
  stopped velocity row 50 IC 37 x0=0.77171 velocity_parameter=-0.161667 status=collision: trajectory reached the configured collision radius
velocity row 51/120 IC 19/599 x0=0.770418 velocity_parameter=-0.1455 elapsed=41.5386s written=0
  crossing 0/250
  stopped velocity row 51 IC 19 x0=0.770418 velocity_parameter=-0.1455 status=collision: trajectory reached the configured collision radius
velocity row 51/120 IC 29/599 x0=0.771136 velocity_parameter=-0.1455 elapsed=41.8986s written=0
  crossing 0/250
  stopped velocity row 51 IC 29 x0=0.771136 velocity_parameter=-0.1455 status=collision: trajectory reached the configured collision radius
velocity row 51/120 IC 37/599 x0=0.77171 velocity_parameter=-0.1455 elapsed=42.2153s written=0
  crossing 0/250
  stopped velocity row 51 IC 37 x0=0.77171 velocity_parameter=-0.1455 status=collision: trajectory reached the configured collision radius
velocity row 52/120 IC 19/599 x0=0.770418 velocity_parameter=-0.129333 elapsed=42.2776s written=0
  crossing 0/250
  stopped velocity row 52 IC 19 x0=0.770418 velocity_parameter=-0.129333 status=collision: trajectory reached the configured collision radius
velocity row 52/120 IC 29/599 x0=0.771136 velocity_parameter=-0.129333 elapsed=42.6371s written=0
  crossing 0/250
  stopped velocity row 52 IC 29 x0=0.771136 velocity_parameter=-0.129333 status=collision: trajectory reached the configured collision radius
velocity row 52/120 IC 37/599 x0=0.77171 velocity_parameter=-0.129333 elapsed=42.9007s written=0
  crossing 0/250
  stopped velocity row 52 IC 37 x0=0.77171 velocity_parameter=-0.129333 status=collision: trajectory reached the configured collision radius
velocity row 53/120 IC 19/599 x0=0.770418 velocity_parameter=-0.113167 elapsed=42.9332s written=0
  crossing 0/250
  stopped velocity row 53 IC 19 x0=0.770418 velocity_parameter=-0.113167 status=collision: trajectory reached the configured collision radius
velocity row 53/120 IC 29/599 x0=0.771136 velocity_parameter=-0.113167 elapsed=43.2892s written=0
  crossing 0/250
  stopped velocity row 53 IC 29 x0=0.771136 velocity_parameter=-0.113167 status=collision: trajectory reached the configured collision radius
velocity row 53/120 IC 37/599 x0=0.77171 velocity_parameter=-0.113167 elapsed=43.5918s written=0
  crossing 0/250
  stopped velocity row 53 IC 37 x0=0.77171 velocity_parameter=-0.113167 status=collision: trajectory reached the configured collision radius
velocity row 54/120 IC 19/599 x0=0.770418 velocity_parameter=-0.097 elapsed=43.6244s written=0
  crossing 0/250
  stopped velocity row 54 IC 19 x0=0.770418 velocity_parameter=-0.097 status=collision: trajectory reached the configured collision radius
velocity row 54/120 IC 29/599 x0=0.771136 velocity_parameter=-0.097 elapsed=43.9724s written=0
  crossing 0/250
  stopped velocity row 54 IC 29 x0=0.771136 velocity_parameter=-0.097 status=collision: trajectory reached the configured collision radius
velocity row 54/120 IC 37/599 x0=0.77171 velocity_parameter=-0.097 elapsed=44.2404s written=0
  crossing 0/250
  stopped velocity row 54 IC 37 x0=0.77171 velocity_parameter=-0.097 status=collision: trajectory reached the configured collision radius
velocity row 55/120 IC 19/599 x0=0.770418 velocity_parameter=-0.0808333 elapsed=44.2736s written=0
  crossing 0/250
  stopped velocity row 55 IC 19 x0=0.770418 velocity_parameter=-0.0808333 status=collision: trajectory reached the configured collision radius
velocity row 55/120 IC 29/599 x0=0.771136 velocity_parameter=-0.0808333 elapsed=44.6211s written=0
  crossing 0/250
  stopped velocity row 55 IC 29 x0=0.771136 velocity_parameter=-0.0808333 status=collision: trajectory reached the configured collision radius
velocity row 55/120 IC 37/599 x0=0.77171 velocity_parameter=-0.0808333 elapsed=44.9222s written=0
  crossing 0/250
  stopped velocity row 55 IC 37 x0=0.77171 velocity_parameter=-0.0808333 status=collision: trajectory reached the configured collision radius
velocity row 56/120 IC 19/599 x0=0.770418 velocity_parameter=-0.0646667 elapsed=44.9548s written=0
  crossing 0/250
  stopped velocity row 56 IC 19 x0=0.770418 velocity_parameter=-0.0646667 status=collision: trajectory reached the configured collision radius
velocity row 56/120 IC 29/599 x0=0.771136 velocity_parameter=-0.0646667 elapsed=45.3345s written=0
  crossing 0/250
  stopped velocity row 56 IC 29 x0=0.771136 velocity_parameter=-0.0646667 status=collision: trajectory reached the configured collision radius
velocity row 56/120 IC 37/599 x0=0.77171 velocity_parameter=-0.0646667 elapsed=45.6051s written=0
  crossing 0/250
  stopped velocity row 56 IC 37 x0=0.77171 velocity_parameter=-0.0646667 status=collision: trajectory reached the configured collision radius
velocity row 57/120 IC 19/599 x0=0.770418 velocity_parameter=-0.0485 elapsed=45.6377s written=0
  crossing 0/250
  stopped velocity row 57 IC 19 x0=0.770418 velocity_parameter=-0.0485 status=collision: trajectory reached the configured collision radius
velocity row 57/120 IC 29/599 x0=0.771136 velocity_parameter=-0.0485 elapsed=45.9665s written=0
  crossing 0/250
  stopped velocity row 57 IC 29 x0=0.771136 velocity_parameter=-0.0485 status=collision: trajectory reached the configured collision radius
velocity row 57/120 IC 37/599 x0=0.77171 velocity_parameter=-0.0485 elapsed=46.261s written=0
  crossing 0/250
  stopped velocity row 57 IC 37 x0=0.77171 velocity_parameter=-0.0485 status=collision: trajectory reached the configured collision radius
velocity row 58/120 IC 19/599 x0=0.770418 velocity_parameter=-0.0323333 elapsed=46.2935s written=0
  crossing 0/250
  stopped velocity row 58 IC 19 x0=0.770418 velocity_parameter=-0.0323333 status=collision: trajectory reached the configured collision radius
velocity row 58/120 IC 29/599 x0=0.771136 velocity_parameter=-0.0323333 elapsed=46.6448s written=0
  crossing 0/250
  stopped velocity row 58 IC 29 x0=0.771136 velocity_parameter=-0.0323333 status=collision: trajectory reached the configured collision radius
velocity row 58/120 IC 37/599 x0=0.77171 velocity_parameter=-0.0323333 elapsed=46.9085s written=0
  crossing 0/250
  stopped velocity row 58 IC 37 x0=0.77171 velocity_parameter=-0.0323333 status=collision: trajectory reached the configured collision radius
velocity row 59/120 IC 19/599 x0=0.770418 velocity_parameter=-0.0161667 elapsed=46.9398s written=0
  crossing 0/250
  stopped velocity row 59 IC 19 x0=0.770418 velocity_parameter=-0.0161667 status=collision: trajectory reached the configured collision radius
velocity row 59/120 IC 29/599 x0=0.771136 velocity_parameter=-0.0161667 elapsed=47.303s written=0
  crossing 0/250
  stopped velocity row 59 IC 29 x0=0.771136 velocity_parameter=-0.0161667 status=collision: trajectory reached the configured collision radius
velocity row 59/120 IC 37/599 x0=0.77171 velocity_parameter=-0.0161667 elapsed=47.5713s written=0
  crossing 0/250
  stopped velocity row 59 IC 37 x0=0.77171 velocity_parameter=-0.0161667 status=collision: trajectory reached the configured collision radius
velocity row 60/120 IC 19/599 x0=0.770418 velocity_parameter=0 elapsed=47.604s written=0
  crossing 0/250
  stopped velocity row 60 IC 19 x0=0.770418 velocity_parameter=0 status=collision: trajectory reached the configured collision radius
velocity row 60/120 IC 29/599 x0=0.771136 velocity_parameter=0 elapsed=47.9602s written=0
  crossing 0/250
  stopped velocity row 60 IC 29 x0=0.771136 velocity_parameter=0 status=collision: trajectory reached the configured collision radius
velocity row 60/120 IC 37/599 x0=0.77171 velocity_parameter=0 elapsed=48.2267s written=0
  crossing 0/250
  stopped velocity row 60 IC 37 x0=0.77171 velocity_parameter=0 status=collision: trajectory reached the configured collision radius
velocity row 61/120 IC 19/599 x0=0.770418 velocity_parameter=0.0161667 elapsed=48.2593s written=0
  crossing 0/250
  stopped velocity row 61 IC 19 x0=0.770418 velocity_parameter=0.0161667 status=collision: trajectory reached the configured collision radius
velocity row 61/120 IC 29/599 x0=0.771136 velocity_parameter=0.0161667 elapsed=48.5872s written=0
  crossing 0/250
  stopped velocity row 61 IC 29 x0=0.771136 velocity_parameter=0.0161667 status=collision: trajectory reached the configured collision radius
velocity row 61/120 IC 37/599 x0=0.77171 velocity_parameter=0.0161667 elapsed=48.8789s written=0
  crossing 0/250
  stopped velocity row 61 IC 37 x0=0.77171 velocity_parameter=0.0161667 status=collision: trajectory reached the configured collision radius
velocity row 62/120 IC 19/599 x0=0.770418 velocity_parameter=0.0323333 elapsed=48.9114s written=0
  crossing 0/250
  stopped velocity row 62 IC 19 x0=0.770418 velocity_parameter=0.0323333 status=collision: trajectory reached the configured collision radius
velocity row 62/120 IC 29/599 x0=0.771136 velocity_parameter=0.0323333 elapsed=49.2376s written=0
  crossing 0/250
  stopped velocity row 62 IC 29 x0=0.771136 velocity_parameter=0.0323333 status=collision: trajectory reached the configured collision radius
velocity row 62/120 IC 37/599 x0=0.77171 velocity_parameter=0.0323333 elapsed=49.5342s written=0
  crossing 0/250
  stopped velocity row 62 IC 37 x0=0.77171 velocity_parameter=0.0323333 status=collision: trajectory reached the configured collision radius
velocity row 63/120 IC 19/599 x0=0.770418 velocity_parameter=0.0485 elapsed=49.5677s written=0
  crossing 0/250
  stopped velocity row 63 IC 19 x0=0.770418 velocity_parameter=0.0485 status=collision: trajectory reached the configured collision radius
velocity row 63/120 IC 29/599 x0=0.771136 velocity_parameter=0.0485 elapsed=49.9026s written=0
  crossing 0/250
  stopped velocity row 63 IC 29 x0=0.771136 velocity_parameter=0.0485 status=collision: trajectory reached the configured collision radius
velocity row 63/120 IC 37/599 x0=0.77171 velocity_parameter=0.0485 elapsed=50.1843s written=0
  crossing 0/250
  stopped velocity row 63 IC 37 x0=0.77171 velocity_parameter=0.0485 status=collision: trajectory reached the configured collision radius
velocity row 64/120 IC 19/599 x0=0.770418 velocity_parameter=0.0646667 elapsed=50.2174s written=0
  crossing 0/250
  stopped velocity row 64 IC 19 x0=0.770418 velocity_parameter=0.0646667 status=collision: trajectory reached the configured collision radius
velocity row 64/120 IC 29/599 x0=0.771136 velocity_parameter=0.0646667 elapsed=50.5441s written=0
  crossing 0/250
  stopped velocity row 64 IC 29 x0=0.771136 velocity_parameter=0.0646667 status=collision: trajectory reached the configured collision radius
velocity row 64/120 IC 37/599 x0=0.77171 velocity_parameter=0.0646667 elapsed=50.8376s written=0
  crossing 0/250
  stopped velocity row 64 IC 37 x0=0.77171 velocity_parameter=0.0646667 status=collision: trajectory reached the configured collision radius
velocity row 65/120 IC 19/599 x0=0.770418 velocity_parameter=0.0808333 elapsed=50.8706s written=0
  crossing 0/250
  stopped velocity row 65 IC 19 x0=0.770418 velocity_parameter=0.0808333 status=collision: trajectory reached the configured collision radius
velocity row 65/120 IC 29/599 x0=0.771136 velocity_parameter=0.0808333 elapsed=51.221s written=0
  crossing 0/250
  stopped velocity row 65 IC 29 x0=0.771136 velocity_parameter=0.0808333 status=collision: trajectory reached the configured collision radius
velocity row 65/120 IC 37/599 x0=0.77171 velocity_parameter=0.0808333 elapsed=51.4844s written=0
  crossing 0/250
  stopped velocity row 65 IC 37 x0=0.77171 velocity_parameter=0.0808333 status=collision: trajectory reached the configured collision radius
velocity row 66/120 IC 19/599 x0=0.770418 velocity_parameter=0.097 elapsed=51.5166s written=0
  crossing 0/250
  stopped velocity row 66 IC 19 x0=0.770418 velocity_parameter=0.097 status=collision: trajectory reached the configured collision radius
velocity row 66/120 IC 29/599 x0=0.771136 velocity_parameter=0.097 elapsed=51.9049s written=0
  crossing 0/250
  stopped velocity row 66 IC 29 x0=0.771136 velocity_parameter=0.097 status=collision: trajectory reached the configured collision radius
velocity row 66/120 IC 37/599 x0=0.77171 velocity_parameter=0.097 elapsed=52.1717s written=0
  crossing 0/250
  stopped velocity row 66 IC 37 x0=0.77171 velocity_parameter=0.097 status=collision: trajectory reached the configured collision radius
velocity row 67/120 IC 19/599 x0=0.770418 velocity_parameter=0.113167 elapsed=52.2082s written=0
  crossing 0/250
  stopped velocity row 67 IC 19 x0=0.770418 velocity_parameter=0.113167 status=collision: trajectory reached the configured collision radius
velocity row 67/120 IC 29/599 x0=0.771136 velocity_parameter=0.113167 elapsed=52.5364s written=0
  crossing 0/250
  stopped velocity row 67 IC 29 x0=0.771136 velocity_parameter=0.113167 status=collision: trajectory reached the configured collision radius
velocity row 67/120 IC 37/599 x0=0.77171 velocity_parameter=0.113167 elapsed=52.8002s written=0
  crossing 0/250
  stopped velocity row 67 IC 37 x0=0.77171 velocity_parameter=0.113167 status=collision: trajectory reached the configured collision radius
velocity row 68/120 IC 19/599 x0=0.770418 velocity_parameter=0.129333 elapsed=52.8327s written=0
  crossing 0/250
  stopped velocity row 68 IC 19 x0=0.770418 velocity_parameter=0.129333 status=collision: trajectory reached the configured collision radius
velocity row 68/120 IC 29/599 x0=0.771136 velocity_parameter=0.129333 elapsed=53.2053s written=0
  crossing 0/250
  stopped velocity row 68 IC 29 x0=0.771136 velocity_parameter=0.129333 status=collision: trajectory reached the configured collision radius
velocity row 68/120 IC 37/599 x0=0.77171 velocity_parameter=0.129333 elapsed=53.5141s written=0
  crossing 0/250
  stopped velocity row 68 IC 37 x0=0.77171 velocity_parameter=0.129333 status=collision: trajectory reached the configured collision radius
velocity row 69/120 IC 19/599 x0=0.770418 velocity_parameter=0.1455 elapsed=53.5469s written=0
  crossing 0/250
  stopped velocity row 69 IC 19 x0=0.770418 velocity_parameter=0.1455 status=collision: trajectory reached the configured collision radius
velocity row 69/120 IC 29/599 x0=0.771136 velocity_parameter=0.1455 elapsed=53.8967s written=0
  crossing 0/250
  stopped velocity row 69 IC 29 x0=0.771136 velocity_parameter=0.1455 status=collision: trajectory reached the configured collision radius
velocity row 69/120 IC 37/599 x0=0.77171 velocity_parameter=0.1455 elapsed=54.159s written=0
  crossing 0/250
  stopped velocity row 69 IC 37 x0=0.77171 velocity_parameter=0.1455 status=collision: trajectory reached the configured collision radius
velocity row 70/120 IC 19/599 x0=0.770418 velocity_parameter=0.161667 elapsed=54.1967s written=0
  crossing 0/250
  stopped velocity row 70 IC 19 x0=0.770418 velocity_parameter=0.161667 status=collision: trajectory reached the configured collision radius
velocity row 70/120 IC 29/599 x0=0.771136 velocity_parameter=0.161667 elapsed=54.54s written=0
  crossing 0/250
  stopped velocity row 70 IC 29 x0=0.771136 velocity_parameter=0.161667 status=collision: trajectory reached the configured collision radius
velocity row 70/120 IC 37/599 x0=0.77171 velocity_parameter=0.161667 elapsed=54.7994s written=0
  crossing 0/250
  stopped velocity row 70 IC 37 x0=0.77171 velocity_parameter=0.161667 status=collision: trajectory reached the configured collision radius
velocity row 71/120 IC 19/599 x0=0.770418 velocity_parameter=0.177833 elapsed=54.832s written=0
  crossing 0/250
  stopped velocity row 71 IC 19 x0=0.770418 velocity_parameter=0.177833 status=collision: trajectory reached the configured collision radius
velocity row 71/120 IC 29/599 x0=0.771136 velocity_parameter=0.177833 elapsed=55.1758s written=0
  crossing 0/250
  stopped velocity row 71 IC 29 x0=0.771136 velocity_parameter=0.177833 status=collision: trajectory reached the configured collision radius
velocity row 71/120 IC 37/599 x0=0.77171 velocity_parameter=0.177833 elapsed=55.4809s written=0
  crossing 0/250
  stopped velocity row 71 IC 37 x0=0.77171 velocity_parameter=0.177833 status=collision: trajectory reached the configured collision radius
velocity row 72/120 IC 19/599 x0=0.770418 velocity_parameter=0.194 elapsed=55.5148s written=0
  crossing 0/250
  stopped velocity row 72 IC 19 x0=0.770418 velocity_parameter=0.194 status=collision: trajectory reached the configured collision radius
velocity row 72/120 IC 29/599 x0=0.771136 velocity_parameter=0.194 elapsed=55.8589s written=0
  crossing 0/250
  stopped velocity row 72 IC 29 x0=0.771136 velocity_parameter=0.194 status=collision: trajectory reached the configured collision radius
velocity row 72/120 IC 37/599 x0=0.77171 velocity_parameter=0.194 elapsed=56.1718s written=0
  crossing 0/250
  stopped velocity row 72 IC 37 x0=0.77171 velocity_parameter=0.194 status=collision: trajectory reached the configured collision radius
velocity row 73/120 IC 19/599 x0=0.770418 velocity_parameter=0.210167 elapsed=56.2066s written=0
  crossing 0/250
  stopped velocity row 73 IC 19 x0=0.770418 velocity_parameter=0.210167 status=collision: trajectory reached the configured collision radius
velocity row 73/120 IC 29/599 x0=0.771136 velocity_parameter=0.210167 elapsed=56.5437s written=0
  crossing 0/250
  stopped velocity row 73 IC 29 x0=0.771136 velocity_parameter=0.210167 status=collision: trajectory reached the configured collision radius
velocity row 73/120 IC 37/599 x0=0.77171 velocity_parameter=0.210167 elapsed=56.8243s written=0
  crossing 0/250
  stopped velocity row 73 IC 37 x0=0.77171 velocity_parameter=0.210167 status=collision: trajectory reached the configured collision radius
velocity row 74/120 IC 19/599 x0=0.770418 velocity_parameter=0.226333 elapsed=56.858s written=0
  crossing 0/250
  stopped velocity row 74 IC 19 x0=0.770418 velocity_parameter=0.226333 status=collision: trajectory reached the configured collision radius
velocity row 74/120 IC 29/599 x0=0.771136 velocity_parameter=0.226333 elapsed=57.2582s written=0
  crossing 0/250
  stopped velocity row 74 IC 29 x0=0.771136 velocity_parameter=0.226333 status=collision: trajectory reached the configured collision radius
velocity row 74/120 IC 37/599 x0=0.77171 velocity_parameter=0.226333 elapsed=57.5502s written=0
  crossing 0/250
  stopped velocity row 74 IC 37 x0=0.77171 velocity_parameter=0.226333 status=collision: trajectory reached the configured collision radius
velocity row 75/120 IC 19/599 x0=0.770418 velocity_parameter=0.2425 elapsed=57.5843s written=0
  crossing 0/250
  stopped velocity row 75 IC 19 x0=0.770418 velocity_parameter=0.2425 status=collision: trajectory reached the configured collision radius
velocity row 75/120 IC 29/599 x0=0.771136 velocity_parameter=0.2425 elapsed=57.9827s written=0
  crossing 0/250
  stopped velocity row 75 IC 29 x0=0.771136 velocity_parameter=0.2425 status=collision: trajectory reached the configured collision radius
velocity row 75/120 IC 37/599 x0=0.77171 velocity_parameter=0.2425 elapsed=58.2549s written=0
  crossing 0/250
  stopped velocity row 75 IC 37 x0=0.77171 velocity_parameter=0.2425 status=collision: trajectory reached the configured collision radius
velocity row 76/120 IC 19/599 x0=0.770418 velocity_parameter=0.258667 elapsed=58.2899s written=0
  crossing 0/250
  stopped velocity row 76 IC 19 x0=0.770418 velocity_parameter=0.258667 status=collision: trajectory reached the configured collision radius
velocity row 76/120 IC 29/599 x0=0.771136 velocity_parameter=0.258667 elapsed=58.6519s written=0
  crossing 0/250
  stopped velocity row 76 IC 29 x0=0.771136 velocity_parameter=0.258667 status=collision: trajectory reached the configured collision radius
velocity row 76/120 IC 37/599 x0=0.77171 velocity_parameter=0.258667 elapsed=58.9332s written=0
  crossing 0/250
  stopped velocity row 76 IC 37 x0=0.77171 velocity_parameter=0.258667 status=collision: trajectory reached the configured collision radius
velocity row 77/120 IC 19/599 x0=0.770418 velocity_parameter=0.274833 elapsed=58.9675s written=0
  crossing 0/250
  stopped velocity row 77 IC 19 x0=0.770418 velocity_parameter=0.274833 status=collision: trajectory reached the configured collision radius
velocity row 77/120 IC 29/599 x0=0.771136 velocity_parameter=0.274833 elapsed=59.3024s written=0
  crossing 0/250
  stopped velocity row 77 IC 29 x0=0.771136 velocity_parameter=0.274833 status=collision: trajectory reached the configured collision radius
velocity row 77/120 IC 37/599 x0=0.77171 velocity_parameter=0.274833 elapsed=59.5711s written=0
  crossing 0/250
  stopped velocity row 77 IC 37 x0=0.77171 velocity_parameter=0.274833 status=collision: trajectory reached the configured collision radius
velocity row 78/120 IC 19/599 x0=0.770418 velocity_parameter=0.291 elapsed=59.6053s written=0
  crossing 0/250
  stopped velocity row 78 IC 19 x0=0.770418 velocity_parameter=0.291 status=collision: trajectory reached the configured collision radius
velocity row 78/120 IC 29/599 x0=0.771136 velocity_parameter=0.291 elapsed=59.9551s written=0
  crossing 0/250
  stopped velocity row 78 IC 29 x0=0.771136 velocity_parameter=0.291 status=collision: trajectory reached the configured collision radius
velocity row 78/120 IC 37/599 x0=0.77171 velocity_parameter=0.291 elapsed=60.2257s written=0
  crossing 0/250
  stopped velocity row 78 IC 37 x0=0.77171 velocity_parameter=0.291 status=collision: trajectory reached the configured collision radius
velocity row 79/120 IC 19/599 x0=0.770418 velocity_parameter=0.307167 elapsed=60.26s written=0
  crossing 0/250
  stopped velocity row 79 IC 19 x0=0.770418 velocity_parameter=0.307167 status=collision: trajectory reached the configured collision radius
velocity row 79/120 IC 29/599 x0=0.771136 velocity_parameter=0.307167 elapsed=60.6181s written=0
  crossing 0/250
  stopped velocity row 79 IC 29 x0=0.771136 velocity_parameter=0.307167 status=collision: trajectory reached the configured collision radius
velocity row 79/120 IC 37/599 x0=0.77171 velocity_parameter=0.307167 elapsed=60.8839s written=0
  crossing 0/250
  stopped velocity row 79 IC 37 x0=0.77171 velocity_parameter=0.307167 status=collision: trajectory reached the configured collision radius
velocity row 80/120 IC 19/599 x0=0.770418 velocity_parameter=0.323333 elapsed=60.9171s written=0
  crossing 0/250
  stopped velocity row 80 IC 19 x0=0.770418 velocity_parameter=0.323333 status=collision: trajectory reached the configured collision radius
velocity row 80/120 IC 29/599 x0=0.771136 velocity_parameter=0.323333 elapsed=61.2467s written=0
  crossing 0/250
  stopped velocity row 80 IC 29 x0=0.771136 velocity_parameter=0.323333 status=collision: trajectory reached the configured collision radius
velocity row 80/120 IC 37/599 x0=0.77171 velocity_parameter=0.323333 elapsed=61.5236s written=0
  crossing 0/250
  stopped velocity row 80 IC 37 x0=0.77171 velocity_parameter=0.323333 status=collision: trajectory reached the configured collision radius
velocity row 81/120 IC 19/599 x0=0.770418 velocity_parameter=0.3395 elapsed=61.5589s written=0
  crossing 0/250
  stopped velocity row 81 IC 19 x0=0.770418 velocity_parameter=0.3395 status=collision: trajectory reached the configured collision radius
velocity row 81/120 IC 29/599 x0=0.771136 velocity_parameter=0.3395 elapsed=61.8864s written=0
  crossing 0/250
  stopped velocity row 81 IC 29 x0=0.771136 velocity_parameter=0.3395 status=collision: trajectory reached the configured collision radius
velocity row 81/120 IC 37/599 x0=0.77171 velocity_parameter=0.3395 elapsed=62.1636s written=0
  crossing 0/250
  stopped velocity row 81 IC 37 x0=0.77171 velocity_parameter=0.3395 status=collision: trajectory reached the configured collision radius
velocity row 82/120 IC 19/599 x0=0.770418 velocity_parameter=0.355667 elapsed=62.1968s written=0
  crossing 0/250
  stopped velocity row 82 IC 19 x0=0.770418 velocity_parameter=0.355667 status=collision: trajectory reached the configured collision radius
velocity row 82/120 IC 29/599 x0=0.771136 velocity_parameter=0.355667 elapsed=62.5497s written=0
  crossing 0/250
  stopped velocity row 82 IC 29 x0=0.771136 velocity_parameter=0.355667 status=collision: trajectory reached the configured collision radius
velocity row 82/120 IC 37/599 x0=0.77171 velocity_parameter=0.355667 elapsed=62.8371s written=0
  crossing 0/250
  stopped velocity row 82 IC 37 x0=0.77171 velocity_parameter=0.355667 status=collision: trajectory reached the configured collision radius
velocity row 83/120 IC 19/599 x0=0.770418 velocity_parameter=0.371833 elapsed=62.8706s written=0
  crossing 0/250
  stopped velocity row 83 IC 19 x0=0.770418 velocity_parameter=0.371833 status=collision: trajectory reached the configured collision radius
velocity row 83/120 IC 29/599 x0=0.771136 velocity_parameter=0.371833 elapsed=63.1993s written=0
  crossing 0/250
  stopped velocity row 83 IC 29 x0=0.771136 velocity_parameter=0.371833 status=collision: trajectory reached the configured collision radius
velocity row 83/120 IC 37/599 x0=0.77171 velocity_parameter=0.371833 elapsed=63.4625s written=0
  crossing 0/250
  stopped velocity row 83 IC 37 x0=0.77171 velocity_parameter=0.371833 status=collision: trajectory reached the configured collision radius
velocity row 84/120 IC 19/599 x0=0.770418 velocity_parameter=0.388 elapsed=63.4954s written=0
  crossing 0/250
  stopped velocity row 84 IC 19 x0=0.770418 velocity_parameter=0.388 status=collision: trajectory reached the configured collision radius
velocity row 84/120 IC 29/599 x0=0.771136 velocity_parameter=0.388 elapsed=63.8269s written=0
  crossing 0/250
  stopped velocity row 84 IC 29 x0=0.771136 velocity_parameter=0.388 status=collision: trajectory reached the configured collision radius
velocity row 84/120 IC 37/599 x0=0.77171 velocity_parameter=0.388 elapsed=64.0892s written=0
  crossing 0/250
  stopped velocity row 84 IC 37 x0=0.77171 velocity_parameter=0.388 status=collision: trajectory reached the configured collision radius
velocity row 85/120 IC 19/599 x0=0.770418 velocity_parameter=0.404167 elapsed=64.123s written=0
  crossing 0/250
  stopped velocity row 85 IC 19 x0=0.770418 velocity_parameter=0.404167 status=collision: trajectory reached the configured collision radius
velocity row 85/120 IC 29/599 x0=0.771136 velocity_parameter=0.404167 elapsed=64.4559s written=0
  crossing 0/250
  stopped velocity row 85 IC 29 x0=0.771136 velocity_parameter=0.404167 status=collision: trajectory reached the configured collision radius
velocity row 85/120 IC 37/599 x0=0.77171 velocity_parameter=0.404167 elapsed=64.7245s written=0
  crossing 0/250
  stopped velocity row 85 IC 37 x0=0.77171 velocity_parameter=0.404167 status=collision: trajectory reached the configured collision radius
velocity row 86/120 IC 19/599 x0=0.770418 velocity_parameter=0.420333 elapsed=64.7576s written=0
  crossing 0/250
  stopped velocity row 86 IC 19 x0=0.770418 velocity_parameter=0.420333 status=collision: trajectory reached the configured collision radius
velocity row 86/120 IC 29/599 x0=0.771136 velocity_parameter=0.420333 elapsed=65.0926s written=0
  crossing 0/250
  stopped velocity row 86 IC 29 x0=0.771136 velocity_parameter=0.420333 status=collision: trajectory reached the configured collision radius
velocity row 86/120 IC 37/599 x0=0.77171 velocity_parameter=0.420333 elapsed=65.3569s written=0
  crossing 0/250
  stopped velocity row 86 IC 37 x0=0.77171 velocity_parameter=0.420333 status=collision: trajectory reached the configured collision radius
velocity row 87/120 IC 19/599 x0=0.770418 velocity_parameter=0.4365 elapsed=65.3898s written=0
  crossing 0/250
  stopped velocity row 87 IC 19 x0=0.770418 velocity_parameter=0.4365 status=collision: trajectory reached the configured collision radius
velocity row 87/120 IC 29/599 x0=0.771136 velocity_parameter=0.4365 elapsed=65.7332s written=0
  crossing 0/250
  stopped velocity row 87 IC 29 x0=0.771136 velocity_parameter=0.4365 status=collision: trajectory reached the configured collision radius
velocity row 87/120 IC 37/599 x0=0.77171 velocity_parameter=0.4365 elapsed=65.9946s written=0
  crossing 0/250
  stopped velocity row 87 IC 37 x0=0.77171 velocity_parameter=0.4365 status=collision: trajectory reached the configured collision radius
velocity row 88/120 IC 19/599 x0=0.770418 velocity_parameter=0.452667 elapsed=66.027s written=0
  crossing 0/250
  stopped velocity row 88 IC 19 x0=0.770418 velocity_parameter=0.452667 status=collision: trajectory reached the configured collision radius
velocity row 88/120 IC 29/599 x0=0.771136 velocity_parameter=0.452667 elapsed=66.3687s written=0
  crossing 0/250
  stopped velocity row 88 IC 29 x0=0.771136 velocity_parameter=0.452667 status=collision: trajectory reached the configured collision radius
velocity row 88/120 IC 37/599 x0=0.77171 velocity_parameter=0.452667 elapsed=66.6319s written=0
  crossing 0/250
  stopped velocity row 88 IC 37 x0=0.77171 velocity_parameter=0.452667 status=collision: trajectory reached the configured collision radius
velocity row 89/120 IC 19/599 x0=0.770418 velocity_parameter=0.468833 elapsed=66.6654s written=0
  crossing 0/250
  stopped velocity row 89 IC 19 x0=0.770418 velocity_parameter=0.468833 status=collision: trajectory reached the configured collision radius
velocity row 89/120 IC 29/599 x0=0.771136 velocity_parameter=0.468833 elapsed=66.9947s written=0
  crossing 0/250
  stopped velocity row 89 IC 29 x0=0.771136 velocity_parameter=0.468833 status=collision: trajectory reached the configured collision radius
velocity row 89/120 IC 37/599 x0=0.77171 velocity_parameter=0.468833 elapsed=67.2594s written=0
  crossing 0/250
  stopped velocity row 89 IC 37 x0=0.77171 velocity_parameter=0.468833 status=collision: trajectory reached the configured collision radius
velocity row 90/120 IC 19/599 x0=0.770418 velocity_parameter=0.485 elapsed=67.2932s written=0
  crossing 0/250
  stopped velocity row 90 IC 19 x0=0.770418 velocity_parameter=0.485 status=collision: trajectory reached the configured collision radius
velocity row 90/120 IC 29/599 x0=0.771136 velocity_parameter=0.485 elapsed=67.6645s written=0
  crossing 0/250
  stopped velocity row 90 IC 29 x0=0.771136 velocity_parameter=0.485 status=collision: trajectory reached the configured collision radius
velocity row 90/120 IC 37/599 x0=0.77171 velocity_parameter=0.485 elapsed=67.9329s written=0
  crossing 0/250
  stopped velocity row 90 IC 37 x0=0.77171 velocity_parameter=0.485 status=collision: trajectory reached the configured collision radius
velocity row 91/120 IC 19/599 x0=0.770418 velocity_parameter=0.501167 elapsed=67.9652s written=0
  crossing 0/250
  stopped velocity row 91 IC 19 x0=0.770418 velocity_parameter=0.501167 status=collision: trajectory reached the configured collision radius
velocity row 91/120 IC 29/599 x0=0.771136 velocity_parameter=0.501167 elapsed=68.2957s written=0
  crossing 0/250
  stopped velocity row 91 IC 29 x0=0.771136 velocity_parameter=0.501167 status=collision: trajectory reached the configured collision radius
velocity row 91/120 IC 37/599 x0=0.77171 velocity_parameter=0.501167 elapsed=68.5596s written=0
  crossing 0/250
  stopped velocity row 91 IC 37 x0=0.77171 velocity_parameter=0.501167 status=collision: trajectory reached the configured collision radius
velocity row 92/120 IC 19/599 x0=0.770418 velocity_parameter=0.517333 elapsed=68.5932s written=0
  crossing 0/250
  stopped velocity row 92 IC 19 x0=0.770418 velocity_parameter=0.517333 status=collision: trajectory reached the configured collision radius
velocity row 92/120 IC 29/599 x0=0.771136 velocity_parameter=0.517333 elapsed=68.9202s written=0
  crossing 0/250
  stopped velocity row 92 IC 29 x0=0.771136 velocity_parameter=0.517333 status=collision: trajectory reached the configured collision radius
velocity row 92/120 IC 37/599 x0=0.77171 velocity_parameter=0.517333 elapsed=69.2046s written=0
  crossing 0/250
  stopped velocity row 92 IC 37 x0=0.77171 velocity_parameter=0.517333 status=collision: trajectory reached the configured collision radius
velocity row 93/120 IC 19/599 x0=0.770418 velocity_parameter=0.5335 elapsed=69.2378s written=0
  crossing 0/250
  stopped velocity row 93 IC 19 x0=0.770418 velocity_parameter=0.5335 status=collision: trajectory reached the configured collision radius
velocity row 93/120 IC 29/599 x0=0.771136 velocity_parameter=0.5335 elapsed=69.5785s written=0
  crossing 0/250
  stopped velocity row 93 IC 29 x0=0.771136 velocity_parameter=0.5335 status=collision: trajectory reached the configured collision radius
velocity row 93/120 IC 37/599 x0=0.77171 velocity_parameter=0.5335 elapsed=69.8428s written=0
  crossing 0/250
  stopped velocity row 93 IC 37 x0=0.77171 velocity_parameter=0.5335 status=collision: trajectory reached the configured collision radius
velocity row 94/120 IC 19/599 x0=0.770418 velocity_parameter=0.549667 elapsed=69.8762s written=0
  crossing 0/250
  stopped velocity row 94 IC 19 x0=0.770418 velocity_parameter=0.549667 status=collision: trajectory reached the configured collision radius
velocity row 94/120 IC 29/599 x0=0.771136 velocity_parameter=0.549667 elapsed=70.2548s written=0
  crossing 0/250
  stopped velocity row 94 IC 29 x0=0.771136 velocity_parameter=0.549667 status=collision: trajectory reached the configured collision radius
velocity row 94/120 IC 37/599 x0=0.77171 velocity_parameter=0.549667 elapsed=70.5218s written=0
  crossing 0/250
  stopped velocity row 94 IC 37 x0=0.77171 velocity_parameter=0.549667 status=collision: trajectory reached the configured collision radius
velocity row 95/120 IC 19/599 x0=0.770418 velocity_parameter=0.565833 elapsed=70.5551s written=0
  crossing 0/250
  stopped velocity row 95 IC 19 x0=0.770418 velocity_parameter=0.565833 status=collision: trajectory reached the configured collision radius
velocity row 95/120 IC 29/599 x0=0.771136 velocity_parameter=0.565833 elapsed=70.8968s written=0
  crossing 0/250
  stopped velocity row 95 IC 29 x0=0.771136 velocity_parameter=0.565833 status=collision: trajectory reached the configured collision radius
velocity row 95/120 IC 37/599 x0=0.77171 velocity_parameter=0.565833 elapsed=71.161s written=0
  crossing 0/250
  stopped velocity row 95 IC 37 x0=0.77171 velocity_parameter=0.565833 status=collision: trajectory reached the configured collision radius
velocity row 96/120 IC 19/599 x0=0.770418 velocity_parameter=0.582 elapsed=71.1939s written=0
  crossing 0/250
  stopped velocity row 96 IC 19 x0=0.770418 velocity_parameter=0.582 status=collision: trajectory reached the configured collision radius
velocity row 96/120 IC 29/599 x0=0.771136 velocity_parameter=0.582 elapsed=71.5223s written=0
  crossing 0/250
  stopped velocity row 96 IC 29 x0=0.771136 velocity_parameter=0.582 status=collision: trajectory reached the configured collision radius
velocity row 96/120 IC 37/599 x0=0.77171 velocity_parameter=0.582 elapsed=71.7863s written=0
  crossing 0/250
  stopped velocity row 96 IC 37 x0=0.77171 velocity_parameter=0.582 status=collision: trajectory reached the configured collision radius
velocity row 97/120 IC 19/599 x0=0.770418 velocity_parameter=0.598167 elapsed=71.8422s written=0
  crossing 0/250
  stopped velocity row 97 IC 19 x0=0.770418 velocity_parameter=0.598167 status=collision: trajectory reached the configured collision radius
velocity row 97/120 IC 29/599 x0=0.771136 velocity_parameter=0.598167 elapsed=72.1737s written=0
  crossing 0/250
  stopped velocity row 97 IC 29 x0=0.771136 velocity_parameter=0.598167 status=collision: trajectory reached the configured collision radius
velocity row 97/120 IC 37/599 x0=0.77171 velocity_parameter=0.598167 elapsed=72.457s written=0
  crossing 0/250
  stopped velocity row 97 IC 37 x0=0.77171 velocity_parameter=0.598167 status=collision: trajectory reached the configured collision radius
velocity row 98/120 IC 19/599 x0=0.770418 velocity_parameter=0.614333 elapsed=72.4899s written=0
  crossing 0/250
  stopped velocity row 98 IC 19 x0=0.770418 velocity_parameter=0.614333 status=collision: trajectory reached the configured collision radius
velocity row 98/120 IC 29/599 x0=0.771136 velocity_parameter=0.614333 elapsed=72.8248s written=0
  crossing 0/250
  stopped velocity row 98 IC 29 x0=0.771136 velocity_parameter=0.614333 status=collision: trajectory reached the configured collision radius
velocity row 98/120 IC 37/599 x0=0.77171 velocity_parameter=0.614333 elapsed=73.0897s written=0
  crossing 0/250
  stopped velocity row 98 IC 37 x0=0.77171 velocity_parameter=0.614333 status=collision: trajectory reached the configured collision radius
velocity row 99/120 IC 19/599 x0=0.770418 velocity_parameter=0.6305 elapsed=73.124s written=0
  crossing 0/250
  stopped velocity row 99 IC 19 x0=0.770418 velocity_parameter=0.6305 status=collision: trajectory reached the configured collision radius
velocity row 99/120 IC 29/599 x0=0.771136 velocity_parameter=0.6305 elapsed=73.4624s written=0
  crossing 0/250
  stopped velocity row 99 IC 29 x0=0.771136 velocity_parameter=0.6305 status=collision: trajectory reached the configured collision radius
velocity row 99/120 IC 37/599 x0=0.77171 velocity_parameter=0.6305 elapsed=73.7275s written=0
  crossing 0/250
  stopped velocity row 99 IC 37 x0=0.77171 velocity_parameter=0.6305 status=collision: trajectory reached the configured collision radius
velocity row 100/120 IC 19/599 x0=0.770418 velocity_parameter=0.646667 elapsed=73.7605s written=0
  crossing 0/250
  stopped velocity row 100 IC 19 x0=0.770418 velocity_parameter=0.646667 status=collision: trajectory reached the configured collision radius
velocity row 100/120 IC 29/599 x0=0.771136 velocity_parameter=0.646667 elapsed=74.1091s written=0
  crossing 0/250
  stopped velocity row 100 IC 29 x0=0.771136 velocity_parameter=0.646667 status=collision: trajectory reached the configured collision radius
velocity row 100/120 IC 37/599 x0=0.77171 velocity_parameter=0.646667 elapsed=74.374s written=0
  crossing 0/250
  stopped velocity row 100 IC 37 x0=0.77171 velocity_parameter=0.646667 status=collision: trajectory reached the configured collision radius
velocity row 101/120 IC 19/599 x0=0.770418 velocity_parameter=0.662833 elapsed=74.4072s written=0
  crossing 0/250
  stopped velocity row 101 IC 19 x0=0.770418 velocity_parameter=0.662833 status=collision: trajectory reached the configured collision radius
velocity row 101/120 IC 29/599 x0=0.771136 velocity_parameter=0.662833 elapsed=74.7372s written=0
  crossing 0/250
  stopped velocity row 101 IC 29 x0=0.771136 velocity_parameter=0.662833 status=collision: trajectory reached the configured collision radius
velocity row 101/120 IC 37/599 x0=0.77171 velocity_parameter=0.662833 elapsed=74.9999s written=0
  crossing 0/250
  stopped velocity row 101 IC 37 x0=0.77171 velocity_parameter=0.662833 status=collision: trajectory reached the configured collision radius
velocity row 102/120 IC 19/599 x0=0.770418 velocity_parameter=0.679 elapsed=75.0331s written=0
  crossing 0/250
  stopped velocity row 102 IC 19 x0=0.770418 velocity_parameter=0.679 status=collision: trajectory reached the configured collision radius
velocity row 102/120 IC 29/599 x0=0.771136 velocity_parameter=0.679 elapsed=75.3636s written=0
  crossing 0/250
  stopped velocity row 102 IC 29 x0=0.771136 velocity_parameter=0.679 status=collision: trajectory reached the configured collision radius
velocity row 102/120 IC 37/599 x0=0.77171 velocity_parameter=0.679 elapsed=75.6439s written=0
  crossing 0/250
  stopped velocity row 102 IC 37 x0=0.77171 velocity_parameter=0.679 status=collision: trajectory reached the configured collision radius
velocity row 103/120 IC 19/599 x0=0.770418 velocity_parameter=0.695167 elapsed=75.6789s written=0
  crossing 0/250
  stopped velocity row 103 IC 19 x0=0.770418 velocity_parameter=0.695167 status=collision: trajectory reached the configured collision radius
velocity row 103/120 IC 29/599 x0=0.771136 velocity_parameter=0.695167 elapsed=76.0495s written=0
  crossing 0/250
  stopped velocity row 103 IC 29 x0=0.771136 velocity_parameter=0.695167 status=collision: trajectory reached the configured collision radius
velocity row 103/120 IC 37/599 x0=0.77171 velocity_parameter=0.695167 elapsed=76.3291s written=0
  crossing 0/250
  stopped velocity row 103 IC 37 x0=0.77171 velocity_parameter=0.695167 status=collision: trajectory reached the configured collision radius
velocity row 104/120 IC 19/599 x0=0.770418 velocity_parameter=0.711333 elapsed=76.3623s written=0
  crossing 0/250
  stopped velocity row 104 IC 19 x0=0.770418 velocity_parameter=0.711333 status=collision: trajectory reached the configured collision radius
velocity row 104/120 IC 29/599 x0=0.771136 velocity_parameter=0.711333 elapsed=76.7127s written=0
  crossing 0/250
  stopped velocity row 104 IC 29 x0=0.771136 velocity_parameter=0.711333 status=collision: trajectory reached the configured collision radius
velocity row 104/120 IC 37/599 x0=0.77171 velocity_parameter=0.711333 elapsed=76.9777s written=0
  crossing 0/250
  stopped velocity row 104 IC 37 x0=0.77171 velocity_parameter=0.711333 status=collision: trajectory reached the configured collision radius
velocity row 105/120 IC 19/599 x0=0.770418 velocity_parameter=0.7275 elapsed=77.0105s written=0
  crossing 0/250
  stopped velocity row 105 IC 19 x0=0.770418 velocity_parameter=0.7275 status=collision: trajectory reached the configured collision radius
velocity row 105/120 IC 29/599 x0=0.771136 velocity_parameter=0.7275 elapsed=77.3413s written=0
  crossing 0/250
  stopped velocity row 105 IC 29 x0=0.771136 velocity_parameter=0.7275 status=collision: trajectory reached the configured collision radius
velocity row 105/120 IC 37/599 x0=0.77171 velocity_parameter=0.7275 elapsed=77.6211s written=0
  crossing 0/250
  stopped velocity row 105 IC 37 x0=0.77171 velocity_parameter=0.7275 status=collision: trajectory reached the configured collision radius
velocity row 106/120 IC 19/599 x0=0.770418 velocity_parameter=0.743667 elapsed=77.6542s written=0
  crossing 0/250
  stopped velocity row 106 IC 19 x0=0.770418 velocity_parameter=0.743667 status=collision: trajectory reached the configured collision radius
velocity row 106/120 IC 29/599 x0=0.771136 velocity_parameter=0.743667 elapsed=77.9921s written=0
  crossing 0/250
  stopped velocity row 106 IC 29 x0=0.771136 velocity_parameter=0.743667 status=collision: trajectory reached the configured collision radius
velocity row 106/120 IC 37/599 x0=0.77171 velocity_parameter=0.743667 elapsed=78.3131s written=0
  crossing 0/250
  stopped velocity row 106 IC 37 x0=0.77171 velocity_parameter=0.743667 status=collision: trajectory reached the configured collision radius
velocity row 107/120 IC 19/599 x0=0.770418 velocity_parameter=0.759833 elapsed=78.3468s written=0
  crossing 0/250
  stopped velocity row 107 IC 19 x0=0.770418 velocity_parameter=0.759833 status=collision: trajectory reached the configured collision radius
velocity row 107/120 IC 29/599 x0=0.771136 velocity_parameter=0.759833 elapsed=78.6823s written=0
  crossing 0/250
  stopped velocity row 107 IC 29 x0=0.771136 velocity_parameter=0.759833 status=collision: trajectory reached the configured collision radius
velocity row 107/120 IC 37/599 x0=0.77171 velocity_parameter=0.759833 elapsed=78.9826s written=0
  crossing 0/250
  stopped velocity row 107 IC 37 x0=0.77171 velocity_parameter=0.759833 status=collision: trajectory reached the configured collision radius
velocity row 108/120 IC 19/599 x0=0.770418 velocity_parameter=0.776 elapsed=79.0159s written=0
  crossing 0/250
  stopped velocity row 108 IC 19 x0=0.770418 velocity_parameter=0.776 status=collision: trajectory reached the configured collision radius
velocity row 108/120 IC 29/599 x0=0.771136 velocity_parameter=0.776 elapsed=79.3457s written=0
  crossing 0/250
  stopped velocity row 108 IC 29 x0=0.771136 velocity_parameter=0.776 status=collision: trajectory reached the configured collision radius
velocity row 108/120 IC 37/599 x0=0.77171 velocity_parameter=0.776 elapsed=79.6192s written=0
  crossing 0/250
  stopped velocity row 108 IC 37 x0=0.77171 velocity_parameter=0.776 status=collision: trajectory reached the configured collision radius
velocity row 109/120 IC 19/599 x0=0.770418 velocity_parameter=0.792167 elapsed=79.6536s written=0
  crossing 0/250
  stopped velocity row 109 IC 19 x0=0.770418 velocity_parameter=0.792167 status=collision: trajectory reached the configured collision radius
velocity row 109/120 IC 29/599 x0=0.771136 velocity_parameter=0.792167 elapsed=79.9904s written=0
  crossing 0/250
  stopped velocity row 109 IC 29 x0=0.771136 velocity_parameter=0.792167 status=collision: trajectory reached the configured collision radius
velocity row 109/120 IC 37/599 x0=0.77171 velocity_parameter=0.792167 elapsed=80.2614s written=0
  crossing 0/250
  stopped velocity row 109 IC 37 x0=0.77171 velocity_parameter=0.792167 status=collision: trajectory reached the configured collision radius
velocity row 110/120 IC 19/599 x0=0.770418 velocity_parameter=0.808333 elapsed=80.2945s written=0
  crossing 0/250
  stopped velocity row 110 IC 19 x0=0.770418 velocity_parameter=0.808333 status=collision: trajectory reached the configured collision radius
velocity row 110/120 IC 29/599 x0=0.771136 velocity_parameter=0.808333 elapsed=80.6274s written=0
  crossing 0/250
  stopped velocity row 110 IC 29 x0=0.771136 velocity_parameter=0.808333 status=collision: trajectory reached the configured collision radius
velocity row 110/120 IC 37/599 x0=0.77171 velocity_parameter=0.808333 elapsed=80.9025s written=0
  crossing 0/250
  stopped velocity row 110 IC 37 x0=0.77171 velocity_parameter=0.808333 status=collision: trajectory reached the configured collision radius
velocity row 111/120 IC 19/599 x0=0.770418 velocity_parameter=0.8245 elapsed=80.9356s written=0
  crossing 0/250
  stopped velocity row 111 IC 19 x0=0.770418 velocity_parameter=0.8245 status=collision: trajectory reached the configured collision radius
velocity row 111/120 IC 29/599 x0=0.771136 velocity_parameter=0.8245 elapsed=81.2943s written=0
  crossing 0/250
  stopped velocity row 111 IC 29 x0=0.771136 velocity_parameter=0.8245 status=collision: trajectory reached the configured collision radius
velocity row 111/120 IC 37/599 x0=0.77171 velocity_parameter=0.8245 elapsed=81.5619s written=0
  crossing 0/250
  stopped velocity row 111 IC 37 x0=0.77171 velocity_parameter=0.8245 status=collision: trajectory reached the configured collision radius
velocity row 112/120 IC 19/599 x0=0.770418 velocity_parameter=0.840667 elapsed=81.5951s written=0
  crossing 0/250
  stopped velocity row 112 IC 19 x0=0.770418 velocity_parameter=0.840667 status=collision: trajectory reached the configured collision radius
velocity row 112/120 IC 29/599 x0=0.771136 velocity_parameter=0.840667 elapsed=81.9283s written=0
  crossing 0/250
  stopped velocity row 112 IC 29 x0=0.771136 velocity_parameter=0.840667 status=collision: trajectory reached the configured collision radius
velocity row 112/120 IC 37/599 x0=0.77171 velocity_parameter=0.840667 elapsed=82.2299s written=0
  crossing 0/250
  stopped velocity row 112 IC 37 x0=0.77171 velocity_parameter=0.840667 status=collision: trajectory reached the configured collision radius
velocity row 113/120 IC 19/599 x0=0.770418 velocity_parameter=0.856833 elapsed=82.264s written=0
  crossing 0/250
  stopped velocity row 113 IC 19 x0=0.770418 velocity_parameter=0.856833 status=collision: trajectory reached the configured collision radius
velocity row 113/120 IC 29/599 x0=0.771136 velocity_parameter=0.856833 elapsed=82.5973s written=0
  crossing 0/250
  stopped velocity row 113 IC 29 x0=0.771136 velocity_parameter=0.856833 status=collision: trajectory reached the configured collision radius
velocity row 113/120 IC 37/599 x0=0.77171 velocity_parameter=0.856833 elapsed=82.8713s written=0
  crossing 0/250
  stopped velocity row 113 IC 37 x0=0.77171 velocity_parameter=0.856833 status=collision: trajectory reached the configured collision radius
velocity row 114/120 IC 19/599 x0=0.770418 velocity_parameter=0.873 elapsed=82.9052s written=0
  crossing 0/250
  stopped velocity row 114 IC 19 x0=0.770418 velocity_parameter=0.873 status=collision: trajectory reached the configured collision radius
velocity row 114/120 IC 29/599 x0=0.771136 velocity_parameter=0.873 elapsed=83.2565s written=0
  crossing 0/250
  stopped velocity row 114 IC 29 x0=0.771136 velocity_parameter=0.873 status=collision: trajectory reached the configured collision radius
velocity row 114/120 IC 37/599 x0=0.77171 velocity_parameter=0.873 elapsed=83.5389s written=0
  crossing 0/250
  stopped velocity row 114 IC 37 x0=0.77171 velocity_parameter=0.873 status=collision: trajectory reached the configured collision radius
velocity row 115/120 IC 19/599 x0=0.770418 velocity_parameter=0.889167 elapsed=83.5738s written=0
  crossing 0/250
  stopped velocity row 115 IC 19 x0=0.770418 velocity_parameter=0.889167 status=collision: trajectory reached the configured collision radius
velocity row 115/120 IC 29/599 x0=0.771136 velocity_parameter=0.889167 elapsed=83.9294s written=0
  crossing 0/250
  stopped velocity row 115 IC 29 x0=0.771136 velocity_parameter=0.889167 status=collision: trajectory reached the configured collision radius
velocity row 115/120 IC 37/599 x0=0.77171 velocity_parameter=0.889167 elapsed=84.1973s written=0
  crossing 0/250
  stopped velocity row 115 IC 37 x0=0.77171 velocity_parameter=0.889167 status=collision: trajectory reached the configured collision radius
velocity row 116/120 IC 19/599 x0=0.770418 velocity_parameter=0.905333 elapsed=84.2314s written=0
  crossing 0/250
  stopped velocity row 116 IC 19 x0=0.770418 velocity_parameter=0.905333 status=collision: trajectory reached the configured collision radius
velocity row 116/120 IC 29/599 x0=0.771136 velocity_parameter=0.905333 elapsed=84.6031s written=0
  crossing 0/250
  stopped velocity row 116 IC 29 x0=0.771136 velocity_parameter=0.905333 status=collision: trajectory reached the configured collision radius
velocity row 116/120 IC 37/599 x0=0.77171 velocity_parameter=0.905333 elapsed=84.8705s written=0
  crossing 0/250
  stopped velocity row 116 IC 37 x0=0.77171 velocity_parameter=0.905333 status=collision: trajectory reached the configured collision radius
velocity row 117/120 IC 19/599 x0=0.770418 velocity_parameter=0.9215 elapsed=84.9038s written=0
  crossing 0/250
  stopped velocity row 117 IC 19 x0=0.770418 velocity_parameter=0.9215 status=collision: trajectory reached the configured collision radius
velocity row 117/120 IC 29/599 x0=0.771136 velocity_parameter=0.9215 elapsed=85.2551s written=10
  crossing 0/250
  stopped velocity row 117 IC 29 x0=0.771136 velocity_parameter=0.9215 status=collision: trajectory reached the configured collision radius
velocity row 117/120 IC 37/599 x0=0.77171 velocity_parameter=0.9215 elapsed=85.5589s written=18
  crossing 0/250
  stopped velocity row 117 IC 37 x0=0.77171 velocity_parameter=0.9215 status=collision: trajectory reached the configured collision radius
velocity row 118/120 IC 19/599 x0=0.770418 velocity_parameter=0.937667 elapsed=85.5932s written=19
  crossing 0/250
  stopped velocity row 118 IC 19 x0=0.770418 velocity_parameter=0.937667 status=collision: trajectory reached the configured collision radius
velocity row 118/120 IC 29/599 x0=0.771136 velocity_parameter=0.937667 elapsed=85.9596s written=29
  crossing 0/250
  stopped velocity row 118 IC 29 x0=0.771136 velocity_parameter=0.937667 status=collision: trajectory reached the configured collision radius
velocity row 118/120 IC 37/599 x0=0.77171 velocity_parameter=0.937667 elapsed=86.2369s written=37
  crossing 0/250
  stopped velocity row 118 IC 37 x0=0.77171 velocity_parameter=0.937667 status=collision: trajectory reached the configured collision radius
velocity row 119/120 IC 19/599 x0=0.770418 velocity_parameter=0.953833 elapsed=86.2705s written=38
  crossing 0/250
  stopped velocity row 119 IC 19 x0=0.770418 velocity_parameter=0.953833 status=collision: trajectory reached the configured collision radius
velocity row 119/120 IC 29/599 x0=0.771136 velocity_parameter=0.953833 elapsed=86.6088s written=48
  crossing 0/250
  stopped velocity row 119 IC 29 x0=0.771136 velocity_parameter=0.953833 status=collision: trajectory reached the configured collision radius
velocity row 119/120 IC 37/599 x0=0.77171 velocity_parameter=0.953833 elapsed=86.8816s written=56
  crossing 0/250
  stopped velocity row 119 IC 37 x0=0.77171 velocity_parameter=0.953833 status=collision: trajectory reached the configured collision radius
velocity row 120/120 IC 19/599 x0=0.770418 velocity_parameter=0.97 elapsed=86.9167s written=57
  crossing 0/250
  stopped velocity row 120 IC 19 x0=0.770418 velocity_parameter=0.97 status=collision: trajectory reached the configured collision radius
velocity row 120/120 IC 29/599 x0=0.771136 velocity_parameter=0.97 elapsed=87.2556s written=67
  crossing 0/250
  stopped velocity row 120 IC 29 x0=0.771136 velocity_parameter=0.97 status=collision: trajectory reached the configured collision radius
velocity row 120/120 IC 37/599 x0=0.77171 velocity_parameter=0.97 elapsed=87.5224s written=75
  crossing 0/250
  stopped velocity row 120 IC 37 x0=0.77171 velocity_parameter=0.97 status=collision: trajectory reached the configured collision radius
svg -> /mnt/c/Users/payne/Code/Hill_4BP/professional_neck_studies/e1_dense_001/survey/level_002_delta_1e_minus_4/closed/shard_0001/preview.svg
metadata -> /mnt/c/Users/payne/Code/Hill_4BP/professional_neck_studies/e1_dense_001/survey/level_002_delta_1e_minus_4/closed/shard_0001/metadata.txt
wrote 76 points (0 ICs skipped, 2299 orbits stopped early, elapsed=87.5579s) -> /mnt/c/Users/payne/Code/Hill_4BP/professional_neck_studies/e1_dense_001/survey/level_002_delta_1e_minus_4/closed/shard_0001/points.csv
outcomes: collision=2299 completed=0 forbidden=0 inner_radius_limit=0 invalid_initial_radius=0 invalid_velocity=0 nontransverse=0 numerical_failure=0 outer_limit=0 timeout=0
maximum sampled |H-h|=4.97057e-16
