zero-velocity boundary -> /mnt/c/Users/payne/Code/Hill_4BP/professional_neck_studies/e1_dense_001/survey/level_000_delta_1e_minus_2/closed/shard_0005/zero_velocity_boundary.csv
lambda1=0.0272549 lambda2=2.97275 A=-0.986373 B=0.486373 c=0.0976566 c1=0 c2=0 c3=-0.0976566 h=-2.40154 (C=4.80307)
E1/E2 neck h=-2.39154 (C=4.78307), E3/E4 neck h=-0.454039 (C=0.908078)
energy_mode=neck_delta neck=E1 hcrit=-2.39154 delta=0.01 side=closed actual_neck_side=closed delta_h=-0.01
x_count=600 xdot_count=121 iterates=250 index range=[95,113] velocity_mode=fraction x_range=[0.575546,1.00556] max_return_time=100
smooth coordinates R=sqrt(rho), CAPD crossing mode=Both solver_order=28 max_step=0.005 abs_tol=1e-15 rel_tol=1e-13 collision_radius=1e-06 outer_radius=5
velocity row 0/120 IC 95/599 x0=0.643746 velocity_parameter=-0.97 elapsed=2e-07s written=0
  crossing 0/250
  stopped velocity row 0 IC 95 x0=0.643746 velocity_parameter=-0.97 status=collision: trajectory reached the configured collision radius
  stopped velocity row 0 IC 96 x0=0.644464 velocity_parameter=-0.97 status=collision: trajectory reached the configured collision radius
  stopped velocity row 0 IC 97 x0=0.645182 velocity_parameter=-0.97 status=collision: trajectory reached the configured collision radius
  stopped velocity row 0 IC 98 x0=0.645899 velocity_parameter=-0.97 status=collision: trajectory reached the configured collision radius
  stopped velocity row 0 IC 99 x0=0.646617 velocity_parameter=-0.97 status=collision: trajectory reached the configured collision radius
  stopped velocity row 0 IC 100 x0=0.647335 velocity_parameter=-0.97 status=collision: trajectory reached the configured collision radius
  stopped velocity row 0 IC 101 x0=0.648053 velocity_parameter=-0.97 status=collision: trajectory reached the configured collision radius
  stopped velocity row 0 IC 102 x0=0.648771 velocity_parameter=-0.97 status=collision: trajectory reached the configured collision radius
  stopped velocity row 0 IC 103 x0=0.649489 velocity_parameter=-0.97 status=collision: trajectory reached the configured collision radius
  stopped velocity row 0 IC 104 x0=0.650207 velocity_parameter=-0.97 status=collision: trajectory reached the configured collision radius
velocity row 0/120 IC 105/599 x0=0.650925 velocity_parameter=-0.97 elapsed=0.639381s written=0
  crossing 0/250
  stopped velocity row 0 IC 105 x0=0.650925 velocity_parameter=-0.97 status=collision: trajectory reached the configured collision radius
velocity row 0/120 IC 113/599 x0=0.656668 velocity_parameter=-0.97 elapsed=1.13886s written=0
  crossing 0/250
  stopped velocity row 0 IC 113 x0=0.656668 velocity_parameter=-0.97 status=collision: trajectory reached the configured collision radius
velocity row 1/120 IC 95/599 x0=0.643746 velocity_parameter=-0.953833 elapsed=1.20932s written=0
  crossing 0/250
  stopped velocity row 1 IC 95 x0=0.643746 velocity_parameter=-0.953833 status=collision: trajectory reached the configured collision radius
velocity row 1/120 IC 105/599 x0=0.650925 velocity_parameter=-0.953833 elapsed=1.86097s written=0
  crossing 0/250
  stopped velocity row 1 IC 105 x0=0.650925 velocity_parameter=-0.953833 status=collision: trajectory reached the configured collision radius
velocity row 1/120 IC 113/599 x0=0.656668 velocity_parameter=-0.953833 elapsed=2.35214s written=0
  crossing 0/250
  stopped velocity row 1 IC 113 x0=0.656668 velocity_parameter=-0.953833 status=collision: trajectory reached the configured collision radius
velocity row 2/120 IC 95/599 x0=0.643746 velocity_parameter=-0.937667 elapsed=2.41902s written=0
  crossing 0/250
  stopped velocity row 2 IC 95 x0=0.643746 velocity_parameter=-0.937667 status=collision: trajectory reached the configured collision radius
velocity row 2/120 IC 105/599 x0=0.650925 velocity_parameter=-0.937667 elapsed=3.05807s written=0
  crossing 0/250
  stopped velocity row 2 IC 105 x0=0.650925 velocity_parameter=-0.937667 status=collision: trajectory reached the configured collision radius
velocity row 2/120 IC 113/599 x0=0.656668 velocity_parameter=-0.937667 elapsed=3.56688s written=0
  crossing 0/250
  stopped velocity row 2 IC 113 x0=0.656668 velocity_parameter=-0.937667 status=collision: trajectory reached the configured collision radius
velocity row 3/120 IC 95/599 x0=0.643746 velocity_parameter=-0.9215 elapsed=3.62821s written=0
  crossing 0/250
  stopped velocity row 3 IC 95 x0=0.643746 velocity_parameter=-0.9215 status=collision: trajectory reached the configured collision radius
velocity row 3/120 IC 105/599 x0=0.650925 velocity_parameter=-0.9215 elapsed=4.26157s written=0
  crossing 0/250
  stopped velocity row 3 IC 105 x0=0.650925 velocity_parameter=-0.9215 status=collision: trajectory reached the configured collision radius
velocity row 3/120 IC 113/599 x0=0.656668 velocity_parameter=-0.9215 elapsed=4.77237s written=0
  crossing 0/250
  stopped velocity row 3 IC 113 x0=0.656668 velocity_parameter=-0.9215 status=collision: trajectory reached the configured collision radius
velocity row 4/120 IC 95/599 x0=0.643746 velocity_parameter=-0.905333 elapsed=4.83425s written=0
  crossing 0/250
  stopped velocity row 4 IC 95 x0=0.643746 velocity_parameter=-0.905333 status=collision: trajectory reached the configured collision radius
velocity row 4/120 IC 105/599 x0=0.650925 velocity_parameter=-0.905333 elapsed=5.48429s written=0
  crossing 0/250
  stopped velocity row 4 IC 105 x0=0.650925 velocity_parameter=-0.905333 status=collision: trajectory reached the configured collision radius
velocity row 4/120 IC 113/599 x0=0.656668 velocity_parameter=-0.905333 elapsed=5.99923s written=0
  crossing 0/250
  stopped velocity row 4 IC 113 x0=0.656668 velocity_parameter=-0.905333 status=collision: trajectory reached the configured collision radius
velocity row 5/120 IC 95/599 x0=0.643746 velocity_parameter=-0.889167 elapsed=6.06407s written=0
  crossing 0/250
  stopped velocity row 5 IC 95 x0=0.643746 velocity_parameter=-0.889167 status=collision: trajectory reached the configured collision radius
velocity row 5/120 IC 105/599 x0=0.650925 velocity_parameter=-0.889167 elapsed=6.69118s written=0
  crossing 0/250
  stopped velocity row 5 IC 105 x0=0.650925 velocity_parameter=-0.889167 status=collision: trajectory reached the configured collision radius
velocity row 5/120 IC 113/599 x0=0.656668 velocity_parameter=-0.889167 elapsed=7.12376s written=0
  crossing 0/250
  stopped velocity row 5 IC 113 x0=0.656668 velocity_parameter=-0.889167 status=collision: trajectory reached the configured collision radius
velocity row 6/120 IC 95/599 x0=0.643746 velocity_parameter=-0.873 elapsed=7.17169s written=0
  crossing 0/250
  stopped velocity row 6 IC 95 x0=0.643746 velocity_parameter=-0.873 status=collision: trajectory reached the configured collision radius
velocity row 6/120 IC 105/599 x0=0.650925 velocity_parameter=-0.873 elapsed=7.6583s written=0
  crossing 0/250
  stopped velocity row 6 IC 105 x0=0.650925 velocity_parameter=-0.873 status=collision: trajectory reached the configured collision radius
velocity row 6/120 IC 113/599 x0=0.656668 velocity_parameter=-0.873 elapsed=7.98999s written=0
  crossing 0/250
  stopped velocity row 6 IC 113 x0=0.656668 velocity_parameter=-0.873 status=collision: trajectory reached the configured collision radius
velocity row 7/120 IC 95/599 x0=0.643746 velocity_parameter=-0.856833 elapsed=8.02252s written=0
  crossing 0/250
  stopped velocity row 7 IC 95 x0=0.643746 velocity_parameter=-0.856833 status=collision: trajectory reached the configured collision radius
velocity row 7/120 IC 105/599 x0=0.650925 velocity_parameter=-0.856833 elapsed=8.4292s written=0
  crossing 0/250
  stopped velocity row 7 IC 105 x0=0.650925 velocity_parameter=-0.856833 status=collision: trajectory reached the configured collision radius
velocity row 7/120 IC 113/599 x0=0.656668 velocity_parameter=-0.856833 elapsed=8.71625s written=0
  crossing 0/250
  stopped velocity row 7 IC 113 x0=0.656668 velocity_parameter=-0.856833 status=collision: trajectory reached the configured collision radius
velocity row 8/120 IC 95/599 x0=0.643746 velocity_parameter=-0.840667 elapsed=8.76314s written=0
  crossing 0/250
  stopped velocity row 8 IC 95 x0=0.643746 velocity_parameter=-0.840667 status=collision: trajectory reached the configured collision radius
velocity row 8/120 IC 105/599 x0=0.650925 velocity_parameter=-0.840667 elapsed=9.0766s written=0
  crossing 0/250
  stopped velocity row 8 IC 105 x0=0.650925 velocity_parameter=-0.840667 status=collision: trajectory reached the configured collision radius
velocity row 8/120 IC 113/599 x0=0.656668 velocity_parameter=-0.840667 elapsed=9.36232s written=0
  crossing 0/250
  stopped velocity row 8 IC 113 x0=0.656668 velocity_parameter=-0.840667 status=collision: trajectory reached the configured collision radius
velocity row 9/120 IC 95/599 x0=0.643746 velocity_parameter=-0.8245 elapsed=9.39413s written=0
  crossing 0/250
  stopped velocity row 9 IC 95 x0=0.643746 velocity_parameter=-0.8245 status=collision: trajectory reached the configured collision radius
velocity row 9/120 IC 105/599 x0=0.650925 velocity_parameter=-0.8245 elapsed=9.71067s written=0
  crossing 0/250
  stopped velocity row 9 IC 105 x0=0.650925 velocity_parameter=-0.8245 status=collision: trajectory reached the configured collision radius
velocity row 9/120 IC 113/599 x0=0.656668 velocity_parameter=-0.8245 elapsed=9.94942s written=0
  crossing 0/250
  stopped velocity row 9 IC 113 x0=0.656668 velocity_parameter=-0.8245 status=collision: trajectory reached the configured collision radius
velocity row 10/120 IC 95/599 x0=0.643746 velocity_parameter=-0.808333 elapsed=9.97885s written=0
  crossing 0/250
  stopped velocity row 10 IC 95 x0=0.643746 velocity_parameter=-0.808333 status=collision: trajectory reached the configured collision radius
velocity row 10/120 IC 105/599 x0=0.650925 velocity_parameter=-0.808333 elapsed=10.2825s written=0
  crossing 0/250
  stopped velocity row 10 IC 105 x0=0.650925 velocity_parameter=-0.808333 status=collision: trajectory reached the configured collision radius
velocity row 10/120 IC 113/599 x0=0.656668 velocity_parameter=-0.808333 elapsed=10.5541s written=0
  crossing 0/250
  stopped velocity row 10 IC 113 x0=0.656668 velocity_parameter=-0.808333 status=collision: trajectory reached the configured collision radius
velocity row 11/120 IC 95/599 x0=0.643746 velocity_parameter=-0.792167 elapsed=10.6071s written=0
  crossing 0/250
  stopped velocity row 11 IC 95 x0=0.643746 velocity_parameter=-0.792167 status=collision: trajectory reached the configured collision radius
velocity row 11/120 IC 105/599 x0=0.650925 velocity_parameter=-0.792167 elapsed=10.9379s written=0
  crossing 0/250
  stopped velocity row 11 IC 105 x0=0.650925 velocity_parameter=-0.792167 status=collision: trajectory reached the configured collision radius
velocity row 11/120 IC 113/599 x0=0.656668 velocity_parameter=-0.792167 elapsed=11.2122s written=0
  crossing 0/250
  stopped velocity row 11 IC 113 x0=0.656668 velocity_parameter=-0.792167 status=collision: trajectory reached the configured collision radius
velocity row 12/120 IC 95/599 x0=0.643746 velocity_parameter=-0.776 elapsed=11.2423s written=0
  crossing 0/250
  stopped velocity row 12 IC 95 x0=0.643746 velocity_parameter=-0.776 status=collision: trajectory reached the configured collision radius
velocity row 12/120 IC 105/599 x0=0.650925 velocity_parameter=-0.776 elapsed=11.552s written=0
  crossing 0/250
  stopped velocity row 12 IC 105 x0=0.650925 velocity_parameter=-0.776 status=collision: trajectory reached the configured collision radius
velocity row 12/120 IC 113/599 x0=0.656668 velocity_parameter=-0.776 elapsed=11.8602s written=0
  crossing 0/250
  stopped velocity row 12 IC 113 x0=0.656668 velocity_parameter=-0.776 status=collision: trajectory reached the configured collision radius
velocity row 13/120 IC 95/599 x0=0.643746 velocity_parameter=-0.759833 elapsed=11.9065s written=0
  crossing 0/250
  stopped velocity row 13 IC 95 x0=0.643746 velocity_parameter=-0.759833 status=collision: trajectory reached the configured collision radius
velocity row 13/120 IC 105/599 x0=0.650925 velocity_parameter=-0.759833 elapsed=12.2923s written=0
  crossing 0/250
  stopped velocity row 13 IC 105 x0=0.650925 velocity_parameter=-0.759833 status=collision: trajectory reached the configured collision radius
velocity row 13/120 IC 113/599 x0=0.656668 velocity_parameter=-0.759833 elapsed=12.5419s written=0
  crossing 0/250
  stopped velocity row 13 IC 113 x0=0.656668 velocity_parameter=-0.759833 status=collision: trajectory reached the configured collision radius
velocity row 14/120 IC 95/599 x0=0.643746 velocity_parameter=-0.743667 elapsed=12.5715s written=0
  crossing 0/250
  stopped velocity row 14 IC 95 x0=0.643746 velocity_parameter=-0.743667 status=collision: trajectory reached the configured collision radius
velocity row 14/120 IC 105/599 x0=0.650925 velocity_parameter=-0.743667 elapsed=12.8865s written=0
  crossing 0/250
  stopped velocity row 14 IC 105 x0=0.650925 velocity_parameter=-0.743667 status=collision: trajectory reached the configured collision radius
velocity row 14/120 IC 113/599 x0=0.656668 velocity_parameter=-0.743667 elapsed=13.1307s written=0
  crossing 0/250
  stopped velocity row 14 IC 113 x0=0.656668 velocity_parameter=-0.743667 status=collision: trajectory reached the configured collision radius
velocity row 15/120 IC 95/599 x0=0.643746 velocity_parameter=-0.7275 elapsed=13.1611s written=0
  crossing 0/250
  stopped velocity row 15 IC 95 x0=0.643746 velocity_parameter=-0.7275 status=collision: trajectory reached the configured collision radius
velocity row 15/120 IC 105/599 x0=0.650925 velocity_parameter=-0.7275 elapsed=13.4652s written=0
  crossing 0/250
  stopped velocity row 15 IC 105 x0=0.650925 velocity_parameter=-0.7275 status=collision: trajectory reached the configured collision radius
velocity row 15/120 IC 113/599 x0=0.656668 velocity_parameter=-0.7275 elapsed=13.7074s written=0
  crossing 0/250
  stopped velocity row 15 IC 113 x0=0.656668 velocity_parameter=-0.7275 status=collision: trajectory reached the configured collision radius
velocity row 16/120 IC 95/599 x0=0.643746 velocity_parameter=-0.711333 elapsed=13.7366s written=0
  crossing 0/250
  stopped velocity row 16 IC 95 x0=0.643746 velocity_parameter=-0.711333 status=collision: trajectory reached the configured collision radius
velocity row 16/120 IC 105/599 x0=0.650925 velocity_parameter=-0.711333 elapsed=14.0551s written=0
  crossing 0/250
  stopped velocity row 16 IC 105 x0=0.650925 velocity_parameter=-0.711333 status=collision: trajectory reached the configured collision radius
velocity row 16/120 IC 113/599 x0=0.656668 velocity_parameter=-0.711333 elapsed=14.3128s written=0
  crossing 0/250
  stopped velocity row 16 IC 113 x0=0.656668 velocity_parameter=-0.711333 status=collision: trajectory reached the configured collision radius
velocity row 17/120 IC 95/599 x0=0.643746 velocity_parameter=-0.695167 elapsed=14.3426s written=0
  crossing 0/250
  stopped velocity row 17 IC 95 x0=0.643746 velocity_parameter=-0.695167 status=collision: trajectory reached the configured collision radius
velocity row 17/120 IC 105/599 x0=0.650925 velocity_parameter=-0.695167 elapsed=14.6856s written=0
  crossing 0/250
  stopped velocity row 17 IC 105 x0=0.650925 velocity_parameter=-0.695167 status=collision: trajectory reached the configured collision radius
velocity row 17/120 IC 113/599 x0=0.656668 velocity_parameter=-0.695167 elapsed=14.9658s written=0
  crossing 0/250
  stopped velocity row 17 IC 113 x0=0.656668 velocity_parameter=-0.695167 status=collision: trajectory reached the configured collision radius
velocity row 18/120 IC 95/599 x0=0.643746 velocity_parameter=-0.679 elapsed=15.0001s written=0
  crossing 0/250
  stopped velocity row 18 IC 95 x0=0.643746 velocity_parameter=-0.679 status=collision: trajectory reached the configured collision radius
velocity row 18/120 IC 105/599 x0=0.650925 velocity_parameter=-0.679 elapsed=15.3606s written=0
  crossing 0/250
  stopped velocity row 18 IC 105 x0=0.650925 velocity_parameter=-0.679 status=collision: trajectory reached the configured collision radius
velocity row 18/120 IC 113/599 x0=0.656668 velocity_parameter=-0.679 elapsed=15.616s written=0
  crossing 0/250
  stopped velocity row 18 IC 113 x0=0.656668 velocity_parameter=-0.679 status=collision: trajectory reached the configured collision radius
velocity row 19/120 IC 95/599 x0=0.643746 velocity_parameter=-0.662833 elapsed=15.6485s written=0
  crossing 0/250
  stopped velocity row 19 IC 95 x0=0.643746 velocity_parameter=-0.662833 status=collision: trajectory reached the configured collision radius
velocity row 19/120 IC 105/599 x0=0.650925 velocity_parameter=-0.662833 elapsed=16.0222s written=0
  crossing 0/250
  stopped velocity row 19 IC 105 x0=0.650925 velocity_parameter=-0.662833 status=collision: trajectory reached the configured collision radius
velocity row 19/120 IC 113/599 x0=0.656668 velocity_parameter=-0.662833 elapsed=16.3033s written=0
  crossing 0/250
  stopped velocity row 19 IC 113 x0=0.656668 velocity_parameter=-0.662833 status=collision: trajectory reached the configured collision radius
velocity row 20/120 IC 95/599 x0=0.643746 velocity_parameter=-0.646667 elapsed=16.3522s written=0
  crossing 0/250
  stopped velocity row 20 IC 95 x0=0.643746 velocity_parameter=-0.646667 status=collision: trajectory reached the configured collision radius
velocity row 20/120 IC 105/599 x0=0.650925 velocity_parameter=-0.646667 elapsed=16.7022s written=0
  crossing 0/250
  stopped velocity row 20 IC 105 x0=0.650925 velocity_parameter=-0.646667 status=collision: trajectory reached the configured collision radius
velocity row 20/120 IC 113/599 x0=0.656668 velocity_parameter=-0.646667 elapsed=16.9708s written=0
  crossing 0/250
  stopped velocity row 20 IC 113 x0=0.656668 velocity_parameter=-0.646667 status=collision: trajectory reached the configured collision radius
velocity row 21/120 IC 95/599 x0=0.643746 velocity_parameter=-0.6305 elapsed=17.0228s written=0
  crossing 0/250
  stopped velocity row 21 IC 95 x0=0.643746 velocity_parameter=-0.6305 status=collision: trajectory reached the configured collision radius
velocity row 21/120 IC 105/599 x0=0.650925 velocity_parameter=-0.6305 elapsed=17.3774s written=0
  crossing 0/250
  stopped velocity row 21 IC 105 x0=0.650925 velocity_parameter=-0.6305 status=collision: trajectory reached the configured collision radius
velocity row 21/120 IC 113/599 x0=0.656668 velocity_parameter=-0.6305 elapsed=17.6983s written=0
  crossing 0/250
  stopped velocity row 21 IC 113 x0=0.656668 velocity_parameter=-0.6305 status=collision: trajectory reached the configured collision radius
velocity row 22/120 IC 95/599 x0=0.643746 velocity_parameter=-0.614333 elapsed=17.734s written=0
  crossing 0/250
  stopped velocity row 22 IC 95 x0=0.643746 velocity_parameter=-0.614333 status=collision: trajectory reached the configured collision radius
velocity row 22/120 IC 105/599 x0=0.650925 velocity_parameter=-0.614333 elapsed=18.1037s written=0
  crossing 0/250
  stopped velocity row 22 IC 105 x0=0.650925 velocity_parameter=-0.614333 status=collision: trajectory reached the configured collision radius
velocity row 22/120 IC 113/599 x0=0.656668 velocity_parameter=-0.614333 elapsed=18.4142s written=0
  crossing 0/250
  stopped velocity row 22 IC 113 x0=0.656668 velocity_parameter=-0.614333 status=collision: trajectory reached the configured collision radius
velocity row 23/120 IC 95/599 x0=0.643746 velocity_parameter=-0.598167 elapsed=18.4461s written=0
  crossing 0/250
  stopped velocity row 23 IC 95 x0=0.643746 velocity_parameter=-0.598167 status=collision: trajectory reached the configured collision radius
velocity row 23/120 IC 105/599 x0=0.650925 velocity_parameter=-0.598167 elapsed=18.7587s written=0
  crossing 0/250
  stopped velocity row 23 IC 105 x0=0.650925 velocity_parameter=-0.598167 status=collision: trajectory reached the configured collision radius
velocity row 23/120 IC 113/599 x0=0.656668 velocity_parameter=-0.598167 elapsed=19.006s written=0
  crossing 0/250
  stopped velocity row 23 IC 113 x0=0.656668 velocity_parameter=-0.598167 status=collision: trajectory reached the configured collision radius
velocity row 24/120 IC 95/599 x0=0.643746 velocity_parameter=-0.582 elapsed=19.0367s written=0
  crossing 0/250
  stopped velocity row 24 IC 95 x0=0.643746 velocity_parameter=-0.582 status=collision: trajectory reached the configured collision radius
velocity row 24/120 IC 105/599 x0=0.650925 velocity_parameter=-0.582 elapsed=19.3561s written=0
  crossing 0/250
  stopped velocity row 24 IC 105 x0=0.650925 velocity_parameter=-0.582 status=collision: trajectory reached the configured collision radius
velocity row 24/120 IC 113/599 x0=0.656668 velocity_parameter=-0.582 elapsed=19.5984s written=0
  crossing 0/250
  stopped velocity row 24 IC 113 x0=0.656668 velocity_parameter=-0.582 status=collision: trajectory reached the configured collision radius
velocity row 25/120 IC 95/599 x0=0.643746 velocity_parameter=-0.565833 elapsed=19.633s written=0
  crossing 0/250
  stopped velocity row 25 IC 95 x0=0.643746 velocity_parameter=-0.565833 status=collision: trajectory reached the configured collision radius
velocity row 25/120 IC 105/599 x0=0.650925 velocity_parameter=-0.565833 elapsed=19.9759s written=0
  crossing 0/250
  stopped velocity row 25 IC 105 x0=0.650925 velocity_parameter=-0.565833 status=collision: trajectory reached the configured collision radius
velocity row 25/120 IC 113/599 x0=0.656668 velocity_parameter=-0.565833 elapsed=20.2288s written=0
  crossing 0/250
  stopped velocity row 25 IC 113 x0=0.656668 velocity_parameter=-0.565833 status=collision: trajectory reached the configured collision radius
velocity row 26/120 IC 95/599 x0=0.643746 velocity_parameter=-0.549667 elapsed=20.2605s written=0
  crossing 0/250
  stopped velocity row 26 IC 95 x0=0.643746 velocity_parameter=-0.549667 status=collision: trajectory reached the configured collision radius
velocity row 26/120 IC 105/599 x0=0.650925 velocity_parameter=-0.549667 elapsed=20.6079s written=0
  crossing 0/250
  stopped velocity row 26 IC 105 x0=0.650925 velocity_parameter=-0.549667 status=collision: trajectory reached the configured collision radius
velocity row 26/120 IC 113/599 x0=0.656668 velocity_parameter=-0.549667 elapsed=20.8841s written=0
  crossing 0/250
  stopped velocity row 26 IC 113 x0=0.656668 velocity_parameter=-0.549667 status=collision: trajectory reached the configured collision radius
velocity row 27/120 IC 95/599 x0=0.643746 velocity_parameter=-0.5335 elapsed=20.9181s written=0
  crossing 0/250
  stopped velocity row 27 IC 95 x0=0.643746 velocity_parameter=-0.5335 status=collision: trajectory reached the configured collision radius
velocity row 27/120 IC 105/599 x0=0.650925 velocity_parameter=-0.5335 elapsed=21.2503s written=0
  crossing 0/250
  stopped velocity row 27 IC 105 x0=0.650925 velocity_parameter=-0.5335 status=collision: trajectory reached the configured collision radius
velocity row 27/120 IC 113/599 x0=0.656668 velocity_parameter=-0.5335 elapsed=21.4983s written=0
  crossing 0/250
  stopped velocity row 27 IC 113 x0=0.656668 velocity_parameter=-0.5335 status=collision: trajectory reached the configured collision radius
velocity row 28/120 IC 95/599 x0=0.643746 velocity_parameter=-0.517333 elapsed=21.5388s written=0
  crossing 0/250
  stopped velocity row 28 IC 95 x0=0.643746 velocity_parameter=-0.517333 status=collision: trajectory reached the configured collision radius
velocity row 28/120 IC 105/599 x0=0.650925 velocity_parameter=-0.517333 elapsed=21.8576s written=0
  crossing 0/250
  stopped velocity row 28 IC 105 x0=0.650925 velocity_parameter=-0.517333 status=collision: trajectory reached the configured collision radius
velocity row 28/120 IC 113/599 x0=0.656668 velocity_parameter=-0.517333 elapsed=22.1126s written=0
  crossing 0/250
  stopped velocity row 28 IC 113 x0=0.656668 velocity_parameter=-0.517333 status=collision: trajectory reached the configured collision radius
velocity row 29/120 IC 95/599 x0=0.643746 velocity_parameter=-0.501167 elapsed=22.1437s written=0
  crossing 0/250
  stopped velocity row 29 IC 95 x0=0.643746 velocity_parameter=-0.501167 status=collision: trajectory reached the configured collision radius
velocity row 29/120 IC 105/599 x0=0.650925 velocity_parameter=-0.501167 elapsed=22.4571s written=0
  crossing 0/250
  stopped velocity row 29 IC 105 x0=0.650925 velocity_parameter=-0.501167 status=collision: trajectory reached the configured collision radius
velocity row 29/120 IC 113/599 x0=0.656668 velocity_parameter=-0.501167 elapsed=22.7072s written=0
  crossing 0/250
  stopped velocity row 29 IC 113 x0=0.656668 velocity_parameter=-0.501167 status=collision: trajectory reached the configured collision radius
velocity row 30/120 IC 95/599 x0=0.643746 velocity_parameter=-0.485 elapsed=22.7378s written=0
  crossing 0/250
  stopped velocity row 30 IC 95 x0=0.643746 velocity_parameter=-0.485 status=collision: trajectory reached the configured collision radius
velocity row 30/120 IC 105/599 x0=0.650925 velocity_parameter=-0.485 elapsed=23.0515s written=0
  crossing 0/250
  stopped velocity row 30 IC 105 x0=0.650925 velocity_parameter=-0.485 status=collision: trajectory reached the configured collision radius
velocity row 30/120 IC 113/599 x0=0.656668 velocity_parameter=-0.485 elapsed=23.2983s written=0
  crossing 0/250
  stopped velocity row 30 IC 113 x0=0.656668 velocity_parameter=-0.485 status=collision: trajectory reached the configured collision radius
velocity row 31/120 IC 95/599 x0=0.643746 velocity_parameter=-0.468833 elapsed=23.329s written=0
  crossing 0/250
  stopped velocity row 31 IC 95 x0=0.643746 velocity_parameter=-0.468833 status=collision: trajectory reached the configured collision radius
velocity row 31/120 IC 105/599 x0=0.650925 velocity_parameter=-0.468833 elapsed=23.6538s written=0
  crossing 0/250
  stopped velocity row 31 IC 105 x0=0.650925 velocity_parameter=-0.468833 status=collision: trajectory reached the configured collision radius
velocity row 31/120 IC 113/599 x0=0.656668 velocity_parameter=-0.468833 elapsed=23.9127s written=0
  crossing 0/250
  stopped velocity row 31 IC 113 x0=0.656668 velocity_parameter=-0.468833 status=collision: trajectory reached the configured collision radius
velocity row 32/120 IC 95/599 x0=0.643746 velocity_parameter=-0.452667 elapsed=23.9703s written=0
  crossing 0/250
  stopped velocity row 32 IC 95 x0=0.643746 velocity_parameter=-0.452667 status=collision: trajectory reached the configured collision radius
velocity row 32/120 IC 105/599 x0=0.650925 velocity_parameter=-0.452667 elapsed=24.2794s written=0
  crossing 0/250
  stopped velocity row 32 IC 105 x0=0.650925 velocity_parameter=-0.452667 status=collision: trajectory reached the configured collision radius
velocity row 32/120 IC 113/599 x0=0.656668 velocity_parameter=-0.452667 elapsed=24.5595s written=0
  crossing 0/250
  stopped velocity row 32 IC 113 x0=0.656668 velocity_parameter=-0.452667 status=collision: trajectory reached the configured collision radius
velocity row 33/120 IC 95/599 x0=0.643746 velocity_parameter=-0.4365 elapsed=24.5902s written=0
  crossing 0/250
  stopped velocity row 33 IC 95 x0=0.643746 velocity_parameter=-0.4365 status=collision: trajectory reached the configured collision radius
velocity row 33/120 IC 105/599 x0=0.650925 velocity_parameter=-0.4365 elapsed=24.919s written=0
  crossing 0/250
  stopped velocity row 33 IC 105 x0=0.650925 velocity_parameter=-0.4365 status=collision: trajectory reached the configured collision radius
velocity row 33/120 IC 113/599 x0=0.656668 velocity_parameter=-0.4365 elapsed=25.1731s written=0
  crossing 0/250
  stopped velocity row 33 IC 113 x0=0.656668 velocity_parameter=-0.4365 status=collision: trajectory reached the configured collision radius
velocity row 34/120 IC 95/599 x0=0.643746 velocity_parameter=-0.420333 elapsed=25.2047s written=0
  crossing 0/250
  stopped velocity row 34 IC 95 x0=0.643746 velocity_parameter=-0.420333 status=collision: trajectory reached the configured collision radius
velocity row 34/120 IC 105/599 x0=0.650925 velocity_parameter=-0.420333 elapsed=25.5191s written=0
  crossing 0/250
  stopped velocity row 34 IC 105 x0=0.650925 velocity_parameter=-0.420333 status=collision: trajectory reached the configured collision radius
velocity row 34/120 IC 113/599 x0=0.656668 velocity_parameter=-0.420333 elapsed=25.7954s written=0
  crossing 0/250
  stopped velocity row 34 IC 113 x0=0.656668 velocity_parameter=-0.420333 status=collision: trajectory reached the configured collision radius
velocity row 35/120 IC 95/599 x0=0.643746 velocity_parameter=-0.404167 elapsed=25.8261s written=0
  crossing 0/250
  stopped velocity row 35 IC 95 x0=0.643746 velocity_parameter=-0.404167 status=collision: trajectory reached the configured collision radius
velocity row 35/120 IC 105/599 x0=0.650925 velocity_parameter=-0.404167 elapsed=26.1714s written=0
  crossing 0/250
  stopped velocity row 35 IC 105 x0=0.650925 velocity_parameter=-0.404167 status=collision: trajectory reached the configured collision radius
velocity row 35/120 IC 113/599 x0=0.656668 velocity_parameter=-0.404167 elapsed=26.4639s written=0
  crossing 0/250
  stopped velocity row 35 IC 113 x0=0.656668 velocity_parameter=-0.404167 status=collision: trajectory reached the configured collision radius
velocity row 36/120 IC 95/599 x0=0.643746 velocity_parameter=-0.388 elapsed=26.4973s written=0
  crossing 0/250
  stopped velocity row 36 IC 95 x0=0.643746 velocity_parameter=-0.388 status=collision: trajectory reached the configured collision radius
velocity row 36/120 IC 105/599 x0=0.650925 velocity_parameter=-0.388 elapsed=26.8244s written=0
  crossing 0/250
  stopped velocity row 36 IC 105 x0=0.650925 velocity_parameter=-0.388 status=collision: trajectory reached the configured collision radius
velocity row 36/120 IC 113/599 x0=0.656668 velocity_parameter=-0.388 elapsed=27.0856s written=0
  crossing 0/250
  stopped velocity row 36 IC 113 x0=0.656668 velocity_parameter=-0.388 status=collision: trajectory reached the configured collision radius
velocity row 37/120 IC 95/599 x0=0.643746 velocity_parameter=-0.371833 elapsed=27.1166s written=0
  crossing 0/250
  stopped velocity row 37 IC 95 x0=0.643746 velocity_parameter=-0.371833 status=collision: trajectory reached the configured collision radius
velocity row 37/120 IC 105/599 x0=0.650925 velocity_parameter=-0.371833 elapsed=27.443s written=0
  crossing 0/250
  stopped velocity row 37 IC 105 x0=0.650925 velocity_parameter=-0.371833 status=collision: trajectory reached the configured collision radius
velocity row 37/120 IC 113/599 x0=0.656668 velocity_parameter=-0.371833 elapsed=27.7505s written=0
  crossing 0/250
  stopped velocity row 37 IC 113 x0=0.656668 velocity_parameter=-0.371833 status=collision: trajectory reached the configured collision radius
velocity row 38/120 IC 95/599 x0=0.643746 velocity_parameter=-0.355667 elapsed=27.7813s written=0
  crossing 0/250
  stopped velocity row 38 IC 95 x0=0.643746 velocity_parameter=-0.355667 status=collision: trajectory reached the configured collision radius
velocity row 38/120 IC 105/599 x0=0.650925 velocity_parameter=-0.355667 elapsed=28.1073s written=0
  crossing 0/250
  stopped velocity row 38 IC 105 x0=0.650925 velocity_parameter=-0.355667 status=collision: trajectory reached the configured collision radius
velocity row 38/120 IC 113/599 x0=0.656668 velocity_parameter=-0.355667 elapsed=28.3797s written=0
  crossing 0/250
  stopped velocity row 38 IC 113 x0=0.656668 velocity_parameter=-0.355667 status=collision: trajectory reached the configured collision radius
velocity row 39/120 IC 95/599 x0=0.643746 velocity_parameter=-0.3395 elapsed=28.4108s written=0
  crossing 0/250
  stopped velocity row 39 IC 95 x0=0.643746 velocity_parameter=-0.3395 status=collision: trajectory reached the configured collision radius
velocity row 39/120 IC 105/599 x0=0.650925 velocity_parameter=-0.3395 elapsed=28.742s written=0
  crossing 0/250
  stopped velocity row 39 IC 105 x0=0.650925 velocity_parameter=-0.3395 status=collision: trajectory reached the configured collision radius
velocity row 39/120 IC 113/599 x0=0.656668 velocity_parameter=-0.3395 elapsed=29.0106s written=0
  crossing 0/250
  stopped velocity row 39 IC 113 x0=0.656668 velocity_parameter=-0.3395 status=collision: trajectory reached the configured collision radius
velocity row 40/120 IC 95/599 x0=0.643746 velocity_parameter=-0.323333 elapsed=29.0421s written=0
  crossing 0/250
  stopped velocity row 40 IC 95 x0=0.643746 velocity_parameter=-0.323333 status=collision: trajectory reached the configured collision radius
velocity row 40/120 IC 105/599 x0=0.650925 velocity_parameter=-0.323333 elapsed=29.3581s written=0
  crossing 0/250
  stopped velocity row 40 IC 105 x0=0.650925 velocity_parameter=-0.323333 status=collision: trajectory reached the configured collision radius
velocity row 40/120 IC 113/599 x0=0.656668 velocity_parameter=-0.323333 elapsed=29.6149s written=0
  crossing 0/250
  stopped velocity row 40 IC 113 x0=0.656668 velocity_parameter=-0.323333 status=collision: trajectory reached the configured collision radius
velocity row 41/120 IC 95/599 x0=0.643746 velocity_parameter=-0.307167 elapsed=29.6469s written=0
  crossing 0/250
  stopped velocity row 41 IC 95 x0=0.643746 velocity_parameter=-0.307167 status=collision: trajectory reached the configured collision radius
velocity row 41/120 IC 105/599 x0=0.650925 velocity_parameter=-0.307167 elapsed=29.9881s written=0
  crossing 0/250
  stopped velocity row 41 IC 105 x0=0.650925 velocity_parameter=-0.307167 status=collision: trajectory reached the configured collision radius
velocity row 41/120 IC 113/599 x0=0.656668 velocity_parameter=-0.307167 elapsed=30.2363s written=0
  crossing 0/250
  stopped velocity row 41 IC 113 x0=0.656668 velocity_parameter=-0.307167 status=collision: trajectory reached the configured collision radius
velocity row 42/120 IC 95/599 x0=0.643746 velocity_parameter=-0.291 elapsed=30.2678s written=0
  crossing 0/250
  stopped velocity row 42 IC 95 x0=0.643746 velocity_parameter=-0.291 status=collision: trajectory reached the configured collision radius
velocity row 42/120 IC 105/599 x0=0.650925 velocity_parameter=-0.291 elapsed=30.5775s written=0
  crossing 0/250
  stopped velocity row 42 IC 105 x0=0.650925 velocity_parameter=-0.291 status=collision: trajectory reached the configured collision radius
velocity row 42/120 IC 113/599 x0=0.656668 velocity_parameter=-0.291 elapsed=30.8492s written=0
  crossing 0/250
  stopped velocity row 42 IC 113 x0=0.656668 velocity_parameter=-0.291 status=collision: trajectory reached the configured collision radius
velocity row 43/120 IC 95/599 x0=0.643746 velocity_parameter=-0.274833 elapsed=30.8801s written=0
  crossing 0/250
  stopped velocity row 43 IC 95 x0=0.643746 velocity_parameter=-0.274833 status=collision: trajectory reached the configured collision radius
velocity row 43/120 IC 105/599 x0=0.650925 velocity_parameter=-0.274833 elapsed=31.2016s written=0
  crossing 0/250
  stopped velocity row 43 IC 105 x0=0.650925 velocity_parameter=-0.274833 status=collision: trajectory reached the configured collision radius
velocity row 43/120 IC 113/599 x0=0.656668 velocity_parameter=-0.274833 elapsed=31.46s written=0
  crossing 0/250
  stopped velocity row 43 IC 113 x0=0.656668 velocity_parameter=-0.274833 status=collision: trajectory reached the configured collision radius
velocity row 44/120 IC 95/599 x0=0.643746 velocity_parameter=-0.258667 elapsed=31.4907s written=0
  crossing 0/250
  stopped velocity row 44 IC 95 x0=0.643746 velocity_parameter=-0.258667 status=collision: trajectory reached the configured collision radius
velocity row 44/120 IC 105/599 x0=0.650925 velocity_parameter=-0.258667 elapsed=31.8181s written=0
  crossing 0/250
  stopped velocity row 44 IC 105 x0=0.650925 velocity_parameter=-0.258667 status=collision: trajectory reached the configured collision radius
velocity row 44/120 IC 113/599 x0=0.656668 velocity_parameter=-0.258667 elapsed=32.07s written=0
  crossing 0/250
  stopped velocity row 44 IC 113 x0=0.656668 velocity_parameter=-0.258667 status=collision: trajectory reached the configured collision radius
velocity row 45/120 IC 95/599 x0=0.643746 velocity_parameter=-0.2425 elapsed=32.1004s written=0
  crossing 0/250
  stopped velocity row 45 IC 95 x0=0.643746 velocity_parameter=-0.2425 status=collision: trajectory reached the configured collision radius
velocity row 45/120 IC 105/599 x0=0.650925 velocity_parameter=-0.2425 elapsed=32.4106s written=0
  crossing 0/250
  stopped velocity row 45 IC 105 x0=0.650925 velocity_parameter=-0.2425 status=collision: trajectory reached the configured collision radius
velocity row 45/120 IC 113/599 x0=0.656668 velocity_parameter=-0.2425 elapsed=32.6593s written=0
  crossing 0/250
  stopped velocity row 45 IC 113 x0=0.656668 velocity_parameter=-0.2425 status=collision: trajectory reached the configured collision radius
velocity row 46/120 IC 95/599 x0=0.643746 velocity_parameter=-0.226333 elapsed=32.7175s written=0
  crossing 0/250
  stopped velocity row 46 IC 95 x0=0.643746 velocity_parameter=-0.226333 status=collision: trajectory reached the configured collision radius
velocity row 46/120 IC 105/599 x0=0.650925 velocity_parameter=-0.226333 elapsed=33.0609s written=0
  crossing 0/250
  stopped velocity row 46 IC 105 x0=0.650925 velocity_parameter=-0.226333 status=collision: trajectory reached the configured collision radius
velocity row 46/120 IC 113/599 x0=0.656668 velocity_parameter=-0.226333 elapsed=33.3397s written=0
  crossing 0/250
  stopped velocity row 46 IC 113 x0=0.656668 velocity_parameter=-0.226333 status=collision: trajectory reached the configured collision radius
velocity row 47/120 IC 95/599 x0=0.643746 velocity_parameter=-0.210167 elapsed=33.3865s written=0
  crossing 0/250
  stopped velocity row 47 IC 95 x0=0.643746 velocity_parameter=-0.210167 status=collision: trajectory reached the configured collision radius
velocity row 47/120 IC 105/599 x0=0.650925 velocity_parameter=-0.210167 elapsed=33.6932s written=0
  crossing 0/250
  stopped velocity row 47 IC 105 x0=0.650925 velocity_parameter=-0.210167 status=collision: trajectory reached the configured collision radius
velocity row 47/120 IC 113/599 x0=0.656668 velocity_parameter=-0.210167 elapsed=33.959s written=0
  crossing 0/250
  stopped velocity row 47 IC 113 x0=0.656668 velocity_parameter=-0.210167 status=collision: trajectory reached the configured collision radius
velocity row 48/120 IC 95/599 x0=0.643746 velocity_parameter=-0.194 elapsed=33.9902s written=0
  crossing 0/250
  stopped velocity row 48 IC 95 x0=0.643746 velocity_parameter=-0.194 status=collision: trajectory reached the configured collision radius
velocity row 48/120 IC 105/599 x0=0.650925 velocity_parameter=-0.194 elapsed=34.3039s written=0
  crossing 0/250
  stopped velocity row 48 IC 105 x0=0.650925 velocity_parameter=-0.194 status=collision: trajectory reached the configured collision radius
velocity row 48/120 IC 113/599 x0=0.656668 velocity_parameter=-0.194 elapsed=34.5532s written=0
  crossing 0/250
  stopped velocity row 48 IC 113 x0=0.656668 velocity_parameter=-0.194 status=collision: trajectory reached the configured collision radius
velocity row 49/120 IC 95/599 x0=0.643746 velocity_parameter=-0.177833 elapsed=34.5838s written=0
  crossing 0/250
  stopped velocity row 49 IC 95 x0=0.643746 velocity_parameter=-0.177833 status=collision: trajectory reached the configured collision radius
velocity row 49/120 IC 105/599 x0=0.650925 velocity_parameter=-0.177833 elapsed=34.9404s written=0
  crossing 0/250
  stopped velocity row 49 IC 105 x0=0.650925 velocity_parameter=-0.177833 status=collision: trajectory reached the configured collision radius
velocity row 49/120 IC 113/599 x0=0.656668 velocity_parameter=-0.177833 elapsed=35.2106s written=0
  crossing 0/250
  stopped velocity row 49 IC 113 x0=0.656668 velocity_parameter=-0.177833 status=collision: trajectory reached the configured collision radius
velocity row 50/120 IC 95/599 x0=0.643746 velocity_parameter=-0.161667 elapsed=35.2411s written=0
  crossing 0/250
  stopped velocity row 50 IC 95 x0=0.643746 velocity_parameter=-0.161667 status=collision: trajectory reached the configured collision radius
velocity row 50/120 IC 105/599 x0=0.650925 velocity_parameter=-0.161667 elapsed=35.588s written=0
  crossing 0/250
  stopped velocity row 50 IC 105 x0=0.650925 velocity_parameter=-0.161667 status=collision: trajectory reached the configured collision radius
velocity row 50/120 IC 113/599 x0=0.656668 velocity_parameter=-0.161667 elapsed=35.8484s written=0
  crossing 0/250
  stopped velocity row 50 IC 113 x0=0.656668 velocity_parameter=-0.161667 status=collision: trajectory reached the configured collision radius
velocity row 51/120 IC 95/599 x0=0.643746 velocity_parameter=-0.1455 elapsed=35.8942s written=0
  crossing 0/250
  stopped velocity row 51 IC 95 x0=0.643746 velocity_parameter=-0.1455 status=collision: trajectory reached the configured collision radius
velocity row 51/120 IC 105/599 x0=0.650925 velocity_parameter=-0.1455 elapsed=36.2035s written=0
  crossing 0/250
  stopped velocity row 51 IC 105 x0=0.650925 velocity_parameter=-0.1455 status=collision: trajectory reached the configured collision radius
velocity row 51/120 IC 113/599 x0=0.656668 velocity_parameter=-0.1455 elapsed=36.4511s written=0
  crossing 0/250
  stopped velocity row 51 IC 113 x0=0.656668 velocity_parameter=-0.1455 status=collision: trajectory reached the configured collision radius
velocity row 52/120 IC 95/599 x0=0.643746 velocity_parameter=-0.129333 elapsed=36.4821s written=0
  crossing 0/250
  stopped velocity row 52 IC 95 x0=0.643746 velocity_parameter=-0.129333 status=collision: trajectory reached the configured collision radius
velocity row 52/120 IC 105/599 x0=0.650925 velocity_parameter=-0.129333 elapsed=36.7908s written=0
  crossing 0/250
  stopped velocity row 52 IC 105 x0=0.650925 velocity_parameter=-0.129333 status=collision: trajectory reached the configured collision radius
velocity row 52/120 IC 113/599 x0=0.656668 velocity_parameter=-0.129333 elapsed=37.0612s written=0
  crossing 0/250
  stopped velocity row 52 IC 113 x0=0.656668 velocity_parameter=-0.129333 status=collision: trajectory reached the configured collision radius
velocity row 53/120 IC 95/599 x0=0.643746 velocity_parameter=-0.113167 elapsed=37.0934s written=0
  crossing 0/250
  stopped velocity row 53 IC 95 x0=0.643746 velocity_parameter=-0.113167 status=collision: trajectory reached the configured collision radius
velocity row 53/120 IC 105/599 x0=0.650925 velocity_parameter=-0.113167 elapsed=37.4624s written=0
  crossing 0/250
  stopped velocity row 53 IC 105 x0=0.650925 velocity_parameter=-0.113167 status=collision: trajectory reached the configured collision radius
velocity row 53/120 IC 113/599 x0=0.656668 velocity_parameter=-0.113167 elapsed=37.7121s written=0
  crossing 0/250
  stopped velocity row 53 IC 113 x0=0.656668 velocity_parameter=-0.113167 status=collision: trajectory reached the configured collision radius
velocity row 54/120 IC 95/599 x0=0.643746 velocity_parameter=-0.097 elapsed=37.742s written=0
  crossing 0/250
  stopped velocity row 54 IC 95 x0=0.643746 velocity_parameter=-0.097 status=collision: trajectory reached the configured collision radius
velocity row 54/120 IC 105/599 x0=0.650925 velocity_parameter=-0.097 elapsed=38.0739s written=0
  crossing 0/250
  stopped velocity row 54 IC 105 x0=0.650925 velocity_parameter=-0.097 status=collision: trajectory reached the configured collision radius
velocity row 54/120 IC 113/599 x0=0.656668 velocity_parameter=-0.097 elapsed=38.3419s written=0
  crossing 0/250
  stopped velocity row 54 IC 113 x0=0.656668 velocity_parameter=-0.097 status=collision: trajectory reached the configured collision radius
velocity row 55/120 IC 95/599 x0=0.643746 velocity_parameter=-0.0808333 elapsed=38.3738s written=0
  crossing 0/250
  stopped velocity row 55 IC 95 x0=0.643746 velocity_parameter=-0.0808333 status=collision: trajectory reached the configured collision radius
velocity row 55/120 IC 105/599 x0=0.650925 velocity_parameter=-0.0808333 elapsed=38.7002s written=0
  crossing 0/250
  stopped velocity row 55 IC 105 x0=0.650925 velocity_parameter=-0.0808333 status=collision: trajectory reached the configured collision radius
velocity row 55/120 IC 113/599 x0=0.656668 velocity_parameter=-0.0808333 elapsed=39.027s written=0
  crossing 0/250
  stopped velocity row 55 IC 113 x0=0.656668 velocity_parameter=-0.0808333 status=collision: trajectory reached the configured collision radius
velocity row 56/120 IC 95/599 x0=0.643746 velocity_parameter=-0.0646667 elapsed=39.06s written=0
  crossing 0/250
  stopped velocity row 56 IC 95 x0=0.643746 velocity_parameter=-0.0646667 status=collision: trajectory reached the configured collision radius
velocity row 56/120 IC 105/599 x0=0.650925 velocity_parameter=-0.0646667 elapsed=39.3815s written=0
  crossing 0/250
  stopped velocity row 56 IC 105 x0=0.650925 velocity_parameter=-0.0646667 status=collision: trajectory reached the configured collision radius
velocity row 56/120 IC 113/599 x0=0.656668 velocity_parameter=-0.0646667 elapsed=39.6362s written=0
  crossing 0/250
  stopped velocity row 56 IC 113 x0=0.656668 velocity_parameter=-0.0646667 status=collision: trajectory reached the configured collision radius
velocity row 57/120 IC 95/599 x0=0.643746 velocity_parameter=-0.0485 elapsed=39.6675s written=0
  crossing 0/250
  stopped velocity row 57 IC 95 x0=0.643746 velocity_parameter=-0.0485 status=collision: trajectory reached the configured collision radius
velocity row 57/120 IC 105/599 x0=0.650925 velocity_parameter=-0.0485 elapsed=40.0035s written=0
  crossing 0/250
  stopped velocity row 57 IC 105 x0=0.650925 velocity_parameter=-0.0485 status=collision: trajectory reached the configured collision radius
velocity row 57/120 IC 113/599 x0=0.656668 velocity_parameter=-0.0485 elapsed=40.2517s written=0
  crossing 0/250
  stopped velocity row 57 IC 113 x0=0.656668 velocity_parameter=-0.0485 status=collision: trajectory reached the configured collision radius
velocity row 58/120 IC 95/599 x0=0.643746 velocity_parameter=-0.0323333 elapsed=40.2826s written=0
  crossing 0/250
  stopped velocity row 58 IC 95 x0=0.643746 velocity_parameter=-0.0323333 status=collision: trajectory reached the configured collision radius
velocity row 58/120 IC 105/599 x0=0.650925 velocity_parameter=-0.0323333 elapsed=40.6022s written=0
  crossing 0/250
  stopped velocity row 58 IC 105 x0=0.650925 velocity_parameter=-0.0323333 status=collision: trajectory reached the configured collision radius
velocity row 58/120 IC 113/599 x0=0.656668 velocity_parameter=-0.0323333 elapsed=40.9074s written=0
  crossing 0/250
  stopped velocity row 58 IC 113 x0=0.656668 velocity_parameter=-0.0323333 status=collision: trajectory reached the configured collision radius
velocity row 59/120 IC 95/599 x0=0.643746 velocity_parameter=-0.0161667 elapsed=40.9637s written=0
  crossing 0/250
  stopped velocity row 59 IC 95 x0=0.643746 velocity_parameter=-0.0161667 status=collision: trajectory reached the configured collision radius
velocity row 59/120 IC 105/599 x0=0.650925 velocity_parameter=-0.0161667 elapsed=41.3288s written=0
  crossing 0/250
  stopped velocity row 59 IC 105 x0=0.650925 velocity_parameter=-0.0161667 status=collision: trajectory reached the configured collision radius
velocity row 59/120 IC 113/599 x0=0.656668 velocity_parameter=-0.0161667 elapsed=41.6013s written=0
  crossing 0/250
  stopped velocity row 59 IC 113 x0=0.656668 velocity_parameter=-0.0161667 status=collision: trajectory reached the configured collision radius
velocity row 60/120 IC 95/599 x0=0.643746 velocity_parameter=0 elapsed=41.6326s written=0
  crossing 0/250
  stopped velocity row 60 IC 95 x0=0.643746 velocity_parameter=0 status=collision: trajectory reached the configured collision radius
velocity row 60/120 IC 105/599 x0=0.650925 velocity_parameter=0 elapsed=41.9544s written=0
  crossing 0/250
  stopped velocity row 60 IC 105 x0=0.650925 velocity_parameter=0 status=collision: trajectory reached the configured collision radius
velocity row 60/120 IC 113/599 x0=0.656668 velocity_parameter=0 elapsed=42.1998s written=0
  crossing 0/250
  stopped velocity row 60 IC 113 x0=0.656668 velocity_parameter=0 status=collision: trajectory reached the configured collision radius
velocity row 61/120 IC 95/599 x0=0.643746 velocity_parameter=0.0161667 elapsed=42.2311s written=0
  crossing 0/250
  stopped velocity row 61 IC 95 x0=0.643746 velocity_parameter=0.0161667 status=collision: trajectory reached the configured collision radius
velocity row 61/120 IC 105/599 x0=0.650925 velocity_parameter=0.0161667 elapsed=42.5576s written=0
  crossing 0/250
  stopped velocity row 61 IC 105 x0=0.650925 velocity_parameter=0.0161667 status=collision: trajectory reached the configured collision radius
velocity row 61/120 IC 113/599 x0=0.656668 velocity_parameter=0.0161667 elapsed=42.8358s written=0
  crossing 0/250
  stopped velocity row 61 IC 113 x0=0.656668 velocity_parameter=0.0161667 status=collision: trajectory reached the configured collision radius
velocity row 62/120 IC 95/599 x0=0.643746 velocity_parameter=0.0323333 elapsed=42.8672s written=0
  crossing 0/250
  stopped velocity row 62 IC 95 x0=0.643746 velocity_parameter=0.0323333 status=collision: trajectory reached the configured collision radius
velocity row 62/120 IC 105/599 x0=0.650925 velocity_parameter=0.0323333 elapsed=43.2335s written=0
  crossing 0/250
  stopped velocity row 62 IC 105 x0=0.650925 velocity_parameter=0.0323333 status=collision: trajectory reached the configured collision radius
velocity row 62/120 IC 113/599 x0=0.656668 velocity_parameter=0.0323333 elapsed=43.5096s written=0
  crossing 0/250
  stopped velocity row 62 IC 113 x0=0.656668 velocity_parameter=0.0323333 status=collision: trajectory reached the configured collision radius
velocity row 63/120 IC 95/599 x0=0.643746 velocity_parameter=0.0485 elapsed=43.5405s written=0
  crossing 0/250
  stopped velocity row 63 IC 95 x0=0.643746 velocity_parameter=0.0485 status=collision: trajectory reached the configured collision radius
velocity row 63/120 IC 105/599 x0=0.650925 velocity_parameter=0.0485 elapsed=43.8523s written=0
  crossing 0/250
  stopped velocity row 63 IC 105 x0=0.650925 velocity_parameter=0.0485 status=collision: trajectory reached the configured collision radius
velocity row 63/120 IC 113/599 x0=0.656668 velocity_parameter=0.0485 elapsed=44.1053s written=0
  crossing 0/250
  stopped velocity row 63 IC 113 x0=0.656668 velocity_parameter=0.0485 status=collision: trajectory reached the configured collision radius
velocity row 64/120 IC 95/599 x0=0.643746 velocity_parameter=0.0646667 elapsed=44.1368s written=0
  crossing 0/250
  stopped velocity row 64 IC 95 x0=0.643746 velocity_parameter=0.0646667 status=collision: trajectory reached the configured collision radius
velocity row 64/120 IC 105/599 x0=0.650925 velocity_parameter=0.0646667 elapsed=44.4514s written=0
  crossing 0/250
  stopped velocity row 64 IC 105 x0=0.650925 velocity_parameter=0.0646667 status=collision: trajectory reached the configured collision radius
velocity row 64/120 IC 113/599 x0=0.656668 velocity_parameter=0.0646667 elapsed=44.7033s written=0
  crossing 0/250
  stopped velocity row 64 IC 113 x0=0.656668 velocity_parameter=0.0646667 status=collision: trajectory reached the configured collision radius
velocity row 65/120 IC 95/599 x0=0.643746 velocity_parameter=0.0808333 elapsed=44.7345s written=0
  crossing 0/250
  stopped velocity row 65 IC 95 x0=0.643746 velocity_parameter=0.0808333 status=collision: trajectory reached the configured collision radius
velocity row 65/120 IC 105/599 x0=0.650925 velocity_parameter=0.0808333 elapsed=45.0453s written=0
  crossing 0/250
  stopped velocity row 65 IC 105 x0=0.650925 velocity_parameter=0.0808333 status=collision: trajectory reached the configured collision radius
velocity row 65/120 IC 113/599 x0=0.656668 velocity_parameter=0.0808333 elapsed=45.3207s written=0
  crossing 0/250
  stopped velocity row 65 IC 113 x0=0.656668 velocity_parameter=0.0808333 status=collision: trajectory reached the configured collision radius
velocity row 66/120 IC 95/599 x0=0.643746 velocity_parameter=0.097 elapsed=45.3509s written=0
  crossing 0/250
  stopped velocity row 66 IC 95 x0=0.643746 velocity_parameter=0.097 status=collision: trajectory reached the configured collision radius
velocity row 66/120 IC 105/599 x0=0.650925 velocity_parameter=0.097 elapsed=45.7573s written=0
  crossing 0/250
  stopped velocity row 66 IC 105 x0=0.650925 velocity_parameter=0.097 status=collision: trajectory reached the configured collision radius
velocity row 66/120 IC 113/599 x0=0.656668 velocity_parameter=0.097 elapsed=46.004s written=0
  crossing 0/250
  stopped velocity row 66 IC 113 x0=0.656668 velocity_parameter=0.097 status=collision: trajectory reached the configured collision radius
velocity row 67/120 IC 95/599 x0=0.643746 velocity_parameter=0.113167 elapsed=46.0358s written=0
  crossing 0/250
  stopped velocity row 67 IC 95 x0=0.643746 velocity_parameter=0.113167 status=collision: trajectory reached the configured collision radius
velocity row 67/120 IC 105/599 x0=0.650925 velocity_parameter=0.113167 elapsed=46.3694s written=0
  crossing 0/250
  stopped velocity row 67 IC 105 x0=0.650925 velocity_parameter=0.113167 status=collision: trajectory reached the configured collision radius
velocity row 67/120 IC 113/599 x0=0.656668 velocity_parameter=0.113167 elapsed=46.6214s written=0
  crossing 0/250
  stopped velocity row 67 IC 113 x0=0.656668 velocity_parameter=0.113167 status=collision: trajectory reached the configured collision radius
velocity row 68/120 IC 95/599 x0=0.643746 velocity_parameter=0.129333 elapsed=46.681s written=0
  crossing 0/250
  stopped velocity row 68 IC 95 x0=0.643746 velocity_parameter=0.129333 status=collision: trajectory reached the configured collision radius
velocity row 68/120 IC 105/599 x0=0.650925 velocity_parameter=0.129333 elapsed=47.0249s written=0
  crossing 0/250
  stopped velocity row 68 IC 105 x0=0.650925 velocity_parameter=0.129333 status=collision: trajectory reached the configured collision radius
velocity row 68/120 IC 113/599 x0=0.656668 velocity_parameter=0.129333 elapsed=47.3096s written=0
  crossing 0/250
  stopped velocity row 68 IC 113 x0=0.656668 velocity_parameter=0.129333 status=collision: trajectory reached the configured collision radius
velocity row 69/120 IC 95/599 x0=0.643746 velocity_parameter=0.1455 elapsed=47.3409s written=0
  crossing 0/250
  stopped velocity row 69 IC 95 x0=0.643746 velocity_parameter=0.1455 status=collision: trajectory reached the configured collision radius
velocity row 69/120 IC 105/599 x0=0.650925 velocity_parameter=0.1455 elapsed=47.6917s written=0
  crossing 0/250
  stopped velocity row 69 IC 105 x0=0.650925 velocity_parameter=0.1455 status=collision: trajectory reached the configured collision radius
velocity row 69/120 IC 113/599 x0=0.656668 velocity_parameter=0.1455 elapsed=47.9543s written=0
  crossing 0/250
  stopped velocity row 69 IC 113 x0=0.656668 velocity_parameter=0.1455 status=collision: trajectory reached the configured collision radius
velocity row 70/120 IC 95/599 x0=0.643746 velocity_parameter=0.161667 elapsed=47.9848s written=0
  crossing 0/250
  stopped velocity row 70 IC 95 x0=0.643746 velocity_parameter=0.161667 status=collision: trajectory reached the configured collision radius
velocity row 70/120 IC 105/599 x0=0.650925 velocity_parameter=0.161667 elapsed=48.2948s written=0
  crossing 0/250
  stopped velocity row 70 IC 105 x0=0.650925 velocity_parameter=0.161667 status=collision: trajectory reached the configured collision radius
velocity row 70/120 IC 113/599 x0=0.656668 velocity_parameter=0.161667 elapsed=48.5473s written=0
  crossing 0/250
  stopped velocity row 70 IC 113 x0=0.656668 velocity_parameter=0.161667 status=collision: trajectory reached the configured collision radius
velocity row 71/120 IC 95/599 x0=0.643746 velocity_parameter=0.177833 elapsed=48.579s written=0
  crossing 0/250
  stopped velocity row 71 IC 95 x0=0.643746 velocity_parameter=0.177833 status=collision: trajectory reached the configured collision radius
velocity row 71/120 IC 105/599 x0=0.650925 velocity_parameter=0.177833 elapsed=48.8902s written=0
  crossing 0/250
  stopped velocity row 71 IC 105 x0=0.650925 velocity_parameter=0.177833 status=collision: trajectory reached the configured collision radius
velocity row 71/120 IC 113/599 x0=0.656668 velocity_parameter=0.177833 elapsed=49.1457s written=0
  crossing 0/250
  stopped velocity row 71 IC 113 x0=0.656668 velocity_parameter=0.177833 status=collision: trajectory reached the configured collision radius
velocity row 72/120 IC 95/599 x0=0.643746 velocity_parameter=0.194 elapsed=49.1765s written=0
  crossing 0/250
  stopped velocity row 72 IC 95 x0=0.643746 velocity_parameter=0.194 status=collision: trajectory reached the configured collision radius
velocity row 72/120 IC 105/599 x0=0.650925 velocity_parameter=0.194 elapsed=49.5232s written=0
  crossing 0/250
  stopped velocity row 72 IC 105 x0=0.650925 velocity_parameter=0.194 status=collision: trajectory reached the configured collision radius
velocity row 72/120 IC 113/599 x0=0.656668 velocity_parameter=0.194 elapsed=49.8037s written=0
  crossing 0/250
  stopped velocity row 72 IC 113 x0=0.656668 velocity_parameter=0.194 status=collision: trajectory reached the configured collision radius
velocity row 73/120 IC 95/599 x0=0.643746 velocity_parameter=0.210167 elapsed=49.8353s written=0
  crossing 0/250
  stopped velocity row 73 IC 95 x0=0.643746 velocity_parameter=0.210167 status=collision: trajectory reached the configured collision radius
velocity row 73/120 IC 105/599 x0=0.650925 velocity_parameter=0.210167 elapsed=50.1497s written=0
  crossing 0/250
  stopped velocity row 73 IC 105 x0=0.650925 velocity_parameter=0.210167 status=collision: trajectory reached the configured collision radius
velocity row 73/120 IC 113/599 x0=0.656668 velocity_parameter=0.210167 elapsed=50.4012s written=0
  crossing 0/250
  stopped velocity row 73 IC 113 x0=0.656668 velocity_parameter=0.210167 status=collision: trajectory reached the configured collision radius
velocity row 74/120 IC 95/599 x0=0.643746 velocity_parameter=0.226333 elapsed=50.4325s written=0
  crossing 0/250
  stopped velocity row 74 IC 95 x0=0.643746 velocity_parameter=0.226333 status=collision: trajectory reached the configured collision radius
velocity row 74/120 IC 105/599 x0=0.650925 velocity_parameter=0.226333 elapsed=50.7586s written=0
  crossing 0/250
  stopped velocity row 74 IC 105 x0=0.650925 velocity_parameter=0.226333 status=collision: trajectory reached the configured collision radius
velocity row 74/120 IC 113/599 x0=0.656668 velocity_parameter=0.226333 elapsed=51.0432s written=0
  crossing 0/250
  stopped velocity row 74 IC 113 x0=0.656668 velocity_parameter=0.226333 status=collision: trajectory reached the configured collision radius
velocity row 75/120 IC 95/599 x0=0.643746 velocity_parameter=0.2425 elapsed=51.0814s written=0
  crossing 0/250
  stopped velocity row 75 IC 95 x0=0.643746 velocity_parameter=0.2425 status=collision: trajectory reached the configured collision radius
velocity row 75/120 IC 105/599 x0=0.650925 velocity_parameter=0.2425 elapsed=51.4452s written=0
  crossing 0/250
  stopped velocity row 75 IC 105 x0=0.650925 velocity_parameter=0.2425 status=collision: trajectory reached the configured collision radius
velocity row 75/120 IC 113/599 x0=0.656668 velocity_parameter=0.2425 elapsed=51.7047s written=0
  crossing 0/250
  stopped velocity row 75 IC 113 x0=0.656668 velocity_parameter=0.2425 status=collision: trajectory reached the configured collision radius
velocity row 76/120 IC 95/599 x0=0.643746 velocity_parameter=0.258667 elapsed=51.7355s written=0
  crossing 0/250
  stopped velocity row 76 IC 95 x0=0.643746 velocity_parameter=0.258667 status=collision: trajectory reached the configured collision radius
velocity row 76/120 IC 105/599 x0=0.650925 velocity_parameter=0.258667 elapsed=52.0492s written=0
  crossing 0/250
  stopped velocity row 76 IC 105 x0=0.650925 velocity_parameter=0.258667 status=collision: trajectory reached the configured collision radius
velocity row 76/120 IC 113/599 x0=0.656668 velocity_parameter=0.258667 elapsed=52.31s written=0
  crossing 0/250
  stopped velocity row 76 IC 113 x0=0.656668 velocity_parameter=0.258667 status=collision: trajectory reached the configured collision radius
velocity row 77/120 IC 95/599 x0=0.643746 velocity_parameter=0.274833 elapsed=52.3417s written=0
  crossing 0/250
  stopped velocity row 77 IC 95 x0=0.643746 velocity_parameter=0.274833 status=collision: trajectory reached the configured collision radius
velocity row 77/120 IC 105/599 x0=0.650925 velocity_parameter=0.274833 elapsed=52.6883s written=0
  crossing 0/250
  stopped velocity row 77 IC 105 x0=0.650925 velocity_parameter=0.274833 status=collision: trajectory reached the configured collision radius
velocity row 77/120 IC 113/599 x0=0.656668 velocity_parameter=0.274833 elapsed=52.9728s written=0
  crossing 0/250
  stopped velocity row 77 IC 113 x0=0.656668 velocity_parameter=0.274833 status=collision: trajectory reached the configured collision radius
velocity row 78/120 IC 95/599 x0=0.643746 velocity_parameter=0.291 elapsed=53.0055s written=0
  crossing 0/250
  stopped velocity row 78 IC 95 x0=0.643746 velocity_parameter=0.291 status=collision: trajectory reached the configured collision radius
velocity row 78/120 IC 105/599 x0=0.650925 velocity_parameter=0.291 elapsed=53.3732s written=0
  crossing 0/250
  stopped velocity row 78 IC 105 x0=0.650925 velocity_parameter=0.291 status=collision: trajectory reached the configured collision radius
velocity row 78/120 IC 113/599 x0=0.656668 velocity_parameter=0.291 elapsed=53.6464s written=0
  crossing 0/250
  stopped velocity row 78 IC 113 x0=0.656668 velocity_parameter=0.291 status=collision: trajectory reached the configured collision radius
velocity row 79/120 IC 95/599 x0=0.643746 velocity_parameter=0.307167 elapsed=53.6798s written=0
  crossing 0/250
  stopped velocity row 79 IC 95 x0=0.643746 velocity_parameter=0.307167 status=collision: trajectory reached the configured collision radius
velocity row 79/120 IC 105/599 x0=0.650925 velocity_parameter=0.307167 elapsed=54.0737s written=0
  crossing 0/250
  stopped velocity row 79 IC 105 x0=0.650925 velocity_parameter=0.307167 status=collision: trajectory reached the configured collision radius
velocity row 79/120 IC 113/599 x0=0.656668 velocity_parameter=0.307167 elapsed=54.3341s written=0
  crossing 0/250
  stopped velocity row 79 IC 113 x0=0.656668 velocity_parameter=0.307167 status=collision: trajectory reached the configured collision radius
velocity row 80/120 IC 95/599 x0=0.643746 velocity_parameter=0.323333 elapsed=54.3663s written=0
  crossing 0/250
  stopped velocity row 80 IC 95 x0=0.643746 velocity_parameter=0.323333 status=collision: trajectory reached the configured collision radius
velocity row 80/120 IC 105/599 x0=0.650925 velocity_parameter=0.323333 elapsed=54.7004s written=0
  crossing 0/250
  stopped velocity row 80 IC 105 x0=0.650925 velocity_parameter=0.323333 status=collision: trajectory reached the configured collision radius
velocity row 80/120 IC 113/599 x0=0.656668 velocity_parameter=0.323333 elapsed=54.9618s written=0
  crossing 0/250
  stopped velocity row 80 IC 113 x0=0.656668 velocity_parameter=0.323333 status=collision: trajectory reached the configured collision radius
velocity row 81/120 IC 95/599 x0=0.643746 velocity_parameter=0.3395 elapsed=54.9936s written=0
  crossing 0/250
  stopped velocity row 81 IC 95 x0=0.643746 velocity_parameter=0.3395 status=collision: trajectory reached the configured collision radius
velocity row 81/120 IC 105/599 x0=0.650925 velocity_parameter=0.3395 elapsed=55.3747s written=0
  crossing 0/250
  stopped velocity row 81 IC 105 x0=0.650925 velocity_parameter=0.3395 status=collision: trajectory reached the configured collision radius
velocity row 81/120 IC 113/599 x0=0.656668 velocity_parameter=0.3395 elapsed=55.6345s written=0
  crossing 0/250
  stopped velocity row 81 IC 113 x0=0.656668 velocity_parameter=0.3395 status=collision: trajectory reached the configured collision radius
velocity row 82/120 IC 95/599 x0=0.643746 velocity_parameter=0.355667 elapsed=55.6676s written=0
  crossing 0/250
  stopped velocity row 82 IC 95 x0=0.643746 velocity_parameter=0.355667 status=collision: trajectory reached the configured collision radius
velocity row 82/120 IC 105/599 x0=0.650925 velocity_parameter=0.355667 elapsed=56.0129s written=0
  crossing 0/250
  stopped velocity row 82 IC 105 x0=0.650925 velocity_parameter=0.355667 status=collision: trajectory reached the configured collision radius
velocity row 82/120 IC 113/599 x0=0.656668 velocity_parameter=0.355667 elapsed=56.2738s written=0
  crossing 0/250
  stopped velocity row 82 IC 113 x0=0.656668 velocity_parameter=0.355667 status=collision: trajectory reached the configured collision radius
velocity row 83/120 IC 95/599 x0=0.643746 velocity_parameter=0.371833 elapsed=56.3057s written=0
  crossing 0/250
  stopped velocity row 83 IC 95 x0=0.643746 velocity_parameter=0.371833 status=collision: trajectory reached the configured collision radius
velocity row 83/120 IC 105/599 x0=0.650925 velocity_parameter=0.371833 elapsed=56.6764s written=0
  crossing 0/250
  stopped velocity row 83 IC 105 x0=0.650925 velocity_parameter=0.371833 status=collision: trajectory reached the configured collision radius
velocity row 83/120 IC 113/599 x0=0.656668 velocity_parameter=0.371833 elapsed=56.9611s written=0
  crossing 0/250
  stopped velocity row 83 IC 113 x0=0.656668 velocity_parameter=0.371833 status=collision: trajectory reached the configured collision radius
velocity row 84/120 IC 95/599 x0=0.643746 velocity_parameter=0.388 elapsed=56.9928s written=0
  crossing 0/250
  stopped velocity row 84 IC 95 x0=0.643746 velocity_parameter=0.388 status=collision: trajectory reached the configured collision radius
velocity row 84/120 IC 105/599 x0=0.650925 velocity_parameter=0.388 elapsed=57.3333s written=0
  crossing 0/250
  stopped velocity row 84 IC 105 x0=0.650925 velocity_parameter=0.388 status=collision: trajectory reached the configured collision radius
velocity row 84/120 IC 113/599 x0=0.656668 velocity_parameter=0.388 elapsed=57.5891s written=0
  crossing 0/250
  stopped velocity row 84 IC 113 x0=0.656668 velocity_parameter=0.388 status=collision: trajectory reached the configured collision radius
velocity row 85/120 IC 95/599 x0=0.643746 velocity_parameter=0.404167 elapsed=57.6206s written=0
  crossing 0/250
  stopped velocity row 85 IC 95 x0=0.643746 velocity_parameter=0.404167 status=collision: trajectory reached the configured collision radius
velocity row 85/120 IC 105/599 x0=0.650925 velocity_parameter=0.404167 elapsed=57.94s written=0
  crossing 0/250
  stopped velocity row 85 IC 105 x0=0.650925 velocity_parameter=0.404167 status=collision: trajectory reached the configured collision radius
velocity row 85/120 IC 113/599 x0=0.656668 velocity_parameter=0.404167 elapsed=58.1978s written=0
  crossing 0/250
  stopped velocity row 85 IC 113 x0=0.656668 velocity_parameter=0.404167 status=collision: trajectory reached the configured collision radius
velocity row 86/120 IC 95/599 x0=0.643746 velocity_parameter=0.420333 elapsed=58.2573s written=0
  crossing 0/250
  stopped velocity row 86 IC 95 x0=0.643746 velocity_parameter=0.420333 status=collision: trajectory reached the configured collision radius
velocity row 86/120 IC 105/599 x0=0.650925 velocity_parameter=0.420333 elapsed=58.5963s written=0
  crossing 0/250
  stopped velocity row 86 IC 105 x0=0.650925 velocity_parameter=0.420333 status=collision: trajectory reached the configured collision radius
velocity row 86/120 IC 113/599 x0=0.656668 velocity_parameter=0.420333 elapsed=58.859s written=0
  crossing 0/250
  stopped velocity row 86 IC 113 x0=0.656668 velocity_parameter=0.420333 status=collision: trajectory reached the configured collision radius
velocity row 87/120 IC 95/599 x0=0.643746 velocity_parameter=0.4365 elapsed=58.8899s written=0
  crossing 0/250
  stopped velocity row 87 IC 95 x0=0.643746 velocity_parameter=0.4365 status=collision: trajectory reached the configured collision radius
velocity row 87/120 IC 105/599 x0=0.650925 velocity_parameter=0.4365 elapsed=59.2464s written=0
  crossing 0/250
  stopped velocity row 87 IC 105 x0=0.650925 velocity_parameter=0.4365 status=collision: trajectory reached the configured collision radius
velocity row 87/120 IC 113/599 x0=0.656668 velocity_parameter=0.4365 elapsed=59.5034s written=0
  crossing 0/250
  stopped velocity row 87 IC 113 x0=0.656668 velocity_parameter=0.4365 status=collision: trajectory reached the configured collision radius
velocity row 88/120 IC 95/599 x0=0.643746 velocity_parameter=0.452667 elapsed=59.5356s written=0
  crossing 0/250
  stopped velocity row 88 IC 95 x0=0.643746 velocity_parameter=0.452667 status=collision: trajectory reached the configured collision radius
velocity row 88/120 IC 105/599 x0=0.650925 velocity_parameter=0.452667 elapsed=59.8708s written=0
  crossing 0/250
  stopped velocity row 88 IC 105 x0=0.650925 velocity_parameter=0.452667 status=collision: trajectory reached the configured collision radius
velocity row 88/120 IC 113/599 x0=0.656668 velocity_parameter=0.452667 elapsed=60.1492s written=0
  crossing 0/250
  stopped velocity row 88 IC 113 x0=0.656668 velocity_parameter=0.452667 status=collision: trajectory reached the configured collision radius
velocity row 89/120 IC 95/599 x0=0.643746 velocity_parameter=0.468833 elapsed=60.1805s written=0
  crossing 0/250
  stopped velocity row 89 IC 95 x0=0.643746 velocity_parameter=0.468833 status=collision: trajectory reached the configured collision radius
velocity row 89/120 IC 105/599 x0=0.650925 velocity_parameter=0.468833 elapsed=60.5206s written=0
  crossing 0/250
  stopped velocity row 89 IC 105 x0=0.650925 velocity_parameter=0.468833 status=collision: trajectory reached the configured collision radius
velocity row 89/120 IC 113/599 x0=0.656668 velocity_parameter=0.468833 elapsed=60.8208s written=0
  crossing 0/250
  stopped velocity row 89 IC 113 x0=0.656668 velocity_parameter=0.468833 status=collision: trajectory reached the configured collision radius
velocity row 90/120 IC 95/599 x0=0.643746 velocity_parameter=0.485 elapsed=60.8536s written=0
  crossing 0/250
  stopped velocity row 90 IC 95 x0=0.643746 velocity_parameter=0.485 status=collision: trajectory reached the configured collision radius
velocity row 90/120 IC 105/599 x0=0.650925 velocity_parameter=0.485 elapsed=61.2131s written=0
  crossing 0/250
  stopped velocity row 90 IC 105 x0=0.650925 velocity_parameter=0.485 status=collision: trajectory reached the configured collision radius
velocity row 90/120 IC 113/599 x0=0.656668 velocity_parameter=0.485 elapsed=61.4664s written=0
  crossing 0/250
  stopped velocity row 90 IC 113 x0=0.656668 velocity_parameter=0.485 status=collision: trajectory reached the configured collision radius
velocity row 91/120 IC 95/599 x0=0.643746 velocity_parameter=0.501167 elapsed=61.4989s written=0
  crossing 0/250
  stopped velocity row 91 IC 95 x0=0.643746 velocity_parameter=0.501167 status=collision: trajectory reached the configured collision radius
velocity row 91/120 IC 105/599 x0=0.650925 velocity_parameter=0.501167 elapsed=61.8276s written=0
  crossing 0/250
  stopped velocity row 91 IC 105 x0=0.650925 velocity_parameter=0.501167 status=collision: trajectory reached the configured collision radius
velocity row 91/120 IC 113/599 x0=0.656668 velocity_parameter=0.501167 elapsed=62.0766s written=0
  crossing 0/250
  stopped velocity row 91 IC 113 x0=0.656668 velocity_parameter=0.501167 status=collision: trajectory reached the configured collision radius
velocity row 92/120 IC 95/599 x0=0.643746 velocity_parameter=0.517333 elapsed=62.1077s written=0
  crossing 0/250
  stopped velocity row 92 IC 95 x0=0.643746 velocity_parameter=0.517333 status=collision: trajectory reached the configured collision radius
velocity row 92/120 IC 105/599 x0=0.650925 velocity_parameter=0.517333 elapsed=62.4402s written=0
  crossing 0/250
  stopped velocity row 92 IC 105 x0=0.650925 velocity_parameter=0.517333 status=collision: trajectory reached the configured collision radius
velocity row 92/120 IC 113/599 x0=0.656668 velocity_parameter=0.517333 elapsed=62.7166s written=0
  crossing 0/250
  stopped velocity row 92 IC 113 x0=0.656668 velocity_parameter=0.517333 status=collision: trajectory reached the configured collision radius
velocity row 93/120 IC 95/599 x0=0.643746 velocity_parameter=0.5335 elapsed=62.7487s written=0
  crossing 0/250
  stopped velocity row 93 IC 95 x0=0.643746 velocity_parameter=0.5335 status=collision: trajectory reached the configured collision radius
velocity row 93/120 IC 105/599 x0=0.650925 velocity_parameter=0.5335 elapsed=63.0617s written=0
  crossing 0/250
  stopped velocity row 93 IC 105 x0=0.650925 velocity_parameter=0.5335 status=collision: trajectory reached the configured collision radius
velocity row 93/120 IC 113/599 x0=0.656668 velocity_parameter=0.5335 elapsed=63.3127s written=0
  crossing 0/250
  stopped velocity row 93 IC 113 x0=0.656668 velocity_parameter=0.5335 status=collision: trajectory reached the configured collision radius
velocity row 94/120 IC 95/599 x0=0.643746 velocity_parameter=0.549667 elapsed=63.3454s written=0
  crossing 0/250
  stopped velocity row 94 IC 95 x0=0.643746 velocity_parameter=0.549667 status=collision: trajectory reached the configured collision radius
velocity row 94/120 IC 105/599 x0=0.650925 velocity_parameter=0.549667 elapsed=63.6592s written=0
  crossing 0/250
  stopped velocity row 94 IC 105 x0=0.650925 velocity_parameter=0.549667 status=collision: trajectory reached the configured collision radius
velocity row 94/120 IC 113/599 x0=0.656668 velocity_parameter=0.549667 elapsed=63.907s written=0
  crossing 0/250
  stopped velocity row 94 IC 113 x0=0.656668 velocity_parameter=0.549667 status=collision: trajectory reached the configured collision radius
velocity row 95/120 IC 95/599 x0=0.643746 velocity_parameter=0.565833 elapsed=63.9379s written=0
  crossing 0/250
  stopped velocity row 95 IC 95 x0=0.643746 velocity_parameter=0.565833 status=collision: trajectory reached the configured collision radius
velocity row 95/120 IC 105/599 x0=0.650925 velocity_parameter=0.565833 elapsed=64.2493s written=0
  crossing 0/250
  stopped velocity row 95 IC 105 x0=0.650925 velocity_parameter=0.565833 status=collision: trajectory reached the configured collision radius
velocity row 95/120 IC 113/599 x0=0.656668 velocity_parameter=0.565833 elapsed=64.5059s written=0
  crossing 0/250
  stopped velocity row 95 IC 113 x0=0.656668 velocity_parameter=0.565833 status=collision: trajectory reached the configured collision radius
velocity row 96/120 IC 95/599 x0=0.643746 velocity_parameter=0.582 elapsed=64.5388s written=0
  crossing 0/250
  stopped velocity row 96 IC 95 x0=0.643746 velocity_parameter=0.582 status=collision: trajectory reached the configured collision radius
velocity row 96/120 IC 105/599 x0=0.650925 velocity_parameter=0.582 elapsed=64.8561s written=0
  crossing 0/250
  stopped velocity row 96 IC 105 x0=0.650925 velocity_parameter=0.582 status=collision: trajectory reached the configured collision radius
velocity row 96/120 IC 113/599 x0=0.656668 velocity_parameter=0.582 elapsed=65.1071s written=0
  crossing 0/250
  stopped velocity row 96 IC 113 x0=0.656668 velocity_parameter=0.582 status=collision: trajectory reached the configured collision radius
velocity row 97/120 IC 95/599 x0=0.643746 velocity_parameter=0.598167 elapsed=65.1389s written=0
  crossing 0/250
  stopped velocity row 97 IC 95 x0=0.643746 velocity_parameter=0.598167 status=collision: trajectory reached the configured collision radius
velocity row 97/120 IC 105/599 x0=0.650925 velocity_parameter=0.598167 elapsed=65.452s written=0
  crossing 0/250
  stopped velocity row 97 IC 105 x0=0.650925 velocity_parameter=0.598167 status=collision: trajectory reached the configured collision radius
velocity row 97/120 IC 113/599 x0=0.656668 velocity_parameter=0.598167 elapsed=65.7178s written=0
  crossing 0/250
  stopped velocity row 97 IC 113 x0=0.656668 velocity_parameter=0.598167 status=collision: trajectory reached the configured collision radius
velocity row 98/120 IC 95/599 x0=0.643746 velocity_parameter=0.614333 elapsed=65.7497s written=0
  crossing 0/250
  stopped velocity row 98 IC 95 x0=0.643746 velocity_parameter=0.614333 status=collision: trajectory reached the configured collision radius
velocity row 98/120 IC 105/599 x0=0.650925 velocity_parameter=0.614333 elapsed=66.06s written=0
  crossing 0/250
  stopped velocity row 98 IC 105 x0=0.650925 velocity_parameter=0.614333 status=collision: trajectory reached the configured collision radius
velocity row 98/120 IC 113/599 x0=0.656668 velocity_parameter=0.614333 elapsed=66.3103s written=0
  crossing 0/250
  stopped velocity row 98 IC 113 x0=0.656668 velocity_parameter=0.614333 status=collision: trajectory reached the configured collision radius
velocity row 99/120 IC 95/599 x0=0.643746 velocity_parameter=0.6305 elapsed=66.3435s written=0
  crossing 0/250
  stopped velocity row 99 IC 95 x0=0.643746 velocity_parameter=0.6305 status=collision: trajectory reached the configured collision radius
velocity row 99/120 IC 105/599 x0=0.650925 velocity_parameter=0.6305 elapsed=66.6782s written=0
  crossing 0/250
  stopped velocity row 99 IC 105 x0=0.650925 velocity_parameter=0.6305 status=collision: trajectory reached the configured collision radius
velocity row 99/120 IC 113/599 x0=0.656668 velocity_parameter=0.6305 elapsed=66.931s written=0
  crossing 0/250
  stopped velocity row 99 IC 113 x0=0.656668 velocity_parameter=0.6305 status=collision: trajectory reached the configured collision radius
velocity row 100/120 IC 95/599 x0=0.643746 velocity_parameter=0.646667 elapsed=66.9625s written=0
  crossing 0/250
  stopped velocity row 100 IC 95 x0=0.643746 velocity_parameter=0.646667 status=collision: trajectory reached the configured collision radius
velocity row 100/120 IC 105/599 x0=0.650925 velocity_parameter=0.646667 elapsed=67.295s written=0
  crossing 0/250
  stopped velocity row 100 IC 105 x0=0.650925 velocity_parameter=0.646667 status=collision: trajectory reached the configured collision radius
velocity row 100/120 IC 113/599 x0=0.656668 velocity_parameter=0.646667 elapsed=67.5646s written=0
  crossing 0/250
  stopped velocity row 100 IC 113 x0=0.656668 velocity_parameter=0.646667 status=collision: trajectory reached the configured collision radius
velocity row 101/120 IC 95/599 x0=0.643746 velocity_parameter=0.662833 elapsed=67.5954s written=0
  crossing 0/250
  stopped velocity row 101 IC 95 x0=0.643746 velocity_parameter=0.662833 status=collision: trajectory reached the configured collision radius
velocity row 101/120 IC 105/599 x0=0.650925 velocity_parameter=0.662833 elapsed=67.9119s written=0
  crossing 0/250
  stopped velocity row 101 IC 105 x0=0.650925 velocity_parameter=0.662833 status=collision: trajectory reached the configured collision radius
velocity row 101/120 IC 113/599 x0=0.656668 velocity_parameter=0.662833 elapsed=68.1817s written=0
  crossing 0/250
  stopped velocity row 101 IC 113 x0=0.656668 velocity_parameter=0.662833 status=collision: trajectory reached the configured collision radius
velocity row 102/120 IC 95/599 x0=0.643746 velocity_parameter=0.679 elapsed=68.2126s written=0
  crossing 0/250
  stopped velocity row 102 IC 95 x0=0.643746 velocity_parameter=0.679 status=collision: trajectory reached the configured collision radius
velocity row 102/120 IC 105/599 x0=0.650925 velocity_parameter=0.679 elapsed=68.5364s written=0
  crossing 0/250
  stopped velocity row 102 IC 105 x0=0.650925 velocity_parameter=0.679 status=collision: trajectory reached the configured collision radius
velocity row 102/120 IC 113/599 x0=0.656668 velocity_parameter=0.679 elapsed=68.8136s written=0
  crossing 0/250
  stopped velocity row 102 IC 113 x0=0.656668 velocity_parameter=0.679 status=collision: trajectory reached the configured collision radius
velocity row 103/120 IC 95/599 x0=0.643746 velocity_parameter=0.695167 elapsed=68.8441s written=0
  crossing 0/250
  stopped velocity row 103 IC 95 x0=0.643746 velocity_parameter=0.695167 status=collision: trajectory reached the configured collision radius
velocity row 103/120 IC 105/599 x0=0.650925 velocity_parameter=0.695167 elapsed=69.1702s written=0
  crossing 0/250
  stopped velocity row 103 IC 105 x0=0.650925 velocity_parameter=0.695167 status=collision: trajectory reached the configured collision radius
velocity row 103/120 IC 113/599 x0=0.656668 velocity_parameter=0.695167 elapsed=69.4212s written=0
  crossing 0/250
  stopped velocity row 103 IC 113 x0=0.656668 velocity_parameter=0.695167 status=collision: trajectory reached the configured collision radius
velocity row 104/120 IC 95/599 x0=0.643746 velocity_parameter=0.711333 elapsed=69.4536s written=0
  crossing 0/250
  stopped velocity row 104 IC 95 x0=0.643746 velocity_parameter=0.711333 status=collision: trajectory reached the configured collision radius
velocity row 104/120 IC 105/599 x0=0.650925 velocity_parameter=0.711333 elapsed=69.7785s written=0
  crossing 0/250
  stopped velocity row 104 IC 105 x0=0.650925 velocity_parameter=0.711333 status=collision: trajectory reached the configured collision radius
velocity row 104/120 IC 113/599 x0=0.656668 velocity_parameter=0.711333 elapsed=70.0351s written=0
  crossing 0/250
  stopped velocity row 104 IC 113 x0=0.656668 velocity_parameter=0.711333 status=collision: trajectory reached the configured collision radius
velocity row 105/120 IC 95/599 x0=0.643746 velocity_parameter=0.7275 elapsed=70.0666s written=0
  crossing 0/250
  stopped velocity row 105 IC 95 x0=0.643746 velocity_parameter=0.7275 status=collision: trajectory reached the configured collision radius
velocity row 105/120 IC 105/599 x0=0.650925 velocity_parameter=0.7275 elapsed=70.39s written=0
  crossing 0/250
  stopped velocity row 105 IC 105 x0=0.650925 velocity_parameter=0.7275 status=collision: trajectory reached the configured collision radius
velocity row 105/120 IC 113/599 x0=0.656668 velocity_parameter=0.7275 elapsed=70.6424s written=0
  crossing 0/250
  stopped velocity row 105 IC 113 x0=0.656668 velocity_parameter=0.7275 status=collision: trajectory reached the configured collision radius
velocity row 106/120 IC 95/599 x0=0.643746 velocity_parameter=0.743667 elapsed=70.6732s written=0
  crossing 0/250
  stopped velocity row 106 IC 95 x0=0.643746 velocity_parameter=0.743667 status=collision: trajectory reached the configured collision radius
velocity row 106/120 IC 105/599 x0=0.650925 velocity_parameter=0.743667 elapsed=70.9935s written=0
  crossing 0/250
  stopped velocity row 106 IC 105 x0=0.650925 velocity_parameter=0.743667 status=collision: trajectory reached the configured collision radius
velocity row 106/120 IC 113/599 x0=0.656668 velocity_parameter=0.743667 elapsed=71.2449s written=0
  crossing 0/250
  stopped velocity row 106 IC 113 x0=0.656668 velocity_parameter=0.743667 status=collision: trajectory reached the configured collision radius
velocity row 107/120 IC 95/599 x0=0.643746 velocity_parameter=0.759833 elapsed=71.2769s written=0
  crossing 0/250
  stopped velocity row 107 IC 95 x0=0.643746 velocity_parameter=0.759833 status=collision: trajectory reached the configured collision radius
velocity row 107/120 IC 105/599 x0=0.650925 velocity_parameter=0.759833 elapsed=71.593s written=0
  crossing 0/250
  stopped velocity row 107 IC 105 x0=0.650925 velocity_parameter=0.759833 status=collision: trajectory reached the configured collision radius
velocity row 107/120 IC 113/599 x0=0.656668 velocity_parameter=0.759833 elapsed=71.8494s written=0
  crossing 0/250
  stopped velocity row 107 IC 113 x0=0.656668 velocity_parameter=0.759833 status=collision: trajectory reached the configured collision radius
velocity row 108/120 IC 95/599 x0=0.643746 velocity_parameter=0.776 elapsed=71.8805s written=0
  crossing 0/250
  stopped velocity row 108 IC 95 x0=0.643746 velocity_parameter=0.776 status=collision: trajectory reached the configured collision radius
velocity row 108/120 IC 105/599 x0=0.650925 velocity_parameter=0.776 elapsed=72.193s written=0
  crossing 0/250
  stopped velocity row 108 IC 105 x0=0.650925 velocity_parameter=0.776 status=collision: trajectory reached the configured collision radius
velocity row 108/120 IC 113/599 x0=0.656668 velocity_parameter=0.776 elapsed=72.4655s written=0
  crossing 0/250
  stopped velocity row 108 IC 113 x0=0.656668 velocity_parameter=0.776 status=collision: trajectory reached the configured collision radius
velocity row 109/120 IC 95/599 x0=0.643746 velocity_parameter=0.792167 elapsed=72.4973s written=0
  crossing 0/250
  stopped velocity row 109 IC 95 x0=0.643746 velocity_parameter=0.792167 status=collision: trajectory reached the configured collision radius
velocity row 109/120 IC 105/599 x0=0.650925 velocity_parameter=0.792167 elapsed=72.8173s written=0
  crossing 0/250
  stopped velocity row 109 IC 105 x0=0.650925 velocity_parameter=0.792167 status=collision: trajectory reached the configured collision radius
velocity row 109/120 IC 113/599 x0=0.656668 velocity_parameter=0.792167 elapsed=73.0967s written=0
  crossing 0/250
  stopped velocity row 109 IC 113 x0=0.656668 velocity_parameter=0.792167 status=collision: trajectory reached the configured collision radius
velocity row 110/120 IC 95/599 x0=0.643746 velocity_parameter=0.808333 elapsed=73.1276s written=0
  crossing 0/250
  stopped velocity row 110 IC 95 x0=0.643746 velocity_parameter=0.808333 status=collision: trajectory reached the configured collision radius
velocity row 110/120 IC 105/599 x0=0.650925 velocity_parameter=0.808333 elapsed=73.4427s written=0
  crossing 0/250
  stopped velocity row 110 IC 105 x0=0.650925 velocity_parameter=0.808333 status=collision: trajectory reached the configured collision radius
velocity row 110/120 IC 113/599 x0=0.656668 velocity_parameter=0.808333 elapsed=73.6998s written=0
  crossing 0/250
  stopped velocity row 110 IC 113 x0=0.656668 velocity_parameter=0.808333 status=collision: trajectory reached the configured collision radius
velocity row 111/120 IC 95/599 x0=0.643746 velocity_parameter=0.8245 elapsed=73.7314s written=0
  crossing 0/250
  stopped velocity row 111 IC 95 x0=0.643746 velocity_parameter=0.8245 status=collision: trajectory reached the configured collision radius
velocity row 111/120 IC 105/599 x0=0.650925 velocity_parameter=0.8245 elapsed=74.0621s written=0
  crossing 0/250
  stopped velocity row 111 IC 105 x0=0.650925 velocity_parameter=0.8245 status=collision: trajectory reached the configured collision radius
velocity row 111/120 IC 113/599 x0=0.656668 velocity_parameter=0.8245 elapsed=74.3493s written=0
  crossing 0/250
  stopped velocity row 111 IC 113 x0=0.656668 velocity_parameter=0.8245 status=collision: trajectory reached the configured collision radius
velocity row 112/120 IC 95/599 x0=0.643746 velocity_parameter=0.840667 elapsed=74.3802s written=0
  crossing 0/250
  stopped velocity row 112 IC 95 x0=0.643746 velocity_parameter=0.840667 status=collision: trajectory reached the configured collision radius
velocity row 112/120 IC 105/599 x0=0.650925 velocity_parameter=0.840667 elapsed=74.7051s written=0
  crossing 0/250
  stopped velocity row 112 IC 105 x0=0.650925 velocity_parameter=0.840667 status=collision: trajectory reached the configured collision radius
velocity row 112/120 IC 113/599 x0=0.656668 velocity_parameter=0.840667 elapsed=74.9611s written=0
  crossing 0/250
  stopped velocity row 112 IC 113 x0=0.656668 velocity_parameter=0.840667 status=collision: trajectory reached the configured collision radius
velocity row 113/120 IC 95/599 x0=0.643746 velocity_parameter=0.856833 elapsed=74.9934s written=0
  crossing 0/250
  stopped velocity row 113 IC 95 x0=0.643746 velocity_parameter=0.856833 status=collision: trajectory reached the configured collision radius
velocity row 113/120 IC 105/599 x0=0.650925 velocity_parameter=0.856833 elapsed=75.3111s written=0
  crossing 0/250
  stopped velocity row 113 IC 105 x0=0.650925 velocity_parameter=0.856833 status=collision: trajectory reached the configured collision radius
velocity row 113/120 IC 113/599 x0=0.656668 velocity_parameter=0.856833 elapsed=75.5777s written=0
  crossing 0/250
  stopped velocity row 113 IC 113 x0=0.656668 velocity_parameter=0.856833 status=collision: trajectory reached the configured collision radius
velocity row 114/120 IC 95/599 x0=0.643746 velocity_parameter=0.873 elapsed=75.6267s written=0
  crossing 0/250
  stopped velocity row 114 IC 95 x0=0.643746 velocity_parameter=0.873 status=collision: trajectory reached the configured collision radius
velocity row 114/120 IC 105/599 x0=0.650925 velocity_parameter=0.873 elapsed=75.9454s written=0
  crossing 0/250
  stopped velocity row 114 IC 105 x0=0.650925 velocity_parameter=0.873 status=collision: trajectory reached the configured collision radius
velocity row 114/120 IC 113/599 x0=0.656668 velocity_parameter=0.873 elapsed=76.1986s written=0
  crossing 0/250
  stopped velocity row 114 IC 113 x0=0.656668 velocity_parameter=0.873 status=collision: trajectory reached the configured collision radius
velocity row 115/120 IC 95/599 x0=0.643746 velocity_parameter=0.889167 elapsed=76.2304s written=0
  crossing 0/250
  stopped velocity row 115 IC 95 x0=0.643746 velocity_parameter=0.889167 status=collision: trajectory reached the configured collision radius
velocity row 115/120 IC 105/599 x0=0.650925 velocity_parameter=0.889167 elapsed=76.5448s written=0
  crossing 0/250
  stopped velocity row 115 IC 105 x0=0.650925 velocity_parameter=0.889167 status=collision: trajectory reached the configured collision radius
velocity row 115/120 IC 113/599 x0=0.656668 velocity_parameter=0.889167 elapsed=76.8305s written=0
  crossing 0/250
  stopped velocity row 115 IC 113 x0=0.656668 velocity_parameter=0.889167 status=collision: trajectory reached the configured collision radius
velocity row 116/120 IC 95/599 x0=0.643746 velocity_parameter=0.905333 elapsed=76.8628s written=0
  crossing 0/250
  stopped velocity row 116 IC 95 x0=0.643746 velocity_parameter=0.905333 status=collision: trajectory reached the configured collision radius
velocity row 116/120 IC 105/599 x0=0.650925 velocity_parameter=0.905333 elapsed=77.1901s written=0
  crossing 0/250
  stopped velocity row 116 IC 105 x0=0.650925 velocity_parameter=0.905333 status=collision: trajectory reached the configured collision radius
velocity row 116/120 IC 113/599 x0=0.656668 velocity_parameter=0.905333 elapsed=77.4427s written=0
  crossing 0/250
  stopped velocity row 116 IC 113 x0=0.656668 velocity_parameter=0.905333 status=collision: trajectory reached the configured collision radius
velocity row 117/120 IC 95/599 x0=0.643746 velocity_parameter=0.9215 elapsed=77.4749s written=0
  crossing 0/250
  stopped velocity row 117 IC 95 x0=0.643746 velocity_parameter=0.9215 status=collision: trajectory reached the configured collision radius
velocity row 117/120 IC 105/599 x0=0.650925 velocity_parameter=0.9215 elapsed=77.7931s written=0
  crossing 0/250
  stopped velocity row 117 IC 105 x0=0.650925 velocity_parameter=0.9215 status=collision: trajectory reached the configured collision radius
velocity row 117/120 IC 113/599 x0=0.656668 velocity_parameter=0.9215 elapsed=78.0464s written=0
  crossing 0/250
  stopped velocity row 117 IC 113 x0=0.656668 velocity_parameter=0.9215 status=collision: trajectory reached the configured collision radius
velocity row 118/120 IC 95/599 x0=0.643746 velocity_parameter=0.937667 elapsed=78.0813s written=0
  crossing 0/250
  stopped velocity row 118 IC 95 x0=0.643746 velocity_parameter=0.937667 status=collision: trajectory reached the configured collision radius
velocity row 118/120 IC 105/599 x0=0.650925 velocity_parameter=0.937667 elapsed=78.3984s written=1
  crossing 0/250
  stopped velocity row 118 IC 105 x0=0.650925 velocity_parameter=0.937667 status=collision: trajectory reached the configured collision radius
velocity row 118/120 IC 113/599 x0=0.656668 velocity_parameter=0.937667 elapsed=78.6562s written=1
  crossing 0/250
  stopped velocity row 118 IC 113 x0=0.656668 velocity_parameter=0.937667 status=collision: trajectory reached the configured collision radius
velocity row 119/120 IC 95/599 x0=0.643746 velocity_parameter=0.953833 elapsed=78.6877s written=1
  crossing 0/250
  stopped velocity row 119 IC 95 x0=0.643746 velocity_parameter=0.953833 status=collision: trajectory reached the configured collision radius
velocity row 119/120 IC 105/599 x0=0.650925 velocity_parameter=0.953833 elapsed=79.0094s written=11
  crossing 0/250
  stopped velocity row 119 IC 105 x0=0.650925 velocity_parameter=0.953833 status=collision: trajectory reached the configured collision radius
velocity row 119/120 IC 113/599 x0=0.656668 velocity_parameter=0.953833 elapsed=79.2699s written=19
  crossing 0/250
  stopped velocity row 119 IC 113 x0=0.656668 velocity_parameter=0.953833 status=collision: trajectory reached the configured collision radius
velocity row 120/120 IC 95/599 x0=0.643746 velocity_parameter=0.97 elapsed=79.3031s written=20
  crossing 0/250
  stopped velocity row 120 IC 95 x0=0.643746 velocity_parameter=0.97 status=collision: trajectory reached the configured collision radius
velocity row 120/120 IC 105/599 x0=0.650925 velocity_parameter=0.97 elapsed=79.6265s written=30
  crossing 0/250
  stopped velocity row 120 IC 105 x0=0.650925 velocity_parameter=0.97 status=collision: trajectory reached the configured collision radius
velocity row 120/120 IC 113/599 x0=0.656668 velocity_parameter=0.97 elapsed=79.9076s written=38
  crossing 0/250
  stopped velocity row 120 IC 113 x0=0.656668 velocity_parameter=0.97 status=collision: trajectory reached the configured collision radius
svg -> /mnt/c/Users/payne/Code/Hill_4BP/professional_neck_studies/e1_dense_001/survey/level_000_delta_1e_minus_2/closed/shard_0005/preview.svg
metadata -> /mnt/c/Users/payne/Code/Hill_4BP/professional_neck_studies/e1_dense_001/survey/level_000_delta_1e_minus_2/closed/shard_0005/metadata.txt
wrote 39 points (0 ICs skipped, 2299 orbits stopped early, elapsed=79.9409s) -> /mnt/c/Users/payne/Code/Hill_4BP/professional_neck_studies/e1_dense_001/survey/level_000_delta_1e_minus_2/closed/shard_0005/points.csv
outcomes: collision=2299 completed=0 forbidden=0 inner_radius_limit=0 invalid_initial_radius=0 invalid_velocity=0 nontransverse=0 numerical_failure=0 outer_limit=0 timeout=0
maximum sampled |H-h|=2.36073e-15
