zero-velocity boundary -> /mnt/c/Users/payne/Code/Hill_4BP/professional_neck_studies/e1_dense_001/survey/level_001_delta_1e_minus_3/open/shard_0017/zero_velocity_boundary.csv
lambda1=0.0272549 lambda2=2.97275 A=-0.986373 B=0.486373 c=0.0976566 c1=0 c2=0 c3=-0.0976566 h=-2.39054 (C=4.78107)
E1/E2 neck h=-2.39154 (C=4.78307), E3/E4 neck h=-0.454039 (C=0.908078)
energy_mode=neck_delta neck=E1 hcrit=-2.39154 delta=0.001 side=open actual_neck_side=open delta_h=0.001
x_count=600 xdot_count=121 iterates=250 index range=[323,341] velocity_mode=fraction x_range=[0.722563,0.858546] max_return_time=100
smooth coordinates R=sqrt(rho), CAPD crossing mode=Both solver_order=28 max_step=0.005 abs_tol=1e-15 rel_tol=1e-13 collision_radius=1e-06 outer_radius=5
velocity row 0/120 IC 323/599 x0=0.79589 velocity_parameter=-0.97 elapsed=2.11e-07s written=0
  crossing 0/250
  stopped velocity row 0 IC 323 x0=0.79589 velocity_parameter=-0.97 status=collision: trajectory reached the configured collision radius
  stopped velocity row 0 IC 324 x0=0.796117 velocity_parameter=-0.97 status=collision: trajectory reached the configured collision radius
  stopped velocity row 0 IC 325 x0=0.796344 velocity_parameter=-0.97 status=collision: trajectory reached the configured collision radius
  stopped velocity row 0 IC 326 x0=0.796571 velocity_parameter=-0.97 status=collision: trajectory reached the configured collision radius
  stopped velocity row 0 IC 327 x0=0.796798 velocity_parameter=-0.97 status=collision: trajectory reached the configured collision radius
  stopped velocity row 0 IC 328 x0=0.797025 velocity_parameter=-0.97 status=collision: trajectory reached the configured collision radius
  stopped velocity row 0 IC 329 x0=0.797252 velocity_parameter=-0.97 status=collision: trajectory reached the configured collision radius
  stopped velocity row 0 IC 330 x0=0.797479 velocity_parameter=-0.97 status=collision: trajectory reached the configured collision radius
  stopped velocity row 0 IC 331 x0=0.797706 velocity_parameter=-0.97 status=collision: trajectory reached the configured collision radius
  stopped velocity row 0 IC 332 x0=0.797933 velocity_parameter=-0.97 status=collision: trajectory reached the configured collision radius
velocity row 0/120 IC 333/599 x0=0.79816 velocity_parameter=-0.97 elapsed=0.886667s written=0
  crossing 0/250
  stopped velocity row 0 IC 333 x0=0.79816 velocity_parameter=-0.97 status=collision: trajectory reached the configured collision radius
velocity row 0/120 IC 341/599 x0=0.799976 velocity_parameter=-0.97 elapsed=1.54841s written=0
  crossing 0/250
  stopped velocity row 0 IC 341 x0=0.799976 velocity_parameter=-0.97 status=collision: trajectory reached the configured collision radius
velocity row 1/120 IC 323/599 x0=0.79589 velocity_parameter=-0.953833 elapsed=1.63349s written=0
  crossing 0/250
  stopped velocity row 1 IC 323 x0=0.79589 velocity_parameter=-0.953833 status=collision: trajectory reached the configured collision radius
velocity row 1/120 IC 333/599 x0=0.79816 velocity_parameter=-0.953833 elapsed=2.46352s written=0
  crossing 0/250
  stopped velocity row 1 IC 333 x0=0.79816 velocity_parameter=-0.953833 status=collision: trajectory reached the configured collision radius
velocity row 1/120 IC 341/599 x0=0.799976 velocity_parameter=-0.953833 elapsed=3.12533s written=0
  crossing 0/250
  stopped velocity row 1 IC 341 x0=0.799976 velocity_parameter=-0.953833 status=collision: trajectory reached the configured collision radius
velocity row 2/120 IC 323/599 x0=0.79589 velocity_parameter=-0.937667 elapsed=3.21183s written=0
  crossing 0/250
  stopped velocity row 2 IC 323 x0=0.79589 velocity_parameter=-0.937667 status=collision: trajectory reached the configured collision radius
velocity row 2/120 IC 333/599 x0=0.79816 velocity_parameter=-0.937667 elapsed=4.02767s written=0
  crossing 0/250
  stopped velocity row 2 IC 333 x0=0.79816 velocity_parameter=-0.937667 status=collision: trajectory reached the configured collision radius
velocity row 2/120 IC 341/599 x0=0.799976 velocity_parameter=-0.937667 elapsed=4.72175s written=0
  crossing 0/250
  stopped velocity row 2 IC 341 x0=0.799976 velocity_parameter=-0.937667 status=collision: trajectory reached the configured collision radius
velocity row 3/120 IC 323/599 x0=0.79589 velocity_parameter=-0.9215 elapsed=4.8037s written=0
  crossing 0/250
  stopped velocity row 3 IC 323 x0=0.79589 velocity_parameter=-0.9215 status=collision: trajectory reached the configured collision radius
velocity row 3/120 IC 333/599 x0=0.79816 velocity_parameter=-0.9215 elapsed=5.6519s written=0
  crossing 0/250
  stopped velocity row 3 IC 333 x0=0.79816 velocity_parameter=-0.9215 status=collision: trajectory reached the configured collision radius
velocity row 3/120 IC 341/599 x0=0.799976 velocity_parameter=-0.9215 elapsed=6.30811s written=0
  crossing 0/250
  stopped velocity row 3 IC 341 x0=0.799976 velocity_parameter=-0.9215 status=collision: trajectory reached the configured collision radius
velocity row 4/120 IC 323/599 x0=0.79589 velocity_parameter=-0.905333 elapsed=6.39197s written=0
  crossing 0/250
  stopped velocity row 4 IC 323 x0=0.79589 velocity_parameter=-0.905333 status=collision: trajectory reached the configured collision radius
velocity row 4/120 IC 333/599 x0=0.79816 velocity_parameter=-0.905333 elapsed=7.21599s written=0
  crossing 0/250
  stopped velocity row 4 IC 333 x0=0.79816 velocity_parameter=-0.905333 status=collision: trajectory reached the configured collision radius
velocity row 4/120 IC 341/599 x0=0.799976 velocity_parameter=-0.905333 elapsed=7.88063s written=0
  crossing 0/250
  stopped velocity row 4 IC 341 x0=0.799976 velocity_parameter=-0.905333 status=collision: trajectory reached the configured collision radius
velocity row 5/120 IC 323/599 x0=0.79589 velocity_parameter=-0.889167 elapsed=7.96596s written=0
  crossing 0/250
  stopped velocity row 5 IC 323 x0=0.79589 velocity_parameter=-0.889167 status=collision: trajectory reached the configured collision radius
velocity row 5/120 IC 333/599 x0=0.79816 velocity_parameter=-0.889167 elapsed=8.79733s written=0
  crossing 0/250
  stopped velocity row 5 IC 333 x0=0.79816 velocity_parameter=-0.889167 status=collision: trajectory reached the configured collision radius
velocity row 5/120 IC 341/599 x0=0.799976 velocity_parameter=-0.889167 elapsed=9.41869s written=1
  crossing 0/250
  stopped velocity row 5 IC 341 x0=0.799976 velocity_parameter=-0.889167 status=outer_limit: trajectory reached the configured outer_limit radius
velocity row 6/120 IC 323/599 x0=0.79589 velocity_parameter=-0.873 elapsed=9.43415s written=1
  crossing 0/250
  stopped velocity row 6 IC 323 x0=0.79589 velocity_parameter=-0.873 status=collision: trajectory reached the configured collision radius
velocity row 6/120 IC 333/599 x0=0.79816 velocity_parameter=-0.873 elapsed=10.205s written=1
  crossing 0/250
  stopped velocity row 6 IC 333 x0=0.79816 velocity_parameter=-0.873 status=collision: trajectory reached the configured collision radius
velocity row 6/120 IC 341/599 x0=0.799976 velocity_parameter=-0.873 elapsed=10.5884s written=2
  crossing 0/250
  stopped velocity row 6 IC 341 x0=0.799976 velocity_parameter=-0.873 status=outer_limit: trajectory reached the configured outer_limit radius
velocity row 7/120 IC 323/599 x0=0.79589 velocity_parameter=-0.856833 elapsed=10.5987s written=2
  crossing 0/250
  stopped velocity row 7 IC 323 x0=0.79589 velocity_parameter=-0.856833 status=collision: trajectory reached the configured collision radius
velocity row 7/120 IC 333/599 x0=0.79816 velocity_parameter=-0.856833 elapsed=11.3943s written=2
  crossing 0/250
  stopped velocity row 7 IC 333 x0=0.79816 velocity_parameter=-0.856833 status=collision: trajectory reached the configured collision radius
velocity row 7/120 IC 341/599 x0=0.799976 velocity_parameter=-0.856833 elapsed=11.5473s written=2
  crossing 0/250
  stopped velocity row 7 IC 341 x0=0.799976 velocity_parameter=-0.856833 status=outer_limit: trajectory reached the configured outer_limit radius
velocity row 8/120 IC 323/599 x0=0.79589 velocity_parameter=-0.840667 elapsed=11.5566s written=2
  crossing 0/250
  stopped velocity row 8 IC 323 x0=0.79589 velocity_parameter=-0.840667 status=collision: trajectory reached the configured collision radius
velocity row 8/120 IC 333/599 x0=0.79816 velocity_parameter=-0.840667 elapsed=12.226s written=3
  crossing 0/250
  stopped velocity row 8 IC 333 x0=0.79816 velocity_parameter=-0.840667 status=outer_limit: trajectory reached the configured outer_limit radius
velocity row 8/120 IC 341/599 x0=0.799976 velocity_parameter=-0.840667 elapsed=12.298s written=3
  crossing 0/250
  stopped velocity row 8 IC 341 x0=0.799976 velocity_parameter=-0.840667 status=outer_limit: trajectory reached the configured outer_limit radius
velocity row 9/120 IC 323/599 x0=0.79589 velocity_parameter=-0.8245 elapsed=12.3048s written=3
  crossing 0/250
  stopped velocity row 9 IC 323 x0=0.79589 velocity_parameter=-0.8245 status=collision: trajectory reached the configured collision radius
velocity row 9/120 IC 333/599 x0=0.79816 velocity_parameter=-0.8245 elapsed=12.8111s written=4
  crossing 0/250
  stopped velocity row 9 IC 333 x0=0.79816 velocity_parameter=-0.8245 status=outer_limit: trajectory reached the configured outer_limit radius
velocity row 9/120 IC 341/599 x0=0.799976 velocity_parameter=-0.8245 elapsed=12.8749s written=4
  crossing 0/250
  stopped velocity row 9 IC 341 x0=0.799976 velocity_parameter=-0.8245 status=outer_limit: trajectory reached the configured outer_limit radius
velocity row 10/120 IC 323/599 x0=0.79589 velocity_parameter=-0.808333 elapsed=12.8823s written=4
  crossing 0/250
  stopped velocity row 10 IC 323 x0=0.79589 velocity_parameter=-0.808333 status=collision: trajectory reached the configured collision radius
velocity row 10/120 IC 333/599 x0=0.79816 velocity_parameter=-0.808333 elapsed=13.2293s written=5
  crossing 0/250
  stopped velocity row 10 IC 333 x0=0.79816 velocity_parameter=-0.808333 status=outer_limit: trajectory reached the configured outer_limit radius
velocity row 10/120 IC 341/599 x0=0.799976 velocity_parameter=-0.808333 elapsed=13.2913s written=5
  crossing 0/250
  stopped velocity row 10 IC 341 x0=0.799976 velocity_parameter=-0.808333 status=outer_limit: trajectory reached the configured outer_limit radius
velocity row 11/120 IC 323/599 x0=0.79589 velocity_parameter=-0.792167 elapsed=13.2982s written=5
  crossing 0/250
  stopped velocity row 11 IC 323 x0=0.79589 velocity_parameter=-0.792167 status=collision: trajectory reached the configured collision radius
velocity row 11/120 IC 333/599 x0=0.79816 velocity_parameter=-0.792167 elapsed=13.5563s written=6
  crossing 0/250
  stopped velocity row 11 IC 333 x0=0.79816 velocity_parameter=-0.792167 status=outer_limit: trajectory reached the configured outer_limit radius
velocity row 11/120 IC 341/599 x0=0.799976 velocity_parameter=-0.792167 elapsed=13.6111s written=6
  crossing 0/250
  stopped velocity row 11 IC 341 x0=0.799976 velocity_parameter=-0.792167 status=outer_limit: trajectory reached the configured outer_limit radius
velocity row 12/120 IC 323/599 x0=0.79589 velocity_parameter=-0.776 elapsed=13.6181s written=6
  crossing 0/250
  stopped velocity row 12 IC 323 x0=0.79589 velocity_parameter=-0.776 status=collision: trajectory reached the configured collision radius
velocity row 12/120 IC 333/599 x0=0.79816 velocity_parameter=-0.776 elapsed=13.7729s written=6
  crossing 0/250
  stopped velocity row 12 IC 333 x0=0.79816 velocity_parameter=-0.776 status=outer_limit: trajectory reached the configured outer_limit radius
velocity row 12/120 IC 341/599 x0=0.799976 velocity_parameter=-0.776 elapsed=13.8139s written=6
  crossing 0/250
  stopped velocity row 12 IC 341 x0=0.799976 velocity_parameter=-0.776 status=outer_limit: trajectory reached the configured outer_limit radius
velocity row 13/120 IC 323/599 x0=0.79589 velocity_parameter=-0.759833 elapsed=13.8216s written=6
  crossing 0/250
  stopped velocity row 13 IC 323 x0=0.79589 velocity_parameter=-0.759833 status=outer_limit: trajectory reached the configured outer_limit radius
velocity row 13/120 IC 333/599 x0=0.79816 velocity_parameter=-0.759833 elapsed=13.8925s written=6
  crossing 0/250
  stopped velocity row 13 IC 333 x0=0.79816 velocity_parameter=-0.759833 status=outer_limit: trajectory reached the configured outer_limit radius
velocity row 13/120 IC 341/599 x0=0.799976 velocity_parameter=-0.759833 elapsed=13.9467s written=6
  crossing 0/250
  stopped velocity row 13 IC 341 x0=0.799976 velocity_parameter=-0.759833 status=outer_limit: trajectory reached the configured outer_limit radius
velocity row 14/120 IC 323/599 x0=0.79589 velocity_parameter=-0.743667 elapsed=13.953s written=6
  crossing 0/250
  stopped velocity row 14 IC 323 x0=0.79589 velocity_parameter=-0.743667 status=outer_limit: trajectory reached the configured outer_limit radius
velocity row 14/120 IC 333/599 x0=0.79816 velocity_parameter=-0.743667 elapsed=14.0213s written=6
  crossing 0/250
  stopped velocity row 14 IC 333 x0=0.79816 velocity_parameter=-0.743667 status=outer_limit: trajectory reached the configured outer_limit radius
velocity row 14/120 IC 341/599 x0=0.799976 velocity_parameter=-0.743667 elapsed=14.07s written=6
  crossing 0/250
  stopped velocity row 14 IC 341 x0=0.799976 velocity_parameter=-0.743667 status=outer_limit: trajectory reached the configured outer_limit radius
velocity row 15/120 IC 323/599 x0=0.79589 velocity_parameter=-0.7275 elapsed=14.0752s written=6
  crossing 0/250
  stopped velocity row 15 IC 323 x0=0.79589 velocity_parameter=-0.7275 status=outer_limit: trajectory reached the configured outer_limit radius
velocity row 15/120 IC 333/599 x0=0.79816 velocity_parameter=-0.7275 elapsed=14.1368s written=6
  crossing 0/250
  stopped velocity row 15 IC 333 x0=0.79816 velocity_parameter=-0.7275 status=outer_limit: trajectory reached the configured outer_limit radius
velocity row 15/120 IC 341/599 x0=0.799976 velocity_parameter=-0.7275 elapsed=14.1848s written=6
  crossing 0/250
  stopped velocity row 15 IC 341 x0=0.799976 velocity_parameter=-0.7275 status=outer_limit: trajectory reached the configured outer_limit radius
velocity row 16/120 IC 323/599 x0=0.79589 velocity_parameter=-0.711333 elapsed=14.192s written=6
  crossing 0/250
  stopped velocity row 16 IC 323 x0=0.79589 velocity_parameter=-0.711333 status=outer_limit: trajectory reached the configured outer_limit radius
velocity row 16/120 IC 333/599 x0=0.79816 velocity_parameter=-0.711333 elapsed=14.2461s written=6
  crossing 0/250
  stopped velocity row 16 IC 333 x0=0.79816 velocity_parameter=-0.711333 status=outer_limit: trajectory reached the configured outer_limit radius
velocity row 16/120 IC 341/599 x0=0.799976 velocity_parameter=-0.711333 elapsed=14.286s written=6
  crossing 0/250
  stopped velocity row 16 IC 341 x0=0.799976 velocity_parameter=-0.711333 status=outer_limit: trajectory reached the configured outer_limit radius
velocity row 17/120 IC 323/599 x0=0.79589 velocity_parameter=-0.695167 elapsed=14.2901s written=6
  crossing 0/250
  stopped velocity row 17 IC 323 x0=0.79589 velocity_parameter=-0.695167 status=outer_limit: trajectory reached the configured outer_limit radius
velocity row 17/120 IC 333/599 x0=0.79816 velocity_parameter=-0.695167 elapsed=14.3541s written=6
  crossing 0/250
  stopped velocity row 17 IC 333 x0=0.79816 velocity_parameter=-0.695167 status=outer_limit: trajectory reached the configured outer_limit radius
velocity row 17/120 IC 341/599 x0=0.799976 velocity_parameter=-0.695167 elapsed=14.4014s written=6
  crossing 0/250
  stopped velocity row 17 IC 341 x0=0.799976 velocity_parameter=-0.695167 status=outer_limit: trajectory reached the configured outer_limit radius
velocity row 18/120 IC 323/599 x0=0.79589 velocity_parameter=-0.679 elapsed=14.4052s written=6
  crossing 0/250
  stopped velocity row 18 IC 323 x0=0.79589 velocity_parameter=-0.679 status=outer_limit: trajectory reached the configured outer_limit radius
velocity row 18/120 IC 333/599 x0=0.79816 velocity_parameter=-0.679 elapsed=14.4622s written=6
  crossing 0/250
  stopped velocity row 18 IC 333 x0=0.79816 velocity_parameter=-0.679 status=outer_limit: trajectory reached the configured outer_limit radius
velocity row 18/120 IC 341/599 x0=0.799976 velocity_parameter=-0.679 elapsed=14.506s written=6
  crossing 0/250
  stopped velocity row 18 IC 341 x0=0.799976 velocity_parameter=-0.679 status=outer_limit: trajectory reached the configured outer_limit radius
velocity row 19/120 IC 323/599 x0=0.79589 velocity_parameter=-0.662833 elapsed=14.5097s written=6
  crossing 0/250
  stopped velocity row 19 IC 323 x0=0.79589 velocity_parameter=-0.662833 status=outer_limit: trajectory reached the configured outer_limit radius
velocity row 19/120 IC 333/599 x0=0.79816 velocity_parameter=-0.662833 elapsed=14.5568s written=6
  crossing 0/250
  stopped velocity row 19 IC 333 x0=0.79816 velocity_parameter=-0.662833 status=outer_limit: trajectory reached the configured outer_limit radius
velocity row 19/120 IC 341/599 x0=0.799976 velocity_parameter=-0.662833 elapsed=14.5908s written=6
  crossing 0/250
  stopped velocity row 19 IC 341 x0=0.799976 velocity_parameter=-0.662833 status=outer_limit: trajectory reached the configured outer_limit radius
velocity row 20/120 IC 323/599 x0=0.79589 velocity_parameter=-0.646667 elapsed=14.5947s written=6
  crossing 0/250
  stopped velocity row 20 IC 323 x0=0.79589 velocity_parameter=-0.646667 status=outer_limit: trajectory reached the configured outer_limit radius
velocity row 20/120 IC 333/599 x0=0.79816 velocity_parameter=-0.646667 elapsed=14.6501s written=6
  crossing 0/250
  stopped velocity row 20 IC 333 x0=0.79816 velocity_parameter=-0.646667 status=outer_limit: trajectory reached the configured outer_limit radius
velocity row 20/120 IC 341/599 x0=0.799976 velocity_parameter=-0.646667 elapsed=14.7016s written=6
  crossing 0/250
  stopped velocity row 20 IC 341 x0=0.799976 velocity_parameter=-0.646667 status=outer_limit: trajectory reached the configured outer_limit radius
velocity row 21/120 IC 323/599 x0=0.79589 velocity_parameter=-0.6305 elapsed=14.7068s written=6
  crossing 0/250
  stopped velocity row 21 IC 323 x0=0.79589 velocity_parameter=-0.6305 status=outer_limit: trajectory reached the configured outer_limit radius
velocity row 21/120 IC 333/599 x0=0.79816 velocity_parameter=-0.6305 elapsed=14.7682s written=6
  crossing 0/250
  stopped velocity row 21 IC 333 x0=0.79816 velocity_parameter=-0.6305 status=outer_limit: trajectory reached the configured outer_limit radius
velocity row 21/120 IC 341/599 x0=0.799976 velocity_parameter=-0.6305 elapsed=14.8036s written=6
  crossing 0/250
  stopped velocity row 21 IC 341 x0=0.799976 velocity_parameter=-0.6305 status=outer_limit: trajectory reached the configured outer_limit radius
velocity row 22/120 IC 323/599 x0=0.79589 velocity_parameter=-0.614333 elapsed=14.8099s written=6
  crossing 0/250
  stopped velocity row 22 IC 323 x0=0.79589 velocity_parameter=-0.614333 status=outer_limit: trajectory reached the configured outer_limit radius
velocity row 22/120 IC 333/599 x0=0.79816 velocity_parameter=-0.614333 elapsed=14.8635s written=6
  crossing 0/250
  stopped velocity row 22 IC 333 x0=0.79816 velocity_parameter=-0.614333 status=outer_limit: trajectory reached the configured outer_limit radius
velocity row 22/120 IC 341/599 x0=0.799976 velocity_parameter=-0.614333 elapsed=14.9098s written=6
  crossing 0/250
  stopped velocity row 22 IC 341 x0=0.799976 velocity_parameter=-0.614333 status=outer_limit: trajectory reached the configured outer_limit radius
velocity row 23/120 IC 323/599 x0=0.79589 velocity_parameter=-0.598167 elapsed=14.9164s written=6
  crossing 0/250
  stopped velocity row 23 IC 323 x0=0.79589 velocity_parameter=-0.598167 status=outer_limit: trajectory reached the configured outer_limit radius
velocity row 23/120 IC 333/599 x0=0.79816 velocity_parameter=-0.598167 elapsed=14.9611s written=6
  crossing 0/250
  stopped velocity row 23 IC 333 x0=0.79816 velocity_parameter=-0.598167 status=outer_limit: trajectory reached the configured outer_limit radius
velocity row 23/120 IC 341/599 x0=0.799976 velocity_parameter=-0.598167 elapsed=14.9986s written=6
  crossing 0/250
  stopped velocity row 23 IC 341 x0=0.799976 velocity_parameter=-0.598167 status=outer_limit: trajectory reached the configured outer_limit radius
velocity row 24/120 IC 323/599 x0=0.79589 velocity_parameter=-0.582 elapsed=15.0044s written=6
  crossing 0/250
  stopped velocity row 24 IC 323 x0=0.79589 velocity_parameter=-0.582 status=outer_limit: trajectory reached the configured outer_limit radius
velocity row 24/120 IC 333/599 x0=0.79816 velocity_parameter=-0.582 elapsed=15.0551s written=6
  crossing 0/250
  stopped velocity row 24 IC 333 x0=0.79816 velocity_parameter=-0.582 status=outer_limit: trajectory reached the configured outer_limit radius
velocity row 24/120 IC 341/599 x0=0.799976 velocity_parameter=-0.582 elapsed=15.095s written=6
  crossing 0/250
  stopped velocity row 24 IC 341 x0=0.799976 velocity_parameter=-0.582 status=outer_limit: trajectory reached the configured outer_limit radius
velocity row 25/120 IC 323/599 x0=0.79589 velocity_parameter=-0.565833 elapsed=15.0985s written=6
  crossing 0/250
  stopped velocity row 25 IC 323 x0=0.79589 velocity_parameter=-0.565833 status=outer_limit: trajectory reached the configured outer_limit radius
velocity row 25/120 IC 333/599 x0=0.79816 velocity_parameter=-0.565833 elapsed=15.1527s written=6
  crossing 0/250
  stopped velocity row 25 IC 333 x0=0.79816 velocity_parameter=-0.565833 status=outer_limit: trajectory reached the configured outer_limit radius
velocity row 25/120 IC 341/599 x0=0.799976 velocity_parameter=-0.565833 elapsed=15.1923s written=6
  crossing 0/250
  stopped velocity row 25 IC 341 x0=0.799976 velocity_parameter=-0.565833 status=outer_limit: trajectory reached the configured outer_limit radius
velocity row 26/120 IC 323/599 x0=0.79589 velocity_parameter=-0.549667 elapsed=15.1969s written=6
  crossing 0/250
  stopped velocity row 26 IC 323 x0=0.79589 velocity_parameter=-0.549667 status=outer_limit: trajectory reached the configured outer_limit radius
velocity row 26/120 IC 333/599 x0=0.79816 velocity_parameter=-0.549667 elapsed=15.2472s written=6
  crossing 0/250
  stopped velocity row 26 IC 333 x0=0.79816 velocity_parameter=-0.549667 status=outer_limit: trajectory reached the configured outer_limit radius
velocity row 26/120 IC 341/599 x0=0.799976 velocity_parameter=-0.549667 elapsed=15.2854s written=6
  crossing 0/250
  stopped velocity row 26 IC 341 x0=0.799976 velocity_parameter=-0.549667 status=outer_limit: trajectory reached the configured outer_limit radius
velocity row 27/120 IC 323/599 x0=0.79589 velocity_parameter=-0.5335 elapsed=15.2899s written=6
  crossing 0/250
  stopped velocity row 27 IC 323 x0=0.79589 velocity_parameter=-0.5335 status=outer_limit: trajectory reached the configured outer_limit radius
velocity row 27/120 IC 333/599 x0=0.79816 velocity_parameter=-0.5335 elapsed=15.3505s written=6
  crossing 0/250
  stopped velocity row 27 IC 333 x0=0.79816 velocity_parameter=-0.5335 status=outer_limit: trajectory reached the configured outer_limit radius
velocity row 27/120 IC 341/599 x0=0.799976 velocity_parameter=-0.5335 elapsed=15.3838s written=6
  crossing 0/250
  stopped velocity row 27 IC 341 x0=0.799976 velocity_parameter=-0.5335 status=outer_limit: trajectory reached the configured outer_limit radius
velocity row 28/120 IC 323/599 x0=0.79589 velocity_parameter=-0.517333 elapsed=15.3873s written=6
  crossing 0/250
  stopped velocity row 28 IC 323 x0=0.79589 velocity_parameter=-0.517333 status=outer_limit: trajectory reached the configured outer_limit radius
velocity row 28/120 IC 333/599 x0=0.79816 velocity_parameter=-0.517333 elapsed=15.4322s written=6
  crossing 0/250
  stopped velocity row 28 IC 333 x0=0.79816 velocity_parameter=-0.517333 status=outer_limit: trajectory reached the configured outer_limit radius
velocity row 28/120 IC 341/599 x0=0.799976 velocity_parameter=-0.517333 elapsed=15.4746s written=6
  crossing 0/250
  stopped velocity row 28 IC 341 x0=0.799976 velocity_parameter=-0.517333 status=outer_limit: trajectory reached the configured outer_limit radius
velocity row 29/120 IC 323/599 x0=0.79589 velocity_parameter=-0.501167 elapsed=15.4785s written=6
  crossing 0/250
  stopped velocity row 29 IC 323 x0=0.79589 velocity_parameter=-0.501167 status=outer_limit: trajectory reached the configured outer_limit radius
velocity row 29/120 IC 333/599 x0=0.79816 velocity_parameter=-0.501167 elapsed=15.5229s written=6
  crossing 0/250
  stopped velocity row 29 IC 333 x0=0.79816 velocity_parameter=-0.501167 status=outer_limit: trajectory reached the configured outer_limit radius
velocity row 29/120 IC 341/599 x0=0.799976 velocity_parameter=-0.501167 elapsed=15.5641s written=6
  crossing 0/250
  stopped velocity row 29 IC 341 x0=0.799976 velocity_parameter=-0.501167 status=outer_limit: trajectory reached the configured outer_limit radius
velocity row 30/120 IC 323/599 x0=0.79589 velocity_parameter=-0.485 elapsed=15.5694s written=6
  crossing 0/250
  stopped velocity row 30 IC 323 x0=0.79589 velocity_parameter=-0.485 status=outer_limit: trajectory reached the configured outer_limit radius
velocity row 30/120 IC 333/599 x0=0.79816 velocity_parameter=-0.485 elapsed=15.6111s written=6
  crossing 0/250
  stopped velocity row 30 IC 333 x0=0.79816 velocity_parameter=-0.485 status=outer_limit: trajectory reached the configured outer_limit radius
velocity row 30/120 IC 341/599 x0=0.799976 velocity_parameter=-0.485 elapsed=15.6394s written=6
  crossing 0/250
  stopped velocity row 30 IC 341 x0=0.799976 velocity_parameter=-0.485 status=outer_limit: trajectory reached the configured outer_limit radius
velocity row 31/120 IC 323/599 x0=0.79589 velocity_parameter=-0.468833 elapsed=15.643s written=6
  crossing 0/250
  stopped velocity row 31 IC 323 x0=0.79589 velocity_parameter=-0.468833 status=outer_limit: trajectory reached the configured outer_limit radius
velocity row 31/120 IC 333/599 x0=0.79816 velocity_parameter=-0.468833 elapsed=15.6891s written=6
  crossing 0/250
  stopped velocity row 31 IC 333 x0=0.79816 velocity_parameter=-0.468833 status=outer_limit: trajectory reached the configured outer_limit radius
velocity row 31/120 IC 341/599 x0=0.799976 velocity_parameter=-0.468833 elapsed=15.7312s written=6
  crossing 0/250
  stopped velocity row 31 IC 341 x0=0.799976 velocity_parameter=-0.468833 status=outer_limit: trajectory reached the configured outer_limit radius
velocity row 32/120 IC 323/599 x0=0.79589 velocity_parameter=-0.452667 elapsed=15.7371s written=6
  crossing 0/250
  stopped velocity row 32 IC 323 x0=0.79589 velocity_parameter=-0.452667 status=outer_limit: trajectory reached the configured outer_limit radius
velocity row 32/120 IC 333/599 x0=0.79816 velocity_parameter=-0.452667 elapsed=15.781s written=6
  crossing 0/250
  stopped velocity row 32 IC 333 x0=0.79816 velocity_parameter=-0.452667 status=outer_limit: trajectory reached the configured outer_limit radius
velocity row 32/120 IC 341/599 x0=0.799976 velocity_parameter=-0.452667 elapsed=15.807s written=6
  crossing 0/250
  stopped velocity row 32 IC 341 x0=0.799976 velocity_parameter=-0.452667 status=outer_limit: trajectory reached the configured outer_limit radius
velocity row 33/120 IC 323/599 x0=0.79589 velocity_parameter=-0.4365 elapsed=15.8102s written=6
  crossing 0/250
  stopped velocity row 33 IC 323 x0=0.79589 velocity_parameter=-0.4365 status=outer_limit: trajectory reached the configured outer_limit radius
velocity row 33/120 IC 333/599 x0=0.79816 velocity_parameter=-0.4365 elapsed=15.85s written=6
  crossing 0/250
  stopped velocity row 33 IC 333 x0=0.79816 velocity_parameter=-0.4365 status=outer_limit: trajectory reached the configured outer_limit radius
velocity row 33/120 IC 341/599 x0=0.799976 velocity_parameter=-0.4365 elapsed=15.8837s written=6
  crossing 0/250
  stopped velocity row 33 IC 341 x0=0.799976 velocity_parameter=-0.4365 status=outer_limit: trajectory reached the configured outer_limit radius
velocity row 34/120 IC 323/599 x0=0.79589 velocity_parameter=-0.420333 elapsed=15.8891s written=6
  crossing 0/250
  stopped velocity row 34 IC 323 x0=0.79589 velocity_parameter=-0.420333 status=outer_limit: trajectory reached the configured outer_limit radius
velocity row 34/120 IC 333/599 x0=0.79816 velocity_parameter=-0.420333 elapsed=15.9426s written=6
  crossing 0/250
  stopped velocity row 34 IC 333 x0=0.79816 velocity_parameter=-0.420333 status=outer_limit: trajectory reached the configured outer_limit radius
velocity row 34/120 IC 341/599 x0=0.799976 velocity_parameter=-0.420333 elapsed=15.9751s written=6
  crossing 0/250
  stopped velocity row 34 IC 341 x0=0.799976 velocity_parameter=-0.420333 status=outer_limit: trajectory reached the configured outer_limit radius
velocity row 35/120 IC 323/599 x0=0.79589 velocity_parameter=-0.404167 elapsed=15.9787s written=6
  crossing 0/250
  stopped velocity row 35 IC 323 x0=0.79589 velocity_parameter=-0.404167 status=outer_limit: trajectory reached the configured outer_limit radius
velocity row 35/120 IC 333/599 x0=0.79816 velocity_parameter=-0.404167 elapsed=16.0267s written=6
  crossing 0/250
  stopped velocity row 35 IC 333 x0=0.79816 velocity_parameter=-0.404167 status=outer_limit: trajectory reached the configured outer_limit radius
velocity row 35/120 IC 341/599 x0=0.799976 velocity_parameter=-0.404167 elapsed=16.0611s written=6
  crossing 0/250
  stopped velocity row 35 IC 341 x0=0.799976 velocity_parameter=-0.404167 status=outer_limit: trajectory reached the configured outer_limit radius
velocity row 36/120 IC 323/599 x0=0.79589 velocity_parameter=-0.388 elapsed=16.0645s written=6
  crossing 0/250
  stopped velocity row 36 IC 323 x0=0.79589 velocity_parameter=-0.388 status=outer_limit: trajectory reached the configured outer_limit radius
velocity row 36/120 IC 333/599 x0=0.79816 velocity_parameter=-0.388 elapsed=16.1156s written=6
  crossing 0/250
  stopped velocity row 36 IC 333 x0=0.79816 velocity_parameter=-0.388 status=outer_limit: trajectory reached the configured outer_limit radius
velocity row 36/120 IC 341/599 x0=0.799976 velocity_parameter=-0.388 elapsed=16.1476s written=6
  crossing 0/250
  stopped velocity row 36 IC 341 x0=0.799976 velocity_parameter=-0.388 status=outer_limit: trajectory reached the configured outer_limit radius
velocity row 37/120 IC 323/599 x0=0.79589 velocity_parameter=-0.371833 elapsed=16.151s written=6
  crossing 0/250
  stopped velocity row 37 IC 323 x0=0.79589 velocity_parameter=-0.371833 status=outer_limit: trajectory reached the configured outer_limit radius
velocity row 37/120 IC 333/599 x0=0.79816 velocity_parameter=-0.371833 elapsed=16.1993s written=6
  crossing 0/250
  stopped velocity row 37 IC 333 x0=0.79816 velocity_parameter=-0.371833 status=outer_limit: trajectory reached the configured outer_limit radius
velocity row 37/120 IC 341/599 x0=0.799976 velocity_parameter=-0.371833 elapsed=16.2308s written=6
  crossing 0/250
  stopped velocity row 37 IC 341 x0=0.799976 velocity_parameter=-0.371833 status=outer_limit: trajectory reached the configured outer_limit radius
velocity row 38/120 IC 323/599 x0=0.79589 velocity_parameter=-0.355667 elapsed=16.234s written=6
  crossing 0/250
  stopped velocity row 38 IC 323 x0=0.79589 velocity_parameter=-0.355667 status=outer_limit: trajectory reached the configured outer_limit radius
velocity row 38/120 IC 333/599 x0=0.79816 velocity_parameter=-0.355667 elapsed=16.2675s written=6
  crossing 0/250
  stopped velocity row 38 IC 333 x0=0.79816 velocity_parameter=-0.355667 status=outer_limit: trajectory reached the configured outer_limit radius
velocity row 38/120 IC 341/599 x0=0.799976 velocity_parameter=-0.355667 elapsed=16.2954s written=6
  crossing 0/250
  stopped velocity row 38 IC 341 x0=0.799976 velocity_parameter=-0.355667 status=outer_limit: trajectory reached the configured outer_limit radius
velocity row 39/120 IC 323/599 x0=0.79589 velocity_parameter=-0.3395 elapsed=16.2997s written=6
  crossing 0/250
  stopped velocity row 39 IC 323 x0=0.79589 velocity_parameter=-0.3395 status=outer_limit: trajectory reached the configured outer_limit radius
velocity row 39/120 IC 333/599 x0=0.79816 velocity_parameter=-0.3395 elapsed=16.3413s written=6
  crossing 0/250
  stopped velocity row 39 IC 333 x0=0.79816 velocity_parameter=-0.3395 status=outer_limit: trajectory reached the configured outer_limit radius
velocity row 39/120 IC 341/599 x0=0.799976 velocity_parameter=-0.3395 elapsed=16.368s written=6
  crossing 0/250
  stopped velocity row 39 IC 341 x0=0.799976 velocity_parameter=-0.3395 status=outer_limit: trajectory reached the configured outer_limit radius
velocity row 40/120 IC 323/599 x0=0.79589 velocity_parameter=-0.323333 elapsed=16.3712s written=6
  crossing 0/250
  stopped velocity row 40 IC 323 x0=0.79589 velocity_parameter=-0.323333 status=outer_limit: trajectory reached the configured outer_limit radius
velocity row 40/120 IC 333/599 x0=0.79816 velocity_parameter=-0.323333 elapsed=16.4197s written=6
  crossing 0/250
  stopped velocity row 40 IC 333 x0=0.79816 velocity_parameter=-0.323333 status=outer_limit: trajectory reached the configured outer_limit radius
velocity row 40/120 IC 341/599 x0=0.799976 velocity_parameter=-0.323333 elapsed=16.4531s written=6
  crossing 0/250
  stopped velocity row 40 IC 341 x0=0.799976 velocity_parameter=-0.323333 status=outer_limit: trajectory reached the configured outer_limit radius
velocity row 41/120 IC 323/599 x0=0.79589 velocity_parameter=-0.307167 elapsed=16.4587s written=6
  crossing 0/250
  stopped velocity row 41 IC 323 x0=0.79589 velocity_parameter=-0.307167 status=outer_limit: trajectory reached the configured outer_limit radius
velocity row 41/120 IC 333/599 x0=0.79816 velocity_parameter=-0.307167 elapsed=16.5084s written=6
  crossing 0/250
  stopped velocity row 41 IC 333 x0=0.79816 velocity_parameter=-0.307167 status=outer_limit: trajectory reached the configured outer_limit radius
velocity row 41/120 IC 341/599 x0=0.799976 velocity_parameter=-0.307167 elapsed=16.5459s written=6
  crossing 0/250
  stopped velocity row 41 IC 341 x0=0.799976 velocity_parameter=-0.307167 status=outer_limit: trajectory reached the configured outer_limit radius
velocity row 42/120 IC 323/599 x0=0.79589 velocity_parameter=-0.291 elapsed=16.549s written=6
  crossing 0/250
  stopped velocity row 42 IC 323 x0=0.79589 velocity_parameter=-0.291 status=outer_limit: trajectory reached the configured outer_limit radius
velocity row 42/120 IC 333/599 x0=0.79816 velocity_parameter=-0.291 elapsed=16.5924s written=6
  crossing 0/250
  stopped velocity row 42 IC 333 x0=0.79816 velocity_parameter=-0.291 status=outer_limit: trajectory reached the configured outer_limit radius
velocity row 42/120 IC 341/599 x0=0.799976 velocity_parameter=-0.291 elapsed=16.6255s written=6
  crossing 0/250
  stopped velocity row 42 IC 341 x0=0.799976 velocity_parameter=-0.291 status=outer_limit: trajectory reached the configured outer_limit radius
velocity row 43/120 IC 323/599 x0=0.79589 velocity_parameter=-0.274833 elapsed=16.6289s written=6
  crossing 0/250
  stopped velocity row 43 IC 323 x0=0.79589 velocity_parameter=-0.274833 status=outer_limit: trajectory reached the configured outer_limit radius
velocity row 43/120 IC 333/599 x0=0.79816 velocity_parameter=-0.274833 elapsed=16.6613s written=6
  crossing 0/250
  stopped velocity row 43 IC 333 x0=0.79816 velocity_parameter=-0.274833 status=outer_limit: trajectory reached the configured outer_limit radius
velocity row 43/120 IC 341/599 x0=0.799976 velocity_parameter=-0.274833 elapsed=16.6977s written=6
  crossing 0/250
  stopped velocity row 43 IC 341 x0=0.799976 velocity_parameter=-0.274833 status=outer_limit: trajectory reached the configured outer_limit radius
velocity row 44/120 IC 323/599 x0=0.79589 velocity_parameter=-0.258667 elapsed=16.7008s written=6
  crossing 0/250
  stopped velocity row 44 IC 323 x0=0.79589 velocity_parameter=-0.258667 status=outer_limit: trajectory reached the configured outer_limit radius
velocity row 44/120 IC 333/599 x0=0.79816 velocity_parameter=-0.258667 elapsed=16.7433s written=6
  crossing 0/250
  stopped velocity row 44 IC 333 x0=0.79816 velocity_parameter=-0.258667 status=outer_limit: trajectory reached the configured outer_limit radius
velocity row 44/120 IC 341/599 x0=0.799976 velocity_parameter=-0.258667 elapsed=16.7823s written=6
  crossing 0/250
  stopped velocity row 44 IC 341 x0=0.799976 velocity_parameter=-0.258667 status=outer_limit: trajectory reached the configured outer_limit radius
velocity row 45/120 IC 323/599 x0=0.79589 velocity_parameter=-0.2425 elapsed=16.7877s written=6
  crossing 0/250
  stopped velocity row 45 IC 323 x0=0.79589 velocity_parameter=-0.2425 status=outer_limit: trajectory reached the configured outer_limit radius
velocity row 45/120 IC 333/599 x0=0.79816 velocity_parameter=-0.2425 elapsed=16.8213s written=6
  crossing 0/250
  stopped velocity row 45 IC 333 x0=0.79816 velocity_parameter=-0.2425 status=outer_limit: trajectory reached the configured outer_limit radius
velocity row 45/120 IC 341/599 x0=0.799976 velocity_parameter=-0.2425 elapsed=16.8579s written=6
  crossing 0/250
  stopped velocity row 45 IC 341 x0=0.799976 velocity_parameter=-0.2425 status=outer_limit: trajectory reached the configured outer_limit radius
velocity row 46/120 IC 323/599 x0=0.79589 velocity_parameter=-0.226333 elapsed=16.861s written=6
  crossing 0/250
  stopped velocity row 46 IC 323 x0=0.79589 velocity_parameter=-0.226333 status=outer_limit: trajectory reached the configured outer_limit radius
velocity row 46/120 IC 333/599 x0=0.79816 velocity_parameter=-0.226333 elapsed=16.8998s written=6
  crossing 0/250
  stopped velocity row 46 IC 333 x0=0.79816 velocity_parameter=-0.226333 status=outer_limit: trajectory reached the configured outer_limit radius
velocity row 46/120 IC 341/599 x0=0.799976 velocity_parameter=-0.226333 elapsed=16.9327s written=6
  crossing 0/250
  stopped velocity row 46 IC 341 x0=0.799976 velocity_parameter=-0.226333 status=outer_limit: trajectory reached the configured outer_limit radius
velocity row 47/120 IC 323/599 x0=0.79589 velocity_parameter=-0.210167 elapsed=16.9358s written=6
  crossing 0/250
  stopped velocity row 47 IC 323 x0=0.79589 velocity_parameter=-0.210167 status=outer_limit: trajectory reached the configured outer_limit radius
velocity row 47/120 IC 333/599 x0=0.79816 velocity_parameter=-0.210167 elapsed=16.9774s written=6
  crossing 0/250
  stopped velocity row 47 IC 333 x0=0.79816 velocity_parameter=-0.210167 status=outer_limit: trajectory reached the configured outer_limit radius
velocity row 47/120 IC 341/599 x0=0.799976 velocity_parameter=-0.210167 elapsed=17.0068s written=6
  crossing 0/250
  stopped velocity row 47 IC 341 x0=0.799976 velocity_parameter=-0.210167 status=outer_limit: trajectory reached the configured outer_limit radius
velocity row 48/120 IC 323/599 x0=0.79589 velocity_parameter=-0.194 elapsed=17.0098s written=6
  crossing 0/250
  stopped velocity row 48 IC 323 x0=0.79589 velocity_parameter=-0.194 status=outer_limit: trajectory reached the configured outer_limit radius
velocity row 48/120 IC 333/599 x0=0.79816 velocity_parameter=-0.194 elapsed=17.0493s written=6
  crossing 0/250
  stopped velocity row 48 IC 333 x0=0.79816 velocity_parameter=-0.194 status=outer_limit: trajectory reached the configured outer_limit radius
velocity row 48/120 IC 341/599 x0=0.799976 velocity_parameter=-0.194 elapsed=17.0773s written=6
  crossing 0/250
  stopped velocity row 48 IC 341 x0=0.799976 velocity_parameter=-0.194 status=outer_limit: trajectory reached the configured outer_limit radius
velocity row 49/120 IC 323/599 x0=0.79589 velocity_parameter=-0.177833 elapsed=17.0805s written=6
  crossing 0/250
  stopped velocity row 49 IC 323 x0=0.79589 velocity_parameter=-0.177833 status=outer_limit: trajectory reached the configured outer_limit radius
velocity row 49/120 IC 333/599 x0=0.79816 velocity_parameter=-0.177833 elapsed=17.1253s written=6
  crossing 0/250
  stopped velocity row 49 IC 333 x0=0.79816 velocity_parameter=-0.177833 status=outer_limit: trajectory reached the configured outer_limit radius
velocity row 49/120 IC 341/599 x0=0.799976 velocity_parameter=-0.177833 elapsed=17.1574s written=6
  crossing 0/250
  stopped velocity row 49 IC 341 x0=0.799976 velocity_parameter=-0.177833 status=outer_limit: trajectory reached the configured outer_limit radius
velocity row 50/120 IC 323/599 x0=0.79589 velocity_parameter=-0.161667 elapsed=17.1629s written=6
  crossing 0/250
  stopped velocity row 50 IC 323 x0=0.79589 velocity_parameter=-0.161667 status=outer_limit: trajectory reached the configured outer_limit radius
velocity row 50/120 IC 333/599 x0=0.79816 velocity_parameter=-0.161667 elapsed=17.2038s written=6
  crossing 0/250
  stopped velocity row 50 IC 333 x0=0.79816 velocity_parameter=-0.161667 status=outer_limit: trajectory reached the configured outer_limit radius
velocity row 50/120 IC 341/599 x0=0.799976 velocity_parameter=-0.161667 elapsed=17.2357s written=6
  crossing 0/250
  stopped velocity row 50 IC 341 x0=0.799976 velocity_parameter=-0.161667 status=outer_limit: trajectory reached the configured outer_limit radius
velocity row 51/120 IC 323/599 x0=0.79589 velocity_parameter=-0.1455 elapsed=17.2392s written=6
  crossing 0/250
  stopped velocity row 51 IC 323 x0=0.79589 velocity_parameter=-0.1455 status=outer_limit: trajectory reached the configured outer_limit radius
velocity row 51/120 IC 333/599 x0=0.79816 velocity_parameter=-0.1455 elapsed=17.2768s written=6
  crossing 0/250
  stopped velocity row 51 IC 333 x0=0.79816 velocity_parameter=-0.1455 status=outer_limit: trajectory reached the configured outer_limit radius
velocity row 51/120 IC 341/599 x0=0.799976 velocity_parameter=-0.1455 elapsed=17.3058s written=6
  crossing 0/250
  stopped velocity row 51 IC 341 x0=0.799976 velocity_parameter=-0.1455 status=outer_limit: trajectory reached the configured outer_limit radius
velocity row 52/120 IC 323/599 x0=0.79589 velocity_parameter=-0.129333 elapsed=17.3088s written=6
  crossing 0/250
  stopped velocity row 52 IC 323 x0=0.79589 velocity_parameter=-0.129333 status=outer_limit: trajectory reached the configured outer_limit radius
velocity row 52/120 IC 333/599 x0=0.79816 velocity_parameter=-0.129333 elapsed=17.3457s written=6
  crossing 0/250
  stopped velocity row 52 IC 333 x0=0.79816 velocity_parameter=-0.129333 status=outer_limit: trajectory reached the configured outer_limit radius
velocity row 52/120 IC 341/599 x0=0.799976 velocity_parameter=-0.129333 elapsed=17.3732s written=6
  crossing 0/250
  stopped velocity row 52 IC 341 x0=0.799976 velocity_parameter=-0.129333 status=outer_limit: trajectory reached the configured outer_limit radius
velocity row 53/120 IC 323/599 x0=0.79589 velocity_parameter=-0.113167 elapsed=17.3762s written=6
  crossing 0/250
  stopped velocity row 53 IC 323 x0=0.79589 velocity_parameter=-0.113167 status=outer_limit: trajectory reached the configured outer_limit radius
velocity row 53/120 IC 333/599 x0=0.79816 velocity_parameter=-0.113167 elapsed=17.4118s written=6
  crossing 0/250
  stopped velocity row 53 IC 333 x0=0.79816 velocity_parameter=-0.113167 status=outer_limit: trajectory reached the configured outer_limit radius
velocity row 53/120 IC 341/599 x0=0.799976 velocity_parameter=-0.113167 elapsed=17.4361s written=6
  crossing 0/250
  stopped velocity row 53 IC 341 x0=0.799976 velocity_parameter=-0.113167 status=outer_limit: trajectory reached the configured outer_limit radius
velocity row 54/120 IC 323/599 x0=0.79589 velocity_parameter=-0.097 elapsed=17.4389s written=6
  crossing 0/250
  stopped velocity row 54 IC 323 x0=0.79589 velocity_parameter=-0.097 status=outer_limit: trajectory reached the configured outer_limit radius
velocity row 54/120 IC 333/599 x0=0.79816 velocity_parameter=-0.097 elapsed=17.4821s written=6
  crossing 0/250
  stopped velocity row 54 IC 333 x0=0.79816 velocity_parameter=-0.097 status=outer_limit: trajectory reached the configured outer_limit radius
velocity row 54/120 IC 341/599 x0=0.799976 velocity_parameter=-0.097 elapsed=17.5078s written=6
  crossing 0/250
  stopped velocity row 54 IC 341 x0=0.799976 velocity_parameter=-0.097 status=outer_limit: trajectory reached the configured outer_limit radius
velocity row 55/120 IC 323/599 x0=0.79589 velocity_parameter=-0.0808333 elapsed=17.5109s written=6
  crossing 0/250
  stopped velocity row 55 IC 323 x0=0.79589 velocity_parameter=-0.0808333 status=outer_limit: trajectory reached the configured outer_limit radius
velocity row 55/120 IC 333/599 x0=0.79816 velocity_parameter=-0.0808333 elapsed=17.5511s written=6
  crossing 0/250
  stopped velocity row 55 IC 333 x0=0.79816 velocity_parameter=-0.0808333 status=outer_limit: trajectory reached the configured outer_limit radius
velocity row 55/120 IC 341/599 x0=0.799976 velocity_parameter=-0.0808333 elapsed=17.5774s written=6
  crossing 0/250
  stopped velocity row 55 IC 341 x0=0.799976 velocity_parameter=-0.0808333 status=outer_limit: trajectory reached the configured outer_limit radius
velocity row 56/120 IC 323/599 x0=0.79589 velocity_parameter=-0.0646667 elapsed=17.5806s written=6
  crossing 0/250
  stopped velocity row 56 IC 323 x0=0.79589 velocity_parameter=-0.0646667 status=outer_limit: trajectory reached the configured outer_limit radius
velocity row 56/120 IC 333/599 x0=0.79816 velocity_parameter=-0.0646667 elapsed=17.6158s written=6
  crossing 0/250
  stopped velocity row 56 IC 333 x0=0.79816 velocity_parameter=-0.0646667 status=outer_limit: trajectory reached the configured outer_limit radius
velocity row 56/120 IC 341/599 x0=0.799976 velocity_parameter=-0.0646667 elapsed=17.6413s written=6
  crossing 0/250
  stopped velocity row 56 IC 341 x0=0.799976 velocity_parameter=-0.0646667 status=outer_limit: trajectory reached the configured outer_limit radius
velocity row 57/120 IC 323/599 x0=0.79589 velocity_parameter=-0.0485 elapsed=17.6443s written=6
  crossing 0/250
  stopped velocity row 57 IC 323 x0=0.79589 velocity_parameter=-0.0485 status=outer_limit: trajectory reached the configured outer_limit radius
velocity row 57/120 IC 333/599 x0=0.79816 velocity_parameter=-0.0485 elapsed=17.6806s written=6
  crossing 0/250
  stopped velocity row 57 IC 333 x0=0.79816 velocity_parameter=-0.0485 status=outer_limit: trajectory reached the configured outer_limit radius
velocity row 57/120 IC 341/599 x0=0.799976 velocity_parameter=-0.0485 elapsed=17.705s written=6
  crossing 0/250
  stopped velocity row 57 IC 341 x0=0.799976 velocity_parameter=-0.0485 status=outer_limit: trajectory reached the configured outer_limit radius
velocity row 58/120 IC 323/599 x0=0.79589 velocity_parameter=-0.0323333 elapsed=17.708s written=6
  crossing 0/250
  stopped velocity row 58 IC 323 x0=0.79589 velocity_parameter=-0.0323333 status=outer_limit: trajectory reached the configured outer_limit radius
velocity row 58/120 IC 333/599 x0=0.79816 velocity_parameter=-0.0323333 elapsed=17.7407s written=6
  crossing 0/250
  stopped velocity row 58 IC 333 x0=0.79816 velocity_parameter=-0.0323333 status=outer_limit: trajectory reached the configured outer_limit radius
velocity row 58/120 IC 341/599 x0=0.799976 velocity_parameter=-0.0323333 elapsed=17.7648s written=6
  crossing 0/250
  stopped velocity row 58 IC 341 x0=0.799976 velocity_parameter=-0.0323333 status=outer_limit: trajectory reached the configured outer_limit radius
velocity row 59/120 IC 323/599 x0=0.79589 velocity_parameter=-0.0161667 elapsed=17.7678s written=6
  crossing 0/250
  stopped velocity row 59 IC 323 x0=0.79589 velocity_parameter=-0.0161667 status=outer_limit: trajectory reached the configured outer_limit radius
velocity row 59/120 IC 333/599 x0=0.79816 velocity_parameter=-0.0161667 elapsed=17.8036s written=6
  crossing 0/250
  stopped velocity row 59 IC 333 x0=0.79816 velocity_parameter=-0.0161667 status=outer_limit: trajectory reached the configured outer_limit radius
velocity row 59/120 IC 341/599 x0=0.799976 velocity_parameter=-0.0161667 elapsed=17.828s written=6
  crossing 0/250
  stopped velocity row 59 IC 341 x0=0.799976 velocity_parameter=-0.0161667 status=outer_limit: trajectory reached the configured outer_limit radius
velocity row 60/120 IC 323/599 x0=0.79589 velocity_parameter=0 elapsed=17.8309s written=6
  crossing 0/250
  stopped velocity row 60 IC 323 x0=0.79589 velocity_parameter=0 status=outer_limit: trajectory reached the configured outer_limit radius
velocity row 60/120 IC 333/599 x0=0.79816 velocity_parameter=0 elapsed=17.8688s written=6
  crossing 0/250
  stopped velocity row 60 IC 333 x0=0.79816 velocity_parameter=0 status=outer_limit: trajectory reached the configured outer_limit radius
velocity row 60/120 IC 341/599 x0=0.799976 velocity_parameter=0 elapsed=17.894s written=6
  crossing 0/250
  stopped velocity row 60 IC 341 x0=0.799976 velocity_parameter=0 status=outer_limit: trajectory reached the configured outer_limit radius
velocity row 61/120 IC 323/599 x0=0.79589 velocity_parameter=0.0161667 elapsed=17.8973s written=6
  crossing 0/250
  stopped velocity row 61 IC 323 x0=0.79589 velocity_parameter=0.0161667 status=outer_limit: trajectory reached the configured outer_limit radius
velocity row 61/120 IC 333/599 x0=0.79816 velocity_parameter=0.0161667 elapsed=17.9353s written=6
  crossing 0/250
  stopped velocity row 61 IC 333 x0=0.79816 velocity_parameter=0.0161667 status=outer_limit: trajectory reached the configured outer_limit radius
velocity row 61/120 IC 341/599 x0=0.799976 velocity_parameter=0.0161667 elapsed=17.965s written=6
  crossing 0/250
  stopped velocity row 61 IC 341 x0=0.799976 velocity_parameter=0.0161667 status=outer_limit: trajectory reached the configured outer_limit radius
velocity row 62/120 IC 323/599 x0=0.79589 velocity_parameter=0.0323333 elapsed=17.9701s written=6
  crossing 0/250
  stopped velocity row 62 IC 323 x0=0.79589 velocity_parameter=0.0323333 status=outer_limit: trajectory reached the configured outer_limit radius
velocity row 62/120 IC 333/599 x0=0.79816 velocity_parameter=0.0323333 elapsed=18.0012s written=6
  crossing 0/250
  stopped velocity row 62 IC 333 x0=0.79816 velocity_parameter=0.0323333 status=outer_limit: trajectory reached the configured outer_limit radius
velocity row 62/120 IC 341/599 x0=0.799976 velocity_parameter=0.0323333 elapsed=18.0265s written=6
  crossing 0/250
  stopped velocity row 62 IC 341 x0=0.799976 velocity_parameter=0.0323333 status=outer_limit: trajectory reached the configured outer_limit radius
velocity row 63/120 IC 323/599 x0=0.79589 velocity_parameter=0.0485 elapsed=18.0316s written=6
  crossing 0/250
  stopped velocity row 63 IC 323 x0=0.79589 velocity_parameter=0.0485 status=outer_limit: trajectory reached the configured outer_limit radius
velocity row 63/120 IC 333/599 x0=0.79816 velocity_parameter=0.0485 elapsed=18.0667s written=6
  crossing 0/250
  stopped velocity row 63 IC 333 x0=0.79816 velocity_parameter=0.0485 status=outer_limit: trajectory reached the configured outer_limit radius
velocity row 63/120 IC 341/599 x0=0.799976 velocity_parameter=0.0485 elapsed=18.0913s written=6
  crossing 0/250
  stopped velocity row 63 IC 341 x0=0.799976 velocity_parameter=0.0485 status=outer_limit: trajectory reached the configured outer_limit radius
velocity row 64/120 IC 323/599 x0=0.79589 velocity_parameter=0.0646667 elapsed=18.0942s written=6
  crossing 0/250
  stopped velocity row 64 IC 323 x0=0.79589 velocity_parameter=0.0646667 status=outer_limit: trajectory reached the configured outer_limit radius
velocity row 64/120 IC 333/599 x0=0.79816 velocity_parameter=0.0646667 elapsed=18.1353s written=6
  crossing 0/250
  stopped velocity row 64 IC 333 x0=0.79816 velocity_parameter=0.0646667 status=outer_limit: trajectory reached the configured outer_limit radius
velocity row 64/120 IC 341/599 x0=0.799976 velocity_parameter=0.0646667 elapsed=18.165s written=6
  crossing 0/250
  stopped velocity row 64 IC 341 x0=0.799976 velocity_parameter=0.0646667 status=outer_limit: trajectory reached the configured outer_limit radius
velocity row 65/120 IC 323/599 x0=0.79589 velocity_parameter=0.0808333 elapsed=18.1679s written=6
  crossing 0/250
  stopped velocity row 65 IC 323 x0=0.79589 velocity_parameter=0.0808333 status=outer_limit: trajectory reached the configured outer_limit radius
velocity row 65/120 IC 333/599 x0=0.79816 velocity_parameter=0.0808333 elapsed=18.2087s written=6
  crossing 0/250
  stopped velocity row 65 IC 333 x0=0.79816 velocity_parameter=0.0808333 status=outer_limit: trajectory reached the configured outer_limit radius
velocity row 65/120 IC 341/599 x0=0.799976 velocity_parameter=0.0808333 elapsed=18.2335s written=6
  crossing 0/250
  stopped velocity row 65 IC 341 x0=0.799976 velocity_parameter=0.0808333 status=outer_limit: trajectory reached the configured outer_limit radius
velocity row 66/120 IC 323/599 x0=0.79589 velocity_parameter=0.097 elapsed=18.2363s written=6
  crossing 0/250
  stopped velocity row 66 IC 323 x0=0.79589 velocity_parameter=0.097 status=outer_limit: trajectory reached the configured outer_limit radius
velocity row 66/120 IC 333/599 x0=0.79816 velocity_parameter=0.097 elapsed=18.271s written=6
  crossing 0/250
  stopped velocity row 66 IC 333 x0=0.79816 velocity_parameter=0.097 status=outer_limit: trajectory reached the configured outer_limit radius
velocity row 66/120 IC 341/599 x0=0.799976 velocity_parameter=0.097 elapsed=18.2967s written=6
  crossing 0/250
  stopped velocity row 66 IC 341 x0=0.799976 velocity_parameter=0.097 status=outer_limit: trajectory reached the configured outer_limit radius
velocity row 67/120 IC 323/599 x0=0.79589 velocity_parameter=0.113167 elapsed=18.2996s written=6
  crossing 0/250
  stopped velocity row 67 IC 323 x0=0.79589 velocity_parameter=0.113167 status=outer_limit: trajectory reached the configured outer_limit radius
velocity row 67/120 IC 333/599 x0=0.79816 velocity_parameter=0.113167 elapsed=18.3356s written=6
  crossing 0/250
  stopped velocity row 67 IC 333 x0=0.79816 velocity_parameter=0.113167 status=outer_limit: trajectory reached the configured outer_limit radius
velocity row 67/120 IC 341/599 x0=0.799976 velocity_parameter=0.113167 elapsed=18.3584s written=6
  crossing 0/250
  stopped velocity row 67 IC 341 x0=0.799976 velocity_parameter=0.113167 status=outer_limit: trajectory reached the configured outer_limit radius
velocity row 68/120 IC 323/599 x0=0.79589 velocity_parameter=0.129333 elapsed=18.3634s written=6
  crossing 0/250
  stopped velocity row 68 IC 323 x0=0.79589 velocity_parameter=0.129333 status=outer_limit: trajectory reached the configured outer_limit radius
velocity row 68/120 IC 333/599 x0=0.79816 velocity_parameter=0.129333 elapsed=18.4011s written=6
  crossing 0/250
  stopped velocity row 68 IC 333 x0=0.79816 velocity_parameter=0.129333 status=outer_limit: trajectory reached the configured outer_limit radius
velocity row 68/120 IC 341/599 x0=0.799976 velocity_parameter=0.129333 elapsed=18.43s written=6
  crossing 0/250
  stopped velocity row 68 IC 341 x0=0.799976 velocity_parameter=0.129333 status=outer_limit: trajectory reached the configured outer_limit radius
velocity row 69/120 IC 323/599 x0=0.79589 velocity_parameter=0.1455 elapsed=18.4328s written=6
  crossing 0/250
  stopped velocity row 69 IC 323 x0=0.79589 velocity_parameter=0.1455 status=outer_limit: trajectory reached the configured outer_limit radius
velocity row 69/120 IC 333/599 x0=0.79816 velocity_parameter=0.1455 elapsed=18.4773s written=6
  crossing 0/250
  stopped velocity row 69 IC 333 x0=0.79816 velocity_parameter=0.1455 status=outer_limit: trajectory reached the configured outer_limit radius
velocity row 69/120 IC 341/599 x0=0.799976 velocity_parameter=0.1455 elapsed=18.5073s written=6
  crossing 0/250
  stopped velocity row 69 IC 341 x0=0.799976 velocity_parameter=0.1455 status=outer_limit: trajectory reached the configured outer_limit radius
velocity row 70/120 IC 323/599 x0=0.79589 velocity_parameter=0.161667 elapsed=18.5109s written=6
  crossing 0/250
  stopped velocity row 70 IC 323 x0=0.79589 velocity_parameter=0.161667 status=outer_limit: trajectory reached the configured outer_limit radius
velocity row 70/120 IC 333/599 x0=0.79816 velocity_parameter=0.161667 elapsed=18.549s written=6
  crossing 0/250
  stopped velocity row 70 IC 333 x0=0.79816 velocity_parameter=0.161667 status=outer_limit: trajectory reached the configured outer_limit radius
velocity row 70/120 IC 341/599 x0=0.799976 velocity_parameter=0.161667 elapsed=18.5732s written=6
  crossing 0/250
  stopped velocity row 70 IC 341 x0=0.799976 velocity_parameter=0.161667 status=outer_limit: trajectory reached the configured outer_limit radius
velocity row 71/120 IC 323/599 x0=0.79589 velocity_parameter=0.177833 elapsed=18.5761s written=6
  crossing 0/250
  stopped velocity row 71 IC 323 x0=0.79589 velocity_parameter=0.177833 status=outer_limit: trajectory reached the configured outer_limit radius
velocity row 71/120 IC 333/599 x0=0.79816 velocity_parameter=0.177833 elapsed=18.6098s written=6
  crossing 0/250
  stopped velocity row 71 IC 333 x0=0.79816 velocity_parameter=0.177833 status=outer_limit: trajectory reached the configured outer_limit radius
velocity row 71/120 IC 341/599 x0=0.799976 velocity_parameter=0.177833 elapsed=18.6335s written=6
  crossing 0/250
  stopped velocity row 71 IC 341 x0=0.799976 velocity_parameter=0.177833 status=outer_limit: trajectory reached the configured outer_limit radius
velocity row 72/120 IC 323/599 x0=0.79589 velocity_parameter=0.194 elapsed=18.6366s written=6
  crossing 0/250
  stopped velocity row 72 IC 323 x0=0.79589 velocity_parameter=0.194 status=outer_limit: trajectory reached the configured outer_limit radius
velocity row 72/120 IC 333/599 x0=0.79816 velocity_parameter=0.194 elapsed=18.6671s written=6
  crossing 0/250
  stopped velocity row 72 IC 333 x0=0.79816 velocity_parameter=0.194 status=outer_limit: trajectory reached the configured outer_limit radius
velocity row 72/120 IC 341/599 x0=0.799976 velocity_parameter=0.194 elapsed=18.6999s written=6
  crossing 0/250
  stopped velocity row 72 IC 341 x0=0.799976 velocity_parameter=0.194 status=outer_limit: trajectory reached the configured outer_limit radius
velocity row 73/120 IC 323/599 x0=0.79589 velocity_parameter=0.210167 elapsed=18.7052s written=6
  crossing 0/250
  stopped velocity row 73 IC 323 x0=0.79589 velocity_parameter=0.210167 status=outer_limit: trajectory reached the configured outer_limit radius
velocity row 73/120 IC 333/599 x0=0.79816 velocity_parameter=0.210167 elapsed=18.7421s written=6
  crossing 0/250
  stopped velocity row 73 IC 333 x0=0.79816 velocity_parameter=0.210167 status=outer_limit: trajectory reached the configured outer_limit radius
velocity row 73/120 IC 341/599 x0=0.799976 velocity_parameter=0.210167 elapsed=18.7665s written=6
  crossing 0/250
  stopped velocity row 73 IC 341 x0=0.799976 velocity_parameter=0.210167 status=outer_limit: trajectory reached the configured outer_limit radius
velocity row 74/120 IC 323/599 x0=0.79589 velocity_parameter=0.226333 elapsed=18.7692s written=6
  crossing 0/250
  stopped velocity row 74 IC 323 x0=0.79589 velocity_parameter=0.226333 status=outer_limit: trajectory reached the configured outer_limit radius
velocity row 74/120 IC 333/599 x0=0.79816 velocity_parameter=0.226333 elapsed=18.8063s written=6
  crossing 0/250
  stopped velocity row 74 IC 333 x0=0.79816 velocity_parameter=0.226333 status=outer_limit: trajectory reached the configured outer_limit radius
velocity row 74/120 IC 341/599 x0=0.799976 velocity_parameter=0.226333 elapsed=18.8282s written=6
  crossing 0/250
  stopped velocity row 74 IC 341 x0=0.799976 velocity_parameter=0.226333 status=outer_limit: trajectory reached the configured outer_limit radius
velocity row 75/120 IC 323/599 x0=0.79589 velocity_parameter=0.2425 elapsed=18.831s written=6
  crossing 0/250
  stopped velocity row 75 IC 323 x0=0.79589 velocity_parameter=0.2425 status=outer_limit: trajectory reached the configured outer_limit radius
velocity row 75/120 IC 333/599 x0=0.79816 velocity_parameter=0.2425 elapsed=18.8641s written=6
  crossing 0/250
  stopped velocity row 75 IC 333 x0=0.79816 velocity_parameter=0.2425 status=outer_limit: trajectory reached the configured outer_limit radius
velocity row 75/120 IC 341/599 x0=0.799976 velocity_parameter=0.2425 elapsed=18.8925s written=6
  crossing 0/250
  stopped velocity row 75 IC 341 x0=0.799976 velocity_parameter=0.2425 status=outer_limit: trajectory reached the configured outer_limit radius
velocity row 76/120 IC 323/599 x0=0.79589 velocity_parameter=0.258667 elapsed=18.8953s written=6
  crossing 0/250
  stopped velocity row 76 IC 323 x0=0.79589 velocity_parameter=0.258667 status=outer_limit: trajectory reached the configured outer_limit radius
velocity row 76/120 IC 333/599 x0=0.79816 velocity_parameter=0.258667 elapsed=18.93s written=6
  crossing 0/250
  stopped velocity row 76 IC 333 x0=0.79816 velocity_parameter=0.258667 status=outer_limit: trajectory reached the configured outer_limit radius
velocity row 76/120 IC 341/599 x0=0.799976 velocity_parameter=0.258667 elapsed=18.9556s written=6
  crossing 0/250
  stopped velocity row 76 IC 341 x0=0.799976 velocity_parameter=0.258667 status=outer_limit: trajectory reached the configured outer_limit radius
velocity row 77/120 IC 323/599 x0=0.79589 velocity_parameter=0.274833 elapsed=18.959s written=6
  crossing 0/250
  stopped velocity row 77 IC 323 x0=0.79589 velocity_parameter=0.274833 status=outer_limit: trajectory reached the configured outer_limit radius
velocity row 77/120 IC 333/599 x0=0.79816 velocity_parameter=0.274833 elapsed=18.9957s written=6
  crossing 0/250
  stopped velocity row 77 IC 333 x0=0.79816 velocity_parameter=0.274833 status=outer_limit: trajectory reached the configured outer_limit radius
velocity row 77/120 IC 341/599 x0=0.799976 velocity_parameter=0.274833 elapsed=19.0177s written=6
  crossing 0/250
  stopped velocity row 77 IC 341 x0=0.799976 velocity_parameter=0.274833 status=outer_limit: trajectory reached the configured outer_limit radius
velocity row 78/120 IC 323/599 x0=0.79589 velocity_parameter=0.291 elapsed=19.0216s written=6
  crossing 0/250
  stopped velocity row 78 IC 323 x0=0.79589 velocity_parameter=0.291 status=outer_limit: trajectory reached the configured outer_limit radius
velocity row 78/120 IC 333/599 x0=0.79816 velocity_parameter=0.291 elapsed=19.0586s written=6
  crossing 0/250
  stopped velocity row 78 IC 333 x0=0.79816 velocity_parameter=0.291 status=outer_limit: trajectory reached the configured outer_limit radius
velocity row 78/120 IC 341/599 x0=0.799976 velocity_parameter=0.291 elapsed=19.0859s written=6
  crossing 0/250
  stopped velocity row 78 IC 341 x0=0.799976 velocity_parameter=0.291 status=outer_limit: trajectory reached the configured outer_limit radius
velocity row 79/120 IC 323/599 x0=0.79589 velocity_parameter=0.307167 elapsed=19.0887s written=6
  crossing 0/250
  stopped velocity row 79 IC 323 x0=0.79589 velocity_parameter=0.307167 status=outer_limit: trajectory reached the configured outer_limit radius
velocity row 79/120 IC 333/599 x0=0.79816 velocity_parameter=0.307167 elapsed=19.1269s written=6
  crossing 0/250
  stopped velocity row 79 IC 333 x0=0.79816 velocity_parameter=0.307167 status=outer_limit: trajectory reached the configured outer_limit radius
velocity row 79/120 IC 341/599 x0=0.799976 velocity_parameter=0.307167 elapsed=19.1533s written=6
  crossing 0/250
  stopped velocity row 79 IC 341 x0=0.799976 velocity_parameter=0.307167 status=outer_limit: trajectory reached the configured outer_limit radius
velocity row 80/120 IC 323/599 x0=0.79589 velocity_parameter=0.323333 elapsed=19.1583s written=6
  crossing 0/250
  stopped velocity row 80 IC 323 x0=0.79589 velocity_parameter=0.323333 status=outer_limit: trajectory reached the configured outer_limit radius
velocity row 80/120 IC 333/599 x0=0.79816 velocity_parameter=0.323333 elapsed=19.1909s written=6
  crossing 0/250
  stopped velocity row 80 IC 333 x0=0.79816 velocity_parameter=0.323333 status=outer_limit: trajectory reached the configured outer_limit radius
velocity row 80/120 IC 341/599 x0=0.799976 velocity_parameter=0.323333 elapsed=19.2164s written=6
  crossing 0/250
  stopped velocity row 80 IC 341 x0=0.799976 velocity_parameter=0.323333 status=outer_limit: trajectory reached the configured outer_limit radius
velocity row 81/120 IC 323/599 x0=0.79589 velocity_parameter=0.3395 elapsed=19.2192s written=6
  crossing 0/250
  stopped velocity row 81 IC 323 x0=0.79589 velocity_parameter=0.3395 status=outer_limit: trajectory reached the configured outer_limit radius
velocity row 81/120 IC 333/599 x0=0.79816 velocity_parameter=0.3395 elapsed=19.2556s written=6
  crossing 0/250
  stopped velocity row 81 IC 333 x0=0.79816 velocity_parameter=0.3395 status=outer_limit: trajectory reached the configured outer_limit radius
velocity row 81/120 IC 341/599 x0=0.799976 velocity_parameter=0.3395 elapsed=19.2837s written=6
  crossing 0/250
  stopped velocity row 81 IC 341 x0=0.799976 velocity_parameter=0.3395 status=outer_limit: trajectory reached the configured outer_limit radius
velocity row 82/120 IC 323/599 x0=0.79589 velocity_parameter=0.355667 elapsed=19.2865s written=6
  crossing 0/250
  stopped velocity row 82 IC 323 x0=0.79589 velocity_parameter=0.355667 status=outer_limit: trajectory reached the configured outer_limit radius
velocity row 82/120 IC 333/599 x0=0.79816 velocity_parameter=0.355667 elapsed=19.3229s written=6
  crossing 0/250
  stopped velocity row 82 IC 333 x0=0.79816 velocity_parameter=0.355667 status=outer_limit: trajectory reached the configured outer_limit radius
velocity row 82/120 IC 341/599 x0=0.799976 velocity_parameter=0.355667 elapsed=19.3506s written=6
  crossing 0/250
  stopped velocity row 82 IC 341 x0=0.799976 velocity_parameter=0.355667 status=outer_limit: trajectory reached the configured outer_limit radius
velocity row 83/120 IC 323/599 x0=0.79589 velocity_parameter=0.371833 elapsed=19.3534s written=6
  crossing 0/250
  stopped velocity row 83 IC 323 x0=0.79589 velocity_parameter=0.371833 status=outer_limit: trajectory reached the configured outer_limit radius
velocity row 83/120 IC 333/599 x0=0.79816 velocity_parameter=0.371833 elapsed=19.3821s written=6
  crossing 0/250
  stopped velocity row 83 IC 333 x0=0.79816 velocity_parameter=0.371833 status=outer_limit: trajectory reached the configured outer_limit radius
velocity row 83/120 IC 341/599 x0=0.799976 velocity_parameter=0.371833 elapsed=19.4068s written=6
  crossing 0/250
  stopped velocity row 83 IC 341 x0=0.799976 velocity_parameter=0.371833 status=outer_limit: trajectory reached the configured outer_limit radius
velocity row 84/120 IC 323/599 x0=0.79589 velocity_parameter=0.388 elapsed=19.4095s written=6
  crossing 0/250
  stopped velocity row 84 IC 323 x0=0.79589 velocity_parameter=0.388 status=outer_limit: trajectory reached the configured outer_limit radius
velocity row 84/120 IC 333/599 x0=0.79816 velocity_parameter=0.388 elapsed=19.4486s written=6
  crossing 0/250
  stopped velocity row 84 IC 333 x0=0.79816 velocity_parameter=0.388 status=outer_limit: trajectory reached the configured outer_limit radius
velocity row 84/120 IC 341/599 x0=0.799976 velocity_parameter=0.388 elapsed=19.4705s written=6
  crossing 0/250
  stopped velocity row 84 IC 341 x0=0.799976 velocity_parameter=0.388 status=outer_limit: trajectory reached the configured outer_limit radius
velocity row 85/120 IC 323/599 x0=0.79589 velocity_parameter=0.404167 elapsed=19.4737s written=6
  crossing 0/250
  stopped velocity row 85 IC 323 x0=0.79589 velocity_parameter=0.404167 status=outer_limit: trajectory reached the configured outer_limit radius
velocity row 85/120 IC 333/599 x0=0.79816 velocity_parameter=0.404167 elapsed=19.5148s written=6
  crossing 0/250
  stopped velocity row 85 IC 333 x0=0.79816 velocity_parameter=0.404167 status=outer_limit: trajectory reached the configured outer_limit radius
velocity row 85/120 IC 341/599 x0=0.799976 velocity_parameter=0.404167 elapsed=19.5453s written=6
  crossing 0/250
  stopped velocity row 85 IC 341 x0=0.799976 velocity_parameter=0.404167 status=outer_limit: trajectory reached the configured outer_limit radius
velocity row 86/120 IC 323/599 x0=0.79589 velocity_parameter=0.420333 elapsed=19.5505s written=6
  crossing 0/250
  stopped velocity row 86 IC 323 x0=0.79589 velocity_parameter=0.420333 status=outer_limit: trajectory reached the configured outer_limit radius
velocity row 86/120 IC 333/599 x0=0.79816 velocity_parameter=0.420333 elapsed=19.5872s written=6
  crossing 0/250
  stopped velocity row 86 IC 333 x0=0.79816 velocity_parameter=0.420333 status=outer_limit: trajectory reached the configured outer_limit radius
velocity row 86/120 IC 341/599 x0=0.799976 velocity_parameter=0.420333 elapsed=19.6213s written=6
  crossing 0/250
  stopped velocity row 86 IC 341 x0=0.799976 velocity_parameter=0.420333 status=outer_limit: trajectory reached the configured outer_limit radius
velocity row 87/120 IC 323/599 x0=0.79589 velocity_parameter=0.4365 elapsed=19.6252s written=6
  crossing 0/250
  stopped velocity row 87 IC 323 x0=0.79589 velocity_parameter=0.4365 status=outer_limit: trajectory reached the configured outer_limit radius
velocity row 87/120 IC 333/599 x0=0.79816 velocity_parameter=0.4365 elapsed=19.6632s written=6
  crossing 0/250
  stopped velocity row 87 IC 333 x0=0.79816 velocity_parameter=0.4365 status=outer_limit: trajectory reached the configured outer_limit radius
velocity row 87/120 IC 341/599 x0=0.799976 velocity_parameter=0.4365 elapsed=19.6894s written=6
  crossing 0/250
  stopped velocity row 87 IC 341 x0=0.799976 velocity_parameter=0.4365 status=outer_limit: trajectory reached the configured outer_limit radius
velocity row 88/120 IC 323/599 x0=0.79589 velocity_parameter=0.452667 elapsed=19.6922s written=6
  crossing 0/250
  stopped velocity row 88 IC 323 x0=0.79589 velocity_parameter=0.452667 status=outer_limit: trajectory reached the configured outer_limit radius
velocity row 88/120 IC 333/599 x0=0.79816 velocity_parameter=0.452667 elapsed=19.7296s written=6
  crossing 0/250
  stopped velocity row 88 IC 333 x0=0.79816 velocity_parameter=0.452667 status=outer_limit: trajectory reached the configured outer_limit radius
velocity row 88/120 IC 341/599 x0=0.799976 velocity_parameter=0.452667 elapsed=19.7545s written=6
  crossing 0/250
  stopped velocity row 88 IC 341 x0=0.799976 velocity_parameter=0.452667 status=outer_limit: trajectory reached the configured outer_limit radius
velocity row 89/120 IC 323/599 x0=0.79589 velocity_parameter=0.468833 elapsed=19.7592s written=6
  crossing 0/250
  stopped velocity row 89 IC 323 x0=0.79589 velocity_parameter=0.468833 status=outer_limit: trajectory reached the configured outer_limit radius
velocity row 89/120 IC 333/599 x0=0.79816 velocity_parameter=0.468833 elapsed=19.7874s written=6
  crossing 0/250
  stopped velocity row 89 IC 333 x0=0.79816 velocity_parameter=0.468833 status=outer_limit: trajectory reached the configured outer_limit radius
velocity row 89/120 IC 341/599 x0=0.799976 velocity_parameter=0.468833 elapsed=19.8171s written=6
  crossing 0/250
  stopped velocity row 89 IC 341 x0=0.799976 velocity_parameter=0.468833 status=outer_limit: trajectory reached the configured outer_limit radius
velocity row 90/120 IC 323/599 x0=0.79589 velocity_parameter=0.485 elapsed=19.8199s written=6
  crossing 0/250
  stopped velocity row 90 IC 323 x0=0.79589 velocity_parameter=0.485 status=outer_limit: trajectory reached the configured outer_limit radius
velocity row 90/120 IC 333/599 x0=0.79816 velocity_parameter=0.485 elapsed=19.8582s written=6
  crossing 0/250
  stopped velocity row 90 IC 333 x0=0.79816 velocity_parameter=0.485 status=outer_limit: trajectory reached the configured outer_limit radius
velocity row 90/120 IC 341/599 x0=0.799976 velocity_parameter=0.485 elapsed=19.8888s written=6
  crossing 0/250
  stopped velocity row 90 IC 341 x0=0.799976 velocity_parameter=0.485 status=outer_limit: trajectory reached the configured outer_limit radius
velocity row 91/120 IC 323/599 x0=0.79589 velocity_parameter=0.501167 elapsed=19.892s written=6
  crossing 0/250
  stopped velocity row 91 IC 323 x0=0.79589 velocity_parameter=0.501167 status=outer_limit: trajectory reached the configured outer_limit radius
velocity row 91/120 IC 333/599 x0=0.79816 velocity_parameter=0.501167 elapsed=19.9228s written=6
  crossing 0/250
  stopped velocity row 91 IC 333 x0=0.79816 velocity_parameter=0.501167 status=outer_limit: trajectory reached the configured outer_limit radius
velocity row 91/120 IC 341/599 x0=0.799976 velocity_parameter=0.501167 elapsed=19.9529s written=6
  crossing 0/250
  stopped velocity row 91 IC 341 x0=0.799976 velocity_parameter=0.501167 status=outer_limit: trajectory reached the configured outer_limit radius
velocity row 92/120 IC 323/599 x0=0.79589 velocity_parameter=0.517333 elapsed=19.9559s written=6
  crossing 0/250
  stopped velocity row 92 IC 323 x0=0.79589 velocity_parameter=0.517333 status=outer_limit: trajectory reached the configured outer_limit radius
velocity row 92/120 IC 333/599 x0=0.79816 velocity_parameter=0.517333 elapsed=19.9924s written=6
  crossing 0/250
  stopped velocity row 92 IC 333 x0=0.79816 velocity_parameter=0.517333 status=outer_limit: trajectory reached the configured outer_limit radius
velocity row 92/120 IC 341/599 x0=0.799976 velocity_parameter=0.517333 elapsed=20.0164s written=6
  crossing 0/250
  stopped velocity row 92 IC 341 x0=0.799976 velocity_parameter=0.517333 status=outer_limit: trajectory reached the configured outer_limit radius
velocity row 93/120 IC 323/599 x0=0.79589 velocity_parameter=0.5335 elapsed=20.0191s written=6
  crossing 0/250
  stopped velocity row 93 IC 323 x0=0.79589 velocity_parameter=0.5335 status=outer_limit: trajectory reached the configured outer_limit radius
velocity row 93/120 IC 333/599 x0=0.79816 velocity_parameter=0.5335 elapsed=20.056s written=6
  crossing 0/250
  stopped velocity row 93 IC 333 x0=0.79816 velocity_parameter=0.5335 status=outer_limit: trajectory reached the configured outer_limit radius
velocity row 93/120 IC 341/599 x0=0.799976 velocity_parameter=0.5335 elapsed=20.0798s written=6
  crossing 0/250
  stopped velocity row 93 IC 341 x0=0.799976 velocity_parameter=0.5335 status=outer_limit: trajectory reached the configured outer_limit radius
velocity row 94/120 IC 323/599 x0=0.79589 velocity_parameter=0.549667 elapsed=20.0829s written=6
  crossing 0/250
  stopped velocity row 94 IC 323 x0=0.79589 velocity_parameter=0.549667 status=outer_limit: trajectory reached the configured outer_limit radius
velocity row 94/120 IC 333/599 x0=0.79816 velocity_parameter=0.549667 elapsed=20.118s written=6
  crossing 0/250
  stopped velocity row 94 IC 333 x0=0.79816 velocity_parameter=0.549667 status=outer_limit: trajectory reached the configured outer_limit radius
velocity row 94/120 IC 341/599 x0=0.799976 velocity_parameter=0.549667 elapsed=20.1475s written=6
  crossing 0/250
  stopped velocity row 94 IC 341 x0=0.799976 velocity_parameter=0.549667 status=outer_limit: trajectory reached the configured outer_limit radius
velocity row 95/120 IC 323/599 x0=0.79589 velocity_parameter=0.565833 elapsed=20.1503s written=6
  crossing 0/250
  stopped velocity row 95 IC 323 x0=0.79589 velocity_parameter=0.565833 status=outer_limit: trajectory reached the configured outer_limit radius
velocity row 95/120 IC 333/599 x0=0.79816 velocity_parameter=0.565833 elapsed=20.1823s written=6
  crossing 0/250
  stopped velocity row 95 IC 333 x0=0.79816 velocity_parameter=0.565833 status=outer_limit: trajectory reached the configured outer_limit radius
velocity row 95/120 IC 341/599 x0=0.799976 velocity_parameter=0.565833 elapsed=20.2057s written=6
  crossing 0/250
  stopped velocity row 95 IC 341 x0=0.799976 velocity_parameter=0.565833 status=outer_limit: trajectory reached the configured outer_limit radius
velocity row 96/120 IC 323/599 x0=0.79589 velocity_parameter=0.582 elapsed=20.2085s written=6
  crossing 0/250
  stopped velocity row 96 IC 323 x0=0.79589 velocity_parameter=0.582 status=outer_limit: trajectory reached the configured outer_limit radius
velocity row 96/120 IC 333/599 x0=0.79816 velocity_parameter=0.582 elapsed=20.2486s written=6
  crossing 0/250
  stopped velocity row 96 IC 333 x0=0.79816 velocity_parameter=0.582 status=outer_limit: trajectory reached the configured outer_limit radius
velocity row 96/120 IC 341/599 x0=0.799976 velocity_parameter=0.582 elapsed=20.2706s written=6
  crossing 0/250
  stopped velocity row 96 IC 341 x0=0.799976 velocity_parameter=0.582 status=outer_limit: trajectory reached the configured outer_limit radius
velocity row 97/120 IC 323/599 x0=0.79589 velocity_parameter=0.598167 elapsed=20.2737s written=6
  crossing 0/250
  stopped velocity row 97 IC 323 x0=0.79589 velocity_parameter=0.598167 status=outer_limit: trajectory reached the configured outer_limit radius
velocity row 97/120 IC 333/599 x0=0.79816 velocity_parameter=0.598167 elapsed=20.3038s written=6
  crossing 0/250
  stopped velocity row 97 IC 333 x0=0.79816 velocity_parameter=0.598167 status=outer_limit: trajectory reached the configured outer_limit radius
velocity row 97/120 IC 341/599 x0=0.799976 velocity_parameter=0.598167 elapsed=20.3305s written=6
  crossing 0/250
  stopped velocity row 97 IC 341 x0=0.799976 velocity_parameter=0.598167 status=outer_limit: trajectory reached the configured outer_limit radius
velocity row 98/120 IC 323/599 x0=0.79589 velocity_parameter=0.614333 elapsed=20.3332s written=6
  crossing 0/250
  stopped velocity row 98 IC 323 x0=0.79589 velocity_parameter=0.614333 status=outer_limit: trajectory reached the configured outer_limit radius
velocity row 98/120 IC 333/599 x0=0.79816 velocity_parameter=0.614333 elapsed=20.3695s written=6
  crossing 0/250
  stopped velocity row 98 IC 333 x0=0.79816 velocity_parameter=0.614333 status=outer_limit: trajectory reached the configured outer_limit radius
velocity row 98/120 IC 341/599 x0=0.799976 velocity_parameter=0.614333 elapsed=20.3995s written=6
  crossing 0/250
  stopped velocity row 98 IC 341 x0=0.799976 velocity_parameter=0.614333 status=outer_limit: trajectory reached the configured outer_limit radius
velocity row 99/120 IC 323/599 x0=0.79589 velocity_parameter=0.6305 elapsed=20.4032s written=6
  crossing 0/250
  stopped velocity row 99 IC 323 x0=0.79589 velocity_parameter=0.6305 status=outer_limit: trajectory reached the configured outer_limit radius
velocity row 99/120 IC 333/599 x0=0.79816 velocity_parameter=0.6305 elapsed=20.4378s written=6
  crossing 0/250
  stopped velocity row 99 IC 333 x0=0.79816 velocity_parameter=0.6305 status=outer_limit: trajectory reached the configured outer_limit radius
velocity row 99/120 IC 341/599 x0=0.799976 velocity_parameter=0.6305 elapsed=20.4613s written=6
  crossing 0/250
  stopped velocity row 99 IC 341 x0=0.799976 velocity_parameter=0.6305 status=outer_limit: trajectory reached the configured outer_limit radius
velocity row 100/120 IC 323/599 x0=0.79589 velocity_parameter=0.646667 elapsed=20.464s written=6
  crossing 0/250
  stopped velocity row 100 IC 323 x0=0.79589 velocity_parameter=0.646667 status=outer_limit: trajectory reached the configured outer_limit radius
velocity row 100/120 IC 333/599 x0=0.79816 velocity_parameter=0.646667 elapsed=20.5033s written=6
  crossing 0/250
  stopped velocity row 100 IC 333 x0=0.79816 velocity_parameter=0.646667 status=outer_limit: trajectory reached the configured outer_limit radius
velocity row 100/120 IC 341/599 x0=0.799976 velocity_parameter=0.646667 elapsed=20.5285s written=6
  crossing 0/250
  stopped velocity row 100 IC 341 x0=0.799976 velocity_parameter=0.646667 status=outer_limit: trajectory reached the configured outer_limit radius
velocity row 101/120 IC 323/599 x0=0.79589 velocity_parameter=0.662833 elapsed=20.5333s written=6
  crossing 0/250
  stopped velocity row 101 IC 323 x0=0.79589 velocity_parameter=0.662833 status=outer_limit: trajectory reached the configured outer_limit radius
velocity row 101/120 IC 333/599 x0=0.79816 velocity_parameter=0.662833 elapsed=20.5715s written=6
  crossing 0/250
  stopped velocity row 101 IC 333 x0=0.79816 velocity_parameter=0.662833 status=outer_limit: trajectory reached the configured outer_limit radius
velocity row 101/120 IC 341/599 x0=0.799976 velocity_parameter=0.662833 elapsed=20.6012s written=6
  crossing 0/250
  stopped velocity row 101 IC 341 x0=0.799976 velocity_parameter=0.662833 status=outer_limit: trajectory reached the configured outer_limit radius
velocity row 102/120 IC 323/599 x0=0.79589 velocity_parameter=0.679 elapsed=20.6039s written=6
  crossing 0/250
  stopped velocity row 102 IC 323 x0=0.79589 velocity_parameter=0.679 status=outer_limit: trajectory reached the configured outer_limit radius
velocity row 102/120 IC 333/599 x0=0.79816 velocity_parameter=0.679 elapsed=20.6318s written=6
  crossing 0/250
  stopped velocity row 102 IC 333 x0=0.79816 velocity_parameter=0.679 status=outer_limit: trajectory reached the configured outer_limit radius
velocity row 102/120 IC 341/599 x0=0.799976 velocity_parameter=0.679 elapsed=20.6623s written=6
  crossing 0/250
  stopped velocity row 102 IC 341 x0=0.799976 velocity_parameter=0.679 status=outer_limit: trajectory reached the configured outer_limit radius
velocity row 103/120 IC 323/599 x0=0.79589 velocity_parameter=0.695167 elapsed=20.6652s written=6
  crossing 0/250
  stopped velocity row 103 IC 323 x0=0.79589 velocity_parameter=0.695167 status=outer_limit: trajectory reached the configured outer_limit radius
velocity row 103/120 IC 333/599 x0=0.79816 velocity_parameter=0.695167 elapsed=20.6946s written=6
  crossing 0/250
  stopped velocity row 103 IC 333 x0=0.79816 velocity_parameter=0.695167 status=outer_limit: trajectory reached the configured outer_limit radius
velocity row 103/120 IC 341/599 x0=0.799976 velocity_parameter=0.695167 elapsed=20.7175s written=6
  crossing 0/250
  stopped velocity row 103 IC 341 x0=0.799976 velocity_parameter=0.695167 status=outer_limit: trajectory reached the configured outer_limit radius
velocity row 104/120 IC 323/599 x0=0.79589 velocity_parameter=0.711333 elapsed=20.7204s written=6
  crossing 0/250
  stopped velocity row 104 IC 323 x0=0.79589 velocity_parameter=0.711333 status=outer_limit: trajectory reached the configured outer_limit radius
velocity row 104/120 IC 333/599 x0=0.79816 velocity_parameter=0.711333 elapsed=20.7491s written=6
  crossing 0/250
  stopped velocity row 104 IC 333 x0=0.79816 velocity_parameter=0.711333 status=outer_limit: trajectory reached the configured outer_limit radius
velocity row 104/120 IC 341/599 x0=0.799976 velocity_parameter=0.711333 elapsed=20.7725s written=6
  crossing 0/250
  stopped velocity row 104 IC 341 x0=0.799976 velocity_parameter=0.711333 status=outer_limit: trajectory reached the configured outer_limit radius
velocity row 105/120 IC 323/599 x0=0.79589 velocity_parameter=0.7275 elapsed=20.7754s written=6
  crossing 0/250
  stopped velocity row 105 IC 323 x0=0.79589 velocity_parameter=0.7275 status=outer_limit: trajectory reached the configured outer_limit radius
velocity row 105/120 IC 333/599 x0=0.79816 velocity_parameter=0.7275 elapsed=20.8052s written=6
  crossing 0/250
  stopped velocity row 105 IC 333 x0=0.79816 velocity_parameter=0.7275 status=outer_limit: trajectory reached the configured outer_limit radius
velocity row 105/120 IC 341/599 x0=0.799976 velocity_parameter=0.7275 elapsed=20.8283s written=6
  crossing 0/250
  stopped velocity row 105 IC 341 x0=0.799976 velocity_parameter=0.7275 status=outer_limit: trajectory reached the configured outer_limit radius
velocity row 106/120 IC 323/599 x0=0.79589 velocity_parameter=0.743667 elapsed=20.8328s written=6
  crossing 0/250
  stopped velocity row 106 IC 323 x0=0.79589 velocity_parameter=0.743667 status=outer_limit: trajectory reached the configured outer_limit radius
velocity row 106/120 IC 333/599 x0=0.79816 velocity_parameter=0.743667 elapsed=20.8599s written=6
  crossing 0/250
  stopped velocity row 106 IC 333 x0=0.79816 velocity_parameter=0.743667 status=outer_limit: trajectory reached the configured outer_limit radius
velocity row 106/120 IC 341/599 x0=0.799976 velocity_parameter=0.743667 elapsed=20.8832s written=6
  crossing 0/250
  stopped velocity row 106 IC 341 x0=0.799976 velocity_parameter=0.743667 status=outer_limit: trajectory reached the configured outer_limit radius
velocity row 107/120 IC 323/599 x0=0.79589 velocity_parameter=0.759833 elapsed=20.8858s written=6
  crossing 0/250
  stopped velocity row 107 IC 323 x0=0.79589 velocity_parameter=0.759833 status=outer_limit: trajectory reached the configured outer_limit radius
velocity row 107/120 IC 333/599 x0=0.79816 velocity_parameter=0.759833 elapsed=20.9152s written=6
  crossing 0/250
  stopped velocity row 107 IC 333 x0=0.79816 velocity_parameter=0.759833 status=outer_limit: trajectory reached the configured outer_limit radius
velocity row 107/120 IC 341/599 x0=0.799976 velocity_parameter=0.759833 elapsed=20.94s written=6
  crossing 0/250
  stopped velocity row 107 IC 341 x0=0.799976 velocity_parameter=0.759833 status=outer_limit: trajectory reached the configured outer_limit radius
velocity row 108/120 IC 323/599 x0=0.79589 velocity_parameter=0.776 elapsed=20.9445s written=6
  crossing 0/250
  stopped velocity row 108 IC 323 x0=0.79589 velocity_parameter=0.776 status=outer_limit: trajectory reached the configured outer_limit radius
velocity row 108/120 IC 333/599 x0=0.79816 velocity_parameter=0.776 elapsed=20.9722s written=6
  crossing 0/250
  stopped velocity row 108 IC 333 x0=0.79816 velocity_parameter=0.776 status=outer_limit: trajectory reached the configured outer_limit radius
velocity row 108/120 IC 341/599 x0=0.799976 velocity_parameter=0.776 elapsed=20.9924s written=6
  crossing 0/250
  stopped velocity row 108 IC 341 x0=0.799976 velocity_parameter=0.776 status=outer_limit: trajectory reached the configured outer_limit radius
velocity row 109/120 IC 323/599 x0=0.79589 velocity_parameter=0.792167 elapsed=20.9971s written=6
  crossing 0/250
  stopped velocity row 109 IC 323 x0=0.79589 velocity_parameter=0.792167 status=outer_limit: trajectory reached the configured outer_limit radius
velocity row 109/120 IC 333/599 x0=0.79816 velocity_parameter=0.792167 elapsed=21.0322s written=6
  crossing 0/250
  stopped velocity row 109 IC 333 x0=0.79816 velocity_parameter=0.792167 status=outer_limit: trajectory reached the configured outer_limit radius
velocity row 109/120 IC 341/599 x0=0.799976 velocity_parameter=0.792167 elapsed=21.0524s written=6
  crossing 0/250
  stopped velocity row 109 IC 341 x0=0.799976 velocity_parameter=0.792167 status=outer_limit: trajectory reached the configured outer_limit radius
velocity row 110/120 IC 323/599 x0=0.79589 velocity_parameter=0.808333 elapsed=21.0551s written=6
  crossing 0/250
  stopped velocity row 110 IC 323 x0=0.79589 velocity_parameter=0.808333 status=outer_limit: trajectory reached the configured outer_limit radius
velocity row 110/120 IC 333/599 x0=0.79816 velocity_parameter=0.808333 elapsed=21.0866s written=6
  crossing 0/250
  stopped velocity row 110 IC 333 x0=0.79816 velocity_parameter=0.808333 status=outer_limit: trajectory reached the configured outer_limit radius
velocity row 110/120 IC 341/599 x0=0.799976 velocity_parameter=0.808333 elapsed=21.1104s written=6
  crossing 0/250
  stopped velocity row 110 IC 341 x0=0.799976 velocity_parameter=0.808333 status=outer_limit: trajectory reached the configured outer_limit radius
velocity row 111/120 IC 323/599 x0=0.79589 velocity_parameter=0.8245 elapsed=21.1133s written=6
  crossing 0/250
  stopped velocity row 111 IC 323 x0=0.79589 velocity_parameter=0.8245 status=outer_limit: trajectory reached the configured outer_limit radius
velocity row 111/120 IC 333/599 x0=0.79816 velocity_parameter=0.8245 elapsed=21.1411s written=6
  crossing 0/250
  stopped velocity row 111 IC 333 x0=0.79816 velocity_parameter=0.8245 status=outer_limit: trajectory reached the configured outer_limit radius
velocity row 111/120 IC 341/599 x0=0.799976 velocity_parameter=0.8245 elapsed=21.1657s written=6
  crossing 0/250
  stopped velocity row 111 IC 341 x0=0.799976 velocity_parameter=0.8245 status=outer_limit: trajectory reached the configured outer_limit radius
velocity row 112/120 IC 323/599 x0=0.79589 velocity_parameter=0.840667 elapsed=21.1708s written=6
  crossing 0/250
  stopped velocity row 112 IC 323 x0=0.79589 velocity_parameter=0.840667 status=outer_limit: trajectory reached the configured outer_limit radius
velocity row 112/120 IC 333/599 x0=0.79816 velocity_parameter=0.840667 elapsed=21.2042s written=6
  crossing 0/250
  stopped velocity row 112 IC 333 x0=0.79816 velocity_parameter=0.840667 status=outer_limit: trajectory reached the configured outer_limit radius
velocity row 112/120 IC 341/599 x0=0.799976 velocity_parameter=0.840667 elapsed=21.2254s written=6
  crossing 0/250
  stopped velocity row 112 IC 341 x0=0.799976 velocity_parameter=0.840667 status=outer_limit: trajectory reached the configured outer_limit radius
velocity row 113/120 IC 323/599 x0=0.79589 velocity_parameter=0.856833 elapsed=21.2285s written=6
  crossing 0/250
  stopped velocity row 113 IC 323 x0=0.79589 velocity_parameter=0.856833 status=outer_limit: trajectory reached the configured outer_limit radius
velocity row 113/120 IC 333/599 x0=0.79816 velocity_parameter=0.856833 elapsed=21.2609s written=6
  crossing 0/250
  stopped velocity row 113 IC 333 x0=0.79816 velocity_parameter=0.856833 status=outer_limit: trajectory reached the configured outer_limit radius
velocity row 113/120 IC 341/599 x0=0.799976 velocity_parameter=0.856833 elapsed=21.2831s written=6
  crossing 0/250
  stopped velocity row 113 IC 341 x0=0.799976 velocity_parameter=0.856833 status=outer_limit: trajectory reached the configured outer_limit radius
velocity row 114/120 IC 323/599 x0=0.79589 velocity_parameter=0.873 elapsed=21.2859s written=6
  crossing 0/250
  stopped velocity row 114 IC 323 x0=0.79589 velocity_parameter=0.873 status=outer_limit: trajectory reached the configured outer_limit radius
velocity row 114/120 IC 333/599 x0=0.79816 velocity_parameter=0.873 elapsed=21.3228s written=6
  crossing 0/250
  stopped velocity row 114 IC 333 x0=0.79816 velocity_parameter=0.873 status=outer_limit: trajectory reached the configured outer_limit radius
velocity row 114/120 IC 341/599 x0=0.799976 velocity_parameter=0.873 elapsed=21.3443s written=6
  crossing 0/250
  stopped velocity row 114 IC 341 x0=0.799976 velocity_parameter=0.873 status=outer_limit: trajectory reached the configured outer_limit radius
velocity row 115/120 IC 323/599 x0=0.79589 velocity_parameter=0.889167 elapsed=21.3476s written=6
  crossing 0/250
  stopped velocity row 115 IC 323 x0=0.79589 velocity_parameter=0.889167 status=outer_limit: trajectory reached the configured outer_limit radius
velocity row 115/120 IC 333/599 x0=0.79816 velocity_parameter=0.889167 elapsed=21.3802s written=6
  crossing 0/250
  stopped velocity row 115 IC 333 x0=0.79816 velocity_parameter=0.889167 status=outer_limit: trajectory reached the configured outer_limit radius
velocity row 115/120 IC 341/599 x0=0.799976 velocity_parameter=0.889167 elapsed=21.4057s written=6
  crossing 0/250
  stopped velocity row 115 IC 341 x0=0.799976 velocity_parameter=0.889167 status=outer_limit: trajectory reached the configured outer_limit radius
velocity row 116/120 IC 323/599 x0=0.79589 velocity_parameter=0.905333 elapsed=21.4088s written=6
  crossing 0/250
  stopped velocity row 116 IC 323 x0=0.79589 velocity_parameter=0.905333 status=outer_limit: trajectory reached the configured outer_limit radius
velocity row 116/120 IC 333/599 x0=0.79816 velocity_parameter=0.905333 elapsed=21.439s written=6
  crossing 0/250
  stopped velocity row 116 IC 333 x0=0.79816 velocity_parameter=0.905333 status=outer_limit: trajectory reached the configured outer_limit radius
velocity row 116/120 IC 341/599 x0=0.799976 velocity_parameter=0.905333 elapsed=21.4635s written=6
  crossing 0/250
  stopped velocity row 116 IC 341 x0=0.799976 velocity_parameter=0.905333 status=outer_limit: trajectory reached the configured outer_limit radius
velocity row 117/120 IC 323/599 x0=0.79589 velocity_parameter=0.9215 elapsed=21.4678s written=6
  crossing 0/250
  stopped velocity row 117 IC 323 x0=0.79589 velocity_parameter=0.9215 status=outer_limit: trajectory reached the configured outer_limit radius
velocity row 117/120 IC 333/599 x0=0.79816 velocity_parameter=0.9215 elapsed=21.4979s written=6
  crossing 0/250
  stopped velocity row 117 IC 333 x0=0.79816 velocity_parameter=0.9215 status=outer_limit: trajectory reached the configured outer_limit radius
velocity row 117/120 IC 341/599 x0=0.799976 velocity_parameter=0.9215 elapsed=21.5216s written=6
  crossing 0/250
  stopped velocity row 117 IC 341 x0=0.799976 velocity_parameter=0.9215 status=outer_limit: trajectory reached the configured outer_limit radius
velocity row 118/120 IC 323/599 x0=0.79589 velocity_parameter=0.937667 elapsed=21.5242s written=6
  crossing 0/250
  stopped velocity row 118 IC 323 x0=0.79589 velocity_parameter=0.937667 status=outer_limit: trajectory reached the configured outer_limit radius
velocity row 118/120 IC 333/599 x0=0.79816 velocity_parameter=0.937667 elapsed=21.5523s written=6
  crossing 0/250
  stopped velocity row 118 IC 333 x0=0.79816 velocity_parameter=0.937667 status=outer_limit: trajectory reached the configured outer_limit radius
velocity row 118/120 IC 341/599 x0=0.799976 velocity_parameter=0.937667 elapsed=21.5768s written=6
  crossing 0/250
  stopped velocity row 118 IC 341 x0=0.799976 velocity_parameter=0.937667 status=outer_limit: trajectory reached the configured outer_limit radius
velocity row 119/120 IC 323/599 x0=0.79589 velocity_parameter=0.953833 elapsed=21.5797s written=6
  crossing 0/250
  stopped velocity row 119 IC 323 x0=0.79589 velocity_parameter=0.953833 status=outer_limit: trajectory reached the configured outer_limit radius
velocity row 119/120 IC 333/599 x0=0.79816 velocity_parameter=0.953833 elapsed=21.6099s written=6
  crossing 0/250
  stopped velocity row 119 IC 333 x0=0.79816 velocity_parameter=0.953833 status=outer_limit: trajectory reached the configured outer_limit radius
velocity row 119/120 IC 341/599 x0=0.799976 velocity_parameter=0.953833 elapsed=21.6346s written=6
  crossing 0/250
  stopped velocity row 119 IC 341 x0=0.799976 velocity_parameter=0.953833 status=outer_limit: trajectory reached the configured outer_limit radius
velocity row 120/120 IC 323/599 x0=0.79589 velocity_parameter=0.97 elapsed=21.6374s written=6
  crossing 0/250
  stopped velocity row 120 IC 323 x0=0.79589 velocity_parameter=0.97 status=outer_limit: trajectory reached the configured outer_limit radius
velocity row 120/120 IC 333/599 x0=0.79816 velocity_parameter=0.97 elapsed=21.6657s written=6
  crossing 0/250
  stopped velocity row 120 IC 333 x0=0.79816 velocity_parameter=0.97 status=outer_limit: trajectory reached the configured outer_limit radius
velocity row 120/120 IC 341/599 x0=0.799976 velocity_parameter=0.97 elapsed=21.6909s written=6
  crossing 0/250
  stopped velocity row 120 IC 341 x0=0.799976 velocity_parameter=0.97 status=outer_limit: trajectory reached the configured outer_limit radius
svg -> /mnt/c/Users/payne/Code/Hill_4BP/professional_neck_studies/e1_dense_001/survey/level_001_delta_1e_minus_3/open/shard_0017/preview.svg
metadata -> /mnt/c/Users/payne/Code/Hill_4BP/professional_neck_studies/e1_dense_001/survey/level_001_delta_1e_minus_3/open/shard_0017/metadata.txt
wrote 6 points (0 ICs skipped, 2299 orbits stopped early, elapsed=21.6959s) -> /mnt/c/Users/payne/Code/Hill_4BP/professional_neck_studies/e1_dense_001/survey/level_001_delta_1e_minus_3/open/shard_0017/points.csv
outcomes: collision=162 completed=0 forbidden=0 inner_radius_limit=0 invalid_initial_radius=0 invalid_velocity=0 nontransverse=0 numerical_failure=0 outer_limit=2137 timeout=0
maximum sampled |H-h|=8.7263e-16
