zero-velocity boundary -> /mnt/c/Users/payne/Code/Hill_4BP/professional_neck_studies/e1_dense_001/survey/level_006_delta_1e_minus_8/open/shard_0009/zero_velocity_boundary.csv
lambda1=0.0272549 lambda2=2.97275 A=-0.986373 B=0.486373 c=0.0976566 c1=0 c2=0 c3=-0.0976566 h=-2.39154 (C=4.78307)
E1/E2 neck h=-2.39154 (C=4.78307), E3/E4 neck h=-0.454039 (C=0.908078)
energy_mode=neck_delta neck=E1 hcrit=-2.39154 delta=1e-08 side=open actual_neck_side=open delta_h=1e-08
x_count=600 xdot_count=121 iterates=250 index range=[171,189] velocity_mode=fraction x_range=[0.79034,0.79077] max_return_time=100
smooth coordinates R=sqrt(rho), CAPD crossing mode=Both solver_order=28 max_step=0.005 abs_tol=1e-15 rel_tol=1e-13 collision_radius=1e-06 outer_radius=5
velocity row 0/120 IC 171/599 x0=0.790462 velocity_parameter=-0.97 elapsed=1.39e-07s written=0
  crossing 0/250
  stopped velocity row 0 IC 171 x0=0.790462 velocity_parameter=-0.97 status=collision: trajectory reached the configured collision radius
  stopped velocity row 0 IC 172 x0=0.790463 velocity_parameter=-0.97 status=collision: trajectory reached the configured collision radius
  stopped velocity row 0 IC 173 x0=0.790464 velocity_parameter=-0.97 status=collision: trajectory reached the configured collision radius
  stopped velocity row 0 IC 174 x0=0.790465 velocity_parameter=-0.97 status=collision: trajectory reached the configured collision radius
  stopped velocity row 0 IC 175 x0=0.790465 velocity_parameter=-0.97 status=collision: trajectory reached the configured collision radius
  stopped velocity row 0 IC 176 x0=0.790466 velocity_parameter=-0.97 status=collision: trajectory reached the configured collision radius
  stopped velocity row 0 IC 177 x0=0.790467 velocity_parameter=-0.97 status=collision: trajectory reached the configured collision radius
  stopped velocity row 0 IC 178 x0=0.790467 velocity_parameter=-0.97 status=collision: trajectory reached the configured collision radius
  stopped velocity row 0 IC 179 x0=0.790468 velocity_parameter=-0.97 status=collision: trajectory reached the configured collision radius
  stopped velocity row 0 IC 180 x0=0.790469 velocity_parameter=-0.97 status=collision: trajectory reached the configured collision radius
velocity row 0/120 IC 181/599 x0=0.79047 velocity_parameter=-0.97 elapsed=0.906361s written=0
  crossing 0/250
  stopped velocity row 0 IC 181 x0=0.79047 velocity_parameter=-0.97 status=collision: trajectory reached the configured collision radius
velocity row 0/120 IC 189/599 x0=0.790475 velocity_parameter=-0.97 elapsed=1.6201s written=0
  crossing 0/250
  stopped velocity row 0 IC 189 x0=0.790475 velocity_parameter=-0.97 status=collision: trajectory reached the configured collision radius
velocity row 1/120 IC 171/599 x0=0.790462 velocity_parameter=-0.953833 elapsed=1.71038s written=0
  crossing 0/250
  stopped velocity row 1 IC 171 x0=0.790462 velocity_parameter=-0.953833 status=collision: trajectory reached the configured collision radius
velocity row 1/120 IC 181/599 x0=0.79047 velocity_parameter=-0.953833 elapsed=2.60836s written=0
  crossing 0/250
  stopped velocity row 1 IC 181 x0=0.79047 velocity_parameter=-0.953833 status=collision: trajectory reached the configured collision radius
velocity row 1/120 IC 189/599 x0=0.790475 velocity_parameter=-0.953833 elapsed=3.31317s written=0
  crossing 0/250
  stopped velocity row 1 IC 189 x0=0.790475 velocity_parameter=-0.953833 status=collision: trajectory reached the configured collision radius
velocity row 2/120 IC 171/599 x0=0.790462 velocity_parameter=-0.937667 elapsed=3.41289s written=0
  crossing 0/250
  stopped velocity row 2 IC 171 x0=0.790462 velocity_parameter=-0.937667 status=collision: trajectory reached the configured collision radius
velocity row 2/120 IC 181/599 x0=0.79047 velocity_parameter=-0.937667 elapsed=4.28706s written=0
  crossing 0/250
  stopped velocity row 2 IC 181 x0=0.79047 velocity_parameter=-0.937667 status=collision: trajectory reached the configured collision radius
velocity row 2/120 IC 189/599 x0=0.790475 velocity_parameter=-0.937667 elapsed=5.03278s written=0
  crossing 0/250
  stopped velocity row 2 IC 189 x0=0.790475 velocity_parameter=-0.937667 status=collision: trajectory reached the configured collision radius
velocity row 3/120 IC 171/599 x0=0.790462 velocity_parameter=-0.9215 elapsed=5.12541s written=0
  crossing 0/250
  stopped velocity row 3 IC 171 x0=0.790462 velocity_parameter=-0.9215 status=collision: trajectory reached the configured collision radius
velocity row 3/120 IC 181/599 x0=0.79047 velocity_parameter=-0.9215 elapsed=6.03569s written=0
  crossing 0/250
  stopped velocity row 3 IC 181 x0=0.79047 velocity_parameter=-0.9215 status=collision: trajectory reached the configured collision radius
velocity row 3/120 IC 189/599 x0=0.790475 velocity_parameter=-0.9215 elapsed=6.74013s written=0
  crossing 0/250
  stopped velocity row 3 IC 189 x0=0.790475 velocity_parameter=-0.9215 status=collision: trajectory reached the configured collision radius
velocity row 4/120 IC 171/599 x0=0.790462 velocity_parameter=-0.905333 elapsed=6.82924s written=0
  crossing 0/250
  stopped velocity row 4 IC 171 x0=0.790462 velocity_parameter=-0.905333 status=collision: trajectory reached the configured collision radius
velocity row 4/120 IC 181/599 x0=0.79047 velocity_parameter=-0.905333 elapsed=7.69438s written=0
  crossing 0/250
  stopped velocity row 4 IC 181 x0=0.79047 velocity_parameter=-0.905333 status=collision: trajectory reached the configured collision radius
velocity row 4/120 IC 189/599 x0=0.790475 velocity_parameter=-0.905333 elapsed=8.44414s written=0
  crossing 0/250
  stopped velocity row 4 IC 189 x0=0.790475 velocity_parameter=-0.905333 status=collision: trajectory reached the configured collision radius
velocity row 5/120 IC 171/599 x0=0.790462 velocity_parameter=-0.889167 elapsed=8.53232s written=0
  crossing 0/250
  stopped velocity row 5 IC 171 x0=0.790462 velocity_parameter=-0.889167 status=collision: trajectory reached the configured collision radius
velocity row 5/120 IC 181/599 x0=0.79047 velocity_parameter=-0.889167 elapsed=9.46795s written=0
  crossing 0/250
  stopped velocity row 5 IC 181 x0=0.79047 velocity_parameter=-0.889167 status=collision: trajectory reached the configured collision radius
velocity row 5/120 IC 189/599 x0=0.790475 velocity_parameter=-0.889167 elapsed=10.1872s written=0
  crossing 0/250
  stopped velocity row 5 IC 189 x0=0.790475 velocity_parameter=-0.889167 status=collision: trajectory reached the configured collision radius
velocity row 6/120 IC 171/599 x0=0.790462 velocity_parameter=-0.873 elapsed=10.2706s written=0
  crossing 0/250
  stopped velocity row 6 IC 171 x0=0.790462 velocity_parameter=-0.873 status=collision: trajectory reached the configured collision radius
velocity row 6/120 IC 181/599 x0=0.79047 velocity_parameter=-0.873 elapsed=11.1198s written=0
  crossing 0/250
  stopped velocity row 6 IC 181 x0=0.79047 velocity_parameter=-0.873 status=collision: trajectory reached the configured collision radius
velocity row 6/120 IC 189/599 x0=0.790475 velocity_parameter=-0.873 elapsed=11.813s written=0
  crossing 0/250
  stopped velocity row 6 IC 189 x0=0.790475 velocity_parameter=-0.873 status=collision: trajectory reached the configured collision radius
velocity row 7/120 IC 171/599 x0=0.790462 velocity_parameter=-0.856833 elapsed=11.9012s written=0
  crossing 0/250
  stopped velocity row 7 IC 171 x0=0.790462 velocity_parameter=-0.856833 status=collision: trajectory reached the configured collision radius
velocity row 7/120 IC 181/599 x0=0.79047 velocity_parameter=-0.856833 elapsed=12.7656s written=0
  crossing 0/250
  stopped velocity row 7 IC 181 x0=0.79047 velocity_parameter=-0.856833 status=collision: trajectory reached the configured collision radius
velocity row 7/120 IC 189/599 x0=0.790475 velocity_parameter=-0.856833 elapsed=13.4488s written=0
  crossing 0/250
  stopped velocity row 7 IC 189 x0=0.790475 velocity_parameter=-0.856833 status=collision: trajectory reached the configured collision radius
velocity row 8/120 IC 171/599 x0=0.790462 velocity_parameter=-0.840667 elapsed=13.5382s written=0
  crossing 0/250
  stopped velocity row 8 IC 171 x0=0.790462 velocity_parameter=-0.840667 status=collision: trajectory reached the configured collision radius
velocity row 8/120 IC 181/599 x0=0.79047 velocity_parameter=-0.840667 elapsed=14.424s written=0
  crossing 0/250
  stopped velocity row 8 IC 181 x0=0.79047 velocity_parameter=-0.840667 status=collision: trajectory reached the configured collision radius
velocity row 8/120 IC 189/599 x0=0.790475 velocity_parameter=-0.840667 elapsed=15.1045s written=0
  crossing 0/250
  stopped velocity row 8 IC 189 x0=0.790475 velocity_parameter=-0.840667 status=collision: trajectory reached the configured collision radius
velocity row 9/120 IC 171/599 x0=0.790462 velocity_parameter=-0.8245 elapsed=15.1897s written=0
  crossing 0/250
  stopped velocity row 9 IC 171 x0=0.790462 velocity_parameter=-0.8245 status=collision: trajectory reached the configured collision radius
velocity row 9/120 IC 181/599 x0=0.79047 velocity_parameter=-0.8245 elapsed=16.0425s written=0
  crossing 0/250
  stopped velocity row 9 IC 181 x0=0.79047 velocity_parameter=-0.8245 status=collision: trajectory reached the configured collision radius
velocity row 9/120 IC 189/599 x0=0.790475 velocity_parameter=-0.8245 elapsed=16.7421s written=0
  crossing 0/250
  stopped velocity row 9 IC 189 x0=0.790475 velocity_parameter=-0.8245 status=collision: trajectory reached the configured collision radius
velocity row 10/120 IC 171/599 x0=0.790462 velocity_parameter=-0.808333 elapsed=16.8232s written=0
  crossing 0/250
  stopped velocity row 10 IC 171 x0=0.790462 velocity_parameter=-0.808333 status=collision: trajectory reached the configured collision radius
velocity row 10/120 IC 181/599 x0=0.79047 velocity_parameter=-0.808333 elapsed=17.6771s written=0
  crossing 0/250
  stopped velocity row 10 IC 181 x0=0.79047 velocity_parameter=-0.808333 status=collision: trajectory reached the configured collision radius
velocity row 10/120 IC 189/599 x0=0.790475 velocity_parameter=-0.808333 elapsed=18.3639s written=0
  crossing 0/250
  stopped velocity row 10 IC 189 x0=0.790475 velocity_parameter=-0.808333 status=collision: trajectory reached the configured collision radius
velocity row 11/120 IC 171/599 x0=0.790462 velocity_parameter=-0.792167 elapsed=18.4504s written=0
  crossing 0/250
  stopped velocity row 11 IC 171 x0=0.790462 velocity_parameter=-0.792167 status=collision: trajectory reached the configured collision radius
velocity row 11/120 IC 181/599 x0=0.79047 velocity_parameter=-0.792167 elapsed=19.3209s written=0
  crossing 0/250
  stopped velocity row 11 IC 181 x0=0.79047 velocity_parameter=-0.792167 status=collision: trajectory reached the configured collision radius
velocity row 11/120 IC 189/599 x0=0.790475 velocity_parameter=-0.792167 elapsed=20.033s written=0
  crossing 0/250
  stopped velocity row 11 IC 189 x0=0.790475 velocity_parameter=-0.792167 status=collision: trajectory reached the configured collision radius
velocity row 12/120 IC 171/599 x0=0.790462 velocity_parameter=-0.776 elapsed=20.1172s written=0
  crossing 0/250
  stopped velocity row 12 IC 171 x0=0.790462 velocity_parameter=-0.776 status=collision: trajectory reached the configured collision radius
velocity row 12/120 IC 181/599 x0=0.79047 velocity_parameter=-0.776 elapsed=20.9715s written=0
  crossing 0/250
  stopped velocity row 12 IC 181 x0=0.79047 velocity_parameter=-0.776 status=collision: trajectory reached the configured collision radius
velocity row 12/120 IC 189/599 x0=0.790475 velocity_parameter=-0.776 elapsed=21.6472s written=0
  crossing 0/250
  stopped velocity row 12 IC 189 x0=0.790475 velocity_parameter=-0.776 status=collision: trajectory reached the configured collision radius
velocity row 13/120 IC 171/599 x0=0.790462 velocity_parameter=-0.759833 elapsed=21.7316s written=0
  crossing 0/250
  stopped velocity row 13 IC 171 x0=0.790462 velocity_parameter=-0.759833 status=collision: trajectory reached the configured collision radius
velocity row 13/120 IC 181/599 x0=0.79047 velocity_parameter=-0.759833 elapsed=22.5969s written=0
  crossing 0/250
  stopped velocity row 13 IC 181 x0=0.79047 velocity_parameter=-0.759833 status=collision: trajectory reached the configured collision radius
velocity row 13/120 IC 189/599 x0=0.790475 velocity_parameter=-0.759833 elapsed=23.279s written=0
  crossing 0/250
  stopped velocity row 13 IC 189 x0=0.790475 velocity_parameter=-0.759833 status=collision: trajectory reached the configured collision radius
velocity row 14/120 IC 171/599 x0=0.790462 velocity_parameter=-0.743667 elapsed=23.3648s written=0
  crossing 0/250
  stopped velocity row 14 IC 171 x0=0.790462 velocity_parameter=-0.743667 status=collision: trajectory reached the configured collision radius
velocity row 14/120 IC 181/599 x0=0.79047 velocity_parameter=-0.743667 elapsed=24.2254s written=0
  crossing 0/250
  stopped velocity row 14 IC 181 x0=0.79047 velocity_parameter=-0.743667 status=collision: trajectory reached the configured collision radius
velocity row 14/120 IC 189/599 x0=0.790475 velocity_parameter=-0.743667 elapsed=24.9097s written=0
  crossing 0/250
  stopped velocity row 14 IC 189 x0=0.790475 velocity_parameter=-0.743667 status=collision: trajectory reached the configured collision radius
velocity row 15/120 IC 171/599 x0=0.790462 velocity_parameter=-0.7275 elapsed=24.9955s written=0
  crossing 0/250
  stopped velocity row 15 IC 171 x0=0.790462 velocity_parameter=-0.7275 status=collision: trajectory reached the configured collision radius
velocity row 15/120 IC 181/599 x0=0.79047 velocity_parameter=-0.7275 elapsed=25.85s written=0
  crossing 0/250
  stopped velocity row 15 IC 181 x0=0.79047 velocity_parameter=-0.7275 status=collision: trajectory reached the configured collision radius
velocity row 15/120 IC 189/599 x0=0.790475 velocity_parameter=-0.7275 elapsed=26.5438s written=0
  crossing 0/250
  stopped velocity row 15 IC 189 x0=0.790475 velocity_parameter=-0.7275 status=collision: trajectory reached the configured collision radius
velocity row 16/120 IC 171/599 x0=0.790462 velocity_parameter=-0.711333 elapsed=26.6279s written=0
  crossing 0/250
  stopped velocity row 16 IC 171 x0=0.790462 velocity_parameter=-0.711333 status=collision: trajectory reached the configured collision radius
velocity row 16/120 IC 181/599 x0=0.79047 velocity_parameter=-0.711333 elapsed=27.5084s written=0
  crossing 0/250
  stopped velocity row 16 IC 181 x0=0.79047 velocity_parameter=-0.711333 status=collision: trajectory reached the configured collision radius
velocity row 16/120 IC 189/599 x0=0.790475 velocity_parameter=-0.711333 elapsed=28.2036s written=0
  crossing 0/250
  stopped velocity row 16 IC 189 x0=0.790475 velocity_parameter=-0.711333 status=collision: trajectory reached the configured collision radius
velocity row 17/120 IC 171/599 x0=0.790462 velocity_parameter=-0.695167 elapsed=28.2914s written=0
  crossing 0/250
  stopped velocity row 17 IC 171 x0=0.790462 velocity_parameter=-0.695167 status=collision: trajectory reached the configured collision radius
velocity row 17/120 IC 181/599 x0=0.79047 velocity_parameter=-0.695167 elapsed=29.1503s written=0
  crossing 0/250
  stopped velocity row 17 IC 181 x0=0.79047 velocity_parameter=-0.695167 status=collision: trajectory reached the configured collision radius
velocity row 17/120 IC 189/599 x0=0.790475 velocity_parameter=-0.695167 elapsed=29.8238s written=0
  crossing 0/250
  stopped velocity row 17 IC 189 x0=0.790475 velocity_parameter=-0.695167 status=collision: trajectory reached the configured collision radius
velocity row 18/120 IC 171/599 x0=0.790462 velocity_parameter=-0.679 elapsed=29.9035s written=0
  crossing 0/250
  stopped velocity row 18 IC 171 x0=0.790462 velocity_parameter=-0.679 status=collision: trajectory reached the configured collision radius
velocity row 18/120 IC 181/599 x0=0.79047 velocity_parameter=-0.679 elapsed=30.6398s written=0
  crossing 0/250
  stopped velocity row 18 IC 181 x0=0.79047 velocity_parameter=-0.679 status=collision: trajectory reached the configured collision radius
velocity row 18/120 IC 189/599 x0=0.790475 velocity_parameter=-0.679 elapsed=31.2067s written=0
  crossing 0/250
  stopped velocity row 18 IC 189 x0=0.790475 velocity_parameter=-0.679 status=collision: trajectory reached the configured collision radius
velocity row 19/120 IC 171/599 x0=0.790462 velocity_parameter=-0.662833 elapsed=31.2726s written=0
  crossing 0/250
  stopped velocity row 19 IC 171 x0=0.790462 velocity_parameter=-0.662833 status=collision: trajectory reached the configured collision radius
velocity row 19/120 IC 181/599 x0=0.79047 velocity_parameter=-0.662833 elapsed=31.9748s written=0
  crossing 0/250
  stopped velocity row 19 IC 181 x0=0.79047 velocity_parameter=-0.662833 status=collision: trajectory reached the configured collision radius
velocity row 19/120 IC 189/599 x0=0.790475 velocity_parameter=-0.662833 elapsed=32.4565s written=0
  crossing 0/250
  stopped velocity row 19 IC 189 x0=0.790475 velocity_parameter=-0.662833 status=collision: trajectory reached the configured collision radius
velocity row 20/120 IC 171/599 x0=0.790462 velocity_parameter=-0.646667 elapsed=32.5131s written=0
  crossing 0/250
  stopped velocity row 20 IC 171 x0=0.790462 velocity_parameter=-0.646667 status=collision: trajectory reached the configured collision radius
velocity row 20/120 IC 181/599 x0=0.79047 velocity_parameter=-0.646667 elapsed=33.1327s written=0
  crossing 0/250
  stopped velocity row 20 IC 181 x0=0.79047 velocity_parameter=-0.646667 status=collision: trajectory reached the configured collision radius
velocity row 20/120 IC 189/599 x0=0.790475 velocity_parameter=-0.646667 elapsed=33.6066s written=0
  crossing 0/250
  stopped velocity row 20 IC 189 x0=0.790475 velocity_parameter=-0.646667 status=collision: trajectory reached the configured collision radius
velocity row 21/120 IC 171/599 x0=0.790462 velocity_parameter=-0.6305 elapsed=33.6627s written=0
  crossing 0/250
  stopped velocity row 21 IC 171 x0=0.790462 velocity_parameter=-0.6305 status=collision: trajectory reached the configured collision radius
velocity row 21/120 IC 181/599 x0=0.79047 velocity_parameter=-0.6305 elapsed=34.1729s written=0
  crossing 0/250
  stopped velocity row 21 IC 181 x0=0.79047 velocity_parameter=-0.6305 status=collision: trajectory reached the configured collision radius
velocity row 21/120 IC 189/599 x0=0.790475 velocity_parameter=-0.6305 elapsed=34.5995s written=0
  crossing 0/250
  stopped velocity row 21 IC 189 x0=0.790475 velocity_parameter=-0.6305 status=collision: trajectory reached the configured collision radius
velocity row 22/120 IC 171/599 x0=0.790462 velocity_parameter=-0.614333 elapsed=34.6788s written=0
  crossing 0/250
  stopped velocity row 22 IC 171 x0=0.790462 velocity_parameter=-0.614333 status=collision: trajectory reached the configured collision radius
velocity row 22/120 IC 181/599 x0=0.79047 velocity_parameter=-0.614333 elapsed=35.2612s written=0
  crossing 0/250
  stopped velocity row 22 IC 181 x0=0.79047 velocity_parameter=-0.614333 status=collision: trajectory reached the configured collision radius
velocity row 22/120 IC 189/599 x0=0.790475 velocity_parameter=-0.614333 elapsed=35.746s written=0
  crossing 0/250
  stopped velocity row 22 IC 189 x0=0.790475 velocity_parameter=-0.614333 status=collision: trajectory reached the configured collision radius
velocity row 23/120 IC 171/599 x0=0.790462 velocity_parameter=-0.598167 elapsed=35.8033s written=0
  crossing 0/250
  stopped velocity row 23 IC 171 x0=0.790462 velocity_parameter=-0.598167 status=collision: trajectory reached the configured collision radius
velocity row 23/120 IC 181/599 x0=0.79047 velocity_parameter=-0.598167 elapsed=36.3278s written=0
  crossing 0/250
  stopped velocity row 23 IC 181 x0=0.79047 velocity_parameter=-0.598167 status=collision: trajectory reached the configured collision radius
velocity row 23/120 IC 189/599 x0=0.790475 velocity_parameter=-0.598167 elapsed=36.7362s written=0
  crossing 0/250
  stopped velocity row 23 IC 189 x0=0.790475 velocity_parameter=-0.598167 status=collision: trajectory reached the configured collision radius
velocity row 24/120 IC 171/599 x0=0.790462 velocity_parameter=-0.582 elapsed=36.8106s written=0
  crossing 0/250
  stopped velocity row 24 IC 171 x0=0.790462 velocity_parameter=-0.582 status=collision: trajectory reached the configured collision radius
velocity row 24/120 IC 181/599 x0=0.79047 velocity_parameter=-0.582 elapsed=37.3479s written=0
  crossing 0/250
  stopped velocity row 24 IC 181 x0=0.79047 velocity_parameter=-0.582 status=collision: trajectory reached the configured collision radius
velocity row 24/120 IC 189/599 x0=0.790475 velocity_parameter=-0.582 elapsed=37.7775s written=0
  crossing 0/250
  stopped velocity row 24 IC 189 x0=0.790475 velocity_parameter=-0.582 status=collision: trajectory reached the configured collision radius
velocity row 25/120 IC 171/599 x0=0.790462 velocity_parameter=-0.565833 elapsed=37.8473s written=0
  crossing 0/250
  stopped velocity row 25 IC 171 x0=0.790462 velocity_parameter=-0.565833 status=collision: trajectory reached the configured collision radius
velocity row 25/120 IC 181/599 x0=0.79047 velocity_parameter=-0.565833 elapsed=38.4315s written=0
  crossing 0/250
  stopped velocity row 25 IC 181 x0=0.79047 velocity_parameter=-0.565833 status=collision: trajectory reached the configured collision radius
velocity row 25/120 IC 189/599 x0=0.790475 velocity_parameter=-0.565833 elapsed=38.9375s written=0
  crossing 0/250
  stopped velocity row 25 IC 189 x0=0.790475 velocity_parameter=-0.565833 status=collision: trajectory reached the configured collision radius
velocity row 26/120 IC 171/599 x0=0.790462 velocity_parameter=-0.549667 elapsed=38.9765s written=0
  crossing 0/250
  stopped velocity row 26 IC 171 x0=0.790462 velocity_parameter=-0.549667 status=collision: trajectory reached the configured collision radius
velocity row 26/120 IC 181/599 x0=0.79047 velocity_parameter=-0.549667 elapsed=39.6224s written=0
  crossing 0/250
  stopped velocity row 26 IC 181 x0=0.79047 velocity_parameter=-0.549667 status=collision: trajectory reached the configured collision radius
velocity row 26/120 IC 189/599 x0=0.790475 velocity_parameter=-0.549667 elapsed=40.0458s written=0
  crossing 0/250
  stopped velocity row 26 IC 189 x0=0.790475 velocity_parameter=-0.549667 status=collision: trajectory reached the configured collision radius
velocity row 27/120 IC 171/599 x0=0.790462 velocity_parameter=-0.5335 elapsed=40.1133s written=0
  crossing 0/250
  stopped velocity row 27 IC 171 x0=0.790462 velocity_parameter=-0.5335 status=collision: trajectory reached the configured collision radius
velocity row 27/120 IC 181/599 x0=0.79047 velocity_parameter=-0.5335 elapsed=40.5492s written=0
  crossing 0/250
  stopped velocity row 27 IC 181 x0=0.79047 velocity_parameter=-0.5335 status=collision: trajectory reached the configured collision radius
velocity row 27/120 IC 189/599 x0=0.790475 velocity_parameter=-0.5335 elapsed=40.9292s written=0
  crossing 0/250
  stopped velocity row 27 IC 189 x0=0.790475 velocity_parameter=-0.5335 status=collision: trajectory reached the configured collision radius
velocity row 28/120 IC 171/599 x0=0.790462 velocity_parameter=-0.517333 elapsed=40.9903s written=0
  crossing 0/250
  stopped velocity row 28 IC 171 x0=0.790462 velocity_parameter=-0.517333 status=collision: trajectory reached the configured collision radius
velocity row 28/120 IC 181/599 x0=0.79047 velocity_parameter=-0.517333 elapsed=41.465s written=0
  crossing 0/250
  stopped velocity row 28 IC 181 x0=0.79047 velocity_parameter=-0.517333 status=collision: trajectory reached the configured collision radius
velocity row 28/120 IC 189/599 x0=0.790475 velocity_parameter=-0.517333 elapsed=41.8904s written=0
  crossing 0/250
  stopped velocity row 28 IC 189 x0=0.790475 velocity_parameter=-0.517333 status=collision: trajectory reached the configured collision radius
velocity row 29/120 IC 171/599 x0=0.790462 velocity_parameter=-0.501167 elapsed=41.929s written=0
  crossing 0/250
  stopped velocity row 29 IC 171 x0=0.790462 velocity_parameter=-0.501167 status=collision: trajectory reached the configured collision radius
velocity row 29/120 IC 181/599 x0=0.79047 velocity_parameter=-0.501167 elapsed=42.4205s written=0
  crossing 0/250
  stopped velocity row 29 IC 181 x0=0.79047 velocity_parameter=-0.501167 status=collision: trajectory reached the configured collision radius
velocity row 29/120 IC 189/599 x0=0.790475 velocity_parameter=-0.501167 elapsed=42.7181s written=0
  crossing 0/250
  stopped velocity row 29 IC 189 x0=0.790475 velocity_parameter=-0.501167 status=collision: trajectory reached the configured collision radius
velocity row 30/120 IC 171/599 x0=0.790462 velocity_parameter=-0.485 elapsed=42.7677s written=0
  crossing 0/250
  stopped velocity row 30 IC 171 x0=0.790462 velocity_parameter=-0.485 status=collision: trajectory reached the configured collision radius
velocity row 30/120 IC 181/599 x0=0.79047 velocity_parameter=-0.485 elapsed=43.1836s written=0
  crossing 0/250
  stopped velocity row 30 IC 181 x0=0.79047 velocity_parameter=-0.485 status=collision: trajectory reached the configured collision radius
velocity row 30/120 IC 189/599 x0=0.790475 velocity_parameter=-0.485 elapsed=43.5308s written=0
  crossing 0/250
  stopped velocity row 30 IC 189 x0=0.790475 velocity_parameter=-0.485 status=collision: trajectory reached the configured collision radius
velocity row 31/120 IC 171/599 x0=0.790462 velocity_parameter=-0.468833 elapsed=43.5677s written=0
  crossing 0/250
  stopped velocity row 31 IC 171 x0=0.790462 velocity_parameter=-0.468833 status=collision: trajectory reached the configured collision radius
velocity row 31/120 IC 181/599 x0=0.79047 velocity_parameter=-0.468833 elapsed=43.9569s written=0
  crossing 0/250
  stopped velocity row 31 IC 181 x0=0.79047 velocity_parameter=-0.468833 status=collision: trajectory reached the configured collision radius
velocity row 31/120 IC 189/599 x0=0.790475 velocity_parameter=-0.468833 elapsed=44.2929s written=0
  crossing 0/250
  stopped velocity row 31 IC 189 x0=0.790475 velocity_parameter=-0.468833 status=collision: trajectory reached the configured collision radius
velocity row 32/120 IC 171/599 x0=0.790462 velocity_parameter=-0.452667 elapsed=44.3322s written=0
  crossing 0/250
  stopped velocity row 32 IC 171 x0=0.790462 velocity_parameter=-0.452667 status=collision: trajectory reached the configured collision radius
velocity row 32/120 IC 181/599 x0=0.79047 velocity_parameter=-0.452667 elapsed=44.7748s written=0
  crossing 0/250
  stopped velocity row 32 IC 181 x0=0.79047 velocity_parameter=-0.452667 status=collision: trajectory reached the configured collision radius
velocity row 32/120 IC 189/599 x0=0.790475 velocity_parameter=-0.452667 elapsed=45.1318s written=0
  crossing 0/250
  stopped velocity row 32 IC 189 x0=0.790475 velocity_parameter=-0.452667 status=collision: trajectory reached the configured collision radius
velocity row 33/120 IC 171/599 x0=0.790462 velocity_parameter=-0.4365 elapsed=45.1707s written=0
  crossing 0/250
  stopped velocity row 33 IC 171 x0=0.790462 velocity_parameter=-0.4365 status=collision: trajectory reached the configured collision radius
velocity row 33/120 IC 181/599 x0=0.79047 velocity_parameter=-0.4365 elapsed=45.6226s written=0
  crossing 0/250
  stopped velocity row 33 IC 181 x0=0.79047 velocity_parameter=-0.4365 status=collision: trajectory reached the configured collision radius
velocity row 33/120 IC 189/599 x0=0.790475 velocity_parameter=-0.4365 elapsed=45.9809s written=0
  crossing 0/250
  stopped velocity row 33 IC 189 x0=0.790475 velocity_parameter=-0.4365 status=collision: trajectory reached the configured collision radius
velocity row 34/120 IC 171/599 x0=0.790462 velocity_parameter=-0.420333 elapsed=46.0305s written=0
  crossing 0/250
  stopped velocity row 34 IC 171 x0=0.790462 velocity_parameter=-0.420333 status=collision: trajectory reached the configured collision radius
velocity row 34/120 IC 181/599 x0=0.79047 velocity_parameter=-0.420333 elapsed=46.5232s written=0
  crossing 0/250
  stopped velocity row 34 IC 181 x0=0.79047 velocity_parameter=-0.420333 status=collision: trajectory reached the configured collision radius
velocity row 34/120 IC 189/599 x0=0.790475 velocity_parameter=-0.420333 elapsed=46.8922s written=0
  crossing 0/250
  stopped velocity row 34 IC 189 x0=0.790475 velocity_parameter=-0.420333 status=collision: trajectory reached the configured collision radius
velocity row 35/120 IC 171/599 x0=0.790462 velocity_parameter=-0.404167 elapsed=46.9397s written=0
  crossing 0/250
  stopped velocity row 35 IC 171 x0=0.790462 velocity_parameter=-0.404167 status=collision: trajectory reached the configured collision radius
velocity row 35/120 IC 181/599 x0=0.79047 velocity_parameter=-0.404167 elapsed=47.458s written=0
  crossing 0/250
  stopped velocity row 35 IC 181 x0=0.79047 velocity_parameter=-0.404167 status=collision: trajectory reached the configured collision radius
velocity row 35/120 IC 189/599 x0=0.790475 velocity_parameter=-0.404167 elapsed=47.8684s written=0
  crossing 0/250
  stopped velocity row 35 IC 189 x0=0.790475 velocity_parameter=-0.404167 status=collision: trajectory reached the configured collision radius
velocity row 36/120 IC 171/599 x0=0.790462 velocity_parameter=-0.388 elapsed=47.9181s written=0
  crossing 0/250
  stopped velocity row 36 IC 171 x0=0.790462 velocity_parameter=-0.388 status=collision: trajectory reached the configured collision radius
velocity row 36/120 IC 181/599 x0=0.79047 velocity_parameter=-0.388 elapsed=48.3398s written=0
  crossing 0/250
  stopped velocity row 36 IC 181 x0=0.79047 velocity_parameter=-0.388 status=collision: trajectory reached the configured collision radius
velocity row 36/120 IC 189/599 x0=0.790475 velocity_parameter=-0.388 elapsed=48.6788s written=0
  crossing 0/250
  stopped velocity row 36 IC 189 x0=0.790475 velocity_parameter=-0.388 status=collision: trajectory reached the configured collision radius
velocity row 37/120 IC 171/599 x0=0.790462 velocity_parameter=-0.371833 elapsed=48.717s written=0
  crossing 0/250
  stopped velocity row 37 IC 171 x0=0.790462 velocity_parameter=-0.371833 status=collision: trajectory reached the configured collision radius
velocity row 37/120 IC 181/599 x0=0.79047 velocity_parameter=-0.371833 elapsed=49.1977s written=0
  crossing 0/250
  stopped velocity row 37 IC 181 x0=0.79047 velocity_parameter=-0.371833 status=collision: trajectory reached the configured collision radius
velocity row 37/120 IC 189/599 x0=0.790475 velocity_parameter=-0.371833 elapsed=49.5723s written=0
  crossing 0/250
  stopped velocity row 37 IC 189 x0=0.790475 velocity_parameter=-0.371833 status=collision: trajectory reached the configured collision radius
velocity row 38/120 IC 171/599 x0=0.790462 velocity_parameter=-0.355667 elapsed=49.6092s written=0
  crossing 0/250
  stopped velocity row 38 IC 171 x0=0.790462 velocity_parameter=-0.355667 status=collision: trajectory reached the configured collision radius
velocity row 38/120 IC 181/599 x0=0.79047 velocity_parameter=-0.355667 elapsed=50.0499s written=0
  crossing 0/250
  stopped velocity row 38 IC 181 x0=0.79047 velocity_parameter=-0.355667 status=collision: trajectory reached the configured collision radius
velocity row 38/120 IC 189/599 x0=0.790475 velocity_parameter=-0.355667 elapsed=50.4681s written=0
  crossing 0/250
  stopped velocity row 38 IC 189 x0=0.790475 velocity_parameter=-0.355667 status=collision: trajectory reached the configured collision radius
velocity row 39/120 IC 171/599 x0=0.790462 velocity_parameter=-0.3395 elapsed=50.5101s written=0
  crossing 0/250
  stopped velocity row 39 IC 171 x0=0.790462 velocity_parameter=-0.3395 status=collision: trajectory reached the configured collision radius
velocity row 39/120 IC 181/599 x0=0.79047 velocity_parameter=-0.3395 elapsed=50.9402s written=0
  crossing 0/250
  stopped velocity row 39 IC 181 x0=0.79047 velocity_parameter=-0.3395 status=collision: trajectory reached the configured collision radius
velocity row 39/120 IC 189/599 x0=0.790475 velocity_parameter=-0.3395 elapsed=51.3421s written=0
  crossing 0/250
  stopped velocity row 39 IC 189 x0=0.790475 velocity_parameter=-0.3395 status=collision: trajectory reached the configured collision radius
velocity row 40/120 IC 171/599 x0=0.790462 velocity_parameter=-0.323333 elapsed=51.3806s written=0
  crossing 0/250
  stopped velocity row 40 IC 171 x0=0.790462 velocity_parameter=-0.323333 status=collision: trajectory reached the configured collision radius
velocity row 40/120 IC 181/599 x0=0.79047 velocity_parameter=-0.323333 elapsed=51.7771s written=0
  crossing 0/250
  stopped velocity row 40 IC 181 x0=0.79047 velocity_parameter=-0.323333 status=collision: trajectory reached the configured collision radius
velocity row 40/120 IC 189/599 x0=0.790475 velocity_parameter=-0.323333 elapsed=52.1354s written=0
  crossing 0/250
  stopped velocity row 40 IC 189 x0=0.790475 velocity_parameter=-0.323333 status=collision: trajectory reached the configured collision radius
velocity row 41/120 IC 171/599 x0=0.790462 velocity_parameter=-0.307167 elapsed=52.1794s written=0
  crossing 0/250
  stopped velocity row 41 IC 171 x0=0.790462 velocity_parameter=-0.307167 status=collision: trajectory reached the configured collision radius
velocity row 41/120 IC 181/599 x0=0.79047 velocity_parameter=-0.307167 elapsed=52.659s written=0
  crossing 0/250
  stopped velocity row 41 IC 181 x0=0.79047 velocity_parameter=-0.307167 status=collision: trajectory reached the configured collision radius
velocity row 41/120 IC 189/599 x0=0.790475 velocity_parameter=-0.307167 elapsed=53.0625s written=0
  crossing 0/250
  stopped velocity row 41 IC 189 x0=0.790475 velocity_parameter=-0.307167 status=collision: trajectory reached the configured collision radius
velocity row 42/120 IC 171/599 x0=0.790462 velocity_parameter=-0.291 elapsed=53.1013s written=0
  crossing 0/250
  stopped velocity row 42 IC 171 x0=0.790462 velocity_parameter=-0.291 status=collision: trajectory reached the configured collision radius
velocity row 42/120 IC 181/599 x0=0.79047 velocity_parameter=-0.291 elapsed=53.5627s written=0
  crossing 0/250
  stopped velocity row 42 IC 181 x0=0.79047 velocity_parameter=-0.291 status=collision: trajectory reached the configured collision radius
velocity row 42/120 IC 189/599 x0=0.790475 velocity_parameter=-0.291 elapsed=53.8995s written=0
  crossing 0/250
  stopped velocity row 42 IC 189 x0=0.790475 velocity_parameter=-0.291 status=collision: trajectory reached the configured collision radius
velocity row 43/120 IC 171/599 x0=0.790462 velocity_parameter=-0.274833 elapsed=53.9686s written=0
  crossing 0/250
  stopped velocity row 43 IC 171 x0=0.790462 velocity_parameter=-0.274833 status=collision: trajectory reached the configured collision radius
velocity row 43/120 IC 181/599 x0=0.79047 velocity_parameter=-0.274833 elapsed=54.4709s written=0
  crossing 0/250
  stopped velocity row 43 IC 181 x0=0.79047 velocity_parameter=-0.274833 status=collision: trajectory reached the configured collision radius
velocity row 43/120 IC 189/599 x0=0.790475 velocity_parameter=-0.274833 elapsed=54.8308s written=0
  crossing 0/250
  stopped velocity row 43 IC 189 x0=0.790475 velocity_parameter=-0.274833 status=collision: trajectory reached the configured collision radius
velocity row 44/120 IC 171/599 x0=0.790462 velocity_parameter=-0.258667 elapsed=54.8688s written=0
  crossing 0/250
  stopped velocity row 44 IC 171 x0=0.790462 velocity_parameter=-0.258667 status=collision: trajectory reached the configured collision radius
velocity row 44/120 IC 181/599 x0=0.79047 velocity_parameter=-0.258667 elapsed=55.3253s written=0
  crossing 0/250
  stopped velocity row 44 IC 181 x0=0.79047 velocity_parameter=-0.258667 status=collision: trajectory reached the configured collision radius
velocity row 44/120 IC 189/599 x0=0.790475 velocity_parameter=-0.258667 elapsed=55.7009s written=0
  crossing 0/250
  stopped velocity row 44 IC 189 x0=0.790475 velocity_parameter=-0.258667 status=collision: trajectory reached the configured collision radius
velocity row 45/120 IC 171/599 x0=0.790462 velocity_parameter=-0.2425 elapsed=55.7384s written=0
  crossing 0/250
  stopped velocity row 45 IC 171 x0=0.790462 velocity_parameter=-0.2425 status=collision: trajectory reached the configured collision radius
velocity row 45/120 IC 181/599 x0=0.79047 velocity_parameter=-0.2425 elapsed=56.1787s written=0
  crossing 0/250
  stopped velocity row 45 IC 181 x0=0.79047 velocity_parameter=-0.2425 status=collision: trajectory reached the configured collision radius
velocity row 45/120 IC 189/599 x0=0.790475 velocity_parameter=-0.2425 elapsed=56.5304s written=0
  crossing 0/250
  stopped velocity row 45 IC 189 x0=0.790475 velocity_parameter=-0.2425 status=collision: trajectory reached the configured collision radius
velocity row 46/120 IC 171/599 x0=0.790462 velocity_parameter=-0.226333 elapsed=56.5691s written=0
  crossing 0/250
  stopped velocity row 46 IC 171 x0=0.790462 velocity_parameter=-0.226333 status=collision: trajectory reached the configured collision radius
velocity row 46/120 IC 181/599 x0=0.79047 velocity_parameter=-0.226333 elapsed=57.0517s written=0
  crossing 0/250
  stopped velocity row 46 IC 181 x0=0.79047 velocity_parameter=-0.226333 status=collision: trajectory reached the configured collision radius
velocity row 46/120 IC 189/599 x0=0.790475 velocity_parameter=-0.226333 elapsed=57.4101s written=0
  crossing 0/250
  stopped velocity row 46 IC 189 x0=0.790475 velocity_parameter=-0.226333 status=collision: trajectory reached the configured collision radius
velocity row 47/120 IC 171/599 x0=0.790462 velocity_parameter=-0.210167 elapsed=57.4498s written=0
  crossing 0/250
  stopped velocity row 47 IC 171 x0=0.790462 velocity_parameter=-0.210167 status=collision: trajectory reached the configured collision radius
velocity row 47/120 IC 181/599 x0=0.79047 velocity_parameter=-0.210167 elapsed=57.8755s written=0
  crossing 0/250
  stopped velocity row 47 IC 181 x0=0.79047 velocity_parameter=-0.210167 status=collision: trajectory reached the configured collision radius
velocity row 47/120 IC 189/599 x0=0.790475 velocity_parameter=-0.210167 elapsed=58.1794s written=0
  crossing 0/250
  stopped velocity row 47 IC 189 x0=0.790475 velocity_parameter=-0.210167 status=collision: trajectory reached the configured collision radius
velocity row 48/120 IC 171/599 x0=0.790462 velocity_parameter=-0.194 elapsed=58.2185s written=0
  crossing 0/250
  stopped velocity row 48 IC 171 x0=0.790462 velocity_parameter=-0.194 status=collision: trajectory reached the configured collision radius
velocity row 48/120 IC 181/599 x0=0.79047 velocity_parameter=-0.194 elapsed=58.6453s written=0
  crossing 0/250
  stopped velocity row 48 IC 181 x0=0.79047 velocity_parameter=-0.194 status=collision: trajectory reached the configured collision radius
velocity row 48/120 IC 189/599 x0=0.790475 velocity_parameter=-0.194 elapsed=58.9533s written=0
  crossing 0/250
  stopped velocity row 48 IC 189 x0=0.790475 velocity_parameter=-0.194 status=collision: trajectory reached the configured collision radius
velocity row 49/120 IC 171/599 x0=0.790462 velocity_parameter=-0.177833 elapsed=59.0114s written=0
  crossing 0/250
  stopped velocity row 49 IC 171 x0=0.790462 velocity_parameter=-0.177833 status=collision: trajectory reached the configured collision radius
velocity row 49/120 IC 181/599 x0=0.79047 velocity_parameter=-0.177833 elapsed=59.4804s written=0
  crossing 0/250
  stopped velocity row 49 IC 181 x0=0.79047 velocity_parameter=-0.177833 status=collision: trajectory reached the configured collision radius
velocity row 49/120 IC 189/599 x0=0.790475 velocity_parameter=-0.177833 elapsed=59.8513s written=0
  crossing 0/250
  stopped velocity row 49 IC 189 x0=0.790475 velocity_parameter=-0.177833 status=collision: trajectory reached the configured collision radius
velocity row 50/120 IC 171/599 x0=0.790462 velocity_parameter=-0.161667 elapsed=59.8883s written=0
  crossing 0/250
  stopped velocity row 50 IC 171 x0=0.790462 velocity_parameter=-0.161667 status=collision: trajectory reached the configured collision radius
velocity row 50/120 IC 181/599 x0=0.79047 velocity_parameter=-0.161667 elapsed=60.3395s written=0
  crossing 0/250
  stopped velocity row 50 IC 181 x0=0.79047 velocity_parameter=-0.161667 status=collision: trajectory reached the configured collision radius
velocity row 50/120 IC 189/599 x0=0.790475 velocity_parameter=-0.161667 elapsed=60.6906s written=0
  crossing 0/250
  stopped velocity row 50 IC 189 x0=0.790475 velocity_parameter=-0.161667 status=collision: trajectory reached the configured collision radius
velocity row 51/120 IC 171/599 x0=0.790462 velocity_parameter=-0.1455 elapsed=60.7289s written=0
  crossing 0/250
  stopped velocity row 51 IC 171 x0=0.790462 velocity_parameter=-0.1455 status=collision: trajectory reached the configured collision radius
velocity row 51/120 IC 181/599 x0=0.79047 velocity_parameter=-0.1455 elapsed=61.1133s written=0
  crossing 0/250
  stopped velocity row 51 IC 181 x0=0.79047 velocity_parameter=-0.1455 status=collision: trajectory reached the configured collision radius
velocity row 51/120 IC 189/599 x0=0.790475 velocity_parameter=-0.1455 elapsed=61.4587s written=0
  crossing 0/250
  stopped velocity row 51 IC 189 x0=0.790475 velocity_parameter=-0.1455 status=collision: trajectory reached the configured collision radius
velocity row 52/120 IC 171/599 x0=0.790462 velocity_parameter=-0.129333 elapsed=61.5064s written=0
  crossing 0/250
  stopped velocity row 52 IC 171 x0=0.790462 velocity_parameter=-0.129333 status=collision: trajectory reached the configured collision radius
velocity row 52/120 IC 181/599 x0=0.79047 velocity_parameter=-0.129333 elapsed=61.9134s written=0
  crossing 0/250
  stopped velocity row 52 IC 181 x0=0.79047 velocity_parameter=-0.129333 status=collision: trajectory reached the configured collision radius
velocity row 52/120 IC 189/599 x0=0.790475 velocity_parameter=-0.129333 elapsed=62.3221s written=0
  crossing 0/250
  stopped velocity row 52 IC 189 x0=0.790475 velocity_parameter=-0.129333 status=collision: trajectory reached the configured collision radius
velocity row 53/120 IC 171/599 x0=0.790462 velocity_parameter=-0.113167 elapsed=62.3734s written=0
  crossing 0/250
  stopped velocity row 53 IC 171 x0=0.790462 velocity_parameter=-0.113167 status=collision: trajectory reached the configured collision radius
velocity row 53/120 IC 181/599 x0=0.79047 velocity_parameter=-0.113167 elapsed=62.7772s written=0
  crossing 0/250
  stopped velocity row 53 IC 181 x0=0.79047 velocity_parameter=-0.113167 status=collision: trajectory reached the configured collision radius
velocity row 53/120 IC 189/599 x0=0.790475 velocity_parameter=-0.113167 elapsed=63.1137s written=0
  crossing 0/250
  stopped velocity row 53 IC 189 x0=0.790475 velocity_parameter=-0.113167 status=collision: trajectory reached the configured collision radius
velocity row 54/120 IC 171/599 x0=0.790462 velocity_parameter=-0.097 elapsed=63.1682s written=0
  crossing 0/250
  stopped velocity row 54 IC 171 x0=0.790462 velocity_parameter=-0.097 status=collision: trajectory reached the configured collision radius
velocity row 54/120 IC 181/599 x0=0.79047 velocity_parameter=-0.097 elapsed=63.6017s written=0
  crossing 0/250
  stopped velocity row 54 IC 181 x0=0.79047 velocity_parameter=-0.097 status=collision: trajectory reached the configured collision radius
velocity row 54/120 IC 189/599 x0=0.790475 velocity_parameter=-0.097 elapsed=63.9541s written=0
  crossing 0/250
  stopped velocity row 54 IC 189 x0=0.790475 velocity_parameter=-0.097 status=collision: trajectory reached the configured collision radius
velocity row 55/120 IC 171/599 x0=0.790462 velocity_parameter=-0.0808333 elapsed=63.992s written=0
  crossing 0/250
  stopped velocity row 55 IC 171 x0=0.790462 velocity_parameter=-0.0808333 status=collision: trajectory reached the configured collision radius
velocity row 55/120 IC 181/599 x0=0.79047 velocity_parameter=-0.0808333 elapsed=64.4505s written=0
  crossing 0/250
  stopped velocity row 55 IC 181 x0=0.79047 velocity_parameter=-0.0808333 status=collision: trajectory reached the configured collision radius
velocity row 55/120 IC 189/599 x0=0.790475 velocity_parameter=-0.0808333 elapsed=64.7864s written=0
  crossing 0/250
  stopped velocity row 55 IC 189 x0=0.790475 velocity_parameter=-0.0808333 status=collision: trajectory reached the configured collision radius
velocity row 56/120 IC 171/599 x0=0.790462 velocity_parameter=-0.0646667 elapsed=64.8285s written=0
  crossing 0/250
  stopped velocity row 56 IC 171 x0=0.790462 velocity_parameter=-0.0646667 status=collision: trajectory reached the configured collision radius
velocity row 56/120 IC 181/599 x0=0.79047 velocity_parameter=-0.0646667 elapsed=65.2699s written=0
  crossing 0/250
  stopped velocity row 56 IC 181 x0=0.79047 velocity_parameter=-0.0646667 status=collision: trajectory reached the configured collision radius
velocity row 56/120 IC 189/599 x0=0.790475 velocity_parameter=-0.0646667 elapsed=65.6082s written=0
  crossing 0/250
  stopped velocity row 56 IC 189 x0=0.790475 velocity_parameter=-0.0646667 status=collision: trajectory reached the configured collision radius
velocity row 57/120 IC 171/599 x0=0.790462 velocity_parameter=-0.0485 elapsed=65.6461s written=0
  crossing 0/250
  stopped velocity row 57 IC 171 x0=0.790462 velocity_parameter=-0.0485 status=collision: trajectory reached the configured collision radius
velocity row 57/120 IC 181/599 x0=0.79047 velocity_parameter=-0.0485 elapsed=66.0704s written=0
  crossing 0/250
  stopped velocity row 57 IC 181 x0=0.79047 velocity_parameter=-0.0485 status=collision: trajectory reached the configured collision radius
velocity row 57/120 IC 189/599 x0=0.790475 velocity_parameter=-0.0485 elapsed=66.4776s written=0
  crossing 0/250
  stopped velocity row 57 IC 189 x0=0.790475 velocity_parameter=-0.0485 status=collision: trajectory reached the configured collision radius
velocity row 58/120 IC 171/599 x0=0.790462 velocity_parameter=-0.0323333 elapsed=66.5177s written=0
  crossing 0/250
  stopped velocity row 58 IC 171 x0=0.790462 velocity_parameter=-0.0323333 status=collision: trajectory reached the configured collision radius
velocity row 58/120 IC 181/599 x0=0.79047 velocity_parameter=-0.0323333 elapsed=66.9471s written=0
  crossing 0/250
  stopped velocity row 58 IC 181 x0=0.79047 velocity_parameter=-0.0323333 status=collision: trajectory reached the configured collision radius
velocity row 58/120 IC 189/599 x0=0.790475 velocity_parameter=-0.0323333 elapsed=67.2757s written=0
  crossing 0/250
  stopped velocity row 58 IC 189 x0=0.790475 velocity_parameter=-0.0323333 status=collision: trajectory reached the configured collision radius
velocity row 59/120 IC 171/599 x0=0.790462 velocity_parameter=-0.0161667 elapsed=67.3153s written=0
  crossing 0/250
  stopped velocity row 59 IC 171 x0=0.790462 velocity_parameter=-0.0161667 status=collision: trajectory reached the configured collision radius
velocity row 59/120 IC 181/599 x0=0.79047 velocity_parameter=-0.0161667 elapsed=67.7083s written=0
  crossing 0/250
  stopped velocity row 59 IC 181 x0=0.79047 velocity_parameter=-0.0161667 status=collision: trajectory reached the configured collision radius
velocity row 59/120 IC 189/599 x0=0.790475 velocity_parameter=-0.0161667 elapsed=68.0423s written=0
  crossing 0/250
  stopped velocity row 59 IC 189 x0=0.790475 velocity_parameter=-0.0161667 status=collision: trajectory reached the configured collision radius
velocity row 60/120 IC 171/599 x0=0.790462 velocity_parameter=0 elapsed=68.0879s written=0
  crossing 0/250
  stopped velocity row 60 IC 171 x0=0.790462 velocity_parameter=0 status=collision: trajectory reached the configured collision radius
velocity row 60/120 IC 181/599 x0=0.79047 velocity_parameter=0 elapsed=68.5634s written=0
  crossing 0/250
  stopped velocity row 60 IC 181 x0=0.79047 velocity_parameter=0 status=collision: trajectory reached the configured collision radius
velocity row 60/120 IC 189/599 x0=0.790475 velocity_parameter=0 elapsed=68.8946s written=0
  crossing 0/250
  stopped velocity row 60 IC 189 x0=0.790475 velocity_parameter=0 status=collision: trajectory reached the configured collision radius
velocity row 61/120 IC 171/599 x0=0.790462 velocity_parameter=0.0161667 elapsed=68.932s written=0
  crossing 0/250
  stopped velocity row 61 IC 171 x0=0.790462 velocity_parameter=0.0161667 status=collision: trajectory reached the configured collision radius
velocity row 61/120 IC 181/599 x0=0.79047 velocity_parameter=0.0161667 elapsed=69.3567s written=0
  crossing 0/250
  stopped velocity row 61 IC 181 x0=0.79047 velocity_parameter=0.0161667 status=collision: trajectory reached the configured collision radius
velocity row 61/120 IC 189/599 x0=0.790475 velocity_parameter=0.0161667 elapsed=69.7122s written=0
  crossing 0/250
  stopped velocity row 61 IC 189 x0=0.790475 velocity_parameter=0.0161667 status=collision: trajectory reached the configured collision radius
velocity row 62/120 IC 171/599 x0=0.790462 velocity_parameter=0.0323333 elapsed=69.7543s written=0
  crossing 0/250
  stopped velocity row 62 IC 171 x0=0.790462 velocity_parameter=0.0323333 status=collision: trajectory reached the configured collision radius
velocity row 62/120 IC 181/599 x0=0.79047 velocity_parameter=0.0323333 elapsed=70.1892s written=0
  crossing 0/250
  stopped velocity row 62 IC 181 x0=0.79047 velocity_parameter=0.0323333 status=collision: trajectory reached the configured collision radius
velocity row 62/120 IC 189/599 x0=0.790475 velocity_parameter=0.0323333 elapsed=70.5054s written=0
  crossing 0/250
  stopped velocity row 62 IC 189 x0=0.790475 velocity_parameter=0.0323333 status=collision: trajectory reached the configured collision radius
velocity row 63/120 IC 171/599 x0=0.790462 velocity_parameter=0.0485 elapsed=70.5428s written=0
  crossing 0/250
  stopped velocity row 63 IC 171 x0=0.790462 velocity_parameter=0.0485 status=collision: trajectory reached the configured collision radius
velocity row 63/120 IC 181/599 x0=0.79047 velocity_parameter=0.0485 elapsed=71.0602s written=0
  crossing 0/250
  stopped velocity row 63 IC 181 x0=0.79047 velocity_parameter=0.0485 status=collision: trajectory reached the configured collision radius
velocity row 63/120 IC 189/599 x0=0.790475 velocity_parameter=0.0485 elapsed=71.4205s written=0
  crossing 0/250
  stopped velocity row 63 IC 189 x0=0.790475 velocity_parameter=0.0485 status=collision: trajectory reached the configured collision radius
velocity row 64/120 IC 171/599 x0=0.790462 velocity_parameter=0.0646667 elapsed=71.4584s written=0
  crossing 0/250
  stopped velocity row 64 IC 171 x0=0.790462 velocity_parameter=0.0646667 status=collision: trajectory reached the configured collision radius
velocity row 64/120 IC 181/599 x0=0.79047 velocity_parameter=0.0646667 elapsed=71.8819s written=0
  crossing 0/250
  stopped velocity row 64 IC 181 x0=0.79047 velocity_parameter=0.0646667 status=collision: trajectory reached the configured collision radius
velocity row 64/120 IC 189/599 x0=0.790475 velocity_parameter=0.0646667 elapsed=72.2123s written=0
  crossing 0/250
  stopped velocity row 64 IC 189 x0=0.790475 velocity_parameter=0.0646667 status=collision: trajectory reached the configured collision radius
velocity row 65/120 IC 171/599 x0=0.790462 velocity_parameter=0.0808333 elapsed=72.2545s written=0
  crossing 0/250
  stopped velocity row 65 IC 171 x0=0.790462 velocity_parameter=0.0808333 status=collision: trajectory reached the configured collision radius
velocity row 65/120 IC 181/599 x0=0.79047 velocity_parameter=0.0808333 elapsed=72.634s written=0
  crossing 0/250
  stopped velocity row 65 IC 181 x0=0.79047 velocity_parameter=0.0808333 status=collision: trajectory reached the configured collision radius
velocity row 65/120 IC 189/599 x0=0.790475 velocity_parameter=0.0808333 elapsed=73.0176s written=0
  crossing 0/250
  stopped velocity row 65 IC 189 x0=0.790475 velocity_parameter=0.0808333 status=collision: trajectory reached the configured collision radius
velocity row 66/120 IC 171/599 x0=0.790462 velocity_parameter=0.097 elapsed=73.0542s written=0
  crossing 0/250
  stopped velocity row 66 IC 171 x0=0.790462 velocity_parameter=0.097 status=collision: trajectory reached the configured collision radius
velocity row 66/120 IC 181/599 x0=0.79047 velocity_parameter=0.097 elapsed=73.4242s written=0
  crossing 0/250
  stopped velocity row 66 IC 181 x0=0.79047 velocity_parameter=0.097 status=collision: trajectory reached the configured collision radius
velocity row 66/120 IC 189/599 x0=0.790475 velocity_parameter=0.097 elapsed=73.7118s written=0
  crossing 0/250
  stopped velocity row 66 IC 189 x0=0.790475 velocity_parameter=0.097 status=collision: trajectory reached the configured collision radius
velocity row 67/120 IC 171/599 x0=0.790462 velocity_parameter=0.113167 elapsed=73.7618s written=0
  crossing 0/250
  stopped velocity row 67 IC 171 x0=0.790462 velocity_parameter=0.113167 status=collision: trajectory reached the configured collision radius
velocity row 67/120 IC 181/599 x0=0.79047 velocity_parameter=0.113167 elapsed=74.1533s written=0
  crossing 0/250
  stopped velocity row 67 IC 181 x0=0.79047 velocity_parameter=0.113167 status=collision: trajectory reached the configured collision radius
velocity row 67/120 IC 189/599 x0=0.790475 velocity_parameter=0.113167 elapsed=74.4788s written=0
  crossing 0/250
  stopped velocity row 67 IC 189 x0=0.790475 velocity_parameter=0.113167 status=collision: trajectory reached the configured collision radius
velocity row 68/120 IC 171/599 x0=0.790462 velocity_parameter=0.129333 elapsed=74.5143s written=0
  crossing 0/250
  stopped velocity row 68 IC 171 x0=0.790462 velocity_parameter=0.129333 status=collision: trajectory reached the configured collision radius
velocity row 68/120 IC 181/599 x0=0.79047 velocity_parameter=0.129333 elapsed=74.9265s written=0
  crossing 0/250
  stopped velocity row 68 IC 181 x0=0.79047 velocity_parameter=0.129333 status=collision: trajectory reached the configured collision radius
velocity row 68/120 IC 189/599 x0=0.790475 velocity_parameter=0.129333 elapsed=75.263s written=0
  crossing 0/250
  stopped velocity row 68 IC 189 x0=0.790475 velocity_parameter=0.129333 status=collision: trajectory reached the configured collision radius
velocity row 69/120 IC 171/599 x0=0.790462 velocity_parameter=0.1455 elapsed=75.2992s written=0
  crossing 0/250
  stopped velocity row 69 IC 171 x0=0.790462 velocity_parameter=0.1455 status=collision: trajectory reached the configured collision radius
velocity row 69/120 IC 181/599 x0=0.79047 velocity_parameter=0.1455 elapsed=75.6989s written=0
  crossing 0/250
  stopped velocity row 69 IC 181 x0=0.79047 velocity_parameter=0.1455 status=collision: trajectory reached the configured collision radius
velocity row 69/120 IC 189/599 x0=0.790475 velocity_parameter=0.1455 elapsed=76.0615s written=0
  crossing 0/250
  stopped velocity row 69 IC 189 x0=0.790475 velocity_parameter=0.1455 status=collision: trajectory reached the configured collision radius
velocity row 70/120 IC 171/599 x0=0.790462 velocity_parameter=0.161667 elapsed=76.098s written=0
  crossing 0/250
  stopped velocity row 70 IC 171 x0=0.790462 velocity_parameter=0.161667 status=collision: trajectory reached the configured collision radius
velocity row 70/120 IC 181/599 x0=0.79047 velocity_parameter=0.161667 elapsed=76.5294s written=0
  crossing 0/250
  stopped velocity row 70 IC 181 x0=0.79047 velocity_parameter=0.161667 status=collision: trajectory reached the configured collision radius
velocity row 70/120 IC 189/599 x0=0.790475 velocity_parameter=0.161667 elapsed=76.8308s written=0
  crossing 0/250
  stopped velocity row 70 IC 189 x0=0.790475 velocity_parameter=0.161667 status=collision: trajectory reached the configured collision radius
velocity row 71/120 IC 171/599 x0=0.790462 velocity_parameter=0.177833 elapsed=76.8751s written=0
  crossing 0/250
  stopped velocity row 71 IC 171 x0=0.790462 velocity_parameter=0.177833 status=collision: trajectory reached the configured collision radius
velocity row 71/120 IC 181/599 x0=0.79047 velocity_parameter=0.177833 elapsed=77.2526s written=0
  crossing 0/250
  stopped velocity row 71 IC 181 x0=0.79047 velocity_parameter=0.177833 status=collision: trajectory reached the configured collision radius
velocity row 71/120 IC 189/599 x0=0.790475 velocity_parameter=0.177833 elapsed=77.5698s written=0
  crossing 0/250
  stopped velocity row 71 IC 189 x0=0.790475 velocity_parameter=0.177833 status=collision: trajectory reached the configured collision radius
velocity row 72/120 IC 171/599 x0=0.790462 velocity_parameter=0.194 elapsed=77.606s written=0
  crossing 0/250
  stopped velocity row 72 IC 171 x0=0.790462 velocity_parameter=0.194 status=collision: trajectory reached the configured collision radius
velocity row 72/120 IC 181/599 x0=0.79047 velocity_parameter=0.194 elapsed=78.0051s written=0
  crossing 0/250
  stopped velocity row 72 IC 181 x0=0.79047 velocity_parameter=0.194 status=collision: trajectory reached the configured collision radius
velocity row 72/120 IC 189/599 x0=0.790475 velocity_parameter=0.194 elapsed=78.3441s written=0
  crossing 0/250
  stopped velocity row 72 IC 189 x0=0.790475 velocity_parameter=0.194 status=collision: trajectory reached the configured collision radius
velocity row 73/120 IC 171/599 x0=0.790462 velocity_parameter=0.210167 elapsed=78.3858s written=0
  crossing 0/250
  stopped velocity row 73 IC 171 x0=0.790462 velocity_parameter=0.210167 status=collision: trajectory reached the configured collision radius
velocity row 73/120 IC 181/599 x0=0.79047 velocity_parameter=0.210167 elapsed=78.7887s written=0
  crossing 0/250
  stopped velocity row 73 IC 181 x0=0.79047 velocity_parameter=0.210167 status=collision: trajectory reached the configured collision radius
velocity row 73/120 IC 189/599 x0=0.790475 velocity_parameter=0.210167 elapsed=79.1473s written=0
  crossing 0/250
  stopped velocity row 73 IC 189 x0=0.790475 velocity_parameter=0.210167 status=collision: trajectory reached the configured collision radius
velocity row 74/120 IC 171/599 x0=0.790462 velocity_parameter=0.226333 elapsed=79.1838s written=0
  crossing 0/250
  stopped velocity row 74 IC 171 x0=0.790462 velocity_parameter=0.226333 status=collision: trajectory reached the configured collision radius
velocity row 74/120 IC 181/599 x0=0.79047 velocity_parameter=0.226333 elapsed=79.6059s written=0
  crossing 0/250
  stopped velocity row 74 IC 181 x0=0.79047 velocity_parameter=0.226333 status=collision: trajectory reached the configured collision radius
velocity row 74/120 IC 189/599 x0=0.790475 velocity_parameter=0.226333 elapsed=79.9387s written=0
  crossing 0/250
  stopped velocity row 74 IC 189 x0=0.790475 velocity_parameter=0.226333 status=collision: trajectory reached the configured collision radius
velocity row 75/120 IC 171/599 x0=0.790462 velocity_parameter=0.2425 elapsed=79.977s written=0
  crossing 0/250
  stopped velocity row 75 IC 171 x0=0.790462 velocity_parameter=0.2425 status=collision: trajectory reached the configured collision radius
velocity row 75/120 IC 181/599 x0=0.79047 velocity_parameter=0.2425 elapsed=80.3908s written=0
  crossing 0/250
  stopped velocity row 75 IC 181 x0=0.79047 velocity_parameter=0.2425 status=collision: trajectory reached the configured collision radius
velocity row 75/120 IC 189/599 x0=0.790475 velocity_parameter=0.2425 elapsed=80.7371s written=0
  crossing 0/250
  stopped velocity row 75 IC 189 x0=0.790475 velocity_parameter=0.2425 status=collision: trajectory reached the configured collision radius
velocity row 76/120 IC 171/599 x0=0.790462 velocity_parameter=0.258667 elapsed=80.7753s written=0
  crossing 0/250
  stopped velocity row 76 IC 171 x0=0.790462 velocity_parameter=0.258667 status=collision: trajectory reached the configured collision radius
velocity row 76/120 IC 181/599 x0=0.79047 velocity_parameter=0.258667 elapsed=81.1864s written=0
  crossing 0/250
  stopped velocity row 76 IC 181 x0=0.79047 velocity_parameter=0.258667 status=collision: trajectory reached the configured collision radius
velocity row 76/120 IC 189/599 x0=0.790475 velocity_parameter=0.258667 elapsed=81.5334s written=0
  crossing 0/250
  stopped velocity row 76 IC 189 x0=0.790475 velocity_parameter=0.258667 status=collision: trajectory reached the configured collision radius
velocity row 77/120 IC 171/599 x0=0.790462 velocity_parameter=0.274833 elapsed=81.5707s written=0
  crossing 0/250
  stopped velocity row 77 IC 171 x0=0.790462 velocity_parameter=0.274833 status=collision: trajectory reached the configured collision radius
velocity row 77/120 IC 181/599 x0=0.79047 velocity_parameter=0.274833 elapsed=81.961s written=0
  crossing 0/250
  stopped velocity row 77 IC 181 x0=0.79047 velocity_parameter=0.274833 status=collision: trajectory reached the configured collision radius
velocity row 77/120 IC 189/599 x0=0.790475 velocity_parameter=0.274833 elapsed=82.3056s written=0
  crossing 0/250
  stopped velocity row 77 IC 189 x0=0.790475 velocity_parameter=0.274833 status=collision: trajectory reached the configured collision radius
velocity row 78/120 IC 171/599 x0=0.790462 velocity_parameter=0.291 elapsed=82.3428s written=0
  crossing 0/250
  stopped velocity row 78 IC 171 x0=0.790462 velocity_parameter=0.291 status=collision: trajectory reached the configured collision radius
velocity row 78/120 IC 181/599 x0=0.79047 velocity_parameter=0.291 elapsed=82.7112s written=0
  crossing 0/250
  stopped velocity row 78 IC 181 x0=0.79047 velocity_parameter=0.291 status=collision: trajectory reached the configured collision radius
velocity row 78/120 IC 189/599 x0=0.790475 velocity_parameter=0.291 elapsed=83.0361s written=0
  crossing 0/250
  stopped velocity row 78 IC 189 x0=0.790475 velocity_parameter=0.291 status=collision: trajectory reached the configured collision radius
velocity row 79/120 IC 171/599 x0=0.790462 velocity_parameter=0.307167 elapsed=83.0737s written=0
  crossing 0/250
  stopped velocity row 79 IC 171 x0=0.790462 velocity_parameter=0.307167 status=collision: trajectory reached the configured collision radius
velocity row 79/120 IC 181/599 x0=0.79047 velocity_parameter=0.307167 elapsed=83.478s written=0
  crossing 0/250
  stopped velocity row 79 IC 181 x0=0.79047 velocity_parameter=0.307167 status=collision: trajectory reached the configured collision radius
velocity row 79/120 IC 189/599 x0=0.790475 velocity_parameter=0.307167 elapsed=83.8145s written=0
  crossing 0/250
  stopped velocity row 79 IC 189 x0=0.790475 velocity_parameter=0.307167 status=collision: trajectory reached the configured collision radius
velocity row 80/120 IC 171/599 x0=0.790462 velocity_parameter=0.323333 elapsed=83.852s written=0
  crossing 0/250
  stopped velocity row 80 IC 171 x0=0.790462 velocity_parameter=0.323333 status=collision: trajectory reached the configured collision radius
velocity row 80/120 IC 181/599 x0=0.79047 velocity_parameter=0.323333 elapsed=84.2784s written=0
  crossing 0/250
  stopped velocity row 80 IC 181 x0=0.79047 velocity_parameter=0.323333 status=collision: trajectory reached the configured collision radius
velocity row 80/120 IC 189/599 x0=0.790475 velocity_parameter=0.323333 elapsed=84.5753s written=0
  crossing 0/250
  stopped velocity row 80 IC 189 x0=0.790475 velocity_parameter=0.323333 status=collision: trajectory reached the configured collision radius
velocity row 81/120 IC 171/599 x0=0.790462 velocity_parameter=0.3395 elapsed=84.6133s written=0
  crossing 0/250
  stopped velocity row 81 IC 171 x0=0.790462 velocity_parameter=0.3395 status=collision: trajectory reached the configured collision radius
velocity row 81/120 IC 181/599 x0=0.79047 velocity_parameter=0.3395 elapsed=85.1001s written=0
  crossing 0/250
  stopped velocity row 81 IC 181 x0=0.79047 velocity_parameter=0.3395 status=collision: trajectory reached the configured collision radius
velocity row 81/120 IC 189/599 x0=0.790475 velocity_parameter=0.3395 elapsed=85.439s written=0
  crossing 0/250
  stopped velocity row 81 IC 189 x0=0.790475 velocity_parameter=0.3395 status=collision: trajectory reached the configured collision radius
velocity row 82/120 IC 171/599 x0=0.790462 velocity_parameter=0.355667 elapsed=85.4767s written=0
  crossing 0/250
  stopped velocity row 82 IC 171 x0=0.790462 velocity_parameter=0.355667 status=collision: trajectory reached the configured collision radius
velocity row 82/120 IC 181/599 x0=0.79047 velocity_parameter=0.355667 elapsed=85.9096s written=0
  crossing 0/250
  stopped velocity row 82 IC 181 x0=0.79047 velocity_parameter=0.355667 status=collision: trajectory reached the configured collision radius
velocity row 82/120 IC 189/599 x0=0.790475 velocity_parameter=0.355667 elapsed=86.2214s written=0
  crossing 0/250
  stopped velocity row 82 IC 189 x0=0.790475 velocity_parameter=0.355667 status=collision: trajectory reached the configured collision radius
velocity row 83/120 IC 171/599 x0=0.790462 velocity_parameter=0.371833 elapsed=86.2631s written=0
  crossing 0/250
  stopped velocity row 83 IC 171 x0=0.790462 velocity_parameter=0.371833 status=collision: trajectory reached the configured collision radius
velocity row 83/120 IC 181/599 x0=0.79047 velocity_parameter=0.371833 elapsed=86.6454s written=0
  crossing 0/250
  stopped velocity row 83 IC 181 x0=0.79047 velocity_parameter=0.371833 status=collision: trajectory reached the configured collision radius
velocity row 83/120 IC 189/599 x0=0.790475 velocity_parameter=0.371833 elapsed=86.9659s written=0
  crossing 0/250
  stopped velocity row 83 IC 189 x0=0.790475 velocity_parameter=0.371833 status=collision: trajectory reached the configured collision radius
velocity row 84/120 IC 171/599 x0=0.790462 velocity_parameter=0.388 elapsed=87.0033s written=0
  crossing 0/250
  stopped velocity row 84 IC 171 x0=0.790462 velocity_parameter=0.388 status=collision: trajectory reached the configured collision radius
velocity row 84/120 IC 181/599 x0=0.79047 velocity_parameter=0.388 elapsed=87.4072s written=0
  crossing 0/250
  stopped velocity row 84 IC 181 x0=0.79047 velocity_parameter=0.388 status=collision: trajectory reached the configured collision radius
velocity row 84/120 IC 189/599 x0=0.790475 velocity_parameter=0.388 elapsed=87.7183s written=0
  crossing 0/250
  stopped velocity row 84 IC 189 x0=0.790475 velocity_parameter=0.388 status=collision: trajectory reached the configured collision radius
velocity row 85/120 IC 171/599 x0=0.790462 velocity_parameter=0.404167 elapsed=87.7554s written=0
  crossing 0/250
  stopped velocity row 85 IC 171 x0=0.790462 velocity_parameter=0.404167 status=collision: trajectory reached the configured collision radius
velocity row 85/120 IC 181/599 x0=0.79047 velocity_parameter=0.404167 elapsed=88.1626s written=0
  crossing 0/250
  stopped velocity row 85 IC 181 x0=0.79047 velocity_parameter=0.404167 status=collision: trajectory reached the configured collision radius
velocity row 85/120 IC 189/599 x0=0.790475 velocity_parameter=0.404167 elapsed=88.4779s written=0
  crossing 0/250
  stopped velocity row 85 IC 189 x0=0.790475 velocity_parameter=0.404167 status=collision: trajectory reached the configured collision radius
velocity row 86/120 IC 171/599 x0=0.790462 velocity_parameter=0.420333 elapsed=88.5159s written=0
  crossing 0/250
  stopped velocity row 86 IC 171 x0=0.790462 velocity_parameter=0.420333 status=collision: trajectory reached the configured collision radius
velocity row 86/120 IC 181/599 x0=0.79047 velocity_parameter=0.420333 elapsed=88.8906s written=0
  crossing 0/250
  stopped velocity row 86 IC 181 x0=0.79047 velocity_parameter=0.420333 status=collision: trajectory reached the configured collision radius
velocity row 86/120 IC 189/599 x0=0.790475 velocity_parameter=0.420333 elapsed=89.1836s written=0
  crossing 0/250
  stopped velocity row 86 IC 189 x0=0.790475 velocity_parameter=0.420333 status=collision: trajectory reached the configured collision radius
velocity row 87/120 IC 171/599 x0=0.790462 velocity_parameter=0.4365 elapsed=89.2203s written=0
  crossing 0/250
  stopped velocity row 87 IC 171 x0=0.790462 velocity_parameter=0.4365 status=collision: trajectory reached the configured collision radius
velocity row 87/120 IC 181/599 x0=0.79047 velocity_parameter=0.4365 elapsed=89.6178s written=0
  crossing 0/250
  stopped velocity row 87 IC 181 x0=0.79047 velocity_parameter=0.4365 status=collision: trajectory reached the configured collision radius
velocity row 87/120 IC 189/599 x0=0.790475 velocity_parameter=0.4365 elapsed=89.9552s written=0
  crossing 0/250
  stopped velocity row 87 IC 189 x0=0.790475 velocity_parameter=0.4365 status=collision: trajectory reached the configured collision radius
velocity row 88/120 IC 171/599 x0=0.790462 velocity_parameter=0.452667 elapsed=89.9911s written=0
  crossing 0/250
  stopped velocity row 88 IC 171 x0=0.790462 velocity_parameter=0.452667 status=collision: trajectory reached the configured collision radius
velocity row 88/120 IC 181/599 x0=0.79047 velocity_parameter=0.452667 elapsed=90.3774s written=0
  crossing 0/250
  stopped velocity row 88 IC 181 x0=0.79047 velocity_parameter=0.452667 status=collision: trajectory reached the configured collision radius
velocity row 88/120 IC 189/599 x0=0.790475 velocity_parameter=0.452667 elapsed=90.6719s written=0
  crossing 0/250
  stopped velocity row 88 IC 189 x0=0.790475 velocity_parameter=0.452667 status=collision: trajectory reached the configured collision radius
velocity row 89/120 IC 171/599 x0=0.790462 velocity_parameter=0.468833 elapsed=90.7094s written=0
  crossing 0/250
  stopped velocity row 89 IC 171 x0=0.790462 velocity_parameter=0.468833 status=collision: trajectory reached the configured collision radius
velocity row 89/120 IC 181/599 x0=0.79047 velocity_parameter=0.468833 elapsed=91.0871s written=0
  crossing 0/250
  stopped velocity row 89 IC 181 x0=0.79047 velocity_parameter=0.468833 status=collision: trajectory reached the configured collision radius
velocity row 89/120 IC 189/599 x0=0.790475 velocity_parameter=0.468833 elapsed=91.3929s written=0
  crossing 0/250
  stopped velocity row 89 IC 189 x0=0.790475 velocity_parameter=0.468833 status=collision: trajectory reached the configured collision radius
velocity row 90/120 IC 171/599 x0=0.790462 velocity_parameter=0.485 elapsed=91.4322s written=0
  crossing 0/250
  stopped velocity row 90 IC 171 x0=0.790462 velocity_parameter=0.485 status=collision: trajectory reached the configured collision radius
velocity row 90/120 IC 181/599 x0=0.79047 velocity_parameter=0.485 elapsed=91.9373s written=0
  crossing 0/250
  stopped velocity row 90 IC 181 x0=0.79047 velocity_parameter=0.485 status=collision: trajectory reached the configured collision radius
velocity row 90/120 IC 189/599 x0=0.790475 velocity_parameter=0.485 elapsed=92.2723s written=0
  crossing 0/250
  stopped velocity row 90 IC 189 x0=0.790475 velocity_parameter=0.485 status=collision: trajectory reached the configured collision radius
velocity row 91/120 IC 171/599 x0=0.790462 velocity_parameter=0.501167 elapsed=92.3094s written=0
  crossing 0/250
  stopped velocity row 91 IC 171 x0=0.790462 velocity_parameter=0.501167 status=collision: trajectory reached the configured collision radius
velocity row 91/120 IC 181/599 x0=0.79047 velocity_parameter=0.501167 elapsed=92.6841s written=0
  crossing 0/250
  stopped velocity row 91 IC 181 x0=0.79047 velocity_parameter=0.501167 status=collision: trajectory reached the configured collision radius
velocity row 91/120 IC 189/599 x0=0.790475 velocity_parameter=0.501167 elapsed=92.9898s written=0
  crossing 0/250
  stopped velocity row 91 IC 189 x0=0.790475 velocity_parameter=0.501167 status=collision: trajectory reached the configured collision radius
velocity row 92/120 IC 171/599 x0=0.790462 velocity_parameter=0.517333 elapsed=93.0264s written=0
  crossing 0/250
  stopped velocity row 92 IC 171 x0=0.790462 velocity_parameter=0.517333 status=collision: trajectory reached the configured collision radius
velocity row 92/120 IC 181/599 x0=0.79047 velocity_parameter=0.517333 elapsed=93.4202s written=0
  crossing 0/250
  stopped velocity row 92 IC 181 x0=0.79047 velocity_parameter=0.517333 status=collision: trajectory reached the configured collision radius
velocity row 92/120 IC 189/599 x0=0.790475 velocity_parameter=0.517333 elapsed=93.7122s written=0
  crossing 0/250
  stopped velocity row 92 IC 189 x0=0.790475 velocity_parameter=0.517333 status=collision: trajectory reached the configured collision radius
velocity row 93/120 IC 171/599 x0=0.790462 velocity_parameter=0.5335 elapsed=93.7484s written=0
  crossing 0/250
  stopped velocity row 93 IC 171 x0=0.790462 velocity_parameter=0.5335 status=collision: trajectory reached the configured collision radius
velocity row 93/120 IC 181/599 x0=0.79047 velocity_parameter=0.5335 elapsed=94.1331s written=0
  crossing 0/250
  stopped velocity row 93 IC 181 x0=0.79047 velocity_parameter=0.5335 status=collision: trajectory reached the configured collision radius
velocity row 93/120 IC 189/599 x0=0.790475 velocity_parameter=0.5335 elapsed=94.4474s written=0
  crossing 0/250
  stopped velocity row 93 IC 189 x0=0.790475 velocity_parameter=0.5335 status=collision: trajectory reached the configured collision radius
velocity row 94/120 IC 171/599 x0=0.790462 velocity_parameter=0.549667 elapsed=94.5058s written=0
  crossing 0/250
  stopped velocity row 94 IC 171 x0=0.790462 velocity_parameter=0.549667 status=collision: trajectory reached the configured collision radius
velocity row 94/120 IC 181/599 x0=0.79047 velocity_parameter=0.549667 elapsed=94.8957s written=0
  crossing 0/250
  stopped velocity row 94 IC 181 x0=0.79047 velocity_parameter=0.549667 status=collision: trajectory reached the configured collision radius
velocity row 94/120 IC 189/599 x0=0.790475 velocity_parameter=0.549667 elapsed=95.2209s written=0
  crossing 0/250
  stopped velocity row 94 IC 189 x0=0.790475 velocity_parameter=0.549667 status=collision: trajectory reached the configured collision radius
velocity row 95/120 IC 171/599 x0=0.790462 velocity_parameter=0.565833 elapsed=95.258s written=0
  crossing 0/250
  stopped velocity row 95 IC 171 x0=0.790462 velocity_parameter=0.565833 status=collision: trajectory reached the configured collision radius
velocity row 95/120 IC 181/599 x0=0.79047 velocity_parameter=0.565833 elapsed=95.6559s written=0
  crossing 0/250
  stopped velocity row 95 IC 181 x0=0.79047 velocity_parameter=0.565833 status=collision: trajectory reached the configured collision radius
velocity row 95/120 IC 189/599 x0=0.790475 velocity_parameter=0.565833 elapsed=95.9706s written=0
  crossing 0/250
  stopped velocity row 95 IC 189 x0=0.790475 velocity_parameter=0.565833 status=collision: trajectory reached the configured collision radius
velocity row 96/120 IC 171/599 x0=0.790462 velocity_parameter=0.582 elapsed=96.0079s written=0
  crossing 0/250
  stopped velocity row 96 IC 171 x0=0.790462 velocity_parameter=0.582 status=collision: trajectory reached the configured collision radius
velocity row 96/120 IC 181/599 x0=0.79047 velocity_parameter=0.582 elapsed=96.4026s written=0
  crossing 0/250
  stopped velocity row 96 IC 181 x0=0.79047 velocity_parameter=0.582 status=collision: trajectory reached the configured collision radius
velocity row 96/120 IC 189/599 x0=0.790475 velocity_parameter=0.582 elapsed=96.7323s written=0
  crossing 0/250
  stopped velocity row 96 IC 189 x0=0.790475 velocity_parameter=0.582 status=collision: trajectory reached the configured collision radius
velocity row 97/120 IC 171/599 x0=0.790462 velocity_parameter=0.598167 elapsed=96.77s written=0
  crossing 0/250
  stopped velocity row 97 IC 171 x0=0.790462 velocity_parameter=0.598167 status=collision: trajectory reached the configured collision radius
velocity row 97/120 IC 181/599 x0=0.79047 velocity_parameter=0.598167 elapsed=97.1661s written=0
  crossing 0/250
  stopped velocity row 97 IC 181 x0=0.79047 velocity_parameter=0.598167 status=collision: trajectory reached the configured collision radius
velocity row 97/120 IC 189/599 x0=0.790475 velocity_parameter=0.598167 elapsed=97.465s written=0
  crossing 0/250
  stopped velocity row 97 IC 189 x0=0.790475 velocity_parameter=0.598167 status=collision: trajectory reached the configured collision radius
velocity row 98/120 IC 171/599 x0=0.790462 velocity_parameter=0.614333 elapsed=97.5051s written=1
  crossing 0/250
  stopped velocity row 98 IC 171 x0=0.790462 velocity_parameter=0.614333 status=collision: trajectory reached the configured collision radius
velocity row 98/120 IC 181/599 x0=0.79047 velocity_parameter=0.614333 elapsed=97.8929s written=1
  crossing 0/250
  stopped velocity row 98 IC 181 x0=0.79047 velocity_parameter=0.614333 status=collision: trajectory reached the configured collision radius
velocity row 98/120 IC 189/599 x0=0.790475 velocity_parameter=0.614333 elapsed=98.2007s written=6
  crossing 0/250
  stopped velocity row 98 IC 189 x0=0.790475 velocity_parameter=0.614333 status=collision: trajectory reached the configured collision radius
velocity row 99/120 IC 171/599 x0=0.790462 velocity_parameter=0.6305 elapsed=98.2396s written=7
  crossing 0/250
  stopped velocity row 99 IC 171 x0=0.790462 velocity_parameter=0.6305 status=collision: trajectory reached the configured collision radius
velocity row 99/120 IC 181/599 x0=0.79047 velocity_parameter=0.6305 elapsed=98.6415s written=10
  crossing 0/250
  stopped velocity row 99 IC 181 x0=0.79047 velocity_parameter=0.6305 status=collision: trajectory reached the configured collision radius
velocity row 99/120 IC 189/599 x0=0.790475 velocity_parameter=0.6305 elapsed=98.8997s written=17
  crossing 0/250
  stopped velocity row 99 IC 189 x0=0.790475 velocity_parameter=0.6305 status=outer_limit: trajectory reached the configured outer_limit radius
velocity row 100/120 IC 171/599 x0=0.790462 velocity_parameter=0.646667 elapsed=98.9102s written=17
  crossing 0/250
  stopped velocity row 100 IC 171 x0=0.790462 velocity_parameter=0.646667 status=collision: trajectory reached the configured collision radius
velocity row 100/120 IC 181/599 x0=0.79047 velocity_parameter=0.646667 elapsed=99.2967s written=25
  crossing 0/250
  stopped velocity row 100 IC 181 x0=0.79047 velocity_parameter=0.646667 status=collision: trajectory reached the configured collision radius
velocity row 100/120 IC 189/599 x0=0.790475 velocity_parameter=0.646667 elapsed=99.4311s written=27
  crossing 0/250
  stopped velocity row 100 IC 189 x0=0.790475 velocity_parameter=0.646667 status=outer_limit: trajectory reached the configured outer_limit radius
velocity row 101/120 IC 171/599 x0=0.790462 velocity_parameter=0.662833 elapsed=99.4397s written=27
  crossing 0/250
  stopped velocity row 101 IC 171 x0=0.790462 velocity_parameter=0.662833 status=collision: trajectory reached the configured collision radius
velocity row 101/120 IC 181/599 x0=0.79047 velocity_parameter=0.662833 elapsed=99.7591s written=34
  crossing 0/250
  stopped velocity row 101 IC 181 x0=0.79047 velocity_parameter=0.662833 status=outer_limit: trajectory reached the configured outer_limit radius
velocity row 101/120 IC 189/599 x0=0.790475 velocity_parameter=0.662833 elapsed=99.8276s written=34
  crossing 0/250
  stopped velocity row 101 IC 189 x0=0.790475 velocity_parameter=0.662833 status=outer_limit: trajectory reached the configured outer_limit radius
velocity row 102/120 IC 171/599 x0=0.790462 velocity_parameter=0.679 elapsed=99.8361s written=34
  crossing 0/250
  stopped velocity row 102 IC 171 x0=0.790462 velocity_parameter=0.679 status=collision: trajectory reached the configured collision radius
velocity row 102/120 IC 181/599 x0=0.79047 velocity_parameter=0.679 elapsed=99.9566s written=35
  crossing 0/250
  stopped velocity row 102 IC 181 x0=0.79047 velocity_parameter=0.679 status=outer_limit: trajectory reached the configured outer_limit radius
velocity row 102/120 IC 189/599 x0=0.790475 velocity_parameter=0.679 elapsed=100.024s written=35
  crossing 0/250
  stopped velocity row 102 IC 189 x0=0.790475 velocity_parameter=0.679 status=outer_limit: trajectory reached the configured outer_limit radius
velocity row 103/120 IC 171/599 x0=0.790462 velocity_parameter=0.695167 elapsed=100.032s written=35
  crossing 0/250
  stopped velocity row 103 IC 171 x0=0.790462 velocity_parameter=0.695167 status=outer_limit: trajectory reached the configured outer_limit radius
velocity row 103/120 IC 181/599 x0=0.79047 velocity_parameter=0.695167 elapsed=100.115s written=35
  crossing 0/250
  stopped velocity row 103 IC 181 x0=0.79047 velocity_parameter=0.695167 status=outer_limit: trajectory reached the configured outer_limit radius
velocity row 103/120 IC 189/599 x0=0.790475 velocity_parameter=0.695167 elapsed=100.18s written=35
  crossing 0/250
  stopped velocity row 103 IC 189 x0=0.790475 velocity_parameter=0.695167 status=outer_limit: trajectory reached the configured outer_limit radius
velocity row 104/120 IC 171/599 x0=0.790462 velocity_parameter=0.711333 elapsed=100.188s written=35
  crossing 0/250
  stopped velocity row 104 IC 171 x0=0.790462 velocity_parameter=0.711333 status=outer_limit: trajectory reached the configured outer_limit radius
velocity row 104/120 IC 181/599 x0=0.79047 velocity_parameter=0.711333 elapsed=100.272s written=35
  crossing 0/250
  stopped velocity row 104 IC 181 x0=0.79047 velocity_parameter=0.711333 status=outer_limit: trajectory reached the configured outer_limit radius
velocity row 104/120 IC 189/599 x0=0.790475 velocity_parameter=0.711333 elapsed=100.336s written=35
  crossing 0/250
  stopped velocity row 104 IC 189 x0=0.790475 velocity_parameter=0.711333 status=outer_limit: trajectory reached the configured outer_limit radius
velocity row 105/120 IC 171/599 x0=0.790462 velocity_parameter=0.7275 elapsed=100.344s written=35
  crossing 0/250
  stopped velocity row 105 IC 171 x0=0.790462 velocity_parameter=0.7275 status=outer_limit: trajectory reached the configured outer_limit radius
velocity row 105/120 IC 181/599 x0=0.79047 velocity_parameter=0.7275 elapsed=100.426s written=35
  crossing 0/250
  stopped velocity row 105 IC 181 x0=0.79047 velocity_parameter=0.7275 status=outer_limit: trajectory reached the configured outer_limit radius
velocity row 105/120 IC 189/599 x0=0.790475 velocity_parameter=0.7275 elapsed=100.492s written=35
  crossing 0/250
  stopped velocity row 105 IC 189 x0=0.790475 velocity_parameter=0.7275 status=outer_limit: trajectory reached the configured outer_limit radius
velocity row 106/120 IC 171/599 x0=0.790462 velocity_parameter=0.743667 elapsed=100.499s written=35
  crossing 0/250
  stopped velocity row 106 IC 171 x0=0.790462 velocity_parameter=0.743667 status=outer_limit: trajectory reached the configured outer_limit radius
velocity row 106/120 IC 181/599 x0=0.79047 velocity_parameter=0.743667 elapsed=100.588s written=35
  crossing 0/250
  stopped velocity row 106 IC 181 x0=0.79047 velocity_parameter=0.743667 status=outer_limit: trajectory reached the configured outer_limit radius
velocity row 106/120 IC 189/599 x0=0.790475 velocity_parameter=0.743667 elapsed=100.665s written=35
  crossing 0/250
  stopped velocity row 106 IC 189 x0=0.790475 velocity_parameter=0.743667 status=outer_limit: trajectory reached the configured outer_limit radius
velocity row 107/120 IC 171/599 x0=0.790462 velocity_parameter=0.759833 elapsed=100.672s written=35
  crossing 0/250
  stopped velocity row 107 IC 171 x0=0.790462 velocity_parameter=0.759833 status=outer_limit: trajectory reached the configured outer_limit radius
velocity row 107/120 IC 181/599 x0=0.79047 velocity_parameter=0.759833 elapsed=100.755s written=35
  crossing 0/250
  stopped velocity row 107 IC 181 x0=0.79047 velocity_parameter=0.759833 status=outer_limit: trajectory reached the configured outer_limit radius
velocity row 107/120 IC 189/599 x0=0.790475 velocity_parameter=0.759833 elapsed=100.821s written=35
  crossing 0/250
  stopped velocity row 107 IC 189 x0=0.790475 velocity_parameter=0.759833 status=outer_limit: trajectory reached the configured outer_limit radius
velocity row 108/120 IC 171/599 x0=0.790462 velocity_parameter=0.776 elapsed=100.828s written=35
  crossing 0/250
  stopped velocity row 108 IC 171 x0=0.790462 velocity_parameter=0.776 status=outer_limit: trajectory reached the configured outer_limit radius
velocity row 108/120 IC 181/599 x0=0.79047 velocity_parameter=0.776 elapsed=100.907s written=35
  crossing 0/250
  stopped velocity row 108 IC 181 x0=0.79047 velocity_parameter=0.776 status=outer_limit: trajectory reached the configured outer_limit radius
velocity row 108/120 IC 189/599 x0=0.790475 velocity_parameter=0.776 elapsed=100.966s written=35
  crossing 0/250
  stopped velocity row 108 IC 189 x0=0.790475 velocity_parameter=0.776 status=outer_limit: trajectory reached the configured outer_limit radius
velocity row 109/120 IC 171/599 x0=0.790462 velocity_parameter=0.792167 elapsed=100.974s written=35
  crossing 0/250
  stopped velocity row 109 IC 171 x0=0.790462 velocity_parameter=0.792167 status=outer_limit: trajectory reached the configured outer_limit radius
velocity row 109/120 IC 181/599 x0=0.79047 velocity_parameter=0.792167 elapsed=101.05s written=35
  crossing 0/250
  stopped velocity row 109 IC 181 x0=0.79047 velocity_parameter=0.792167 status=outer_limit: trajectory reached the configured outer_limit radius
velocity row 109/120 IC 189/599 x0=0.790475 velocity_parameter=0.792167 elapsed=101.118s written=35
  crossing 0/250
  stopped velocity row 109 IC 189 x0=0.790475 velocity_parameter=0.792167 status=outer_limit: trajectory reached the configured outer_limit radius
velocity row 110/120 IC 171/599 x0=0.790462 velocity_parameter=0.808333 elapsed=101.125s written=35
  crossing 0/250
  stopped velocity row 110 IC 171 x0=0.790462 velocity_parameter=0.808333 status=outer_limit: trajectory reached the configured outer_limit radius
velocity row 110/120 IC 181/599 x0=0.79047 velocity_parameter=0.808333 elapsed=101.201s written=35
  crossing 0/250
  stopped velocity row 110 IC 181 x0=0.79047 velocity_parameter=0.808333 status=outer_limit: trajectory reached the configured outer_limit radius
velocity row 110/120 IC 189/599 x0=0.790475 velocity_parameter=0.808333 elapsed=101.261s written=35
  crossing 0/250
  stopped velocity row 110 IC 189 x0=0.790475 velocity_parameter=0.808333 status=outer_limit: trajectory reached the configured outer_limit radius
velocity row 111/120 IC 171/599 x0=0.790462 velocity_parameter=0.8245 elapsed=101.268s written=35
  crossing 0/250
  stopped velocity row 111 IC 171 x0=0.790462 velocity_parameter=0.8245 status=outer_limit: trajectory reached the configured outer_limit radius
velocity row 111/120 IC 181/599 x0=0.79047 velocity_parameter=0.8245 elapsed=101.352s written=35
  crossing 0/250
  stopped velocity row 111 IC 181 x0=0.79047 velocity_parameter=0.8245 status=outer_limit: trajectory reached the configured outer_limit radius
velocity row 111/120 IC 189/599 x0=0.790475 velocity_parameter=0.8245 elapsed=101.413s written=35
  crossing 0/250
  stopped velocity row 111 IC 189 x0=0.790475 velocity_parameter=0.8245 status=outer_limit: trajectory reached the configured outer_limit radius
velocity row 112/120 IC 171/599 x0=0.790462 velocity_parameter=0.840667 elapsed=101.42s written=35
  crossing 0/250
  stopped velocity row 112 IC 171 x0=0.790462 velocity_parameter=0.840667 status=outer_limit: trajectory reached the configured outer_limit radius
velocity row 112/120 IC 181/599 x0=0.79047 velocity_parameter=0.840667 elapsed=101.498s written=35
  crossing 0/250
  stopped velocity row 112 IC 181 x0=0.79047 velocity_parameter=0.840667 status=outer_limit: trajectory reached the configured outer_limit radius
velocity row 112/120 IC 189/599 x0=0.790475 velocity_parameter=0.840667 elapsed=101.564s written=35
  crossing 0/250
  stopped velocity row 112 IC 189 x0=0.790475 velocity_parameter=0.840667 status=outer_limit: trajectory reached the configured outer_limit radius
velocity row 113/120 IC 171/599 x0=0.790462 velocity_parameter=0.856833 elapsed=101.571s written=35
  crossing 0/250
  stopped velocity row 113 IC 171 x0=0.790462 velocity_parameter=0.856833 status=outer_limit: trajectory reached the configured outer_limit radius
velocity row 113/120 IC 181/599 x0=0.79047 velocity_parameter=0.856833 elapsed=101.653s written=35
  crossing 0/250
  stopped velocity row 113 IC 181 x0=0.79047 velocity_parameter=0.856833 status=outer_limit: trajectory reached the configured outer_limit radius
velocity row 113/120 IC 189/599 x0=0.790475 velocity_parameter=0.856833 elapsed=101.711s written=35
  crossing 0/250
  stopped velocity row 113 IC 189 x0=0.790475 velocity_parameter=0.856833 status=outer_limit: trajectory reached the configured outer_limit radius
velocity row 114/120 IC 171/599 x0=0.790462 velocity_parameter=0.873 elapsed=101.718s written=35
  crossing 0/250
  stopped velocity row 114 IC 171 x0=0.790462 velocity_parameter=0.873 status=outer_limit: trajectory reached the configured outer_limit radius
velocity row 114/120 IC 181/599 x0=0.79047 velocity_parameter=0.873 elapsed=101.796s written=35
  crossing 0/250
  stopped velocity row 114 IC 181 x0=0.79047 velocity_parameter=0.873 status=outer_limit: trajectory reached the configured outer_limit radius
velocity row 114/120 IC 189/599 x0=0.790475 velocity_parameter=0.873 elapsed=101.856s written=35
  crossing 0/250
  stopped velocity row 114 IC 189 x0=0.790475 velocity_parameter=0.873 status=outer_limit: trajectory reached the configured outer_limit radius
velocity row 115/120 IC 171/599 x0=0.790462 velocity_parameter=0.889167 elapsed=101.863s written=35
  crossing 0/250
  stopped velocity row 115 IC 171 x0=0.790462 velocity_parameter=0.889167 status=outer_limit: trajectory reached the configured outer_limit radius
velocity row 115/120 IC 181/599 x0=0.79047 velocity_parameter=0.889167 elapsed=101.937s written=35
  crossing 0/250
  stopped velocity row 115 IC 181 x0=0.79047 velocity_parameter=0.889167 status=outer_limit: trajectory reached the configured outer_limit radius
velocity row 115/120 IC 189/599 x0=0.790475 velocity_parameter=0.889167 elapsed=101.996s written=35
  crossing 0/250
  stopped velocity row 115 IC 189 x0=0.790475 velocity_parameter=0.889167 status=outer_limit: trajectory reached the configured outer_limit radius
velocity row 116/120 IC 171/599 x0=0.790462 velocity_parameter=0.905333 elapsed=102.003s written=35
  crossing 0/250
  stopped velocity row 116 IC 171 x0=0.790462 velocity_parameter=0.905333 status=outer_limit: trajectory reached the configured outer_limit radius
velocity row 116/120 IC 181/599 x0=0.79047 velocity_parameter=0.905333 elapsed=102.08s written=35
  crossing 0/250
  stopped velocity row 116 IC 181 x0=0.79047 velocity_parameter=0.905333 status=outer_limit: trajectory reached the configured outer_limit radius
velocity row 116/120 IC 189/599 x0=0.790475 velocity_parameter=0.905333 elapsed=102.144s written=35
  crossing 0/250
  stopped velocity row 116 IC 189 x0=0.790475 velocity_parameter=0.905333 status=outer_limit: trajectory reached the configured outer_limit radius
velocity row 117/120 IC 171/599 x0=0.790462 velocity_parameter=0.9215 elapsed=102.151s written=35
  crossing 0/250
  stopped velocity row 117 IC 171 x0=0.790462 velocity_parameter=0.9215 status=outer_limit: trajectory reached the configured outer_limit radius
velocity row 117/120 IC 181/599 x0=0.79047 velocity_parameter=0.9215 elapsed=102.234s written=35
  crossing 0/250
  stopped velocity row 117 IC 181 x0=0.79047 velocity_parameter=0.9215 status=outer_limit: trajectory reached the configured outer_limit radius
velocity row 117/120 IC 189/599 x0=0.790475 velocity_parameter=0.9215 elapsed=102.3s written=35
  crossing 0/250
  stopped velocity row 117 IC 189 x0=0.790475 velocity_parameter=0.9215 status=outer_limit: trajectory reached the configured outer_limit radius
velocity row 118/120 IC 171/599 x0=0.790462 velocity_parameter=0.937667 elapsed=102.308s written=35
  crossing 0/250
  stopped velocity row 118 IC 171 x0=0.790462 velocity_parameter=0.937667 status=outer_limit: trajectory reached the configured outer_limit radius
velocity row 118/120 IC 181/599 x0=0.79047 velocity_parameter=0.937667 elapsed=102.385s written=35
  crossing 0/250
  stopped velocity row 118 IC 181 x0=0.79047 velocity_parameter=0.937667 status=outer_limit: trajectory reached the configured outer_limit radius
velocity row 118/120 IC 189/599 x0=0.790475 velocity_parameter=0.937667 elapsed=102.447s written=35
  crossing 0/250
  stopped velocity row 118 IC 189 x0=0.790475 velocity_parameter=0.937667 status=outer_limit: trajectory reached the configured outer_limit radius
velocity row 119/120 IC 171/599 x0=0.790462 velocity_parameter=0.953833 elapsed=102.454s written=35
  crossing 0/250
  stopped velocity row 119 IC 171 x0=0.790462 velocity_parameter=0.953833 status=outer_limit: trajectory reached the configured outer_limit radius
velocity row 119/120 IC 181/599 x0=0.79047 velocity_parameter=0.953833 elapsed=102.531s written=35
  crossing 0/250
  stopped velocity row 119 IC 181 x0=0.79047 velocity_parameter=0.953833 status=outer_limit: trajectory reached the configured outer_limit radius
velocity row 119/120 IC 189/599 x0=0.790475 velocity_parameter=0.953833 elapsed=102.591s written=35
  crossing 0/250
  stopped velocity row 119 IC 189 x0=0.790475 velocity_parameter=0.953833 status=outer_limit: trajectory reached the configured outer_limit radius
velocity row 120/120 IC 171/599 x0=0.790462 velocity_parameter=0.97 elapsed=102.598s written=35
  crossing 0/250
  stopped velocity row 120 IC 171 x0=0.790462 velocity_parameter=0.97 status=outer_limit: trajectory reached the configured outer_limit radius
velocity row 120/120 IC 181/599 x0=0.79047 velocity_parameter=0.97 elapsed=102.678s written=35
  crossing 0/250
  stopped velocity row 120 IC 181 x0=0.79047 velocity_parameter=0.97 status=outer_limit: trajectory reached the configured outer_limit radius
velocity row 120/120 IC 189/599 x0=0.790475 velocity_parameter=0.97 elapsed=102.738s written=35
  crossing 0/250
  stopped velocity row 120 IC 189 x0=0.790475 velocity_parameter=0.97 status=outer_limit: trajectory reached the configured outer_limit radius
svg -> /mnt/c/Users/payne/Code/Hill_4BP/professional_neck_studies/e1_dense_001/survey/level_006_delta_1e_minus_8/open/shard_0009/preview.svg
metadata -> /mnt/c/Users/payne/Code/Hill_4BP/professional_neck_studies/e1_dense_001/survey/level_006_delta_1e_minus_8/open/shard_0009/metadata.txt
wrote 35 points (0 ICs skipped, 2299 orbits stopped early, elapsed=102.748s) -> /mnt/c/Users/payne/Code/Hill_4BP/professional_neck_studies/e1_dense_001/survey/level_006_delta_1e_minus_8/open/shard_0009/points.csv
outcomes: collision=1917 completed=0 forbidden=0 inner_radius_limit=0 invalid_initial_radius=0 invalid_velocity=0 nontransverse=0 numerical_failure=0 outer_limit=382 timeout=0
maximum sampled |H-h|=8.99133e-16
