zero-velocity boundary -> /mnt/c/Users/payne/Code/Hill_4BP/professional_neck_studies/e1_dense_001/survey/level_000_delta_1e_minus_2/open/shard_0007/zero_velocity_boundary.csv
lambda1=0.0272549 lambda2=2.97275 A=-0.986373 B=0.486373 c=0.0976566 c1=0 c2=0 c3=-0.0976566 h=-2.38154 (C=4.76307)
E1/E2 neck h=-2.39154 (C=4.78307), E3/E4 neck h=-0.454039 (C=0.908078)
energy_mode=neck_delta neck=E1 hcrit=-2.39154 delta=0.01 side=open actual_neck_side=open delta_h=0.01
x_count=600 xdot_count=121 iterates=250 index range=[133,151] velocity_mode=fraction x_range=[0.575546,1.00556] max_return_time=100
smooth coordinates R=sqrt(rho), CAPD crossing mode=Both solver_order=28 max_step=0.005 abs_tol=1e-15 rel_tol=1e-13 collision_radius=1e-06 outer_radius=5
velocity row 0/120 IC 133/599 x0=0.671026 velocity_parameter=-0.97 elapsed=1.99e-07s written=0
  crossing 0/250
  stopped velocity row 0 IC 133 x0=0.671026 velocity_parameter=-0.97 status=collision: trajectory reached the configured collision radius
  stopped velocity row 0 IC 134 x0=0.671744 velocity_parameter=-0.97 status=collision: trajectory reached the configured collision radius
  stopped velocity row 0 IC 135 x0=0.672461 velocity_parameter=-0.97 status=collision: trajectory reached the configured collision radius
  stopped velocity row 0 IC 136 x0=0.673179 velocity_parameter=-0.97 status=collision: trajectory reached the configured collision radius
  stopped velocity row 0 IC 137 x0=0.673897 velocity_parameter=-0.97 status=collision: trajectory reached the configured collision radius
  stopped velocity row 0 IC 138 x0=0.674615 velocity_parameter=-0.97 status=collision: trajectory reached the configured collision radius
  stopped velocity row 0 IC 139 x0=0.675333 velocity_parameter=-0.97 status=collision: trajectory reached the configured collision radius
  stopped velocity row 0 IC 140 x0=0.676051 velocity_parameter=-0.97 status=collision: trajectory reached the configured collision radius
  stopped velocity row 0 IC 141 x0=0.676769 velocity_parameter=-0.97 status=collision: trajectory reached the configured collision radius
  stopped velocity row 0 IC 142 x0=0.677487 velocity_parameter=-0.97 status=collision: trajectory reached the configured collision radius
velocity row 0/120 IC 143/599 x0=0.678205 velocity_parameter=-0.97 elapsed=0.742969s written=0
  crossing 0/250
  stopped velocity row 0 IC 143 x0=0.678205 velocity_parameter=-0.97 status=collision: trajectory reached the configured collision radius
velocity row 0/120 IC 151/599 x0=0.683948 velocity_parameter=-0.97 elapsed=1.32311s written=0
  crossing 0/250
  stopped velocity row 0 IC 151 x0=0.683948 velocity_parameter=-0.97 status=collision: trajectory reached the configured collision radius
velocity row 1/120 IC 133/599 x0=0.671026 velocity_parameter=-0.953833 elapsed=1.39703s written=0
  crossing 0/250
  stopped velocity row 1 IC 133 x0=0.671026 velocity_parameter=-0.953833 status=collision: trajectory reached the configured collision radius
velocity row 1/120 IC 143/599 x0=0.678205 velocity_parameter=-0.953833 elapsed=2.15631s written=0
  crossing 0/250
  stopped velocity row 1 IC 143 x0=0.678205 velocity_parameter=-0.953833 status=collision: trajectory reached the configured collision radius
velocity row 1/120 IC 151/599 x0=0.683948 velocity_parameter=-0.953833 elapsed=2.75372s written=0
  crossing 0/250
  stopped velocity row 1 IC 151 x0=0.683948 velocity_parameter=-0.953833 status=collision: trajectory reached the configured collision radius
velocity row 2/120 IC 133/599 x0=0.671026 velocity_parameter=-0.937667 elapsed=2.82128s written=0
  crossing 0/250
  stopped velocity row 2 IC 133 x0=0.671026 velocity_parameter=-0.937667 status=collision: trajectory reached the configured collision radius
velocity row 2/120 IC 143/599 x0=0.678205 velocity_parameter=-0.937667 elapsed=3.56273s written=0
  crossing 0/250
  stopped velocity row 2 IC 143 x0=0.678205 velocity_parameter=-0.937667 status=collision: trajectory reached the configured collision radius
velocity row 2/120 IC 151/599 x0=0.683948 velocity_parameter=-0.937667 elapsed=4.18724s written=0
  crossing 0/250
  stopped velocity row 2 IC 151 x0=0.683948 velocity_parameter=-0.937667 status=collision: trajectory reached the configured collision radius
velocity row 3/120 IC 133/599 x0=0.671026 velocity_parameter=-0.9215 elapsed=4.26409s written=0
  crossing 0/250
  stopped velocity row 3 IC 133 x0=0.671026 velocity_parameter=-0.9215 status=collision: trajectory reached the configured collision radius
velocity row 3/120 IC 143/599 x0=0.678205 velocity_parameter=-0.9215 elapsed=5.01456s written=0
  crossing 0/250
  stopped velocity row 3 IC 143 x0=0.678205 velocity_parameter=-0.9215 status=collision: trajectory reached the configured collision radius
velocity row 3/120 IC 151/599 x0=0.683948 velocity_parameter=-0.9215 elapsed=5.62044s written=0
  crossing 0/250
  stopped velocity row 3 IC 151 x0=0.683948 velocity_parameter=-0.9215 status=collision: trajectory reached the configured collision radius
velocity row 4/120 IC 133/599 x0=0.671026 velocity_parameter=-0.905333 elapsed=5.6939s written=0
  crossing 0/250
  stopped velocity row 4 IC 133 x0=0.671026 velocity_parameter=-0.905333 status=collision: trajectory reached the configured collision radius
velocity row 4/120 IC 143/599 x0=0.678205 velocity_parameter=-0.905333 elapsed=6.4516s written=0
  crossing 0/250
  stopped velocity row 4 IC 143 x0=0.678205 velocity_parameter=-0.905333 status=collision: trajectory reached the configured collision radius
velocity row 4/120 IC 151/599 x0=0.683948 velocity_parameter=-0.905333 elapsed=7.04058s written=0
  crossing 0/250
  stopped velocity row 4 IC 151 x0=0.683948 velocity_parameter=-0.905333 status=collision: trajectory reached the configured collision radius
velocity row 5/120 IC 133/599 x0=0.671026 velocity_parameter=-0.889167 elapsed=7.12164s written=0
  crossing 0/250
  stopped velocity row 5 IC 133 x0=0.671026 velocity_parameter=-0.889167 status=collision: trajectory reached the configured collision radius
velocity row 5/120 IC 143/599 x0=0.678205 velocity_parameter=-0.889167 elapsed=7.86514s written=0
  crossing 0/250
  stopped velocity row 5 IC 143 x0=0.678205 velocity_parameter=-0.889167 status=collision: trajectory reached the configured collision radius
velocity row 5/120 IC 151/599 x0=0.683948 velocity_parameter=-0.889167 elapsed=8.41068s written=0
  crossing 0/250
  stopped velocity row 5 IC 151 x0=0.683948 velocity_parameter=-0.889167 status=collision: trajectory reached the configured collision radius
velocity row 6/120 IC 133/599 x0=0.671026 velocity_parameter=-0.873 elapsed=8.47764s written=0
  crossing 0/250
  stopped velocity row 6 IC 133 x0=0.671026 velocity_parameter=-0.873 status=collision: trajectory reached the configured collision radius
velocity row 6/120 IC 143/599 x0=0.678205 velocity_parameter=-0.873 elapsed=9.08295s written=0
  crossing 0/250
  stopped velocity row 6 IC 143 x0=0.678205 velocity_parameter=-0.873 status=collision: trajectory reached the configured collision radius
velocity row 6/120 IC 151/599 x0=0.683948 velocity_parameter=-0.873 elapsed=9.53436s written=0
  crossing 0/250
  stopped velocity row 6 IC 151 x0=0.683948 velocity_parameter=-0.873 status=collision: trajectory reached the configured collision radius
velocity row 7/120 IC 133/599 x0=0.671026 velocity_parameter=-0.856833 elapsed=9.58756s written=0
  crossing 0/250
  stopped velocity row 7 IC 133 x0=0.671026 velocity_parameter=-0.856833 status=collision: trajectory reached the configured collision radius
velocity row 7/120 IC 143/599 x0=0.678205 velocity_parameter=-0.856833 elapsed=10.1587s written=0
  crossing 0/250
  stopped velocity row 7 IC 143 x0=0.678205 velocity_parameter=-0.856833 status=collision: trajectory reached the configured collision radius
velocity row 7/120 IC 151/599 x0=0.683948 velocity_parameter=-0.856833 elapsed=10.6283s written=0
  crossing 0/250
  stopped velocity row 7 IC 151 x0=0.683948 velocity_parameter=-0.856833 status=collision: trajectory reached the configured collision radius
velocity row 8/120 IC 133/599 x0=0.671026 velocity_parameter=-0.840667 elapsed=10.6725s written=0
  crossing 0/250
  stopped velocity row 8 IC 133 x0=0.671026 velocity_parameter=-0.840667 status=collision: trajectory reached the configured collision radius
velocity row 8/120 IC 143/599 x0=0.678205 velocity_parameter=-0.840667 elapsed=11.2024s written=0
  crossing 0/250
  stopped velocity row 8 IC 143 x0=0.678205 velocity_parameter=-0.840667 status=collision: trajectory reached the configured collision radius
velocity row 8/120 IC 151/599 x0=0.683948 velocity_parameter=-0.840667 elapsed=11.6079s written=0
  crossing 0/250
  stopped velocity row 8 IC 151 x0=0.683948 velocity_parameter=-0.840667 status=collision: trajectory reached the configured collision radius
velocity row 9/120 IC 133/599 x0=0.671026 velocity_parameter=-0.8245 elapsed=11.6473s written=0
  crossing 0/250
  stopped velocity row 9 IC 133 x0=0.671026 velocity_parameter=-0.8245 status=collision: trajectory reached the configured collision radius
velocity row 9/120 IC 143/599 x0=0.678205 velocity_parameter=-0.8245 elapsed=12.1439s written=0
  crossing 0/250
  stopped velocity row 9 IC 143 x0=0.678205 velocity_parameter=-0.8245 status=collision: trajectory reached the configured collision radius
velocity row 9/120 IC 151/599 x0=0.683948 velocity_parameter=-0.8245 elapsed=12.5926s written=0
  crossing 0/250
  stopped velocity row 9 IC 151 x0=0.683948 velocity_parameter=-0.8245 status=collision: trajectory reached the configured collision radius
velocity row 10/120 IC 133/599 x0=0.671026 velocity_parameter=-0.808333 elapsed=12.635s written=0
  crossing 0/250
  stopped velocity row 10 IC 133 x0=0.671026 velocity_parameter=-0.808333 status=collision: trajectory reached the configured collision radius
velocity row 10/120 IC 143/599 x0=0.678205 velocity_parameter=-0.808333 elapsed=13.0887s written=0
  crossing 0/250
  stopped velocity row 10 IC 143 x0=0.678205 velocity_parameter=-0.808333 status=collision: trajectory reached the configured collision radius
velocity row 10/120 IC 151/599 x0=0.683948 velocity_parameter=-0.808333 elapsed=13.4757s written=0
  crossing 0/250
  stopped velocity row 10 IC 151 x0=0.683948 velocity_parameter=-0.808333 status=collision: trajectory reached the configured collision radius
velocity row 11/120 IC 133/599 x0=0.671026 velocity_parameter=-0.792167 elapsed=13.5302s written=0
  crossing 0/250
  stopped velocity row 11 IC 133 x0=0.671026 velocity_parameter=-0.792167 status=collision: trajectory reached the configured collision radius
velocity row 11/120 IC 143/599 x0=0.678205 velocity_parameter=-0.792167 elapsed=14.0038s written=0
  crossing 0/250
  stopped velocity row 11 IC 143 x0=0.678205 velocity_parameter=-0.792167 status=collision: trajectory reached the configured collision radius
velocity row 11/120 IC 151/599 x0=0.683948 velocity_parameter=-0.792167 elapsed=14.373s written=0
  crossing 0/250
  stopped velocity row 11 IC 151 x0=0.683948 velocity_parameter=-0.792167 status=collision: trajectory reached the configured collision radius
velocity row 12/120 IC 133/599 x0=0.671026 velocity_parameter=-0.776 elapsed=14.4053s written=0
  crossing 0/250
  stopped velocity row 12 IC 133 x0=0.671026 velocity_parameter=-0.776 status=collision: trajectory reached the configured collision radius
velocity row 12/120 IC 143/599 x0=0.678205 velocity_parameter=-0.776 elapsed=14.8077s written=0
  crossing 0/250
  stopped velocity row 12 IC 143 x0=0.678205 velocity_parameter=-0.776 status=collision: trajectory reached the configured collision radius
velocity row 12/120 IC 151/599 x0=0.683948 velocity_parameter=-0.776 elapsed=15.2322s written=0
  crossing 0/250
  stopped velocity row 12 IC 151 x0=0.683948 velocity_parameter=-0.776 status=collision: trajectory reached the configured collision radius
velocity row 13/120 IC 133/599 x0=0.671026 velocity_parameter=-0.759833 elapsed=15.2772s written=0
  crossing 0/250
  stopped velocity row 13 IC 133 x0=0.671026 velocity_parameter=-0.759833 status=collision: trajectory reached the configured collision radius
velocity row 13/120 IC 143/599 x0=0.678205 velocity_parameter=-0.759833 elapsed=15.7393s written=0
  crossing 0/250
  stopped velocity row 13 IC 143 x0=0.678205 velocity_parameter=-0.759833 status=collision: trajectory reached the configured collision radius
velocity row 13/120 IC 151/599 x0=0.683948 velocity_parameter=-0.759833 elapsed=16.0618s written=0
  crossing 0/250
  stopped velocity row 13 IC 151 x0=0.683948 velocity_parameter=-0.759833 status=collision: trajectory reached the configured collision radius
velocity row 14/120 IC 133/599 x0=0.671026 velocity_parameter=-0.743667 elapsed=16.0941s written=0
  crossing 0/250
  stopped velocity row 14 IC 133 x0=0.671026 velocity_parameter=-0.743667 status=collision: trajectory reached the configured collision radius
velocity row 14/120 IC 143/599 x0=0.678205 velocity_parameter=-0.743667 elapsed=16.4806s written=0
  crossing 0/250
  stopped velocity row 14 IC 143 x0=0.678205 velocity_parameter=-0.743667 status=collision: trajectory reached the configured collision radius
velocity row 14/120 IC 151/599 x0=0.683948 velocity_parameter=-0.743667 elapsed=16.8473s written=0
  crossing 0/250
  stopped velocity row 14 IC 151 x0=0.683948 velocity_parameter=-0.743667 status=collision: trajectory reached the configured collision radius
velocity row 15/120 IC 133/599 x0=0.671026 velocity_parameter=-0.7275 elapsed=16.8876s written=0
  crossing 0/250
  stopped velocity row 15 IC 133 x0=0.671026 velocity_parameter=-0.7275 status=collision: trajectory reached the configured collision radius
velocity row 15/120 IC 143/599 x0=0.678205 velocity_parameter=-0.7275 elapsed=17.2568s written=0
  crossing 0/250
  stopped velocity row 15 IC 143 x0=0.678205 velocity_parameter=-0.7275 status=collision: trajectory reached the configured collision radius
velocity row 15/120 IC 151/599 x0=0.683948 velocity_parameter=-0.7275 elapsed=17.5824s written=0
  crossing 0/250
  stopped velocity row 15 IC 151 x0=0.683948 velocity_parameter=-0.7275 status=collision: trajectory reached the configured collision radius
velocity row 16/120 IC 133/599 x0=0.671026 velocity_parameter=-0.711333 elapsed=17.6263s written=0
  crossing 0/250
  stopped velocity row 16 IC 133 x0=0.671026 velocity_parameter=-0.711333 status=collision: trajectory reached the configured collision radius
velocity row 16/120 IC 143/599 x0=0.678205 velocity_parameter=-0.711333 elapsed=17.9941s written=0
  crossing 0/250
  stopped velocity row 16 IC 143 x0=0.678205 velocity_parameter=-0.711333 status=collision: trajectory reached the configured collision radius
velocity row 16/120 IC 151/599 x0=0.683948 velocity_parameter=-0.711333 elapsed=18.2825s written=0
  crossing 0/250
  stopped velocity row 16 IC 151 x0=0.683948 velocity_parameter=-0.711333 status=collision: trajectory reached the configured collision radius
velocity row 17/120 IC 133/599 x0=0.671026 velocity_parameter=-0.695167 elapsed=18.3226s written=0
  crossing 0/250
  stopped velocity row 17 IC 133 x0=0.671026 velocity_parameter=-0.695167 status=collision: trajectory reached the configured collision radius
velocity row 17/120 IC 143/599 x0=0.678205 velocity_parameter=-0.695167 elapsed=18.7418s written=0
  crossing 0/250
  stopped velocity row 17 IC 143 x0=0.678205 velocity_parameter=-0.695167 status=collision: trajectory reached the configured collision radius
velocity row 17/120 IC 151/599 x0=0.683948 velocity_parameter=-0.695167 elapsed=19.0791s written=0
  crossing 0/250
  stopped velocity row 17 IC 151 x0=0.683948 velocity_parameter=-0.695167 status=collision: trajectory reached the configured collision radius
velocity row 18/120 IC 133/599 x0=0.671026 velocity_parameter=-0.679 elapsed=19.1122s written=0
  crossing 0/250
  stopped velocity row 18 IC 133 x0=0.671026 velocity_parameter=-0.679 status=collision: trajectory reached the configured collision radius
velocity row 18/120 IC 143/599 x0=0.678205 velocity_parameter=-0.679 elapsed=19.5033s written=0
  crossing 0/250
  stopped velocity row 18 IC 143 x0=0.678205 velocity_parameter=-0.679 status=collision: trajectory reached the configured collision radius
velocity row 18/120 IC 151/599 x0=0.683948 velocity_parameter=-0.679 elapsed=19.7939s written=0
  crossing 0/250
  stopped velocity row 18 IC 151 x0=0.683948 velocity_parameter=-0.679 status=collision: trajectory reached the configured collision radius
velocity row 19/120 IC 133/599 x0=0.671026 velocity_parameter=-0.662833 elapsed=19.8307s written=0
  crossing 0/250
  stopped velocity row 19 IC 133 x0=0.671026 velocity_parameter=-0.662833 status=collision: trajectory reached the configured collision radius
velocity row 19/120 IC 143/599 x0=0.678205 velocity_parameter=-0.662833 elapsed=20.3174s written=0
  crossing 0/250
  stopped velocity row 19 IC 143 x0=0.678205 velocity_parameter=-0.662833 status=collision: trajectory reached the configured collision radius
velocity row 19/120 IC 151/599 x0=0.683948 velocity_parameter=-0.662833 elapsed=20.6744s written=0
  crossing 0/250
  stopped velocity row 19 IC 151 x0=0.683948 velocity_parameter=-0.662833 status=collision: trajectory reached the configured collision radius
velocity row 20/120 IC 133/599 x0=0.671026 velocity_parameter=-0.646667 elapsed=20.7273s written=0
  crossing 0/250
  stopped velocity row 20 IC 133 x0=0.671026 velocity_parameter=-0.646667 status=collision: trajectory reached the configured collision radius
velocity row 20/120 IC 143/599 x0=0.678205 velocity_parameter=-0.646667 elapsed=21.1328s written=0
  crossing 0/250
  stopped velocity row 20 IC 143 x0=0.678205 velocity_parameter=-0.646667 status=collision: trajectory reached the configured collision radius
velocity row 20/120 IC 151/599 x0=0.683948 velocity_parameter=-0.646667 elapsed=21.4617s written=0
  crossing 0/250
  stopped velocity row 20 IC 151 x0=0.683948 velocity_parameter=-0.646667 status=collision: trajectory reached the configured collision radius
velocity row 21/120 IC 133/599 x0=0.671026 velocity_parameter=-0.6305 elapsed=21.5254s written=0
  crossing 0/250
  stopped velocity row 21 IC 133 x0=0.671026 velocity_parameter=-0.6305 status=collision: trajectory reached the configured collision radius
velocity row 21/120 IC 143/599 x0=0.678205 velocity_parameter=-0.6305 elapsed=21.927s written=0
  crossing 0/250
  stopped velocity row 21 IC 143 x0=0.678205 velocity_parameter=-0.6305 status=collision: trajectory reached the configured collision radius
velocity row 21/120 IC 151/599 x0=0.683948 velocity_parameter=-0.6305 elapsed=22.2597s written=0
  crossing 0/250
  stopped velocity row 21 IC 151 x0=0.683948 velocity_parameter=-0.6305 status=collision: trajectory reached the configured collision radius
velocity row 22/120 IC 133/599 x0=0.671026 velocity_parameter=-0.614333 elapsed=22.3066s written=0
  crossing 0/250
  stopped velocity row 22 IC 133 x0=0.671026 velocity_parameter=-0.614333 status=collision: trajectory reached the configured collision radius
velocity row 22/120 IC 143/599 x0=0.678205 velocity_parameter=-0.614333 elapsed=22.687s written=0
  crossing 0/250
  stopped velocity row 22 IC 143 x0=0.678205 velocity_parameter=-0.614333 status=collision: trajectory reached the configured collision radius
velocity row 22/120 IC 151/599 x0=0.683948 velocity_parameter=-0.614333 elapsed=23.0222s written=0
  crossing 0/250
  stopped velocity row 22 IC 151 x0=0.683948 velocity_parameter=-0.614333 status=collision: trajectory reached the configured collision radius
velocity row 23/120 IC 133/599 x0=0.671026 velocity_parameter=-0.598167 elapsed=23.0742s written=0
  crossing 0/250
  stopped velocity row 23 IC 133 x0=0.671026 velocity_parameter=-0.598167 status=collision: trajectory reached the configured collision radius
velocity row 23/120 IC 143/599 x0=0.678205 velocity_parameter=-0.598167 elapsed=23.4843s written=0
  crossing 0/250
  stopped velocity row 23 IC 143 x0=0.678205 velocity_parameter=-0.598167 status=collision: trajectory reached the configured collision radius
velocity row 23/120 IC 151/599 x0=0.683948 velocity_parameter=-0.598167 elapsed=23.8703s written=0
  crossing 0/250
  stopped velocity row 23 IC 151 x0=0.683948 velocity_parameter=-0.598167 status=collision: trajectory reached the configured collision radius
velocity row 24/120 IC 133/599 x0=0.671026 velocity_parameter=-0.582 elapsed=23.9123s written=0
  crossing 0/250
  stopped velocity row 24 IC 133 x0=0.671026 velocity_parameter=-0.582 status=collision: trajectory reached the configured collision radius
velocity row 24/120 IC 143/599 x0=0.678205 velocity_parameter=-0.582 elapsed=24.3074s written=0
  crossing 0/250
  stopped velocity row 24 IC 143 x0=0.678205 velocity_parameter=-0.582 status=collision: trajectory reached the configured collision radius
velocity row 24/120 IC 151/599 x0=0.683948 velocity_parameter=-0.582 elapsed=24.6275s written=0
  crossing 0/250
  stopped velocity row 24 IC 151 x0=0.683948 velocity_parameter=-0.582 status=collision: trajectory reached the configured collision radius
velocity row 25/120 IC 133/599 x0=0.671026 velocity_parameter=-0.565833 elapsed=24.6599s written=0
  crossing 0/250
  stopped velocity row 25 IC 133 x0=0.671026 velocity_parameter=-0.565833 status=collision: trajectory reached the configured collision radius
velocity row 25/120 IC 143/599 x0=0.678205 velocity_parameter=-0.565833 elapsed=25.0921s written=0
  crossing 0/250
  stopped velocity row 25 IC 143 x0=0.678205 velocity_parameter=-0.565833 status=collision: trajectory reached the configured collision radius
velocity row 25/120 IC 151/599 x0=0.683948 velocity_parameter=-0.565833 elapsed=25.3975s written=0
  crossing 0/250
  stopped velocity row 25 IC 151 x0=0.683948 velocity_parameter=-0.565833 status=collision: trajectory reached the configured collision radius
velocity row 26/120 IC 133/599 x0=0.671026 velocity_parameter=-0.549667 elapsed=25.436s written=0
  crossing 0/250
  stopped velocity row 26 IC 133 x0=0.671026 velocity_parameter=-0.549667 status=collision: trajectory reached the configured collision radius
velocity row 26/120 IC 143/599 x0=0.678205 velocity_parameter=-0.549667 elapsed=25.9001s written=0
  crossing 0/250
  stopped velocity row 26 IC 143 x0=0.678205 velocity_parameter=-0.549667 status=collision: trajectory reached the configured collision radius
velocity row 26/120 IC 151/599 x0=0.683948 velocity_parameter=-0.549667 elapsed=26.2412s written=0
  crossing 0/250
  stopped velocity row 26 IC 151 x0=0.683948 velocity_parameter=-0.549667 status=collision: trajectory reached the configured collision radius
velocity row 27/120 IC 133/599 x0=0.671026 velocity_parameter=-0.5335 elapsed=26.2779s written=0
  crossing 0/250
  stopped velocity row 27 IC 133 x0=0.671026 velocity_parameter=-0.5335 status=collision: trajectory reached the configured collision radius
velocity row 27/120 IC 143/599 x0=0.678205 velocity_parameter=-0.5335 elapsed=26.7334s written=0
  crossing 0/250
  stopped velocity row 27 IC 143 x0=0.678205 velocity_parameter=-0.5335 status=collision: trajectory reached the configured collision radius
velocity row 27/120 IC 151/599 x0=0.683948 velocity_parameter=-0.5335 elapsed=27.0352s written=0
  crossing 0/250
  stopped velocity row 27 IC 151 x0=0.683948 velocity_parameter=-0.5335 status=collision: trajectory reached the configured collision radius
velocity row 28/120 IC 133/599 x0=0.671026 velocity_parameter=-0.517333 elapsed=27.0675s written=0
  crossing 0/250
  stopped velocity row 28 IC 133 x0=0.671026 velocity_parameter=-0.517333 status=collision: trajectory reached the configured collision radius
velocity row 28/120 IC 143/599 x0=0.678205 velocity_parameter=-0.517333 elapsed=27.4373s written=0
  crossing 0/250
  stopped velocity row 28 IC 143 x0=0.678205 velocity_parameter=-0.517333 status=collision: trajectory reached the configured collision radius
velocity row 28/120 IC 151/599 x0=0.683948 velocity_parameter=-0.517333 elapsed=27.8028s written=0
  crossing 0/250
  stopped velocity row 28 IC 151 x0=0.683948 velocity_parameter=-0.517333 status=collision: trajectory reached the configured collision radius
velocity row 29/120 IC 133/599 x0=0.671026 velocity_parameter=-0.501167 elapsed=27.8563s written=0
  crossing 0/250
  stopped velocity row 29 IC 133 x0=0.671026 velocity_parameter=-0.501167 status=collision: trajectory reached the configured collision radius
velocity row 29/120 IC 143/599 x0=0.678205 velocity_parameter=-0.501167 elapsed=28.2211s written=0
  crossing 0/250
  stopped velocity row 29 IC 143 x0=0.678205 velocity_parameter=-0.501167 status=collision: trajectory reached the configured collision radius
velocity row 29/120 IC 151/599 x0=0.683948 velocity_parameter=-0.501167 elapsed=28.5617s written=0
  crossing 0/250
  stopped velocity row 29 IC 151 x0=0.683948 velocity_parameter=-0.501167 status=collision: trajectory reached the configured collision radius
velocity row 30/120 IC 133/599 x0=0.671026 velocity_parameter=-0.485 elapsed=28.5945s written=0
  crossing 0/250
  stopped velocity row 30 IC 133 x0=0.671026 velocity_parameter=-0.485 status=collision: trajectory reached the configured collision radius
velocity row 30/120 IC 143/599 x0=0.678205 velocity_parameter=-0.485 elapsed=29.0391s written=0
  crossing 0/250
  stopped velocity row 30 IC 143 x0=0.678205 velocity_parameter=-0.485 status=collision: trajectory reached the configured collision radius
velocity row 30/120 IC 151/599 x0=0.683948 velocity_parameter=-0.485 elapsed=29.3299s written=0
  crossing 0/250
  stopped velocity row 30 IC 151 x0=0.683948 velocity_parameter=-0.485 status=collision: trajectory reached the configured collision radius
velocity row 31/120 IC 133/599 x0=0.671026 velocity_parameter=-0.468833 elapsed=29.3628s written=0
  crossing 0/250
  stopped velocity row 31 IC 133 x0=0.671026 velocity_parameter=-0.468833 status=collision: trajectory reached the configured collision radius
velocity row 31/120 IC 143/599 x0=0.678205 velocity_parameter=-0.468833 elapsed=29.708s written=0
  crossing 0/250
  stopped velocity row 31 IC 143 x0=0.678205 velocity_parameter=-0.468833 status=collision: trajectory reached the configured collision radius
velocity row 31/120 IC 151/599 x0=0.683948 velocity_parameter=-0.468833 elapsed=30.0287s written=0
  crossing 0/250
  stopped velocity row 31 IC 151 x0=0.683948 velocity_parameter=-0.468833 status=collision: trajectory reached the configured collision radius
velocity row 32/120 IC 133/599 x0=0.671026 velocity_parameter=-0.452667 elapsed=30.0622s written=0
  crossing 0/250
  stopped velocity row 32 IC 133 x0=0.671026 velocity_parameter=-0.452667 status=collision: trajectory reached the configured collision radius
velocity row 32/120 IC 143/599 x0=0.678205 velocity_parameter=-0.452667 elapsed=30.4161s written=0
  crossing 0/250
  stopped velocity row 32 IC 143 x0=0.678205 velocity_parameter=-0.452667 status=collision: trajectory reached the configured collision radius
velocity row 32/120 IC 151/599 x0=0.683948 velocity_parameter=-0.452667 elapsed=30.7537s written=0
  crossing 0/250
  stopped velocity row 32 IC 151 x0=0.683948 velocity_parameter=-0.452667 status=collision: trajectory reached the configured collision radius
velocity row 33/120 IC 133/599 x0=0.671026 velocity_parameter=-0.4365 elapsed=30.7857s written=0
  crossing 0/250
  stopped velocity row 33 IC 133 x0=0.671026 velocity_parameter=-0.4365 status=collision: trajectory reached the configured collision radius
velocity row 33/120 IC 143/599 x0=0.678205 velocity_parameter=-0.4365 elapsed=31.1467s written=0
  crossing 0/250
  stopped velocity row 33 IC 143 x0=0.678205 velocity_parameter=-0.4365 status=collision: trajectory reached the configured collision radius
velocity row 33/120 IC 151/599 x0=0.683948 velocity_parameter=-0.4365 elapsed=31.4284s written=0
  crossing 0/250
  stopped velocity row 33 IC 151 x0=0.683948 velocity_parameter=-0.4365 status=collision: trajectory reached the configured collision radius
velocity row 34/120 IC 133/599 x0=0.671026 velocity_parameter=-0.420333 elapsed=31.4605s written=0
  crossing 0/250
  stopped velocity row 34 IC 133 x0=0.671026 velocity_parameter=-0.420333 status=collision: trajectory reached the configured collision radius
velocity row 34/120 IC 143/599 x0=0.678205 velocity_parameter=-0.420333 elapsed=31.8549s written=0
  crossing 0/250
  stopped velocity row 34 IC 143 x0=0.678205 velocity_parameter=-0.420333 status=collision: trajectory reached the configured collision radius
velocity row 34/120 IC 151/599 x0=0.683948 velocity_parameter=-0.420333 elapsed=32.1607s written=0
  crossing 0/250
  stopped velocity row 34 IC 151 x0=0.683948 velocity_parameter=-0.420333 status=collision: trajectory reached the configured collision radius
velocity row 35/120 IC 133/599 x0=0.671026 velocity_parameter=-0.404167 elapsed=32.1934s written=0
  crossing 0/250
  stopped velocity row 35 IC 133 x0=0.671026 velocity_parameter=-0.404167 status=collision: trajectory reached the configured collision radius
velocity row 35/120 IC 143/599 x0=0.678205 velocity_parameter=-0.404167 elapsed=32.5732s written=0
  crossing 0/250
  stopped velocity row 35 IC 143 x0=0.678205 velocity_parameter=-0.404167 status=collision: trajectory reached the configured collision radius
velocity row 35/120 IC 151/599 x0=0.683948 velocity_parameter=-0.404167 elapsed=32.9138s written=0
  crossing 0/250
  stopped velocity row 35 IC 151 x0=0.683948 velocity_parameter=-0.404167 status=collision: trajectory reached the configured collision radius
velocity row 36/120 IC 133/599 x0=0.671026 velocity_parameter=-0.388 elapsed=32.9462s written=0
  crossing 0/250
  stopped velocity row 36 IC 133 x0=0.671026 velocity_parameter=-0.388 status=collision: trajectory reached the configured collision radius
velocity row 36/120 IC 143/599 x0=0.678205 velocity_parameter=-0.388 elapsed=33.3363s written=0
  crossing 0/250
  stopped velocity row 36 IC 143 x0=0.678205 velocity_parameter=-0.388 status=collision: trajectory reached the configured collision radius
velocity row 36/120 IC 151/599 x0=0.683948 velocity_parameter=-0.388 elapsed=33.6304s written=0
  crossing 0/250
  stopped velocity row 36 IC 151 x0=0.683948 velocity_parameter=-0.388 status=collision: trajectory reached the configured collision radius
velocity row 37/120 IC 133/599 x0=0.671026 velocity_parameter=-0.371833 elapsed=33.6636s written=0
  crossing 0/250
  stopped velocity row 37 IC 133 x0=0.671026 velocity_parameter=-0.371833 status=collision: trajectory reached the configured collision radius
velocity row 37/120 IC 143/599 x0=0.678205 velocity_parameter=-0.371833 elapsed=34.0161s written=0
  crossing 0/250
  stopped velocity row 37 IC 143 x0=0.678205 velocity_parameter=-0.371833 status=collision: trajectory reached the configured collision radius
velocity row 37/120 IC 151/599 x0=0.683948 velocity_parameter=-0.371833 elapsed=34.3284s written=0
  crossing 0/250
  stopped velocity row 37 IC 151 x0=0.683948 velocity_parameter=-0.371833 status=collision: trajectory reached the configured collision radius
velocity row 38/120 IC 133/599 x0=0.671026 velocity_parameter=-0.355667 elapsed=34.3783s written=0
  crossing 0/250
  stopped velocity row 38 IC 133 x0=0.671026 velocity_parameter=-0.355667 status=collision: trajectory reached the configured collision radius
velocity row 38/120 IC 143/599 x0=0.678205 velocity_parameter=-0.355667 elapsed=34.7078s written=0
  crossing 0/250
  stopped velocity row 38 IC 143 x0=0.678205 velocity_parameter=-0.355667 status=collision: trajectory reached the configured collision radius
velocity row 38/120 IC 151/599 x0=0.683948 velocity_parameter=-0.355667 elapsed=35.0172s written=0
  crossing 0/250
  stopped velocity row 38 IC 151 x0=0.683948 velocity_parameter=-0.355667 status=collision: trajectory reached the configured collision radius
velocity row 39/120 IC 133/599 x0=0.671026 velocity_parameter=-0.3395 elapsed=35.0493s written=0
  crossing 0/250
  stopped velocity row 39 IC 133 x0=0.671026 velocity_parameter=-0.3395 status=collision: trajectory reached the configured collision radius
velocity row 39/120 IC 143/599 x0=0.678205 velocity_parameter=-0.3395 elapsed=35.4463s written=0
  crossing 0/250
  stopped velocity row 39 IC 143 x0=0.678205 velocity_parameter=-0.3395 status=collision: trajectory reached the configured collision radius
velocity row 39/120 IC 151/599 x0=0.683948 velocity_parameter=-0.3395 elapsed=35.7671s written=0
  crossing 0/250
  stopped velocity row 39 IC 151 x0=0.683948 velocity_parameter=-0.3395 status=collision: trajectory reached the configured collision radius
velocity row 40/120 IC 133/599 x0=0.671026 velocity_parameter=-0.323333 elapsed=35.8018s written=0
  crossing 0/250
  stopped velocity row 40 IC 133 x0=0.671026 velocity_parameter=-0.323333 status=collision: trajectory reached the configured collision radius
velocity row 40/120 IC 143/599 x0=0.678205 velocity_parameter=-0.323333 elapsed=36.1826s written=0
  crossing 0/250
  stopped velocity row 40 IC 143 x0=0.678205 velocity_parameter=-0.323333 status=collision: trajectory reached the configured collision radius
velocity row 40/120 IC 151/599 x0=0.683948 velocity_parameter=-0.323333 elapsed=36.4759s written=0
  crossing 0/250
  stopped velocity row 40 IC 151 x0=0.683948 velocity_parameter=-0.323333 status=collision: trajectory reached the configured collision radius
velocity row 41/120 IC 133/599 x0=0.671026 velocity_parameter=-0.307167 elapsed=36.51s written=0
  crossing 0/250
  stopped velocity row 41 IC 133 x0=0.671026 velocity_parameter=-0.307167 status=collision: trajectory reached the configured collision radius
velocity row 41/120 IC 143/599 x0=0.678205 velocity_parameter=-0.307167 elapsed=36.9156s written=0
  crossing 0/250
  stopped velocity row 41 IC 143 x0=0.678205 velocity_parameter=-0.307167 status=collision: trajectory reached the configured collision radius
velocity row 41/120 IC 151/599 x0=0.683948 velocity_parameter=-0.307167 elapsed=37.2786s written=0
  crossing 0/250
  stopped velocity row 41 IC 151 x0=0.683948 velocity_parameter=-0.307167 status=collision: trajectory reached the configured collision radius
velocity row 42/120 IC 133/599 x0=0.671026 velocity_parameter=-0.291 elapsed=37.3289s written=0
  crossing 0/250
  stopped velocity row 42 IC 133 x0=0.671026 velocity_parameter=-0.291 status=collision: trajectory reached the configured collision radius
velocity row 42/120 IC 143/599 x0=0.678205 velocity_parameter=-0.291 elapsed=37.7087s written=0
  crossing 0/250
  stopped velocity row 42 IC 143 x0=0.678205 velocity_parameter=-0.291 status=collision: trajectory reached the configured collision radius
velocity row 42/120 IC 151/599 x0=0.683948 velocity_parameter=-0.291 elapsed=38.0195s written=0
  crossing 0/250
  stopped velocity row 42 IC 151 x0=0.683948 velocity_parameter=-0.291 status=collision: trajectory reached the configured collision radius
velocity row 43/120 IC 133/599 x0=0.671026 velocity_parameter=-0.274833 elapsed=38.0555s written=0
  crossing 0/250
  stopped velocity row 43 IC 133 x0=0.671026 velocity_parameter=-0.274833 status=collision: trajectory reached the configured collision radius
velocity row 43/120 IC 143/599 x0=0.678205 velocity_parameter=-0.274833 elapsed=38.4542s written=0
  crossing 0/250
  stopped velocity row 43 IC 143 x0=0.678205 velocity_parameter=-0.274833 status=collision: trajectory reached the configured collision radius
velocity row 43/120 IC 151/599 x0=0.683948 velocity_parameter=-0.274833 elapsed=38.7597s written=0
  crossing 0/250
  stopped velocity row 43 IC 151 x0=0.683948 velocity_parameter=-0.274833 status=collision: trajectory reached the configured collision radius
velocity row 44/120 IC 133/599 x0=0.671026 velocity_parameter=-0.258667 elapsed=38.7936s written=0
  crossing 0/250
  stopped velocity row 44 IC 133 x0=0.671026 velocity_parameter=-0.258667 status=collision: trajectory reached the configured collision radius
velocity row 44/120 IC 143/599 x0=0.678205 velocity_parameter=-0.258667 elapsed=39.2035s written=0
  crossing 0/250
  stopped velocity row 44 IC 143 x0=0.678205 velocity_parameter=-0.258667 status=collision: trajectory reached the configured collision radius
velocity row 44/120 IC 151/599 x0=0.683948 velocity_parameter=-0.258667 elapsed=39.5361s written=0
  crossing 0/250
  stopped velocity row 44 IC 151 x0=0.683948 velocity_parameter=-0.258667 status=collision: trajectory reached the configured collision radius
velocity row 45/120 IC 133/599 x0=0.671026 velocity_parameter=-0.2425 elapsed=39.5738s written=0
  crossing 0/250
  stopped velocity row 45 IC 133 x0=0.671026 velocity_parameter=-0.2425 status=collision: trajectory reached the configured collision radius
velocity row 45/120 IC 143/599 x0=0.678205 velocity_parameter=-0.2425 elapsed=40.0016s written=0
  crossing 0/250
  stopped velocity row 45 IC 143 x0=0.678205 velocity_parameter=-0.2425 status=collision: trajectory reached the configured collision radius
velocity row 45/120 IC 151/599 x0=0.683948 velocity_parameter=-0.2425 elapsed=40.336s written=0
  crossing 0/250
  stopped velocity row 45 IC 151 x0=0.683948 velocity_parameter=-0.2425 status=collision: trajectory reached the configured collision radius
velocity row 46/120 IC 133/599 x0=0.671026 velocity_parameter=-0.226333 elapsed=40.3687s written=0
  crossing 0/250
  stopped velocity row 46 IC 133 x0=0.671026 velocity_parameter=-0.226333 status=collision: trajectory reached the configured collision radius
velocity row 46/120 IC 143/599 x0=0.678205 velocity_parameter=-0.226333 elapsed=40.7614s written=0
  crossing 0/250
  stopped velocity row 46 IC 143 x0=0.678205 velocity_parameter=-0.226333 status=collision: trajectory reached the configured collision radius
velocity row 46/120 IC 151/599 x0=0.683948 velocity_parameter=-0.226333 elapsed=41.0709s written=0
  crossing 0/250
  stopped velocity row 46 IC 151 x0=0.683948 velocity_parameter=-0.226333 status=collision: trajectory reached the configured collision radius
velocity row 47/120 IC 133/599 x0=0.671026 velocity_parameter=-0.210167 elapsed=41.1101s written=0
  crossing 0/250
  stopped velocity row 47 IC 133 x0=0.671026 velocity_parameter=-0.210167 status=collision: trajectory reached the configured collision radius
velocity row 47/120 IC 143/599 x0=0.678205 velocity_parameter=-0.210167 elapsed=41.5368s written=0
  crossing 0/250
  stopped velocity row 47 IC 143 x0=0.678205 velocity_parameter=-0.210167 status=collision: trajectory reached the configured collision radius
velocity row 47/120 IC 151/599 x0=0.683948 velocity_parameter=-0.210167 elapsed=41.7997s written=0
  crossing 0/250
  stopped velocity row 47 IC 151 x0=0.683948 velocity_parameter=-0.210167 status=collision: trajectory reached the configured collision radius
velocity row 48/120 IC 133/599 x0=0.671026 velocity_parameter=-0.194 elapsed=41.8329s written=0
  crossing 0/250
  stopped velocity row 48 IC 133 x0=0.671026 velocity_parameter=-0.194 status=collision: trajectory reached the configured collision radius
velocity row 48/120 IC 143/599 x0=0.678205 velocity_parameter=-0.194 elapsed=42.2046s written=0
  crossing 0/250
  stopped velocity row 48 IC 143 x0=0.678205 velocity_parameter=-0.194 status=collision: trajectory reached the configured collision radius
velocity row 48/120 IC 151/599 x0=0.683948 velocity_parameter=-0.194 elapsed=42.5007s written=0
  crossing 0/250
  stopped velocity row 48 IC 151 x0=0.683948 velocity_parameter=-0.194 status=collision: trajectory reached the configured collision radius
velocity row 49/120 IC 133/599 x0=0.671026 velocity_parameter=-0.177833 elapsed=42.533s written=0
  crossing 0/250
  stopped velocity row 49 IC 133 x0=0.671026 velocity_parameter=-0.177833 status=collision: trajectory reached the configured collision radius
velocity row 49/120 IC 143/599 x0=0.678205 velocity_parameter=-0.177833 elapsed=42.898s written=0
  crossing 0/250
  stopped velocity row 49 IC 143 x0=0.678205 velocity_parameter=-0.177833 status=collision: trajectory reached the configured collision radius
velocity row 49/120 IC 151/599 x0=0.683948 velocity_parameter=-0.177833 elapsed=43.2518s written=0
  crossing 0/250
  stopped velocity row 49 IC 151 x0=0.683948 velocity_parameter=-0.177833 status=collision: trajectory reached the configured collision radius
velocity row 50/120 IC 133/599 x0=0.671026 velocity_parameter=-0.161667 elapsed=43.2879s written=0
  crossing 0/250
  stopped velocity row 50 IC 133 x0=0.671026 velocity_parameter=-0.161667 status=collision: trajectory reached the configured collision radius
velocity row 50/120 IC 143/599 x0=0.678205 velocity_parameter=-0.161667 elapsed=43.6153s written=0
  crossing 0/250
  stopped velocity row 50 IC 143 x0=0.678205 velocity_parameter=-0.161667 status=collision: trajectory reached the configured collision radius
velocity row 50/120 IC 151/599 x0=0.683948 velocity_parameter=-0.161667 elapsed=43.9098s written=0
  crossing 0/250
  stopped velocity row 50 IC 151 x0=0.683948 velocity_parameter=-0.161667 status=collision: trajectory reached the configured collision radius
velocity row 51/120 IC 133/599 x0=0.671026 velocity_parameter=-0.1455 elapsed=43.9429s written=0
  crossing 0/250
  stopped velocity row 51 IC 133 x0=0.671026 velocity_parameter=-0.1455 status=collision: trajectory reached the configured collision radius
velocity row 51/120 IC 143/599 x0=0.678205 velocity_parameter=-0.1455 elapsed=44.298s written=0
  crossing 0/250
  stopped velocity row 51 IC 143 x0=0.678205 velocity_parameter=-0.1455 status=collision: trajectory reached the configured collision radius
velocity row 51/120 IC 151/599 x0=0.683948 velocity_parameter=-0.1455 elapsed=44.5868s written=0
  crossing 0/250
  stopped velocity row 51 IC 151 x0=0.683948 velocity_parameter=-0.1455 status=collision: trajectory reached the configured collision radius
velocity row 52/120 IC 133/599 x0=0.671026 velocity_parameter=-0.129333 elapsed=44.6199s written=0
  crossing 0/250
  stopped velocity row 52 IC 133 x0=0.671026 velocity_parameter=-0.129333 status=collision: trajectory reached the configured collision radius
velocity row 52/120 IC 143/599 x0=0.678205 velocity_parameter=-0.129333 elapsed=44.9905s written=0
  crossing 0/250
  stopped velocity row 52 IC 143 x0=0.678205 velocity_parameter=-0.129333 status=collision: trajectory reached the configured collision radius
velocity row 52/120 IC 151/599 x0=0.683948 velocity_parameter=-0.129333 elapsed=45.3116s written=0
  crossing 0/250
  stopped velocity row 52 IC 151 x0=0.683948 velocity_parameter=-0.129333 status=collision: trajectory reached the configured collision radius
velocity row 53/120 IC 133/599 x0=0.671026 velocity_parameter=-0.113167 elapsed=45.3555s written=0
  crossing 0/250
  stopped velocity row 53 IC 133 x0=0.671026 velocity_parameter=-0.113167 status=collision: trajectory reached the configured collision radius
velocity row 53/120 IC 143/599 x0=0.678205 velocity_parameter=-0.113167 elapsed=45.7365s written=0
  crossing 0/250
  stopped velocity row 53 IC 143 x0=0.678205 velocity_parameter=-0.113167 status=collision: trajectory reached the configured collision radius
velocity row 53/120 IC 151/599 x0=0.683948 velocity_parameter=-0.113167 elapsed=46.0309s written=0
  crossing 0/250
  stopped velocity row 53 IC 151 x0=0.683948 velocity_parameter=-0.113167 status=collision: trajectory reached the configured collision radius
velocity row 54/120 IC 133/599 x0=0.671026 velocity_parameter=-0.097 elapsed=46.0631s written=0
  crossing 0/250
  stopped velocity row 54 IC 133 x0=0.671026 velocity_parameter=-0.097 status=collision: trajectory reached the configured collision radius
velocity row 54/120 IC 143/599 x0=0.678205 velocity_parameter=-0.097 elapsed=46.4209s written=0
  crossing 0/250
  stopped velocity row 54 IC 143 x0=0.678205 velocity_parameter=-0.097 status=collision: trajectory reached the configured collision radius
velocity row 54/120 IC 151/599 x0=0.683948 velocity_parameter=-0.097 elapsed=46.7158s written=0
  crossing 0/250
  stopped velocity row 54 IC 151 x0=0.683948 velocity_parameter=-0.097 status=collision: trajectory reached the configured collision radius
velocity row 55/120 IC 133/599 x0=0.671026 velocity_parameter=-0.0808333 elapsed=46.7487s written=0
  crossing 0/250
  stopped velocity row 55 IC 133 x0=0.671026 velocity_parameter=-0.0808333 status=collision: trajectory reached the configured collision radius
velocity row 55/120 IC 143/599 x0=0.678205 velocity_parameter=-0.0808333 elapsed=47.1087s written=0
  crossing 0/250
  stopped velocity row 55 IC 143 x0=0.678205 velocity_parameter=-0.0808333 status=collision: trajectory reached the configured collision radius
velocity row 55/120 IC 151/599 x0=0.683948 velocity_parameter=-0.0808333 elapsed=47.432s written=0
  crossing 0/250
  stopped velocity row 55 IC 151 x0=0.683948 velocity_parameter=-0.0808333 status=collision: trajectory reached the configured collision radius
velocity row 56/120 IC 133/599 x0=0.671026 velocity_parameter=-0.0646667 elapsed=47.4644s written=0
  crossing 0/250
  stopped velocity row 56 IC 133 x0=0.671026 velocity_parameter=-0.0646667 status=collision: trajectory reached the configured collision radius
velocity row 56/120 IC 143/599 x0=0.678205 velocity_parameter=-0.0646667 elapsed=47.8472s written=0
  crossing 0/250
  stopped velocity row 56 IC 143 x0=0.678205 velocity_parameter=-0.0646667 status=collision: trajectory reached the configured collision radius
velocity row 56/120 IC 151/599 x0=0.683948 velocity_parameter=-0.0646667 elapsed=48.1419s written=0
  crossing 0/250
  stopped velocity row 56 IC 151 x0=0.683948 velocity_parameter=-0.0646667 status=collision: trajectory reached the configured collision radius
velocity row 57/120 IC 133/599 x0=0.671026 velocity_parameter=-0.0485 elapsed=48.1744s written=0
  crossing 0/250
  stopped velocity row 57 IC 133 x0=0.671026 velocity_parameter=-0.0485 status=collision: trajectory reached the configured collision radius
velocity row 57/120 IC 143/599 x0=0.678205 velocity_parameter=-0.0485 elapsed=48.5494s written=0
  crossing 0/250
  stopped velocity row 57 IC 143 x0=0.678205 velocity_parameter=-0.0485 status=collision: trajectory reached the configured collision radius
velocity row 57/120 IC 151/599 x0=0.683948 velocity_parameter=-0.0485 elapsed=48.891s written=0
  crossing 0/250
  stopped velocity row 57 IC 151 x0=0.683948 velocity_parameter=-0.0485 status=collision: trajectory reached the configured collision radius
velocity row 58/120 IC 133/599 x0=0.671026 velocity_parameter=-0.0323333 elapsed=48.9234s written=0
  crossing 0/250
  stopped velocity row 58 IC 133 x0=0.671026 velocity_parameter=-0.0323333 status=collision: trajectory reached the configured collision radius
velocity row 58/120 IC 143/599 x0=0.678205 velocity_parameter=-0.0323333 elapsed=49.2875s written=0
  crossing 0/250
  stopped velocity row 58 IC 143 x0=0.678205 velocity_parameter=-0.0323333 status=collision: trajectory reached the configured collision radius
velocity row 58/120 IC 151/599 x0=0.683948 velocity_parameter=-0.0323333 elapsed=49.5978s written=0
  crossing 0/250
  stopped velocity row 58 IC 151 x0=0.683948 velocity_parameter=-0.0323333 status=collision: trajectory reached the configured collision radius
velocity row 59/120 IC 133/599 x0=0.671026 velocity_parameter=-0.0161667 elapsed=49.6304s written=0
  crossing 0/250
  stopped velocity row 59 IC 133 x0=0.671026 velocity_parameter=-0.0161667 status=collision: trajectory reached the configured collision radius
velocity row 59/120 IC 143/599 x0=0.678205 velocity_parameter=-0.0161667 elapsed=50.03s written=0
  crossing 0/250
  stopped velocity row 59 IC 143 x0=0.678205 velocity_parameter=-0.0161667 status=collision: trajectory reached the configured collision radius
velocity row 59/120 IC 151/599 x0=0.683948 velocity_parameter=-0.0161667 elapsed=50.3181s written=0
  crossing 0/250
  stopped velocity row 59 IC 151 x0=0.683948 velocity_parameter=-0.0161667 status=collision: trajectory reached the configured collision radius
velocity row 60/120 IC 133/599 x0=0.671026 velocity_parameter=0 elapsed=50.3503s written=0
  crossing 0/250
  stopped velocity row 60 IC 133 x0=0.671026 velocity_parameter=0 status=collision: trajectory reached the configured collision radius
velocity row 60/120 IC 143/599 x0=0.678205 velocity_parameter=0 elapsed=50.6786s written=0
  crossing 0/250
  stopped velocity row 60 IC 143 x0=0.678205 velocity_parameter=0 status=collision: trajectory reached the configured collision radius
velocity row 60/120 IC 151/599 x0=0.683948 velocity_parameter=0 elapsed=50.937s written=0
  crossing 0/250
  stopped velocity row 60 IC 151 x0=0.683948 velocity_parameter=0 status=collision: trajectory reached the configured collision radius
velocity row 61/120 IC 133/599 x0=0.671026 velocity_parameter=0.0161667 elapsed=50.9696s written=0
  crossing 0/250
  stopped velocity row 61 IC 133 x0=0.671026 velocity_parameter=0.0161667 status=collision: trajectory reached the configured collision radius
velocity row 61/120 IC 143/599 x0=0.678205 velocity_parameter=0.0161667 elapsed=51.3183s written=0
  crossing 0/250
  stopped velocity row 61 IC 143 x0=0.678205 velocity_parameter=0.0161667 status=collision: trajectory reached the configured collision radius
velocity row 61/120 IC 151/599 x0=0.683948 velocity_parameter=0.0161667 elapsed=51.6225s written=0
  crossing 0/250
  stopped velocity row 61 IC 151 x0=0.683948 velocity_parameter=0.0161667 status=collision: trajectory reached the configured collision radius
velocity row 62/120 IC 133/599 x0=0.671026 velocity_parameter=0.0323333 elapsed=51.6547s written=0
  crossing 0/250
  stopped velocity row 62 IC 133 x0=0.671026 velocity_parameter=0.0323333 status=collision: trajectory reached the configured collision radius
velocity row 62/120 IC 143/599 x0=0.678205 velocity_parameter=0.0323333 elapsed=52.0283s written=0
  crossing 0/250
  stopped velocity row 62 IC 143 x0=0.678205 velocity_parameter=0.0323333 status=collision: trajectory reached the configured collision radius
velocity row 62/120 IC 151/599 x0=0.683948 velocity_parameter=0.0323333 elapsed=52.309s written=0
  crossing 0/250
  stopped velocity row 62 IC 151 x0=0.683948 velocity_parameter=0.0323333 status=collision: trajectory reached the configured collision radius
velocity row 63/120 IC 133/599 x0=0.671026 velocity_parameter=0.0485 elapsed=52.3409s written=0
  crossing 0/250
  stopped velocity row 63 IC 133 x0=0.671026 velocity_parameter=0.0485 status=collision: trajectory reached the configured collision radius
velocity row 63/120 IC 143/599 x0=0.678205 velocity_parameter=0.0485 elapsed=52.6828s written=0
  crossing 0/250
  stopped velocity row 63 IC 143 x0=0.678205 velocity_parameter=0.0485 status=collision: trajectory reached the configured collision radius
velocity row 63/120 IC 151/599 x0=0.683948 velocity_parameter=0.0485 elapsed=53.0052s written=0
  crossing 0/250
  stopped velocity row 63 IC 151 x0=0.683948 velocity_parameter=0.0485 status=collision: trajectory reached the configured collision radius
velocity row 64/120 IC 133/599 x0=0.671026 velocity_parameter=0.0646667 elapsed=53.0608s written=0
  crossing 0/250
  stopped velocity row 64 IC 133 x0=0.671026 velocity_parameter=0.0646667 status=collision: trajectory reached the configured collision radius
velocity row 64/120 IC 143/599 x0=0.678205 velocity_parameter=0.0646667 elapsed=53.384s written=0
  crossing 0/250
  stopped velocity row 64 IC 143 x0=0.678205 velocity_parameter=0.0646667 status=collision: trajectory reached the configured collision radius
velocity row 64/120 IC 151/599 x0=0.683948 velocity_parameter=0.0646667 elapsed=53.6431s written=0
  crossing 0/250
  stopped velocity row 64 IC 151 x0=0.683948 velocity_parameter=0.0646667 status=collision: trajectory reached the configured collision radius
velocity row 65/120 IC 133/599 x0=0.671026 velocity_parameter=0.0808333 elapsed=53.6749s written=0
  crossing 0/250
  stopped velocity row 65 IC 133 x0=0.671026 velocity_parameter=0.0808333 status=collision: trajectory reached the configured collision radius
velocity row 65/120 IC 143/599 x0=0.678205 velocity_parameter=0.0808333 elapsed=54.0203s written=0
  crossing 0/250
  stopped velocity row 65 IC 143 x0=0.678205 velocity_parameter=0.0808333 status=collision: trajectory reached the configured collision radius
velocity row 65/120 IC 151/599 x0=0.683948 velocity_parameter=0.0808333 elapsed=54.3257s written=0
  crossing 0/250
  stopped velocity row 65 IC 151 x0=0.683948 velocity_parameter=0.0808333 status=collision: trajectory reached the configured collision radius
velocity row 66/120 IC 133/599 x0=0.671026 velocity_parameter=0.097 elapsed=54.358s written=0
  crossing 0/250
  stopped velocity row 66 IC 133 x0=0.671026 velocity_parameter=0.097 status=collision: trajectory reached the configured collision radius
velocity row 66/120 IC 143/599 x0=0.678205 velocity_parameter=0.097 elapsed=54.6784s written=0
  crossing 0/250
  stopped velocity row 66 IC 143 x0=0.678205 velocity_parameter=0.097 status=collision: trajectory reached the configured collision radius
velocity row 66/120 IC 151/599 x0=0.683948 velocity_parameter=0.097 elapsed=54.9393s written=0
  crossing 0/250
  stopped velocity row 66 IC 151 x0=0.683948 velocity_parameter=0.097 status=collision: trajectory reached the configured collision radius
velocity row 67/120 IC 133/599 x0=0.671026 velocity_parameter=0.113167 elapsed=54.9715s written=0
  crossing 0/250
  stopped velocity row 67 IC 133 x0=0.671026 velocity_parameter=0.113167 status=collision: trajectory reached the configured collision radius
velocity row 67/120 IC 143/599 x0=0.678205 velocity_parameter=0.113167 elapsed=55.3156s written=0
  crossing 0/250
  stopped velocity row 67 IC 143 x0=0.678205 velocity_parameter=0.113167 status=collision: trajectory reached the configured collision radius
velocity row 67/120 IC 151/599 x0=0.683948 velocity_parameter=0.113167 elapsed=55.5721s written=0
  crossing 0/250
  stopped velocity row 67 IC 151 x0=0.683948 velocity_parameter=0.113167 status=collision: trajectory reached the configured collision radius
velocity row 68/120 IC 133/599 x0=0.671026 velocity_parameter=0.129333 elapsed=55.6055s written=0
  crossing 0/250
  stopped velocity row 68 IC 133 x0=0.671026 velocity_parameter=0.129333 status=collision: trajectory reached the configured collision radius
velocity row 68/120 IC 143/599 x0=0.678205 velocity_parameter=0.129333 elapsed=55.9703s written=0
  crossing 0/250
  stopped velocity row 68 IC 143 x0=0.678205 velocity_parameter=0.129333 status=collision: trajectory reached the configured collision radius
velocity row 68/120 IC 151/599 x0=0.683948 velocity_parameter=0.129333 elapsed=56.2693s written=0
  crossing 0/250
  stopped velocity row 68 IC 151 x0=0.683948 velocity_parameter=0.129333 status=collision: trajectory reached the configured collision radius
velocity row 69/120 IC 133/599 x0=0.671026 velocity_parameter=0.1455 elapsed=56.3016s written=0
  crossing 0/250
  stopped velocity row 69 IC 133 x0=0.671026 velocity_parameter=0.1455 status=collision: trajectory reached the configured collision radius
velocity row 69/120 IC 143/599 x0=0.678205 velocity_parameter=0.1455 elapsed=56.6336s written=0
  crossing 0/250
  stopped velocity row 69 IC 143 x0=0.678205 velocity_parameter=0.1455 status=collision: trajectory reached the configured collision radius
velocity row 69/120 IC 151/599 x0=0.683948 velocity_parameter=0.1455 elapsed=56.8961s written=0
  crossing 0/250
  stopped velocity row 69 IC 151 x0=0.683948 velocity_parameter=0.1455 status=collision: trajectory reached the configured collision radius
velocity row 70/120 IC 133/599 x0=0.671026 velocity_parameter=0.161667 elapsed=56.928s written=0
  crossing 0/250
  stopped velocity row 70 IC 133 x0=0.671026 velocity_parameter=0.161667 status=collision: trajectory reached the configured collision radius
velocity row 70/120 IC 143/599 x0=0.678205 velocity_parameter=0.161667 elapsed=57.2793s written=0
  crossing 0/250
  stopped velocity row 70 IC 143 x0=0.678205 velocity_parameter=0.161667 status=collision: trajectory reached the configured collision radius
velocity row 70/120 IC 151/599 x0=0.683948 velocity_parameter=0.161667 elapsed=57.5485s written=0
  crossing 0/250
  stopped velocity row 70 IC 151 x0=0.683948 velocity_parameter=0.161667 status=collision: trajectory reached the configured collision radius
velocity row 71/120 IC 133/599 x0=0.671026 velocity_parameter=0.177833 elapsed=57.5997s written=0
  crossing 0/250
  stopped velocity row 71 IC 133 x0=0.671026 velocity_parameter=0.177833 status=collision: trajectory reached the configured collision radius
velocity row 71/120 IC 143/599 x0=0.678205 velocity_parameter=0.177833 elapsed=57.954s written=0
  crossing 0/250
  stopped velocity row 71 IC 143 x0=0.678205 velocity_parameter=0.177833 status=collision: trajectory reached the configured collision radius
velocity row 71/120 IC 151/599 x0=0.683948 velocity_parameter=0.177833 elapsed=58.2995s written=0
  crossing 0/250
  stopped velocity row 71 IC 151 x0=0.683948 velocity_parameter=0.177833 status=collision: trajectory reached the configured collision radius
velocity row 72/120 IC 133/599 x0=0.671026 velocity_parameter=0.194 elapsed=58.3319s written=0
  crossing 0/250
  stopped velocity row 72 IC 133 x0=0.671026 velocity_parameter=0.194 status=collision: trajectory reached the configured collision radius
velocity row 72/120 IC 143/599 x0=0.678205 velocity_parameter=0.194 elapsed=58.7148s written=0
  crossing 0/250
  stopped velocity row 72 IC 143 x0=0.678205 velocity_parameter=0.194 status=collision: trajectory reached the configured collision radius
velocity row 72/120 IC 151/599 x0=0.683948 velocity_parameter=0.194 elapsed=58.9829s written=0
  crossing 0/250
  stopped velocity row 72 IC 151 x0=0.683948 velocity_parameter=0.194 status=collision: trajectory reached the configured collision radius
velocity row 73/120 IC 133/599 x0=0.671026 velocity_parameter=0.210167 elapsed=59.0159s written=0
  crossing 0/250
  stopped velocity row 73 IC 133 x0=0.671026 velocity_parameter=0.210167 status=collision: trajectory reached the configured collision radius
velocity row 73/120 IC 143/599 x0=0.678205 velocity_parameter=0.210167 elapsed=59.3742s written=0
  crossing 0/250
  stopped velocity row 73 IC 143 x0=0.678205 velocity_parameter=0.210167 status=collision: trajectory reached the configured collision radius
velocity row 73/120 IC 151/599 x0=0.683948 velocity_parameter=0.210167 elapsed=59.6455s written=0
  crossing 0/250
  stopped velocity row 73 IC 151 x0=0.683948 velocity_parameter=0.210167 status=collision: trajectory reached the configured collision radius
velocity row 74/120 IC 133/599 x0=0.671026 velocity_parameter=0.226333 elapsed=59.6778s written=0
  crossing 0/250
  stopped velocity row 74 IC 133 x0=0.671026 velocity_parameter=0.226333 status=collision: trajectory reached the configured collision radius
velocity row 74/120 IC 143/599 x0=0.678205 velocity_parameter=0.226333 elapsed=59.9989s written=0
  crossing 0/250
  stopped velocity row 74 IC 143 x0=0.678205 velocity_parameter=0.226333 status=collision: trajectory reached the configured collision radius
velocity row 74/120 IC 151/599 x0=0.683948 velocity_parameter=0.226333 elapsed=60.2696s written=0
  crossing 0/250
  stopped velocity row 74 IC 151 x0=0.683948 velocity_parameter=0.226333 status=collision: trajectory reached the configured collision radius
velocity row 75/120 IC 133/599 x0=0.671026 velocity_parameter=0.2425 elapsed=60.3062s written=0
  crossing 0/250
  stopped velocity row 75 IC 133 x0=0.671026 velocity_parameter=0.2425 status=collision: trajectory reached the configured collision radius
velocity row 75/120 IC 143/599 x0=0.678205 velocity_parameter=0.2425 elapsed=60.6451s written=0
  crossing 0/250
  stopped velocity row 75 IC 143 x0=0.678205 velocity_parameter=0.2425 status=collision: trajectory reached the configured collision radius
velocity row 75/120 IC 151/599 x0=0.683948 velocity_parameter=0.2425 elapsed=60.92s written=0
  crossing 0/250
  stopped velocity row 75 IC 151 x0=0.683948 velocity_parameter=0.2425 status=collision: trajectory reached the configured collision radius
velocity row 76/120 IC 133/599 x0=0.671026 velocity_parameter=0.258667 elapsed=60.9526s written=0
  crossing 0/250
  stopped velocity row 76 IC 133 x0=0.671026 velocity_parameter=0.258667 status=collision: trajectory reached the configured collision radius
velocity row 76/120 IC 143/599 x0=0.678205 velocity_parameter=0.258667 elapsed=61.3025s written=0
  crossing 0/250
  stopped velocity row 76 IC 143 x0=0.678205 velocity_parameter=0.258667 status=collision: trajectory reached the configured collision radius
velocity row 76/120 IC 151/599 x0=0.683948 velocity_parameter=0.258667 elapsed=61.6041s written=0
  crossing 0/250
  stopped velocity row 76 IC 151 x0=0.683948 velocity_parameter=0.258667 status=collision: trajectory reached the configured collision radius
velocity row 77/120 IC 133/599 x0=0.671026 velocity_parameter=0.274833 elapsed=61.6369s written=0
  crossing 0/250
  stopped velocity row 77 IC 133 x0=0.671026 velocity_parameter=0.274833 status=collision: trajectory reached the configured collision radius
velocity row 77/120 IC 143/599 x0=0.678205 velocity_parameter=0.274833 elapsed=61.9894s written=0
  crossing 0/250
  stopped velocity row 77 IC 143 x0=0.678205 velocity_parameter=0.274833 status=collision: trajectory reached the configured collision radius
velocity row 77/120 IC 151/599 x0=0.683948 velocity_parameter=0.274833 elapsed=62.2493s written=0
  crossing 0/250
  stopped velocity row 77 IC 151 x0=0.683948 velocity_parameter=0.274833 status=collision: trajectory reached the configured collision radius
velocity row 78/120 IC 133/599 x0=0.671026 velocity_parameter=0.291 elapsed=62.2822s written=0
  crossing 0/250
  stopped velocity row 78 IC 133 x0=0.671026 velocity_parameter=0.291 status=collision: trajectory reached the configured collision radius
velocity row 78/120 IC 143/599 x0=0.678205 velocity_parameter=0.291 elapsed=62.6178s written=0
  crossing 0/250
  stopped velocity row 78 IC 143 x0=0.678205 velocity_parameter=0.291 status=collision: trajectory reached the configured collision radius
velocity row 78/120 IC 151/599 x0=0.683948 velocity_parameter=0.291 elapsed=62.905s written=0
  crossing 0/250
  stopped velocity row 78 IC 151 x0=0.683948 velocity_parameter=0.291 status=collision: trajectory reached the configured collision radius
velocity row 79/120 IC 133/599 x0=0.671026 velocity_parameter=0.307167 elapsed=62.937s written=0
  crossing 0/250
  stopped velocity row 79 IC 133 x0=0.671026 velocity_parameter=0.307167 status=collision: trajectory reached the configured collision radius
velocity row 79/120 IC 143/599 x0=0.678205 velocity_parameter=0.307167 elapsed=63.257s written=0
  crossing 0/250
  stopped velocity row 79 IC 143 x0=0.678205 velocity_parameter=0.307167 status=collision: trajectory reached the configured collision radius
velocity row 79/120 IC 151/599 x0=0.683948 velocity_parameter=0.307167 elapsed=63.5718s written=0
  crossing 0/250
  stopped velocity row 79 IC 151 x0=0.683948 velocity_parameter=0.307167 status=collision: trajectory reached the configured collision radius
velocity row 80/120 IC 133/599 x0=0.671026 velocity_parameter=0.323333 elapsed=63.6044s written=0
  crossing 0/250
  stopped velocity row 80 IC 133 x0=0.671026 velocity_parameter=0.323333 status=collision: trajectory reached the configured collision radius
velocity row 80/120 IC 143/599 x0=0.678205 velocity_parameter=0.323333 elapsed=63.9706s written=0
  crossing 0/250
  stopped velocity row 80 IC 143 x0=0.678205 velocity_parameter=0.323333 status=collision: trajectory reached the configured collision radius
velocity row 80/120 IC 151/599 x0=0.683948 velocity_parameter=0.323333 elapsed=64.2248s written=0
  crossing 0/250
  stopped velocity row 80 IC 151 x0=0.683948 velocity_parameter=0.323333 status=collision: trajectory reached the configured collision radius
velocity row 81/120 IC 133/599 x0=0.671026 velocity_parameter=0.3395 elapsed=64.2566s written=0
  crossing 0/250
  stopped velocity row 81 IC 133 x0=0.671026 velocity_parameter=0.3395 status=collision: trajectory reached the configured collision radius
velocity row 81/120 IC 143/599 x0=0.678205 velocity_parameter=0.3395 elapsed=64.5805s written=0
  crossing 0/250
  stopped velocity row 81 IC 143 x0=0.678205 velocity_parameter=0.3395 status=collision: trajectory reached the configured collision radius
velocity row 81/120 IC 151/599 x0=0.683948 velocity_parameter=0.3395 elapsed=64.8362s written=0
  crossing 0/250
  stopped velocity row 81 IC 151 x0=0.683948 velocity_parameter=0.3395 status=collision: trajectory reached the configured collision radius
velocity row 82/120 IC 133/599 x0=0.671026 velocity_parameter=0.355667 elapsed=64.8708s written=0
  crossing 0/250
  stopped velocity row 82 IC 133 x0=0.671026 velocity_parameter=0.355667 status=collision: trajectory reached the configured collision radius
velocity row 82/120 IC 143/599 x0=0.678205 velocity_parameter=0.355667 elapsed=65.1952s written=0
  crossing 0/250
  stopped velocity row 82 IC 143 x0=0.678205 velocity_parameter=0.355667 status=collision: trajectory reached the configured collision radius
velocity row 82/120 IC 151/599 x0=0.683948 velocity_parameter=0.355667 elapsed=65.4564s written=0
  crossing 0/250
  stopped velocity row 82 IC 151 x0=0.683948 velocity_parameter=0.355667 status=collision: trajectory reached the configured collision radius
velocity row 83/120 IC 133/599 x0=0.671026 velocity_parameter=0.371833 elapsed=65.4922s written=0
  crossing 0/250
  stopped velocity row 83 IC 133 x0=0.671026 velocity_parameter=0.371833 status=collision: trajectory reached the configured collision radius
velocity row 83/120 IC 143/599 x0=0.678205 velocity_parameter=0.371833 elapsed=65.8488s written=0
  crossing 0/250
  stopped velocity row 83 IC 143 x0=0.678205 velocity_parameter=0.371833 status=collision: trajectory reached the configured collision radius
velocity row 83/120 IC 151/599 x0=0.683948 velocity_parameter=0.371833 elapsed=66.1146s written=0
  crossing 0/250
  stopped velocity row 83 IC 151 x0=0.683948 velocity_parameter=0.371833 status=collision: trajectory reached the configured collision radius
velocity row 84/120 IC 133/599 x0=0.671026 velocity_parameter=0.388 elapsed=66.1463s written=0
  crossing 0/250
  stopped velocity row 84 IC 133 x0=0.671026 velocity_parameter=0.388 status=collision: trajectory reached the configured collision radius
velocity row 84/120 IC 143/599 x0=0.678205 velocity_parameter=0.388 elapsed=66.4626s written=0
  crossing 0/250
  stopped velocity row 84 IC 143 x0=0.678205 velocity_parameter=0.388 status=collision: trajectory reached the configured collision radius
velocity row 84/120 IC 151/599 x0=0.683948 velocity_parameter=0.388 elapsed=66.725s written=0
  crossing 0/250
  stopped velocity row 84 IC 151 x0=0.683948 velocity_parameter=0.388 status=collision: trajectory reached the configured collision radius
velocity row 85/120 IC 133/599 x0=0.671026 velocity_parameter=0.404167 elapsed=66.7695s written=0
  crossing 0/250
  stopped velocity row 85 IC 133 x0=0.671026 velocity_parameter=0.404167 status=collision: trajectory reached the configured collision radius
velocity row 85/120 IC 143/599 x0=0.678205 velocity_parameter=0.404167 elapsed=67.0895s written=0
  crossing 0/250
  stopped velocity row 85 IC 143 x0=0.678205 velocity_parameter=0.404167 status=collision: trajectory reached the configured collision radius
velocity row 85/120 IC 151/599 x0=0.683948 velocity_parameter=0.404167 elapsed=67.3424s written=0
  crossing 0/250
  stopped velocity row 85 IC 151 x0=0.683948 velocity_parameter=0.404167 status=collision: trajectory reached the configured collision radius
velocity row 86/120 IC 133/599 x0=0.671026 velocity_parameter=0.420333 elapsed=67.3743s written=0
  crossing 0/250
  stopped velocity row 86 IC 133 x0=0.671026 velocity_parameter=0.420333 status=collision: trajectory reached the configured collision radius
velocity row 86/120 IC 143/599 x0=0.678205 velocity_parameter=0.420333 elapsed=67.7053s written=0
  crossing 0/250
  stopped velocity row 86 IC 143 x0=0.678205 velocity_parameter=0.420333 status=collision: trajectory reached the configured collision radius
velocity row 86/120 IC 151/599 x0=0.683948 velocity_parameter=0.420333 elapsed=68.0207s written=0
  crossing 0/250
  stopped velocity row 86 IC 151 x0=0.683948 velocity_parameter=0.420333 status=collision: trajectory reached the configured collision radius
velocity row 87/120 IC 133/599 x0=0.671026 velocity_parameter=0.4365 elapsed=68.0543s written=0
  crossing 0/250
  stopped velocity row 87 IC 133 x0=0.671026 velocity_parameter=0.4365 status=collision: trajectory reached the configured collision radius
velocity row 87/120 IC 143/599 x0=0.678205 velocity_parameter=0.4365 elapsed=68.3993s written=0
  crossing 0/250
  stopped velocity row 87 IC 143 x0=0.678205 velocity_parameter=0.4365 status=collision: trajectory reached the configured collision radius
velocity row 87/120 IC 151/599 x0=0.683948 velocity_parameter=0.4365 elapsed=68.6653s written=0
  crossing 0/250
  stopped velocity row 87 IC 151 x0=0.683948 velocity_parameter=0.4365 status=collision: trajectory reached the configured collision radius
velocity row 88/120 IC 133/599 x0=0.671026 velocity_parameter=0.452667 elapsed=68.6977s written=0
  crossing 0/250
  stopped velocity row 88 IC 133 x0=0.671026 velocity_parameter=0.452667 status=collision: trajectory reached the configured collision radius
velocity row 88/120 IC 143/599 x0=0.678205 velocity_parameter=0.452667 elapsed=69.0322s written=0
  crossing 0/250
  stopped velocity row 88 IC 143 x0=0.678205 velocity_parameter=0.452667 status=collision: trajectory reached the configured collision radius
velocity row 88/120 IC 151/599 x0=0.683948 velocity_parameter=0.452667 elapsed=69.327s written=0
  crossing 0/250
  stopped velocity row 88 IC 151 x0=0.683948 velocity_parameter=0.452667 status=collision: trajectory reached the configured collision radius
velocity row 89/120 IC 133/599 x0=0.671026 velocity_parameter=0.468833 elapsed=69.3617s written=0
  crossing 0/250
  stopped velocity row 89 IC 133 x0=0.671026 velocity_parameter=0.468833 status=collision: trajectory reached the configured collision radius
velocity row 89/120 IC 143/599 x0=0.678205 velocity_parameter=0.468833 elapsed=69.6979s written=0
  crossing 0/250
  stopped velocity row 89 IC 143 x0=0.678205 velocity_parameter=0.468833 status=collision: trajectory reached the configured collision radius
velocity row 89/120 IC 151/599 x0=0.683948 velocity_parameter=0.468833 elapsed=69.9556s written=0
  crossing 0/250
  stopped velocity row 89 IC 151 x0=0.683948 velocity_parameter=0.468833 status=collision: trajectory reached the configured collision radius
velocity row 90/120 IC 133/599 x0=0.671026 velocity_parameter=0.485 elapsed=69.9886s written=0
  crossing 0/250
  stopped velocity row 90 IC 133 x0=0.671026 velocity_parameter=0.485 status=collision: trajectory reached the configured collision radius
velocity row 90/120 IC 143/599 x0=0.678205 velocity_parameter=0.485 elapsed=70.3132s written=0
  crossing 0/250
  stopped velocity row 90 IC 143 x0=0.678205 velocity_parameter=0.485 status=collision: trajectory reached the configured collision radius
velocity row 90/120 IC 151/599 x0=0.683948 velocity_parameter=0.485 elapsed=70.5896s written=0
  crossing 0/250
  stopped velocity row 90 IC 151 x0=0.683948 velocity_parameter=0.485 status=collision: trajectory reached the configured collision radius
velocity row 91/120 IC 133/599 x0=0.671026 velocity_parameter=0.501167 elapsed=70.6221s written=0
  crossing 0/250
  stopped velocity row 91 IC 133 x0=0.671026 velocity_parameter=0.501167 status=collision: trajectory reached the configured collision radius
velocity row 91/120 IC 143/599 x0=0.678205 velocity_parameter=0.501167 elapsed=70.9466s written=0
  crossing 0/250
  stopped velocity row 91 IC 143 x0=0.678205 velocity_parameter=0.501167 status=collision: trajectory reached the configured collision radius
velocity row 91/120 IC 151/599 x0=0.683948 velocity_parameter=0.501167 elapsed=71.2061s written=0
  crossing 0/250
  stopped velocity row 91 IC 151 x0=0.683948 velocity_parameter=0.501167 status=collision: trajectory reached the configured collision radius
velocity row 92/120 IC 133/599 x0=0.671026 velocity_parameter=0.517333 elapsed=71.2398s written=0
  crossing 0/250
  stopped velocity row 92 IC 133 x0=0.671026 velocity_parameter=0.517333 status=collision: trajectory reached the configured collision radius
velocity row 92/120 IC 143/599 x0=0.678205 velocity_parameter=0.517333 elapsed=71.5706s written=0
  crossing 0/250
  stopped velocity row 92 IC 143 x0=0.678205 velocity_parameter=0.517333 status=collision: trajectory reached the configured collision radius
velocity row 92/120 IC 151/599 x0=0.683948 velocity_parameter=0.517333 elapsed=71.8308s written=0
  crossing 0/250
  stopped velocity row 92 IC 151 x0=0.683948 velocity_parameter=0.517333 status=collision: trajectory reached the configured collision radius
velocity row 93/120 IC 133/599 x0=0.671026 velocity_parameter=0.5335 elapsed=71.8633s written=0
  crossing 0/250
  stopped velocity row 93 IC 133 x0=0.671026 velocity_parameter=0.5335 status=collision: trajectory reached the configured collision radius
velocity row 93/120 IC 143/599 x0=0.678205 velocity_parameter=0.5335 elapsed=72.1897s written=0
  crossing 0/250
  stopped velocity row 93 IC 143 x0=0.678205 velocity_parameter=0.5335 status=collision: trajectory reached the configured collision radius
velocity row 93/120 IC 151/599 x0=0.683948 velocity_parameter=0.5335 elapsed=72.449s written=0
  crossing 0/250
  stopped velocity row 93 IC 151 x0=0.683948 velocity_parameter=0.5335 status=collision: trajectory reached the configured collision radius
velocity row 94/120 IC 133/599 x0=0.671026 velocity_parameter=0.549667 elapsed=72.5037s written=0
  crossing 0/250
  stopped velocity row 94 IC 133 x0=0.671026 velocity_parameter=0.549667 status=collision: trajectory reached the configured collision radius
velocity row 94/120 IC 143/599 x0=0.678205 velocity_parameter=0.549667 elapsed=72.8347s written=0
  crossing 0/250
  stopped velocity row 94 IC 143 x0=0.678205 velocity_parameter=0.549667 status=collision: trajectory reached the configured collision radius
velocity row 94/120 IC 151/599 x0=0.683948 velocity_parameter=0.549667 elapsed=73.0943s written=0
  crossing 0/250
  stopped velocity row 94 IC 151 x0=0.683948 velocity_parameter=0.549667 status=collision: trajectory reached the configured collision radius
velocity row 95/120 IC 133/599 x0=0.671026 velocity_parameter=0.565833 elapsed=73.1265s written=0
  crossing 0/250
  stopped velocity row 95 IC 133 x0=0.671026 velocity_parameter=0.565833 status=collision: trajectory reached the configured collision radius
velocity row 95/120 IC 143/599 x0=0.678205 velocity_parameter=0.565833 elapsed=73.4498s written=0
  crossing 0/250
  stopped velocity row 95 IC 143 x0=0.678205 velocity_parameter=0.565833 status=collision: trajectory reached the configured collision radius
velocity row 95/120 IC 151/599 x0=0.683948 velocity_parameter=0.565833 elapsed=73.7082s written=0
  crossing 0/250
  stopped velocity row 95 IC 151 x0=0.683948 velocity_parameter=0.565833 status=collision: trajectory reached the configured collision radius
velocity row 96/120 IC 133/599 x0=0.671026 velocity_parameter=0.582 elapsed=73.7475s written=0
  crossing 0/250
  stopped velocity row 96 IC 133 x0=0.671026 velocity_parameter=0.582 status=collision: trajectory reached the configured collision radius
velocity row 96/120 IC 143/599 x0=0.678205 velocity_parameter=0.582 elapsed=74.0674s written=0
  crossing 0/250
  stopped velocity row 96 IC 143 x0=0.678205 velocity_parameter=0.582 status=collision: trajectory reached the configured collision radius
velocity row 96/120 IC 151/599 x0=0.683948 velocity_parameter=0.582 elapsed=74.3265s written=0
  crossing 0/250
  stopped velocity row 96 IC 151 x0=0.683948 velocity_parameter=0.582 status=collision: trajectory reached the configured collision radius
velocity row 97/120 IC 133/599 x0=0.671026 velocity_parameter=0.598167 elapsed=74.359s written=0
  crossing 0/250
  stopped velocity row 97 IC 133 x0=0.671026 velocity_parameter=0.598167 status=collision: trajectory reached the configured collision radius
velocity row 97/120 IC 143/599 x0=0.678205 velocity_parameter=0.598167 elapsed=74.6797s written=0
  crossing 0/250
  stopped velocity row 97 IC 143 x0=0.678205 velocity_parameter=0.598167 status=collision: trajectory reached the configured collision radius
velocity row 97/120 IC 151/599 x0=0.683948 velocity_parameter=0.598167 elapsed=74.9425s written=0
  crossing 0/250
  stopped velocity row 97 IC 151 x0=0.683948 velocity_parameter=0.598167 status=collision: trajectory reached the configured collision radius
velocity row 98/120 IC 133/599 x0=0.671026 velocity_parameter=0.614333 elapsed=74.9741s written=0
  crossing 0/250
  stopped velocity row 98 IC 133 x0=0.671026 velocity_parameter=0.614333 status=collision: trajectory reached the configured collision radius
velocity row 98/120 IC 143/599 x0=0.678205 velocity_parameter=0.614333 elapsed=75.2949s written=0
  crossing 0/250
  stopped velocity row 98 IC 143 x0=0.678205 velocity_parameter=0.614333 status=collision: trajectory reached the configured collision radius
velocity row 98/120 IC 151/599 x0=0.683948 velocity_parameter=0.614333 elapsed=75.55s written=0
  crossing 0/250
  stopped velocity row 98 IC 151 x0=0.683948 velocity_parameter=0.614333 status=collision: trajectory reached the configured collision radius
velocity row 99/120 IC 133/599 x0=0.671026 velocity_parameter=0.6305 elapsed=75.5828s written=0
  crossing 0/250
  stopped velocity row 99 IC 133 x0=0.671026 velocity_parameter=0.6305 status=collision: trajectory reached the configured collision radius
velocity row 99/120 IC 143/599 x0=0.678205 velocity_parameter=0.6305 elapsed=75.9121s written=0
  crossing 0/250
  stopped velocity row 99 IC 143 x0=0.678205 velocity_parameter=0.6305 status=collision: trajectory reached the configured collision radius
velocity row 99/120 IC 151/599 x0=0.683948 velocity_parameter=0.6305 elapsed=76.1707s written=0
  crossing 0/250
  stopped velocity row 99 IC 151 x0=0.683948 velocity_parameter=0.6305 status=collision: trajectory reached the configured collision radius
velocity row 100/120 IC 133/599 x0=0.671026 velocity_parameter=0.646667 elapsed=76.203s written=0
  crossing 0/250
  stopped velocity row 100 IC 133 x0=0.671026 velocity_parameter=0.646667 status=collision: trajectory reached the configured collision radius
velocity row 100/120 IC 143/599 x0=0.678205 velocity_parameter=0.646667 elapsed=76.527s written=0
  crossing 0/250
  stopped velocity row 100 IC 143 x0=0.678205 velocity_parameter=0.646667 status=collision: trajectory reached the configured collision radius
velocity row 100/120 IC 151/599 x0=0.683948 velocity_parameter=0.646667 elapsed=76.7839s written=0
  crossing 0/250
  stopped velocity row 100 IC 151 x0=0.683948 velocity_parameter=0.646667 status=collision: trajectory reached the configured collision radius
velocity row 101/120 IC 133/599 x0=0.671026 velocity_parameter=0.662833 elapsed=76.8169s written=0
  crossing 0/250
  stopped velocity row 101 IC 133 x0=0.671026 velocity_parameter=0.662833 status=collision: trajectory reached the configured collision radius
velocity row 101/120 IC 143/599 x0=0.678205 velocity_parameter=0.662833 elapsed=77.1376s written=0
  crossing 0/250
  stopped velocity row 101 IC 143 x0=0.678205 velocity_parameter=0.662833 status=collision: trajectory reached the configured collision radius
velocity row 101/120 IC 151/599 x0=0.683948 velocity_parameter=0.662833 elapsed=77.3895s written=0
  crossing 0/250
  stopped velocity row 101 IC 151 x0=0.683948 velocity_parameter=0.662833 status=collision: trajectory reached the configured collision radius
velocity row 102/120 IC 133/599 x0=0.671026 velocity_parameter=0.679 elapsed=77.4218s written=0
  crossing 0/250
  stopped velocity row 102 IC 133 x0=0.671026 velocity_parameter=0.679 status=collision: trajectory reached the configured collision radius
velocity row 102/120 IC 143/599 x0=0.678205 velocity_parameter=0.679 elapsed=77.7357s written=0
  crossing 0/250
  stopped velocity row 102 IC 143 x0=0.678205 velocity_parameter=0.679 status=collision: trajectory reached the configured collision radius
velocity row 102/120 IC 151/599 x0=0.683948 velocity_parameter=0.679 elapsed=77.9903s written=0
  crossing 0/250
  stopped velocity row 102 IC 151 x0=0.683948 velocity_parameter=0.679 status=collision: trajectory reached the configured collision radius
velocity row 103/120 IC 133/599 x0=0.671026 velocity_parameter=0.695167 elapsed=78.0227s written=0
  crossing 0/250
  stopped velocity row 103 IC 133 x0=0.671026 velocity_parameter=0.695167 status=collision: trajectory reached the configured collision radius
velocity row 103/120 IC 143/599 x0=0.678205 velocity_parameter=0.695167 elapsed=78.3403s written=0
  crossing 0/250
  stopped velocity row 103 IC 143 x0=0.678205 velocity_parameter=0.695167 status=collision: trajectory reached the configured collision radius
velocity row 103/120 IC 151/599 x0=0.683948 velocity_parameter=0.695167 elapsed=78.5937s written=0
  crossing 0/250
  stopped velocity row 103 IC 151 x0=0.683948 velocity_parameter=0.695167 status=collision: trajectory reached the configured collision radius
velocity row 104/120 IC 133/599 x0=0.671026 velocity_parameter=0.711333 elapsed=78.6298s written=0
  crossing 0/250
  stopped velocity row 104 IC 133 x0=0.671026 velocity_parameter=0.711333 status=collision: trajectory reached the configured collision radius
velocity row 104/120 IC 143/599 x0=0.678205 velocity_parameter=0.711333 elapsed=78.965s written=0
  crossing 0/250
  stopped velocity row 104 IC 143 x0=0.678205 velocity_parameter=0.711333 status=collision: trajectory reached the configured collision radius
velocity row 104/120 IC 151/599 x0=0.683948 velocity_parameter=0.711333 elapsed=79.2203s written=0
  crossing 0/250
  stopped velocity row 104 IC 151 x0=0.683948 velocity_parameter=0.711333 status=collision: trajectory reached the configured collision radius
velocity row 105/120 IC 133/599 x0=0.671026 velocity_parameter=0.7275 elapsed=79.2527s written=0
  crossing 0/250
  stopped velocity row 105 IC 133 x0=0.671026 velocity_parameter=0.7275 status=collision: trajectory reached the configured collision radius
velocity row 105/120 IC 143/599 x0=0.678205 velocity_parameter=0.7275 elapsed=79.5772s written=0
  crossing 0/250
  stopped velocity row 105 IC 143 x0=0.678205 velocity_parameter=0.7275 status=collision: trajectory reached the configured collision radius
velocity row 105/120 IC 151/599 x0=0.683948 velocity_parameter=0.7275 elapsed=79.8367s written=8
  crossing 0/250
  stopped velocity row 105 IC 151 x0=0.683948 velocity_parameter=0.7275 status=collision: trajectory reached the configured collision radius
velocity row 106/120 IC 133/599 x0=0.671026 velocity_parameter=0.743667 elapsed=79.87s written=9
  crossing 0/250
  stopped velocity row 106 IC 133 x0=0.671026 velocity_parameter=0.743667 status=collision: trajectory reached the configured collision radius
velocity row 106/120 IC 143/599 x0=0.678205 velocity_parameter=0.743667 elapsed=80.195s written=18
  crossing 0/250
  stopped velocity row 106 IC 143 x0=0.678205 velocity_parameter=0.743667 status=collision: trajectory reached the configured collision radius
velocity row 106/120 IC 151/599 x0=0.683948 velocity_parameter=0.743667 elapsed=80.4577s written=26
  crossing 0/250
  stopped velocity row 106 IC 151 x0=0.683948 velocity_parameter=0.743667 status=collision: trajectory reached the configured collision radius
velocity row 107/120 IC 133/599 x0=0.671026 velocity_parameter=0.759833 elapsed=80.4916s written=27
  crossing 0/250
  stopped velocity row 107 IC 133 x0=0.671026 velocity_parameter=0.759833 status=collision: trajectory reached the configured collision radius
velocity row 107/120 IC 143/599 x0=0.678205 velocity_parameter=0.759833 elapsed=80.8253s written=37
  crossing 0/250
  stopped velocity row 107 IC 143 x0=0.678205 velocity_parameter=0.759833 status=collision: trajectory reached the configured collision radius
velocity row 107/120 IC 151/599 x0=0.683948 velocity_parameter=0.759833 elapsed=80.9823s written=41
  crossing 0/250
  stopped velocity row 107 IC 151 x0=0.683948 velocity_parameter=0.759833 status=outer_limit: trajectory reached the configured outer_limit radius
velocity row 108/120 IC 133/599 x0=0.671026 velocity_parameter=0.776 elapsed=80.988s written=41
  crossing 0/250
  stopped velocity row 108 IC 133 x0=0.671026 velocity_parameter=0.776 status=collision: trajectory reached the configured collision radius
velocity row 108/120 IC 143/599 x0=0.678205 velocity_parameter=0.776 elapsed=81.2369s written=48
  crossing 0/250
  stopped velocity row 108 IC 143 x0=0.678205 velocity_parameter=0.776 status=outer_limit: trajectory reached the configured outer_limit radius
velocity row 108/120 IC 151/599 x0=0.683948 velocity_parameter=0.776 elapsed=81.2739s written=48
  crossing 0/250
  stopped velocity row 108 IC 151 x0=0.683948 velocity_parameter=0.776 status=outer_limit: trajectory reached the configured outer_limit radius
velocity row 109/120 IC 133/599 x0=0.671026 velocity_parameter=0.792167 elapsed=81.2781s written=48
  crossing 0/250
  stopped velocity row 109 IC 133 x0=0.671026 velocity_parameter=0.792167 status=outer_limit: trajectory reached the configured outer_limit radius
velocity row 109/120 IC 143/599 x0=0.678205 velocity_parameter=0.792167 elapsed=81.3267s written=48
  crossing 0/250
  stopped velocity row 109 IC 143 x0=0.678205 velocity_parameter=0.792167 status=outer_limit: trajectory reached the configured outer_limit radius
velocity row 109/120 IC 151/599 x0=0.683948 velocity_parameter=0.792167 elapsed=81.363s written=48
  crossing 0/250
  stopped velocity row 109 IC 151 x0=0.683948 velocity_parameter=0.792167 status=outer_limit: trajectory reached the configured outer_limit radius
velocity row 110/120 IC 133/599 x0=0.671026 velocity_parameter=0.808333 elapsed=81.3679s written=48
  crossing 0/250
  stopped velocity row 110 IC 133 x0=0.671026 velocity_parameter=0.808333 status=outer_limit: trajectory reached the configured outer_limit radius
velocity row 110/120 IC 143/599 x0=0.678205 velocity_parameter=0.808333 elapsed=81.4125s written=48
  crossing 0/250
  stopped velocity row 110 IC 143 x0=0.678205 velocity_parameter=0.808333 status=outer_limit: trajectory reached the configured outer_limit radius
velocity row 110/120 IC 151/599 x0=0.683948 velocity_parameter=0.808333 elapsed=81.4455s written=48
  crossing 0/250
  stopped velocity row 110 IC 151 x0=0.683948 velocity_parameter=0.808333 status=outer_limit: trajectory reached the configured outer_limit radius
velocity row 111/120 IC 133/599 x0=0.671026 velocity_parameter=0.8245 elapsed=81.4496s written=48
  crossing 0/250
  stopped velocity row 111 IC 133 x0=0.671026 velocity_parameter=0.8245 status=outer_limit: trajectory reached the configured outer_limit radius
velocity row 111/120 IC 143/599 x0=0.678205 velocity_parameter=0.8245 elapsed=81.4914s written=48
  crossing 0/250
  stopped velocity row 111 IC 143 x0=0.678205 velocity_parameter=0.8245 status=outer_limit: trajectory reached the configured outer_limit radius
velocity row 111/120 IC 151/599 x0=0.683948 velocity_parameter=0.8245 elapsed=81.5249s written=48
  crossing 0/250
  stopped velocity row 111 IC 151 x0=0.683948 velocity_parameter=0.8245 status=outer_limit: trajectory reached the configured outer_limit radius
velocity row 112/120 IC 133/599 x0=0.671026 velocity_parameter=0.840667 elapsed=81.5298s written=48
  crossing 0/250
  stopped velocity row 112 IC 133 x0=0.671026 velocity_parameter=0.840667 status=outer_limit: trajectory reached the configured outer_limit radius
velocity row 112/120 IC 143/599 x0=0.678205 velocity_parameter=0.840667 elapsed=81.5708s written=48
  crossing 0/250
  stopped velocity row 112 IC 143 x0=0.678205 velocity_parameter=0.840667 status=outer_limit: trajectory reached the configured outer_limit radius
velocity row 112/120 IC 151/599 x0=0.683948 velocity_parameter=0.840667 elapsed=81.6039s written=48
  crossing 0/250
  stopped velocity row 112 IC 151 x0=0.683948 velocity_parameter=0.840667 status=outer_limit: trajectory reached the configured outer_limit radius
velocity row 113/120 IC 133/599 x0=0.671026 velocity_parameter=0.856833 elapsed=81.6078s written=48
  crossing 0/250
  stopped velocity row 113 IC 133 x0=0.671026 velocity_parameter=0.856833 status=outer_limit: trajectory reached the configured outer_limit radius
velocity row 113/120 IC 143/599 x0=0.678205 velocity_parameter=0.856833 elapsed=81.6474s written=48
  crossing 0/250
  stopped velocity row 113 IC 143 x0=0.678205 velocity_parameter=0.856833 status=outer_limit: trajectory reached the configured outer_limit radius
velocity row 113/120 IC 151/599 x0=0.683948 velocity_parameter=0.856833 elapsed=81.6765s written=48
  crossing 0/250
  stopped velocity row 113 IC 151 x0=0.683948 velocity_parameter=0.856833 status=outer_limit: trajectory reached the configured outer_limit radius
velocity row 114/120 IC 133/599 x0=0.671026 velocity_parameter=0.873 elapsed=81.68s written=48
  crossing 0/250
  stopped velocity row 114 IC 133 x0=0.671026 velocity_parameter=0.873 status=outer_limit: trajectory reached the configured outer_limit radius
velocity row 114/120 IC 143/599 x0=0.678205 velocity_parameter=0.873 elapsed=81.7205s written=48
  crossing 0/250
  stopped velocity row 114 IC 143 x0=0.678205 velocity_parameter=0.873 status=outer_limit: trajectory reached the configured outer_limit radius
velocity row 114/120 IC 151/599 x0=0.683948 velocity_parameter=0.873 elapsed=81.75s written=48
  crossing 0/250
  stopped velocity row 114 IC 151 x0=0.683948 velocity_parameter=0.873 status=outer_limit: trajectory reached the configured outer_limit radius
velocity row 115/120 IC 133/599 x0=0.671026 velocity_parameter=0.889167 elapsed=81.7538s written=48
  crossing 0/250
  stopped velocity row 115 IC 133 x0=0.671026 velocity_parameter=0.889167 status=outer_limit: trajectory reached the configured outer_limit radius
velocity row 115/120 IC 143/599 x0=0.678205 velocity_parameter=0.889167 elapsed=81.7922s written=48
  crossing 0/250
  stopped velocity row 115 IC 143 x0=0.678205 velocity_parameter=0.889167 status=outer_limit: trajectory reached the configured outer_limit radius
velocity row 115/120 IC 151/599 x0=0.683948 velocity_parameter=0.889167 elapsed=81.8221s written=48
  crossing 0/250
  stopped velocity row 115 IC 151 x0=0.683948 velocity_parameter=0.889167 status=outer_limit: trajectory reached the configured outer_limit radius
velocity row 116/120 IC 133/599 x0=0.671026 velocity_parameter=0.905333 elapsed=81.8259s written=48
  crossing 0/250
  stopped velocity row 116 IC 133 x0=0.671026 velocity_parameter=0.905333 status=outer_limit: trajectory reached the configured outer_limit radius
velocity row 116/120 IC 143/599 x0=0.678205 velocity_parameter=0.905333 elapsed=81.8657s written=48
  crossing 0/250
  stopped velocity row 116 IC 143 x0=0.678205 velocity_parameter=0.905333 status=outer_limit: trajectory reached the configured outer_limit radius
velocity row 116/120 IC 151/599 x0=0.683948 velocity_parameter=0.905333 elapsed=81.8963s written=48
  crossing 0/250
  stopped velocity row 116 IC 151 x0=0.683948 velocity_parameter=0.905333 status=outer_limit: trajectory reached the configured outer_limit radius
velocity row 117/120 IC 133/599 x0=0.671026 velocity_parameter=0.9215 elapsed=81.8998s written=48
  crossing 0/250
  stopped velocity row 117 IC 133 x0=0.671026 velocity_parameter=0.9215 status=outer_limit: trajectory reached the configured outer_limit radius
velocity row 117/120 IC 143/599 x0=0.678205 velocity_parameter=0.9215 elapsed=81.9413s written=48
  crossing 0/250
  stopped velocity row 117 IC 143 x0=0.678205 velocity_parameter=0.9215 status=outer_limit: trajectory reached the configured outer_limit radius
velocity row 117/120 IC 151/599 x0=0.683948 velocity_parameter=0.9215 elapsed=81.9695s written=48
  crossing 0/250
  stopped velocity row 117 IC 151 x0=0.683948 velocity_parameter=0.9215 status=outer_limit: trajectory reached the configured outer_limit radius
velocity row 118/120 IC 133/599 x0=0.671026 velocity_parameter=0.937667 elapsed=81.9736s written=48
  crossing 0/250
  stopped velocity row 118 IC 133 x0=0.671026 velocity_parameter=0.937667 status=outer_limit: trajectory reached the configured outer_limit radius
velocity row 118/120 IC 143/599 x0=0.678205 velocity_parameter=0.937667 elapsed=82.014s written=48
  crossing 0/250
  stopped velocity row 118 IC 143 x0=0.678205 velocity_parameter=0.937667 status=outer_limit: trajectory reached the configured outer_limit radius
velocity row 118/120 IC 151/599 x0=0.683948 velocity_parameter=0.937667 elapsed=82.0452s written=48
  crossing 0/250
  stopped velocity row 118 IC 151 x0=0.683948 velocity_parameter=0.937667 status=outer_limit: trajectory reached the configured outer_limit radius
velocity row 119/120 IC 133/599 x0=0.671026 velocity_parameter=0.953833 elapsed=82.0488s written=48
  crossing 0/250
  stopped velocity row 119 IC 133 x0=0.671026 velocity_parameter=0.953833 status=outer_limit: trajectory reached the configured outer_limit radius
velocity row 119/120 IC 143/599 x0=0.678205 velocity_parameter=0.953833 elapsed=82.0916s written=48
  crossing 0/250
  stopped velocity row 119 IC 143 x0=0.678205 velocity_parameter=0.953833 status=outer_limit: trajectory reached the configured outer_limit radius
velocity row 119/120 IC 151/599 x0=0.683948 velocity_parameter=0.953833 elapsed=82.1229s written=48
  crossing 0/250
  stopped velocity row 119 IC 151 x0=0.683948 velocity_parameter=0.953833 status=outer_limit: trajectory reached the configured outer_limit radius
velocity row 120/120 IC 133/599 x0=0.671026 velocity_parameter=0.97 elapsed=82.1272s written=48
  crossing 0/250
  stopped velocity row 120 IC 133 x0=0.671026 velocity_parameter=0.97 status=outer_limit: trajectory reached the configured outer_limit radius
velocity row 120/120 IC 143/599 x0=0.678205 velocity_parameter=0.97 elapsed=82.1735s written=48
  crossing 0/250
  stopped velocity row 120 IC 143 x0=0.678205 velocity_parameter=0.97 status=outer_limit: trajectory reached the configured outer_limit radius
velocity row 120/120 IC 151/599 x0=0.683948 velocity_parameter=0.97 elapsed=82.2094s written=48
  crossing 0/250
  stopped velocity row 120 IC 151 x0=0.683948 velocity_parameter=0.97 status=outer_limit: trajectory reached the configured outer_limit radius
svg -> /mnt/c/Users/payne/Code/Hill_4BP/professional_neck_studies/e1_dense_001/survey/level_000_delta_1e_minus_2/open/shard_0007/preview.svg
metadata -> /mnt/c/Users/payne/Code/Hill_4BP/professional_neck_studies/e1_dense_001/survey/level_000_delta_1e_minus_2/open/shard_0007/metadata.txt
wrote 48 points (0 ICs skipped, 2299 orbits stopped early, elapsed=82.2169s) -> /mnt/c/Users/payne/Code/Hill_4BP/professional_neck_studies/e1_dense_001/survey/level_000_delta_1e_minus_2/open/shard_0007/points.csv
outcomes: collision=2054 completed=0 forbidden=0 inner_radius_limit=0 invalid_initial_radius=0 invalid_velocity=0 nontransverse=0 numerical_failure=0 outer_limit=245 timeout=0
maximum sampled |H-h|=2.56977e-15
