zero-velocity boundary -> /mnt/c/Users/payne/Code/Hill_4BP/professional_neck_studies/e1_dense_001/survey/level_002_delta_1e_minus_4/open/shard_0007/zero_velocity_boundary.csv
lambda1=0.0272549 lambda2=2.97275 A=-0.986373 B=0.486373 c=0.0976566 c1=0 c2=0 c3=-0.0976566 h=-2.39144 (C=4.78287)
E1/E2 neck h=-2.39154 (C=4.78307), E3/E4 neck h=-0.454039 (C=0.908078)
energy_mode=neck_delta neck=E1 hcrit=-2.39154 delta=0.0001 side=open actual_neck_side=open delta_h=0.0001
x_count=600 xdot_count=121 iterates=250 index range=[133,151] velocity_mode=fraction x_range=[0.769054,0.812056] max_return_time=100
smooth coordinates R=sqrt(rho), CAPD crossing mode=Both solver_order=28 max_step=0.005 abs_tol=1e-15 rel_tol=1e-13 collision_radius=1e-06 outer_radius=5
velocity row 0/120 IC 133/599 x0=0.778602 velocity_parameter=-0.97 elapsed=1.49e-07s written=0
  crossing 0/250
  stopped velocity row 0 IC 133 x0=0.778602 velocity_parameter=-0.97 status=collision: trajectory reached the configured collision radius
  stopped velocity row 0 IC 134 x0=0.778674 velocity_parameter=-0.97 status=collision: trajectory reached the configured collision radius
  stopped velocity row 0 IC 135 x0=0.778745 velocity_parameter=-0.97 status=collision: trajectory reached the configured collision radius
  stopped velocity row 0 IC 136 x0=0.778817 velocity_parameter=-0.97 status=collision: trajectory reached the configured collision radius
  stopped velocity row 0 IC 137 x0=0.778889 velocity_parameter=-0.97 status=collision: trajectory reached the configured collision radius
  stopped velocity row 0 IC 138 x0=0.778961 velocity_parameter=-0.97 status=collision: trajectory reached the configured collision radius
  stopped velocity row 0 IC 139 x0=0.779033 velocity_parameter=-0.97 status=collision: trajectory reached the configured collision radius
  stopped velocity row 0 IC 140 x0=0.779104 velocity_parameter=-0.97 status=collision: trajectory reached the configured collision radius
  stopped velocity row 0 IC 141 x0=0.779176 velocity_parameter=-0.97 status=collision: trajectory reached the configured collision radius
  stopped velocity row 0 IC 142 x0=0.779248 velocity_parameter=-0.97 status=collision: trajectory reached the configured collision radius
velocity row 0/120 IC 143/599 x0=0.77932 velocity_parameter=-0.97 elapsed=0.801832s written=0
  crossing 0/250
  stopped velocity row 0 IC 143 x0=0.77932 velocity_parameter=-0.97 status=collision: trajectory reached the configured collision radius
velocity row 0/120 IC 151/599 x0=0.779894 velocity_parameter=-0.97 elapsed=1.42848s written=0
  crossing 0/250
  stopped velocity row 0 IC 151 x0=0.779894 velocity_parameter=-0.97 status=collision: trajectory reached the configured collision radius
velocity row 1/120 IC 133/599 x0=0.778602 velocity_parameter=-0.953833 elapsed=1.50942s written=0
  crossing 0/250
  stopped velocity row 1 IC 133 x0=0.778602 velocity_parameter=-0.953833 status=collision: trajectory reached the configured collision radius
velocity row 1/120 IC 143/599 x0=0.77932 velocity_parameter=-0.953833 elapsed=2.30497s written=0
  crossing 0/250
  stopped velocity row 1 IC 143 x0=0.77932 velocity_parameter=-0.953833 status=collision: trajectory reached the configured collision radius
velocity row 1/120 IC 151/599 x0=0.779894 velocity_parameter=-0.953833 elapsed=2.95089s written=0
  crossing 0/250
  stopped velocity row 1 IC 151 x0=0.779894 velocity_parameter=-0.953833 status=collision: trajectory reached the configured collision radius
velocity row 2/120 IC 133/599 x0=0.778602 velocity_parameter=-0.937667 elapsed=3.032s written=0
  crossing 0/250
  stopped velocity row 2 IC 133 x0=0.778602 velocity_parameter=-0.937667 status=collision: trajectory reached the configured collision radius
velocity row 2/120 IC 143/599 x0=0.77932 velocity_parameter=-0.937667 elapsed=3.83341s written=0
  crossing 0/250
  stopped velocity row 2 IC 143 x0=0.77932 velocity_parameter=-0.937667 status=collision: trajectory reached the configured collision radius
velocity row 2/120 IC 151/599 x0=0.779894 velocity_parameter=-0.937667 elapsed=4.45568s written=0
  crossing 0/250
  stopped velocity row 2 IC 151 x0=0.779894 velocity_parameter=-0.937667 status=collision: trajectory reached the configured collision radius
velocity row 3/120 IC 133/599 x0=0.778602 velocity_parameter=-0.9215 elapsed=4.5364s written=0
  crossing 0/250
  stopped velocity row 3 IC 133 x0=0.778602 velocity_parameter=-0.9215 status=collision: trajectory reached the configured collision radius
velocity row 3/120 IC 143/599 x0=0.77932 velocity_parameter=-0.9215 elapsed=5.31741s written=0
  crossing 0/250
  stopped velocity row 3 IC 143 x0=0.77932 velocity_parameter=-0.9215 status=collision: trajectory reached the configured collision radius
velocity row 3/120 IC 151/599 x0=0.779894 velocity_parameter=-0.9215 elapsed=5.93562s written=0
  crossing 0/250
  stopped velocity row 3 IC 151 x0=0.779894 velocity_parameter=-0.9215 status=collision: trajectory reached the configured collision radius
velocity row 4/120 IC 133/599 x0=0.778602 velocity_parameter=-0.905333 elapsed=6.01185s written=0
  crossing 0/250
  stopped velocity row 4 IC 133 x0=0.778602 velocity_parameter=-0.905333 status=collision: trajectory reached the configured collision radius
velocity row 4/120 IC 143/599 x0=0.77932 velocity_parameter=-0.905333 elapsed=6.79121s written=0
  crossing 0/250
  stopped velocity row 4 IC 143 x0=0.77932 velocity_parameter=-0.905333 status=collision: trajectory reached the configured collision radius
velocity row 4/120 IC 151/599 x0=0.779894 velocity_parameter=-0.905333 elapsed=7.41006s written=0
  crossing 0/250
  stopped velocity row 4 IC 151 x0=0.779894 velocity_parameter=-0.905333 status=collision: trajectory reached the configured collision radius
velocity row 5/120 IC 133/599 x0=0.778602 velocity_parameter=-0.889167 elapsed=7.48438s written=0
  crossing 0/250
  stopped velocity row 5 IC 133 x0=0.778602 velocity_parameter=-0.889167 status=collision: trajectory reached the configured collision radius
velocity row 5/120 IC 143/599 x0=0.77932 velocity_parameter=-0.889167 elapsed=8.25863s written=0
  crossing 0/250
  stopped velocity row 5 IC 143 x0=0.77932 velocity_parameter=-0.889167 status=collision: trajectory reached the configured collision radius
velocity row 5/120 IC 151/599 x0=0.779894 velocity_parameter=-0.889167 elapsed=8.87279s written=0
  crossing 0/250
  stopped velocity row 5 IC 151 x0=0.779894 velocity_parameter=-0.889167 status=collision: trajectory reached the configured collision radius
velocity row 6/120 IC 133/599 x0=0.778602 velocity_parameter=-0.873 elapsed=8.94662s written=0
  crossing 0/250
  stopped velocity row 6 IC 133 x0=0.778602 velocity_parameter=-0.873 status=collision: trajectory reached the configured collision radius
velocity row 6/120 IC 143/599 x0=0.77932 velocity_parameter=-0.873 elapsed=9.77557s written=0
  crossing 0/250
  stopped velocity row 6 IC 143 x0=0.77932 velocity_parameter=-0.873 status=collision: trajectory reached the configured collision radius
velocity row 6/120 IC 151/599 x0=0.779894 velocity_parameter=-0.873 elapsed=10.3999s written=0
  crossing 0/250
  stopped velocity row 6 IC 151 x0=0.779894 velocity_parameter=-0.873 status=collision: trajectory reached the configured collision radius
velocity row 7/120 IC 133/599 x0=0.778602 velocity_parameter=-0.856833 elapsed=10.4859s written=0
  crossing 0/250
  stopped velocity row 7 IC 133 x0=0.778602 velocity_parameter=-0.856833 status=collision: trajectory reached the configured collision radius
velocity row 7/120 IC 143/599 x0=0.77932 velocity_parameter=-0.856833 elapsed=11.2744s written=0
  crossing 0/250
  stopped velocity row 7 IC 143 x0=0.77932 velocity_parameter=-0.856833 status=collision: trajectory reached the configured collision radius
velocity row 7/120 IC 151/599 x0=0.779894 velocity_parameter=-0.856833 elapsed=11.9251s written=0
  crossing 0/250
  stopped velocity row 7 IC 151 x0=0.779894 velocity_parameter=-0.856833 status=collision: trajectory reached the configured collision radius
velocity row 8/120 IC 133/599 x0=0.778602 velocity_parameter=-0.840667 elapsed=12.0045s written=0
  crossing 0/250
  stopped velocity row 8 IC 133 x0=0.778602 velocity_parameter=-0.840667 status=collision: trajectory reached the configured collision radius
velocity row 8/120 IC 143/599 x0=0.77932 velocity_parameter=-0.840667 elapsed=12.7934s written=0
  crossing 0/250
  stopped velocity row 8 IC 143 x0=0.77932 velocity_parameter=-0.840667 status=collision: trajectory reached the configured collision radius
velocity row 8/120 IC 151/599 x0=0.779894 velocity_parameter=-0.840667 elapsed=13.4085s written=0
  crossing 0/250
  stopped velocity row 8 IC 151 x0=0.779894 velocity_parameter=-0.840667 status=collision: trajectory reached the configured collision radius
velocity row 9/120 IC 133/599 x0=0.778602 velocity_parameter=-0.8245 elapsed=13.4789s written=0
  crossing 0/250
  stopped velocity row 9 IC 133 x0=0.778602 velocity_parameter=-0.8245 status=collision: trajectory reached the configured collision radius
velocity row 9/120 IC 143/599 x0=0.77932 velocity_parameter=-0.8245 elapsed=14.2764s written=0
  crossing 0/250
  stopped velocity row 9 IC 143 x0=0.77932 velocity_parameter=-0.8245 status=collision: trajectory reached the configured collision radius
velocity row 9/120 IC 151/599 x0=0.779894 velocity_parameter=-0.8245 elapsed=14.8782s written=0
  crossing 0/250
  stopped velocity row 9 IC 151 x0=0.779894 velocity_parameter=-0.8245 status=collision: trajectory reached the configured collision radius
velocity row 10/120 IC 133/599 x0=0.778602 velocity_parameter=-0.808333 elapsed=14.9552s written=0
  crossing 0/250
  stopped velocity row 10 IC 133 x0=0.778602 velocity_parameter=-0.808333 status=collision: trajectory reached the configured collision radius
velocity row 10/120 IC 143/599 x0=0.77932 velocity_parameter=-0.808333 elapsed=15.6062s written=0
  crossing 0/250
  stopped velocity row 10 IC 143 x0=0.77932 velocity_parameter=-0.808333 status=collision: trajectory reached the configured collision radius
velocity row 10/120 IC 151/599 x0=0.779894 velocity_parameter=-0.808333 elapsed=16.1463s written=0
  crossing 0/250
  stopped velocity row 10 IC 151 x0=0.779894 velocity_parameter=-0.808333 status=collision: trajectory reached the configured collision radius
velocity row 11/120 IC 133/599 x0=0.778602 velocity_parameter=-0.792167 elapsed=16.2124s written=0
  crossing 0/250
  stopped velocity row 11 IC 133 x0=0.778602 velocity_parameter=-0.792167 status=collision: trajectory reached the configured collision radius
velocity row 11/120 IC 143/599 x0=0.77932 velocity_parameter=-0.792167 elapsed=16.8276s written=0
  crossing 0/250
  stopped velocity row 11 IC 143 x0=0.77932 velocity_parameter=-0.792167 status=collision: trajectory reached the configured collision radius
velocity row 11/120 IC 151/599 x0=0.779894 velocity_parameter=-0.792167 elapsed=17.2886s written=0
  crossing 0/250
  stopped velocity row 11 IC 151 x0=0.779894 velocity_parameter=-0.792167 status=collision: trajectory reached the configured collision radius
velocity row 12/120 IC 133/599 x0=0.778602 velocity_parameter=-0.776 elapsed=17.3467s written=0
  crossing 0/250
  stopped velocity row 12 IC 133 x0=0.778602 velocity_parameter=-0.776 status=collision: trajectory reached the configured collision radius
velocity row 12/120 IC 143/599 x0=0.77932 velocity_parameter=-0.776 elapsed=17.889s written=0
  crossing 0/250
  stopped velocity row 12 IC 143 x0=0.77932 velocity_parameter=-0.776 status=collision: trajectory reached the configured collision radius
velocity row 12/120 IC 151/599 x0=0.779894 velocity_parameter=-0.776 elapsed=18.3108s written=0
  crossing 0/250
  stopped velocity row 12 IC 151 x0=0.779894 velocity_parameter=-0.776 status=collision: trajectory reached the configured collision radius
velocity row 13/120 IC 133/599 x0=0.778602 velocity_parameter=-0.759833 elapsed=18.3791s written=0
  crossing 0/250
  stopped velocity row 13 IC 133 x0=0.778602 velocity_parameter=-0.759833 status=collision: trajectory reached the configured collision radius
velocity row 13/120 IC 143/599 x0=0.77932 velocity_parameter=-0.759833 elapsed=18.8857s written=0
  crossing 0/250
  stopped velocity row 13 IC 143 x0=0.77932 velocity_parameter=-0.759833 status=collision: trajectory reached the configured collision radius
velocity row 13/120 IC 151/599 x0=0.779894 velocity_parameter=-0.759833 elapsed=19.2292s written=0
  crossing 0/250
  stopped velocity row 13 IC 151 x0=0.779894 velocity_parameter=-0.759833 status=collision: trajectory reached the configured collision radius
velocity row 14/120 IC 133/599 x0=0.778602 velocity_parameter=-0.743667 elapsed=19.2792s written=0
  crossing 0/250
  stopped velocity row 14 IC 133 x0=0.778602 velocity_parameter=-0.743667 status=collision: trajectory reached the configured collision radius
velocity row 14/120 IC 143/599 x0=0.77932 velocity_parameter=-0.743667 elapsed=19.767s written=0
  crossing 0/250
  stopped velocity row 14 IC 143 x0=0.77932 velocity_parameter=-0.743667 status=collision: trajectory reached the configured collision radius
velocity row 14/120 IC 151/599 x0=0.779894 velocity_parameter=-0.743667 elapsed=20.2048s written=0
  crossing 0/250
  stopped velocity row 14 IC 151 x0=0.779894 velocity_parameter=-0.743667 status=collision: trajectory reached the configured collision radius
velocity row 15/120 IC 133/599 x0=0.778602 velocity_parameter=-0.7275 elapsed=20.2409s written=0
  crossing 0/250
  stopped velocity row 15 IC 133 x0=0.778602 velocity_parameter=-0.7275 status=collision: trajectory reached the configured collision radius
velocity row 15/120 IC 143/599 x0=0.77932 velocity_parameter=-0.7275 elapsed=20.726s written=0
  crossing 0/250
  stopped velocity row 15 IC 143 x0=0.77932 velocity_parameter=-0.7275 status=collision: trajectory reached the configured collision radius
velocity row 15/120 IC 151/599 x0=0.779894 velocity_parameter=-0.7275 elapsed=21.1553s written=0
  crossing 0/250
  stopped velocity row 15 IC 151 x0=0.779894 velocity_parameter=-0.7275 status=collision: trajectory reached the configured collision radius
velocity row 16/120 IC 133/599 x0=0.778602 velocity_parameter=-0.711333 elapsed=21.2008s written=0
  crossing 0/250
  stopped velocity row 16 IC 133 x0=0.778602 velocity_parameter=-0.711333 status=collision: trajectory reached the configured collision radius
velocity row 16/120 IC 143/599 x0=0.77932 velocity_parameter=-0.711333 elapsed=21.6675s written=0
  crossing 0/250
  stopped velocity row 16 IC 143 x0=0.77932 velocity_parameter=-0.711333 status=collision: trajectory reached the configured collision radius
velocity row 16/120 IC 151/599 x0=0.779894 velocity_parameter=-0.711333 elapsed=22.0252s written=0
  crossing 0/250
  stopped velocity row 16 IC 151 x0=0.779894 velocity_parameter=-0.711333 status=collision: trajectory reached the configured collision radius
velocity row 17/120 IC 133/599 x0=0.778602 velocity_parameter=-0.695167 elapsed=22.0941s written=0
  crossing 0/250
  stopped velocity row 17 IC 133 x0=0.778602 velocity_parameter=-0.695167 status=collision: trajectory reached the configured collision radius
velocity row 17/120 IC 143/599 x0=0.77932 velocity_parameter=-0.695167 elapsed=22.5865s written=0
  crossing 0/250
  stopped velocity row 17 IC 143 x0=0.77932 velocity_parameter=-0.695167 status=collision: trajectory reached the configured collision radius
velocity row 17/120 IC 151/599 x0=0.779894 velocity_parameter=-0.695167 elapsed=22.974s written=0
  crossing 0/250
  stopped velocity row 17 IC 151 x0=0.779894 velocity_parameter=-0.695167 status=collision: trajectory reached the configured collision radius
velocity row 18/120 IC 133/599 x0=0.778602 velocity_parameter=-0.679 elapsed=23.036s written=0
  crossing 0/250
  stopped velocity row 18 IC 133 x0=0.778602 velocity_parameter=-0.679 status=collision: trajectory reached the configured collision radius
velocity row 18/120 IC 143/599 x0=0.77932 velocity_parameter=-0.679 elapsed=23.5083s written=0
  crossing 0/250
  stopped velocity row 18 IC 143 x0=0.77932 velocity_parameter=-0.679 status=collision: trajectory reached the configured collision radius
velocity row 18/120 IC 151/599 x0=0.779894 velocity_parameter=-0.679 elapsed=23.8807s written=0
  crossing 0/250
  stopped velocity row 18 IC 151 x0=0.779894 velocity_parameter=-0.679 status=collision: trajectory reached the configured collision radius
velocity row 19/120 IC 133/599 x0=0.778602 velocity_parameter=-0.662833 elapsed=23.917s written=0
  crossing 0/250
  stopped velocity row 19 IC 133 x0=0.778602 velocity_parameter=-0.662833 status=collision: trajectory reached the configured collision radius
velocity row 19/120 IC 143/599 x0=0.77932 velocity_parameter=-0.662833 elapsed=24.4096s written=0
  crossing 0/250
  stopped velocity row 19 IC 143 x0=0.77932 velocity_parameter=-0.662833 status=collision: trajectory reached the configured collision radius
velocity row 19/120 IC 151/599 x0=0.779894 velocity_parameter=-0.662833 elapsed=24.7698s written=0
  crossing 0/250
  stopped velocity row 19 IC 151 x0=0.779894 velocity_parameter=-0.662833 status=collision: trajectory reached the configured collision radius
velocity row 20/120 IC 133/599 x0=0.778602 velocity_parameter=-0.646667 elapsed=24.8091s written=0
  crossing 0/250
  stopped velocity row 20 IC 133 x0=0.778602 velocity_parameter=-0.646667 status=collision: trajectory reached the configured collision radius
velocity row 20/120 IC 143/599 x0=0.77932 velocity_parameter=-0.646667 elapsed=25.2103s written=0
  crossing 0/250
  stopped velocity row 20 IC 143 x0=0.77932 velocity_parameter=-0.646667 status=collision: trajectory reached the configured collision radius
velocity row 20/120 IC 151/599 x0=0.779894 velocity_parameter=-0.646667 elapsed=25.5517s written=0
  crossing 0/250
  stopped velocity row 20 IC 151 x0=0.779894 velocity_parameter=-0.646667 status=collision: trajectory reached the configured collision radius
velocity row 21/120 IC 133/599 x0=0.778602 velocity_parameter=-0.6305 elapsed=25.5928s written=0
  crossing 0/250
  stopped velocity row 21 IC 133 x0=0.778602 velocity_parameter=-0.6305 status=collision: trajectory reached the configured collision radius
velocity row 21/120 IC 143/599 x0=0.77932 velocity_parameter=-0.6305 elapsed=25.9826s written=0
  crossing 0/250
  stopped velocity row 21 IC 143 x0=0.77932 velocity_parameter=-0.6305 status=collision: trajectory reached the configured collision radius
velocity row 21/120 IC 151/599 x0=0.779894 velocity_parameter=-0.6305 elapsed=26.3351s written=0
  crossing 0/250
  stopped velocity row 21 IC 151 x0=0.779894 velocity_parameter=-0.6305 status=collision: trajectory reached the configured collision radius
velocity row 22/120 IC 133/599 x0=0.778602 velocity_parameter=-0.614333 elapsed=26.37s written=0
  crossing 0/250
  stopped velocity row 22 IC 133 x0=0.778602 velocity_parameter=-0.614333 status=collision: trajectory reached the configured collision radius
velocity row 22/120 IC 143/599 x0=0.77932 velocity_parameter=-0.614333 elapsed=26.8673s written=0
  crossing 0/250
  stopped velocity row 22 IC 143 x0=0.77932 velocity_parameter=-0.614333 status=collision: trajectory reached the configured collision radius
velocity row 22/120 IC 151/599 x0=0.779894 velocity_parameter=-0.614333 elapsed=27.2491s written=0
  crossing 0/250
  stopped velocity row 22 IC 151 x0=0.779894 velocity_parameter=-0.614333 status=collision: trajectory reached the configured collision radius
velocity row 23/120 IC 133/599 x0=0.778602 velocity_parameter=-0.598167 elapsed=27.2845s written=0
  crossing 0/250
  stopped velocity row 23 IC 133 x0=0.778602 velocity_parameter=-0.598167 status=collision: trajectory reached the configured collision radius
velocity row 23/120 IC 143/599 x0=0.77932 velocity_parameter=-0.598167 elapsed=27.713s written=0
  crossing 0/250
  stopped velocity row 23 IC 143 x0=0.77932 velocity_parameter=-0.598167 status=collision: trajectory reached the configured collision radius
velocity row 23/120 IC 151/599 x0=0.779894 velocity_parameter=-0.598167 elapsed=28.124s written=0
  crossing 0/250
  stopped velocity row 23 IC 151 x0=0.779894 velocity_parameter=-0.598167 status=collision: trajectory reached the configured collision radius
velocity row 24/120 IC 133/599 x0=0.778602 velocity_parameter=-0.582 elapsed=28.1604s written=0
  crossing 0/250
  stopped velocity row 24 IC 133 x0=0.778602 velocity_parameter=-0.582 status=collision: trajectory reached the configured collision radius
velocity row 24/120 IC 143/599 x0=0.77932 velocity_parameter=-0.582 elapsed=28.6088s written=0
  crossing 0/250
  stopped velocity row 24 IC 143 x0=0.77932 velocity_parameter=-0.582 status=collision: trajectory reached the configured collision radius
velocity row 24/120 IC 151/599 x0=0.779894 velocity_parameter=-0.582 elapsed=29.0223s written=0
  crossing 0/250
  stopped velocity row 24 IC 151 x0=0.779894 velocity_parameter=-0.582 status=collision: trajectory reached the configured collision radius
velocity row 25/120 IC 133/599 x0=0.778602 velocity_parameter=-0.565833 elapsed=29.0613s written=0
  crossing 0/250
  stopped velocity row 25 IC 133 x0=0.778602 velocity_parameter=-0.565833 status=collision: trajectory reached the configured collision radius
velocity row 25/120 IC 143/599 x0=0.77932 velocity_parameter=-0.565833 elapsed=29.5168s written=0
  crossing 0/250
  stopped velocity row 25 IC 143 x0=0.77932 velocity_parameter=-0.565833 status=collision: trajectory reached the configured collision radius
velocity row 25/120 IC 151/599 x0=0.779894 velocity_parameter=-0.565833 elapsed=29.8253s written=0
  crossing 0/250
  stopped velocity row 25 IC 151 x0=0.779894 velocity_parameter=-0.565833 status=collision: trajectory reached the configured collision radius
velocity row 26/120 IC 133/599 x0=0.778602 velocity_parameter=-0.549667 elapsed=29.8886s written=0
  crossing 0/250
  stopped velocity row 26 IC 133 x0=0.778602 velocity_parameter=-0.549667 status=collision: trajectory reached the configured collision radius
velocity row 26/120 IC 143/599 x0=0.77932 velocity_parameter=-0.549667 elapsed=30.3143s written=0
  crossing 0/250
  stopped velocity row 26 IC 143 x0=0.77932 velocity_parameter=-0.549667 status=collision: trajectory reached the configured collision radius
velocity row 26/120 IC 151/599 x0=0.779894 velocity_parameter=-0.549667 elapsed=30.6261s written=0
  crossing 0/250
  stopped velocity row 26 IC 151 x0=0.779894 velocity_parameter=-0.549667 status=collision: trajectory reached the configured collision radius
velocity row 27/120 IC 133/599 x0=0.778602 velocity_parameter=-0.5335 elapsed=30.6625s written=0
  crossing 0/250
  stopped velocity row 27 IC 133 x0=0.778602 velocity_parameter=-0.5335 status=collision: trajectory reached the configured collision radius
velocity row 27/120 IC 143/599 x0=0.77932 velocity_parameter=-0.5335 elapsed=31.091s written=0
  crossing 0/250
  stopped velocity row 27 IC 143 x0=0.77932 velocity_parameter=-0.5335 status=collision: trajectory reached the configured collision radius
velocity row 27/120 IC 151/599 x0=0.779894 velocity_parameter=-0.5335 elapsed=31.4354s written=0
  crossing 0/250
  stopped velocity row 27 IC 151 x0=0.779894 velocity_parameter=-0.5335 status=collision: trajectory reached the configured collision radius
velocity row 28/120 IC 133/599 x0=0.778602 velocity_parameter=-0.517333 elapsed=31.4717s written=0
  crossing 0/250
  stopped velocity row 28 IC 133 x0=0.778602 velocity_parameter=-0.517333 status=collision: trajectory reached the configured collision radius
velocity row 28/120 IC 143/599 x0=0.77932 velocity_parameter=-0.517333 elapsed=31.9331s written=0
  crossing 0/250
  stopped velocity row 28 IC 143 x0=0.77932 velocity_parameter=-0.517333 status=collision: trajectory reached the configured collision radius
velocity row 28/120 IC 151/599 x0=0.779894 velocity_parameter=-0.517333 elapsed=32.2968s written=0
  crossing 0/250
  stopped velocity row 28 IC 151 x0=0.779894 velocity_parameter=-0.517333 status=collision: trajectory reached the configured collision radius
velocity row 29/120 IC 133/599 x0=0.778602 velocity_parameter=-0.501167 elapsed=32.337s written=0
  crossing 0/250
  stopped velocity row 29 IC 133 x0=0.778602 velocity_parameter=-0.501167 status=collision: trajectory reached the configured collision radius
velocity row 29/120 IC 143/599 x0=0.77932 velocity_parameter=-0.501167 elapsed=32.7357s written=0
  crossing 0/250
  stopped velocity row 29 IC 143 x0=0.77932 velocity_parameter=-0.501167 status=collision: trajectory reached the configured collision radius
velocity row 29/120 IC 151/599 x0=0.779894 velocity_parameter=-0.501167 elapsed=33.1059s written=0
  crossing 0/250
  stopped velocity row 29 IC 151 x0=0.779894 velocity_parameter=-0.501167 status=collision: trajectory reached the configured collision radius
velocity row 30/120 IC 133/599 x0=0.778602 velocity_parameter=-0.485 elapsed=33.1691s written=0
  crossing 0/250
  stopped velocity row 30 IC 133 x0=0.778602 velocity_parameter=-0.485 status=collision: trajectory reached the configured collision radius
velocity row 30/120 IC 143/599 x0=0.77932 velocity_parameter=-0.485 elapsed=33.6127s written=0
  crossing 0/250
  stopped velocity row 30 IC 143 x0=0.77932 velocity_parameter=-0.485 status=collision: trajectory reached the configured collision radius
velocity row 30/120 IC 151/599 x0=0.779894 velocity_parameter=-0.485 elapsed=33.9927s written=0
  crossing 0/250
  stopped velocity row 30 IC 151 x0=0.779894 velocity_parameter=-0.485 status=collision: trajectory reached the configured collision radius
velocity row 31/120 IC 133/599 x0=0.778602 velocity_parameter=-0.468833 elapsed=34.0603s written=0
  crossing 0/250
  stopped velocity row 31 IC 133 x0=0.778602 velocity_parameter=-0.468833 status=collision: trajectory reached the configured collision radius
velocity row 31/120 IC 143/599 x0=0.77932 velocity_parameter=-0.468833 elapsed=34.5034s written=0
  crossing 0/250
  stopped velocity row 31 IC 143 x0=0.77932 velocity_parameter=-0.468833 status=collision: trajectory reached the configured collision radius
velocity row 31/120 IC 151/599 x0=0.779894 velocity_parameter=-0.468833 elapsed=34.8861s written=0
  crossing 0/250
  stopped velocity row 31 IC 151 x0=0.779894 velocity_parameter=-0.468833 status=collision: trajectory reached the configured collision radius
velocity row 32/120 IC 133/599 x0=0.778602 velocity_parameter=-0.452667 elapsed=34.9212s written=0
  crossing 0/250
  stopped velocity row 32 IC 133 x0=0.778602 velocity_parameter=-0.452667 status=collision: trajectory reached the configured collision radius
velocity row 32/120 IC 143/599 x0=0.77932 velocity_parameter=-0.452667 elapsed=35.4056s written=0
  crossing 0/250
  stopped velocity row 32 IC 143 x0=0.77932 velocity_parameter=-0.452667 status=collision: trajectory reached the configured collision radius
velocity row 32/120 IC 151/599 x0=0.779894 velocity_parameter=-0.452667 elapsed=35.7475s written=0
  crossing 0/250
  stopped velocity row 32 IC 151 x0=0.779894 velocity_parameter=-0.452667 status=collision: trajectory reached the configured collision radius
velocity row 33/120 IC 133/599 x0=0.778602 velocity_parameter=-0.4365 elapsed=35.815s written=0
  crossing 0/250
  stopped velocity row 33 IC 133 x0=0.778602 velocity_parameter=-0.4365 status=collision: trajectory reached the configured collision radius
velocity row 33/120 IC 143/599 x0=0.77932 velocity_parameter=-0.4365 elapsed=36.1906s written=0
  crossing 0/250
  stopped velocity row 33 IC 143 x0=0.77932 velocity_parameter=-0.4365 status=collision: trajectory reached the configured collision radius
velocity row 33/120 IC 151/599 x0=0.779894 velocity_parameter=-0.4365 elapsed=36.4779s written=0
  crossing 0/250
  stopped velocity row 33 IC 151 x0=0.779894 velocity_parameter=-0.4365 status=collision: trajectory reached the configured collision radius
velocity row 34/120 IC 133/599 x0=0.778602 velocity_parameter=-0.420333 elapsed=36.5108s written=0
  crossing 0/250
  stopped velocity row 34 IC 133 x0=0.778602 velocity_parameter=-0.420333 status=collision: trajectory reached the configured collision radius
velocity row 34/120 IC 143/599 x0=0.77932 velocity_parameter=-0.420333 elapsed=36.8416s written=0
  crossing 0/250
  stopped velocity row 34 IC 143 x0=0.77932 velocity_parameter=-0.420333 status=collision: trajectory reached the configured collision radius
velocity row 34/120 IC 151/599 x0=0.779894 velocity_parameter=-0.420333 elapsed=37.1741s written=0
  crossing 0/250
  stopped velocity row 34 IC 151 x0=0.779894 velocity_parameter=-0.420333 status=collision: trajectory reached the configured collision radius
velocity row 35/120 IC 133/599 x0=0.778602 velocity_parameter=-0.404167 elapsed=37.2091s written=0
  crossing 0/250
  stopped velocity row 35 IC 133 x0=0.778602 velocity_parameter=-0.404167 status=collision: trajectory reached the configured collision radius
velocity row 35/120 IC 143/599 x0=0.77932 velocity_parameter=-0.404167 elapsed=37.5589s written=0
  crossing 0/250
  stopped velocity row 35 IC 143 x0=0.77932 velocity_parameter=-0.404167 status=collision: trajectory reached the configured collision radius
velocity row 35/120 IC 151/599 x0=0.779894 velocity_parameter=-0.404167 elapsed=37.8856s written=0
  crossing 0/250
  stopped velocity row 35 IC 151 x0=0.779894 velocity_parameter=-0.404167 status=collision: trajectory reached the configured collision radius
velocity row 36/120 IC 133/599 x0=0.778602 velocity_parameter=-0.388 elapsed=37.9198s written=0
  crossing 0/250
  stopped velocity row 36 IC 133 x0=0.778602 velocity_parameter=-0.388 status=collision: trajectory reached the configured collision radius
velocity row 36/120 IC 143/599 x0=0.77932 velocity_parameter=-0.388 elapsed=38.2806s written=0
  crossing 0/250
  stopped velocity row 36 IC 143 x0=0.77932 velocity_parameter=-0.388 status=collision: trajectory reached the configured collision radius
velocity row 36/120 IC 151/599 x0=0.779894 velocity_parameter=-0.388 elapsed=38.5924s written=0
  crossing 0/250
  stopped velocity row 36 IC 151 x0=0.779894 velocity_parameter=-0.388 status=collision: trajectory reached the configured collision radius
velocity row 37/120 IC 133/599 x0=0.778602 velocity_parameter=-0.371833 elapsed=38.6383s written=0
  crossing 0/250
  stopped velocity row 37 IC 133 x0=0.778602 velocity_parameter=-0.371833 status=collision: trajectory reached the configured collision radius
velocity row 37/120 IC 143/599 x0=0.77932 velocity_parameter=-0.371833 elapsed=39.0723s written=0
  crossing 0/250
  stopped velocity row 37 IC 143 x0=0.77932 velocity_parameter=-0.371833 status=collision: trajectory reached the configured collision radius
velocity row 37/120 IC 151/599 x0=0.779894 velocity_parameter=-0.371833 elapsed=39.3856s written=0
  crossing 0/250
  stopped velocity row 37 IC 151 x0=0.779894 velocity_parameter=-0.371833 status=collision: trajectory reached the configured collision radius
velocity row 38/120 IC 133/599 x0=0.778602 velocity_parameter=-0.355667 elapsed=39.4179s written=0
  crossing 0/250
  stopped velocity row 38 IC 133 x0=0.778602 velocity_parameter=-0.355667 status=collision: trajectory reached the configured collision radius
velocity row 38/120 IC 143/599 x0=0.77932 velocity_parameter=-0.355667 elapsed=39.7972s written=0
  crossing 0/250
  stopped velocity row 38 IC 143 x0=0.77932 velocity_parameter=-0.355667 status=collision: trajectory reached the configured collision radius
velocity row 38/120 IC 151/599 x0=0.779894 velocity_parameter=-0.355667 elapsed=40.1577s written=0
  crossing 0/250
  stopped velocity row 38 IC 151 x0=0.779894 velocity_parameter=-0.355667 status=collision: trajectory reached the configured collision radius
velocity row 39/120 IC 133/599 x0=0.778602 velocity_parameter=-0.3395 elapsed=40.1912s written=0
  crossing 0/250
  stopped velocity row 39 IC 133 x0=0.778602 velocity_parameter=-0.3395 status=collision: trajectory reached the configured collision radius
velocity row 39/120 IC 143/599 x0=0.77932 velocity_parameter=-0.3395 elapsed=40.6121s written=0
  crossing 0/250
  stopped velocity row 39 IC 143 x0=0.77932 velocity_parameter=-0.3395 status=collision: trajectory reached the configured collision radius
velocity row 39/120 IC 151/599 x0=0.779894 velocity_parameter=-0.3395 elapsed=40.9656s written=0
  crossing 0/250
  stopped velocity row 39 IC 151 x0=0.779894 velocity_parameter=-0.3395 status=collision: trajectory reached the configured collision radius
velocity row 40/120 IC 133/599 x0=0.778602 velocity_parameter=-0.323333 elapsed=41.0212s written=0
  crossing 0/250
  stopped velocity row 40 IC 133 x0=0.778602 velocity_parameter=-0.323333 status=collision: trajectory reached the configured collision radius
velocity row 40/120 IC 143/599 x0=0.77932 velocity_parameter=-0.323333 elapsed=41.4688s written=0
  crossing 0/250
  stopped velocity row 40 IC 143 x0=0.77932 velocity_parameter=-0.323333 status=collision: trajectory reached the configured collision radius
velocity row 40/120 IC 151/599 x0=0.779894 velocity_parameter=-0.323333 elapsed=41.7523s written=0
  crossing 0/250
  stopped velocity row 40 IC 151 x0=0.779894 velocity_parameter=-0.323333 status=collision: trajectory reached the configured collision radius
velocity row 41/120 IC 133/599 x0=0.778602 velocity_parameter=-0.307167 elapsed=41.8179s written=0
  crossing 0/250
  stopped velocity row 41 IC 133 x0=0.778602 velocity_parameter=-0.307167 status=collision: trajectory reached the configured collision radius
velocity row 41/120 IC 143/599 x0=0.77932 velocity_parameter=-0.307167 elapsed=42.2336s written=0
  crossing 0/250
  stopped velocity row 41 IC 143 x0=0.77932 velocity_parameter=-0.307167 status=collision: trajectory reached the configured collision radius
velocity row 41/120 IC 151/599 x0=0.779894 velocity_parameter=-0.307167 elapsed=42.5118s written=0
  crossing 0/250
  stopped velocity row 41 IC 151 x0=0.779894 velocity_parameter=-0.307167 status=collision: trajectory reached the configured collision radius
velocity row 42/120 IC 133/599 x0=0.778602 velocity_parameter=-0.291 elapsed=42.5462s written=0
  crossing 0/250
  stopped velocity row 42 IC 133 x0=0.778602 velocity_parameter=-0.291 status=collision: trajectory reached the configured collision radius
velocity row 42/120 IC 143/599 x0=0.77932 velocity_parameter=-0.291 elapsed=42.9478s written=0
  crossing 0/250
  stopped velocity row 42 IC 143 x0=0.77932 velocity_parameter=-0.291 status=collision: trajectory reached the configured collision radius
velocity row 42/120 IC 151/599 x0=0.779894 velocity_parameter=-0.291 elapsed=43.2572s written=0
  crossing 0/250
  stopped velocity row 42 IC 151 x0=0.779894 velocity_parameter=-0.291 status=collision: trajectory reached the configured collision radius
velocity row 43/120 IC 133/599 x0=0.778602 velocity_parameter=-0.274833 elapsed=43.295s written=0
  crossing 0/250
  stopped velocity row 43 IC 133 x0=0.778602 velocity_parameter=-0.274833 status=collision: trajectory reached the configured collision radius
velocity row 43/120 IC 143/599 x0=0.77932 velocity_parameter=-0.274833 elapsed=43.69s written=0
  crossing 0/250
  stopped velocity row 43 IC 143 x0=0.77932 velocity_parameter=-0.274833 status=collision: trajectory reached the configured collision radius
velocity row 43/120 IC 151/599 x0=0.779894 velocity_parameter=-0.274833 elapsed=44.0203s written=0
  crossing 0/250
  stopped velocity row 43 IC 151 x0=0.779894 velocity_parameter=-0.274833 status=collision: trajectory reached the configured collision radius
velocity row 44/120 IC 133/599 x0=0.778602 velocity_parameter=-0.258667 elapsed=44.077s written=0
  crossing 0/250
  stopped velocity row 44 IC 133 x0=0.778602 velocity_parameter=-0.258667 status=collision: trajectory reached the configured collision radius
velocity row 44/120 IC 143/599 x0=0.77932 velocity_parameter=-0.258667 elapsed=44.4985s written=0
  crossing 0/250
  stopped velocity row 44 IC 143 x0=0.77932 velocity_parameter=-0.258667 status=collision: trajectory reached the configured collision radius
velocity row 44/120 IC 151/599 x0=0.779894 velocity_parameter=-0.258667 elapsed=44.8472s written=0
  crossing 0/250
  stopped velocity row 44 IC 151 x0=0.779894 velocity_parameter=-0.258667 status=collision: trajectory reached the configured collision radius
velocity row 45/120 IC 133/599 x0=0.778602 velocity_parameter=-0.2425 elapsed=44.8822s written=0
  crossing 0/250
  stopped velocity row 45 IC 133 x0=0.778602 velocity_parameter=-0.2425 status=collision: trajectory reached the configured collision radius
velocity row 45/120 IC 143/599 x0=0.77932 velocity_parameter=-0.2425 elapsed=45.4463s written=0
  crossing 0/250
  stopped velocity row 45 IC 143 x0=0.77932 velocity_parameter=-0.2425 status=collision: trajectory reached the configured collision radius
velocity row 45/120 IC 151/599 x0=0.779894 velocity_parameter=-0.2425 elapsed=45.7774s written=0
  crossing 0/250
  stopped velocity row 45 IC 151 x0=0.779894 velocity_parameter=-0.2425 status=collision: trajectory reached the configured collision radius
velocity row 46/120 IC 133/599 x0=0.778602 velocity_parameter=-0.226333 elapsed=45.8131s written=0
  crossing 0/250
  stopped velocity row 46 IC 133 x0=0.778602 velocity_parameter=-0.226333 status=collision: trajectory reached the configured collision radius
velocity row 46/120 IC 143/599 x0=0.77932 velocity_parameter=-0.226333 elapsed=46.2576s written=0
  crossing 0/250
  stopped velocity row 46 IC 143 x0=0.77932 velocity_parameter=-0.226333 status=collision: trajectory reached the configured collision radius
velocity row 46/120 IC 151/599 x0=0.779894 velocity_parameter=-0.226333 elapsed=46.6022s written=0
  crossing 0/250
  stopped velocity row 46 IC 151 x0=0.779894 velocity_parameter=-0.226333 status=collision: trajectory reached the configured collision radius
velocity row 47/120 IC 133/599 x0=0.778602 velocity_parameter=-0.210167 elapsed=46.6488s written=0
  crossing 0/250
  stopped velocity row 47 IC 133 x0=0.778602 velocity_parameter=-0.210167 status=collision: trajectory reached the configured collision radius
velocity row 47/120 IC 143/599 x0=0.77932 velocity_parameter=-0.210167 elapsed=47.0661s written=0
  crossing 0/250
  stopped velocity row 47 IC 143 x0=0.77932 velocity_parameter=-0.210167 status=collision: trajectory reached the configured collision radius
velocity row 47/120 IC 151/599 x0=0.779894 velocity_parameter=-0.210167 elapsed=47.4171s written=0
  crossing 0/250
  stopped velocity row 47 IC 151 x0=0.779894 velocity_parameter=-0.210167 status=collision: trajectory reached the configured collision radius
velocity row 48/120 IC 133/599 x0=0.778602 velocity_parameter=-0.194 elapsed=47.4519s written=0
  crossing 0/250
  stopped velocity row 48 IC 133 x0=0.778602 velocity_parameter=-0.194 status=collision: trajectory reached the configured collision radius
velocity row 48/120 IC 143/599 x0=0.77932 velocity_parameter=-0.194 elapsed=47.8813s written=0
  crossing 0/250
  stopped velocity row 48 IC 143 x0=0.77932 velocity_parameter=-0.194 status=collision: trajectory reached the configured collision radius
velocity row 48/120 IC 151/599 x0=0.779894 velocity_parameter=-0.194 elapsed=48.1787s written=0
  crossing 0/250
  stopped velocity row 48 IC 151 x0=0.779894 velocity_parameter=-0.194 status=collision: trajectory reached the configured collision radius
velocity row 49/120 IC 133/599 x0=0.778602 velocity_parameter=-0.177833 elapsed=48.2142s written=0
  crossing 0/250
  stopped velocity row 49 IC 133 x0=0.778602 velocity_parameter=-0.177833 status=collision: trajectory reached the configured collision radius
velocity row 49/120 IC 143/599 x0=0.77932 velocity_parameter=-0.177833 elapsed=48.6341s written=0
  crossing 0/250
  stopped velocity row 49 IC 143 x0=0.77932 velocity_parameter=-0.177833 status=collision: trajectory reached the configured collision radius
velocity row 49/120 IC 151/599 x0=0.779894 velocity_parameter=-0.177833 elapsed=48.9593s written=0
  crossing 0/250
  stopped velocity row 49 IC 151 x0=0.779894 velocity_parameter=-0.177833 status=collision: trajectory reached the configured collision radius
velocity row 50/120 IC 133/599 x0=0.778602 velocity_parameter=-0.161667 elapsed=48.9935s written=0
  crossing 0/250
  stopped velocity row 50 IC 133 x0=0.778602 velocity_parameter=-0.161667 status=collision: trajectory reached the configured collision radius
velocity row 50/120 IC 143/599 x0=0.77932 velocity_parameter=-0.161667 elapsed=49.4082s written=0
  crossing 0/250
  stopped velocity row 50 IC 143 x0=0.77932 velocity_parameter=-0.161667 status=collision: trajectory reached the configured collision radius
velocity row 50/120 IC 151/599 x0=0.779894 velocity_parameter=-0.161667 elapsed=49.7021s written=0
  crossing 0/250
  stopped velocity row 50 IC 151 x0=0.779894 velocity_parameter=-0.161667 status=collision: trajectory reached the configured collision radius
velocity row 51/120 IC 133/599 x0=0.778602 velocity_parameter=-0.1455 elapsed=49.7367s written=0
  crossing 0/250
  stopped velocity row 51 IC 133 x0=0.778602 velocity_parameter=-0.1455 status=collision: trajectory reached the configured collision radius
velocity row 51/120 IC 143/599 x0=0.77932 velocity_parameter=-0.1455 elapsed=50.1223s written=0
  crossing 0/250
  stopped velocity row 51 IC 143 x0=0.77932 velocity_parameter=-0.1455 status=collision: trajectory reached the configured collision radius
velocity row 51/120 IC 151/599 x0=0.779894 velocity_parameter=-0.1455 elapsed=50.409s written=0
  crossing 0/250
  stopped velocity row 51 IC 151 x0=0.779894 velocity_parameter=-0.1455 status=collision: trajectory reached the configured collision radius
velocity row 52/120 IC 133/599 x0=0.778602 velocity_parameter=-0.129333 elapsed=50.4458s written=0
  crossing 0/250
  stopped velocity row 52 IC 133 x0=0.778602 velocity_parameter=-0.129333 status=collision: trajectory reached the configured collision radius
velocity row 52/120 IC 143/599 x0=0.77932 velocity_parameter=-0.129333 elapsed=50.8866s written=0
  crossing 0/250
  stopped velocity row 52 IC 143 x0=0.77932 velocity_parameter=-0.129333 status=collision: trajectory reached the configured collision radius
velocity row 52/120 IC 151/599 x0=0.779894 velocity_parameter=-0.129333 elapsed=51.1925s written=0
  crossing 0/250
  stopped velocity row 52 IC 151 x0=0.779894 velocity_parameter=-0.129333 status=collision: trajectory reached the configured collision radius
velocity row 53/120 IC 133/599 x0=0.778602 velocity_parameter=-0.113167 elapsed=51.2271s written=0
  crossing 0/250
  stopped velocity row 53 IC 133 x0=0.778602 velocity_parameter=-0.113167 status=collision: trajectory reached the configured collision radius
velocity row 53/120 IC 143/599 x0=0.77932 velocity_parameter=-0.113167 elapsed=51.6252s written=0
  crossing 0/250
  stopped velocity row 53 IC 143 x0=0.77932 velocity_parameter=-0.113167 status=collision: trajectory reached the configured collision radius
velocity row 53/120 IC 151/599 x0=0.779894 velocity_parameter=-0.113167 elapsed=51.9667s written=0
  crossing 0/250
  stopped velocity row 53 IC 151 x0=0.779894 velocity_parameter=-0.113167 status=collision: trajectory reached the configured collision radius
velocity row 54/120 IC 133/599 x0=0.778602 velocity_parameter=-0.097 elapsed=52.0012s written=0
  crossing 0/250
  stopped velocity row 54 IC 133 x0=0.778602 velocity_parameter=-0.097 status=collision: trajectory reached the configured collision radius
velocity row 54/120 IC 143/599 x0=0.77932 velocity_parameter=-0.097 elapsed=52.3951s written=0
  crossing 0/250
  stopped velocity row 54 IC 143 x0=0.77932 velocity_parameter=-0.097 status=collision: trajectory reached the configured collision radius
velocity row 54/120 IC 151/599 x0=0.779894 velocity_parameter=-0.097 elapsed=52.7487s written=0
  crossing 0/250
  stopped velocity row 54 IC 151 x0=0.779894 velocity_parameter=-0.097 status=collision: trajectory reached the configured collision radius
velocity row 55/120 IC 133/599 x0=0.778602 velocity_parameter=-0.0808333 elapsed=52.7955s written=0
  crossing 0/250
  stopped velocity row 55 IC 133 x0=0.778602 velocity_parameter=-0.0808333 status=collision: trajectory reached the configured collision radius
velocity row 55/120 IC 143/599 x0=0.77932 velocity_parameter=-0.0808333 elapsed=53.199s written=0
  crossing 0/250
  stopped velocity row 55 IC 143 x0=0.77932 velocity_parameter=-0.0808333 status=collision: trajectory reached the configured collision radius
velocity row 55/120 IC 151/599 x0=0.779894 velocity_parameter=-0.0808333 elapsed=53.4919s written=0
  crossing 0/250
  stopped velocity row 55 IC 151 x0=0.779894 velocity_parameter=-0.0808333 status=collision: trajectory reached the configured collision radius
velocity row 56/120 IC 133/599 x0=0.778602 velocity_parameter=-0.0646667 elapsed=53.5269s written=0
  crossing 0/250
  stopped velocity row 56 IC 133 x0=0.778602 velocity_parameter=-0.0646667 status=collision: trajectory reached the configured collision radius
velocity row 56/120 IC 143/599 x0=0.77932 velocity_parameter=-0.0646667 elapsed=53.9134s written=0
  crossing 0/250
  stopped velocity row 56 IC 143 x0=0.77932 velocity_parameter=-0.0646667 status=collision: trajectory reached the configured collision radius
velocity row 56/120 IC 151/599 x0=0.779894 velocity_parameter=-0.0646667 elapsed=54.2309s written=0
  crossing 0/250
  stopped velocity row 56 IC 151 x0=0.779894 velocity_parameter=-0.0646667 status=collision: trajectory reached the configured collision radius
velocity row 57/120 IC 133/599 x0=0.778602 velocity_parameter=-0.0485 elapsed=54.2658s written=0
  crossing 0/250
  stopped velocity row 57 IC 133 x0=0.778602 velocity_parameter=-0.0485 status=collision: trajectory reached the configured collision radius
velocity row 57/120 IC 143/599 x0=0.77932 velocity_parameter=-0.0485 elapsed=54.644s written=0
  crossing 0/250
  stopped velocity row 57 IC 143 x0=0.77932 velocity_parameter=-0.0485 status=collision: trajectory reached the configured collision radius
velocity row 57/120 IC 151/599 x0=0.779894 velocity_parameter=-0.0485 elapsed=54.9425s written=0
  crossing 0/250
  stopped velocity row 57 IC 151 x0=0.779894 velocity_parameter=-0.0485 status=collision: trajectory reached the configured collision radius
velocity row 58/120 IC 133/599 x0=0.778602 velocity_parameter=-0.0323333 elapsed=54.9793s written=0
  crossing 0/250
  stopped velocity row 58 IC 133 x0=0.778602 velocity_parameter=-0.0323333 status=collision: trajectory reached the configured collision radius
velocity row 58/120 IC 143/599 x0=0.77932 velocity_parameter=-0.0323333 elapsed=55.3874s written=0
  crossing 0/250
  stopped velocity row 58 IC 143 x0=0.77932 velocity_parameter=-0.0323333 status=collision: trajectory reached the configured collision radius
velocity row 58/120 IC 151/599 x0=0.779894 velocity_parameter=-0.0323333 elapsed=55.7118s written=0
  crossing 0/250
  stopped velocity row 58 IC 151 x0=0.779894 velocity_parameter=-0.0323333 status=collision: trajectory reached the configured collision radius
velocity row 59/120 IC 133/599 x0=0.778602 velocity_parameter=-0.0161667 elapsed=55.7504s written=0
  crossing 0/250
  stopped velocity row 59 IC 133 x0=0.778602 velocity_parameter=-0.0161667 status=collision: trajectory reached the configured collision radius
velocity row 59/120 IC 143/599 x0=0.77932 velocity_parameter=-0.0161667 elapsed=56.1391s written=0
  crossing 0/250
  stopped velocity row 59 IC 143 x0=0.77932 velocity_parameter=-0.0161667 status=collision: trajectory reached the configured collision radius
velocity row 59/120 IC 151/599 x0=0.779894 velocity_parameter=-0.0161667 elapsed=56.433s written=0
  crossing 0/250
  stopped velocity row 59 IC 151 x0=0.779894 velocity_parameter=-0.0161667 status=collision: trajectory reached the configured collision radius
velocity row 60/120 IC 133/599 x0=0.778602 velocity_parameter=0 elapsed=56.4674s written=0
  crossing 0/250
  stopped velocity row 60 IC 133 x0=0.778602 velocity_parameter=0 status=collision: trajectory reached the configured collision radius
velocity row 60/120 IC 143/599 x0=0.77932 velocity_parameter=0 elapsed=56.8512s written=0
  crossing 0/250
  stopped velocity row 60 IC 143 x0=0.77932 velocity_parameter=0 status=collision: trajectory reached the configured collision radius
velocity row 60/120 IC 151/599 x0=0.779894 velocity_parameter=0 elapsed=57.1306s written=0
  crossing 0/250
  stopped velocity row 60 IC 151 x0=0.779894 velocity_parameter=0 status=collision: trajectory reached the configured collision radius
velocity row 61/120 IC 133/599 x0=0.778602 velocity_parameter=0.0161667 elapsed=57.1658s written=0
  crossing 0/250
  stopped velocity row 61 IC 133 x0=0.778602 velocity_parameter=0.0161667 status=collision: trajectory reached the configured collision radius
velocity row 61/120 IC 143/599 x0=0.77932 velocity_parameter=0.0161667 elapsed=57.5772s written=0
  crossing 0/250
  stopped velocity row 61 IC 143 x0=0.77932 velocity_parameter=0.0161667 status=collision: trajectory reached the configured collision radius
velocity row 61/120 IC 151/599 x0=0.779894 velocity_parameter=0.0161667 elapsed=57.9454s written=0
  crossing 0/250
  stopped velocity row 61 IC 151 x0=0.779894 velocity_parameter=0.0161667 status=collision: trajectory reached the configured collision radius
velocity row 62/120 IC 133/599 x0=0.778602 velocity_parameter=0.0323333 elapsed=57.9789s written=0
  crossing 0/250
  stopped velocity row 62 IC 133 x0=0.778602 velocity_parameter=0.0323333 status=collision: trajectory reached the configured collision radius
velocity row 62/120 IC 143/599 x0=0.77932 velocity_parameter=0.0323333 elapsed=58.3565s written=0
  crossing 0/250
  stopped velocity row 62 IC 143 x0=0.77932 velocity_parameter=0.0323333 status=collision: trajectory reached the configured collision radius
velocity row 62/120 IC 151/599 x0=0.779894 velocity_parameter=0.0323333 elapsed=58.6458s written=0
  crossing 0/250
  stopped velocity row 62 IC 151 x0=0.779894 velocity_parameter=0.0323333 status=collision: trajectory reached the configured collision radius
velocity row 63/120 IC 133/599 x0=0.778602 velocity_parameter=0.0485 elapsed=58.6807s written=0
  crossing 0/250
  stopped velocity row 63 IC 133 x0=0.778602 velocity_parameter=0.0485 status=collision: trajectory reached the configured collision radius
velocity row 63/120 IC 143/599 x0=0.77932 velocity_parameter=0.0485 elapsed=59.0606s written=0
  crossing 0/250
  stopped velocity row 63 IC 143 x0=0.77932 velocity_parameter=0.0485 status=collision: trajectory reached the configured collision radius
velocity row 63/120 IC 151/599 x0=0.779894 velocity_parameter=0.0485 elapsed=59.3703s written=0
  crossing 0/250
  stopped velocity row 63 IC 151 x0=0.779894 velocity_parameter=0.0485 status=collision: trajectory reached the configured collision radius
velocity row 64/120 IC 133/599 x0=0.778602 velocity_parameter=0.0646667 elapsed=59.406s written=0
  crossing 0/250
  stopped velocity row 64 IC 133 x0=0.778602 velocity_parameter=0.0646667 status=collision: trajectory reached the configured collision radius
velocity row 64/120 IC 143/599 x0=0.77932 velocity_parameter=0.0646667 elapsed=59.8206s written=0
  crossing 0/250
  stopped velocity row 64 IC 143 x0=0.77932 velocity_parameter=0.0646667 status=collision: trajectory reached the configured collision radius
velocity row 64/120 IC 151/599 x0=0.779894 velocity_parameter=0.0646667 elapsed=60.1105s written=0
  crossing 0/250
  stopped velocity row 64 IC 151 x0=0.779894 velocity_parameter=0.0646667 status=collision: trajectory reached the configured collision radius
velocity row 65/120 IC 133/599 x0=0.778602 velocity_parameter=0.0808333 elapsed=60.1464s written=0
  crossing 0/250
  stopped velocity row 65 IC 133 x0=0.778602 velocity_parameter=0.0808333 status=collision: trajectory reached the configured collision radius
velocity row 65/120 IC 143/599 x0=0.77932 velocity_parameter=0.0808333 elapsed=60.5752s written=0
  crossing 0/250
  stopped velocity row 65 IC 143 x0=0.77932 velocity_parameter=0.0808333 status=collision: trajectory reached the configured collision radius
velocity row 65/120 IC 151/599 x0=0.779894 velocity_parameter=0.0808333 elapsed=60.8979s written=0
  crossing 0/250
  stopped velocity row 65 IC 151 x0=0.779894 velocity_parameter=0.0808333 status=collision: trajectory reached the configured collision radius
velocity row 66/120 IC 133/599 x0=0.778602 velocity_parameter=0.097 elapsed=60.9334s written=0
  crossing 0/250
  stopped velocity row 66 IC 133 x0=0.778602 velocity_parameter=0.097 status=collision: trajectory reached the configured collision radius
velocity row 66/120 IC 143/599 x0=0.77932 velocity_parameter=0.097 elapsed=61.2981s written=0
  crossing 0/250
  stopped velocity row 66 IC 143 x0=0.77932 velocity_parameter=0.097 status=collision: trajectory reached the configured collision radius
velocity row 66/120 IC 151/599 x0=0.779894 velocity_parameter=0.097 elapsed=61.5979s written=0
  crossing 0/250
  stopped velocity row 66 IC 151 x0=0.779894 velocity_parameter=0.097 status=collision: trajectory reached the configured collision radius
velocity row 67/120 IC 133/599 x0=0.778602 velocity_parameter=0.113167 elapsed=61.6324s written=0
  crossing 0/250
  stopped velocity row 67 IC 133 x0=0.778602 velocity_parameter=0.113167 status=collision: trajectory reached the configured collision radius
velocity row 67/120 IC 143/599 x0=0.77932 velocity_parameter=0.113167 elapsed=62.1019s written=0
  crossing 0/250
  stopped velocity row 67 IC 143 x0=0.77932 velocity_parameter=0.113167 status=collision: trajectory reached the configured collision radius
velocity row 67/120 IC 151/599 x0=0.779894 velocity_parameter=0.113167 elapsed=62.4386s written=0
  crossing 0/250
  stopped velocity row 67 IC 151 x0=0.779894 velocity_parameter=0.113167 status=collision: trajectory reached the configured collision radius
velocity row 68/120 IC 133/599 x0=0.778602 velocity_parameter=0.129333 elapsed=62.4729s written=0
  crossing 0/250
  stopped velocity row 68 IC 133 x0=0.778602 velocity_parameter=0.129333 status=collision: trajectory reached the configured collision radius
velocity row 68/120 IC 143/599 x0=0.77932 velocity_parameter=0.129333 elapsed=62.8246s written=0
  crossing 0/250
  stopped velocity row 68 IC 143 x0=0.77932 velocity_parameter=0.129333 status=collision: trajectory reached the configured collision radius
velocity row 68/120 IC 151/599 x0=0.779894 velocity_parameter=0.129333 elapsed=63.1368s written=0
  crossing 0/250
  stopped velocity row 68 IC 151 x0=0.779894 velocity_parameter=0.129333 status=collision: trajectory reached the configured collision radius
velocity row 69/120 IC 133/599 x0=0.778602 velocity_parameter=0.1455 elapsed=63.1734s written=0
  crossing 0/250
  stopped velocity row 69 IC 133 x0=0.778602 velocity_parameter=0.1455 status=collision: trajectory reached the configured collision radius
velocity row 69/120 IC 143/599 x0=0.77932 velocity_parameter=0.1455 elapsed=63.5601s written=0
  crossing 0/250
  stopped velocity row 69 IC 143 x0=0.77932 velocity_parameter=0.1455 status=collision: trajectory reached the configured collision radius
velocity row 69/120 IC 151/599 x0=0.779894 velocity_parameter=0.1455 elapsed=63.8706s written=0
  crossing 0/250
  stopped velocity row 69 IC 151 x0=0.779894 velocity_parameter=0.1455 status=collision: trajectory reached the configured collision radius
velocity row 70/120 IC 133/599 x0=0.778602 velocity_parameter=0.161667 elapsed=63.9045s written=0
  crossing 0/250
  stopped velocity row 70 IC 133 x0=0.778602 velocity_parameter=0.161667 status=collision: trajectory reached the configured collision radius
velocity row 70/120 IC 143/599 x0=0.77932 velocity_parameter=0.161667 elapsed=64.2733s written=0
  crossing 0/250
  stopped velocity row 70 IC 143 x0=0.77932 velocity_parameter=0.161667 status=collision: trajectory reached the configured collision radius
velocity row 70/120 IC 151/599 x0=0.779894 velocity_parameter=0.161667 elapsed=64.5752s written=0
  crossing 0/250
  stopped velocity row 70 IC 151 x0=0.779894 velocity_parameter=0.161667 status=collision: trajectory reached the configured collision radius
velocity row 71/120 IC 133/599 x0=0.778602 velocity_parameter=0.177833 elapsed=64.6096s written=0
  crossing 0/250
  stopped velocity row 71 IC 133 x0=0.778602 velocity_parameter=0.177833 status=collision: trajectory reached the configured collision radius
velocity row 71/120 IC 143/599 x0=0.77932 velocity_parameter=0.177833 elapsed=64.9716s written=0
  crossing 0/250
  stopped velocity row 71 IC 143 x0=0.77932 velocity_parameter=0.177833 status=collision: trajectory reached the configured collision radius
velocity row 71/120 IC 151/599 x0=0.779894 velocity_parameter=0.177833 elapsed=65.2511s written=0
  crossing 0/250
  stopped velocity row 71 IC 151 x0=0.779894 velocity_parameter=0.177833 status=collision: trajectory reached the configured collision radius
velocity row 72/120 IC 133/599 x0=0.778602 velocity_parameter=0.194 elapsed=65.287s written=0
  crossing 0/250
  stopped velocity row 72 IC 133 x0=0.778602 velocity_parameter=0.194 status=collision: trajectory reached the configured collision radius
velocity row 72/120 IC 143/599 x0=0.77932 velocity_parameter=0.194 elapsed=65.6853s written=0
  crossing 0/250
  stopped velocity row 72 IC 143 x0=0.77932 velocity_parameter=0.194 status=collision: trajectory reached the configured collision radius
velocity row 72/120 IC 151/599 x0=0.779894 velocity_parameter=0.194 elapsed=65.973s written=0
  crossing 0/250
  stopped velocity row 72 IC 151 x0=0.779894 velocity_parameter=0.194 status=collision: trajectory reached the configured collision radius
velocity row 73/120 IC 133/599 x0=0.778602 velocity_parameter=0.210167 elapsed=66.0245s written=0
  crossing 0/250
  stopped velocity row 73 IC 133 x0=0.778602 velocity_parameter=0.210167 status=collision: trajectory reached the configured collision radius
velocity row 73/120 IC 143/599 x0=0.77932 velocity_parameter=0.210167 elapsed=66.3712s written=0
  crossing 0/250
  stopped velocity row 73 IC 143 x0=0.77932 velocity_parameter=0.210167 status=collision: trajectory reached the configured collision radius
velocity row 73/120 IC 151/599 x0=0.779894 velocity_parameter=0.210167 elapsed=66.6822s written=0
  crossing 0/250
  stopped velocity row 73 IC 151 x0=0.779894 velocity_parameter=0.210167 status=collision: trajectory reached the configured collision radius
velocity row 74/120 IC 133/599 x0=0.778602 velocity_parameter=0.226333 elapsed=66.7162s written=0
  crossing 0/250
  stopped velocity row 74 IC 133 x0=0.778602 velocity_parameter=0.226333 status=collision: trajectory reached the configured collision radius
velocity row 74/120 IC 143/599 x0=0.77932 velocity_parameter=0.226333 elapsed=67.1767s written=0
  crossing 0/250
  stopped velocity row 74 IC 143 x0=0.77932 velocity_parameter=0.226333 status=collision: trajectory reached the configured collision radius
velocity row 74/120 IC 151/599 x0=0.779894 velocity_parameter=0.226333 elapsed=67.5268s written=0
  crossing 0/250
  stopped velocity row 74 IC 151 x0=0.779894 velocity_parameter=0.226333 status=collision: trajectory reached the configured collision radius
velocity row 75/120 IC 133/599 x0=0.778602 velocity_parameter=0.2425 elapsed=67.5625s written=0
  crossing 0/250
  stopped velocity row 75 IC 133 x0=0.778602 velocity_parameter=0.2425 status=collision: trajectory reached the configured collision radius
velocity row 75/120 IC 143/599 x0=0.77932 velocity_parameter=0.2425 elapsed=67.9205s written=0
  crossing 0/250
  stopped velocity row 75 IC 143 x0=0.77932 velocity_parameter=0.2425 status=collision: trajectory reached the configured collision radius
velocity row 75/120 IC 151/599 x0=0.779894 velocity_parameter=0.2425 elapsed=68.2276s written=0
  crossing 0/250
  stopped velocity row 75 IC 151 x0=0.779894 velocity_parameter=0.2425 status=collision: trajectory reached the configured collision radius
velocity row 76/120 IC 133/599 x0=0.778602 velocity_parameter=0.258667 elapsed=68.2642s written=0
  crossing 0/250
  stopped velocity row 76 IC 133 x0=0.778602 velocity_parameter=0.258667 status=collision: trajectory reached the configured collision radius
velocity row 76/120 IC 143/599 x0=0.77932 velocity_parameter=0.258667 elapsed=68.6331s written=0
  crossing 0/250
  stopped velocity row 76 IC 143 x0=0.77932 velocity_parameter=0.258667 status=collision: trajectory reached the configured collision radius
velocity row 76/120 IC 151/599 x0=0.779894 velocity_parameter=0.258667 elapsed=68.9669s written=0
  crossing 0/250
  stopped velocity row 76 IC 151 x0=0.779894 velocity_parameter=0.258667 status=collision: trajectory reached the configured collision radius
velocity row 77/120 IC 133/599 x0=0.778602 velocity_parameter=0.274833 elapsed=69.0062s written=0
  crossing 0/250
  stopped velocity row 77 IC 133 x0=0.778602 velocity_parameter=0.274833 status=collision: trajectory reached the configured collision radius
velocity row 77/120 IC 143/599 x0=0.77932 velocity_parameter=0.274833 elapsed=69.3761s written=0
  crossing 0/250
  stopped velocity row 77 IC 143 x0=0.77932 velocity_parameter=0.274833 status=collision: trajectory reached the configured collision radius
velocity row 77/120 IC 151/599 x0=0.779894 velocity_parameter=0.274833 elapsed=69.7064s written=0
  crossing 0/250
  stopped velocity row 77 IC 151 x0=0.779894 velocity_parameter=0.274833 status=collision: trajectory reached the configured collision radius
velocity row 78/120 IC 133/599 x0=0.778602 velocity_parameter=0.291 elapsed=69.7413s written=0
  crossing 0/250
  stopped velocity row 78 IC 133 x0=0.778602 velocity_parameter=0.291 status=collision: trajectory reached the configured collision radius
velocity row 78/120 IC 143/599 x0=0.77932 velocity_parameter=0.291 elapsed=70.139s written=0
  crossing 0/250
  stopped velocity row 78 IC 143 x0=0.77932 velocity_parameter=0.291 status=collision: trajectory reached the configured collision radius
velocity row 78/120 IC 151/599 x0=0.779894 velocity_parameter=0.291 elapsed=70.4449s written=0
  crossing 0/250
  stopped velocity row 78 IC 151 x0=0.779894 velocity_parameter=0.291 status=collision: trajectory reached the configured collision radius
velocity row 79/120 IC 133/599 x0=0.778602 velocity_parameter=0.307167 elapsed=70.4794s written=0
  crossing 0/250
  stopped velocity row 79 IC 133 x0=0.778602 velocity_parameter=0.307167 status=collision: trajectory reached the configured collision radius
velocity row 79/120 IC 143/599 x0=0.77932 velocity_parameter=0.307167 elapsed=70.8829s written=0
  crossing 0/250
  stopped velocity row 79 IC 143 x0=0.77932 velocity_parameter=0.307167 status=collision: trajectory reached the configured collision radius
velocity row 79/120 IC 151/599 x0=0.779894 velocity_parameter=0.307167 elapsed=71.1626s written=0
  crossing 0/250
  stopped velocity row 79 IC 151 x0=0.779894 velocity_parameter=0.307167 status=collision: trajectory reached the configured collision radius
velocity row 80/120 IC 133/599 x0=0.778602 velocity_parameter=0.323333 elapsed=71.1981s written=0
  crossing 0/250
  stopped velocity row 80 IC 133 x0=0.778602 velocity_parameter=0.323333 status=collision: trajectory reached the configured collision radius
velocity row 80/120 IC 143/599 x0=0.77932 velocity_parameter=0.323333 elapsed=71.5395s written=0
  crossing 0/250
  stopped velocity row 80 IC 143 x0=0.77932 velocity_parameter=0.323333 status=collision: trajectory reached the configured collision radius
velocity row 80/120 IC 151/599 x0=0.779894 velocity_parameter=0.323333 elapsed=71.8494s written=0
  crossing 0/250
  stopped velocity row 80 IC 151 x0=0.779894 velocity_parameter=0.323333 status=collision: trajectory reached the configured collision radius
velocity row 81/120 IC 133/599 x0=0.778602 velocity_parameter=0.3395 elapsed=71.8825s written=0
  crossing 0/250
  stopped velocity row 81 IC 133 x0=0.778602 velocity_parameter=0.3395 status=collision: trajectory reached the configured collision radius
velocity row 81/120 IC 143/599 x0=0.77932 velocity_parameter=0.3395 elapsed=72.2636s written=0
  crossing 0/250
  stopped velocity row 81 IC 143 x0=0.77932 velocity_parameter=0.3395 status=collision: trajectory reached the configured collision radius
velocity row 81/120 IC 151/599 x0=0.779894 velocity_parameter=0.3395 elapsed=72.5371s written=0
  crossing 0/250
  stopped velocity row 81 IC 151 x0=0.779894 velocity_parameter=0.3395 status=collision: trajectory reached the configured collision radius
velocity row 82/120 IC 133/599 x0=0.778602 velocity_parameter=0.355667 elapsed=72.5716s written=0
  crossing 0/250
  stopped velocity row 82 IC 133 x0=0.778602 velocity_parameter=0.355667 status=collision: trajectory reached the configured collision radius
velocity row 82/120 IC 143/599 x0=0.77932 velocity_parameter=0.355667 elapsed=72.9512s written=0
  crossing 0/250
  stopped velocity row 82 IC 143 x0=0.77932 velocity_parameter=0.355667 status=collision: trajectory reached the configured collision radius
velocity row 82/120 IC 151/599 x0=0.779894 velocity_parameter=0.355667 elapsed=73.2358s written=0
  crossing 0/250
  stopped velocity row 82 IC 151 x0=0.779894 velocity_parameter=0.355667 status=collision: trajectory reached the configured collision radius
velocity row 83/120 IC 133/599 x0=0.778602 velocity_parameter=0.371833 elapsed=73.2705s written=0
  crossing 0/250
  stopped velocity row 83 IC 133 x0=0.778602 velocity_parameter=0.371833 status=collision: trajectory reached the configured collision radius
velocity row 83/120 IC 143/599 x0=0.77932 velocity_parameter=0.371833 elapsed=73.6205s written=0
  crossing 0/250
  stopped velocity row 83 IC 143 x0=0.77932 velocity_parameter=0.371833 status=collision: trajectory reached the configured collision radius
velocity row 83/120 IC 151/599 x0=0.779894 velocity_parameter=0.371833 elapsed=73.9374s written=0
  crossing 0/250
  stopped velocity row 83 IC 151 x0=0.779894 velocity_parameter=0.371833 status=collision: trajectory reached the configured collision radius
velocity row 84/120 IC 133/599 x0=0.778602 velocity_parameter=0.388 elapsed=73.972s written=0
  crossing 0/250
  stopped velocity row 84 IC 133 x0=0.778602 velocity_parameter=0.388 status=collision: trajectory reached the configured collision radius
velocity row 84/120 IC 143/599 x0=0.77932 velocity_parameter=0.388 elapsed=74.3519s written=0
  crossing 0/250
  stopped velocity row 84 IC 143 x0=0.77932 velocity_parameter=0.388 status=collision: trajectory reached the configured collision radius
velocity row 84/120 IC 151/599 x0=0.779894 velocity_parameter=0.388 elapsed=74.6272s written=0
  crossing 0/250
  stopped velocity row 84 IC 151 x0=0.779894 velocity_parameter=0.388 status=collision: trajectory reached the configured collision radius
velocity row 85/120 IC 133/599 x0=0.778602 velocity_parameter=0.404167 elapsed=74.6633s written=0
  crossing 0/250
  stopped velocity row 85 IC 133 x0=0.778602 velocity_parameter=0.404167 status=collision: trajectory reached the configured collision radius
velocity row 85/120 IC 143/599 x0=0.77932 velocity_parameter=0.404167 elapsed=75.0267s written=0
  crossing 0/250
  stopped velocity row 85 IC 143 x0=0.77932 velocity_parameter=0.404167 status=collision: trajectory reached the configured collision radius
velocity row 85/120 IC 151/599 x0=0.779894 velocity_parameter=0.404167 elapsed=75.314s written=0
  crossing 0/250
  stopped velocity row 85 IC 151 x0=0.779894 velocity_parameter=0.404167 status=collision: trajectory reached the configured collision radius
velocity row 86/120 IC 133/599 x0=0.778602 velocity_parameter=0.420333 elapsed=75.3533s written=0
  crossing 0/250
  stopped velocity row 86 IC 133 x0=0.778602 velocity_parameter=0.420333 status=collision: trajectory reached the configured collision radius
velocity row 86/120 IC 143/599 x0=0.77932 velocity_parameter=0.420333 elapsed=75.7132s written=0
  crossing 0/250
  stopped velocity row 86 IC 143 x0=0.77932 velocity_parameter=0.420333 status=collision: trajectory reached the configured collision radius
velocity row 86/120 IC 151/599 x0=0.779894 velocity_parameter=0.420333 elapsed=76.0102s written=0
  crossing 0/250
  stopped velocity row 86 IC 151 x0=0.779894 velocity_parameter=0.420333 status=collision: trajectory reached the configured collision radius
velocity row 87/120 IC 133/599 x0=0.778602 velocity_parameter=0.4365 elapsed=76.0447s written=0
  crossing 0/250
  stopped velocity row 87 IC 133 x0=0.778602 velocity_parameter=0.4365 status=collision: trajectory reached the configured collision radius
velocity row 87/120 IC 143/599 x0=0.77932 velocity_parameter=0.4365 elapsed=76.4077s written=0
  crossing 0/250
  stopped velocity row 87 IC 143 x0=0.77932 velocity_parameter=0.4365 status=collision: trajectory reached the configured collision radius
velocity row 87/120 IC 151/599 x0=0.779894 velocity_parameter=0.4365 elapsed=76.7438s written=0
  crossing 0/250
  stopped velocity row 87 IC 151 x0=0.779894 velocity_parameter=0.4365 status=collision: trajectory reached the configured collision radius
velocity row 88/120 IC 133/599 x0=0.778602 velocity_parameter=0.452667 elapsed=76.7781s written=0
  crossing 0/250
  stopped velocity row 88 IC 133 x0=0.778602 velocity_parameter=0.452667 status=collision: trajectory reached the configured collision radius
velocity row 88/120 IC 143/599 x0=0.77932 velocity_parameter=0.452667 elapsed=77.1307s written=0
  crossing 0/250
  stopped velocity row 88 IC 143 x0=0.77932 velocity_parameter=0.452667 status=collision: trajectory reached the configured collision radius
velocity row 88/120 IC 151/599 x0=0.779894 velocity_parameter=0.452667 elapsed=77.4046s written=0
  crossing 0/250
  stopped velocity row 88 IC 151 x0=0.779894 velocity_parameter=0.452667 status=collision: trajectory reached the configured collision radius
velocity row 89/120 IC 133/599 x0=0.778602 velocity_parameter=0.468833 elapsed=77.4397s written=0
  crossing 0/250
  stopped velocity row 89 IC 133 x0=0.778602 velocity_parameter=0.468833 status=collision: trajectory reached the configured collision radius
velocity row 89/120 IC 143/599 x0=0.77932 velocity_parameter=0.468833 elapsed=77.7887s written=0
  crossing 0/250
  stopped velocity row 89 IC 143 x0=0.77932 velocity_parameter=0.468833 status=collision: trajectory reached the configured collision radius
velocity row 89/120 IC 151/599 x0=0.779894 velocity_parameter=0.468833 elapsed=78.0847s written=0
  crossing 0/250
  stopped velocity row 89 IC 151 x0=0.779894 velocity_parameter=0.468833 status=collision: trajectory reached the configured collision radius
velocity row 90/120 IC 133/599 x0=0.778602 velocity_parameter=0.485 elapsed=78.118s written=0
  crossing 0/250
  stopped velocity row 90 IC 133 x0=0.778602 velocity_parameter=0.485 status=collision: trajectory reached the configured collision radius
velocity row 90/120 IC 143/599 x0=0.77932 velocity_parameter=0.485 elapsed=78.4599s written=0
  crossing 0/250
  stopped velocity row 90 IC 143 x0=0.77932 velocity_parameter=0.485 status=collision: trajectory reached the configured collision radius
velocity row 90/120 IC 151/599 x0=0.779894 velocity_parameter=0.485 elapsed=78.7674s written=0
  crossing 0/250
  stopped velocity row 90 IC 151 x0=0.779894 velocity_parameter=0.485 status=collision: trajectory reached the configured collision radius
velocity row 91/120 IC 133/599 x0=0.778602 velocity_parameter=0.501167 elapsed=78.8029s written=0
  crossing 0/250
  stopped velocity row 91 IC 133 x0=0.778602 velocity_parameter=0.501167 status=collision: trajectory reached the configured collision radius
velocity row 91/120 IC 143/599 x0=0.77932 velocity_parameter=0.501167 elapsed=79.1616s written=0
  crossing 0/250
  stopped velocity row 91 IC 143 x0=0.77932 velocity_parameter=0.501167 status=collision: trajectory reached the configured collision radius
velocity row 91/120 IC 151/599 x0=0.779894 velocity_parameter=0.501167 elapsed=79.4546s written=0
  crossing 0/250
  stopped velocity row 91 IC 151 x0=0.779894 velocity_parameter=0.501167 status=collision: trajectory reached the configured collision radius
velocity row 92/120 IC 133/599 x0=0.778602 velocity_parameter=0.517333 elapsed=79.4887s written=0
  crossing 0/250
  stopped velocity row 92 IC 133 x0=0.778602 velocity_parameter=0.517333 status=collision: trajectory reached the configured collision radius
velocity row 92/120 IC 143/599 x0=0.77932 velocity_parameter=0.517333 elapsed=79.8277s written=0
  crossing 0/250
  stopped velocity row 92 IC 143 x0=0.77932 velocity_parameter=0.517333 status=collision: trajectory reached the configured collision radius
velocity row 92/120 IC 151/599 x0=0.779894 velocity_parameter=0.517333 elapsed=80.1404s written=0
  crossing 0/250
  stopped velocity row 92 IC 151 x0=0.779894 velocity_parameter=0.517333 status=collision: trajectory reached the configured collision radius
velocity row 93/120 IC 133/599 x0=0.778602 velocity_parameter=0.5335 elapsed=80.1738s written=0
  crossing 0/250
  stopped velocity row 93 IC 133 x0=0.778602 velocity_parameter=0.5335 status=collision: trajectory reached the configured collision radius
velocity row 93/120 IC 143/599 x0=0.77932 velocity_parameter=0.5335 elapsed=80.5387s written=0
  crossing 0/250
  stopped velocity row 93 IC 143 x0=0.77932 velocity_parameter=0.5335 status=collision: trajectory reached the configured collision radius
velocity row 93/120 IC 151/599 x0=0.779894 velocity_parameter=0.5335 elapsed=80.81s written=0
  crossing 0/250
  stopped velocity row 93 IC 151 x0=0.779894 velocity_parameter=0.5335 status=collision: trajectory reached the configured collision radius
velocity row 94/120 IC 133/599 x0=0.778602 velocity_parameter=0.549667 elapsed=80.8445s written=0
  crossing 0/250
  stopped velocity row 94 IC 133 x0=0.778602 velocity_parameter=0.549667 status=collision: trajectory reached the configured collision radius
velocity row 94/120 IC 143/599 x0=0.77932 velocity_parameter=0.549667 elapsed=81.1918s written=0
  crossing 0/250
  stopped velocity row 94 IC 143 x0=0.77932 velocity_parameter=0.549667 status=collision: trajectory reached the configured collision radius
velocity row 94/120 IC 151/599 x0=0.779894 velocity_parameter=0.549667 elapsed=81.4695s written=0
  crossing 0/250
  stopped velocity row 94 IC 151 x0=0.779894 velocity_parameter=0.549667 status=collision: trajectory reached the configured collision radius
velocity row 95/120 IC 133/599 x0=0.778602 velocity_parameter=0.565833 elapsed=81.5039s written=0
  crossing 0/250
  stopped velocity row 95 IC 133 x0=0.778602 velocity_parameter=0.565833 status=collision: trajectory reached the configured collision radius
velocity row 95/120 IC 143/599 x0=0.77932 velocity_parameter=0.565833 elapsed=81.8488s written=0
  crossing 0/250
  stopped velocity row 95 IC 143 x0=0.77932 velocity_parameter=0.565833 status=collision: trajectory reached the configured collision radius
velocity row 95/120 IC 151/599 x0=0.779894 velocity_parameter=0.565833 elapsed=82.1244s written=0
  crossing 0/250
  stopped velocity row 95 IC 151 x0=0.779894 velocity_parameter=0.565833 status=collision: trajectory reached the configured collision radius
velocity row 96/120 IC 133/599 x0=0.778602 velocity_parameter=0.582 elapsed=82.1623s written=0
  crossing 0/250
  stopped velocity row 96 IC 133 x0=0.778602 velocity_parameter=0.582 status=collision: trajectory reached the configured collision radius
velocity row 96/120 IC 143/599 x0=0.77932 velocity_parameter=0.582 elapsed=82.5088s written=0
  crossing 0/250
  stopped velocity row 96 IC 143 x0=0.77932 velocity_parameter=0.582 status=collision: trajectory reached the configured collision radius
velocity row 96/120 IC 151/599 x0=0.779894 velocity_parameter=0.582 elapsed=82.8038s written=0
  crossing 0/250
  stopped velocity row 96 IC 151 x0=0.779894 velocity_parameter=0.582 status=collision: trajectory reached the configured collision radius
velocity row 97/120 IC 133/599 x0=0.778602 velocity_parameter=0.598167 elapsed=82.8382s written=0
  crossing 0/250
  stopped velocity row 97 IC 133 x0=0.778602 velocity_parameter=0.598167 status=collision: trajectory reached the configured collision radius
velocity row 97/120 IC 143/599 x0=0.77932 velocity_parameter=0.598167 elapsed=83.185s written=0
  crossing 0/250
  stopped velocity row 97 IC 143 x0=0.77932 velocity_parameter=0.598167 status=collision: trajectory reached the configured collision radius
velocity row 97/120 IC 151/599 x0=0.779894 velocity_parameter=0.598167 elapsed=83.4813s written=0
  crossing 0/250
  stopped velocity row 97 IC 151 x0=0.779894 velocity_parameter=0.598167 status=collision: trajectory reached the configured collision radius
velocity row 98/120 IC 133/599 x0=0.778602 velocity_parameter=0.614333 elapsed=83.5185s written=0
  crossing 0/250
  stopped velocity row 98 IC 133 x0=0.778602 velocity_parameter=0.614333 status=collision: trajectory reached the configured collision radius
velocity row 98/120 IC 143/599 x0=0.77932 velocity_parameter=0.614333 elapsed=83.8593s written=0
  crossing 0/250
  stopped velocity row 98 IC 143 x0=0.77932 velocity_parameter=0.614333 status=collision: trajectory reached the configured collision radius
velocity row 98/120 IC 151/599 x0=0.779894 velocity_parameter=0.614333 elapsed=84.1343s written=0
  crossing 0/250
  stopped velocity row 98 IC 151 x0=0.779894 velocity_parameter=0.614333 status=collision: trajectory reached the configured collision radius
velocity row 99/120 IC 133/599 x0=0.778602 velocity_parameter=0.6305 elapsed=84.1683s written=0
  crossing 0/250
  stopped velocity row 99 IC 133 x0=0.778602 velocity_parameter=0.6305 status=collision: trajectory reached the configured collision radius
velocity row 99/120 IC 143/599 x0=0.77932 velocity_parameter=0.6305 elapsed=84.506s written=0
  crossing 0/250
  stopped velocity row 99 IC 143 x0=0.77932 velocity_parameter=0.6305 status=collision: trajectory reached the configured collision radius
velocity row 99/120 IC 151/599 x0=0.779894 velocity_parameter=0.6305 elapsed=84.7754s written=0
  crossing 0/250
  stopped velocity row 99 IC 151 x0=0.779894 velocity_parameter=0.6305 status=collision: trajectory reached the configured collision radius
velocity row 100/120 IC 133/599 x0=0.778602 velocity_parameter=0.646667 elapsed=84.8096s written=0
  crossing 0/250
  stopped velocity row 100 IC 133 x0=0.778602 velocity_parameter=0.646667 status=collision: trajectory reached the configured collision radius
velocity row 100/120 IC 143/599 x0=0.77932 velocity_parameter=0.646667 elapsed=85.1498s written=0
  crossing 0/250
  stopped velocity row 100 IC 143 x0=0.77932 velocity_parameter=0.646667 status=collision: trajectory reached the configured collision radius
velocity row 100/120 IC 151/599 x0=0.779894 velocity_parameter=0.646667 elapsed=85.4285s written=0
  crossing 0/250
  stopped velocity row 100 IC 151 x0=0.779894 velocity_parameter=0.646667 status=collision: trajectory reached the configured collision radius
velocity row 101/120 IC 133/599 x0=0.778602 velocity_parameter=0.662833 elapsed=85.4643s written=0
  crossing 0/250
  stopped velocity row 101 IC 133 x0=0.778602 velocity_parameter=0.662833 status=collision: trajectory reached the configured collision radius
velocity row 101/120 IC 143/599 x0=0.77932 velocity_parameter=0.662833 elapsed=85.8117s written=0
  crossing 0/250
  stopped velocity row 101 IC 143 x0=0.77932 velocity_parameter=0.662833 status=collision: trajectory reached the configured collision radius
velocity row 101/120 IC 151/599 x0=0.779894 velocity_parameter=0.662833 elapsed=86.0787s written=0
  crossing 0/250
  stopped velocity row 101 IC 151 x0=0.779894 velocity_parameter=0.662833 status=collision: trajectory reached the configured collision radius
velocity row 102/120 IC 133/599 x0=0.778602 velocity_parameter=0.679 elapsed=86.1124s written=0
  crossing 0/250
  stopped velocity row 102 IC 133 x0=0.778602 velocity_parameter=0.679 status=collision: trajectory reached the configured collision radius
velocity row 102/120 IC 143/599 x0=0.77932 velocity_parameter=0.679 elapsed=86.4572s written=0
  crossing 0/250
  stopped velocity row 102 IC 143 x0=0.77932 velocity_parameter=0.679 status=collision: trajectory reached the configured collision radius
velocity row 102/120 IC 151/599 x0=0.779894 velocity_parameter=0.679 elapsed=86.7538s written=0
  crossing 0/250
  stopped velocity row 102 IC 151 x0=0.779894 velocity_parameter=0.679 status=collision: trajectory reached the configured collision radius
velocity row 103/120 IC 133/599 x0=0.778602 velocity_parameter=0.695167 elapsed=86.7884s written=0
  crossing 0/250
  stopped velocity row 103 IC 133 x0=0.778602 velocity_parameter=0.695167 status=collision: trajectory reached the configured collision radius
velocity row 103/120 IC 143/599 x0=0.77932 velocity_parameter=0.695167 elapsed=87.1324s written=0
  crossing 0/250
  stopped velocity row 103 IC 143 x0=0.77932 velocity_parameter=0.695167 status=collision: trajectory reached the configured collision radius
velocity row 103/120 IC 151/599 x0=0.779894 velocity_parameter=0.695167 elapsed=87.4266s written=0
  crossing 0/250
  stopped velocity row 103 IC 151 x0=0.779894 velocity_parameter=0.695167 status=collision: trajectory reached the configured collision radius
velocity row 104/120 IC 133/599 x0=0.778602 velocity_parameter=0.711333 elapsed=87.4609s written=0
  crossing 0/250
  stopped velocity row 104 IC 133 x0=0.778602 velocity_parameter=0.711333 status=collision: trajectory reached the configured collision radius
velocity row 104/120 IC 143/599 x0=0.77932 velocity_parameter=0.711333 elapsed=87.7971s written=0
  crossing 0/250
  stopped velocity row 104 IC 143 x0=0.77932 velocity_parameter=0.711333 status=collision: trajectory reached the configured collision radius
velocity row 104/120 IC 151/599 x0=0.779894 velocity_parameter=0.711333 elapsed=88.0772s written=7
  crossing 0/250
  stopped velocity row 104 IC 151 x0=0.779894 velocity_parameter=0.711333 status=collision: trajectory reached the configured collision radius
velocity row 105/120 IC 133/599 x0=0.778602 velocity_parameter=0.7275 elapsed=88.1114s written=8
  crossing 0/250
  stopped velocity row 105 IC 133 x0=0.778602 velocity_parameter=0.7275 status=collision: trajectory reached the configured collision radius
velocity row 105/120 IC 143/599 x0=0.77932 velocity_parameter=0.7275 elapsed=88.4533s written=17
  crossing 0/250
  stopped velocity row 105 IC 143 x0=0.77932 velocity_parameter=0.7275 status=collision: trajectory reached the configured collision radius
velocity row 105/120 IC 151/599 x0=0.779894 velocity_parameter=0.7275 elapsed=88.7295s written=25
  crossing 0/250
  stopped velocity row 105 IC 151 x0=0.779894 velocity_parameter=0.7275 status=collision: trajectory reached the configured collision radius
velocity row 106/120 IC 133/599 x0=0.778602 velocity_parameter=0.743667 elapsed=88.7647s written=26
  crossing 0/250
  stopped velocity row 106 IC 133 x0=0.778602 velocity_parameter=0.743667 status=collision: trajectory reached the configured collision radius
velocity row 106/120 IC 143/599 x0=0.77932 velocity_parameter=0.743667 elapsed=89.1046s written=36
  crossing 0/250
  stopped velocity row 106 IC 143 x0=0.77932 velocity_parameter=0.743667 status=collision: trajectory reached the configured collision radius
velocity row 106/120 IC 151/599 x0=0.779894 velocity_parameter=0.743667 elapsed=89.2719s written=40
  crossing 0/250
  stopped velocity row 106 IC 151 x0=0.779894 velocity_parameter=0.743667 status=outer_limit: trajectory reached the configured outer_limit radius
velocity row 107/120 IC 133/599 x0=0.778602 velocity_parameter=0.759833 elapsed=89.2787s written=40
  crossing 0/250
  stopped velocity row 107 IC 133 x0=0.778602 velocity_parameter=0.759833 status=collision: trajectory reached the configured collision radius
velocity row 107/120 IC 143/599 x0=0.77932 velocity_parameter=0.759833 elapsed=89.5218s written=47
  crossing 0/250
  stopped velocity row 107 IC 143 x0=0.77932 velocity_parameter=0.759833 status=outer_limit: trajectory reached the configured outer_limit radius
velocity row 107/120 IC 151/599 x0=0.779894 velocity_parameter=0.759833 elapsed=89.5713s written=47
  crossing 0/250
  stopped velocity row 107 IC 151 x0=0.779894 velocity_parameter=0.759833 status=outer_limit: trajectory reached the configured outer_limit radius
velocity row 108/120 IC 133/599 x0=0.778602 velocity_parameter=0.776 elapsed=89.5773s written=47
  crossing 0/250
  stopped velocity row 108 IC 133 x0=0.778602 velocity_parameter=0.776 status=outer_limit: trajectory reached the configured outer_limit radius
velocity row 108/120 IC 143/599 x0=0.77932 velocity_parameter=0.776 elapsed=89.6411s written=47
  crossing 0/250
  stopped velocity row 108 IC 143 x0=0.77932 velocity_parameter=0.776 status=outer_limit: trajectory reached the configured outer_limit radius
velocity row 108/120 IC 151/599 x0=0.779894 velocity_parameter=0.776 elapsed=89.6882s written=47
  crossing 0/250
  stopped velocity row 108 IC 151 x0=0.779894 velocity_parameter=0.776 status=outer_limit: trajectory reached the configured outer_limit radius
velocity row 109/120 IC 133/599 x0=0.778602 velocity_parameter=0.792167 elapsed=89.6937s written=47
  crossing 0/250
  stopped velocity row 109 IC 133 x0=0.778602 velocity_parameter=0.792167 status=outer_limit: trajectory reached the configured outer_limit radius
velocity row 109/120 IC 143/599 x0=0.77932 velocity_parameter=0.792167 elapsed=89.7522s written=47
  crossing 0/250
  stopped velocity row 109 IC 143 x0=0.77932 velocity_parameter=0.792167 status=outer_limit: trajectory reached the configured outer_limit radius
velocity row 109/120 IC 151/599 x0=0.779894 velocity_parameter=0.792167 elapsed=89.7962s written=47
  crossing 0/250
  stopped velocity row 109 IC 151 x0=0.779894 velocity_parameter=0.792167 status=outer_limit: trajectory reached the configured outer_limit radius
velocity row 110/120 IC 133/599 x0=0.778602 velocity_parameter=0.808333 elapsed=89.8016s written=47
  crossing 0/250
  stopped velocity row 110 IC 133 x0=0.778602 velocity_parameter=0.808333 status=outer_limit: trajectory reached the configured outer_limit radius
velocity row 110/120 IC 143/599 x0=0.77932 velocity_parameter=0.808333 elapsed=89.8576s written=47
  crossing 0/250
  stopped velocity row 110 IC 143 x0=0.77932 velocity_parameter=0.808333 status=outer_limit: trajectory reached the configured outer_limit radius
velocity row 110/120 IC 151/599 x0=0.779894 velocity_parameter=0.808333 elapsed=89.902s written=47
  crossing 0/250
  stopped velocity row 110 IC 151 x0=0.779894 velocity_parameter=0.808333 status=outer_limit: trajectory reached the configured outer_limit radius
velocity row 111/120 IC 133/599 x0=0.778602 velocity_parameter=0.8245 elapsed=89.9077s written=47
  crossing 0/250
  stopped velocity row 111 IC 133 x0=0.778602 velocity_parameter=0.8245 status=outer_limit: trajectory reached the configured outer_limit radius
velocity row 111/120 IC 143/599 x0=0.77932 velocity_parameter=0.8245 elapsed=89.9609s written=47
  crossing 0/250
  stopped velocity row 111 IC 143 x0=0.77932 velocity_parameter=0.8245 status=outer_limit: trajectory reached the configured outer_limit radius
velocity row 111/120 IC 151/599 x0=0.779894 velocity_parameter=0.8245 elapsed=90.0013s written=47
  crossing 0/250
  stopped velocity row 111 IC 151 x0=0.779894 velocity_parameter=0.8245 status=outer_limit: trajectory reached the configured outer_limit radius
velocity row 112/120 IC 133/599 x0=0.778602 velocity_parameter=0.840667 elapsed=90.007s written=47
  crossing 0/250
  stopped velocity row 112 IC 133 x0=0.778602 velocity_parameter=0.840667 status=outer_limit: trajectory reached the configured outer_limit radius
velocity row 112/120 IC 143/599 x0=0.77932 velocity_parameter=0.840667 elapsed=90.0622s written=47
  crossing 0/250
  stopped velocity row 112 IC 143 x0=0.77932 velocity_parameter=0.840667 status=outer_limit: trajectory reached the configured outer_limit radius
velocity row 112/120 IC 151/599 x0=0.779894 velocity_parameter=0.840667 elapsed=90.1037s written=47
  crossing 0/250
  stopped velocity row 112 IC 151 x0=0.779894 velocity_parameter=0.840667 status=outer_limit: trajectory reached the configured outer_limit radius
velocity row 113/120 IC 133/599 x0=0.778602 velocity_parameter=0.856833 elapsed=90.1093s written=47
  crossing 0/250
  stopped velocity row 113 IC 133 x0=0.778602 velocity_parameter=0.856833 status=outer_limit: trajectory reached the configured outer_limit radius
velocity row 113/120 IC 143/599 x0=0.77932 velocity_parameter=0.856833 elapsed=90.161s written=47
  crossing 0/250
  stopped velocity row 113 IC 143 x0=0.77932 velocity_parameter=0.856833 status=outer_limit: trajectory reached the configured outer_limit radius
velocity row 113/120 IC 151/599 x0=0.779894 velocity_parameter=0.856833 elapsed=90.2015s written=47
  crossing 0/250
  stopped velocity row 113 IC 151 x0=0.779894 velocity_parameter=0.856833 status=outer_limit: trajectory reached the configured outer_limit radius
velocity row 114/120 IC 133/599 x0=0.778602 velocity_parameter=0.873 elapsed=90.2063s written=47
  crossing 0/250
  stopped velocity row 114 IC 133 x0=0.778602 velocity_parameter=0.873 status=outer_limit: trajectory reached the configured outer_limit radius
velocity row 114/120 IC 143/599 x0=0.77932 velocity_parameter=0.873 elapsed=90.2584s written=47
  crossing 0/250
  stopped velocity row 114 IC 143 x0=0.77932 velocity_parameter=0.873 status=outer_limit: trajectory reached the configured outer_limit radius
velocity row 114/120 IC 151/599 x0=0.779894 velocity_parameter=0.873 elapsed=90.3009s written=47
  crossing 0/250
  stopped velocity row 114 IC 151 x0=0.779894 velocity_parameter=0.873 status=outer_limit: trajectory reached the configured outer_limit radius
velocity row 115/120 IC 133/599 x0=0.778602 velocity_parameter=0.889167 elapsed=90.3058s written=47
  crossing 0/250
  stopped velocity row 115 IC 133 x0=0.778602 velocity_parameter=0.889167 status=outer_limit: trajectory reached the configured outer_limit radius
velocity row 115/120 IC 143/599 x0=0.77932 velocity_parameter=0.889167 elapsed=90.3583s written=47
  crossing 0/250
  stopped velocity row 115 IC 143 x0=0.77932 velocity_parameter=0.889167 status=outer_limit: trajectory reached the configured outer_limit radius
velocity row 115/120 IC 151/599 x0=0.779894 velocity_parameter=0.889167 elapsed=90.3977s written=47
  crossing 0/250
  stopped velocity row 115 IC 151 x0=0.779894 velocity_parameter=0.889167 status=outer_limit: trajectory reached the configured outer_limit radius
velocity row 116/120 IC 133/599 x0=0.778602 velocity_parameter=0.905333 elapsed=90.4023s written=47
  crossing 0/250
  stopped velocity row 116 IC 133 x0=0.778602 velocity_parameter=0.905333 status=outer_limit: trajectory reached the configured outer_limit radius
velocity row 116/120 IC 143/599 x0=0.77932 velocity_parameter=0.905333 elapsed=90.4514s written=47
  crossing 0/250
  stopped velocity row 116 IC 143 x0=0.77932 velocity_parameter=0.905333 status=outer_limit: trajectory reached the configured outer_limit radius
velocity row 116/120 IC 151/599 x0=0.779894 velocity_parameter=0.905333 elapsed=90.4897s written=47
  crossing 0/250
  stopped velocity row 116 IC 151 x0=0.779894 velocity_parameter=0.905333 status=outer_limit: trajectory reached the configured outer_limit radius
velocity row 117/120 IC 133/599 x0=0.778602 velocity_parameter=0.9215 elapsed=90.4951s written=47
  crossing 0/250
  stopped velocity row 117 IC 133 x0=0.778602 velocity_parameter=0.9215 status=outer_limit: trajectory reached the configured outer_limit radius
velocity row 117/120 IC 143/599 x0=0.77932 velocity_parameter=0.9215 elapsed=90.5487s written=47
  crossing 0/250
  stopped velocity row 117 IC 143 x0=0.77932 velocity_parameter=0.9215 status=outer_limit: trajectory reached the configured outer_limit radius
velocity row 117/120 IC 151/599 x0=0.779894 velocity_parameter=0.9215 elapsed=90.5895s written=47
  crossing 0/250
  stopped velocity row 117 IC 151 x0=0.779894 velocity_parameter=0.9215 status=outer_limit: trajectory reached the configured outer_limit radius
velocity row 118/120 IC 133/599 x0=0.778602 velocity_parameter=0.937667 elapsed=90.5942s written=47
  crossing 0/250
  stopped velocity row 118 IC 133 x0=0.778602 velocity_parameter=0.937667 status=outer_limit: trajectory reached the configured outer_limit radius
velocity row 118/120 IC 143/599 x0=0.77932 velocity_parameter=0.937667 elapsed=90.6482s written=47
  crossing 0/250
  stopped velocity row 118 IC 143 x0=0.77932 velocity_parameter=0.937667 status=outer_limit: trajectory reached the configured outer_limit radius
velocity row 118/120 IC 151/599 x0=0.779894 velocity_parameter=0.937667 elapsed=90.6914s written=47
  crossing 0/250
  stopped velocity row 118 IC 151 x0=0.779894 velocity_parameter=0.937667 status=outer_limit: trajectory reached the configured outer_limit radius
velocity row 119/120 IC 133/599 x0=0.778602 velocity_parameter=0.953833 elapsed=90.697s written=47
  crossing 0/250
  stopped velocity row 119 IC 133 x0=0.778602 velocity_parameter=0.953833 status=outer_limit: trajectory reached the configured outer_limit radius
velocity row 119/120 IC 143/599 x0=0.77932 velocity_parameter=0.953833 elapsed=90.753s written=47
  crossing 0/250
  stopped velocity row 119 IC 143 x0=0.77932 velocity_parameter=0.953833 status=outer_limit: trajectory reached the configured outer_limit radius
velocity row 119/120 IC 151/599 x0=0.779894 velocity_parameter=0.953833 elapsed=90.7938s written=47
  crossing 0/250
  stopped velocity row 119 IC 151 x0=0.779894 velocity_parameter=0.953833 status=outer_limit: trajectory reached the configured outer_limit radius
velocity row 120/120 IC 133/599 x0=0.778602 velocity_parameter=0.97 elapsed=90.7993s written=47
  crossing 0/250
  stopped velocity row 120 IC 133 x0=0.778602 velocity_parameter=0.97 status=collision: trajectory reached the configured collision radius
velocity row 120/120 IC 143/599 x0=0.77932 velocity_parameter=0.97 elapsed=91.0357s written=55
  crossing 0/250
  stopped velocity row 120 IC 143 x0=0.77932 velocity_parameter=0.97 status=outer_limit: trajectory reached the configured outer_limit radius
velocity row 120/120 IC 151/599 x0=0.779894 velocity_parameter=0.97 elapsed=91.0836s written=55
  crossing 0/250
  stopped velocity row 120 IC 151 x0=0.779894 velocity_parameter=0.97 status=outer_limit: trajectory reached the configured outer_limit radius
svg -> /mnt/c/Users/payne/Code/Hill_4BP/professional_neck_studies/e1_dense_001/survey/level_002_delta_1e_minus_4/open/shard_0007/preview.svg
metadata -> /mnt/c/Users/payne/Code/Hill_4BP/professional_neck_studies/e1_dense_001/survey/level_002_delta_1e_minus_4/open/shard_0007/metadata.txt
wrote 55 points (0 ICs skipped, 2299 orbits stopped early, elapsed=91.0915s) -> /mnt/c/Users/payne/Code/Hill_4BP/professional_neck_studies/e1_dense_001/survey/level_002_delta_1e_minus_4/open/shard_0007/points.csv
outcomes: collision=2040 completed=0 forbidden=0 inner_radius_limit=0 invalid_initial_radius=0 invalid_velocity=0 nontransverse=0 numerical_failure=0 outer_limit=259 timeout=0
maximum sampled |H-h|=9.53445e-16
