zero-velocity boundary -> /mnt/c/Users/payne/Code/Hill_4BP/professional_neck_studies/e1_dense_001/survey/level_005_delta_1e_minus_7/closed/shard_0030/zero_velocity_boundary.csv
lambda1=0.0272549 lambda2=2.97275 A=-0.986373 B=0.486373 c=0.0976566 c1=0 c2=0 c3=-0.0976566 h=-2.39154 (C=4.78307)
E1/E2 neck h=-2.39154 (C=4.78307), E3/E4 neck h=-0.454039 (C=0.908078)
energy_mode=neck_delta neck=E1 hcrit=-2.39154 delta=1e-07 side=closed actual_neck_side=closed delta_h=-1e-07
x_count=600 xdot_count=121 iterates=250 index range=[564,581] velocity_mode=fraction x_range=[0.789875,0.791235] max_return_time=100
smooth coordinates R=sqrt(rho), CAPD crossing mode=Both solver_order=28 max_step=0.005 abs_tol=1e-15 rel_tol=1e-13 collision_radius=1e-06 outer_radius=5
velocity row 0/120 IC 564/599 x0=0.791155 velocity_parameter=-0.97 elapsed=1.28e-07s written=0
  crossing 0/250
  stopped velocity row 0 IC 564 x0=0.791155 velocity_parameter=-0.97 status=outer_limit: trajectory reached the configured outer_limit radius
  stopped velocity row 0 IC 565 x0=0.791157 velocity_parameter=-0.97 status=outer_limit: trajectory reached the configured outer_limit radius
  stopped velocity row 0 IC 566 x0=0.79116 velocity_parameter=-0.97 status=outer_limit: trajectory reached the configured outer_limit radius
  stopped velocity row 0 IC 567 x0=0.791162 velocity_parameter=-0.97 status=outer_limit: trajectory reached the configured outer_limit radius
  stopped velocity row 0 IC 568 x0=0.791164 velocity_parameter=-0.97 status=outer_limit: trajectory reached the configured outer_limit radius
  stopped velocity row 0 IC 569 x0=0.791167 velocity_parameter=-0.97 status=outer_limit: trajectory reached the configured outer_limit radius
  stopped velocity row 0 IC 570 x0=0.791169 velocity_parameter=-0.97 status=outer_limit: trajectory reached the configured outer_limit radius
  stopped velocity row 0 IC 571 x0=0.791171 velocity_parameter=-0.97 status=outer_limit: trajectory reached the configured outer_limit radius
  stopped velocity row 0 IC 572 x0=0.791173 velocity_parameter=-0.97 status=outer_limit: trajectory reached the configured outer_limit radius
  stopped velocity row 0 IC 573 x0=0.791176 velocity_parameter=-0.97 status=outer_limit: trajectory reached the configured outer_limit radius
velocity row 0/120 IC 574/599 x0=0.791178 velocity_parameter=-0.97 elapsed=0.143585s written=0
  crossing 0/250
  stopped velocity row 0 IC 574 x0=0.791178 velocity_parameter=-0.97 status=outer_limit: trajectory reached the configured outer_limit radius
velocity row 0/120 IC 581/599 x0=0.791194 velocity_parameter=-0.97 elapsed=0.236591s written=0
  crossing 0/250
  stopped velocity row 0 IC 581 x0=0.791194 velocity_parameter=-0.97 status=outer_limit: trajectory reached the configured outer_limit radius
velocity row 1/120 IC 564/599 x0=0.791155 velocity_parameter=-0.953833 elapsed=0.250804s written=0
  crossing 0/250
  stopped velocity row 1 IC 564 x0=0.791155 velocity_parameter=-0.953833 status=outer_limit: trajectory reached the configured outer_limit radius
velocity row 1/120 IC 574/599 x0=0.791178 velocity_parameter=-0.953833 elapsed=0.381021s written=0
  crossing 0/250
  stopped velocity row 1 IC 574 x0=0.791178 velocity_parameter=-0.953833 status=outer_limit: trajectory reached the configured outer_limit radius
velocity row 1/120 IC 581/599 x0=0.791194 velocity_parameter=-0.953833 elapsed=0.501254s written=0
  crossing 0/250
  stopped velocity row 1 IC 581 x0=0.791194 velocity_parameter=-0.953833 status=outer_limit: trajectory reached the configured outer_limit radius
velocity row 2/120 IC 564/599 x0=0.791155 velocity_parameter=-0.937667 elapsed=0.516944s written=0
  crossing 0/250
  stopped velocity row 2 IC 564 x0=0.791155 velocity_parameter=-0.937667 status=outer_limit: trajectory reached the configured outer_limit radius
velocity row 2/120 IC 574/599 x0=0.791178 velocity_parameter=-0.937667 elapsed=0.656483s written=0
  crossing 0/250
  stopped velocity row 2 IC 574 x0=0.791178 velocity_parameter=-0.937667 status=outer_limit: trajectory reached the configured outer_limit radius
velocity row 2/120 IC 581/599 x0=0.791194 velocity_parameter=-0.937667 elapsed=0.758889s written=0
  crossing 0/250
  stopped velocity row 2 IC 581 x0=0.791194 velocity_parameter=-0.937667 status=outer_limit: trajectory reached the configured outer_limit radius
velocity row 3/120 IC 564/599 x0=0.791155 velocity_parameter=-0.9215 elapsed=0.778911s written=0
  crossing 0/250
  stopped velocity row 3 IC 564 x0=0.791155 velocity_parameter=-0.9215 status=outer_limit: trajectory reached the configured outer_limit radius
velocity row 3/120 IC 574/599 x0=0.791178 velocity_parameter=-0.9215 elapsed=0.916909s written=0
  crossing 0/250
  stopped velocity row 3 IC 574 x0=0.791178 velocity_parameter=-0.9215 status=outer_limit: trajectory reached the configured outer_limit radius
velocity row 3/120 IC 581/599 x0=0.791194 velocity_parameter=-0.9215 elapsed=1.02431s written=0
  crossing 0/250
  stopped velocity row 3 IC 581 x0=0.791194 velocity_parameter=-0.9215 status=outer_limit: trajectory reached the configured outer_limit radius
velocity row 4/120 IC 564/599 x0=0.791155 velocity_parameter=-0.905333 elapsed=1.03869s written=0
  crossing 0/250
  stopped velocity row 4 IC 564 x0=0.791155 velocity_parameter=-0.905333 status=outer_limit: trajectory reached the configured outer_limit radius
velocity row 4/120 IC 574/599 x0=0.791178 velocity_parameter=-0.905333 elapsed=1.184s written=0
  crossing 0/250
  stopped velocity row 4 IC 574 x0=0.791178 velocity_parameter=-0.905333 status=outer_limit: trajectory reached the configured outer_limit radius
velocity row 4/120 IC 581/599 x0=0.791194 velocity_parameter=-0.905333 elapsed=1.28058s written=0
  crossing 0/250
  stopped velocity row 4 IC 581 x0=0.791194 velocity_parameter=-0.905333 status=outer_limit: trajectory reached the configured outer_limit radius
velocity row 5/120 IC 564/599 x0=0.791155 velocity_parameter=-0.889167 elapsed=1.2928s written=0
  crossing 0/250
  stopped velocity row 5 IC 564 x0=0.791155 velocity_parameter=-0.889167 status=outer_limit: trajectory reached the configured outer_limit radius
velocity row 5/120 IC 574/599 x0=0.791178 velocity_parameter=-0.889167 elapsed=1.4378s written=0
  crossing 0/250
  stopped velocity row 5 IC 574 x0=0.791178 velocity_parameter=-0.889167 status=outer_limit: trajectory reached the configured outer_limit radius
velocity row 5/120 IC 581/599 x0=0.791194 velocity_parameter=-0.889167 elapsed=1.54559s written=0
  crossing 0/250
  stopped velocity row 5 IC 581 x0=0.791194 velocity_parameter=-0.889167 status=outer_limit: trajectory reached the configured outer_limit radius
velocity row 6/120 IC 564/599 x0=0.791155 velocity_parameter=-0.873 elapsed=1.55996s written=0
  crossing 0/250
  stopped velocity row 6 IC 564 x0=0.791155 velocity_parameter=-0.873 status=outer_limit: trajectory reached the configured outer_limit radius
velocity row 6/120 IC 574/599 x0=0.791178 velocity_parameter=-0.873 elapsed=1.6919s written=0
  crossing 0/250
  stopped velocity row 6 IC 574 x0=0.791178 velocity_parameter=-0.873 status=outer_limit: trajectory reached the configured outer_limit radius
velocity row 6/120 IC 581/599 x0=0.791194 velocity_parameter=-0.873 elapsed=1.78588s written=0
  crossing 0/250
  stopped velocity row 6 IC 581 x0=0.791194 velocity_parameter=-0.873 status=outer_limit: trajectory reached the configured outer_limit radius
velocity row 7/120 IC 564/599 x0=0.791155 velocity_parameter=-0.856833 elapsed=1.80033s written=0
  crossing 0/250
  stopped velocity row 7 IC 564 x0=0.791155 velocity_parameter=-0.856833 status=outer_limit: trajectory reached the configured outer_limit radius
velocity row 7/120 IC 574/599 x0=0.791178 velocity_parameter=-0.856833 elapsed=1.9342s written=0
  crossing 0/250
  stopped velocity row 7 IC 574 x0=0.791178 velocity_parameter=-0.856833 status=outer_limit: trajectory reached the configured outer_limit radius
velocity row 7/120 IC 581/599 x0=0.791194 velocity_parameter=-0.856833 elapsed=2.0483s written=0
  crossing 0/250
  stopped velocity row 7 IC 581 x0=0.791194 velocity_parameter=-0.856833 status=outer_limit: trajectory reached the configured outer_limit radius
velocity row 8/120 IC 564/599 x0=0.791155 velocity_parameter=-0.840667 elapsed=2.06426s written=0
  crossing 0/250
  stopped velocity row 8 IC 564 x0=0.791155 velocity_parameter=-0.840667 status=outer_limit: trajectory reached the configured outer_limit radius
velocity row 8/120 IC 574/599 x0=0.791178 velocity_parameter=-0.840667 elapsed=2.18946s written=0
  crossing 0/250
  stopped velocity row 8 IC 574 x0=0.791178 velocity_parameter=-0.840667 status=outer_limit: trajectory reached the configured outer_limit radius
velocity row 8/120 IC 581/599 x0=0.791194 velocity_parameter=-0.840667 elapsed=2.27606s written=0
  crossing 0/250
  stopped velocity row 8 IC 581 x0=0.791194 velocity_parameter=-0.840667 status=outer_limit: trajectory reached the configured outer_limit radius
velocity row 9/120 IC 564/599 x0=0.791155 velocity_parameter=-0.8245 elapsed=2.28768s written=0
  crossing 0/250
  stopped velocity row 9 IC 564 x0=0.791155 velocity_parameter=-0.8245 status=outer_limit: trajectory reached the configured outer_limit radius
velocity row 9/120 IC 574/599 x0=0.791178 velocity_parameter=-0.8245 elapsed=2.41397s written=0
  crossing 0/250
  stopped velocity row 9 IC 574 x0=0.791178 velocity_parameter=-0.8245 status=outer_limit: trajectory reached the configured outer_limit radius
velocity row 9/120 IC 581/599 x0=0.791194 velocity_parameter=-0.8245 elapsed=2.52312s written=0
  crossing 0/250
  stopped velocity row 9 IC 581 x0=0.791194 velocity_parameter=-0.8245 status=outer_limit: trajectory reached the configured outer_limit radius
velocity row 10/120 IC 564/599 x0=0.791155 velocity_parameter=-0.808333 elapsed=2.53641s written=0
  crossing 0/250
  stopped velocity row 10 IC 564 x0=0.791155 velocity_parameter=-0.808333 status=outer_limit: trajectory reached the configured outer_limit radius
velocity row 10/120 IC 574/599 x0=0.791178 velocity_parameter=-0.808333 elapsed=2.67326s written=0
  crossing 0/250
  stopped velocity row 10 IC 574 x0=0.791178 velocity_parameter=-0.808333 status=outer_limit: trajectory reached the configured outer_limit radius
velocity row 10/120 IC 581/599 x0=0.791194 velocity_parameter=-0.808333 elapsed=2.76079s written=0
  crossing 0/250
  stopped velocity row 10 IC 581 x0=0.791194 velocity_parameter=-0.808333 status=outer_limit: trajectory reached the configured outer_limit radius
velocity row 11/120 IC 564/599 x0=0.791155 velocity_parameter=-0.792167 elapsed=2.77511s written=0
  crossing 0/250
  stopped velocity row 11 IC 564 x0=0.791155 velocity_parameter=-0.792167 status=outer_limit: trajectory reached the configured outer_limit radius
velocity row 11/120 IC 574/599 x0=0.791178 velocity_parameter=-0.792167 elapsed=2.90092s written=0
  crossing 0/250
  stopped velocity row 11 IC 574 x0=0.791178 velocity_parameter=-0.792167 status=outer_limit: trajectory reached the configured outer_limit radius
velocity row 11/120 IC 581/599 x0=0.791194 velocity_parameter=-0.792167 elapsed=2.99344s written=0
  crossing 0/250
  stopped velocity row 11 IC 581 x0=0.791194 velocity_parameter=-0.792167 status=outer_limit: trajectory reached the configured outer_limit radius
velocity row 12/120 IC 564/599 x0=0.791155 velocity_parameter=-0.776 elapsed=3.00581s written=0
  crossing 0/250
  stopped velocity row 12 IC 564 x0=0.791155 velocity_parameter=-0.776 status=outer_limit: trajectory reached the configured outer_limit radius
velocity row 12/120 IC 574/599 x0=0.791178 velocity_parameter=-0.776 elapsed=3.13284s written=0
  crossing 0/250
  stopped velocity row 12 IC 574 x0=0.791178 velocity_parameter=-0.776 status=outer_limit: trajectory reached the configured outer_limit radius
velocity row 12/120 IC 581/599 x0=0.791194 velocity_parameter=-0.776 elapsed=3.22156s written=0
  crossing 0/250
  stopped velocity row 12 IC 581 x0=0.791194 velocity_parameter=-0.776 status=outer_limit: trajectory reached the configured outer_limit radius
velocity row 13/120 IC 564/599 x0=0.791155 velocity_parameter=-0.759833 elapsed=3.2347s written=0
  crossing 0/250
  stopped velocity row 13 IC 564 x0=0.791155 velocity_parameter=-0.759833 status=outer_limit: trajectory reached the configured outer_limit radius
velocity row 13/120 IC 574/599 x0=0.791178 velocity_parameter=-0.759833 elapsed=3.37149s written=0
  crossing 0/250
  stopped velocity row 13 IC 574 x0=0.791178 velocity_parameter=-0.759833 status=outer_limit: trajectory reached the configured outer_limit radius
velocity row 13/120 IC 581/599 x0=0.791194 velocity_parameter=-0.759833 elapsed=3.46757s written=0
  crossing 0/250
  stopped velocity row 13 IC 581 x0=0.791194 velocity_parameter=-0.759833 status=outer_limit: trajectory reached the configured outer_limit radius
velocity row 14/120 IC 564/599 x0=0.791155 velocity_parameter=-0.743667 elapsed=3.48018s written=0
  crossing 0/250
  stopped velocity row 14 IC 564 x0=0.791155 velocity_parameter=-0.743667 status=outer_limit: trajectory reached the configured outer_limit radius
velocity row 14/120 IC 574/599 x0=0.791178 velocity_parameter=-0.743667 elapsed=3.61571s written=0
  crossing 0/250
  stopped velocity row 14 IC 574 x0=0.791178 velocity_parameter=-0.743667 status=outer_limit: trajectory reached the configured outer_limit radius
velocity row 14/120 IC 581/599 x0=0.791194 velocity_parameter=-0.743667 elapsed=3.70341s written=0
  crossing 0/250
  stopped velocity row 14 IC 581 x0=0.791194 velocity_parameter=-0.743667 status=outer_limit: trajectory reached the configured outer_limit radius
velocity row 15/120 IC 564/599 x0=0.791155 velocity_parameter=-0.7275 elapsed=3.71601s written=0
  crossing 0/250
  stopped velocity row 15 IC 564 x0=0.791155 velocity_parameter=-0.7275 status=outer_limit: trajectory reached the configured outer_limit radius
velocity row 15/120 IC 574/599 x0=0.791178 velocity_parameter=-0.7275 elapsed=3.82729s written=0
  crossing 0/250
  stopped velocity row 15 IC 574 x0=0.791178 velocity_parameter=-0.7275 status=outer_limit: trajectory reached the configured outer_limit radius
velocity row 15/120 IC 581/599 x0=0.791194 velocity_parameter=-0.7275 elapsed=3.90865s written=0
  crossing 0/250
  stopped velocity row 15 IC 581 x0=0.791194 velocity_parameter=-0.7275 status=outer_limit: trajectory reached the configured outer_limit radius
velocity row 16/120 IC 564/599 x0=0.791155 velocity_parameter=-0.711333 elapsed=3.91966s written=0
  crossing 0/250
  stopped velocity row 16 IC 564 x0=0.791155 velocity_parameter=-0.711333 status=outer_limit: trajectory reached the configured outer_limit radius
velocity row 16/120 IC 574/599 x0=0.791178 velocity_parameter=-0.711333 elapsed=4.02973s written=0
  crossing 0/250
  stopped velocity row 16 IC 574 x0=0.791178 velocity_parameter=-0.711333 status=outer_limit: trajectory reached the configured outer_limit radius
velocity row 16/120 IC 581/599 x0=0.791194 velocity_parameter=-0.711333 elapsed=4.10683s written=0
  crossing 0/250
  stopped velocity row 16 IC 581 x0=0.791194 velocity_parameter=-0.711333 status=outer_limit: trajectory reached the configured outer_limit radius
velocity row 17/120 IC 564/599 x0=0.791155 velocity_parameter=-0.695167 elapsed=4.11693s written=0
  crossing 0/250
  stopped velocity row 17 IC 564 x0=0.791155 velocity_parameter=-0.695167 status=outer_limit: trajectory reached the configured outer_limit radius
velocity row 17/120 IC 574/599 x0=0.791178 velocity_parameter=-0.695167 elapsed=4.22872s written=0
  crossing 0/250
  stopped velocity row 17 IC 574 x0=0.791178 velocity_parameter=-0.695167 status=outer_limit: trajectory reached the configured outer_limit radius
velocity row 17/120 IC 581/599 x0=0.791194 velocity_parameter=-0.695167 elapsed=4.29972s written=0
  crossing 0/250
  stopped velocity row 17 IC 581 x0=0.791194 velocity_parameter=-0.695167 status=outer_limit: trajectory reached the configured outer_limit radius
velocity row 18/120 IC 564/599 x0=0.791155 velocity_parameter=-0.679 elapsed=4.31045s written=0
  crossing 0/250
  stopped velocity row 18 IC 564 x0=0.791155 velocity_parameter=-0.679 status=outer_limit: trajectory reached the configured outer_limit radius
velocity row 18/120 IC 574/599 x0=0.791178 velocity_parameter=-0.679 elapsed=4.41708s written=0
  crossing 0/250
  stopped velocity row 18 IC 574 x0=0.791178 velocity_parameter=-0.679 status=outer_limit: trajectory reached the configured outer_limit radius
velocity row 18/120 IC 581/599 x0=0.791194 velocity_parameter=-0.679 elapsed=4.49267s written=0
  crossing 0/250
  stopped velocity row 18 IC 581 x0=0.791194 velocity_parameter=-0.679 status=outer_limit: trajectory reached the configured outer_limit radius
velocity row 19/120 IC 564/599 x0=0.791155 velocity_parameter=-0.662833 elapsed=4.50415s written=0
  crossing 0/250
  stopped velocity row 19 IC 564 x0=0.791155 velocity_parameter=-0.662833 status=outer_limit: trajectory reached the configured outer_limit radius
velocity row 19/120 IC 574/599 x0=0.791178 velocity_parameter=-0.662833 elapsed=4.61624s written=0
  crossing 0/250
  stopped velocity row 19 IC 574 x0=0.791178 velocity_parameter=-0.662833 status=outer_limit: trajectory reached the configured outer_limit radius
velocity row 19/120 IC 581/599 x0=0.791194 velocity_parameter=-0.662833 elapsed=4.69141s written=0
  crossing 0/250
  stopped velocity row 19 IC 581 x0=0.791194 velocity_parameter=-0.662833 status=outer_limit: trajectory reached the configured outer_limit radius
velocity row 20/120 IC 564/599 x0=0.791155 velocity_parameter=-0.646667 elapsed=4.7051s written=0
  crossing 0/250
  stopped velocity row 20 IC 564 x0=0.791155 velocity_parameter=-0.646667 status=outer_limit: trajectory reached the configured outer_limit radius
velocity row 20/120 IC 574/599 x0=0.791178 velocity_parameter=-0.646667 elapsed=4.81226s written=0
  crossing 0/250
  stopped velocity row 20 IC 574 x0=0.791178 velocity_parameter=-0.646667 status=outer_limit: trajectory reached the configured outer_limit radius
velocity row 20/120 IC 581/599 x0=0.791194 velocity_parameter=-0.646667 elapsed=4.88643s written=0
  crossing 0/250
  stopped velocity row 20 IC 581 x0=0.791194 velocity_parameter=-0.646667 status=outer_limit: trajectory reached the configured outer_limit radius
velocity row 21/120 IC 564/599 x0=0.791155 velocity_parameter=-0.6305 elapsed=4.89607s written=0
  crossing 0/250
  stopped velocity row 21 IC 564 x0=0.791155 velocity_parameter=-0.6305 status=outer_limit: trajectory reached the configured outer_limit radius
velocity row 21/120 IC 574/599 x0=0.791178 velocity_parameter=-0.6305 elapsed=4.99851s written=0
  crossing 0/250
  stopped velocity row 21 IC 574 x0=0.791178 velocity_parameter=-0.6305 status=outer_limit: trajectory reached the configured outer_limit radius
velocity row 21/120 IC 581/599 x0=0.791194 velocity_parameter=-0.6305 elapsed=5.06968s written=0
  crossing 0/250
  stopped velocity row 21 IC 581 x0=0.791194 velocity_parameter=-0.6305 status=outer_limit: trajectory reached the configured outer_limit radius
velocity row 22/120 IC 564/599 x0=0.791155 velocity_parameter=-0.614333 elapsed=5.07967s written=0
  crossing 0/250
  stopped velocity row 22 IC 564 x0=0.791155 velocity_parameter=-0.614333 status=outer_limit: trajectory reached the configured outer_limit radius
velocity row 22/120 IC 574/599 x0=0.791178 velocity_parameter=-0.614333 elapsed=5.18063s written=0
  crossing 0/250
  stopped velocity row 22 IC 574 x0=0.791178 velocity_parameter=-0.614333 status=outer_limit: trajectory reached the configured outer_limit radius
velocity row 22/120 IC 581/599 x0=0.791194 velocity_parameter=-0.614333 elapsed=5.24957s written=0
  crossing 0/250
  stopped velocity row 22 IC 581 x0=0.791194 velocity_parameter=-0.614333 status=outer_limit: trajectory reached the configured outer_limit radius
velocity row 23/120 IC 564/599 x0=0.791155 velocity_parameter=-0.598167 elapsed=5.26076s written=0
  crossing 0/250
  stopped velocity row 23 IC 564 x0=0.791155 velocity_parameter=-0.598167 status=outer_limit: trajectory reached the configured outer_limit radius
velocity row 23/120 IC 574/599 x0=0.791178 velocity_parameter=-0.598167 elapsed=5.36767s written=0
  crossing 0/250
  stopped velocity row 23 IC 574 x0=0.791178 velocity_parameter=-0.598167 status=outer_limit: trajectory reached the configured outer_limit radius
velocity row 23/120 IC 581/599 x0=0.791194 velocity_parameter=-0.598167 elapsed=5.43895s written=0
  crossing 0/250
  stopped velocity row 23 IC 581 x0=0.791194 velocity_parameter=-0.598167 status=outer_limit: trajectory reached the configured outer_limit radius
velocity row 24/120 IC 564/599 x0=0.791155 velocity_parameter=-0.582 elapsed=5.44947s written=0
  crossing 0/250
  stopped velocity row 24 IC 564 x0=0.791155 velocity_parameter=-0.582 status=outer_limit: trajectory reached the configured outer_limit radius
velocity row 24/120 IC 574/599 x0=0.791178 velocity_parameter=-0.582 elapsed=5.55289s written=0
  crossing 0/250
  stopped velocity row 24 IC 574 x0=0.791178 velocity_parameter=-0.582 status=outer_limit: trajectory reached the configured outer_limit radius
velocity row 24/120 IC 581/599 x0=0.791194 velocity_parameter=-0.582 elapsed=5.63326s written=0
  crossing 0/250
  stopped velocity row 24 IC 581 x0=0.791194 velocity_parameter=-0.582 status=outer_limit: trajectory reached the configured outer_limit radius
velocity row 25/120 IC 564/599 x0=0.791155 velocity_parameter=-0.565833 elapsed=5.64393s written=0
  crossing 0/250
  stopped velocity row 25 IC 564 x0=0.791155 velocity_parameter=-0.565833 status=outer_limit: trajectory reached the configured outer_limit radius
velocity row 25/120 IC 574/599 x0=0.791178 velocity_parameter=-0.565833 elapsed=5.75423s written=0
  crossing 0/250
  stopped velocity row 25 IC 574 x0=0.791178 velocity_parameter=-0.565833 status=outer_limit: trajectory reached the configured outer_limit radius
velocity row 25/120 IC 581/599 x0=0.791194 velocity_parameter=-0.565833 elapsed=5.82793s written=0
  crossing 0/250
  stopped velocity row 25 IC 581 x0=0.791194 velocity_parameter=-0.565833 status=outer_limit: trajectory reached the configured outer_limit radius
velocity row 26/120 IC 564/599 x0=0.791155 velocity_parameter=-0.549667 elapsed=5.8382s written=0
  crossing 0/250
  stopped velocity row 26 IC 564 x0=0.791155 velocity_parameter=-0.549667 status=outer_limit: trajectory reached the configured outer_limit radius
velocity row 26/120 IC 574/599 x0=0.791178 velocity_parameter=-0.549667 elapsed=5.93496s written=0
  crossing 0/250
  stopped velocity row 26 IC 574 x0=0.791178 velocity_parameter=-0.549667 status=outer_limit: trajectory reached the configured outer_limit radius
velocity row 26/120 IC 581/599 x0=0.791194 velocity_parameter=-0.549667 elapsed=6.0057s written=0
  crossing 0/250
  stopped velocity row 26 IC 581 x0=0.791194 velocity_parameter=-0.549667 status=outer_limit: trajectory reached the configured outer_limit radius
velocity row 27/120 IC 564/599 x0=0.791155 velocity_parameter=-0.5335 elapsed=6.01535s written=0
  crossing 0/250
  stopped velocity row 27 IC 564 x0=0.791155 velocity_parameter=-0.5335 status=outer_limit: trajectory reached the configured outer_limit radius
velocity row 27/120 IC 574/599 x0=0.791178 velocity_parameter=-0.5335 elapsed=6.11257s written=0
  crossing 0/250
  stopped velocity row 27 IC 574 x0=0.791178 velocity_parameter=-0.5335 status=outer_limit: trajectory reached the configured outer_limit radius
velocity row 27/120 IC 581/599 x0=0.791194 velocity_parameter=-0.5335 elapsed=6.17877s written=0
  crossing 0/250
  stopped velocity row 27 IC 581 x0=0.791194 velocity_parameter=-0.5335 status=outer_limit: trajectory reached the configured outer_limit radius
velocity row 28/120 IC 564/599 x0=0.791155 velocity_parameter=-0.517333 elapsed=6.18947s written=0
  crossing 0/250
  stopped velocity row 28 IC 564 x0=0.791155 velocity_parameter=-0.517333 status=outer_limit: trajectory reached the configured outer_limit radius
velocity row 28/120 IC 574/599 x0=0.791178 velocity_parameter=-0.517333 elapsed=6.29139s written=0
  crossing 0/250
  stopped velocity row 28 IC 574 x0=0.791178 velocity_parameter=-0.517333 status=outer_limit: trajectory reached the configured outer_limit radius
velocity row 28/120 IC 581/599 x0=0.791194 velocity_parameter=-0.517333 elapsed=6.35887s written=0
  crossing 0/250
  stopped velocity row 28 IC 581 x0=0.791194 velocity_parameter=-0.517333 status=outer_limit: trajectory reached the configured outer_limit radius
velocity row 29/120 IC 564/599 x0=0.791155 velocity_parameter=-0.501167 elapsed=6.36843s written=0
  crossing 0/250
  stopped velocity row 29 IC 564 x0=0.791155 velocity_parameter=-0.501167 status=outer_limit: trajectory reached the configured outer_limit radius
velocity row 29/120 IC 574/599 x0=0.791178 velocity_parameter=-0.501167 elapsed=6.46192s written=0
  crossing 0/250
  stopped velocity row 29 IC 574 x0=0.791178 velocity_parameter=-0.501167 status=outer_limit: trajectory reached the configured outer_limit radius
velocity row 29/120 IC 581/599 x0=0.791194 velocity_parameter=-0.501167 elapsed=6.53031s written=0
  crossing 0/250
  stopped velocity row 29 IC 581 x0=0.791194 velocity_parameter=-0.501167 status=outer_limit: trajectory reached the configured outer_limit radius
velocity row 30/120 IC 564/599 x0=0.791155 velocity_parameter=-0.485 elapsed=6.54125s written=0
  crossing 0/250
  stopped velocity row 30 IC 564 x0=0.791155 velocity_parameter=-0.485 status=outer_limit: trajectory reached the configured outer_limit radius
velocity row 30/120 IC 574/599 x0=0.791178 velocity_parameter=-0.485 elapsed=6.63968s written=0
  crossing 0/250
  stopped velocity row 30 IC 574 x0=0.791178 velocity_parameter=-0.485 status=outer_limit: trajectory reached the configured outer_limit radius
velocity row 30/120 IC 581/599 x0=0.791194 velocity_parameter=-0.485 elapsed=6.70604s written=0
  crossing 0/250
  stopped velocity row 30 IC 581 x0=0.791194 velocity_parameter=-0.485 status=outer_limit: trajectory reached the configured outer_limit radius
velocity row 31/120 IC 564/599 x0=0.791155 velocity_parameter=-0.468833 elapsed=6.71565s written=0
  crossing 0/250
  stopped velocity row 31 IC 564 x0=0.791155 velocity_parameter=-0.468833 status=outer_limit: trajectory reached the configured outer_limit radius
velocity row 31/120 IC 574/599 x0=0.791178 velocity_parameter=-0.468833 elapsed=6.81177s written=0
  crossing 0/250
  stopped velocity row 31 IC 574 x0=0.791178 velocity_parameter=-0.468833 status=outer_limit: trajectory reached the configured outer_limit radius
velocity row 31/120 IC 581/599 x0=0.791194 velocity_parameter=-0.468833 elapsed=6.88901s written=0
  crossing 0/250
  stopped velocity row 31 IC 581 x0=0.791194 velocity_parameter=-0.468833 status=outer_limit: trajectory reached the configured outer_limit radius
velocity row 32/120 IC 564/599 x0=0.791155 velocity_parameter=-0.452667 elapsed=6.89943s written=0
  crossing 0/250
  stopped velocity row 32 IC 564 x0=0.791155 velocity_parameter=-0.452667 status=outer_limit: trajectory reached the configured outer_limit radius
velocity row 32/120 IC 574/599 x0=0.791178 velocity_parameter=-0.452667 elapsed=7.00319s written=0
  crossing 0/250
  stopped velocity row 32 IC 574 x0=0.791178 velocity_parameter=-0.452667 status=outer_limit: trajectory reached the configured outer_limit radius
velocity row 32/120 IC 581/599 x0=0.791194 velocity_parameter=-0.452667 elapsed=7.07544s written=0
  crossing 0/250
  stopped velocity row 32 IC 581 x0=0.791194 velocity_parameter=-0.452667 status=outer_limit: trajectory reached the configured outer_limit radius
velocity row 33/120 IC 564/599 x0=0.791155 velocity_parameter=-0.4365 elapsed=7.08537s written=0
  crossing 0/250
  stopped velocity row 33 IC 564 x0=0.791155 velocity_parameter=-0.4365 status=outer_limit: trajectory reached the configured outer_limit radius
velocity row 33/120 IC 574/599 x0=0.791178 velocity_parameter=-0.4365 elapsed=7.18496s written=0
  crossing 0/250
  stopped velocity row 33 IC 574 x0=0.791178 velocity_parameter=-0.4365 status=outer_limit: trajectory reached the configured outer_limit radius
velocity row 33/120 IC 581/599 x0=0.791194 velocity_parameter=-0.4365 elapsed=7.25454s written=0
  crossing 0/250
  stopped velocity row 33 IC 581 x0=0.791194 velocity_parameter=-0.4365 status=outer_limit: trajectory reached the configured outer_limit radius
velocity row 34/120 IC 564/599 x0=0.791155 velocity_parameter=-0.420333 elapsed=7.26438s written=0
  crossing 0/250
  stopped velocity row 34 IC 564 x0=0.791155 velocity_parameter=-0.420333 status=outer_limit: trajectory reached the configured outer_limit radius
velocity row 34/120 IC 574/599 x0=0.791178 velocity_parameter=-0.420333 elapsed=7.36285s written=0
  crossing 0/250
  stopped velocity row 34 IC 574 x0=0.791178 velocity_parameter=-0.420333 status=outer_limit: trajectory reached the configured outer_limit radius
velocity row 34/120 IC 581/599 x0=0.791194 velocity_parameter=-0.420333 elapsed=7.42907s written=0
  crossing 0/250
  stopped velocity row 34 IC 581 x0=0.791194 velocity_parameter=-0.420333 status=outer_limit: trajectory reached the configured outer_limit radius
velocity row 35/120 IC 564/599 x0=0.791155 velocity_parameter=-0.404167 elapsed=7.43695s written=0
  crossing 0/250
  stopped velocity row 35 IC 564 x0=0.791155 velocity_parameter=-0.404167 status=outer_limit: trajectory reached the configured outer_limit radius
velocity row 35/120 IC 574/599 x0=0.791178 velocity_parameter=-0.404167 elapsed=7.53093s written=0
  crossing 0/250
  stopped velocity row 35 IC 574 x0=0.791178 velocity_parameter=-0.404167 status=outer_limit: trajectory reached the configured outer_limit radius
velocity row 35/120 IC 581/599 x0=0.791194 velocity_parameter=-0.404167 elapsed=7.59675s written=0
  crossing 0/250
  stopped velocity row 35 IC 581 x0=0.791194 velocity_parameter=-0.404167 status=outer_limit: trajectory reached the configured outer_limit radius
velocity row 36/120 IC 564/599 x0=0.791155 velocity_parameter=-0.388 elapsed=7.60679s written=0
  crossing 0/250
  stopped velocity row 36 IC 564 x0=0.791155 velocity_parameter=-0.388 status=outer_limit: trajectory reached the configured outer_limit radius
velocity row 36/120 IC 574/599 x0=0.791178 velocity_parameter=-0.388 elapsed=7.71241s written=0
  crossing 0/250
  stopped velocity row 36 IC 574 x0=0.791178 velocity_parameter=-0.388 status=outer_limit: trajectory reached the configured outer_limit radius
velocity row 36/120 IC 581/599 x0=0.791194 velocity_parameter=-0.388 elapsed=7.78205s written=0
  crossing 0/250
  stopped velocity row 36 IC 581 x0=0.791194 velocity_parameter=-0.388 status=outer_limit: trajectory reached the configured outer_limit radius
velocity row 37/120 IC 564/599 x0=0.791155 velocity_parameter=-0.371833 elapsed=7.79304s written=0
  crossing 0/250
  stopped velocity row 37 IC 564 x0=0.791155 velocity_parameter=-0.371833 status=outer_limit: trajectory reached the configured outer_limit radius
velocity row 37/120 IC 574/599 x0=0.791178 velocity_parameter=-0.371833 elapsed=7.89295s written=0
  crossing 0/250
  stopped velocity row 37 IC 574 x0=0.791178 velocity_parameter=-0.371833 status=outer_limit: trajectory reached the configured outer_limit radius
velocity row 37/120 IC 581/599 x0=0.791194 velocity_parameter=-0.371833 elapsed=7.96253s written=0
  crossing 0/250
  stopped velocity row 37 IC 581 x0=0.791194 velocity_parameter=-0.371833 status=outer_limit: trajectory reached the configured outer_limit radius
velocity row 38/120 IC 564/599 x0=0.791155 velocity_parameter=-0.355667 elapsed=7.97256s written=0
  crossing 0/250
  stopped velocity row 38 IC 564 x0=0.791155 velocity_parameter=-0.355667 status=outer_limit: trajectory reached the configured outer_limit radius
velocity row 38/120 IC 574/599 x0=0.791178 velocity_parameter=-0.355667 elapsed=8.0687s written=0
  crossing 0/250
  stopped velocity row 38 IC 574 x0=0.791178 velocity_parameter=-0.355667 status=outer_limit: trajectory reached the configured outer_limit radius
velocity row 38/120 IC 581/599 x0=0.791194 velocity_parameter=-0.355667 elapsed=8.13321s written=0
  crossing 0/250
  stopped velocity row 38 IC 581 x0=0.791194 velocity_parameter=-0.355667 status=outer_limit: trajectory reached the configured outer_limit radius
velocity row 39/120 IC 564/599 x0=0.791155 velocity_parameter=-0.3395 elapsed=8.14371s written=0
  crossing 0/250
  stopped velocity row 39 IC 564 x0=0.791155 velocity_parameter=-0.3395 status=outer_limit: trajectory reached the configured outer_limit radius
velocity row 39/120 IC 574/599 x0=0.791178 velocity_parameter=-0.3395 elapsed=8.24233s written=0
  crossing 0/250
  stopped velocity row 39 IC 574 x0=0.791178 velocity_parameter=-0.3395 status=outer_limit: trajectory reached the configured outer_limit radius
velocity row 39/120 IC 581/599 x0=0.791194 velocity_parameter=-0.3395 elapsed=8.31119s written=0
  crossing 0/250
  stopped velocity row 39 IC 581 x0=0.791194 velocity_parameter=-0.3395 status=outer_limit: trajectory reached the configured outer_limit radius
velocity row 40/120 IC 564/599 x0=0.791155 velocity_parameter=-0.323333 elapsed=8.32129s written=0
  crossing 0/250
  stopped velocity row 40 IC 564 x0=0.791155 velocity_parameter=-0.323333 status=outer_limit: trajectory reached the configured outer_limit radius
velocity row 40/120 IC 574/599 x0=0.791178 velocity_parameter=-0.323333 elapsed=8.41953s written=0
  crossing 0/250
  stopped velocity row 40 IC 574 x0=0.791178 velocity_parameter=-0.323333 status=outer_limit: trajectory reached the configured outer_limit radius
velocity row 40/120 IC 581/599 x0=0.791194 velocity_parameter=-0.323333 elapsed=8.48415s written=0
  crossing 0/250
  stopped velocity row 40 IC 581 x0=0.791194 velocity_parameter=-0.323333 status=outer_limit: trajectory reached the configured outer_limit radius
velocity row 41/120 IC 564/599 x0=0.791155 velocity_parameter=-0.307167 elapsed=8.49424s written=0
  crossing 0/250
  stopped velocity row 41 IC 564 x0=0.791155 velocity_parameter=-0.307167 status=outer_limit: trajectory reached the configured outer_limit radius
velocity row 41/120 IC 574/599 x0=0.791178 velocity_parameter=-0.307167 elapsed=8.58791s written=0
  crossing 0/250
  stopped velocity row 41 IC 574 x0=0.791178 velocity_parameter=-0.307167 status=outer_limit: trajectory reached the configured outer_limit radius
velocity row 41/120 IC 581/599 x0=0.791194 velocity_parameter=-0.307167 elapsed=8.65597s written=0
  crossing 0/250
  stopped velocity row 41 IC 581 x0=0.791194 velocity_parameter=-0.307167 status=outer_limit: trajectory reached the configured outer_limit radius
velocity row 42/120 IC 564/599 x0=0.791155 velocity_parameter=-0.291 elapsed=8.66498s written=0
  crossing 0/250
  stopped velocity row 42 IC 564 x0=0.791155 velocity_parameter=-0.291 status=outer_limit: trajectory reached the configured outer_limit radius
velocity row 42/120 IC 574/599 x0=0.791178 velocity_parameter=-0.291 elapsed=8.7621s written=0
  crossing 0/250
  stopped velocity row 42 IC 574 x0=0.791178 velocity_parameter=-0.291 status=outer_limit: trajectory reached the configured outer_limit radius
velocity row 42/120 IC 581/599 x0=0.791194 velocity_parameter=-0.291 elapsed=8.82683s written=0
  crossing 0/250
  stopped velocity row 42 IC 581 x0=0.791194 velocity_parameter=-0.291 status=outer_limit: trajectory reached the configured outer_limit radius
velocity row 43/120 IC 564/599 x0=0.791155 velocity_parameter=-0.274833 elapsed=8.83583s written=0
  crossing 0/250
  stopped velocity row 43 IC 564 x0=0.791155 velocity_parameter=-0.274833 status=outer_limit: trajectory reached the configured outer_limit radius
velocity row 43/120 IC 574/599 x0=0.791178 velocity_parameter=-0.274833 elapsed=8.92611s written=0
  crossing 0/250
  stopped velocity row 43 IC 574 x0=0.791178 velocity_parameter=-0.274833 status=outer_limit: trajectory reached the configured outer_limit radius
velocity row 43/120 IC 581/599 x0=0.791194 velocity_parameter=-0.274833 elapsed=8.9988s written=0
  crossing 0/250
  stopped velocity row 43 IC 581 x0=0.791194 velocity_parameter=-0.274833 status=outer_limit: trajectory reached the configured outer_limit radius
velocity row 44/120 IC 564/599 x0=0.791155 velocity_parameter=-0.258667 elapsed=9.00985s written=0
  crossing 0/250
  stopped velocity row 44 IC 564 x0=0.791155 velocity_parameter=-0.258667 status=outer_limit: trajectory reached the configured outer_limit radius
velocity row 44/120 IC 574/599 x0=0.791178 velocity_parameter=-0.258667 elapsed=9.10653s written=0
  crossing 0/250
  stopped velocity row 44 IC 574 x0=0.791178 velocity_parameter=-0.258667 status=outer_limit: trajectory reached the configured outer_limit radius
velocity row 44/120 IC 581/599 x0=0.791194 velocity_parameter=-0.258667 elapsed=9.17445s written=0
  crossing 0/250
  stopped velocity row 44 IC 581 x0=0.791194 velocity_parameter=-0.258667 status=outer_limit: trajectory reached the configured outer_limit radius
velocity row 45/120 IC 564/599 x0=0.791155 velocity_parameter=-0.2425 elapsed=9.18288s written=0
  crossing 0/250
  stopped velocity row 45 IC 564 x0=0.791155 velocity_parameter=-0.2425 status=outer_limit: trajectory reached the configured outer_limit radius
velocity row 45/120 IC 574/599 x0=0.791178 velocity_parameter=-0.2425 elapsed=9.28091s written=0
  crossing 0/250
  stopped velocity row 45 IC 574 x0=0.791178 velocity_parameter=-0.2425 status=outer_limit: trajectory reached the configured outer_limit radius
velocity row 45/120 IC 581/599 x0=0.791194 velocity_parameter=-0.2425 elapsed=9.34558s written=0
  crossing 0/250
  stopped velocity row 45 IC 581 x0=0.791194 velocity_parameter=-0.2425 status=outer_limit: trajectory reached the configured outer_limit radius
velocity row 46/120 IC 564/599 x0=0.791155 velocity_parameter=-0.226333 elapsed=9.35578s written=0
  crossing 0/250
  stopped velocity row 46 IC 564 x0=0.791155 velocity_parameter=-0.226333 status=outer_limit: trajectory reached the configured outer_limit radius
velocity row 46/120 IC 574/599 x0=0.791178 velocity_parameter=-0.226333 elapsed=9.4533s written=0
  crossing 0/250
  stopped velocity row 46 IC 574 x0=0.791178 velocity_parameter=-0.226333 status=outer_limit: trajectory reached the configured outer_limit radius
velocity row 46/120 IC 581/599 x0=0.791194 velocity_parameter=-0.226333 elapsed=9.51597s written=0
  crossing 0/250
  stopped velocity row 46 IC 581 x0=0.791194 velocity_parameter=-0.226333 status=outer_limit: trajectory reached the configured outer_limit radius
velocity row 47/120 IC 564/599 x0=0.791155 velocity_parameter=-0.210167 elapsed=9.52591s written=0
  crossing 0/250
  stopped velocity row 47 IC 564 x0=0.791155 velocity_parameter=-0.210167 status=outer_limit: trajectory reached the configured outer_limit radius
velocity row 47/120 IC 574/599 x0=0.791178 velocity_parameter=-0.210167 elapsed=9.61929s written=0
  crossing 0/250
  stopped velocity row 47 IC 574 x0=0.791178 velocity_parameter=-0.210167 status=outer_limit: trajectory reached the configured outer_limit radius
velocity row 47/120 IC 581/599 x0=0.791194 velocity_parameter=-0.210167 elapsed=9.68391s written=0
  crossing 0/250
  stopped velocity row 47 IC 581 x0=0.791194 velocity_parameter=-0.210167 status=outer_limit: trajectory reached the configured outer_limit radius
velocity row 48/120 IC 564/599 x0=0.791155 velocity_parameter=-0.194 elapsed=9.69275s written=0
  crossing 0/250
  stopped velocity row 48 IC 564 x0=0.791155 velocity_parameter=-0.194 status=outer_limit: trajectory reached the configured outer_limit radius
velocity row 48/120 IC 574/599 x0=0.791178 velocity_parameter=-0.194 elapsed=9.78659s written=0
  crossing 0/250
  stopped velocity row 48 IC 574 x0=0.791178 velocity_parameter=-0.194 status=outer_limit: trajectory reached the configured outer_limit radius
velocity row 48/120 IC 581/599 x0=0.791194 velocity_parameter=-0.194 elapsed=9.85211s written=0
  crossing 0/250
  stopped velocity row 48 IC 581 x0=0.791194 velocity_parameter=-0.194 status=outer_limit: trajectory reached the configured outer_limit radius
velocity row 49/120 IC 564/599 x0=0.791155 velocity_parameter=-0.177833 elapsed=9.86294s written=0
  crossing 0/250
  stopped velocity row 49 IC 564 x0=0.791155 velocity_parameter=-0.177833 status=outer_limit: trajectory reached the configured outer_limit radius
velocity row 49/120 IC 574/599 x0=0.791178 velocity_parameter=-0.177833 elapsed=9.96269s written=0
  crossing 0/250
  stopped velocity row 49 IC 574 x0=0.791178 velocity_parameter=-0.177833 status=outer_limit: trajectory reached the configured outer_limit radius
velocity row 49/120 IC 581/599 x0=0.791194 velocity_parameter=-0.177833 elapsed=10.0325s written=0
  crossing 0/250
  stopped velocity row 49 IC 581 x0=0.791194 velocity_parameter=-0.177833 status=outer_limit: trajectory reached the configured outer_limit radius
velocity row 50/120 IC 564/599 x0=0.791155 velocity_parameter=-0.161667 elapsed=10.0418s written=0
  crossing 0/250
  stopped velocity row 50 IC 564 x0=0.791155 velocity_parameter=-0.161667 status=outer_limit: trajectory reached the configured outer_limit radius
velocity row 50/120 IC 574/599 x0=0.791178 velocity_parameter=-0.161667 elapsed=10.1282s written=0
  crossing 0/250
  stopped velocity row 50 IC 574 x0=0.791178 velocity_parameter=-0.161667 status=outer_limit: trajectory reached the configured outer_limit radius
velocity row 50/120 IC 581/599 x0=0.791194 velocity_parameter=-0.161667 elapsed=10.1931s written=0
  crossing 0/250
  stopped velocity row 50 IC 581 x0=0.791194 velocity_parameter=-0.161667 status=outer_limit: trajectory reached the configured outer_limit radius
velocity row 51/120 IC 564/599 x0=0.791155 velocity_parameter=-0.1455 elapsed=10.203s written=0
  crossing 0/250
  stopped velocity row 51 IC 564 x0=0.791155 velocity_parameter=-0.1455 status=outer_limit: trajectory reached the configured outer_limit radius
velocity row 51/120 IC 574/599 x0=0.791178 velocity_parameter=-0.1455 elapsed=10.2916s written=0
  crossing 0/250
  stopped velocity row 51 IC 574 x0=0.791178 velocity_parameter=-0.1455 status=outer_limit: trajectory reached the configured outer_limit radius
velocity row 51/120 IC 581/599 x0=0.791194 velocity_parameter=-0.1455 elapsed=10.3596s written=0
  crossing 0/250
  stopped velocity row 51 IC 581 x0=0.791194 velocity_parameter=-0.1455 status=outer_limit: trajectory reached the configured outer_limit radius
velocity row 52/120 IC 564/599 x0=0.791155 velocity_parameter=-0.129333 elapsed=10.3702s written=0
  crossing 0/250
  stopped velocity row 52 IC 564 x0=0.791155 velocity_parameter=-0.129333 status=outer_limit: trajectory reached the configured outer_limit radius
velocity row 52/120 IC 574/599 x0=0.791178 velocity_parameter=-0.129333 elapsed=10.4676s written=0
  crossing 0/250
  stopped velocity row 52 IC 574 x0=0.791178 velocity_parameter=-0.129333 status=outer_limit: trajectory reached the configured outer_limit radius
velocity row 52/120 IC 581/599 x0=0.791194 velocity_parameter=-0.129333 elapsed=10.5367s written=0
  crossing 0/250
  stopped velocity row 52 IC 581 x0=0.791194 velocity_parameter=-0.129333 status=outer_limit: trajectory reached the configured outer_limit radius
velocity row 53/120 IC 564/599 x0=0.791155 velocity_parameter=-0.113167 elapsed=10.5471s written=0
  crossing 0/250
  stopped velocity row 53 IC 564 x0=0.791155 velocity_parameter=-0.113167 status=outer_limit: trajectory reached the configured outer_limit radius
velocity row 53/120 IC 574/599 x0=0.791178 velocity_parameter=-0.113167 elapsed=10.6444s written=0
  crossing 0/250
  stopped velocity row 53 IC 574 x0=0.791178 velocity_parameter=-0.113167 status=outer_limit: trajectory reached the configured outer_limit radius
velocity row 53/120 IC 581/599 x0=0.791194 velocity_parameter=-0.113167 elapsed=10.7093s written=0
  crossing 0/250
  stopped velocity row 53 IC 581 x0=0.791194 velocity_parameter=-0.113167 status=outer_limit: trajectory reached the configured outer_limit radius
velocity row 54/120 IC 564/599 x0=0.791155 velocity_parameter=-0.097 elapsed=10.719s written=0
  crossing 0/250
  stopped velocity row 54 IC 564 x0=0.791155 velocity_parameter=-0.097 status=outer_limit: trajectory reached the configured outer_limit radius
velocity row 54/120 IC 574/599 x0=0.791178 velocity_parameter=-0.097 elapsed=10.8095s written=0
  crossing 0/250
  stopped velocity row 54 IC 574 x0=0.791178 velocity_parameter=-0.097 status=outer_limit: trajectory reached the configured outer_limit radius
velocity row 54/120 IC 581/599 x0=0.791194 velocity_parameter=-0.097 elapsed=10.8788s written=0
  crossing 0/250
  stopped velocity row 54 IC 581 x0=0.791194 velocity_parameter=-0.097 status=outer_limit: trajectory reached the configured outer_limit radius
velocity row 55/120 IC 564/599 x0=0.791155 velocity_parameter=-0.0808333 elapsed=10.8863s written=0
  crossing 0/250
  stopped velocity row 55 IC 564 x0=0.791155 velocity_parameter=-0.0808333 status=outer_limit: trajectory reached the configured outer_limit radius
velocity row 55/120 IC 574/599 x0=0.791178 velocity_parameter=-0.0808333 elapsed=10.9743s written=0
  crossing 0/250
  stopped velocity row 55 IC 574 x0=0.791178 velocity_parameter=-0.0808333 status=outer_limit: trajectory reached the configured outer_limit radius
velocity row 55/120 IC 581/599 x0=0.791194 velocity_parameter=-0.0808333 elapsed=11.0415s written=0
  crossing 0/250
  stopped velocity row 55 IC 581 x0=0.791194 velocity_parameter=-0.0808333 status=outer_limit: trajectory reached the configured outer_limit radius
velocity row 56/120 IC 564/599 x0=0.791155 velocity_parameter=-0.0646667 elapsed=11.0495s written=0
  crossing 0/250
  stopped velocity row 56 IC 564 x0=0.791155 velocity_parameter=-0.0646667 status=outer_limit: trajectory reached the configured outer_limit radius
velocity row 56/120 IC 574/599 x0=0.791178 velocity_parameter=-0.0646667 elapsed=11.1437s written=0
  crossing 0/250
  stopped velocity row 56 IC 574 x0=0.791178 velocity_parameter=-0.0646667 status=outer_limit: trajectory reached the configured outer_limit radius
velocity row 56/120 IC 581/599 x0=0.791194 velocity_parameter=-0.0646667 elapsed=11.2036s written=0
  crossing 0/250
  stopped velocity row 56 IC 581 x0=0.791194 velocity_parameter=-0.0646667 status=outer_limit: trajectory reached the configured outer_limit radius
velocity row 57/120 IC 564/599 x0=0.791155 velocity_parameter=-0.0485 elapsed=11.2136s written=0
  crossing 0/250
  stopped velocity row 57 IC 564 x0=0.791155 velocity_parameter=-0.0485 status=outer_limit: trajectory reached the configured outer_limit radius
velocity row 57/120 IC 574/599 x0=0.791178 velocity_parameter=-0.0485 elapsed=11.3013s written=0
  crossing 0/250
  stopped velocity row 57 IC 574 x0=0.791178 velocity_parameter=-0.0485 status=outer_limit: trajectory reached the configured outer_limit radius
velocity row 57/120 IC 581/599 x0=0.791194 velocity_parameter=-0.0485 elapsed=11.3634s written=0
  crossing 0/250
  stopped velocity row 57 IC 581 x0=0.791194 velocity_parameter=-0.0485 status=outer_limit: trajectory reached the configured outer_limit radius
velocity row 58/120 IC 564/599 x0=0.791155 velocity_parameter=-0.0323333 elapsed=11.3734s written=0
  crossing 0/250
  stopped velocity row 58 IC 564 x0=0.791155 velocity_parameter=-0.0323333 status=outer_limit: trajectory reached the configured outer_limit radius
velocity row 58/120 IC 574/599 x0=0.791178 velocity_parameter=-0.0323333 elapsed=11.4625s written=0
  crossing 0/250
  stopped velocity row 58 IC 574 x0=0.791178 velocity_parameter=-0.0323333 status=outer_limit: trajectory reached the configured outer_limit radius
velocity row 58/120 IC 581/599 x0=0.791194 velocity_parameter=-0.0323333 elapsed=11.5298s written=0
  crossing 0/250
  stopped velocity row 58 IC 581 x0=0.791194 velocity_parameter=-0.0323333 status=outer_limit: trajectory reached the configured outer_limit radius
velocity row 59/120 IC 564/599 x0=0.791155 velocity_parameter=-0.0161667 elapsed=11.5398s written=0
  crossing 0/250
  stopped velocity row 59 IC 564 x0=0.791155 velocity_parameter=-0.0161667 status=outer_limit: trajectory reached the configured outer_limit radius
velocity row 59/120 IC 574/599 x0=0.791178 velocity_parameter=-0.0161667 elapsed=11.6324s written=0
  crossing 0/250
  stopped velocity row 59 IC 574 x0=0.791178 velocity_parameter=-0.0161667 status=outer_limit: trajectory reached the configured outer_limit radius
velocity row 59/120 IC 581/599 x0=0.791194 velocity_parameter=-0.0161667 elapsed=11.6905s written=0
  crossing 0/250
  stopped velocity row 59 IC 581 x0=0.791194 velocity_parameter=-0.0161667 status=outer_limit: trajectory reached the configured outer_limit radius
velocity row 60/120 IC 564/599 x0=0.791155 velocity_parameter=0 elapsed=11.6983s written=0
  crossing 0/250
  stopped velocity row 60 IC 564 x0=0.791155 velocity_parameter=0 status=outer_limit: trajectory reached the configured outer_limit radius
velocity row 60/120 IC 574/599 x0=0.791178 velocity_parameter=0 elapsed=11.7871s written=0
  crossing 0/250
  stopped velocity row 60 IC 574 x0=0.791178 velocity_parameter=0 status=outer_limit: trajectory reached the configured outer_limit radius
velocity row 60/120 IC 581/599 x0=0.791194 velocity_parameter=0 elapsed=11.8516s written=0
  crossing 0/250
  stopped velocity row 60 IC 581 x0=0.791194 velocity_parameter=0 status=outer_limit: trajectory reached the configured outer_limit radius
velocity row 61/120 IC 564/599 x0=0.791155 velocity_parameter=0.0161667 elapsed=11.8611s written=0
  crossing 0/250
  stopped velocity row 61 IC 564 x0=0.791155 velocity_parameter=0.0161667 status=outer_limit: trajectory reached the configured outer_limit radius
velocity row 61/120 IC 574/599 x0=0.791178 velocity_parameter=0.0161667 elapsed=11.9528s written=0
  crossing 0/250
  stopped velocity row 61 IC 574 x0=0.791178 velocity_parameter=0.0161667 status=outer_limit: trajectory reached the configured outer_limit radius
velocity row 61/120 IC 581/599 x0=0.791194 velocity_parameter=0.0161667 elapsed=12.0182s written=0
  crossing 0/250
  stopped velocity row 61 IC 581 x0=0.791194 velocity_parameter=0.0161667 status=outer_limit: trajectory reached the configured outer_limit radius
velocity row 62/120 IC 564/599 x0=0.791155 velocity_parameter=0.0323333 elapsed=12.0277s written=0
  crossing 0/250
  stopped velocity row 62 IC 564 x0=0.791155 velocity_parameter=0.0323333 status=outer_limit: trajectory reached the configured outer_limit radius
velocity row 62/120 IC 574/599 x0=0.791178 velocity_parameter=0.0323333 elapsed=12.1139s written=0
  crossing 0/250
  stopped velocity row 62 IC 574 x0=0.791178 velocity_parameter=0.0323333 status=outer_limit: trajectory reached the configured outer_limit radius
velocity row 62/120 IC 581/599 x0=0.791194 velocity_parameter=0.0323333 elapsed=12.1728s written=0
  crossing 0/250
  stopped velocity row 62 IC 581 x0=0.791194 velocity_parameter=0.0323333 status=outer_limit: trajectory reached the configured outer_limit radius
velocity row 63/120 IC 564/599 x0=0.791155 velocity_parameter=0.0485 elapsed=12.1807s written=0
  crossing 0/250
  stopped velocity row 63 IC 564 x0=0.791155 velocity_parameter=0.0485 status=outer_limit: trajectory reached the configured outer_limit radius
velocity row 63/120 IC 574/599 x0=0.791178 velocity_parameter=0.0485 elapsed=12.2658s written=0
  crossing 0/250
  stopped velocity row 63 IC 574 x0=0.791178 velocity_parameter=0.0485 status=outer_limit: trajectory reached the configured outer_limit radius
velocity row 63/120 IC 581/599 x0=0.791194 velocity_parameter=0.0485 elapsed=12.3271s written=0
  crossing 0/250
  stopped velocity row 63 IC 581 x0=0.791194 velocity_parameter=0.0485 status=outer_limit: trajectory reached the configured outer_limit radius
velocity row 64/120 IC 564/599 x0=0.791155 velocity_parameter=0.0646667 elapsed=12.3369s written=0
  crossing 0/250
  stopped velocity row 64 IC 564 x0=0.791155 velocity_parameter=0.0646667 status=outer_limit: trajectory reached the configured outer_limit radius
velocity row 64/120 IC 574/599 x0=0.791178 velocity_parameter=0.0646667 elapsed=12.416s written=0
  crossing 0/250
  stopped velocity row 64 IC 574 x0=0.791178 velocity_parameter=0.0646667 status=outer_limit: trajectory reached the configured outer_limit radius
velocity row 64/120 IC 581/599 x0=0.791194 velocity_parameter=0.0646667 elapsed=12.4793s written=0
  crossing 0/250
  stopped velocity row 64 IC 581 x0=0.791194 velocity_parameter=0.0646667 status=outer_limit: trajectory reached the configured outer_limit radius
velocity row 65/120 IC 564/599 x0=0.791155 velocity_parameter=0.0808333 elapsed=12.4895s written=0
  crossing 0/250
  stopped velocity row 65 IC 564 x0=0.791155 velocity_parameter=0.0808333 status=outer_limit: trajectory reached the configured outer_limit radius
velocity row 65/120 IC 574/599 x0=0.791178 velocity_parameter=0.0808333 elapsed=12.5727s written=0
  crossing 0/250
  stopped velocity row 65 IC 574 x0=0.791178 velocity_parameter=0.0808333 status=outer_limit: trajectory reached the configured outer_limit radius
velocity row 65/120 IC 581/599 x0=0.791194 velocity_parameter=0.0808333 elapsed=12.6325s written=0
  crossing 0/250
  stopped velocity row 65 IC 581 x0=0.791194 velocity_parameter=0.0808333 status=outer_limit: trajectory reached the configured outer_limit radius
velocity row 66/120 IC 564/599 x0=0.791155 velocity_parameter=0.097 elapsed=12.6401s written=0
  crossing 0/250
  stopped velocity row 66 IC 564 x0=0.791155 velocity_parameter=0.097 status=outer_limit: trajectory reached the configured outer_limit radius
velocity row 66/120 IC 574/599 x0=0.791178 velocity_parameter=0.097 elapsed=12.7288s written=0
  crossing 0/250
  stopped velocity row 66 IC 574 x0=0.791178 velocity_parameter=0.097 status=outer_limit: trajectory reached the configured outer_limit radius
velocity row 66/120 IC 581/599 x0=0.791194 velocity_parameter=0.097 elapsed=12.7907s written=0
  crossing 0/250
  stopped velocity row 66 IC 581 x0=0.791194 velocity_parameter=0.097 status=outer_limit: trajectory reached the configured outer_limit radius
velocity row 67/120 IC 564/599 x0=0.791155 velocity_parameter=0.113167 elapsed=12.7986s written=0
  crossing 0/250
  stopped velocity row 67 IC 564 x0=0.791155 velocity_parameter=0.113167 status=outer_limit: trajectory reached the configured outer_limit radius
velocity row 67/120 IC 574/599 x0=0.791178 velocity_parameter=0.113167 elapsed=12.8846s written=0
  crossing 0/250
  stopped velocity row 67 IC 574 x0=0.791178 velocity_parameter=0.113167 status=outer_limit: trajectory reached the configured outer_limit radius
velocity row 67/120 IC 581/599 x0=0.791194 velocity_parameter=0.113167 elapsed=12.9475s written=0
  crossing 0/250
  stopped velocity row 67 IC 581 x0=0.791194 velocity_parameter=0.113167 status=outer_limit: trajectory reached the configured outer_limit radius
velocity row 68/120 IC 564/599 x0=0.791155 velocity_parameter=0.129333 elapsed=12.956s written=0
  crossing 0/250
  stopped velocity row 68 IC 564 x0=0.791155 velocity_parameter=0.129333 status=outer_limit: trajectory reached the configured outer_limit radius
velocity row 68/120 IC 574/599 x0=0.791178 velocity_parameter=0.129333 elapsed=13.0458s written=0
  crossing 0/250
  stopped velocity row 68 IC 574 x0=0.791178 velocity_parameter=0.129333 status=outer_limit: trajectory reached the configured outer_limit radius
velocity row 68/120 IC 581/599 x0=0.791194 velocity_parameter=0.129333 elapsed=13.1063s written=0
  crossing 0/250
  stopped velocity row 68 IC 581 x0=0.791194 velocity_parameter=0.129333 status=outer_limit: trajectory reached the configured outer_limit radius
velocity row 69/120 IC 564/599 x0=0.791155 velocity_parameter=0.1455 elapsed=13.1156s written=0
  crossing 0/250
  stopped velocity row 69 IC 564 x0=0.791155 velocity_parameter=0.1455 status=outer_limit: trajectory reached the configured outer_limit radius
velocity row 69/120 IC 574/599 x0=0.791178 velocity_parameter=0.1455 elapsed=13.203s written=0
  crossing 0/250
  stopped velocity row 69 IC 574 x0=0.791178 velocity_parameter=0.1455 status=outer_limit: trajectory reached the configured outer_limit radius
velocity row 69/120 IC 581/599 x0=0.791194 velocity_parameter=0.1455 elapsed=13.2636s written=0
  crossing 0/250
  stopped velocity row 69 IC 581 x0=0.791194 velocity_parameter=0.1455 status=outer_limit: trajectory reached the configured outer_limit radius
velocity row 70/120 IC 564/599 x0=0.791155 velocity_parameter=0.161667 elapsed=13.2726s written=0
  crossing 0/250
  stopped velocity row 70 IC 564 x0=0.791155 velocity_parameter=0.161667 status=outer_limit: trajectory reached the configured outer_limit radius
velocity row 70/120 IC 574/599 x0=0.791178 velocity_parameter=0.161667 elapsed=13.3611s written=0
  crossing 0/250
  stopped velocity row 70 IC 574 x0=0.791178 velocity_parameter=0.161667 status=outer_limit: trajectory reached the configured outer_limit radius
velocity row 70/120 IC 581/599 x0=0.791194 velocity_parameter=0.161667 elapsed=13.4227s written=0
  crossing 0/250
  stopped velocity row 70 IC 581 x0=0.791194 velocity_parameter=0.161667 status=outer_limit: trajectory reached the configured outer_limit radius
velocity row 71/120 IC 564/599 x0=0.791155 velocity_parameter=0.177833 elapsed=13.4325s written=0
  crossing 0/250
  stopped velocity row 71 IC 564 x0=0.791155 velocity_parameter=0.177833 status=outer_limit: trajectory reached the configured outer_limit radius
velocity row 71/120 IC 574/599 x0=0.791178 velocity_parameter=0.177833 elapsed=13.5272s written=0
  crossing 0/250
  stopped velocity row 71 IC 574 x0=0.791178 velocity_parameter=0.177833 status=outer_limit: trajectory reached the configured outer_limit radius
velocity row 71/120 IC 581/599 x0=0.791194 velocity_parameter=0.177833 elapsed=13.5908s written=0
  crossing 0/250
  stopped velocity row 71 IC 581 x0=0.791194 velocity_parameter=0.177833 status=outer_limit: trajectory reached the configured outer_limit radius
velocity row 72/120 IC 564/599 x0=0.791155 velocity_parameter=0.194 elapsed=13.598s written=0
  crossing 0/250
  stopped velocity row 72 IC 564 x0=0.791155 velocity_parameter=0.194 status=outer_limit: trajectory reached the configured outer_limit radius
velocity row 72/120 IC 574/599 x0=0.791178 velocity_parameter=0.194 elapsed=13.68s written=0
  crossing 0/250
  stopped velocity row 72 IC 574 x0=0.791178 velocity_parameter=0.194 status=outer_limit: trajectory reached the configured outer_limit radius
velocity row 72/120 IC 581/599 x0=0.791194 velocity_parameter=0.194 elapsed=13.7452s written=0
  crossing 0/250
  stopped velocity row 72 IC 581 x0=0.791194 velocity_parameter=0.194 status=outer_limit: trajectory reached the configured outer_limit radius
velocity row 73/120 IC 564/599 x0=0.791155 velocity_parameter=0.210167 elapsed=13.7521s written=0
  crossing 0/250
  stopped velocity row 73 IC 564 x0=0.791155 velocity_parameter=0.210167 status=outer_limit: trajectory reached the configured outer_limit radius
velocity row 73/120 IC 574/599 x0=0.791178 velocity_parameter=0.210167 elapsed=13.8426s written=0
  crossing 0/250
  stopped velocity row 73 IC 574 x0=0.791178 velocity_parameter=0.210167 status=outer_limit: trajectory reached the configured outer_limit radius
velocity row 73/120 IC 581/599 x0=0.791194 velocity_parameter=0.210167 elapsed=13.9029s written=0
  crossing 0/250
  stopped velocity row 73 IC 581 x0=0.791194 velocity_parameter=0.210167 status=outer_limit: trajectory reached the configured outer_limit radius
velocity row 74/120 IC 564/599 x0=0.791155 velocity_parameter=0.226333 elapsed=13.9123s written=0
  crossing 0/250
  stopped velocity row 74 IC 564 x0=0.791155 velocity_parameter=0.226333 status=outer_limit: trajectory reached the configured outer_limit radius
velocity row 74/120 IC 574/599 x0=0.791178 velocity_parameter=0.226333 elapsed=14.0019s written=0
  crossing 0/250
  stopped velocity row 74 IC 574 x0=0.791178 velocity_parameter=0.226333 status=outer_limit: trajectory reached the configured outer_limit radius
velocity row 74/120 IC 581/599 x0=0.791194 velocity_parameter=0.226333 elapsed=14.0626s written=0
  crossing 0/250
  stopped velocity row 74 IC 581 x0=0.791194 velocity_parameter=0.226333 status=outer_limit: trajectory reached the configured outer_limit radius
velocity row 75/120 IC 564/599 x0=0.791155 velocity_parameter=0.2425 elapsed=14.0711s written=0
  crossing 0/250
  stopped velocity row 75 IC 564 x0=0.791155 velocity_parameter=0.2425 status=outer_limit: trajectory reached the configured outer_limit radius
velocity row 75/120 IC 574/599 x0=0.791178 velocity_parameter=0.2425 elapsed=14.1571s written=0
  crossing 0/250
  stopped velocity row 75 IC 574 x0=0.791178 velocity_parameter=0.2425 status=outer_limit: trajectory reached the configured outer_limit radius
velocity row 75/120 IC 581/599 x0=0.791194 velocity_parameter=0.2425 elapsed=14.2168s written=0
  crossing 0/250
  stopped velocity row 75 IC 581 x0=0.791194 velocity_parameter=0.2425 status=outer_limit: trajectory reached the configured outer_limit radius
velocity row 76/120 IC 564/599 x0=0.791155 velocity_parameter=0.258667 elapsed=14.2257s written=0
  crossing 0/250
  stopped velocity row 76 IC 564 x0=0.791155 velocity_parameter=0.258667 status=outer_limit: trajectory reached the configured outer_limit radius
velocity row 76/120 IC 574/599 x0=0.791178 velocity_parameter=0.258667 elapsed=14.3139s written=0
  crossing 0/250
  stopped velocity row 76 IC 574 x0=0.791178 velocity_parameter=0.258667 status=outer_limit: trajectory reached the configured outer_limit radius
velocity row 76/120 IC 581/599 x0=0.791194 velocity_parameter=0.258667 elapsed=14.3764s written=0
  crossing 0/250
  stopped velocity row 76 IC 581 x0=0.791194 velocity_parameter=0.258667 status=outer_limit: trajectory reached the configured outer_limit radius
velocity row 77/120 IC 564/599 x0=0.791155 velocity_parameter=0.274833 elapsed=14.3867s written=0
  crossing 0/250
  stopped velocity row 77 IC 564 x0=0.791155 velocity_parameter=0.274833 status=outer_limit: trajectory reached the configured outer_limit radius
velocity row 77/120 IC 574/599 x0=0.791178 velocity_parameter=0.274833 elapsed=14.469s written=0
  crossing 0/250
  stopped velocity row 77 IC 574 x0=0.791178 velocity_parameter=0.274833 status=outer_limit: trajectory reached the configured outer_limit radius
velocity row 77/120 IC 581/599 x0=0.791194 velocity_parameter=0.274833 elapsed=14.5289s written=0
  crossing 0/250
  stopped velocity row 77 IC 581 x0=0.791194 velocity_parameter=0.274833 status=outer_limit: trajectory reached the configured outer_limit radius
velocity row 78/120 IC 564/599 x0=0.791155 velocity_parameter=0.291 elapsed=14.5384s written=0
  crossing 0/250
  stopped velocity row 78 IC 564 x0=0.791155 velocity_parameter=0.291 status=outer_limit: trajectory reached the configured outer_limit radius
velocity row 78/120 IC 574/599 x0=0.791178 velocity_parameter=0.291 elapsed=14.6241s written=0
  crossing 0/250
  stopped velocity row 78 IC 574 x0=0.791178 velocity_parameter=0.291 status=outer_limit: trajectory reached the configured outer_limit radius
velocity row 78/120 IC 581/599 x0=0.791194 velocity_parameter=0.291 elapsed=14.6883s written=0
  crossing 0/250
  stopped velocity row 78 IC 581 x0=0.791194 velocity_parameter=0.291 status=outer_limit: trajectory reached the configured outer_limit radius
velocity row 79/120 IC 564/599 x0=0.791155 velocity_parameter=0.307167 elapsed=14.6978s written=0
  crossing 0/250
  stopped velocity row 79 IC 564 x0=0.791155 velocity_parameter=0.307167 status=outer_limit: trajectory reached the configured outer_limit radius
velocity row 79/120 IC 574/599 x0=0.791178 velocity_parameter=0.307167 elapsed=14.7815s written=0
  crossing 0/250
  stopped velocity row 79 IC 574 x0=0.791178 velocity_parameter=0.307167 status=outer_limit: trajectory reached the configured outer_limit radius
velocity row 79/120 IC 581/599 x0=0.791194 velocity_parameter=0.307167 elapsed=14.8463s written=0
  crossing 0/250
  stopped velocity row 79 IC 581 x0=0.791194 velocity_parameter=0.307167 status=outer_limit: trajectory reached the configured outer_limit radius
velocity row 80/120 IC 564/599 x0=0.791155 velocity_parameter=0.323333 elapsed=14.856s written=0
  crossing 0/250
  stopped velocity row 80 IC 564 x0=0.791155 velocity_parameter=0.323333 status=outer_limit: trajectory reached the configured outer_limit radius
velocity row 80/120 IC 574/599 x0=0.791178 velocity_parameter=0.323333 elapsed=14.9418s written=0
  crossing 0/250
  stopped velocity row 80 IC 574 x0=0.791178 velocity_parameter=0.323333 status=outer_limit: trajectory reached the configured outer_limit radius
velocity row 80/120 IC 581/599 x0=0.791194 velocity_parameter=0.323333 elapsed=14.9931s written=0
  crossing 0/250
  stopped velocity row 80 IC 581 x0=0.791194 velocity_parameter=0.323333 status=outer_limit: trajectory reached the configured outer_limit radius
velocity row 81/120 IC 564/599 x0=0.791155 velocity_parameter=0.3395 elapsed=15.0017s written=0
  crossing 0/250
  stopped velocity row 81 IC 564 x0=0.791155 velocity_parameter=0.3395 status=outer_limit: trajectory reached the configured outer_limit radius
velocity row 81/120 IC 574/599 x0=0.791178 velocity_parameter=0.3395 elapsed=15.0898s written=0
  crossing 0/250
  stopped velocity row 81 IC 574 x0=0.791178 velocity_parameter=0.3395 status=outer_limit: trajectory reached the configured outer_limit radius
velocity row 81/120 IC 581/599 x0=0.791194 velocity_parameter=0.3395 elapsed=15.15s written=0
  crossing 0/250
  stopped velocity row 81 IC 581 x0=0.791194 velocity_parameter=0.3395 status=outer_limit: trajectory reached the configured outer_limit radius
velocity row 82/120 IC 564/599 x0=0.791155 velocity_parameter=0.355667 elapsed=15.1583s written=0
  crossing 0/250
  stopped velocity row 82 IC 564 x0=0.791155 velocity_parameter=0.355667 status=outer_limit: trajectory reached the configured outer_limit radius
velocity row 82/120 IC 574/599 x0=0.791178 velocity_parameter=0.355667 elapsed=15.243s written=0
  crossing 0/250
  stopped velocity row 82 IC 574 x0=0.791178 velocity_parameter=0.355667 status=outer_limit: trajectory reached the configured outer_limit radius
velocity row 82/120 IC 581/599 x0=0.791194 velocity_parameter=0.355667 elapsed=15.3s written=0
  crossing 0/250
  stopped velocity row 82 IC 581 x0=0.791194 velocity_parameter=0.355667 status=outer_limit: trajectory reached the configured outer_limit radius
velocity row 83/120 IC 564/599 x0=0.791155 velocity_parameter=0.371833 elapsed=15.3069s written=0
  crossing 0/250
  stopped velocity row 83 IC 564 x0=0.791155 velocity_parameter=0.371833 status=outer_limit: trajectory reached the configured outer_limit radius
velocity row 83/120 IC 574/599 x0=0.791178 velocity_parameter=0.371833 elapsed=15.3913s written=0
  crossing 0/250
  stopped velocity row 83 IC 574 x0=0.791178 velocity_parameter=0.371833 status=outer_limit: trajectory reached the configured outer_limit radius
velocity row 83/120 IC 581/599 x0=0.791194 velocity_parameter=0.371833 elapsed=15.453s written=0
  crossing 0/250
  stopped velocity row 83 IC 581 x0=0.791194 velocity_parameter=0.371833 status=outer_limit: trajectory reached the configured outer_limit radius
velocity row 84/120 IC 564/599 x0=0.791155 velocity_parameter=0.388 elapsed=15.4623s written=0
  crossing 0/250
  stopped velocity row 84 IC 564 x0=0.791155 velocity_parameter=0.388 status=outer_limit: trajectory reached the configured outer_limit radius
velocity row 84/120 IC 574/599 x0=0.791178 velocity_parameter=0.388 elapsed=15.5473s written=0
  crossing 0/250
  stopped velocity row 84 IC 574 x0=0.791178 velocity_parameter=0.388 status=outer_limit: trajectory reached the configured outer_limit radius
velocity row 84/120 IC 581/599 x0=0.791194 velocity_parameter=0.388 elapsed=15.6105s written=0
  crossing 0/250
  stopped velocity row 84 IC 581 x0=0.791194 velocity_parameter=0.388 status=outer_limit: trajectory reached the configured outer_limit radius
velocity row 85/120 IC 564/599 x0=0.791155 velocity_parameter=0.404167 elapsed=15.6195s written=0
  crossing 0/250
  stopped velocity row 85 IC 564 x0=0.791155 velocity_parameter=0.404167 status=outer_limit: trajectory reached the configured outer_limit radius
velocity row 85/120 IC 574/599 x0=0.791178 velocity_parameter=0.404167 elapsed=15.7046s written=0
  crossing 0/250
  stopped velocity row 85 IC 574 x0=0.791178 velocity_parameter=0.404167 status=outer_limit: trajectory reached the configured outer_limit radius
velocity row 85/120 IC 581/599 x0=0.791194 velocity_parameter=0.404167 elapsed=15.7624s written=0
  crossing 0/250
  stopped velocity row 85 IC 581 x0=0.791194 velocity_parameter=0.404167 status=outer_limit: trajectory reached the configured outer_limit radius
velocity row 86/120 IC 564/599 x0=0.791155 velocity_parameter=0.420333 elapsed=15.7717s written=0
  crossing 0/250
  stopped velocity row 86 IC 564 x0=0.791155 velocity_parameter=0.420333 status=outer_limit: trajectory reached the configured outer_limit radius
velocity row 86/120 IC 574/599 x0=0.791178 velocity_parameter=0.420333 elapsed=15.859s written=0
  crossing 0/250
  stopped velocity row 86 IC 574 x0=0.791178 velocity_parameter=0.420333 status=outer_limit: trajectory reached the configured outer_limit radius
velocity row 86/120 IC 581/599 x0=0.791194 velocity_parameter=0.420333 elapsed=15.9219s written=0
  crossing 0/250
  stopped velocity row 86 IC 581 x0=0.791194 velocity_parameter=0.420333 status=outer_limit: trajectory reached the configured outer_limit radius
velocity row 87/120 IC 564/599 x0=0.791155 velocity_parameter=0.4365 elapsed=15.9305s written=0
  crossing 0/250
  stopped velocity row 87 IC 564 x0=0.791155 velocity_parameter=0.4365 status=outer_limit: trajectory reached the configured outer_limit radius
velocity row 87/120 IC 574/599 x0=0.791178 velocity_parameter=0.4365 elapsed=16.0154s written=0
  crossing 0/250
  stopped velocity row 87 IC 574 x0=0.791178 velocity_parameter=0.4365 status=outer_limit: trajectory reached the configured outer_limit radius
velocity row 87/120 IC 581/599 x0=0.791194 velocity_parameter=0.4365 elapsed=16.0788s written=0
  crossing 0/250
  stopped velocity row 87 IC 581 x0=0.791194 velocity_parameter=0.4365 status=outer_limit: trajectory reached the configured outer_limit radius
velocity row 88/120 IC 564/599 x0=0.791155 velocity_parameter=0.452667 elapsed=16.0866s written=0
  crossing 0/250
  stopped velocity row 88 IC 564 x0=0.791155 velocity_parameter=0.452667 status=outer_limit: trajectory reached the configured outer_limit radius
velocity row 88/120 IC 574/599 x0=0.791178 velocity_parameter=0.452667 elapsed=16.1719s written=0
  crossing 0/250
  stopped velocity row 88 IC 574 x0=0.791178 velocity_parameter=0.452667 status=outer_limit: trajectory reached the configured outer_limit radius
velocity row 88/120 IC 581/599 x0=0.791194 velocity_parameter=0.452667 elapsed=16.2278s written=0
  crossing 0/250
  stopped velocity row 88 IC 581 x0=0.791194 velocity_parameter=0.452667 status=outer_limit: trajectory reached the configured outer_limit radius
velocity row 89/120 IC 564/599 x0=0.791155 velocity_parameter=0.468833 elapsed=16.2376s written=0
  crossing 0/250
  stopped velocity row 89 IC 564 x0=0.791155 velocity_parameter=0.468833 status=outer_limit: trajectory reached the configured outer_limit radius
velocity row 89/120 IC 574/599 x0=0.791178 velocity_parameter=0.468833 elapsed=16.3225s written=0
  crossing 0/250
  stopped velocity row 89 IC 574 x0=0.791178 velocity_parameter=0.468833 status=outer_limit: trajectory reached the configured outer_limit radius
velocity row 89/120 IC 581/599 x0=0.791194 velocity_parameter=0.468833 elapsed=16.3901s written=0
  crossing 0/250
  stopped velocity row 89 IC 581 x0=0.791194 velocity_parameter=0.468833 status=outer_limit: trajectory reached the configured outer_limit radius
velocity row 90/120 IC 564/599 x0=0.791155 velocity_parameter=0.485 elapsed=16.3994s written=0
  crossing 0/250
  stopped velocity row 90 IC 564 x0=0.791155 velocity_parameter=0.485 status=outer_limit: trajectory reached the configured outer_limit radius
velocity row 90/120 IC 574/599 x0=0.791178 velocity_parameter=0.485 elapsed=16.4861s written=0
  crossing 0/250
  stopped velocity row 90 IC 574 x0=0.791178 velocity_parameter=0.485 status=outer_limit: trajectory reached the configured outer_limit radius
velocity row 90/120 IC 581/599 x0=0.791194 velocity_parameter=0.485 elapsed=16.5457s written=0
  crossing 0/250
  stopped velocity row 90 IC 581 x0=0.791194 velocity_parameter=0.485 status=outer_limit: trajectory reached the configured outer_limit radius
velocity row 91/120 IC 564/599 x0=0.791155 velocity_parameter=0.501167 elapsed=16.555s written=0
  crossing 0/250
  stopped velocity row 91 IC 564 x0=0.791155 velocity_parameter=0.501167 status=outer_limit: trajectory reached the configured outer_limit radius
velocity row 91/120 IC 574/599 x0=0.791178 velocity_parameter=0.501167 elapsed=16.6453s written=0
  crossing 0/250
  stopped velocity row 91 IC 574 x0=0.791178 velocity_parameter=0.501167 status=outer_limit: trajectory reached the configured outer_limit radius
velocity row 91/120 IC 581/599 x0=0.791194 velocity_parameter=0.501167 elapsed=16.7072s written=0
  crossing 0/250
  stopped velocity row 91 IC 581 x0=0.791194 velocity_parameter=0.501167 status=outer_limit: trajectory reached the configured outer_limit radius
velocity row 92/120 IC 564/599 x0=0.791155 velocity_parameter=0.517333 elapsed=16.717s written=0
  crossing 0/250
  stopped velocity row 92 IC 564 x0=0.791155 velocity_parameter=0.517333 status=outer_limit: trajectory reached the configured outer_limit radius
velocity row 92/120 IC 574/599 x0=0.791178 velocity_parameter=0.517333 elapsed=16.8032s written=0
  crossing 0/250
  stopped velocity row 92 IC 574 x0=0.791178 velocity_parameter=0.517333 status=outer_limit: trajectory reached the configured outer_limit radius
velocity row 92/120 IC 581/599 x0=0.791194 velocity_parameter=0.517333 elapsed=16.8665s written=0
  crossing 0/250
  stopped velocity row 92 IC 581 x0=0.791194 velocity_parameter=0.517333 status=outer_limit: trajectory reached the configured outer_limit radius
velocity row 93/120 IC 564/599 x0=0.791155 velocity_parameter=0.5335 elapsed=16.8768s written=0
  crossing 0/250
  stopped velocity row 93 IC 564 x0=0.791155 velocity_parameter=0.5335 status=outer_limit: trajectory reached the configured outer_limit radius
velocity row 93/120 IC 574/599 x0=0.791178 velocity_parameter=0.5335 elapsed=16.9668s written=0
  crossing 0/250
  stopped velocity row 93 IC 574 x0=0.791178 velocity_parameter=0.5335 status=outer_limit: trajectory reached the configured outer_limit radius
velocity row 93/120 IC 581/599 x0=0.791194 velocity_parameter=0.5335 elapsed=17.0279s written=0
  crossing 0/250
  stopped velocity row 93 IC 581 x0=0.791194 velocity_parameter=0.5335 status=outer_limit: trajectory reached the configured outer_limit radius
velocity row 94/120 IC 564/599 x0=0.791155 velocity_parameter=0.549667 elapsed=17.0367s written=0
  crossing 0/250
  stopped velocity row 94 IC 564 x0=0.791155 velocity_parameter=0.549667 status=outer_limit: trajectory reached the configured outer_limit radius
velocity row 94/120 IC 574/599 x0=0.791178 velocity_parameter=0.549667 elapsed=17.1227s written=0
  crossing 0/250
  stopped velocity row 94 IC 574 x0=0.791178 velocity_parameter=0.549667 status=outer_limit: trajectory reached the configured outer_limit radius
velocity row 94/120 IC 581/599 x0=0.791194 velocity_parameter=0.549667 elapsed=17.1759s written=0
  crossing 0/250
  stopped velocity row 94 IC 581 x0=0.791194 velocity_parameter=0.549667 status=outer_limit: trajectory reached the configured outer_limit radius
velocity row 95/120 IC 564/599 x0=0.791155 velocity_parameter=0.565833 elapsed=17.1857s written=0
  crossing 0/250
  stopped velocity row 95 IC 564 x0=0.791155 velocity_parameter=0.565833 status=outer_limit: trajectory reached the configured outer_limit radius
velocity row 95/120 IC 574/599 x0=0.791178 velocity_parameter=0.565833 elapsed=17.2724s written=0
  crossing 0/250
  stopped velocity row 95 IC 574 x0=0.791178 velocity_parameter=0.565833 status=outer_limit: trajectory reached the configured outer_limit radius
velocity row 95/120 IC 581/599 x0=0.791194 velocity_parameter=0.565833 elapsed=17.3353s written=0
  crossing 0/250
  stopped velocity row 95 IC 581 x0=0.791194 velocity_parameter=0.565833 status=outer_limit: trajectory reached the configured outer_limit radius
velocity row 96/120 IC 564/599 x0=0.791155 velocity_parameter=0.582 elapsed=17.3442s written=0
  crossing 0/250
  stopped velocity row 96 IC 564 x0=0.791155 velocity_parameter=0.582 status=outer_limit: trajectory reached the configured outer_limit radius
velocity row 96/120 IC 574/599 x0=0.791178 velocity_parameter=0.582 elapsed=17.4328s written=0
  crossing 0/250
  stopped velocity row 96 IC 574 x0=0.791178 velocity_parameter=0.582 status=outer_limit: trajectory reached the configured outer_limit radius
velocity row 96/120 IC 581/599 x0=0.791194 velocity_parameter=0.582 elapsed=17.4943s written=0
  crossing 0/250
  stopped velocity row 96 IC 581 x0=0.791194 velocity_parameter=0.582 status=outer_limit: trajectory reached the configured outer_limit radius
velocity row 97/120 IC 564/599 x0=0.791155 velocity_parameter=0.598167 elapsed=17.5027s written=0
  crossing 0/250
  stopped velocity row 97 IC 564 x0=0.791155 velocity_parameter=0.598167 status=outer_limit: trajectory reached the configured outer_limit radius
velocity row 97/120 IC 574/599 x0=0.791178 velocity_parameter=0.598167 elapsed=17.5959s written=0
  crossing 0/250
  stopped velocity row 97 IC 574 x0=0.791178 velocity_parameter=0.598167 status=outer_limit: trajectory reached the configured outer_limit radius
velocity row 97/120 IC 581/599 x0=0.791194 velocity_parameter=0.598167 elapsed=17.6601s written=0
  crossing 0/250
  stopped velocity row 97 IC 581 x0=0.791194 velocity_parameter=0.598167 status=outer_limit: trajectory reached the configured outer_limit radius
velocity row 98/120 IC 564/599 x0=0.791155 velocity_parameter=0.614333 elapsed=17.6696s written=0
  crossing 0/250
  stopped velocity row 98 IC 564 x0=0.791155 velocity_parameter=0.614333 status=outer_limit: trajectory reached the configured outer_limit radius
velocity row 98/120 IC 574/599 x0=0.791178 velocity_parameter=0.614333 elapsed=17.7577s written=0
  crossing 0/250
  stopped velocity row 98 IC 574 x0=0.791178 velocity_parameter=0.614333 status=outer_limit: trajectory reached the configured outer_limit radius
velocity row 98/120 IC 581/599 x0=0.791194 velocity_parameter=0.614333 elapsed=17.8156s written=0
  crossing 0/250
  stopped velocity row 98 IC 581 x0=0.791194 velocity_parameter=0.614333 status=outer_limit: trajectory reached the configured outer_limit radius
velocity row 99/120 IC 564/599 x0=0.791155 velocity_parameter=0.6305 elapsed=17.825s written=0
  crossing 0/250
  stopped velocity row 99 IC 564 x0=0.791155 velocity_parameter=0.6305 status=outer_limit: trajectory reached the configured outer_limit radius
velocity row 99/120 IC 574/599 x0=0.791178 velocity_parameter=0.6305 elapsed=17.9146s written=0
  crossing 0/250
  stopped velocity row 99 IC 574 x0=0.791178 velocity_parameter=0.6305 status=outer_limit: trajectory reached the configured outer_limit radius
velocity row 99/120 IC 581/599 x0=0.791194 velocity_parameter=0.6305 elapsed=17.977s written=0
  crossing 0/250
  stopped velocity row 99 IC 581 x0=0.791194 velocity_parameter=0.6305 status=outer_limit: trajectory reached the configured outer_limit radius
velocity row 100/120 IC 564/599 x0=0.791155 velocity_parameter=0.646667 elapsed=17.9862s written=0
  crossing 0/250
  stopped velocity row 100 IC 564 x0=0.791155 velocity_parameter=0.646667 status=outer_limit: trajectory reached the configured outer_limit radius
velocity row 100/120 IC 574/599 x0=0.791178 velocity_parameter=0.646667 elapsed=18.0716s written=0
  crossing 0/250
  stopped velocity row 100 IC 574 x0=0.791178 velocity_parameter=0.646667 status=outer_limit: trajectory reached the configured outer_limit radius
velocity row 100/120 IC 581/599 x0=0.791194 velocity_parameter=0.646667 elapsed=18.1338s written=0
  crossing 0/250
  stopped velocity row 100 IC 581 x0=0.791194 velocity_parameter=0.646667 status=outer_limit: trajectory reached the configured outer_limit radius
velocity row 101/120 IC 564/599 x0=0.791155 velocity_parameter=0.662833 elapsed=18.1436s written=0
  crossing 0/250
  stopped velocity row 101 IC 564 x0=0.791155 velocity_parameter=0.662833 status=outer_limit: trajectory reached the configured outer_limit radius
velocity row 101/120 IC 574/599 x0=0.791178 velocity_parameter=0.662833 elapsed=18.2262s written=0
  crossing 0/250
  stopped velocity row 101 IC 574 x0=0.791178 velocity_parameter=0.662833 status=outer_limit: trajectory reached the configured outer_limit radius
velocity row 101/120 IC 581/599 x0=0.791194 velocity_parameter=0.662833 elapsed=18.2863s written=0
  crossing 0/250
  stopped velocity row 101 IC 581 x0=0.791194 velocity_parameter=0.662833 status=outer_limit: trajectory reached the configured outer_limit radius
velocity row 102/120 IC 564/599 x0=0.791155 velocity_parameter=0.679 elapsed=18.2956s written=0
  crossing 0/250
  stopped velocity row 102 IC 564 x0=0.791155 velocity_parameter=0.679 status=outer_limit: trajectory reached the configured outer_limit radius
velocity row 102/120 IC 574/599 x0=0.791178 velocity_parameter=0.679 elapsed=18.3814s written=0
  crossing 0/250
  stopped velocity row 102 IC 574 x0=0.791178 velocity_parameter=0.679 status=outer_limit: trajectory reached the configured outer_limit radius
velocity row 102/120 IC 581/599 x0=0.791194 velocity_parameter=0.679 elapsed=18.4388s written=0
  crossing 0/250
  stopped velocity row 102 IC 581 x0=0.791194 velocity_parameter=0.679 status=outer_limit: trajectory reached the configured outer_limit radius
velocity row 103/120 IC 564/599 x0=0.791155 velocity_parameter=0.695167 elapsed=18.4484s written=0
  crossing 0/250
  stopped velocity row 103 IC 564 x0=0.791155 velocity_parameter=0.695167 status=outer_limit: trajectory reached the configured outer_limit radius
velocity row 103/120 IC 574/599 x0=0.791178 velocity_parameter=0.695167 elapsed=18.5297s written=0
  crossing 0/250
  stopped velocity row 103 IC 574 x0=0.791178 velocity_parameter=0.695167 status=outer_limit: trajectory reached the configured outer_limit radius
velocity row 103/120 IC 581/599 x0=0.791194 velocity_parameter=0.695167 elapsed=18.5989s written=0
  crossing 0/250
  stopped velocity row 103 IC 581 x0=0.791194 velocity_parameter=0.695167 status=outer_limit: trajectory reached the configured outer_limit radius
velocity row 104/120 IC 564/599 x0=0.791155 velocity_parameter=0.711333 elapsed=18.6063s written=0
  crossing 0/250
  stopped velocity row 104 IC 564 x0=0.791155 velocity_parameter=0.711333 status=outer_limit: trajectory reached the configured outer_limit radius
velocity row 104/120 IC 574/599 x0=0.791178 velocity_parameter=0.711333 elapsed=18.6891s written=0
  crossing 0/250
  stopped velocity row 104 IC 574 x0=0.791178 velocity_parameter=0.711333 status=outer_limit: trajectory reached the configured outer_limit radius
velocity row 104/120 IC 581/599 x0=0.791194 velocity_parameter=0.711333 elapsed=18.7521s written=0
  crossing 0/250
  stopped velocity row 104 IC 581 x0=0.791194 velocity_parameter=0.711333 status=outer_limit: trajectory reached the configured outer_limit radius
velocity row 105/120 IC 564/599 x0=0.791155 velocity_parameter=0.7275 elapsed=18.7608s written=0
  crossing 0/250
  stopped velocity row 105 IC 564 x0=0.791155 velocity_parameter=0.7275 status=outer_limit: trajectory reached the configured outer_limit radius
velocity row 105/120 IC 574/599 x0=0.791178 velocity_parameter=0.7275 elapsed=18.8497s written=0
  crossing 0/250
  stopped velocity row 105 IC 574 x0=0.791178 velocity_parameter=0.7275 status=outer_limit: trajectory reached the configured outer_limit radius
velocity row 105/120 IC 581/599 x0=0.791194 velocity_parameter=0.7275 elapsed=18.9105s written=0
  crossing 0/250
  stopped velocity row 105 IC 581 x0=0.791194 velocity_parameter=0.7275 status=outer_limit: trajectory reached the configured outer_limit radius
velocity row 106/120 IC 564/599 x0=0.791155 velocity_parameter=0.743667 elapsed=18.9198s written=0
  crossing 0/250
  stopped velocity row 106 IC 564 x0=0.791155 velocity_parameter=0.743667 status=outer_limit: trajectory reached the configured outer_limit radius
velocity row 106/120 IC 574/599 x0=0.791178 velocity_parameter=0.743667 elapsed=19.0128s written=0
  crossing 0/250
  stopped velocity row 106 IC 574 x0=0.791178 velocity_parameter=0.743667 status=outer_limit: trajectory reached the configured outer_limit radius
velocity row 106/120 IC 581/599 x0=0.791194 velocity_parameter=0.743667 elapsed=19.0738s written=0
  crossing 0/250
  stopped velocity row 106 IC 581 x0=0.791194 velocity_parameter=0.743667 status=outer_limit: trajectory reached the configured outer_limit radius
velocity row 107/120 IC 564/599 x0=0.791155 velocity_parameter=0.759833 elapsed=19.0834s written=0
  crossing 0/250
  stopped velocity row 107 IC 564 x0=0.791155 velocity_parameter=0.759833 status=outer_limit: trajectory reached the configured outer_limit radius
velocity row 107/120 IC 574/599 x0=0.791178 velocity_parameter=0.759833 elapsed=19.1701s written=0
  crossing 0/250
  stopped velocity row 107 IC 574 x0=0.791178 velocity_parameter=0.759833 status=outer_limit: trajectory reached the configured outer_limit radius
velocity row 107/120 IC 581/599 x0=0.791194 velocity_parameter=0.759833 elapsed=19.2276s written=0
  crossing 0/250
  stopped velocity row 107 IC 581 x0=0.791194 velocity_parameter=0.759833 status=outer_limit: trajectory reached the configured outer_limit radius
velocity row 108/120 IC 564/599 x0=0.791155 velocity_parameter=0.776 elapsed=19.2352s written=0
  crossing 0/250
  stopped velocity row 108 IC 564 x0=0.791155 velocity_parameter=0.776 status=outer_limit: trajectory reached the configured outer_limit radius
velocity row 108/120 IC 574/599 x0=0.791178 velocity_parameter=0.776 elapsed=19.3205s written=0
  crossing 0/250
  stopped velocity row 108 IC 574 x0=0.791178 velocity_parameter=0.776 status=outer_limit: trajectory reached the configured outer_limit radius
velocity row 108/120 IC 581/599 x0=0.791194 velocity_parameter=0.776 elapsed=19.379s written=0
  crossing 0/250
  stopped velocity row 108 IC 581 x0=0.791194 velocity_parameter=0.776 status=outer_limit: trajectory reached the configured outer_limit radius
velocity row 109/120 IC 564/599 x0=0.791155 velocity_parameter=0.792167 elapsed=19.3882s written=0
  crossing 0/250
  stopped velocity row 109 IC 564 x0=0.791155 velocity_parameter=0.792167 status=outer_limit: trajectory reached the configured outer_limit radius
velocity row 109/120 IC 574/599 x0=0.791178 velocity_parameter=0.792167 elapsed=19.4719s written=0
  crossing 0/250
  stopped velocity row 109 IC 574 x0=0.791178 velocity_parameter=0.792167 status=outer_limit: trajectory reached the configured outer_limit radius
velocity row 109/120 IC 581/599 x0=0.791194 velocity_parameter=0.792167 elapsed=19.5325s written=0
  crossing 0/250
  stopped velocity row 109 IC 581 x0=0.791194 velocity_parameter=0.792167 status=outer_limit: trajectory reached the configured outer_limit radius
velocity row 110/120 IC 564/599 x0=0.791155 velocity_parameter=0.808333 elapsed=19.5413s written=0
  crossing 0/250
  stopped velocity row 110 IC 564 x0=0.791155 velocity_parameter=0.808333 status=outer_limit: trajectory reached the configured outer_limit radius
velocity row 110/120 IC 574/599 x0=0.791178 velocity_parameter=0.808333 elapsed=19.6295s written=0
  crossing 0/250
  stopped velocity row 110 IC 574 x0=0.791178 velocity_parameter=0.808333 status=outer_limit: trajectory reached the configured outer_limit radius
velocity row 110/120 IC 581/599 x0=0.791194 velocity_parameter=0.808333 elapsed=19.6954s written=0
  crossing 0/250
  stopped velocity row 110 IC 581 x0=0.791194 velocity_parameter=0.808333 status=outer_limit: trajectory reached the configured outer_limit radius
velocity row 111/120 IC 564/599 x0=0.791155 velocity_parameter=0.8245 elapsed=19.7041s written=0
  crossing 0/250
  stopped velocity row 111 IC 564 x0=0.791155 velocity_parameter=0.8245 status=outer_limit: trajectory reached the configured outer_limit radius
velocity row 111/120 IC 574/599 x0=0.791178 velocity_parameter=0.8245 elapsed=19.7839s written=0
  crossing 0/250
  stopped velocity row 111 IC 574 x0=0.791178 velocity_parameter=0.8245 status=outer_limit: trajectory reached the configured outer_limit radius
velocity row 111/120 IC 581/599 x0=0.791194 velocity_parameter=0.8245 elapsed=19.8459s written=0
  crossing 0/250
  stopped velocity row 111 IC 581 x0=0.791194 velocity_parameter=0.8245 status=outer_limit: trajectory reached the configured outer_limit radius
velocity row 112/120 IC 564/599 x0=0.791155 velocity_parameter=0.840667 elapsed=19.8552s written=0
  crossing 0/250
  stopped velocity row 112 IC 564 x0=0.791155 velocity_parameter=0.840667 status=outer_limit: trajectory reached the configured outer_limit radius
velocity row 112/120 IC 574/599 x0=0.791178 velocity_parameter=0.840667 elapsed=19.9448s written=0
  crossing 0/250
  stopped velocity row 112 IC 574 x0=0.791178 velocity_parameter=0.840667 status=outer_limit: trajectory reached the configured outer_limit radius
velocity row 112/120 IC 581/599 x0=0.791194 velocity_parameter=0.840667 elapsed=20.0062s written=0
  crossing 0/250
  stopped velocity row 112 IC 581 x0=0.791194 velocity_parameter=0.840667 status=outer_limit: trajectory reached the configured outer_limit radius
velocity row 113/120 IC 564/599 x0=0.791155 velocity_parameter=0.856833 elapsed=20.0154s written=0
  crossing 0/250
  stopped velocity row 113 IC 564 x0=0.791155 velocity_parameter=0.856833 status=outer_limit: trajectory reached the configured outer_limit radius
velocity row 113/120 IC 574/599 x0=0.791178 velocity_parameter=0.856833 elapsed=20.097s written=0
  crossing 0/250
  stopped velocity row 113 IC 574 x0=0.791178 velocity_parameter=0.856833 status=outer_limit: trajectory reached the configured outer_limit radius
velocity row 113/120 IC 581/599 x0=0.791194 velocity_parameter=0.856833 elapsed=20.1556s written=0
  crossing 0/250
  stopped velocity row 113 IC 581 x0=0.791194 velocity_parameter=0.856833 status=outer_limit: trajectory reached the configured outer_limit radius
velocity row 114/120 IC 564/599 x0=0.791155 velocity_parameter=0.873 elapsed=20.1645s written=0
  crossing 0/250
  stopped velocity row 114 IC 564 x0=0.791155 velocity_parameter=0.873 status=outer_limit: trajectory reached the configured outer_limit radius
velocity row 114/120 IC 574/599 x0=0.791178 velocity_parameter=0.873 elapsed=20.2526s written=0
  crossing 0/250
  stopped velocity row 114 IC 574 x0=0.791178 velocity_parameter=0.873 status=outer_limit: trajectory reached the configured outer_limit radius
velocity row 114/120 IC 581/599 x0=0.791194 velocity_parameter=0.873 elapsed=20.3154s written=0
  crossing 0/250
  stopped velocity row 114 IC 581 x0=0.791194 velocity_parameter=0.873 status=outer_limit: trajectory reached the configured outer_limit radius
velocity row 115/120 IC 564/599 x0=0.791155 velocity_parameter=0.889167 elapsed=20.3234s written=0
  crossing 0/250
  stopped velocity row 115 IC 564 x0=0.791155 velocity_parameter=0.889167 status=outer_limit: trajectory reached the configured outer_limit radius
velocity row 115/120 IC 574/599 x0=0.791178 velocity_parameter=0.889167 elapsed=20.4055s written=0
  crossing 0/250
  stopped velocity row 115 IC 574 x0=0.791178 velocity_parameter=0.889167 status=outer_limit: trajectory reached the configured outer_limit radius
velocity row 115/120 IC 581/599 x0=0.791194 velocity_parameter=0.889167 elapsed=20.4691s written=0
  crossing 0/250
  stopped velocity row 115 IC 581 x0=0.791194 velocity_parameter=0.889167 status=outer_limit: trajectory reached the configured outer_limit radius
velocity row 116/120 IC 564/599 x0=0.791155 velocity_parameter=0.905333 elapsed=20.4784s written=0
  crossing 0/250
  stopped velocity row 116 IC 564 x0=0.791155 velocity_parameter=0.905333 status=outer_limit: trajectory reached the configured outer_limit radius
velocity row 116/120 IC 574/599 x0=0.791178 velocity_parameter=0.905333 elapsed=20.5609s written=0
  crossing 0/250
  stopped velocity row 116 IC 574 x0=0.791178 velocity_parameter=0.905333 status=outer_limit: trajectory reached the configured outer_limit radius
velocity row 116/120 IC 581/599 x0=0.791194 velocity_parameter=0.905333 elapsed=20.6163s written=0
  crossing 0/250
  stopped velocity row 116 IC 581 x0=0.791194 velocity_parameter=0.905333 status=outer_limit: trajectory reached the configured outer_limit radius
velocity row 117/120 IC 564/599 x0=0.791155 velocity_parameter=0.9215 elapsed=20.6249s written=0
  crossing 0/250
  stopped velocity row 117 IC 564 x0=0.791155 velocity_parameter=0.9215 status=outer_limit: trajectory reached the configured outer_limit radius
velocity row 117/120 IC 574/599 x0=0.791178 velocity_parameter=0.9215 elapsed=20.7048s written=0
  crossing 0/250
  stopped velocity row 117 IC 574 x0=0.791178 velocity_parameter=0.9215 status=outer_limit: trajectory reached the configured outer_limit radius
velocity row 117/120 IC 581/599 x0=0.791194 velocity_parameter=0.9215 elapsed=20.7623s written=0
  crossing 0/250
  stopped velocity row 117 IC 581 x0=0.791194 velocity_parameter=0.9215 status=outer_limit: trajectory reached the configured outer_limit radius
velocity row 118/120 IC 564/599 x0=0.791155 velocity_parameter=0.937667 elapsed=20.7718s written=0
  crossing 0/250
  stopped velocity row 118 IC 564 x0=0.791155 velocity_parameter=0.937667 status=outer_limit: trajectory reached the configured outer_limit radius
velocity row 118/120 IC 574/599 x0=0.791178 velocity_parameter=0.937667 elapsed=20.8642s written=0
  crossing 0/250
  stopped velocity row 118 IC 574 x0=0.791178 velocity_parameter=0.937667 status=outer_limit: trajectory reached the configured outer_limit radius
velocity row 118/120 IC 581/599 x0=0.791194 velocity_parameter=0.937667 elapsed=20.9219s written=0
  crossing 0/250
  stopped velocity row 118 IC 581 x0=0.791194 velocity_parameter=0.937667 status=outer_limit: trajectory reached the configured outer_limit radius
velocity row 119/120 IC 564/599 x0=0.791155 velocity_parameter=0.953833 elapsed=20.9316s written=0
  crossing 0/250
  stopped velocity row 119 IC 564 x0=0.791155 velocity_parameter=0.953833 status=outer_limit: trajectory reached the configured outer_limit radius
velocity row 119/120 IC 574/599 x0=0.791178 velocity_parameter=0.953833 elapsed=21.0195s written=0
  crossing 0/250
  stopped velocity row 119 IC 574 x0=0.791178 velocity_parameter=0.953833 status=outer_limit: trajectory reached the configured outer_limit radius
velocity row 119/120 IC 581/599 x0=0.791194 velocity_parameter=0.953833 elapsed=21.0764s written=0
  crossing 0/250
  stopped velocity row 119 IC 581 x0=0.791194 velocity_parameter=0.953833 status=outer_limit: trajectory reached the configured outer_limit radius
velocity row 120/120 IC 564/599 x0=0.791155 velocity_parameter=0.97 elapsed=21.0841s written=0
  crossing 0/250
  stopped velocity row 120 IC 564 x0=0.791155 velocity_parameter=0.97 status=outer_limit: trajectory reached the configured outer_limit radius
velocity row 120/120 IC 574/599 x0=0.791178 velocity_parameter=0.97 elapsed=21.1654s written=0
  crossing 0/250
  stopped velocity row 120 IC 574 x0=0.791178 velocity_parameter=0.97 status=outer_limit: trajectory reached the configured outer_limit radius
velocity row 120/120 IC 581/599 x0=0.791194 velocity_parameter=0.97 elapsed=21.23s written=0
  crossing 0/250
  stopped velocity row 120 IC 581 x0=0.791194 velocity_parameter=0.97 status=outer_limit: trajectory reached the configured outer_limit radius
metadata -> /mnt/c/Users/payne/Code/Hill_4BP/professional_neck_studies/e1_dense_001/survey/level_005_delta_1e_minus_7/closed/shard_0030/metadata.txt
wrote 0 points (0 ICs skipped, 2178 orbits stopped early, elapsed=21.2398s) -> /mnt/c/Users/payne/Code/Hill_4BP/professional_neck_studies/e1_dense_001/survey/level_005_delta_1e_minus_7/closed/shard_0030/points.csv
outcomes: collision=0 completed=0 forbidden=0 inner_radius_limit=0 invalid_initial_radius=0 invalid_velocity=0 nontransverse=0 numerical_failure=0 outer_limit=2178 timeout=0
maximum sampled |H-h|=8.96771e-16
