zero-velocity boundary -> /mnt/c/Users/payne/Code/Hill_4BP/professional_neck_studies/e1_dense_001/survey/level_004_delta_1e_minus_6/closed/shard_0031/zero_velocity_boundary.csv
lambda1=0.0272549 lambda2=2.97275 A=-0.986373 B=0.486373 c=0.0976566 c1=0 c2=0 c3=-0.0976566 h=-2.39154 (C=4.78308)
E1/E2 neck h=-2.39154 (C=4.78307), E3/E4 neck h=-0.454039 (C=0.908078)
energy_mode=neck_delta neck=E1 hcrit=-2.39154 delta=1e-06 side=closed actual_neck_side=closed delta_h=-1e-06
x_count=600 xdot_count=121 iterates=250 index range=[582,599] velocity_mode=fraction x_range=[0.788405,0.792705] max_return_time=100
smooth coordinates R=sqrt(rho), CAPD crossing mode=Both solver_order=28 max_step=0.005 abs_tol=1e-15 rel_tol=1e-13 collision_radius=1e-06 outer_radius=5
velocity row 0/120 IC 582/599 x0=0.792583 velocity_parameter=-0.97 elapsed=2.08e-07s written=0
  crossing 0/250
  stopped velocity row 0 IC 582 x0=0.792583 velocity_parameter=-0.97 status=outer_limit: trajectory reached the configured outer_limit radius
  stopped velocity row 0 IC 583 x0=0.79259 velocity_parameter=-0.97 status=outer_limit: trajectory reached the configured outer_limit radius
  stopped velocity row 0 IC 584 x0=0.792597 velocity_parameter=-0.97 status=outer_limit: trajectory reached the configured outer_limit radius
  stopped velocity row 0 IC 585 x0=0.792604 velocity_parameter=-0.97 status=outer_limit: trajectory reached the configured outer_limit radius
  stopped velocity row 0 IC 586 x0=0.792611 velocity_parameter=-0.97 status=outer_limit: trajectory reached the configured outer_limit radius
  stopped velocity row 0 IC 587 x0=0.792619 velocity_parameter=-0.97 status=outer_limit: trajectory reached the configured outer_limit radius
  stopped velocity row 0 IC 588 x0=0.792626 velocity_parameter=-0.97 status=outer_limit: trajectory reached the configured outer_limit radius
  stopped velocity row 0 IC 589 x0=0.792633 velocity_parameter=-0.97 status=outer_limit: trajectory reached the configured outer_limit radius
  stopped velocity row 0 IC 590 x0=0.79264 velocity_parameter=-0.97 status=outer_limit: trajectory reached the configured outer_limit radius
  stopped velocity row 0 IC 591 x0=0.792647 velocity_parameter=-0.97 status=outer_limit: trajectory reached the configured outer_limit radius
velocity row 0/120 IC 592/599 x0=0.792655 velocity_parameter=-0.97 elapsed=0.138175s written=0
  crossing 0/250
  stopped velocity row 0 IC 592 x0=0.792655 velocity_parameter=-0.97 status=outer_limit: trajectory reached the configured outer_limit radius
velocity row 0/120 IC 599/599 x0=0.792705 velocity_parameter=-0.97 elapsed=0.22535s written=0
  crossing 0/250
  stopped velocity row 0 IC 599 x0=0.792705 velocity_parameter=-0.97 status=outer_limit: trajectory reached the configured outer_limit radius
velocity row 1/120 IC 582/599 x0=0.792583 velocity_parameter=-0.953833 elapsed=0.236775s written=0
  crossing 0/250
  stopped velocity row 1 IC 582 x0=0.792583 velocity_parameter=-0.953833 status=outer_limit: trajectory reached the configured outer_limit radius
velocity row 1/120 IC 592/599 x0=0.792655 velocity_parameter=-0.953833 elapsed=0.359052s written=0
  crossing 0/250
  stopped velocity row 1 IC 592 x0=0.792655 velocity_parameter=-0.953833 status=outer_limit: trajectory reached the configured outer_limit radius
velocity row 1/120 IC 599/599 x0=0.792705 velocity_parameter=-0.953833 elapsed=0.459524s written=0
  crossing 0/250
  stopped velocity row 1 IC 599 x0=0.792705 velocity_parameter=-0.953833 status=outer_limit: trajectory reached the configured outer_limit radius
velocity row 2/120 IC 582/599 x0=0.792583 velocity_parameter=-0.937667 elapsed=0.470127s written=0
  crossing 0/250
  stopped velocity row 2 IC 582 x0=0.792583 velocity_parameter=-0.937667 status=outer_limit: trajectory reached the configured outer_limit radius
velocity row 2/120 IC 592/599 x0=0.792655 velocity_parameter=-0.937667 elapsed=0.60295s written=0
  crossing 0/250
  stopped velocity row 2 IC 592 x0=0.792655 velocity_parameter=-0.937667 status=outer_limit: trajectory reached the configured outer_limit radius
velocity row 2/120 IC 599/599 x0=0.792705 velocity_parameter=-0.937667 elapsed=0.684012s written=0
  crossing 0/250
  stopped velocity row 2 IC 599 x0=0.792705 velocity_parameter=-0.937667 status=outer_limit: trajectory reached the configured outer_limit radius
velocity row 3/120 IC 582/599 x0=0.792583 velocity_parameter=-0.9215 elapsed=0.695901s written=0
  crossing 0/250
  stopped velocity row 3 IC 582 x0=0.792583 velocity_parameter=-0.9215 status=outer_limit: trajectory reached the configured outer_limit radius
velocity row 3/120 IC 592/599 x0=0.792655 velocity_parameter=-0.9215 elapsed=0.808149s written=0
  crossing 0/250
  stopped velocity row 3 IC 592 x0=0.792655 velocity_parameter=-0.9215 status=outer_limit: trajectory reached the configured outer_limit radius
velocity row 3/120 IC 599/599 x0=0.792705 velocity_parameter=-0.9215 elapsed=0.886104s written=0
  crossing 0/250
  stopped velocity row 3 IC 599 x0=0.792705 velocity_parameter=-0.9215 status=outer_limit: trajectory reached the configured outer_limit radius
velocity row 4/120 IC 582/599 x0=0.792583 velocity_parameter=-0.905333 elapsed=0.8997s written=0
  crossing 0/250
  stopped velocity row 4 IC 582 x0=0.792583 velocity_parameter=-0.905333 status=outer_limit: trajectory reached the configured outer_limit radius
velocity row 4/120 IC 592/599 x0=0.792655 velocity_parameter=-0.905333 elapsed=1.01182s written=0
  crossing 0/250
  stopped velocity row 4 IC 592 x0=0.792655 velocity_parameter=-0.905333 status=outer_limit: trajectory reached the configured outer_limit radius
velocity row 4/120 IC 599/599 x0=0.792705 velocity_parameter=-0.905333 elapsed=1.11286s written=0
  crossing 0/250
  stopped velocity row 4 IC 599 x0=0.792705 velocity_parameter=-0.905333 status=outer_limit: trajectory reached the configured outer_limit radius
velocity row 5/120 IC 582/599 x0=0.792583 velocity_parameter=-0.889167 elapsed=1.12369s written=0
  crossing 0/250
  stopped velocity row 5 IC 582 x0=0.792583 velocity_parameter=-0.889167 status=outer_limit: trajectory reached the configured outer_limit radius
velocity row 5/120 IC 592/599 x0=0.792655 velocity_parameter=-0.889167 elapsed=1.24728s written=0
  crossing 0/250
  stopped velocity row 5 IC 592 x0=0.792655 velocity_parameter=-0.889167 status=outer_limit: trajectory reached the configured outer_limit radius
velocity row 5/120 IC 599/599 x0=0.792705 velocity_parameter=-0.889167 elapsed=1.33159s written=0
  crossing 0/250
  stopped velocity row 5 IC 599 x0=0.792705 velocity_parameter=-0.889167 status=outer_limit: trajectory reached the configured outer_limit radius
velocity row 6/120 IC 582/599 x0=0.792583 velocity_parameter=-0.873 elapsed=1.34203s written=0
  crossing 0/250
  stopped velocity row 6 IC 582 x0=0.792583 velocity_parameter=-0.873 status=outer_limit: trajectory reached the configured outer_limit radius
velocity row 6/120 IC 592/599 x0=0.792655 velocity_parameter=-0.873 elapsed=1.46164s written=0
  crossing 0/250
  stopped velocity row 6 IC 592 x0=0.792655 velocity_parameter=-0.873 status=outer_limit: trajectory reached the configured outer_limit radius
velocity row 6/120 IC 599/599 x0=0.792705 velocity_parameter=-0.873 elapsed=1.54041s written=0
  crossing 0/250
  stopped velocity row 6 IC 599 x0=0.792705 velocity_parameter=-0.873 status=outer_limit: trajectory reached the configured outer_limit radius
velocity row 7/120 IC 582/599 x0=0.792583 velocity_parameter=-0.856833 elapsed=1.55349s written=0
  crossing 0/250
  stopped velocity row 7 IC 582 x0=0.792583 velocity_parameter=-0.856833 status=outer_limit: trajectory reached the configured outer_limit radius
velocity row 7/120 IC 592/599 x0=0.792655 velocity_parameter=-0.856833 elapsed=1.66168s written=0
  crossing 0/250
  stopped velocity row 7 IC 592 x0=0.792655 velocity_parameter=-0.856833 status=outer_limit: trajectory reached the configured outer_limit radius
velocity row 7/120 IC 599/599 x0=0.792705 velocity_parameter=-0.856833 elapsed=1.74429s written=0
  crossing 0/250
  stopped velocity row 7 IC 599 x0=0.792705 velocity_parameter=-0.856833 status=outer_limit: trajectory reached the configured outer_limit radius
velocity row 8/120 IC 582/599 x0=0.792583 velocity_parameter=-0.840667 elapsed=1.75873s written=0
  crossing 0/250
  stopped velocity row 8 IC 582 x0=0.792583 velocity_parameter=-0.840667 status=outer_limit: trajectory reached the configured outer_limit radius
velocity row 8/120 IC 592/599 x0=0.792655 velocity_parameter=-0.840667 elapsed=1.88031s written=0
  crossing 0/250
  stopped velocity row 8 IC 592 x0=0.792655 velocity_parameter=-0.840667 status=outer_limit: trajectory reached the configured outer_limit radius
velocity row 8/120 IC 599/599 x0=0.792705 velocity_parameter=-0.840667 elapsed=1.96201s written=0
  crossing 0/250
  stopped velocity row 8 IC 599 x0=0.792705 velocity_parameter=-0.840667 status=outer_limit: trajectory reached the configured outer_limit radius
velocity row 9/120 IC 582/599 x0=0.792583 velocity_parameter=-0.8245 elapsed=1.97946s written=0
  crossing 0/250
  stopped velocity row 9 IC 582 x0=0.792583 velocity_parameter=-0.8245 status=outer_limit: trajectory reached the configured outer_limit radius
velocity row 9/120 IC 592/599 x0=0.792655 velocity_parameter=-0.8245 elapsed=2.08904s written=0
  crossing 0/250
  stopped velocity row 9 IC 592 x0=0.792655 velocity_parameter=-0.8245 status=outer_limit: trajectory reached the configured outer_limit radius
velocity row 9/120 IC 599/599 x0=0.792705 velocity_parameter=-0.8245 elapsed=2.16511s written=0
  crossing 0/250
  stopped velocity row 9 IC 599 x0=0.792705 velocity_parameter=-0.8245 status=outer_limit: trajectory reached the configured outer_limit radius
velocity row 10/120 IC 582/599 x0=0.792583 velocity_parameter=-0.808333 elapsed=2.17674s written=0
  crossing 0/250
  stopped velocity row 10 IC 582 x0=0.792583 velocity_parameter=-0.808333 status=outer_limit: trajectory reached the configured outer_limit radius
velocity row 10/120 IC 592/599 x0=0.792655 velocity_parameter=-0.808333 elapsed=2.29085s written=0
  crossing 0/250
  stopped velocity row 10 IC 592 x0=0.792655 velocity_parameter=-0.808333 status=outer_limit: trajectory reached the configured outer_limit radius
velocity row 10/120 IC 599/599 x0=0.792705 velocity_parameter=-0.808333 elapsed=2.37126s written=0
  crossing 0/250
  stopped velocity row 10 IC 599 x0=0.792705 velocity_parameter=-0.808333 status=outer_limit: trajectory reached the configured outer_limit radius
velocity row 11/120 IC 582/599 x0=0.792583 velocity_parameter=-0.792167 elapsed=2.38469s written=0
  crossing 0/250
  stopped velocity row 11 IC 582 x0=0.792583 velocity_parameter=-0.792167 status=outer_limit: trajectory reached the configured outer_limit radius
velocity row 11/120 IC 592/599 x0=0.792655 velocity_parameter=-0.792167 elapsed=2.50025s written=0
  crossing 0/250
  stopped velocity row 11 IC 592 x0=0.792655 velocity_parameter=-0.792167 status=outer_limit: trajectory reached the configured outer_limit radius
velocity row 11/120 IC 599/599 x0=0.792705 velocity_parameter=-0.792167 elapsed=2.57312s written=0
  crossing 0/250
  stopped velocity row 11 IC 599 x0=0.792705 velocity_parameter=-0.792167 status=outer_limit: trajectory reached the configured outer_limit radius
velocity row 12/120 IC 582/599 x0=0.792583 velocity_parameter=-0.776 elapsed=2.58454s written=0
  crossing 0/250
  stopped velocity row 12 IC 582 x0=0.792583 velocity_parameter=-0.776 status=outer_limit: trajectory reached the configured outer_limit radius
velocity row 12/120 IC 592/599 x0=0.792655 velocity_parameter=-0.776 elapsed=2.68734s written=0
  crossing 0/250
  stopped velocity row 12 IC 592 x0=0.792655 velocity_parameter=-0.776 status=outer_limit: trajectory reached the configured outer_limit radius
velocity row 12/120 IC 599/599 x0=0.792705 velocity_parameter=-0.776 elapsed=2.77235s written=0
  crossing 0/250
  stopped velocity row 12 IC 599 x0=0.792705 velocity_parameter=-0.776 status=outer_limit: trajectory reached the configured outer_limit radius
velocity row 13/120 IC 582/599 x0=0.792583 velocity_parameter=-0.759833 elapsed=2.78508s written=0
  crossing 0/250
  stopped velocity row 13 IC 582 x0=0.792583 velocity_parameter=-0.759833 status=outer_limit: trajectory reached the configured outer_limit radius
velocity row 13/120 IC 592/599 x0=0.792655 velocity_parameter=-0.759833 elapsed=2.90441s written=0
  crossing 0/250
  stopped velocity row 13 IC 592 x0=0.792655 velocity_parameter=-0.759833 status=outer_limit: trajectory reached the configured outer_limit radius
velocity row 13/120 IC 599/599 x0=0.792705 velocity_parameter=-0.759833 elapsed=2.97423s written=0
  crossing 0/250
  stopped velocity row 13 IC 599 x0=0.792705 velocity_parameter=-0.759833 status=outer_limit: trajectory reached the configured outer_limit radius
velocity row 14/120 IC 582/599 x0=0.792583 velocity_parameter=-0.743667 elapsed=2.98534s written=0
  crossing 0/250
  stopped velocity row 14 IC 582 x0=0.792583 velocity_parameter=-0.743667 status=outer_limit: trajectory reached the configured outer_limit radius
velocity row 14/120 IC 592/599 x0=0.792655 velocity_parameter=-0.743667 elapsed=3.10999s written=0
  crossing 0/250
  stopped velocity row 14 IC 592 x0=0.792655 velocity_parameter=-0.743667 status=outer_limit: trajectory reached the configured outer_limit radius
velocity row 14/120 IC 599/599 x0=0.792705 velocity_parameter=-0.743667 elapsed=3.18441s written=0
  crossing 0/250
  stopped velocity row 14 IC 599 x0=0.792705 velocity_parameter=-0.743667 status=outer_limit: trajectory reached the configured outer_limit radius
velocity row 15/120 IC 582/599 x0=0.792583 velocity_parameter=-0.7275 elapsed=3.1988s written=0
  crossing 0/250
  stopped velocity row 15 IC 582 x0=0.792583 velocity_parameter=-0.7275 status=outer_limit: trajectory reached the configured outer_limit radius
velocity row 15/120 IC 592/599 x0=0.792655 velocity_parameter=-0.7275 elapsed=3.31612s written=0
  crossing 0/250
  stopped velocity row 15 IC 592 x0=0.792655 velocity_parameter=-0.7275 status=outer_limit: trajectory reached the configured outer_limit radius
velocity row 15/120 IC 599/599 x0=0.792705 velocity_parameter=-0.7275 elapsed=3.40541s written=0
  crossing 0/250
  stopped velocity row 15 IC 599 x0=0.792705 velocity_parameter=-0.7275 status=outer_limit: trajectory reached the configured outer_limit radius
velocity row 16/120 IC 582/599 x0=0.792583 velocity_parameter=-0.711333 elapsed=3.41757s written=0
  crossing 0/250
  stopped velocity row 16 IC 582 x0=0.792583 velocity_parameter=-0.711333 status=outer_limit: trajectory reached the configured outer_limit radius
velocity row 16/120 IC 592/599 x0=0.792655 velocity_parameter=-0.711333 elapsed=3.52066s written=0
  crossing 0/250
  stopped velocity row 16 IC 592 x0=0.792655 velocity_parameter=-0.711333 status=outer_limit: trajectory reached the configured outer_limit radius
velocity row 16/120 IC 599/599 x0=0.792705 velocity_parameter=-0.711333 elapsed=3.59352s written=0
  crossing 0/250
  stopped velocity row 16 IC 599 x0=0.792705 velocity_parameter=-0.711333 status=outer_limit: trajectory reached the configured outer_limit radius
velocity row 17/120 IC 582/599 x0=0.792583 velocity_parameter=-0.695167 elapsed=3.60639s written=0
  crossing 0/250
  stopped velocity row 17 IC 582 x0=0.792583 velocity_parameter=-0.695167 status=outer_limit: trajectory reached the configured outer_limit radius
velocity row 17/120 IC 592/599 x0=0.792655 velocity_parameter=-0.695167 elapsed=3.7255s written=0
  crossing 0/250
  stopped velocity row 17 IC 592 x0=0.792655 velocity_parameter=-0.695167 status=outer_limit: trajectory reached the configured outer_limit radius
velocity row 17/120 IC 599/599 x0=0.792705 velocity_parameter=-0.695167 elapsed=3.80195s written=0
  crossing 0/250
  stopped velocity row 17 IC 599 x0=0.792705 velocity_parameter=-0.695167 status=outer_limit: trajectory reached the configured outer_limit radius
velocity row 18/120 IC 582/599 x0=0.792583 velocity_parameter=-0.679 elapsed=3.81209s written=0
  crossing 0/250
  stopped velocity row 18 IC 582 x0=0.792583 velocity_parameter=-0.679 status=outer_limit: trajectory reached the configured outer_limit radius
velocity row 18/120 IC 592/599 x0=0.792655 velocity_parameter=-0.679 elapsed=3.926s written=0
  crossing 0/250
  stopped velocity row 18 IC 592 x0=0.792655 velocity_parameter=-0.679 status=outer_limit: trajectory reached the configured outer_limit radius
velocity row 18/120 IC 599/599 x0=0.792705 velocity_parameter=-0.679 elapsed=3.99869s written=0
  crossing 0/250
  stopped velocity row 18 IC 599 x0=0.792705 velocity_parameter=-0.679 status=outer_limit: trajectory reached the configured outer_limit radius
velocity row 19/120 IC 582/599 x0=0.792583 velocity_parameter=-0.662833 elapsed=4.01032s written=0
  crossing 0/250
  stopped velocity row 19 IC 582 x0=0.792583 velocity_parameter=-0.662833 status=outer_limit: trajectory reached the configured outer_limit radius
velocity row 19/120 IC 592/599 x0=0.792655 velocity_parameter=-0.662833 elapsed=4.12374s written=0
  crossing 0/250
  stopped velocity row 19 IC 592 x0=0.792655 velocity_parameter=-0.662833 status=outer_limit: trajectory reached the configured outer_limit radius
velocity row 19/120 IC 599/599 x0=0.792705 velocity_parameter=-0.662833 elapsed=4.20709s written=0
  crossing 0/250
  stopped velocity row 19 IC 599 x0=0.792705 velocity_parameter=-0.662833 status=outer_limit: trajectory reached the configured outer_limit radius
velocity row 20/120 IC 582/599 x0=0.792583 velocity_parameter=-0.646667 elapsed=4.2198s written=0
  crossing 0/250
  stopped velocity row 20 IC 582 x0=0.792583 velocity_parameter=-0.646667 status=outer_limit: trajectory reached the configured outer_limit radius
velocity row 20/120 IC 592/599 x0=0.792655 velocity_parameter=-0.646667 elapsed=4.33029s written=0
  crossing 0/250
  stopped velocity row 20 IC 592 x0=0.792655 velocity_parameter=-0.646667 status=outer_limit: trajectory reached the configured outer_limit radius
velocity row 20/120 IC 599/599 x0=0.792705 velocity_parameter=-0.646667 elapsed=4.40415s written=0
  crossing 0/250
  stopped velocity row 20 IC 599 x0=0.792705 velocity_parameter=-0.646667 status=outer_limit: trajectory reached the configured outer_limit radius
velocity row 21/120 IC 582/599 x0=0.792583 velocity_parameter=-0.6305 elapsed=4.41549s written=0
  crossing 0/250
  stopped velocity row 21 IC 582 x0=0.792583 velocity_parameter=-0.6305 status=outer_limit: trajectory reached the configured outer_limit radius
velocity row 21/120 IC 592/599 x0=0.792655 velocity_parameter=-0.6305 elapsed=4.51401s written=0
  crossing 0/250
  stopped velocity row 21 IC 592 x0=0.792655 velocity_parameter=-0.6305 status=outer_limit: trajectory reached the configured outer_limit radius
velocity row 21/120 IC 599/599 x0=0.792705 velocity_parameter=-0.6305 elapsed=4.58511s written=0
  crossing 0/250
  stopped velocity row 21 IC 599 x0=0.792705 velocity_parameter=-0.6305 status=outer_limit: trajectory reached the configured outer_limit radius
velocity row 22/120 IC 582/599 x0=0.792583 velocity_parameter=-0.614333 elapsed=4.59527s written=0
  crossing 0/250
  stopped velocity row 22 IC 582 x0=0.792583 velocity_parameter=-0.614333 status=outer_limit: trajectory reached the configured outer_limit radius
velocity row 22/120 IC 592/599 x0=0.792655 velocity_parameter=-0.614333 elapsed=4.6922s written=0
  crossing 0/250
  stopped velocity row 22 IC 592 x0=0.792655 velocity_parameter=-0.614333 status=outer_limit: trajectory reached the configured outer_limit radius
velocity row 22/120 IC 599/599 x0=0.792705 velocity_parameter=-0.614333 elapsed=4.76567s written=0
  crossing 0/250
  stopped velocity row 22 IC 599 x0=0.792705 velocity_parameter=-0.614333 status=outer_limit: trajectory reached the configured outer_limit radius
velocity row 23/120 IC 582/599 x0=0.792583 velocity_parameter=-0.598167 elapsed=4.77476s written=0
  crossing 0/250
  stopped velocity row 23 IC 582 x0=0.792583 velocity_parameter=-0.598167 status=outer_limit: trajectory reached the configured outer_limit radius
velocity row 23/120 IC 592/599 x0=0.792655 velocity_parameter=-0.598167 elapsed=4.87463s written=0
  crossing 0/250
  stopped velocity row 23 IC 592 x0=0.792655 velocity_parameter=-0.598167 status=outer_limit: trajectory reached the configured outer_limit radius
velocity row 23/120 IC 599/599 x0=0.792705 velocity_parameter=-0.598167 elapsed=4.94219s written=0
  crossing 0/250
  stopped velocity row 23 IC 599 x0=0.792705 velocity_parameter=-0.598167 status=outer_limit: trajectory reached the configured outer_limit radius
velocity row 24/120 IC 582/599 x0=0.792583 velocity_parameter=-0.582 elapsed=4.95224s written=0
  crossing 0/250
  stopped velocity row 24 IC 582 x0=0.792583 velocity_parameter=-0.582 status=outer_limit: trajectory reached the configured outer_limit radius
velocity row 24/120 IC 592/599 x0=0.792655 velocity_parameter=-0.582 elapsed=5.04318s written=0
  crossing 0/250
  stopped velocity row 24 IC 592 x0=0.792655 velocity_parameter=-0.582 status=outer_limit: trajectory reached the configured outer_limit radius
velocity row 24/120 IC 599/599 x0=0.792705 velocity_parameter=-0.582 elapsed=5.11086s written=0
  crossing 0/250
  stopped velocity row 24 IC 599 x0=0.792705 velocity_parameter=-0.582 status=outer_limit: trajectory reached the configured outer_limit radius
velocity row 25/120 IC 582/599 x0=0.792583 velocity_parameter=-0.565833 elapsed=5.1259s written=0
  crossing 0/250
  stopped velocity row 25 IC 582 x0=0.792583 velocity_parameter=-0.565833 status=outer_limit: trajectory reached the configured outer_limit radius
velocity row 25/120 IC 592/599 x0=0.792655 velocity_parameter=-0.565833 elapsed=5.22138s written=0
  crossing 0/250
  stopped velocity row 25 IC 592 x0=0.792655 velocity_parameter=-0.565833 status=outer_limit: trajectory reached the configured outer_limit radius
velocity row 25/120 IC 599/599 x0=0.792705 velocity_parameter=-0.565833 elapsed=5.28551s written=0
  crossing 0/250
  stopped velocity row 25 IC 599 x0=0.792705 velocity_parameter=-0.565833 status=outer_limit: trajectory reached the configured outer_limit radius
velocity row 26/120 IC 582/599 x0=0.792583 velocity_parameter=-0.549667 elapsed=5.29428s written=0
  crossing 0/250
  stopped velocity row 26 IC 582 x0=0.792583 velocity_parameter=-0.549667 status=outer_limit: trajectory reached the configured outer_limit radius
velocity row 26/120 IC 592/599 x0=0.792655 velocity_parameter=-0.549667 elapsed=5.39083s written=0
  crossing 0/250
  stopped velocity row 26 IC 592 x0=0.792655 velocity_parameter=-0.549667 status=outer_limit: trajectory reached the configured outer_limit radius
velocity row 26/120 IC 599/599 x0=0.792705 velocity_parameter=-0.549667 elapsed=5.45316s written=0
  crossing 0/250
  stopped velocity row 26 IC 599 x0=0.792705 velocity_parameter=-0.549667 status=outer_limit: trajectory reached the configured outer_limit radius
velocity row 27/120 IC 582/599 x0=0.792583 velocity_parameter=-0.5335 elapsed=5.4624s written=0
  crossing 0/250
  stopped velocity row 27 IC 582 x0=0.792583 velocity_parameter=-0.5335 status=outer_limit: trajectory reached the configured outer_limit radius
velocity row 27/120 IC 592/599 x0=0.792655 velocity_parameter=-0.5335 elapsed=5.55107s written=0
  crossing 0/250
  stopped velocity row 27 IC 592 x0=0.792655 velocity_parameter=-0.5335 status=outer_limit: trajectory reached the configured outer_limit radius
velocity row 27/120 IC 599/599 x0=0.792705 velocity_parameter=-0.5335 elapsed=5.61261s written=0
  crossing 0/250
  stopped velocity row 27 IC 599 x0=0.792705 velocity_parameter=-0.5335 status=outer_limit: trajectory reached the configured outer_limit radius
velocity row 28/120 IC 582/599 x0=0.792583 velocity_parameter=-0.517333 elapsed=5.6225s written=0
  crossing 0/250
  stopped velocity row 28 IC 582 x0=0.792583 velocity_parameter=-0.517333 status=outer_limit: trajectory reached the configured outer_limit radius
velocity row 28/120 IC 592/599 x0=0.792655 velocity_parameter=-0.517333 elapsed=5.7084s written=0
  crossing 0/250
  stopped velocity row 28 IC 592 x0=0.792655 velocity_parameter=-0.517333 status=outer_limit: trajectory reached the configured outer_limit radius
velocity row 28/120 IC 599/599 x0=0.792705 velocity_parameter=-0.517333 elapsed=5.77299s written=0
  crossing 0/250
  stopped velocity row 28 IC 599 x0=0.792705 velocity_parameter=-0.517333 status=outer_limit: trajectory reached the configured outer_limit radius
velocity row 29/120 IC 582/599 x0=0.792583 velocity_parameter=-0.501167 elapsed=5.78175s written=0
  crossing 0/250
  stopped velocity row 29 IC 582 x0=0.792583 velocity_parameter=-0.501167 status=outer_limit: trajectory reached the configured outer_limit radius
velocity row 29/120 IC 592/599 x0=0.792655 velocity_parameter=-0.501167 elapsed=5.86996s written=0
  crossing 0/250
  stopped velocity row 29 IC 592 x0=0.792655 velocity_parameter=-0.501167 status=outer_limit: trajectory reached the configured outer_limit radius
velocity row 29/120 IC 599/599 x0=0.792705 velocity_parameter=-0.501167 elapsed=5.9308s written=0
  crossing 0/250
  stopped velocity row 29 IC 599 x0=0.792705 velocity_parameter=-0.501167 status=outer_limit: trajectory reached the configured outer_limit radius
velocity row 30/120 IC 582/599 x0=0.792583 velocity_parameter=-0.485 elapsed=5.94142s written=0
  crossing 0/250
  stopped velocity row 30 IC 582 x0=0.792583 velocity_parameter=-0.485 status=outer_limit: trajectory reached the configured outer_limit radius
velocity row 30/120 IC 592/599 x0=0.792655 velocity_parameter=-0.485 elapsed=6.03303s written=0
  crossing 0/250
  stopped velocity row 30 IC 592 x0=0.792655 velocity_parameter=-0.485 status=outer_limit: trajectory reached the configured outer_limit radius
velocity row 30/120 IC 599/599 x0=0.792705 velocity_parameter=-0.485 elapsed=6.09663s written=0
  crossing 0/250
  stopped velocity row 30 IC 599 x0=0.792705 velocity_parameter=-0.485 status=outer_limit: trajectory reached the configured outer_limit radius
velocity row 31/120 IC 582/599 x0=0.792583 velocity_parameter=-0.468833 elapsed=6.10548s written=0
  crossing 0/250
  stopped velocity row 31 IC 582 x0=0.792583 velocity_parameter=-0.468833 status=outer_limit: trajectory reached the configured outer_limit radius
velocity row 31/120 IC 592/599 x0=0.792655 velocity_parameter=-0.468833 elapsed=6.19599s written=0
  crossing 0/250
  stopped velocity row 31 IC 592 x0=0.792655 velocity_parameter=-0.468833 status=outer_limit: trajectory reached the configured outer_limit radius
velocity row 31/120 IC 599/599 x0=0.792705 velocity_parameter=-0.468833 elapsed=6.25699s written=0
  crossing 0/250
  stopped velocity row 31 IC 599 x0=0.792705 velocity_parameter=-0.468833 status=outer_limit: trajectory reached the configured outer_limit radius
velocity row 32/120 IC 582/599 x0=0.792583 velocity_parameter=-0.452667 elapsed=6.26529s written=0
  crossing 0/250
  stopped velocity row 32 IC 582 x0=0.792583 velocity_parameter=-0.452667 status=outer_limit: trajectory reached the configured outer_limit radius
velocity row 32/120 IC 592/599 x0=0.792655 velocity_parameter=-0.452667 elapsed=6.35441s written=0
  crossing 0/250
  stopped velocity row 32 IC 592 x0=0.792655 velocity_parameter=-0.452667 status=outer_limit: trajectory reached the configured outer_limit radius
velocity row 32/120 IC 599/599 x0=0.792705 velocity_parameter=-0.452667 elapsed=6.41459s written=0
  crossing 0/250
  stopped velocity row 32 IC 599 x0=0.792705 velocity_parameter=-0.452667 status=outer_limit: trajectory reached the configured outer_limit radius
velocity row 33/120 IC 582/599 x0=0.792583 velocity_parameter=-0.4365 elapsed=6.42372s written=0
  crossing 0/250
  stopped velocity row 33 IC 582 x0=0.792583 velocity_parameter=-0.4365 status=outer_limit: trajectory reached the configured outer_limit radius
velocity row 33/120 IC 592/599 x0=0.792655 velocity_parameter=-0.4365 elapsed=6.51287s written=0
  crossing 0/250
  stopped velocity row 33 IC 592 x0=0.792655 velocity_parameter=-0.4365 status=outer_limit: trajectory reached the configured outer_limit radius
velocity row 33/120 IC 599/599 x0=0.792705 velocity_parameter=-0.4365 elapsed=6.57404s written=0
  crossing 0/250
  stopped velocity row 33 IC 599 x0=0.792705 velocity_parameter=-0.4365 status=outer_limit: trajectory reached the configured outer_limit radius
velocity row 34/120 IC 582/599 x0=0.792583 velocity_parameter=-0.420333 elapsed=6.5831s written=0
  crossing 0/250
  stopped velocity row 34 IC 582 x0=0.792583 velocity_parameter=-0.420333 status=outer_limit: trajectory reached the configured outer_limit radius
velocity row 34/120 IC 592/599 x0=0.792655 velocity_parameter=-0.420333 elapsed=6.66811s written=0
  crossing 0/250
  stopped velocity row 34 IC 592 x0=0.792655 velocity_parameter=-0.420333 status=outer_limit: trajectory reached the configured outer_limit radius
velocity row 34/120 IC 599/599 x0=0.792705 velocity_parameter=-0.420333 elapsed=6.72717s written=0
  crossing 0/250
  stopped velocity row 34 IC 599 x0=0.792705 velocity_parameter=-0.420333 status=outer_limit: trajectory reached the configured outer_limit radius
velocity row 35/120 IC 582/599 x0=0.792583 velocity_parameter=-0.404167 elapsed=6.73593s written=0
  crossing 0/250
  stopped velocity row 35 IC 582 x0=0.792583 velocity_parameter=-0.404167 status=outer_limit: trajectory reached the configured outer_limit radius
velocity row 35/120 IC 592/599 x0=0.792655 velocity_parameter=-0.404167 elapsed=6.82154s written=0
  crossing 0/250
  stopped velocity row 35 IC 592 x0=0.792655 velocity_parameter=-0.404167 status=outer_limit: trajectory reached the configured outer_limit radius
velocity row 35/120 IC 599/599 x0=0.792705 velocity_parameter=-0.404167 elapsed=6.87799s written=0
  crossing 0/250
  stopped velocity row 35 IC 599 x0=0.792705 velocity_parameter=-0.404167 status=outer_limit: trajectory reached the configured outer_limit radius
velocity row 36/120 IC 582/599 x0=0.792583 velocity_parameter=-0.388 elapsed=6.88627s written=0
  crossing 0/250
  stopped velocity row 36 IC 582 x0=0.792583 velocity_parameter=-0.388 status=outer_limit: trajectory reached the configured outer_limit radius
velocity row 36/120 IC 592/599 x0=0.792655 velocity_parameter=-0.388 elapsed=6.97091s written=0
  crossing 0/250
  stopped velocity row 36 IC 592 x0=0.792655 velocity_parameter=-0.388 status=outer_limit: trajectory reached the configured outer_limit radius
velocity row 36/120 IC 599/599 x0=0.792705 velocity_parameter=-0.388 elapsed=7.0308s written=0
  crossing 0/250
  stopped velocity row 36 IC 599 x0=0.792705 velocity_parameter=-0.388 status=outer_limit: trajectory reached the configured outer_limit radius
velocity row 37/120 IC 582/599 x0=0.792583 velocity_parameter=-0.371833 elapsed=7.0394s written=0
  crossing 0/250
  stopped velocity row 37 IC 582 x0=0.792583 velocity_parameter=-0.371833 status=outer_limit: trajectory reached the configured outer_limit radius
velocity row 37/120 IC 592/599 x0=0.792655 velocity_parameter=-0.371833 elapsed=7.11985s written=0
  crossing 0/250
  stopped velocity row 37 IC 592 x0=0.792655 velocity_parameter=-0.371833 status=outer_limit: trajectory reached the configured outer_limit radius
velocity row 37/120 IC 599/599 x0=0.792705 velocity_parameter=-0.371833 elapsed=7.17543s written=0
  crossing 0/250
  stopped velocity row 37 IC 599 x0=0.792705 velocity_parameter=-0.371833 status=outer_limit: trajectory reached the configured outer_limit radius
velocity row 38/120 IC 582/599 x0=0.792583 velocity_parameter=-0.355667 elapsed=7.18399s written=0
  crossing 0/250
  stopped velocity row 38 IC 582 x0=0.792583 velocity_parameter=-0.355667 status=outer_limit: trajectory reached the configured outer_limit radius
velocity row 38/120 IC 592/599 x0=0.792655 velocity_parameter=-0.355667 elapsed=7.25828s written=0
  crossing 0/250
  stopped velocity row 38 IC 592 x0=0.792655 velocity_parameter=-0.355667 status=outer_limit: trajectory reached the configured outer_limit radius
velocity row 38/120 IC 599/599 x0=0.792705 velocity_parameter=-0.355667 elapsed=7.31559s written=0
  crossing 0/250
  stopped velocity row 38 IC 599 x0=0.792705 velocity_parameter=-0.355667 status=outer_limit: trajectory reached the configured outer_limit radius
velocity row 39/120 IC 582/599 x0=0.792583 velocity_parameter=-0.3395 elapsed=7.32429s written=0
  crossing 0/250
  stopped velocity row 39 IC 582 x0=0.792583 velocity_parameter=-0.3395 status=outer_limit: trajectory reached the configured outer_limit radius
velocity row 39/120 IC 592/599 x0=0.792655 velocity_parameter=-0.3395 elapsed=7.4046s written=0
  crossing 0/250
  stopped velocity row 39 IC 592 x0=0.792655 velocity_parameter=-0.3395 status=outer_limit: trajectory reached the configured outer_limit radius
velocity row 39/120 IC 599/599 x0=0.792705 velocity_parameter=-0.3395 elapsed=7.46472s written=0
  crossing 0/250
  stopped velocity row 39 IC 599 x0=0.792705 velocity_parameter=-0.3395 status=outer_limit: trajectory reached the configured outer_limit radius
velocity row 40/120 IC 582/599 x0=0.792583 velocity_parameter=-0.323333 elapsed=7.47317s written=0
  crossing 0/250
  stopped velocity row 40 IC 582 x0=0.792583 velocity_parameter=-0.323333 status=outer_limit: trajectory reached the configured outer_limit radius
velocity row 40/120 IC 592/599 x0=0.792655 velocity_parameter=-0.323333 elapsed=7.55446s written=0
  crossing 0/250
  stopped velocity row 40 IC 592 x0=0.792655 velocity_parameter=-0.323333 status=outer_limit: trajectory reached the configured outer_limit radius
velocity row 40/120 IC 599/599 x0=0.792705 velocity_parameter=-0.323333 elapsed=7.61205s written=0
  crossing 0/250
  stopped velocity row 40 IC 599 x0=0.792705 velocity_parameter=-0.323333 status=outer_limit: trajectory reached the configured outer_limit radius
velocity row 41/120 IC 582/599 x0=0.792583 velocity_parameter=-0.307167 elapsed=7.62099s written=0
  crossing 0/250
  stopped velocity row 41 IC 582 x0=0.792583 velocity_parameter=-0.307167 status=outer_limit: trajectory reached the configured outer_limit radius
velocity row 41/120 IC 592/599 x0=0.792655 velocity_parameter=-0.307167 elapsed=7.70373s written=0
  crossing 0/250
  stopped velocity row 41 IC 592 x0=0.792655 velocity_parameter=-0.307167 status=outer_limit: trajectory reached the configured outer_limit radius
velocity row 41/120 IC 599/599 x0=0.792705 velocity_parameter=-0.307167 elapsed=7.76131s written=0
  crossing 0/250
  stopped velocity row 41 IC 599 x0=0.792705 velocity_parameter=-0.307167 status=outer_limit: trajectory reached the configured outer_limit radius
velocity row 42/120 IC 582/599 x0=0.792583 velocity_parameter=-0.291 elapsed=7.77003s written=0
  crossing 0/250
  stopped velocity row 42 IC 582 x0=0.792583 velocity_parameter=-0.291 status=outer_limit: trajectory reached the configured outer_limit radius
velocity row 42/120 IC 592/599 x0=0.792655 velocity_parameter=-0.291 elapsed=7.84772s written=0
  crossing 0/250
  stopped velocity row 42 IC 592 x0=0.792655 velocity_parameter=-0.291 status=outer_limit: trajectory reached the configured outer_limit radius
velocity row 42/120 IC 599/599 x0=0.792705 velocity_parameter=-0.291 elapsed=7.89876s written=0
  crossing 0/250
  stopped velocity row 42 IC 599 x0=0.792705 velocity_parameter=-0.291 status=outer_limit: trajectory reached the configured outer_limit radius
velocity row 43/120 IC 582/599 x0=0.792583 velocity_parameter=-0.274833 elapsed=7.9078s written=0
  crossing 0/250
  stopped velocity row 43 IC 582 x0=0.792583 velocity_parameter=-0.274833 status=outer_limit: trajectory reached the configured outer_limit radius
velocity row 43/120 IC 592/599 x0=0.792655 velocity_parameter=-0.274833 elapsed=7.98896s written=0
  crossing 0/250
  stopped velocity row 43 IC 592 x0=0.792655 velocity_parameter=-0.274833 status=outer_limit: trajectory reached the configured outer_limit radius
velocity row 43/120 IC 599/599 x0=0.792705 velocity_parameter=-0.274833 elapsed=8.04394s written=0
  crossing 0/250
  stopped velocity row 43 IC 599 x0=0.792705 velocity_parameter=-0.274833 status=outer_limit: trajectory reached the configured outer_limit radius
velocity row 44/120 IC 582/599 x0=0.792583 velocity_parameter=-0.258667 elapsed=8.05228s written=0
  crossing 0/250
  stopped velocity row 44 IC 582 x0=0.792583 velocity_parameter=-0.258667 status=outer_limit: trajectory reached the configured outer_limit radius
velocity row 44/120 IC 592/599 x0=0.792655 velocity_parameter=-0.258667 elapsed=8.13683s written=0
  crossing 0/250
  stopped velocity row 44 IC 592 x0=0.792655 velocity_parameter=-0.258667 status=outer_limit: trajectory reached the configured outer_limit radius
velocity row 44/120 IC 599/599 x0=0.792705 velocity_parameter=-0.258667 elapsed=8.19174s written=0
  crossing 0/250
  stopped velocity row 44 IC 599 x0=0.792705 velocity_parameter=-0.258667 status=outer_limit: trajectory reached the configured outer_limit radius
velocity row 45/120 IC 582/599 x0=0.792583 velocity_parameter=-0.2425 elapsed=8.20072s written=0
  crossing 0/250
  stopped velocity row 45 IC 582 x0=0.792583 velocity_parameter=-0.2425 status=outer_limit: trajectory reached the configured outer_limit radius
velocity row 45/120 IC 592/599 x0=0.792655 velocity_parameter=-0.2425 elapsed=8.28598s written=0
  crossing 0/250
  stopped velocity row 45 IC 592 x0=0.792655 velocity_parameter=-0.2425 status=outer_limit: trajectory reached the configured outer_limit radius
velocity row 45/120 IC 599/599 x0=0.792705 velocity_parameter=-0.2425 elapsed=8.3403s written=0
  crossing 0/250
  stopped velocity row 45 IC 599 x0=0.792705 velocity_parameter=-0.2425 status=outer_limit: trajectory reached the configured outer_limit radius
velocity row 46/120 IC 582/599 x0=0.792583 velocity_parameter=-0.226333 elapsed=8.34813s written=0
  crossing 0/250
  stopped velocity row 46 IC 582 x0=0.792583 velocity_parameter=-0.226333 status=outer_limit: trajectory reached the configured outer_limit radius
velocity row 46/120 IC 592/599 x0=0.792655 velocity_parameter=-0.226333 elapsed=8.43101s written=0
  crossing 0/250
  stopped velocity row 46 IC 592 x0=0.792655 velocity_parameter=-0.226333 status=outer_limit: trajectory reached the configured outer_limit radius
velocity row 46/120 IC 599/599 x0=0.792705 velocity_parameter=-0.226333 elapsed=8.49773s written=0
  crossing 0/250
  stopped velocity row 46 IC 599 x0=0.792705 velocity_parameter=-0.226333 status=outer_limit: trajectory reached the configured outer_limit radius
velocity row 47/120 IC 582/599 x0=0.792583 velocity_parameter=-0.210167 elapsed=8.50804s written=0
  crossing 0/250
  stopped velocity row 47 IC 582 x0=0.792583 velocity_parameter=-0.210167 status=outer_limit: trajectory reached the configured outer_limit radius
velocity row 47/120 IC 592/599 x0=0.792655 velocity_parameter=-0.210167 elapsed=8.59945s written=0
  crossing 0/250
  stopped velocity row 47 IC 592 x0=0.792655 velocity_parameter=-0.210167 status=outer_limit: trajectory reached the configured outer_limit radius
velocity row 47/120 IC 599/599 x0=0.792705 velocity_parameter=-0.210167 elapsed=8.65679s written=0
  crossing 0/250
  stopped velocity row 47 IC 599 x0=0.792705 velocity_parameter=-0.210167 status=outer_limit: trajectory reached the configured outer_limit radius
velocity row 48/120 IC 582/599 x0=0.792583 velocity_parameter=-0.194 elapsed=8.66488s written=0
  crossing 0/250
  stopped velocity row 48 IC 582 x0=0.792583 velocity_parameter=-0.194 status=outer_limit: trajectory reached the configured outer_limit radius
velocity row 48/120 IC 592/599 x0=0.792655 velocity_parameter=-0.194 elapsed=8.75068s written=0
  crossing 0/250
  stopped velocity row 48 IC 592 x0=0.792655 velocity_parameter=-0.194 status=outer_limit: trajectory reached the configured outer_limit radius
velocity row 48/120 IC 599/599 x0=0.792705 velocity_parameter=-0.194 elapsed=8.81108s written=0
  crossing 0/250
  stopped velocity row 48 IC 599 x0=0.792705 velocity_parameter=-0.194 status=outer_limit: trajectory reached the configured outer_limit radius
velocity row 49/120 IC 582/599 x0=0.792583 velocity_parameter=-0.177833 elapsed=8.8205s written=0
  crossing 0/250
  stopped velocity row 49 IC 582 x0=0.792583 velocity_parameter=-0.177833 status=outer_limit: trajectory reached the configured outer_limit radius
velocity row 49/120 IC 592/599 x0=0.792655 velocity_parameter=-0.177833 elapsed=8.90479s written=0
  crossing 0/250
  stopped velocity row 49 IC 592 x0=0.792655 velocity_parameter=-0.177833 status=outer_limit: trajectory reached the configured outer_limit radius
velocity row 49/120 IC 599/599 x0=0.792705 velocity_parameter=-0.177833 elapsed=8.96242s written=0
  crossing 0/250
  stopped velocity row 49 IC 599 x0=0.792705 velocity_parameter=-0.177833 status=outer_limit: trajectory reached the configured outer_limit radius
velocity row 50/120 IC 582/599 x0=0.792583 velocity_parameter=-0.161667 elapsed=8.97142s written=0
  crossing 0/250
  stopped velocity row 50 IC 582 x0=0.792583 velocity_parameter=-0.161667 status=outer_limit: trajectory reached the configured outer_limit radius
velocity row 50/120 IC 592/599 x0=0.792655 velocity_parameter=-0.161667 elapsed=9.05437s written=0
  crossing 0/250
  stopped velocity row 50 IC 592 x0=0.792655 velocity_parameter=-0.161667 status=outer_limit: trajectory reached the configured outer_limit radius
velocity row 50/120 IC 599/599 x0=0.792705 velocity_parameter=-0.161667 elapsed=9.11546s written=0
  crossing 0/250
  stopped velocity row 50 IC 599 x0=0.792705 velocity_parameter=-0.161667 status=outer_limit: trajectory reached the configured outer_limit radius
velocity row 51/120 IC 582/599 x0=0.792583 velocity_parameter=-0.1455 elapsed=9.12388s written=0
  crossing 0/250
  stopped velocity row 51 IC 582 x0=0.792583 velocity_parameter=-0.1455 status=outer_limit: trajectory reached the configured outer_limit radius
velocity row 51/120 IC 592/599 x0=0.792655 velocity_parameter=-0.1455 elapsed=9.20051s written=0
  crossing 0/250
  stopped velocity row 51 IC 592 x0=0.792655 velocity_parameter=-0.1455 status=outer_limit: trajectory reached the configured outer_limit radius
velocity row 51/120 IC 599/599 x0=0.792705 velocity_parameter=-0.1455 elapsed=9.25781s written=0
  crossing 0/250
  stopped velocity row 51 IC 599 x0=0.792705 velocity_parameter=-0.1455 status=outer_limit: trajectory reached the configured outer_limit radius
velocity row 52/120 IC 582/599 x0=0.792583 velocity_parameter=-0.129333 elapsed=9.26563s written=0
  crossing 0/250
  stopped velocity row 52 IC 582 x0=0.792583 velocity_parameter=-0.129333 status=outer_limit: trajectory reached the configured outer_limit radius
velocity row 52/120 IC 592/599 x0=0.792655 velocity_parameter=-0.129333 elapsed=9.35027s written=0
  crossing 0/250
  stopped velocity row 52 IC 592 x0=0.792655 velocity_parameter=-0.129333 status=outer_limit: trajectory reached the configured outer_limit radius
velocity row 52/120 IC 599/599 x0=0.792705 velocity_parameter=-0.129333 elapsed=9.40934s written=0
  crossing 0/250
  stopped velocity row 52 IC 599 x0=0.792705 velocity_parameter=-0.129333 status=outer_limit: trajectory reached the configured outer_limit radius
velocity row 53/120 IC 582/599 x0=0.792583 velocity_parameter=-0.113167 elapsed=9.41713s written=0
  crossing 0/250
  stopped velocity row 53 IC 582 x0=0.792583 velocity_parameter=-0.113167 status=outer_limit: trajectory reached the configured outer_limit radius
velocity row 53/120 IC 592/599 x0=0.792655 velocity_parameter=-0.113167 elapsed=9.49978s written=0
  crossing 0/250
  stopped velocity row 53 IC 592 x0=0.792655 velocity_parameter=-0.113167 status=outer_limit: trajectory reached the configured outer_limit radius
velocity row 53/120 IC 599/599 x0=0.792705 velocity_parameter=-0.113167 elapsed=9.55722s written=0
  crossing 0/250
  stopped velocity row 53 IC 599 x0=0.792705 velocity_parameter=-0.113167 status=outer_limit: trajectory reached the configured outer_limit radius
velocity row 54/120 IC 582/599 x0=0.792583 velocity_parameter=-0.097 elapsed=9.56634s written=0
  crossing 0/250
  stopped velocity row 54 IC 582 x0=0.792583 velocity_parameter=-0.097 status=outer_limit: trajectory reached the configured outer_limit radius
velocity row 54/120 IC 592/599 x0=0.792655 velocity_parameter=-0.097 elapsed=9.65374s written=0
  crossing 0/250
  stopped velocity row 54 IC 592 x0=0.792655 velocity_parameter=-0.097 status=outer_limit: trajectory reached the configured outer_limit radius
velocity row 54/120 IC 599/599 x0=0.792705 velocity_parameter=-0.097 elapsed=9.71204s written=0
  crossing 0/250
  stopped velocity row 54 IC 599 x0=0.792705 velocity_parameter=-0.097 status=outer_limit: trajectory reached the configured outer_limit radius
velocity row 55/120 IC 582/599 x0=0.792583 velocity_parameter=-0.0808333 elapsed=9.71832s written=0
  crossing 0/250
  stopped velocity row 55 IC 582 x0=0.792583 velocity_parameter=-0.0808333 status=outer_limit: trajectory reached the configured outer_limit radius
velocity row 55/120 IC 592/599 x0=0.792655 velocity_parameter=-0.0808333 elapsed=9.79832s written=0
  crossing 0/250
  stopped velocity row 55 IC 592 x0=0.792655 velocity_parameter=-0.0808333 status=outer_limit: trajectory reached the configured outer_limit radius
velocity row 55/120 IC 599/599 x0=0.792705 velocity_parameter=-0.0808333 elapsed=9.85835s written=0
  crossing 0/250
  stopped velocity row 55 IC 599 x0=0.792705 velocity_parameter=-0.0808333 status=outer_limit: trajectory reached the configured outer_limit radius
velocity row 56/120 IC 582/599 x0=0.792583 velocity_parameter=-0.0646667 elapsed=9.86645s written=0
  crossing 0/250
  stopped velocity row 56 IC 582 x0=0.792583 velocity_parameter=-0.0646667 status=outer_limit: trajectory reached the configured outer_limit radius
velocity row 56/120 IC 592/599 x0=0.792655 velocity_parameter=-0.0646667 elapsed=9.94877s written=0
  crossing 0/250
  stopped velocity row 56 IC 592 x0=0.792655 velocity_parameter=-0.0646667 status=outer_limit: trajectory reached the configured outer_limit radius
velocity row 56/120 IC 599/599 x0=0.792705 velocity_parameter=-0.0646667 elapsed=10.0064s written=0
  crossing 0/250
  stopped velocity row 56 IC 599 x0=0.792705 velocity_parameter=-0.0646667 status=outer_limit: trajectory reached the configured outer_limit radius
velocity row 57/120 IC 582/599 x0=0.792583 velocity_parameter=-0.0485 elapsed=10.014s written=0
  crossing 0/250
  stopped velocity row 57 IC 582 x0=0.792583 velocity_parameter=-0.0485 status=outer_limit: trajectory reached the configured outer_limit radius
velocity row 57/120 IC 592/599 x0=0.792655 velocity_parameter=-0.0485 elapsed=10.0954s written=0
  crossing 0/250
  stopped velocity row 57 IC 592 x0=0.792655 velocity_parameter=-0.0485 status=outer_limit: trajectory reached the configured outer_limit radius
velocity row 57/120 IC 599/599 x0=0.792705 velocity_parameter=-0.0485 elapsed=10.1511s written=0
  crossing 0/250
  stopped velocity row 57 IC 599 x0=0.792705 velocity_parameter=-0.0485 status=outer_limit: trajectory reached the configured outer_limit radius
velocity row 58/120 IC 582/599 x0=0.792583 velocity_parameter=-0.0323333 elapsed=10.1596s written=0
  crossing 0/250
  stopped velocity row 58 IC 582 x0=0.792583 velocity_parameter=-0.0323333 status=outer_limit: trajectory reached the configured outer_limit radius
velocity row 58/120 IC 592/599 x0=0.792655 velocity_parameter=-0.0323333 elapsed=10.2414s written=0
  crossing 0/250
  stopped velocity row 58 IC 592 x0=0.792655 velocity_parameter=-0.0323333 status=outer_limit: trajectory reached the configured outer_limit radius
velocity row 58/120 IC 599/599 x0=0.792705 velocity_parameter=-0.0323333 elapsed=10.2946s written=0
  crossing 0/250
  stopped velocity row 58 IC 599 x0=0.792705 velocity_parameter=-0.0323333 status=outer_limit: trajectory reached the configured outer_limit radius
velocity row 59/120 IC 582/599 x0=0.792583 velocity_parameter=-0.0161667 elapsed=10.3031s written=0
  crossing 0/250
  stopped velocity row 59 IC 582 x0=0.792583 velocity_parameter=-0.0161667 status=outer_limit: trajectory reached the configured outer_limit radius
velocity row 59/120 IC 592/599 x0=0.792655 velocity_parameter=-0.0161667 elapsed=10.3814s written=0
  crossing 0/250
  stopped velocity row 59 IC 592 x0=0.792655 velocity_parameter=-0.0161667 status=outer_limit: trajectory reached the configured outer_limit radius
velocity row 59/120 IC 599/599 x0=0.792705 velocity_parameter=-0.0161667 elapsed=10.4374s written=0
  crossing 0/250
  stopped velocity row 59 IC 599 x0=0.792705 velocity_parameter=-0.0161667 status=outer_limit: trajectory reached the configured outer_limit radius
velocity row 60/120 IC 582/599 x0=0.792583 velocity_parameter=0 elapsed=10.4456s written=0
  crossing 0/250
  stopped velocity row 60 IC 582 x0=0.792583 velocity_parameter=0 status=outer_limit: trajectory reached the configured outer_limit radius
velocity row 60/120 IC 592/599 x0=0.792655 velocity_parameter=0 elapsed=10.5251s written=0
  crossing 0/250
  stopped velocity row 60 IC 592 x0=0.792655 velocity_parameter=0 status=outer_limit: trajectory reached the configured outer_limit radius
velocity row 60/120 IC 599/599 x0=0.792705 velocity_parameter=0 elapsed=10.5798s written=0
  crossing 0/250
  stopped velocity row 60 IC 599 x0=0.792705 velocity_parameter=0 status=outer_limit: trajectory reached the configured outer_limit radius
velocity row 61/120 IC 582/599 x0=0.792583 velocity_parameter=0.0161667 elapsed=10.5875s written=0
  crossing 0/250
  stopped velocity row 61 IC 582 x0=0.792583 velocity_parameter=0.0161667 status=outer_limit: trajectory reached the configured outer_limit radius
velocity row 61/120 IC 592/599 x0=0.792655 velocity_parameter=0.0161667 elapsed=10.6661s written=0
  crossing 0/250
  stopped velocity row 61 IC 592 x0=0.792655 velocity_parameter=0.0161667 status=outer_limit: trajectory reached the configured outer_limit radius
velocity row 61/120 IC 599/599 x0=0.792705 velocity_parameter=0.0161667 elapsed=10.7222s written=0
  crossing 0/250
  stopped velocity row 61 IC 599 x0=0.792705 velocity_parameter=0.0161667 status=outer_limit: trajectory reached the configured outer_limit radius
velocity row 62/120 IC 582/599 x0=0.792583 velocity_parameter=0.0323333 elapsed=10.7302s written=0
  crossing 0/250
  stopped velocity row 62 IC 582 x0=0.792583 velocity_parameter=0.0323333 status=outer_limit: trajectory reached the configured outer_limit radius
velocity row 62/120 IC 592/599 x0=0.792655 velocity_parameter=0.0323333 elapsed=10.81s written=0
  crossing 0/250
  stopped velocity row 62 IC 592 x0=0.792655 velocity_parameter=0.0323333 status=outer_limit: trajectory reached the configured outer_limit radius
velocity row 62/120 IC 599/599 x0=0.792705 velocity_parameter=0.0323333 elapsed=10.8665s written=0
  crossing 0/250
  stopped velocity row 62 IC 599 x0=0.792705 velocity_parameter=0.0323333 status=outer_limit: trajectory reached the configured outer_limit radius
velocity row 63/120 IC 582/599 x0=0.792583 velocity_parameter=0.0485 elapsed=10.875s written=0
  crossing 0/250
  stopped velocity row 63 IC 582 x0=0.792583 velocity_parameter=0.0485 status=outer_limit: trajectory reached the configured outer_limit radius
velocity row 63/120 IC 592/599 x0=0.792655 velocity_parameter=0.0485 elapsed=10.9517s written=0
  crossing 0/250
  stopped velocity row 63 IC 592 x0=0.792655 velocity_parameter=0.0485 status=outer_limit: trajectory reached the configured outer_limit radius
velocity row 63/120 IC 599/599 x0=0.792705 velocity_parameter=0.0485 elapsed=11.0052s written=0
  crossing 0/250
  stopped velocity row 63 IC 599 x0=0.792705 velocity_parameter=0.0485 status=outer_limit: trajectory reached the configured outer_limit radius
velocity row 64/120 IC 582/599 x0=0.792583 velocity_parameter=0.0646667 elapsed=11.0162s written=0
  crossing 0/250
  stopped velocity row 64 IC 582 x0=0.792583 velocity_parameter=0.0646667 status=outer_limit: trajectory reached the configured outer_limit radius
velocity row 64/120 IC 592/599 x0=0.792655 velocity_parameter=0.0646667 elapsed=11.0939s written=0
  crossing 0/250
  stopped velocity row 64 IC 592 x0=0.792655 velocity_parameter=0.0646667 status=outer_limit: trajectory reached the configured outer_limit radius
velocity row 64/120 IC 599/599 x0=0.792705 velocity_parameter=0.0646667 elapsed=11.1519s written=0
  crossing 0/250
  stopped velocity row 64 IC 599 x0=0.792705 velocity_parameter=0.0646667 status=outer_limit: trajectory reached the configured outer_limit radius
velocity row 65/120 IC 582/599 x0=0.792583 velocity_parameter=0.0808333 elapsed=11.1603s written=0
  crossing 0/250
  stopped velocity row 65 IC 582 x0=0.792583 velocity_parameter=0.0808333 status=outer_limit: trajectory reached the configured outer_limit radius
velocity row 65/120 IC 592/599 x0=0.792655 velocity_parameter=0.0808333 elapsed=11.2495s written=0
  crossing 0/250
  stopped velocity row 65 IC 592 x0=0.792655 velocity_parameter=0.0808333 status=outer_limit: trajectory reached the configured outer_limit radius
velocity row 65/120 IC 599/599 x0=0.792705 velocity_parameter=0.0808333 elapsed=11.3127s written=0
  crossing 0/250
  stopped velocity row 65 IC 599 x0=0.792705 velocity_parameter=0.0808333 status=outer_limit: trajectory reached the configured outer_limit radius
velocity row 66/120 IC 582/599 x0=0.792583 velocity_parameter=0.097 elapsed=11.3226s written=0
  crossing 0/250
  stopped velocity row 66 IC 582 x0=0.792583 velocity_parameter=0.097 status=outer_limit: trajectory reached the configured outer_limit radius
velocity row 66/120 IC 592/599 x0=0.792655 velocity_parameter=0.097 elapsed=11.407s written=0
  crossing 0/250
  stopped velocity row 66 IC 592 x0=0.792655 velocity_parameter=0.097 status=outer_limit: trajectory reached the configured outer_limit radius
velocity row 66/120 IC 599/599 x0=0.792705 velocity_parameter=0.097 elapsed=11.4688s written=0
  crossing 0/250
  stopped velocity row 66 IC 599 x0=0.792705 velocity_parameter=0.097 status=outer_limit: trajectory reached the configured outer_limit radius
velocity row 67/120 IC 582/599 x0=0.792583 velocity_parameter=0.113167 elapsed=11.4782s written=0
  crossing 0/250
  stopped velocity row 67 IC 582 x0=0.792583 velocity_parameter=0.113167 status=outer_limit: trajectory reached the configured outer_limit radius
velocity row 67/120 IC 592/599 x0=0.792655 velocity_parameter=0.113167 elapsed=11.5581s written=0
  crossing 0/250
  stopped velocity row 67 IC 592 x0=0.792655 velocity_parameter=0.113167 status=outer_limit: trajectory reached the configured outer_limit radius
velocity row 67/120 IC 599/599 x0=0.792705 velocity_parameter=0.113167 elapsed=11.6135s written=0
  crossing 0/250
  stopped velocity row 67 IC 599 x0=0.792705 velocity_parameter=0.113167 status=outer_limit: trajectory reached the configured outer_limit radius
velocity row 68/120 IC 582/599 x0=0.792583 velocity_parameter=0.129333 elapsed=11.6216s written=0
  crossing 0/250
  stopped velocity row 68 IC 582 x0=0.792583 velocity_parameter=0.129333 status=outer_limit: trajectory reached the configured outer_limit radius
velocity row 68/120 IC 592/599 x0=0.792655 velocity_parameter=0.129333 elapsed=11.7014s written=0
  crossing 0/250
  stopped velocity row 68 IC 592 x0=0.792655 velocity_parameter=0.129333 status=outer_limit: trajectory reached the configured outer_limit radius
velocity row 68/120 IC 599/599 x0=0.792705 velocity_parameter=0.129333 elapsed=11.7488s written=0
  crossing 0/250
  stopped velocity row 68 IC 599 x0=0.792705 velocity_parameter=0.129333 status=outer_limit: trajectory reached the configured outer_limit radius
velocity row 69/120 IC 582/599 x0=0.792583 velocity_parameter=0.1455 elapsed=11.7566s written=0
  crossing 0/250
  stopped velocity row 69 IC 582 x0=0.792583 velocity_parameter=0.1455 status=outer_limit: trajectory reached the configured outer_limit radius
velocity row 69/120 IC 592/599 x0=0.792655 velocity_parameter=0.1455 elapsed=11.8309s written=0
  crossing 0/250
  stopped velocity row 69 IC 592 x0=0.792655 velocity_parameter=0.1455 status=outer_limit: trajectory reached the configured outer_limit radius
velocity row 69/120 IC 599/599 x0=0.792705 velocity_parameter=0.1455 elapsed=11.8827s written=0
  crossing 0/250
  stopped velocity row 69 IC 599 x0=0.792705 velocity_parameter=0.1455 status=outer_limit: trajectory reached the configured outer_limit radius
velocity row 70/120 IC 582/599 x0=0.792583 velocity_parameter=0.161667 elapsed=11.889s written=0
  crossing 0/250
  stopped velocity row 70 IC 582 x0=0.792583 velocity_parameter=0.161667 status=outer_limit: trajectory reached the configured outer_limit radius
velocity row 70/120 IC 592/599 x0=0.792655 velocity_parameter=0.161667 elapsed=11.9645s written=0
  crossing 0/250
  stopped velocity row 70 IC 592 x0=0.792655 velocity_parameter=0.161667 status=outer_limit: trajectory reached the configured outer_limit radius
velocity row 70/120 IC 599/599 x0=0.792705 velocity_parameter=0.161667 elapsed=12.0169s written=0
  crossing 0/250
  stopped velocity row 70 IC 599 x0=0.792705 velocity_parameter=0.161667 status=outer_limit: trajectory reached the configured outer_limit radius
velocity row 71/120 IC 582/599 x0=0.792583 velocity_parameter=0.177833 elapsed=12.0249s written=0
  crossing 0/250
  stopped velocity row 71 IC 582 x0=0.792583 velocity_parameter=0.177833 status=outer_limit: trajectory reached the configured outer_limit radius
velocity row 71/120 IC 592/599 x0=0.792655 velocity_parameter=0.177833 elapsed=12.0969s written=0
  crossing 0/250
  stopped velocity row 71 IC 592 x0=0.792655 velocity_parameter=0.177833 status=outer_limit: trajectory reached the configured outer_limit radius
velocity row 71/120 IC 599/599 x0=0.792705 velocity_parameter=0.177833 elapsed=12.1511s written=0
  crossing 0/250
  stopped velocity row 71 IC 599 x0=0.792705 velocity_parameter=0.177833 status=outer_limit: trajectory reached the configured outer_limit radius
velocity row 72/120 IC 582/599 x0=0.792583 velocity_parameter=0.194 elapsed=12.16s written=0
  crossing 0/250
  stopped velocity row 72 IC 582 x0=0.792583 velocity_parameter=0.194 status=outer_limit: trajectory reached the configured outer_limit radius
velocity row 72/120 IC 592/599 x0=0.792655 velocity_parameter=0.194 elapsed=12.2448s written=0
  crossing 0/250
  stopped velocity row 72 IC 592 x0=0.792655 velocity_parameter=0.194 status=outer_limit: trajectory reached the configured outer_limit radius
velocity row 72/120 IC 599/599 x0=0.792705 velocity_parameter=0.194 elapsed=12.2994s written=0
  crossing 0/250
  stopped velocity row 72 IC 599 x0=0.792705 velocity_parameter=0.194 status=outer_limit: trajectory reached the configured outer_limit radius
velocity row 73/120 IC 582/599 x0=0.792583 velocity_parameter=0.210167 elapsed=12.3075s written=0
  crossing 0/250
  stopped velocity row 73 IC 582 x0=0.792583 velocity_parameter=0.210167 status=outer_limit: trajectory reached the configured outer_limit radius
velocity row 73/120 IC 592/599 x0=0.792655 velocity_parameter=0.210167 elapsed=12.3835s written=0
  crossing 0/250
  stopped velocity row 73 IC 592 x0=0.792655 velocity_parameter=0.210167 status=outer_limit: trajectory reached the configured outer_limit radius
velocity row 73/120 IC 599/599 x0=0.792705 velocity_parameter=0.210167 elapsed=12.4423s written=0
  crossing 0/250
  stopped velocity row 73 IC 599 x0=0.792705 velocity_parameter=0.210167 status=outer_limit: trajectory reached the configured outer_limit radius
velocity row 74/120 IC 582/599 x0=0.792583 velocity_parameter=0.226333 elapsed=12.4504s written=0
  crossing 0/250
  stopped velocity row 74 IC 582 x0=0.792583 velocity_parameter=0.226333 status=outer_limit: trajectory reached the configured outer_limit radius
velocity row 74/120 IC 592/599 x0=0.792655 velocity_parameter=0.226333 elapsed=12.5245s written=0
  crossing 0/250
  stopped velocity row 74 IC 592 x0=0.792655 velocity_parameter=0.226333 status=outer_limit: trajectory reached the configured outer_limit radius
velocity row 74/120 IC 599/599 x0=0.792705 velocity_parameter=0.226333 elapsed=12.576s written=0
  crossing 0/250
  stopped velocity row 74 IC 599 x0=0.792705 velocity_parameter=0.226333 status=outer_limit: trajectory reached the configured outer_limit radius
velocity row 75/120 IC 582/599 x0=0.792583 velocity_parameter=0.2425 elapsed=12.584s written=0
  crossing 0/250
  stopped velocity row 75 IC 582 x0=0.792583 velocity_parameter=0.2425 status=outer_limit: trajectory reached the configured outer_limit radius
velocity row 75/120 IC 592/599 x0=0.792655 velocity_parameter=0.2425 elapsed=12.6636s written=0
  crossing 0/250
  stopped velocity row 75 IC 592 x0=0.792655 velocity_parameter=0.2425 status=outer_limit: trajectory reached the configured outer_limit radius
velocity row 75/120 IC 599/599 x0=0.792705 velocity_parameter=0.2425 elapsed=12.7139s written=0
  crossing 0/250
  stopped velocity row 75 IC 599 x0=0.792705 velocity_parameter=0.2425 status=outer_limit: trajectory reached the configured outer_limit radius
velocity row 76/120 IC 582/599 x0=0.792583 velocity_parameter=0.258667 elapsed=12.7217s written=0
  crossing 0/250
  stopped velocity row 76 IC 582 x0=0.792583 velocity_parameter=0.258667 status=outer_limit: trajectory reached the configured outer_limit radius
velocity row 76/120 IC 592/599 x0=0.792655 velocity_parameter=0.258667 elapsed=12.7949s written=0
  crossing 0/250
  stopped velocity row 76 IC 592 x0=0.792655 velocity_parameter=0.258667 status=outer_limit: trajectory reached the configured outer_limit radius
velocity row 76/120 IC 599/599 x0=0.792705 velocity_parameter=0.258667 elapsed=12.846s written=0
  crossing 0/250
  stopped velocity row 76 IC 599 x0=0.792705 velocity_parameter=0.258667 status=outer_limit: trajectory reached the configured outer_limit radius
velocity row 77/120 IC 582/599 x0=0.792583 velocity_parameter=0.274833 elapsed=12.8525s written=0
  crossing 0/250
  stopped velocity row 77 IC 582 x0=0.792583 velocity_parameter=0.274833 status=outer_limit: trajectory reached the configured outer_limit radius
velocity row 77/120 IC 592/599 x0=0.792655 velocity_parameter=0.274833 elapsed=12.9254s written=0
  crossing 0/250
  stopped velocity row 77 IC 592 x0=0.792655 velocity_parameter=0.274833 status=outer_limit: trajectory reached the configured outer_limit radius
velocity row 77/120 IC 599/599 x0=0.792705 velocity_parameter=0.274833 elapsed=12.9783s written=0
  crossing 0/250
  stopped velocity row 77 IC 599 x0=0.792705 velocity_parameter=0.274833 status=outer_limit: trajectory reached the configured outer_limit radius
velocity row 78/120 IC 582/599 x0=0.792583 velocity_parameter=0.291 elapsed=12.9863s written=0
  crossing 0/250
  stopped velocity row 78 IC 582 x0=0.792583 velocity_parameter=0.291 status=outer_limit: trajectory reached the configured outer_limit radius
velocity row 78/120 IC 592/599 x0=0.792655 velocity_parameter=0.291 elapsed=13.0606s written=0
  crossing 0/250
  stopped velocity row 78 IC 592 x0=0.792655 velocity_parameter=0.291 status=outer_limit: trajectory reached the configured outer_limit radius
velocity row 78/120 IC 599/599 x0=0.792705 velocity_parameter=0.291 elapsed=13.1081s written=0
  crossing 0/250
  stopped velocity row 78 IC 599 x0=0.792705 velocity_parameter=0.291 status=outer_limit: trajectory reached the configured outer_limit radius
velocity row 79/120 IC 582/599 x0=0.792583 velocity_parameter=0.307167 elapsed=13.1158s written=0
  crossing 0/250
  stopped velocity row 79 IC 582 x0=0.792583 velocity_parameter=0.307167 status=outer_limit: trajectory reached the configured outer_limit radius
velocity row 79/120 IC 592/599 x0=0.792655 velocity_parameter=0.307167 elapsed=13.1887s written=0
  crossing 0/250
  stopped velocity row 79 IC 592 x0=0.792655 velocity_parameter=0.307167 status=outer_limit: trajectory reached the configured outer_limit radius
velocity row 79/120 IC 599/599 x0=0.792705 velocity_parameter=0.307167 elapsed=13.2367s written=0
  crossing 0/250
  stopped velocity row 79 IC 599 x0=0.792705 velocity_parameter=0.307167 status=outer_limit: trajectory reached the configured outer_limit radius
velocity row 80/120 IC 582/599 x0=0.792583 velocity_parameter=0.323333 elapsed=13.2443s written=0
  crossing 0/250
  stopped velocity row 80 IC 582 x0=0.792583 velocity_parameter=0.323333 status=outer_limit: trajectory reached the configured outer_limit radius
velocity row 80/120 IC 592/599 x0=0.792655 velocity_parameter=0.323333 elapsed=13.3195s written=0
  crossing 0/250
  stopped velocity row 80 IC 592 x0=0.792655 velocity_parameter=0.323333 status=outer_limit: trajectory reached the configured outer_limit radius
velocity row 80/120 IC 599/599 x0=0.792705 velocity_parameter=0.323333 elapsed=13.3713s written=0
  crossing 0/250
  stopped velocity row 80 IC 599 x0=0.792705 velocity_parameter=0.323333 status=outer_limit: trajectory reached the configured outer_limit radius
velocity row 81/120 IC 582/599 x0=0.792583 velocity_parameter=0.3395 elapsed=13.379s written=0
  crossing 0/250
  stopped velocity row 81 IC 582 x0=0.792583 velocity_parameter=0.3395 status=outer_limit: trajectory reached the configured outer_limit radius
velocity row 81/120 IC 592/599 x0=0.792655 velocity_parameter=0.3395 elapsed=13.4512s written=0
  crossing 0/250
  stopped velocity row 81 IC 592 x0=0.792655 velocity_parameter=0.3395 status=outer_limit: trajectory reached the configured outer_limit radius
velocity row 81/120 IC 599/599 x0=0.792705 velocity_parameter=0.3395 elapsed=13.5069s written=0
  crossing 0/250
  stopped velocity row 81 IC 599 x0=0.792705 velocity_parameter=0.3395 status=outer_limit: trajectory reached the configured outer_limit radius
velocity row 82/120 IC 582/599 x0=0.792583 velocity_parameter=0.355667 elapsed=13.5139s written=0
  crossing 0/250
  stopped velocity row 82 IC 582 x0=0.792583 velocity_parameter=0.355667 status=outer_limit: trajectory reached the configured outer_limit radius
velocity row 82/120 IC 592/599 x0=0.792655 velocity_parameter=0.355667 elapsed=13.5906s written=0
  crossing 0/250
  stopped velocity row 82 IC 592 x0=0.792655 velocity_parameter=0.355667 status=outer_limit: trajectory reached the configured outer_limit radius
velocity row 82/120 IC 599/599 x0=0.792705 velocity_parameter=0.355667 elapsed=13.6426s written=0
  crossing 0/250
  stopped velocity row 82 IC 599 x0=0.792705 velocity_parameter=0.355667 status=outer_limit: trajectory reached the configured outer_limit radius
velocity row 83/120 IC 582/599 x0=0.792583 velocity_parameter=0.371833 elapsed=13.6508s written=0
  crossing 0/250
  stopped velocity row 83 IC 582 x0=0.792583 velocity_parameter=0.371833 status=outer_limit: trajectory reached the configured outer_limit radius
velocity row 83/120 IC 592/599 x0=0.792655 velocity_parameter=0.371833 elapsed=13.7207s written=0
  crossing 0/250
  stopped velocity row 83 IC 592 x0=0.792655 velocity_parameter=0.371833 status=outer_limit: trajectory reached the configured outer_limit radius
velocity row 83/120 IC 599/599 x0=0.792705 velocity_parameter=0.371833 elapsed=13.773s written=0
  crossing 0/250
  stopped velocity row 83 IC 599 x0=0.792705 velocity_parameter=0.371833 status=outer_limit: trajectory reached the configured outer_limit radius
velocity row 84/120 IC 582/599 x0=0.792583 velocity_parameter=0.388 elapsed=13.78s written=0
  crossing 0/250
  stopped velocity row 84 IC 582 x0=0.792583 velocity_parameter=0.388 status=outer_limit: trajectory reached the configured outer_limit radius
velocity row 84/120 IC 592/599 x0=0.792655 velocity_parameter=0.388 elapsed=13.8526s written=0
  crossing 0/250
  stopped velocity row 84 IC 592 x0=0.792655 velocity_parameter=0.388 status=outer_limit: trajectory reached the configured outer_limit radius
velocity row 84/120 IC 599/599 x0=0.792705 velocity_parameter=0.388 elapsed=13.8982s written=0
  crossing 0/250
  stopped velocity row 84 IC 599 x0=0.792705 velocity_parameter=0.388 status=outer_limit: trajectory reached the configured outer_limit radius
velocity row 85/120 IC 582/599 x0=0.792583 velocity_parameter=0.404167 elapsed=13.9049s written=0
  crossing 0/250
  stopped velocity row 85 IC 582 x0=0.792583 velocity_parameter=0.404167 status=outer_limit: trajectory reached the configured outer_limit radius
velocity row 85/120 IC 592/599 x0=0.792655 velocity_parameter=0.404167 elapsed=13.9789s written=0
  crossing 0/250
  stopped velocity row 85 IC 592 x0=0.792655 velocity_parameter=0.404167 status=outer_limit: trajectory reached the configured outer_limit radius
velocity row 85/120 IC 599/599 x0=0.792705 velocity_parameter=0.404167 elapsed=14.0297s written=0
  crossing 0/250
  stopped velocity row 85 IC 599 x0=0.792705 velocity_parameter=0.404167 status=outer_limit: trajectory reached the configured outer_limit radius
velocity row 86/120 IC 582/599 x0=0.792583 velocity_parameter=0.420333 elapsed=14.0375s written=0
  crossing 0/250
  stopped velocity row 86 IC 582 x0=0.792583 velocity_parameter=0.420333 status=outer_limit: trajectory reached the configured outer_limit radius
velocity row 86/120 IC 592/599 x0=0.792655 velocity_parameter=0.420333 elapsed=14.1055s written=0
  crossing 0/250
  stopped velocity row 86 IC 592 x0=0.792655 velocity_parameter=0.420333 status=outer_limit: trajectory reached the configured outer_limit radius
velocity row 86/120 IC 599/599 x0=0.792705 velocity_parameter=0.420333 elapsed=14.1546s written=0
  crossing 0/250
  stopped velocity row 86 IC 599 x0=0.792705 velocity_parameter=0.420333 status=outer_limit: trajectory reached the configured outer_limit radius
velocity row 87/120 IC 582/599 x0=0.792583 velocity_parameter=0.4365 elapsed=14.1621s written=0
  crossing 0/250
  stopped velocity row 87 IC 582 x0=0.792583 velocity_parameter=0.4365 status=outer_limit: trajectory reached the configured outer_limit radius
velocity row 87/120 IC 592/599 x0=0.792655 velocity_parameter=0.4365 elapsed=14.2308s written=0
  crossing 0/250
  stopped velocity row 87 IC 592 x0=0.792655 velocity_parameter=0.4365 status=outer_limit: trajectory reached the configured outer_limit radius
velocity row 87/120 IC 599/599 x0=0.792705 velocity_parameter=0.4365 elapsed=14.2778s written=0
  crossing 0/250
  stopped velocity row 87 IC 599 x0=0.792705 velocity_parameter=0.4365 status=outer_limit: trajectory reached the configured outer_limit radius
velocity row 88/120 IC 582/599 x0=0.792583 velocity_parameter=0.452667 elapsed=14.2847s written=0
  crossing 0/250
  stopped velocity row 88 IC 582 x0=0.792583 velocity_parameter=0.452667 status=outer_limit: trajectory reached the configured outer_limit radius
velocity row 88/120 IC 592/599 x0=0.792655 velocity_parameter=0.452667 elapsed=14.3597s written=0
  crossing 0/250
  stopped velocity row 88 IC 592 x0=0.792655 velocity_parameter=0.452667 status=outer_limit: trajectory reached the configured outer_limit radius
velocity row 88/120 IC 599/599 x0=0.792705 velocity_parameter=0.452667 elapsed=14.4109s written=0
  crossing 0/250
  stopped velocity row 88 IC 599 x0=0.792705 velocity_parameter=0.452667 status=outer_limit: trajectory reached the configured outer_limit radius
velocity row 89/120 IC 582/599 x0=0.792583 velocity_parameter=0.468833 elapsed=14.4186s written=0
  crossing 0/250
  stopped velocity row 89 IC 582 x0=0.792583 velocity_parameter=0.468833 status=outer_limit: trajectory reached the configured outer_limit radius
velocity row 89/120 IC 592/599 x0=0.792655 velocity_parameter=0.468833 elapsed=14.4917s written=0
  crossing 0/250
  stopped velocity row 89 IC 592 x0=0.792655 velocity_parameter=0.468833 status=outer_limit: trajectory reached the configured outer_limit radius
velocity row 89/120 IC 599/599 x0=0.792705 velocity_parameter=0.468833 elapsed=14.5376s written=0
  crossing 0/250
  stopped velocity row 89 IC 599 x0=0.792705 velocity_parameter=0.468833 status=outer_limit: trajectory reached the configured outer_limit radius
velocity row 90/120 IC 582/599 x0=0.792583 velocity_parameter=0.485 elapsed=14.5441s written=0
  crossing 0/250
  stopped velocity row 90 IC 582 x0=0.792583 velocity_parameter=0.485 status=outer_limit: trajectory reached the configured outer_limit radius
velocity row 90/120 IC 592/599 x0=0.792655 velocity_parameter=0.485 elapsed=14.6187s written=0
  crossing 0/250
  stopped velocity row 90 IC 592 x0=0.792655 velocity_parameter=0.485 status=outer_limit: trajectory reached the configured outer_limit radius
velocity row 90/120 IC 599/599 x0=0.792705 velocity_parameter=0.485 elapsed=14.6653s written=0
  crossing 0/250
  stopped velocity row 90 IC 599 x0=0.792705 velocity_parameter=0.485 status=outer_limit: trajectory reached the configured outer_limit radius
velocity row 91/120 IC 582/599 x0=0.792583 velocity_parameter=0.501167 elapsed=14.6717s written=0
  crossing 0/250
  stopped velocity row 91 IC 582 x0=0.792583 velocity_parameter=0.501167 status=outer_limit: trajectory reached the configured outer_limit radius
velocity row 91/120 IC 592/599 x0=0.792655 velocity_parameter=0.501167 elapsed=14.7404s written=0
  crossing 0/250
  stopped velocity row 91 IC 592 x0=0.792655 velocity_parameter=0.501167 status=outer_limit: trajectory reached the configured outer_limit radius
velocity row 91/120 IC 599/599 x0=0.792705 velocity_parameter=0.501167 elapsed=14.7932s written=0
  crossing 0/250
  stopped velocity row 91 IC 599 x0=0.792705 velocity_parameter=0.501167 status=outer_limit: trajectory reached the configured outer_limit radius
velocity row 92/120 IC 582/599 x0=0.792583 velocity_parameter=0.517333 elapsed=14.8011s written=0
  crossing 0/250
  stopped velocity row 92 IC 582 x0=0.792583 velocity_parameter=0.517333 status=outer_limit: trajectory reached the configured outer_limit radius
velocity row 92/120 IC 592/599 x0=0.792655 velocity_parameter=0.517333 elapsed=14.8711s written=0
  crossing 0/250
  stopped velocity row 92 IC 592 x0=0.792655 velocity_parameter=0.517333 status=outer_limit: trajectory reached the configured outer_limit radius
velocity row 92/120 IC 599/599 x0=0.792705 velocity_parameter=0.517333 elapsed=14.9213s written=0
  crossing 0/250
  stopped velocity row 92 IC 599 x0=0.792705 velocity_parameter=0.517333 status=outer_limit: trajectory reached the configured outer_limit radius
velocity row 93/120 IC 582/599 x0=0.792583 velocity_parameter=0.5335 elapsed=14.929s written=0
  crossing 0/250
  stopped velocity row 93 IC 582 x0=0.792583 velocity_parameter=0.5335 status=outer_limit: trajectory reached the configured outer_limit radius
velocity row 93/120 IC 592/599 x0=0.792655 velocity_parameter=0.5335 elapsed=15.0016s written=0
  crossing 0/250
  stopped velocity row 93 IC 592 x0=0.792655 velocity_parameter=0.5335 status=outer_limit: trajectory reached the configured outer_limit radius
velocity row 93/120 IC 599/599 x0=0.792705 velocity_parameter=0.5335 elapsed=15.0516s written=0
  crossing 0/250
  stopped velocity row 93 IC 599 x0=0.792705 velocity_parameter=0.5335 status=outer_limit: trajectory reached the configured outer_limit radius
velocity row 94/120 IC 582/599 x0=0.792583 velocity_parameter=0.549667 elapsed=15.0594s written=0
  crossing 0/250
  stopped velocity row 94 IC 582 x0=0.792583 velocity_parameter=0.549667 status=outer_limit: trajectory reached the configured outer_limit radius
velocity row 94/120 IC 592/599 x0=0.792655 velocity_parameter=0.549667 elapsed=15.1259s written=0
  crossing 0/250
  stopped velocity row 94 IC 592 x0=0.792655 velocity_parameter=0.549667 status=outer_limit: trajectory reached the configured outer_limit radius
velocity row 94/120 IC 599/599 x0=0.792705 velocity_parameter=0.549667 elapsed=15.1781s written=0
  crossing 0/250
  stopped velocity row 94 IC 599 x0=0.792705 velocity_parameter=0.549667 status=outer_limit: trajectory reached the configured outer_limit radius
velocity row 95/120 IC 582/599 x0=0.792583 velocity_parameter=0.565833 elapsed=15.1854s written=0
  crossing 0/250
  stopped velocity row 95 IC 582 x0=0.792583 velocity_parameter=0.565833 status=outer_limit: trajectory reached the configured outer_limit radius
velocity row 95/120 IC 592/599 x0=0.792655 velocity_parameter=0.565833 elapsed=15.2568s written=0
  crossing 0/250
  stopped velocity row 95 IC 592 x0=0.792655 velocity_parameter=0.565833 status=outer_limit: trajectory reached the configured outer_limit radius
velocity row 95/120 IC 599/599 x0=0.792705 velocity_parameter=0.565833 elapsed=15.3059s written=0
  crossing 0/250
  stopped velocity row 95 IC 599 x0=0.792705 velocity_parameter=0.565833 status=outer_limit: trajectory reached the configured outer_limit radius
velocity row 96/120 IC 582/599 x0=0.792583 velocity_parameter=0.582 elapsed=15.3142s written=0
  crossing 0/250
  stopped velocity row 96 IC 582 x0=0.792583 velocity_parameter=0.582 status=outer_limit: trajectory reached the configured outer_limit radius
velocity row 96/120 IC 592/599 x0=0.792655 velocity_parameter=0.582 elapsed=15.3768s written=0
  crossing 0/250
  stopped velocity row 96 IC 592 x0=0.792655 velocity_parameter=0.582 status=outer_limit: trajectory reached the configured outer_limit radius
velocity row 96/120 IC 599/599 x0=0.792705 velocity_parameter=0.582 elapsed=15.4258s written=0
  crossing 0/250
  stopped velocity row 96 IC 599 x0=0.792705 velocity_parameter=0.582 status=outer_limit: trajectory reached the configured outer_limit radius
velocity row 97/120 IC 582/599 x0=0.792583 velocity_parameter=0.598167 elapsed=15.4336s written=0
  crossing 0/250
  stopped velocity row 97 IC 582 x0=0.792583 velocity_parameter=0.598167 status=outer_limit: trajectory reached the configured outer_limit radius
velocity row 97/120 IC 592/599 x0=0.792655 velocity_parameter=0.598167 elapsed=15.5049s written=0
  crossing 0/250
  stopped velocity row 97 IC 592 x0=0.792655 velocity_parameter=0.598167 status=outer_limit: trajectory reached the configured outer_limit radius
velocity row 97/120 IC 599/599 x0=0.792705 velocity_parameter=0.598167 elapsed=15.5548s written=0
  crossing 0/250
  stopped velocity row 97 IC 599 x0=0.792705 velocity_parameter=0.598167 status=outer_limit: trajectory reached the configured outer_limit radius
velocity row 98/120 IC 582/599 x0=0.792583 velocity_parameter=0.614333 elapsed=15.5623s written=0
  crossing 0/250
  stopped velocity row 98 IC 582 x0=0.792583 velocity_parameter=0.614333 status=outer_limit: trajectory reached the configured outer_limit radius
velocity row 98/120 IC 592/599 x0=0.792655 velocity_parameter=0.614333 elapsed=15.6374s written=0
  crossing 0/250
  stopped velocity row 98 IC 592 x0=0.792655 velocity_parameter=0.614333 status=outer_limit: trajectory reached the configured outer_limit radius
velocity row 98/120 IC 599/599 x0=0.792705 velocity_parameter=0.614333 elapsed=15.6867s written=0
  crossing 0/250
  stopped velocity row 98 IC 599 x0=0.792705 velocity_parameter=0.614333 status=outer_limit: trajectory reached the configured outer_limit radius
velocity row 99/120 IC 582/599 x0=0.792583 velocity_parameter=0.6305 elapsed=15.6944s written=0
  crossing 0/250
  stopped velocity row 99 IC 582 x0=0.792583 velocity_parameter=0.6305 status=outer_limit: trajectory reached the configured outer_limit radius
velocity row 99/120 IC 592/599 x0=0.792655 velocity_parameter=0.6305 elapsed=15.7661s written=0
  crossing 0/250
  stopped velocity row 99 IC 592 x0=0.792655 velocity_parameter=0.6305 status=outer_limit: trajectory reached the configured outer_limit radius
velocity row 99/120 IC 599/599 x0=0.792705 velocity_parameter=0.6305 elapsed=15.8197s written=0
  crossing 0/250
  stopped velocity row 99 IC 599 x0=0.792705 velocity_parameter=0.6305 status=outer_limit: trajectory reached the configured outer_limit radius
velocity row 100/120 IC 582/599 x0=0.792583 velocity_parameter=0.646667 elapsed=15.8272s written=0
  crossing 0/250
  stopped velocity row 100 IC 582 x0=0.792583 velocity_parameter=0.646667 status=outer_limit: trajectory reached the configured outer_limit radius
velocity row 100/120 IC 592/599 x0=0.792655 velocity_parameter=0.646667 elapsed=15.8963s written=0
  crossing 0/250
  stopped velocity row 100 IC 592 x0=0.792655 velocity_parameter=0.646667 status=outer_limit: trajectory reached the configured outer_limit radius
velocity row 100/120 IC 599/599 x0=0.792705 velocity_parameter=0.646667 elapsed=15.9445s written=0
  crossing 0/250
  stopped velocity row 100 IC 599 x0=0.792705 velocity_parameter=0.646667 status=outer_limit: trajectory reached the configured outer_limit radius
velocity row 101/120 IC 582/599 x0=0.792583 velocity_parameter=0.662833 elapsed=15.9523s written=0
  crossing 0/250
  stopped velocity row 101 IC 582 x0=0.792583 velocity_parameter=0.662833 status=outer_limit: trajectory reached the configured outer_limit radius
velocity row 101/120 IC 592/599 x0=0.792655 velocity_parameter=0.662833 elapsed=16.022s written=0
  crossing 0/250
  stopped velocity row 101 IC 592 x0=0.792655 velocity_parameter=0.662833 status=outer_limit: trajectory reached the configured outer_limit radius
velocity row 101/120 IC 599/599 x0=0.792705 velocity_parameter=0.662833 elapsed=16.0707s written=0
  crossing 0/250
  stopped velocity row 101 IC 599 x0=0.792705 velocity_parameter=0.662833 status=outer_limit: trajectory reached the configured outer_limit radius
velocity row 102/120 IC 582/599 x0=0.792583 velocity_parameter=0.679 elapsed=16.0783s written=0
  crossing 0/250
  stopped velocity row 102 IC 582 x0=0.792583 velocity_parameter=0.679 status=outer_limit: trajectory reached the configured outer_limit radius
velocity row 102/120 IC 592/599 x0=0.792655 velocity_parameter=0.679 elapsed=16.1492s written=0
  crossing 0/250
  stopped velocity row 102 IC 592 x0=0.792655 velocity_parameter=0.679 status=outer_limit: trajectory reached the configured outer_limit radius
velocity row 102/120 IC 599/599 x0=0.792705 velocity_parameter=0.679 elapsed=16.2009s written=0
  crossing 0/250
  stopped velocity row 102 IC 599 x0=0.792705 velocity_parameter=0.679 status=outer_limit: trajectory reached the configured outer_limit radius
velocity row 103/120 IC 582/599 x0=0.792583 velocity_parameter=0.695167 elapsed=16.2088s written=0
  crossing 0/250
  stopped velocity row 103 IC 582 x0=0.792583 velocity_parameter=0.695167 status=outer_limit: trajectory reached the configured outer_limit radius
velocity row 103/120 IC 592/599 x0=0.792655 velocity_parameter=0.695167 elapsed=16.2809s written=0
  crossing 0/250
  stopped velocity row 103 IC 592 x0=0.792655 velocity_parameter=0.695167 status=outer_limit: trajectory reached the configured outer_limit radius
velocity row 103/120 IC 599/599 x0=0.792705 velocity_parameter=0.695167 elapsed=16.3305s written=0
  crossing 0/250
  stopped velocity row 103 IC 599 x0=0.792705 velocity_parameter=0.695167 status=outer_limit: trajectory reached the configured outer_limit radius
velocity row 104/120 IC 582/599 x0=0.792583 velocity_parameter=0.711333 elapsed=16.338s written=0
  crossing 0/250
  stopped velocity row 104 IC 582 x0=0.792583 velocity_parameter=0.711333 status=outer_limit: trajectory reached the configured outer_limit radius
velocity row 104/120 IC 592/599 x0=0.792655 velocity_parameter=0.711333 elapsed=16.408s written=0
  crossing 0/250
  stopped velocity row 104 IC 592 x0=0.792655 velocity_parameter=0.711333 status=outer_limit: trajectory reached the configured outer_limit radius
velocity row 104/120 IC 599/599 x0=0.792705 velocity_parameter=0.711333 elapsed=16.4578s written=0
  crossing 0/250
  stopped velocity row 104 IC 599 x0=0.792705 velocity_parameter=0.711333 status=outer_limit: trajectory reached the configured outer_limit radius
velocity row 105/120 IC 582/599 x0=0.792583 velocity_parameter=0.7275 elapsed=16.4655s written=0
  crossing 0/250
  stopped velocity row 105 IC 582 x0=0.792583 velocity_parameter=0.7275 status=outer_limit: trajectory reached the configured outer_limit radius
velocity row 105/120 IC 592/599 x0=0.792655 velocity_parameter=0.7275 elapsed=16.5367s written=0
  crossing 0/250
  stopped velocity row 105 IC 592 x0=0.792655 velocity_parameter=0.7275 status=outer_limit: trajectory reached the configured outer_limit radius
velocity row 105/120 IC 599/599 x0=0.792705 velocity_parameter=0.7275 elapsed=16.5891s written=0
  crossing 0/250
  stopped velocity row 105 IC 599 x0=0.792705 velocity_parameter=0.7275 status=outer_limit: trajectory reached the configured outer_limit radius
velocity row 106/120 IC 582/599 x0=0.792583 velocity_parameter=0.743667 elapsed=16.5965s written=0
  crossing 0/250
  stopped velocity row 106 IC 582 x0=0.792583 velocity_parameter=0.743667 status=outer_limit: trajectory reached the configured outer_limit radius
velocity row 106/120 IC 592/599 x0=0.792655 velocity_parameter=0.743667 elapsed=16.6635s written=0
  crossing 0/250
  stopped velocity row 106 IC 592 x0=0.792655 velocity_parameter=0.743667 status=outer_limit: trajectory reached the configured outer_limit radius
velocity row 106/120 IC 599/599 x0=0.792705 velocity_parameter=0.743667 elapsed=16.7151s written=0
  crossing 0/250
  stopped velocity row 106 IC 599 x0=0.792705 velocity_parameter=0.743667 status=outer_limit: trajectory reached the configured outer_limit radius
velocity row 107/120 IC 582/599 x0=0.792583 velocity_parameter=0.759833 elapsed=16.722s written=0
  crossing 0/250
  stopped velocity row 107 IC 582 x0=0.792583 velocity_parameter=0.759833 status=outer_limit: trajectory reached the configured outer_limit radius
velocity row 107/120 IC 592/599 x0=0.792655 velocity_parameter=0.759833 elapsed=16.7913s written=0
  crossing 0/250
  stopped velocity row 107 IC 592 x0=0.792655 velocity_parameter=0.759833 status=outer_limit: trajectory reached the configured outer_limit radius
velocity row 107/120 IC 599/599 x0=0.792705 velocity_parameter=0.759833 elapsed=16.8423s written=0
  crossing 0/250
  stopped velocity row 107 IC 599 x0=0.792705 velocity_parameter=0.759833 status=outer_limit: trajectory reached the configured outer_limit radius
velocity row 108/120 IC 582/599 x0=0.792583 velocity_parameter=0.776 elapsed=16.8493s written=0
  crossing 0/250
  stopped velocity row 108 IC 582 x0=0.792583 velocity_parameter=0.776 status=outer_limit: trajectory reached the configured outer_limit radius
velocity row 108/120 IC 592/599 x0=0.792655 velocity_parameter=0.776 elapsed=16.9166s written=0
  crossing 0/250
  stopped velocity row 108 IC 592 x0=0.792655 velocity_parameter=0.776 status=outer_limit: trajectory reached the configured outer_limit radius
velocity row 108/120 IC 599/599 x0=0.792705 velocity_parameter=0.776 elapsed=16.9641s written=0
  crossing 0/250
  stopped velocity row 108 IC 599 x0=0.792705 velocity_parameter=0.776 status=outer_limit: trajectory reached the configured outer_limit radius
velocity row 109/120 IC 582/599 x0=0.792583 velocity_parameter=0.792167 elapsed=16.9716s written=0
  crossing 0/250
  stopped velocity row 109 IC 582 x0=0.792583 velocity_parameter=0.792167 status=outer_limit: trajectory reached the configured outer_limit radius
velocity row 109/120 IC 592/599 x0=0.792655 velocity_parameter=0.792167 elapsed=17.0475s written=0
  crossing 0/250
  stopped velocity row 109 IC 592 x0=0.792655 velocity_parameter=0.792167 status=outer_limit: trajectory reached the configured outer_limit radius
velocity row 109/120 IC 599/599 x0=0.792705 velocity_parameter=0.792167 elapsed=17.0967s written=0
  crossing 0/250
  stopped velocity row 109 IC 599 x0=0.792705 velocity_parameter=0.792167 status=outer_limit: trajectory reached the configured outer_limit radius
velocity row 110/120 IC 582/599 x0=0.792583 velocity_parameter=0.808333 elapsed=17.1044s written=0
  crossing 0/250
  stopped velocity row 110 IC 582 x0=0.792583 velocity_parameter=0.808333 status=outer_limit: trajectory reached the configured outer_limit radius
velocity row 110/120 IC 592/599 x0=0.792655 velocity_parameter=0.808333 elapsed=17.1751s written=0
  crossing 0/250
  stopped velocity row 110 IC 592 x0=0.792655 velocity_parameter=0.808333 status=outer_limit: trajectory reached the configured outer_limit radius
velocity row 110/120 IC 599/599 x0=0.792705 velocity_parameter=0.808333 elapsed=17.2233s written=0
  crossing 0/250
  stopped velocity row 110 IC 599 x0=0.792705 velocity_parameter=0.808333 status=outer_limit: trajectory reached the configured outer_limit radius
velocity row 111/120 IC 582/599 x0=0.792583 velocity_parameter=0.8245 elapsed=17.2293s written=0
  crossing 0/250
  stopped velocity row 111 IC 582 x0=0.792583 velocity_parameter=0.8245 status=outer_limit: trajectory reached the configured outer_limit radius
velocity row 111/120 IC 592/599 x0=0.792655 velocity_parameter=0.8245 elapsed=17.303s written=0
  crossing 0/250
  stopped velocity row 111 IC 592 x0=0.792655 velocity_parameter=0.8245 status=outer_limit: trajectory reached the configured outer_limit radius
velocity row 111/120 IC 599/599 x0=0.792705 velocity_parameter=0.8245 elapsed=17.3527s written=0
  crossing 0/250
  stopped velocity row 111 IC 599 x0=0.792705 velocity_parameter=0.8245 status=outer_limit: trajectory reached the configured outer_limit radius
velocity row 112/120 IC 582/599 x0=0.792583 velocity_parameter=0.840667 elapsed=17.3585s written=0
  crossing 0/250
  stopped velocity row 112 IC 582 x0=0.792583 velocity_parameter=0.840667 status=outer_limit: trajectory reached the configured outer_limit radius
velocity row 112/120 IC 592/599 x0=0.792655 velocity_parameter=0.840667 elapsed=17.4307s written=0
  crossing 0/250
  stopped velocity row 112 IC 592 x0=0.792655 velocity_parameter=0.840667 status=outer_limit: trajectory reached the configured outer_limit radius
velocity row 112/120 IC 599/599 x0=0.792705 velocity_parameter=0.840667 elapsed=17.4773s written=0
  crossing 0/250
  stopped velocity row 112 IC 599 x0=0.792705 velocity_parameter=0.840667 status=outer_limit: trajectory reached the configured outer_limit radius
velocity row 113/120 IC 582/599 x0=0.792583 velocity_parameter=0.856833 elapsed=17.4854s written=0
  crossing 0/250
  stopped velocity row 113 IC 582 x0=0.792583 velocity_parameter=0.856833 status=outer_limit: trajectory reached the configured outer_limit radius
velocity row 113/120 IC 592/599 x0=0.792655 velocity_parameter=0.856833 elapsed=17.5551s written=0
  crossing 0/250
  stopped velocity row 113 IC 592 x0=0.792655 velocity_parameter=0.856833 status=outer_limit: trajectory reached the configured outer_limit radius
velocity row 113/120 IC 599/599 x0=0.792705 velocity_parameter=0.856833 elapsed=17.6087s written=0
  crossing 0/250
  stopped velocity row 113 IC 599 x0=0.792705 velocity_parameter=0.856833 status=outer_limit: trajectory reached the configured outer_limit radius
velocity row 114/120 IC 582/599 x0=0.792583 velocity_parameter=0.873 elapsed=17.6162s written=0
  crossing 0/250
  stopped velocity row 114 IC 582 x0=0.792583 velocity_parameter=0.873 status=outer_limit: trajectory reached the configured outer_limit radius
velocity row 114/120 IC 592/599 x0=0.792655 velocity_parameter=0.873 elapsed=17.6868s written=0
  crossing 0/250
  stopped velocity row 114 IC 592 x0=0.792655 velocity_parameter=0.873 status=outer_limit: trajectory reached the configured outer_limit radius
velocity row 114/120 IC 599/599 x0=0.792705 velocity_parameter=0.873 elapsed=17.7349s written=0
  crossing 0/250
  stopped velocity row 114 IC 599 x0=0.792705 velocity_parameter=0.873 status=outer_limit: trajectory reached the configured outer_limit radius
velocity row 115/120 IC 582/599 x0=0.792583 velocity_parameter=0.889167 elapsed=17.7426s written=0
  crossing 0/250
  stopped velocity row 115 IC 582 x0=0.792583 velocity_parameter=0.889167 status=outer_limit: trajectory reached the configured outer_limit radius
velocity row 115/120 IC 592/599 x0=0.792655 velocity_parameter=0.889167 elapsed=17.8139s written=0
  crossing 0/250
  stopped velocity row 115 IC 592 x0=0.792655 velocity_parameter=0.889167 status=outer_limit: trajectory reached the configured outer_limit radius
velocity row 115/120 IC 599/599 x0=0.792705 velocity_parameter=0.889167 elapsed=17.8619s written=0
  crossing 0/250
  stopped velocity row 115 IC 599 x0=0.792705 velocity_parameter=0.889167 status=outer_limit: trajectory reached the configured outer_limit radius
velocity row 116/120 IC 582/599 x0=0.792583 velocity_parameter=0.905333 elapsed=17.8695s written=0
  crossing 0/250
  stopped velocity row 116 IC 582 x0=0.792583 velocity_parameter=0.905333 status=outer_limit: trajectory reached the configured outer_limit radius
velocity row 116/120 IC 592/599 x0=0.792655 velocity_parameter=0.905333 elapsed=17.9388s written=0
  crossing 0/250
  stopped velocity row 116 IC 592 x0=0.792655 velocity_parameter=0.905333 status=outer_limit: trajectory reached the configured outer_limit radius
velocity row 116/120 IC 599/599 x0=0.792705 velocity_parameter=0.905333 elapsed=17.9869s written=0
  crossing 0/250
  stopped velocity row 116 IC 599 x0=0.792705 velocity_parameter=0.905333 status=outer_limit: trajectory reached the configured outer_limit radius
velocity row 117/120 IC 582/599 x0=0.792583 velocity_parameter=0.9215 elapsed=17.9948s written=0
  crossing 0/250
  stopped velocity row 117 IC 582 x0=0.792583 velocity_parameter=0.9215 status=outer_limit: trajectory reached the configured outer_limit radius
velocity row 117/120 IC 592/599 x0=0.792655 velocity_parameter=0.9215 elapsed=18.0726s written=0
  crossing 0/250
  stopped velocity row 117 IC 592 x0=0.792655 velocity_parameter=0.9215 status=outer_limit: trajectory reached the configured outer_limit radius
velocity row 117/120 IC 599/599 x0=0.792705 velocity_parameter=0.9215 elapsed=18.1227s written=0
  crossing 0/250
  stopped velocity row 117 IC 599 x0=0.792705 velocity_parameter=0.9215 status=outer_limit: trajectory reached the configured outer_limit radius
velocity row 118/120 IC 582/599 x0=0.792583 velocity_parameter=0.937667 elapsed=18.13s written=0
  crossing 0/250
  stopped velocity row 118 IC 582 x0=0.792583 velocity_parameter=0.937667 status=outer_limit: trajectory reached the configured outer_limit radius
velocity row 118/120 IC 592/599 x0=0.792655 velocity_parameter=0.937667 elapsed=18.2018s written=0
  crossing 0/250
  stopped velocity row 118 IC 592 x0=0.792655 velocity_parameter=0.937667 status=outer_limit: trajectory reached the configured outer_limit radius
velocity row 118/120 IC 599/599 x0=0.792705 velocity_parameter=0.937667 elapsed=18.2505s written=0
  crossing 0/250
  stopped velocity row 118 IC 599 x0=0.792705 velocity_parameter=0.937667 status=outer_limit: trajectory reached the configured outer_limit radius
velocity row 119/120 IC 582/599 x0=0.792583 velocity_parameter=0.953833 elapsed=18.2568s written=0
  crossing 0/250
  stopped velocity row 119 IC 582 x0=0.792583 velocity_parameter=0.953833 status=outer_limit: trajectory reached the configured outer_limit radius
velocity row 119/120 IC 592/599 x0=0.792655 velocity_parameter=0.953833 elapsed=18.3265s written=0
  crossing 0/250
  stopped velocity row 119 IC 592 x0=0.792655 velocity_parameter=0.953833 status=outer_limit: trajectory reached the configured outer_limit radius
velocity row 119/120 IC 599/599 x0=0.792705 velocity_parameter=0.953833 elapsed=18.3769s written=0
  crossing 0/250
  stopped velocity row 119 IC 599 x0=0.792705 velocity_parameter=0.953833 status=outer_limit: trajectory reached the configured outer_limit radius
velocity row 120/120 IC 582/599 x0=0.792583 velocity_parameter=0.97 elapsed=18.3846s written=0
  crossing 0/250
  stopped velocity row 120 IC 582 x0=0.792583 velocity_parameter=0.97 status=outer_limit: trajectory reached the configured outer_limit radius
velocity row 120/120 IC 592/599 x0=0.792655 velocity_parameter=0.97 elapsed=18.4563s written=0
  crossing 0/250
  stopped velocity row 120 IC 592 x0=0.792655 velocity_parameter=0.97 status=outer_limit: trajectory reached the configured outer_limit radius
velocity row 120/120 IC 599/599 x0=0.792705 velocity_parameter=0.97 elapsed=18.5059s written=0
  crossing 0/250
  stopped velocity row 120 IC 599 x0=0.792705 velocity_parameter=0.97 status=outer_limit: trajectory reached the configured outer_limit radius
metadata -> /mnt/c/Users/payne/Code/Hill_4BP/professional_neck_studies/e1_dense_001/survey/level_004_delta_1e_minus_6/closed/shard_0031/metadata.txt
wrote 0 points (0 ICs skipped, 2178 orbits stopped early, elapsed=18.5118s) -> /mnt/c/Users/payne/Code/Hill_4BP/professional_neck_studies/e1_dense_001/survey/level_004_delta_1e_minus_6/closed/shard_0031/points.csv
outcomes: collision=0 completed=0 forbidden=0 inner_radius_limit=0 invalid_initial_radius=0 invalid_velocity=0 nontransverse=0 numerical_failure=0 outer_limit=2178 timeout=0
maximum sampled |H-h|=4.45971e-16
