zero-velocity boundary -> /mnt/c/Users/payne/Code/Hill_4BP/professional_neck_studies/e1_dense_001/survey/level_005_delta_1e_minus_7/closed/shard_0029/zero_velocity_boundary.csv
lambda1=0.0272549 lambda2=2.97275 A=-0.986373 B=0.486373 c=0.0976566 c1=0 c2=0 c3=-0.0976566 h=-2.39154 (C=4.78307)
E1/E2 neck h=-2.39154 (C=4.78307), E3/E4 neck h=-0.454039 (C=0.908078)
energy_mode=neck_delta neck=E1 hcrit=-2.39154 delta=1e-07 side=closed actual_neck_side=closed delta_h=-1e-07
x_count=600 xdot_count=121 iterates=250 index range=[546,563] velocity_mode=fraction x_range=[0.789875,0.791235] max_return_time=100
smooth coordinates R=sqrt(rho), CAPD crossing mode=Both solver_order=28 max_step=0.005 abs_tol=1e-15 rel_tol=1e-13 collision_radius=1e-06 outer_radius=5
velocity row 0/120 IC 546/599 x0=0.791114 velocity_parameter=-0.97 elapsed=2.08e-07s written=0
  crossing 0/250
  stopped velocity row 0 IC 546 x0=0.791114 velocity_parameter=-0.97 status=outer_limit: trajectory reached the configured outer_limit radius
  stopped velocity row 0 IC 547 x0=0.791117 velocity_parameter=-0.97 status=outer_limit: trajectory reached the configured outer_limit radius
  stopped velocity row 0 IC 548 x0=0.791119 velocity_parameter=-0.97 status=outer_limit: trajectory reached the configured outer_limit radius
  stopped velocity row 0 IC 549 x0=0.791121 velocity_parameter=-0.97 status=outer_limit: trajectory reached the configured outer_limit radius
  stopped velocity row 0 IC 550 x0=0.791123 velocity_parameter=-0.97 status=outer_limit: trajectory reached the configured outer_limit radius
  stopped velocity row 0 IC 551 x0=0.791126 velocity_parameter=-0.97 status=outer_limit: trajectory reached the configured outer_limit radius
  stopped velocity row 0 IC 552 x0=0.791128 velocity_parameter=-0.97 status=outer_limit: trajectory reached the configured outer_limit radius
  stopped velocity row 0 IC 553 x0=0.79113 velocity_parameter=-0.97 status=outer_limit: trajectory reached the configured outer_limit radius
  stopped velocity row 0 IC 554 x0=0.791132 velocity_parameter=-0.97 status=outer_limit: trajectory reached the configured outer_limit radius
  stopped velocity row 0 IC 555 x0=0.791135 velocity_parameter=-0.97 status=outer_limit: trajectory reached the configured outer_limit radius
velocity row 0/120 IC 556/599 x0=0.791137 velocity_parameter=-0.97 elapsed=0.140142s written=0
  crossing 0/250
  stopped velocity row 0 IC 556 x0=0.791137 velocity_parameter=-0.97 status=outer_limit: trajectory reached the configured outer_limit radius
velocity row 0/120 IC 563/599 x0=0.791153 velocity_parameter=-0.97 elapsed=0.235009s written=0
  crossing 0/250
  stopped velocity row 0 IC 563 x0=0.791153 velocity_parameter=-0.97 status=outer_limit: trajectory reached the configured outer_limit radius
velocity row 1/120 IC 546/599 x0=0.791114 velocity_parameter=-0.953833 elapsed=0.251477s written=0
  crossing 0/250
  stopped velocity row 1 IC 546 x0=0.791114 velocity_parameter=-0.953833 status=outer_limit: trajectory reached the configured outer_limit radius
velocity row 1/120 IC 556/599 x0=0.791137 velocity_parameter=-0.953833 elapsed=0.414619s written=0
  crossing 0/250
  stopped velocity row 1 IC 556 x0=0.791137 velocity_parameter=-0.953833 status=outer_limit: trajectory reached the configured outer_limit radius
velocity row 1/120 IC 563/599 x0=0.791153 velocity_parameter=-0.953833 elapsed=0.522123s written=0
  crossing 0/250
  stopped velocity row 1 IC 563 x0=0.791153 velocity_parameter=-0.953833 status=outer_limit: trajectory reached the configured outer_limit radius
velocity row 2/120 IC 546/599 x0=0.791114 velocity_parameter=-0.937667 elapsed=0.537534s written=0
  crossing 0/250
  stopped velocity row 2 IC 546 x0=0.791114 velocity_parameter=-0.937667 status=outer_limit: trajectory reached the configured outer_limit radius
velocity row 2/120 IC 556/599 x0=0.791137 velocity_parameter=-0.937667 elapsed=0.684037s written=0
  crossing 0/250
  stopped velocity row 2 IC 556 x0=0.791137 velocity_parameter=-0.937667 status=outer_limit: trajectory reached the configured outer_limit radius
velocity row 2/120 IC 563/599 x0=0.791153 velocity_parameter=-0.937667 elapsed=0.782881s written=0
  crossing 0/250
  stopped velocity row 2 IC 563 x0=0.791153 velocity_parameter=-0.937667 status=outer_limit: trajectory reached the configured outer_limit radius
velocity row 3/120 IC 546/599 x0=0.791114 velocity_parameter=-0.9215 elapsed=0.796265s written=0
  crossing 0/250
  stopped velocity row 3 IC 546 x0=0.791114 velocity_parameter=-0.9215 status=outer_limit: trajectory reached the configured outer_limit radius
velocity row 3/120 IC 556/599 x0=0.791137 velocity_parameter=-0.9215 elapsed=0.930884s written=0
  crossing 0/250
  stopped velocity row 3 IC 556 x0=0.791137 velocity_parameter=-0.9215 status=outer_limit: trajectory reached the configured outer_limit radius
velocity row 3/120 IC 563/599 x0=0.791153 velocity_parameter=-0.9215 elapsed=1.02347s written=0
  crossing 0/250
  stopped velocity row 3 IC 563 x0=0.791153 velocity_parameter=-0.9215 status=outer_limit: trajectory reached the configured outer_limit radius
velocity row 4/120 IC 546/599 x0=0.791114 velocity_parameter=-0.905333 elapsed=1.03727s written=0
  crossing 0/250
  stopped velocity row 4 IC 546 x0=0.791114 velocity_parameter=-0.905333 status=outer_limit: trajectory reached the configured outer_limit radius
velocity row 4/120 IC 556/599 x0=0.791137 velocity_parameter=-0.905333 elapsed=1.17451s written=0
  crossing 0/250
  stopped velocity row 4 IC 556 x0=0.791137 velocity_parameter=-0.905333 status=outer_limit: trajectory reached the configured outer_limit radius
velocity row 4/120 IC 563/599 x0=0.791153 velocity_parameter=-0.905333 elapsed=1.26083s written=0
  crossing 0/250
  stopped velocity row 4 IC 563 x0=0.791153 velocity_parameter=-0.905333 status=outer_limit: trajectory reached the configured outer_limit radius
velocity row 5/120 IC 546/599 x0=0.791114 velocity_parameter=-0.889167 elapsed=1.27788s written=0
  crossing 0/250
  stopped velocity row 5 IC 546 x0=0.791114 velocity_parameter=-0.889167 status=outer_limit: trajectory reached the configured outer_limit radius
velocity row 5/120 IC 556/599 x0=0.791137 velocity_parameter=-0.889167 elapsed=1.40909s written=0
  crossing 0/250
  stopped velocity row 5 IC 556 x0=0.791137 velocity_parameter=-0.889167 status=outer_limit: trajectory reached the configured outer_limit radius
velocity row 5/120 IC 563/599 x0=0.791153 velocity_parameter=-0.889167 elapsed=1.52102s written=0
  crossing 0/250
  stopped velocity row 5 IC 563 x0=0.791153 velocity_parameter=-0.889167 status=outer_limit: trajectory reached the configured outer_limit radius
velocity row 6/120 IC 546/599 x0=0.791114 velocity_parameter=-0.873 elapsed=1.5361s written=0
  crossing 0/250
  stopped velocity row 6 IC 546 x0=0.791114 velocity_parameter=-0.873 status=outer_limit: trajectory reached the configured outer_limit radius
velocity row 6/120 IC 556/599 x0=0.791137 velocity_parameter=-0.873 elapsed=1.66918s written=0
  crossing 0/250
  stopped velocity row 6 IC 556 x0=0.791137 velocity_parameter=-0.873 status=outer_limit: trajectory reached the configured outer_limit radius
velocity row 6/120 IC 563/599 x0=0.791153 velocity_parameter=-0.873 elapsed=1.76073s written=0
  crossing 0/250
  stopped velocity row 6 IC 563 x0=0.791153 velocity_parameter=-0.873 status=outer_limit: trajectory reached the configured outer_limit radius
velocity row 7/120 IC 546/599 x0=0.791114 velocity_parameter=-0.856833 elapsed=1.7723s written=0
  crossing 0/250
  stopped velocity row 7 IC 546 x0=0.791114 velocity_parameter=-0.856833 status=outer_limit: trajectory reached the configured outer_limit radius
velocity row 7/120 IC 556/599 x0=0.791137 velocity_parameter=-0.856833 elapsed=1.8948s written=0
  crossing 0/250
  stopped velocity row 7 IC 556 x0=0.791137 velocity_parameter=-0.856833 status=outer_limit: trajectory reached the configured outer_limit radius
velocity row 7/120 IC 563/599 x0=0.791153 velocity_parameter=-0.856833 elapsed=1.98635s written=0
  crossing 0/250
  stopped velocity row 7 IC 563 x0=0.791153 velocity_parameter=-0.856833 status=outer_limit: trajectory reached the configured outer_limit radius
velocity row 8/120 IC 546/599 x0=0.791114 velocity_parameter=-0.840667 elapsed=2.0005s written=0
  crossing 0/250
  stopped velocity row 8 IC 546 x0=0.791114 velocity_parameter=-0.840667 status=outer_limit: trajectory reached the configured outer_limit radius
velocity row 8/120 IC 556/599 x0=0.791137 velocity_parameter=-0.840667 elapsed=2.1317s written=0
  crossing 0/250
  stopped velocity row 8 IC 556 x0=0.791137 velocity_parameter=-0.840667 status=outer_limit: trajectory reached the configured outer_limit radius
velocity row 8/120 IC 563/599 x0=0.791153 velocity_parameter=-0.840667 elapsed=2.21333s written=0
  crossing 0/250
  stopped velocity row 8 IC 563 x0=0.791153 velocity_parameter=-0.840667 status=outer_limit: trajectory reached the configured outer_limit radius
velocity row 9/120 IC 546/599 x0=0.791114 velocity_parameter=-0.8245 elapsed=2.2252s written=0
  crossing 0/250
  stopped velocity row 9 IC 546 x0=0.791114 velocity_parameter=-0.8245 status=outer_limit: trajectory reached the configured outer_limit radius
velocity row 9/120 IC 556/599 x0=0.791137 velocity_parameter=-0.8245 elapsed=2.34852s written=0
  crossing 0/250
  stopped velocity row 9 IC 556 x0=0.791137 velocity_parameter=-0.8245 status=outer_limit: trajectory reached the configured outer_limit radius
velocity row 9/120 IC 563/599 x0=0.791153 velocity_parameter=-0.8245 elapsed=2.43914s written=0
  crossing 0/250
  stopped velocity row 9 IC 563 x0=0.791153 velocity_parameter=-0.8245 status=outer_limit: trajectory reached the configured outer_limit radius
velocity row 10/120 IC 546/599 x0=0.791114 velocity_parameter=-0.808333 elapsed=2.45236s written=0
  crossing 0/250
  stopped velocity row 10 IC 546 x0=0.791114 velocity_parameter=-0.808333 status=outer_limit: trajectory reached the configured outer_limit radius
velocity row 10/120 IC 556/599 x0=0.791137 velocity_parameter=-0.808333 elapsed=2.58029s written=0
  crossing 0/250
  stopped velocity row 10 IC 556 x0=0.791137 velocity_parameter=-0.808333 status=outer_limit: trajectory reached the configured outer_limit radius
velocity row 10/120 IC 563/599 x0=0.791153 velocity_parameter=-0.808333 elapsed=2.67172s written=0
  crossing 0/250
  stopped velocity row 10 IC 563 x0=0.791153 velocity_parameter=-0.808333 status=outer_limit: trajectory reached the configured outer_limit radius
velocity row 11/120 IC 546/599 x0=0.791114 velocity_parameter=-0.792167 elapsed=2.68377s written=0
  crossing 0/250
  stopped velocity row 11 IC 546 x0=0.791114 velocity_parameter=-0.792167 status=outer_limit: trajectory reached the configured outer_limit radius
velocity row 11/120 IC 556/599 x0=0.791137 velocity_parameter=-0.792167 elapsed=2.81753s written=0
  crossing 0/250
  stopped velocity row 11 IC 556 x0=0.791137 velocity_parameter=-0.792167 status=outer_limit: trajectory reached the configured outer_limit radius
velocity row 11/120 IC 563/599 x0=0.791153 velocity_parameter=-0.792167 elapsed=2.91068s written=0
  crossing 0/250
  stopped velocity row 11 IC 563 x0=0.791153 velocity_parameter=-0.792167 status=outer_limit: trajectory reached the configured outer_limit radius
velocity row 12/120 IC 546/599 x0=0.791114 velocity_parameter=-0.776 elapsed=2.92406s written=0
  crossing 0/250
  stopped velocity row 12 IC 546 x0=0.791114 velocity_parameter=-0.776 status=outer_limit: trajectory reached the configured outer_limit radius
velocity row 12/120 IC 556/599 x0=0.791137 velocity_parameter=-0.776 elapsed=3.06297s written=0
  crossing 0/250
  stopped velocity row 12 IC 556 x0=0.791137 velocity_parameter=-0.776 status=outer_limit: trajectory reached the configured outer_limit radius
velocity row 12/120 IC 563/599 x0=0.791153 velocity_parameter=-0.776 elapsed=3.14824s written=0
  crossing 0/250
  stopped velocity row 12 IC 563 x0=0.791153 velocity_parameter=-0.776 status=outer_limit: trajectory reached the configured outer_limit radius
velocity row 13/120 IC 546/599 x0=0.791114 velocity_parameter=-0.759833 elapsed=3.16081s written=0
  crossing 0/250
  stopped velocity row 13 IC 546 x0=0.791114 velocity_parameter=-0.759833 status=outer_limit: trajectory reached the configured outer_limit radius
velocity row 13/120 IC 556/599 x0=0.791137 velocity_parameter=-0.759833 elapsed=3.29936s written=0
  crossing 0/250
  stopped velocity row 13 IC 556 x0=0.791137 velocity_parameter=-0.759833 status=outer_limit: trajectory reached the configured outer_limit radius
velocity row 13/120 IC 563/599 x0=0.791153 velocity_parameter=-0.759833 elapsed=3.38668s written=0
  crossing 0/250
  stopped velocity row 13 IC 563 x0=0.791153 velocity_parameter=-0.759833 status=outer_limit: trajectory reached the configured outer_limit radius
velocity row 14/120 IC 546/599 x0=0.791114 velocity_parameter=-0.743667 elapsed=3.39872s written=0
  crossing 0/250
  stopped velocity row 14 IC 546 x0=0.791114 velocity_parameter=-0.743667 status=outer_limit: trajectory reached the configured outer_limit radius
velocity row 14/120 IC 556/599 x0=0.791137 velocity_parameter=-0.743667 elapsed=3.52134s written=0
  crossing 0/250
  stopped velocity row 14 IC 556 x0=0.791137 velocity_parameter=-0.743667 status=outer_limit: trajectory reached the configured outer_limit radius
velocity row 14/120 IC 563/599 x0=0.791153 velocity_parameter=-0.743667 elapsed=3.612s written=0
  crossing 0/250
  stopped velocity row 14 IC 563 x0=0.791153 velocity_parameter=-0.743667 status=outer_limit: trajectory reached the configured outer_limit radius
velocity row 15/120 IC 546/599 x0=0.791114 velocity_parameter=-0.7275 elapsed=3.62593s written=0
  crossing 0/250
  stopped velocity row 15 IC 546 x0=0.791114 velocity_parameter=-0.7275 status=outer_limit: trajectory reached the configured outer_limit radius
velocity row 15/120 IC 556/599 x0=0.791137 velocity_parameter=-0.7275 elapsed=3.75383s written=0
  crossing 0/250
  stopped velocity row 15 IC 556 x0=0.791137 velocity_parameter=-0.7275 status=outer_limit: trajectory reached the configured outer_limit radius
velocity row 15/120 IC 563/599 x0=0.791153 velocity_parameter=-0.7275 elapsed=3.83115s written=0
  crossing 0/250
  stopped velocity row 15 IC 563 x0=0.791153 velocity_parameter=-0.7275 status=outer_limit: trajectory reached the configured outer_limit radius
velocity row 16/120 IC 546/599 x0=0.791114 velocity_parameter=-0.711333 elapsed=3.84266s written=0
  crossing 0/250
  stopped velocity row 16 IC 546 x0=0.791114 velocity_parameter=-0.711333 status=outer_limit: trajectory reached the configured outer_limit radius
velocity row 16/120 IC 556/599 x0=0.791137 velocity_parameter=-0.711333 elapsed=3.95707s written=0
  crossing 0/250
  stopped velocity row 16 IC 556 x0=0.791137 velocity_parameter=-0.711333 status=outer_limit: trajectory reached the configured outer_limit radius
velocity row 16/120 IC 563/599 x0=0.791153 velocity_parameter=-0.711333 elapsed=4.02622s written=0
  crossing 0/250
  stopped velocity row 16 IC 563 x0=0.791153 velocity_parameter=-0.711333 status=outer_limit: trajectory reached the configured outer_limit radius
velocity row 17/120 IC 546/599 x0=0.791114 velocity_parameter=-0.695167 elapsed=4.03753s written=0
  crossing 0/250
  stopped velocity row 17 IC 546 x0=0.791114 velocity_parameter=-0.695167 status=outer_limit: trajectory reached the configured outer_limit radius
velocity row 17/120 IC 556/599 x0=0.791137 velocity_parameter=-0.695167 elapsed=4.1441s written=0
  crossing 0/250
  stopped velocity row 17 IC 556 x0=0.791137 velocity_parameter=-0.695167 status=outer_limit: trajectory reached the configured outer_limit radius
velocity row 17/120 IC 563/599 x0=0.791153 velocity_parameter=-0.695167 elapsed=4.21879s written=0
  crossing 0/250
  stopped velocity row 17 IC 563 x0=0.791153 velocity_parameter=-0.695167 status=outer_limit: trajectory reached the configured outer_limit radius
velocity row 18/120 IC 546/599 x0=0.791114 velocity_parameter=-0.679 elapsed=4.22958s written=0
  crossing 0/250
  stopped velocity row 18 IC 546 x0=0.791114 velocity_parameter=-0.679 status=outer_limit: trajectory reached the configured outer_limit radius
velocity row 18/120 IC 556/599 x0=0.791137 velocity_parameter=-0.679 elapsed=4.33513s written=0
  crossing 0/250
  stopped velocity row 18 IC 556 x0=0.791137 velocity_parameter=-0.679 status=outer_limit: trajectory reached the configured outer_limit radius
velocity row 18/120 IC 563/599 x0=0.791153 velocity_parameter=-0.679 elapsed=4.413s written=0
  crossing 0/250
  stopped velocity row 18 IC 563 x0=0.791153 velocity_parameter=-0.679 status=outer_limit: trajectory reached the configured outer_limit radius
velocity row 19/120 IC 546/599 x0=0.791114 velocity_parameter=-0.662833 elapsed=4.42442s written=0
  crossing 0/250
  stopped velocity row 19 IC 546 x0=0.791114 velocity_parameter=-0.662833 status=outer_limit: trajectory reached the configured outer_limit radius
velocity row 19/120 IC 556/599 x0=0.791137 velocity_parameter=-0.662833 elapsed=4.53845s written=0
  crossing 0/250
  stopped velocity row 19 IC 556 x0=0.791137 velocity_parameter=-0.662833 status=outer_limit: trajectory reached the configured outer_limit radius
velocity row 19/120 IC 563/599 x0=0.791153 velocity_parameter=-0.662833 elapsed=4.60869s written=0
  crossing 0/250
  stopped velocity row 19 IC 563 x0=0.791153 velocity_parameter=-0.662833 status=outer_limit: trajectory reached the configured outer_limit radius
velocity row 20/120 IC 546/599 x0=0.791114 velocity_parameter=-0.646667 elapsed=4.62012s written=0
  crossing 0/250
  stopped velocity row 20 IC 546 x0=0.791114 velocity_parameter=-0.646667 status=outer_limit: trajectory reached the configured outer_limit radius
velocity row 20/120 IC 556/599 x0=0.791137 velocity_parameter=-0.646667 elapsed=4.72759s written=0
  crossing 0/250
  stopped velocity row 20 IC 556 x0=0.791137 velocity_parameter=-0.646667 status=outer_limit: trajectory reached the configured outer_limit radius
velocity row 20/120 IC 563/599 x0=0.791153 velocity_parameter=-0.646667 elapsed=4.80064s written=0
  crossing 0/250
  stopped velocity row 20 IC 563 x0=0.791153 velocity_parameter=-0.646667 status=outer_limit: trajectory reached the configured outer_limit radius
velocity row 21/120 IC 546/599 x0=0.791114 velocity_parameter=-0.6305 elapsed=4.81083s written=0
  crossing 0/250
  stopped velocity row 21 IC 546 x0=0.791114 velocity_parameter=-0.6305 status=outer_limit: trajectory reached the configured outer_limit radius
velocity row 21/120 IC 556/599 x0=0.791137 velocity_parameter=-0.6305 elapsed=4.91708s written=0
  crossing 0/250
  stopped velocity row 21 IC 556 x0=0.791137 velocity_parameter=-0.6305 status=outer_limit: trajectory reached the configured outer_limit radius
velocity row 21/120 IC 563/599 x0=0.791153 velocity_parameter=-0.6305 elapsed=4.98943s written=0
  crossing 0/250
  stopped velocity row 21 IC 563 x0=0.791153 velocity_parameter=-0.6305 status=outer_limit: trajectory reached the configured outer_limit radius
velocity row 22/120 IC 546/599 x0=0.791114 velocity_parameter=-0.614333 elapsed=4.99954s written=0
  crossing 0/250
  stopped velocity row 22 IC 546 x0=0.791114 velocity_parameter=-0.614333 status=outer_limit: trajectory reached the configured outer_limit radius
velocity row 22/120 IC 556/599 x0=0.791137 velocity_parameter=-0.614333 elapsed=5.11002s written=0
  crossing 0/250
  stopped velocity row 22 IC 556 x0=0.791137 velocity_parameter=-0.614333 status=outer_limit: trajectory reached the configured outer_limit radius
velocity row 22/120 IC 563/599 x0=0.791153 velocity_parameter=-0.614333 elapsed=5.18283s written=0
  crossing 0/250
  stopped velocity row 22 IC 563 x0=0.791153 velocity_parameter=-0.614333 status=outer_limit: trajectory reached the configured outer_limit radius
velocity row 23/120 IC 546/599 x0=0.791114 velocity_parameter=-0.598167 elapsed=5.19337s written=0
  crossing 0/250
  stopped velocity row 23 IC 546 x0=0.791114 velocity_parameter=-0.598167 status=outer_limit: trajectory reached the configured outer_limit radius
velocity row 23/120 IC 556/599 x0=0.791137 velocity_parameter=-0.598167 elapsed=5.29537s written=0
  crossing 0/250
  stopped velocity row 23 IC 556 x0=0.791137 velocity_parameter=-0.598167 status=outer_limit: trajectory reached the configured outer_limit radius
velocity row 23/120 IC 563/599 x0=0.791153 velocity_parameter=-0.598167 elapsed=5.36162s written=0
  crossing 0/250
  stopped velocity row 23 IC 563 x0=0.791153 velocity_parameter=-0.598167 status=outer_limit: trajectory reached the configured outer_limit radius
velocity row 24/120 IC 546/599 x0=0.791114 velocity_parameter=-0.582 elapsed=5.37183s written=0
  crossing 0/250
  stopped velocity row 24 IC 546 x0=0.791114 velocity_parameter=-0.582 status=outer_limit: trajectory reached the configured outer_limit radius
velocity row 24/120 IC 556/599 x0=0.791137 velocity_parameter=-0.582 elapsed=5.47563s written=0
  crossing 0/250
  stopped velocity row 24 IC 556 x0=0.791137 velocity_parameter=-0.582 status=outer_limit: trajectory reached the configured outer_limit radius
velocity row 24/120 IC 563/599 x0=0.791153 velocity_parameter=-0.582 elapsed=5.54975s written=0
  crossing 0/250
  stopped velocity row 24 IC 563 x0=0.791153 velocity_parameter=-0.582 status=outer_limit: trajectory reached the configured outer_limit radius
velocity row 25/120 IC 546/599 x0=0.791114 velocity_parameter=-0.565833 elapsed=5.55961s written=0
  crossing 0/250
  stopped velocity row 25 IC 546 x0=0.791114 velocity_parameter=-0.565833 status=outer_limit: trajectory reached the configured outer_limit radius
velocity row 25/120 IC 556/599 x0=0.791137 velocity_parameter=-0.565833 elapsed=5.66038s written=0
  crossing 0/250
  stopped velocity row 25 IC 556 x0=0.791137 velocity_parameter=-0.565833 status=outer_limit: trajectory reached the configured outer_limit radius
velocity row 25/120 IC 563/599 x0=0.791153 velocity_parameter=-0.565833 elapsed=5.74245s written=0
  crossing 0/250
  stopped velocity row 25 IC 563 x0=0.791153 velocity_parameter=-0.565833 status=outer_limit: trajectory reached the configured outer_limit radius
velocity row 26/120 IC 546/599 x0=0.791114 velocity_parameter=-0.549667 elapsed=5.75593s written=0
  crossing 0/250
  stopped velocity row 26 IC 546 x0=0.791114 velocity_parameter=-0.549667 status=outer_limit: trajectory reached the configured outer_limit radius
velocity row 26/120 IC 556/599 x0=0.791137 velocity_parameter=-0.549667 elapsed=5.85648s written=0
  crossing 0/250
  stopped velocity row 26 IC 556 x0=0.791137 velocity_parameter=-0.549667 status=outer_limit: trajectory reached the configured outer_limit radius
velocity row 26/120 IC 563/599 x0=0.791153 velocity_parameter=-0.549667 elapsed=5.9286s written=0
  crossing 0/250
  stopped velocity row 26 IC 563 x0=0.791153 velocity_parameter=-0.549667 status=outer_limit: trajectory reached the configured outer_limit radius
velocity row 27/120 IC 546/599 x0=0.791114 velocity_parameter=-0.5335 elapsed=5.93921s written=0
  crossing 0/250
  stopped velocity row 27 IC 546 x0=0.791114 velocity_parameter=-0.5335 status=outer_limit: trajectory reached the configured outer_limit radius
velocity row 27/120 IC 556/599 x0=0.791137 velocity_parameter=-0.5335 elapsed=6.0399s written=0
  crossing 0/250
  stopped velocity row 27 IC 556 x0=0.791137 velocity_parameter=-0.5335 status=outer_limit: trajectory reached the configured outer_limit radius
velocity row 27/120 IC 563/599 x0=0.791153 velocity_parameter=-0.5335 elapsed=6.11177s written=0
  crossing 0/250
  stopped velocity row 27 IC 563 x0=0.791153 velocity_parameter=-0.5335 status=outer_limit: trajectory reached the configured outer_limit radius
velocity row 28/120 IC 546/599 x0=0.791114 velocity_parameter=-0.517333 elapsed=6.1215s written=0
  crossing 0/250
  stopped velocity row 28 IC 546 x0=0.791114 velocity_parameter=-0.517333 status=outer_limit: trajectory reached the configured outer_limit radius
velocity row 28/120 IC 556/599 x0=0.791137 velocity_parameter=-0.517333 elapsed=6.22149s written=0
  crossing 0/250
  stopped velocity row 28 IC 556 x0=0.791137 velocity_parameter=-0.517333 status=outer_limit: trajectory reached the configured outer_limit radius
velocity row 28/120 IC 563/599 x0=0.791153 velocity_parameter=-0.517333 elapsed=6.29357s written=0
  crossing 0/250
  stopped velocity row 28 IC 563 x0=0.791153 velocity_parameter=-0.517333 status=outer_limit: trajectory reached the configured outer_limit radius
velocity row 29/120 IC 546/599 x0=0.791114 velocity_parameter=-0.501167 elapsed=6.30387s written=0
  crossing 0/250
  stopped velocity row 29 IC 546 x0=0.791114 velocity_parameter=-0.501167 status=outer_limit: trajectory reached the configured outer_limit radius
velocity row 29/120 IC 556/599 x0=0.791137 velocity_parameter=-0.501167 elapsed=6.40702s written=0
  crossing 0/250
  stopped velocity row 29 IC 556 x0=0.791137 velocity_parameter=-0.501167 status=outer_limit: trajectory reached the configured outer_limit radius
velocity row 29/120 IC 563/599 x0=0.791153 velocity_parameter=-0.501167 elapsed=6.47304s written=0
  crossing 0/250
  stopped velocity row 29 IC 563 x0=0.791153 velocity_parameter=-0.501167 status=outer_limit: trajectory reached the configured outer_limit radius
velocity row 30/120 IC 546/599 x0=0.791114 velocity_parameter=-0.485 elapsed=6.48084s written=0
  crossing 0/250
  stopped velocity row 30 IC 546 x0=0.791114 velocity_parameter=-0.485 status=outer_limit: trajectory reached the configured outer_limit radius
velocity row 30/120 IC 556/599 x0=0.791137 velocity_parameter=-0.485 elapsed=6.57872s written=0
  crossing 0/250
  stopped velocity row 30 IC 556 x0=0.791137 velocity_parameter=-0.485 status=outer_limit: trajectory reached the configured outer_limit radius
velocity row 30/120 IC 563/599 x0=0.791153 velocity_parameter=-0.485 elapsed=6.64917s written=0
  crossing 0/250
  stopped velocity row 30 IC 563 x0=0.791153 velocity_parameter=-0.485 status=outer_limit: trajectory reached the configured outer_limit radius
velocity row 31/120 IC 546/599 x0=0.791114 velocity_parameter=-0.468833 elapsed=6.65933s written=0
  crossing 0/250
  stopped velocity row 31 IC 546 x0=0.791114 velocity_parameter=-0.468833 status=outer_limit: trajectory reached the configured outer_limit radius
velocity row 31/120 IC 556/599 x0=0.791137 velocity_parameter=-0.468833 elapsed=6.75789s written=0
  crossing 0/250
  stopped velocity row 31 IC 556 x0=0.791137 velocity_parameter=-0.468833 status=outer_limit: trajectory reached the configured outer_limit radius
velocity row 31/120 IC 563/599 x0=0.791153 velocity_parameter=-0.468833 elapsed=6.82562s written=0
  crossing 0/250
  stopped velocity row 31 IC 563 x0=0.791153 velocity_parameter=-0.468833 status=outer_limit: trajectory reached the configured outer_limit radius
velocity row 32/120 IC 546/599 x0=0.791114 velocity_parameter=-0.452667 elapsed=6.83727s written=0
  crossing 0/250
  stopped velocity row 32 IC 546 x0=0.791114 velocity_parameter=-0.452667 status=outer_limit: trajectory reached the configured outer_limit radius
velocity row 32/120 IC 556/599 x0=0.791137 velocity_parameter=-0.452667 elapsed=6.94011s written=0
  crossing 0/250
  stopped velocity row 32 IC 556 x0=0.791137 velocity_parameter=-0.452667 status=outer_limit: trajectory reached the configured outer_limit radius
velocity row 32/120 IC 563/599 x0=0.791153 velocity_parameter=-0.452667 elapsed=7.0141s written=0
  crossing 0/250
  stopped velocity row 32 IC 563 x0=0.791153 velocity_parameter=-0.452667 status=outer_limit: trajectory reached the configured outer_limit radius
velocity row 33/120 IC 546/599 x0=0.791114 velocity_parameter=-0.4365 elapsed=7.0262s written=0
  crossing 0/250
  stopped velocity row 33 IC 546 x0=0.791114 velocity_parameter=-0.4365 status=outer_limit: trajectory reached the configured outer_limit radius
velocity row 33/120 IC 556/599 x0=0.791137 velocity_parameter=-0.4365 elapsed=7.1271s written=0
  crossing 0/250
  stopped velocity row 33 IC 556 x0=0.791137 velocity_parameter=-0.4365 status=outer_limit: trajectory reached the configured outer_limit radius
velocity row 33/120 IC 563/599 x0=0.791153 velocity_parameter=-0.4365 elapsed=7.19567s written=0
  crossing 0/250
  stopped velocity row 33 IC 563 x0=0.791153 velocity_parameter=-0.4365 status=outer_limit: trajectory reached the configured outer_limit radius
velocity row 34/120 IC 546/599 x0=0.791114 velocity_parameter=-0.420333 elapsed=7.20566s written=0
  crossing 0/250
  stopped velocity row 34 IC 546 x0=0.791114 velocity_parameter=-0.420333 status=outer_limit: trajectory reached the configured outer_limit radius
velocity row 34/120 IC 556/599 x0=0.791137 velocity_parameter=-0.420333 elapsed=7.30082s written=0
  crossing 0/250
  stopped velocity row 34 IC 556 x0=0.791137 velocity_parameter=-0.420333 status=outer_limit: trajectory reached the configured outer_limit radius
velocity row 34/120 IC 563/599 x0=0.791153 velocity_parameter=-0.420333 elapsed=7.36866s written=0
  crossing 0/250
  stopped velocity row 34 IC 563 x0=0.791153 velocity_parameter=-0.420333 status=outer_limit: trajectory reached the configured outer_limit radius
velocity row 35/120 IC 546/599 x0=0.791114 velocity_parameter=-0.404167 elapsed=7.37862s written=0
  crossing 0/250
  stopped velocity row 35 IC 546 x0=0.791114 velocity_parameter=-0.404167 status=outer_limit: trajectory reached the configured outer_limit radius
velocity row 35/120 IC 556/599 x0=0.791137 velocity_parameter=-0.404167 elapsed=7.47337s written=0
  crossing 0/250
  stopped velocity row 35 IC 556 x0=0.791137 velocity_parameter=-0.404167 status=outer_limit: trajectory reached the configured outer_limit radius
velocity row 35/120 IC 563/599 x0=0.791153 velocity_parameter=-0.404167 elapsed=7.53797s written=0
  crossing 0/250
  stopped velocity row 35 IC 563 x0=0.791153 velocity_parameter=-0.404167 status=outer_limit: trajectory reached the configured outer_limit radius
velocity row 36/120 IC 546/599 x0=0.791114 velocity_parameter=-0.388 elapsed=7.54858s written=0
  crossing 0/250
  stopped velocity row 36 IC 546 x0=0.791114 velocity_parameter=-0.388 status=outer_limit: trajectory reached the configured outer_limit radius
velocity row 36/120 IC 556/599 x0=0.791137 velocity_parameter=-0.388 elapsed=7.64629s written=0
  crossing 0/250
  stopped velocity row 36 IC 556 x0=0.791137 velocity_parameter=-0.388 status=outer_limit: trajectory reached the configured outer_limit radius
velocity row 36/120 IC 563/599 x0=0.791153 velocity_parameter=-0.388 elapsed=7.71697s written=0
  crossing 0/250
  stopped velocity row 36 IC 563 x0=0.791153 velocity_parameter=-0.388 status=outer_limit: trajectory reached the configured outer_limit radius
velocity row 37/120 IC 546/599 x0=0.791114 velocity_parameter=-0.371833 elapsed=7.72669s written=0
  crossing 0/250
  stopped velocity row 37 IC 546 x0=0.791114 velocity_parameter=-0.371833 status=outer_limit: trajectory reached the configured outer_limit radius
velocity row 37/120 IC 556/599 x0=0.791137 velocity_parameter=-0.371833 elapsed=7.82877s written=0
  crossing 0/250
  stopped velocity row 37 IC 556 x0=0.791137 velocity_parameter=-0.371833 status=outer_limit: trajectory reached the configured outer_limit radius
velocity row 37/120 IC 563/599 x0=0.791153 velocity_parameter=-0.371833 elapsed=7.89953s written=0
  crossing 0/250
  stopped velocity row 37 IC 563 x0=0.791153 velocity_parameter=-0.371833 status=outer_limit: trajectory reached the configured outer_limit radius
velocity row 38/120 IC 546/599 x0=0.791114 velocity_parameter=-0.355667 elapsed=7.90886s written=0
  crossing 0/250
  stopped velocity row 38 IC 546 x0=0.791114 velocity_parameter=-0.355667 status=outer_limit: trajectory reached the configured outer_limit radius
velocity row 38/120 IC 556/599 x0=0.791137 velocity_parameter=-0.355667 elapsed=8.00843s written=0
  crossing 0/250
  stopped velocity row 38 IC 556 x0=0.791137 velocity_parameter=-0.355667 status=outer_limit: trajectory reached the configured outer_limit radius
velocity row 38/120 IC 563/599 x0=0.791153 velocity_parameter=-0.355667 elapsed=8.08044s written=0
  crossing 0/250
  stopped velocity row 38 IC 563 x0=0.791153 velocity_parameter=-0.355667 status=outer_limit: trajectory reached the configured outer_limit radius
velocity row 39/120 IC 546/599 x0=0.791114 velocity_parameter=-0.3395 elapsed=8.09049s written=0
  crossing 0/250
  stopped velocity row 39 IC 546 x0=0.791114 velocity_parameter=-0.3395 status=outer_limit: trajectory reached the configured outer_limit radius
velocity row 39/120 IC 556/599 x0=0.791137 velocity_parameter=-0.3395 elapsed=8.18506s written=0
  crossing 0/250
  stopped velocity row 39 IC 556 x0=0.791137 velocity_parameter=-0.3395 status=outer_limit: trajectory reached the configured outer_limit radius
velocity row 39/120 IC 563/599 x0=0.791153 velocity_parameter=-0.3395 elapsed=8.25495s written=0
  crossing 0/250
  stopped velocity row 39 IC 563 x0=0.791153 velocity_parameter=-0.3395 status=outer_limit: trajectory reached the configured outer_limit radius
velocity row 40/120 IC 546/599 x0=0.791114 velocity_parameter=-0.323333 elapsed=8.26513s written=0
  crossing 0/250
  stopped velocity row 40 IC 546 x0=0.791114 velocity_parameter=-0.323333 status=outer_limit: trajectory reached the configured outer_limit radius
velocity row 40/120 IC 556/599 x0=0.791137 velocity_parameter=-0.323333 elapsed=8.3574s written=0
  crossing 0/250
  stopped velocity row 40 IC 556 x0=0.791137 velocity_parameter=-0.323333 status=outer_limit: trajectory reached the configured outer_limit radius
velocity row 40/120 IC 563/599 x0=0.791153 velocity_parameter=-0.323333 elapsed=8.42848s written=0
  crossing 0/250
  stopped velocity row 40 IC 563 x0=0.791153 velocity_parameter=-0.323333 status=outer_limit: trajectory reached the configured outer_limit radius
velocity row 41/120 IC 546/599 x0=0.791114 velocity_parameter=-0.307167 elapsed=8.43519s written=0
  crossing 0/250
  stopped velocity row 41 IC 546 x0=0.791114 velocity_parameter=-0.307167 status=outer_limit: trajectory reached the configured outer_limit radius
velocity row 41/120 IC 556/599 x0=0.791137 velocity_parameter=-0.307167 elapsed=8.52783s written=0
  crossing 0/250
  stopped velocity row 41 IC 556 x0=0.791137 velocity_parameter=-0.307167 status=outer_limit: trajectory reached the configured outer_limit radius
velocity row 41/120 IC 563/599 x0=0.791153 velocity_parameter=-0.307167 elapsed=8.59923s written=0
  crossing 0/250
  stopped velocity row 41 IC 563 x0=0.791153 velocity_parameter=-0.307167 status=outer_limit: trajectory reached the configured outer_limit radius
velocity row 42/120 IC 546/599 x0=0.791114 velocity_parameter=-0.291 elapsed=8.6092s written=0
  crossing 0/250
  stopped velocity row 42 IC 546 x0=0.791114 velocity_parameter=-0.291 status=outer_limit: trajectory reached the configured outer_limit radius
velocity row 42/120 IC 556/599 x0=0.791137 velocity_parameter=-0.291 elapsed=8.70587s written=0
  crossing 0/250
  stopped velocity row 42 IC 556 x0=0.791137 velocity_parameter=-0.291 status=outer_limit: trajectory reached the configured outer_limit radius
velocity row 42/120 IC 563/599 x0=0.791153 velocity_parameter=-0.291 elapsed=8.7701s written=0
  crossing 0/250
  stopped velocity row 42 IC 563 x0=0.791153 velocity_parameter=-0.291 status=outer_limit: trajectory reached the configured outer_limit radius
velocity row 43/120 IC 546/599 x0=0.791114 velocity_parameter=-0.274833 elapsed=8.78013s written=0
  crossing 0/250
  stopped velocity row 43 IC 546 x0=0.791114 velocity_parameter=-0.274833 status=outer_limit: trajectory reached the configured outer_limit radius
velocity row 43/120 IC 556/599 x0=0.791137 velocity_parameter=-0.274833 elapsed=8.8735s written=0
  crossing 0/250
  stopped velocity row 43 IC 556 x0=0.791137 velocity_parameter=-0.274833 status=outer_limit: trajectory reached the configured outer_limit radius
velocity row 43/120 IC 563/599 x0=0.791153 velocity_parameter=-0.274833 elapsed=8.93879s written=0
  crossing 0/250
  stopped velocity row 43 IC 563 x0=0.791153 velocity_parameter=-0.274833 status=outer_limit: trajectory reached the configured outer_limit radius
velocity row 44/120 IC 546/599 x0=0.791114 velocity_parameter=-0.258667 elapsed=8.94856s written=0
  crossing 0/250
  stopped velocity row 44 IC 546 x0=0.791114 velocity_parameter=-0.258667 status=outer_limit: trajectory reached the configured outer_limit radius
velocity row 44/120 IC 556/599 x0=0.791137 velocity_parameter=-0.258667 elapsed=9.05544s written=0
  crossing 0/250
  stopped velocity row 44 IC 556 x0=0.791137 velocity_parameter=-0.258667 status=outer_limit: trajectory reached the configured outer_limit radius
velocity row 44/120 IC 563/599 x0=0.791153 velocity_parameter=-0.258667 elapsed=9.12539s written=0
  crossing 0/250
  stopped velocity row 44 IC 563 x0=0.791153 velocity_parameter=-0.258667 status=outer_limit: trajectory reached the configured outer_limit radius
velocity row 45/120 IC 546/599 x0=0.791114 velocity_parameter=-0.2425 elapsed=9.13447s written=0
  crossing 0/250
  stopped velocity row 45 IC 546 x0=0.791114 velocity_parameter=-0.2425 status=outer_limit: trajectory reached the configured outer_limit radius
velocity row 45/120 IC 556/599 x0=0.791137 velocity_parameter=-0.2425 elapsed=9.23372s written=0
  crossing 0/250
  stopped velocity row 45 IC 556 x0=0.791137 velocity_parameter=-0.2425 status=outer_limit: trajectory reached the configured outer_limit radius
velocity row 45/120 IC 563/599 x0=0.791153 velocity_parameter=-0.2425 elapsed=9.30143s written=0
  crossing 0/250
  stopped velocity row 45 IC 563 x0=0.791153 velocity_parameter=-0.2425 status=outer_limit: trajectory reached the configured outer_limit radius
velocity row 46/120 IC 546/599 x0=0.791114 velocity_parameter=-0.226333 elapsed=9.31159s written=0
  crossing 0/250
  stopped velocity row 46 IC 546 x0=0.791114 velocity_parameter=-0.226333 status=outer_limit: trajectory reached the configured outer_limit radius
velocity row 46/120 IC 556/599 x0=0.791137 velocity_parameter=-0.226333 elapsed=9.40632s written=0
  crossing 0/250
  stopped velocity row 46 IC 556 x0=0.791137 velocity_parameter=-0.226333 status=outer_limit: trajectory reached the configured outer_limit radius
velocity row 46/120 IC 563/599 x0=0.791153 velocity_parameter=-0.226333 elapsed=9.47663s written=0
  crossing 0/250
  stopped velocity row 46 IC 563 x0=0.791153 velocity_parameter=-0.226333 status=outer_limit: trajectory reached the configured outer_limit radius
velocity row 47/120 IC 546/599 x0=0.791114 velocity_parameter=-0.210167 elapsed=9.4865s written=0
  crossing 0/250
  stopped velocity row 47 IC 546 x0=0.791114 velocity_parameter=-0.210167 status=outer_limit: trajectory reached the configured outer_limit radius
velocity row 47/120 IC 556/599 x0=0.791137 velocity_parameter=-0.210167 elapsed=9.58671s written=0
  crossing 0/250
  stopped velocity row 47 IC 556 x0=0.791137 velocity_parameter=-0.210167 status=outer_limit: trajectory reached the configured outer_limit radius
velocity row 47/120 IC 563/599 x0=0.791153 velocity_parameter=-0.210167 elapsed=9.6511s written=0
  crossing 0/250
  stopped velocity row 47 IC 563 x0=0.791153 velocity_parameter=-0.210167 status=outer_limit: trajectory reached the configured outer_limit radius
velocity row 48/120 IC 546/599 x0=0.791114 velocity_parameter=-0.194 elapsed=9.66131s written=0
  crossing 0/250
  stopped velocity row 48 IC 546 x0=0.791114 velocity_parameter=-0.194 status=outer_limit: trajectory reached the configured outer_limit radius
velocity row 48/120 IC 556/599 x0=0.791137 velocity_parameter=-0.194 elapsed=9.75006s written=0
  crossing 0/250
  stopped velocity row 48 IC 556 x0=0.791137 velocity_parameter=-0.194 status=outer_limit: trajectory reached the configured outer_limit radius
velocity row 48/120 IC 563/599 x0=0.791153 velocity_parameter=-0.194 elapsed=9.81652s written=0
  crossing 0/250
  stopped velocity row 48 IC 563 x0=0.791153 velocity_parameter=-0.194 status=outer_limit: trajectory reached the configured outer_limit radius
velocity row 49/120 IC 546/599 x0=0.791114 velocity_parameter=-0.177833 elapsed=9.82586s written=0
  crossing 0/250
  stopped velocity row 49 IC 546 x0=0.791114 velocity_parameter=-0.177833 status=outer_limit: trajectory reached the configured outer_limit radius
velocity row 49/120 IC 556/599 x0=0.791137 velocity_parameter=-0.177833 elapsed=9.92413s written=0
  crossing 0/250
  stopped velocity row 49 IC 556 x0=0.791137 velocity_parameter=-0.177833 status=outer_limit: trajectory reached the configured outer_limit radius
velocity row 49/120 IC 563/599 x0=0.791153 velocity_parameter=-0.177833 elapsed=9.99607s written=0
  crossing 0/250
  stopped velocity row 49 IC 563 x0=0.791153 velocity_parameter=-0.177833 status=outer_limit: trajectory reached the configured outer_limit radius
velocity row 50/120 IC 546/599 x0=0.791114 velocity_parameter=-0.161667 elapsed=10.0066s written=0
  crossing 0/250
  stopped velocity row 50 IC 546 x0=0.791114 velocity_parameter=-0.161667 status=outer_limit: trajectory reached the configured outer_limit radius
velocity row 50/120 IC 556/599 x0=0.791137 velocity_parameter=-0.161667 elapsed=10.1025s written=0
  crossing 0/250
  stopped velocity row 50 IC 556 x0=0.791137 velocity_parameter=-0.161667 status=outer_limit: trajectory reached the configured outer_limit radius
velocity row 50/120 IC 563/599 x0=0.791153 velocity_parameter=-0.161667 elapsed=10.1733s written=0
  crossing 0/250
  stopped velocity row 50 IC 563 x0=0.791153 velocity_parameter=-0.161667 status=outer_limit: trajectory reached the configured outer_limit radius
velocity row 51/120 IC 546/599 x0=0.791114 velocity_parameter=-0.1455 elapsed=10.1831s written=0
  crossing 0/250
  stopped velocity row 51 IC 546 x0=0.791114 velocity_parameter=-0.1455 status=outer_limit: trajectory reached the configured outer_limit radius
velocity row 51/120 IC 556/599 x0=0.791137 velocity_parameter=-0.1455 elapsed=10.2764s written=0
  crossing 0/250
  stopped velocity row 51 IC 556 x0=0.791137 velocity_parameter=-0.1455 status=outer_limit: trajectory reached the configured outer_limit radius
velocity row 51/120 IC 563/599 x0=0.791153 velocity_parameter=-0.1455 elapsed=10.3394s written=0
  crossing 0/250
  stopped velocity row 51 IC 563 x0=0.791153 velocity_parameter=-0.1455 status=outer_limit: trajectory reached the configured outer_limit radius
velocity row 52/120 IC 546/599 x0=0.791114 velocity_parameter=-0.129333 elapsed=10.3494s written=0
  crossing 0/250
  stopped velocity row 52 IC 546 x0=0.791114 velocity_parameter=-0.129333 status=outer_limit: trajectory reached the configured outer_limit radius
velocity row 52/120 IC 556/599 x0=0.791137 velocity_parameter=-0.129333 elapsed=10.4449s written=0
  crossing 0/250
  stopped velocity row 52 IC 556 x0=0.791137 velocity_parameter=-0.129333 status=outer_limit: trajectory reached the configured outer_limit radius
velocity row 52/120 IC 563/599 x0=0.791153 velocity_parameter=-0.129333 elapsed=10.5131s written=0
  crossing 0/250
  stopped velocity row 52 IC 563 x0=0.791153 velocity_parameter=-0.129333 status=outer_limit: trajectory reached the configured outer_limit radius
velocity row 53/120 IC 546/599 x0=0.791114 velocity_parameter=-0.113167 elapsed=10.5265s written=0
  crossing 0/250
  stopped velocity row 53 IC 546 x0=0.791114 velocity_parameter=-0.113167 status=outer_limit: trajectory reached the configured outer_limit radius
velocity row 53/120 IC 556/599 x0=0.791137 velocity_parameter=-0.113167 elapsed=10.6214s written=0
  crossing 0/250
  stopped velocity row 53 IC 556 x0=0.791137 velocity_parameter=-0.113167 status=outer_limit: trajectory reached the configured outer_limit radius
velocity row 53/120 IC 563/599 x0=0.791153 velocity_parameter=-0.113167 elapsed=10.6893s written=0
  crossing 0/250
  stopped velocity row 53 IC 563 x0=0.791153 velocity_parameter=-0.113167 status=outer_limit: trajectory reached the configured outer_limit radius
velocity row 54/120 IC 546/599 x0=0.791114 velocity_parameter=-0.097 elapsed=10.6984s written=0
  crossing 0/250
  stopped velocity row 54 IC 546 x0=0.791114 velocity_parameter=-0.097 status=outer_limit: trajectory reached the configured outer_limit radius
velocity row 54/120 IC 556/599 x0=0.791137 velocity_parameter=-0.097 elapsed=10.7883s written=0
  crossing 0/250
  stopped velocity row 54 IC 556 x0=0.791137 velocity_parameter=-0.097 status=outer_limit: trajectory reached the configured outer_limit radius
velocity row 54/120 IC 563/599 x0=0.791153 velocity_parameter=-0.097 elapsed=10.8582s written=0
  crossing 0/250
  stopped velocity row 54 IC 563 x0=0.791153 velocity_parameter=-0.097 status=outer_limit: trajectory reached the configured outer_limit radius
velocity row 55/120 IC 546/599 x0=0.791114 velocity_parameter=-0.0808333 elapsed=10.8679s written=0
  crossing 0/250
  stopped velocity row 55 IC 546 x0=0.791114 velocity_parameter=-0.0808333 status=outer_limit: trajectory reached the configured outer_limit radius
velocity row 55/120 IC 556/599 x0=0.791137 velocity_parameter=-0.0808333 elapsed=10.9527s written=0
  crossing 0/250
  stopped velocity row 55 IC 556 x0=0.791137 velocity_parameter=-0.0808333 status=outer_limit: trajectory reached the configured outer_limit radius
velocity row 55/120 IC 563/599 x0=0.791153 velocity_parameter=-0.0808333 elapsed=11.0188s written=0
  crossing 0/250
  stopped velocity row 55 IC 563 x0=0.791153 velocity_parameter=-0.0808333 status=outer_limit: trajectory reached the configured outer_limit radius
velocity row 56/120 IC 546/599 x0=0.791114 velocity_parameter=-0.0646667 elapsed=11.0304s written=0
  crossing 0/250
  stopped velocity row 56 IC 546 x0=0.791114 velocity_parameter=-0.0646667 status=outer_limit: trajectory reached the configured outer_limit radius
velocity row 56/120 IC 556/599 x0=0.791137 velocity_parameter=-0.0646667 elapsed=11.1315s written=0
  crossing 0/250
  stopped velocity row 56 IC 556 x0=0.791137 velocity_parameter=-0.0646667 status=outer_limit: trajectory reached the configured outer_limit radius
velocity row 56/120 IC 563/599 x0=0.791153 velocity_parameter=-0.0646667 elapsed=11.2028s written=0
  crossing 0/250
  stopped velocity row 56 IC 563 x0=0.791153 velocity_parameter=-0.0646667 status=outer_limit: trajectory reached the configured outer_limit radius
velocity row 57/120 IC 546/599 x0=0.791114 velocity_parameter=-0.0485 elapsed=11.2116s written=0
  crossing 0/250
  stopped velocity row 57 IC 546 x0=0.791114 velocity_parameter=-0.0485 status=outer_limit: trajectory reached the configured outer_limit radius
velocity row 57/120 IC 556/599 x0=0.791137 velocity_parameter=-0.0485 elapsed=11.3004s written=0
  crossing 0/250
  stopped velocity row 57 IC 556 x0=0.791137 velocity_parameter=-0.0485 status=outer_limit: trajectory reached the configured outer_limit radius
velocity row 57/120 IC 563/599 x0=0.791153 velocity_parameter=-0.0485 elapsed=11.365s written=0
  crossing 0/250
  stopped velocity row 57 IC 563 x0=0.791153 velocity_parameter=-0.0485 status=outer_limit: trajectory reached the configured outer_limit radius
velocity row 58/120 IC 546/599 x0=0.791114 velocity_parameter=-0.0323333 elapsed=11.3747s written=0
  crossing 0/250
  stopped velocity row 58 IC 546 x0=0.791114 velocity_parameter=-0.0323333 status=outer_limit: trajectory reached the configured outer_limit radius
velocity row 58/120 IC 556/599 x0=0.791137 velocity_parameter=-0.0323333 elapsed=11.4677s written=0
  crossing 0/250
  stopped velocity row 58 IC 556 x0=0.791137 velocity_parameter=-0.0323333 status=outer_limit: trajectory reached the configured outer_limit radius
velocity row 58/120 IC 563/599 x0=0.791153 velocity_parameter=-0.0323333 elapsed=11.531s written=0
  crossing 0/250
  stopped velocity row 58 IC 563 x0=0.791153 velocity_parameter=-0.0323333 status=outer_limit: trajectory reached the configured outer_limit radius
velocity row 59/120 IC 546/599 x0=0.791114 velocity_parameter=-0.0161667 elapsed=11.5408s written=0
  crossing 0/250
  stopped velocity row 59 IC 546 x0=0.791114 velocity_parameter=-0.0161667 status=outer_limit: trajectory reached the configured outer_limit radius
velocity row 59/120 IC 556/599 x0=0.791137 velocity_parameter=-0.0161667 elapsed=11.6273s written=0
  crossing 0/250
  stopped velocity row 59 IC 556 x0=0.791137 velocity_parameter=-0.0161667 status=outer_limit: trajectory reached the configured outer_limit radius
velocity row 59/120 IC 563/599 x0=0.791153 velocity_parameter=-0.0161667 elapsed=11.6894s written=0
  crossing 0/250
  stopped velocity row 59 IC 563 x0=0.791153 velocity_parameter=-0.0161667 status=outer_limit: trajectory reached the configured outer_limit radius
velocity row 60/120 IC 546/599 x0=0.791114 velocity_parameter=0 elapsed=11.6986s written=0
  crossing 0/250
  stopped velocity row 60 IC 546 x0=0.791114 velocity_parameter=0 status=outer_limit: trajectory reached the configured outer_limit radius
velocity row 60/120 IC 556/599 x0=0.791137 velocity_parameter=0 elapsed=11.792s written=0
  crossing 0/250
  stopped velocity row 60 IC 556 x0=0.791137 velocity_parameter=0 status=outer_limit: trajectory reached the configured outer_limit radius
velocity row 60/120 IC 563/599 x0=0.791153 velocity_parameter=0 elapsed=11.8551s written=0
  crossing 0/250
  stopped velocity row 60 IC 563 x0=0.791153 velocity_parameter=0 status=outer_limit: trajectory reached the configured outer_limit radius
velocity row 61/120 IC 546/599 x0=0.791114 velocity_parameter=0.0161667 elapsed=11.8653s written=0
  crossing 0/250
  stopped velocity row 61 IC 546 x0=0.791114 velocity_parameter=0.0161667 status=outer_limit: trajectory reached the configured outer_limit radius
velocity row 61/120 IC 556/599 x0=0.791137 velocity_parameter=0.0161667 elapsed=11.9607s written=0
  crossing 0/250
  stopped velocity row 61 IC 556 x0=0.791137 velocity_parameter=0.0161667 status=outer_limit: trajectory reached the configured outer_limit radius
velocity row 61/120 IC 563/599 x0=0.791153 velocity_parameter=0.0161667 elapsed=12.0211s written=0
  crossing 0/250
  stopped velocity row 61 IC 563 x0=0.791153 velocity_parameter=0.0161667 status=outer_limit: trajectory reached the configured outer_limit radius
velocity row 62/120 IC 546/599 x0=0.791114 velocity_parameter=0.0323333 elapsed=12.0292s written=0
  crossing 0/250
  stopped velocity row 62 IC 546 x0=0.791114 velocity_parameter=0.0323333 status=outer_limit: trajectory reached the configured outer_limit radius
velocity row 62/120 IC 556/599 x0=0.791137 velocity_parameter=0.0323333 elapsed=12.1141s written=0
  crossing 0/250
  stopped velocity row 62 IC 556 x0=0.791137 velocity_parameter=0.0323333 status=outer_limit: trajectory reached the configured outer_limit radius
velocity row 62/120 IC 563/599 x0=0.791153 velocity_parameter=0.0323333 elapsed=12.1783s written=0
  crossing 0/250
  stopped velocity row 62 IC 563 x0=0.791153 velocity_parameter=0.0323333 status=outer_limit: trajectory reached the configured outer_limit radius
velocity row 63/120 IC 546/599 x0=0.791114 velocity_parameter=0.0485 elapsed=12.1882s written=0
  crossing 0/250
  stopped velocity row 63 IC 546 x0=0.791114 velocity_parameter=0.0485 status=outer_limit: trajectory reached the configured outer_limit radius
velocity row 63/120 IC 556/599 x0=0.791137 velocity_parameter=0.0485 elapsed=12.2753s written=0
  crossing 0/250
  stopped velocity row 63 IC 556 x0=0.791137 velocity_parameter=0.0485 status=outer_limit: trajectory reached the configured outer_limit radius
velocity row 63/120 IC 563/599 x0=0.791153 velocity_parameter=0.0485 elapsed=12.3422s written=0
  crossing 0/250
  stopped velocity row 63 IC 563 x0=0.791153 velocity_parameter=0.0485 status=outer_limit: trajectory reached the configured outer_limit radius
velocity row 64/120 IC 546/599 x0=0.791114 velocity_parameter=0.0646667 elapsed=12.3518s written=0
  crossing 0/250
  stopped velocity row 64 IC 546 x0=0.791114 velocity_parameter=0.0646667 status=outer_limit: trajectory reached the configured outer_limit radius
velocity row 64/120 IC 556/599 x0=0.791137 velocity_parameter=0.0646667 elapsed=12.4415s written=0
  crossing 0/250
  stopped velocity row 64 IC 556 x0=0.791137 velocity_parameter=0.0646667 status=outer_limit: trajectory reached the configured outer_limit radius
velocity row 64/120 IC 563/599 x0=0.791153 velocity_parameter=0.0646667 elapsed=12.5013s written=0
  crossing 0/250
  stopped velocity row 64 IC 563 x0=0.791153 velocity_parameter=0.0646667 status=outer_limit: trajectory reached the configured outer_limit radius
velocity row 65/120 IC 546/599 x0=0.791114 velocity_parameter=0.0808333 elapsed=12.5091s written=0
  crossing 0/250
  stopped velocity row 65 IC 546 x0=0.791114 velocity_parameter=0.0808333 status=outer_limit: trajectory reached the configured outer_limit radius
velocity row 65/120 IC 556/599 x0=0.791137 velocity_parameter=0.0808333 elapsed=12.5931s written=0
  crossing 0/250
  stopped velocity row 65 IC 556 x0=0.791137 velocity_parameter=0.0808333 status=outer_limit: trajectory reached the configured outer_limit radius
velocity row 65/120 IC 563/599 x0=0.791153 velocity_parameter=0.0808333 elapsed=12.6565s written=0
  crossing 0/250
  stopped velocity row 65 IC 563 x0=0.791153 velocity_parameter=0.0808333 status=outer_limit: trajectory reached the configured outer_limit radius
velocity row 66/120 IC 546/599 x0=0.791114 velocity_parameter=0.097 elapsed=12.6661s written=0
  crossing 0/250
  stopped velocity row 66 IC 546 x0=0.791114 velocity_parameter=0.097 status=outer_limit: trajectory reached the configured outer_limit radius
velocity row 66/120 IC 556/599 x0=0.791137 velocity_parameter=0.097 elapsed=12.7445s written=0
  crossing 0/250
  stopped velocity row 66 IC 556 x0=0.791137 velocity_parameter=0.097 status=outer_limit: trajectory reached the configured outer_limit radius
velocity row 66/120 IC 563/599 x0=0.791153 velocity_parameter=0.097 elapsed=12.8068s written=0
  crossing 0/250
  stopped velocity row 66 IC 563 x0=0.791153 velocity_parameter=0.097 status=outer_limit: trajectory reached the configured outer_limit radius
velocity row 67/120 IC 546/599 x0=0.791114 velocity_parameter=0.113167 elapsed=12.816s written=0
  crossing 0/250
  stopped velocity row 67 IC 546 x0=0.791114 velocity_parameter=0.113167 status=outer_limit: trajectory reached the configured outer_limit radius
velocity row 67/120 IC 556/599 x0=0.791137 velocity_parameter=0.113167 elapsed=12.9013s written=0
  crossing 0/250
  stopped velocity row 67 IC 556 x0=0.791137 velocity_parameter=0.113167 status=outer_limit: trajectory reached the configured outer_limit radius
velocity row 67/120 IC 563/599 x0=0.791153 velocity_parameter=0.113167 elapsed=12.9635s written=0
  crossing 0/250
  stopped velocity row 67 IC 563 x0=0.791153 velocity_parameter=0.113167 status=outer_limit: trajectory reached the configured outer_limit radius
velocity row 68/120 IC 546/599 x0=0.791114 velocity_parameter=0.129333 elapsed=12.9729s written=0
  crossing 0/250
  stopped velocity row 68 IC 546 x0=0.791114 velocity_parameter=0.129333 status=outer_limit: trajectory reached the configured outer_limit radius
velocity row 68/120 IC 556/599 x0=0.791137 velocity_parameter=0.129333 elapsed=13.0604s written=0
  crossing 0/250
  stopped velocity row 68 IC 556 x0=0.791137 velocity_parameter=0.129333 status=outer_limit: trajectory reached the configured outer_limit radius
velocity row 68/120 IC 563/599 x0=0.791153 velocity_parameter=0.129333 elapsed=13.1144s written=0
  crossing 0/250
  stopped velocity row 68 IC 563 x0=0.791153 velocity_parameter=0.129333 status=outer_limit: trajectory reached the configured outer_limit radius
velocity row 69/120 IC 546/599 x0=0.791114 velocity_parameter=0.1455 elapsed=13.1218s written=0
  crossing 0/250
  stopped velocity row 69 IC 546 x0=0.791114 velocity_parameter=0.1455 status=outer_limit: trajectory reached the configured outer_limit radius
velocity row 69/120 IC 556/599 x0=0.791137 velocity_parameter=0.1455 elapsed=13.2048s written=0
  crossing 0/250
  stopped velocity row 69 IC 556 x0=0.791137 velocity_parameter=0.1455 status=outer_limit: trajectory reached the configured outer_limit radius
velocity row 69/120 IC 563/599 x0=0.791153 velocity_parameter=0.1455 elapsed=13.2693s written=0
  crossing 0/250
  stopped velocity row 69 IC 563 x0=0.791153 velocity_parameter=0.1455 status=outer_limit: trajectory reached the configured outer_limit radius
velocity row 70/120 IC 546/599 x0=0.791114 velocity_parameter=0.161667 elapsed=13.2766s written=0
  crossing 0/250
  stopped velocity row 70 IC 546 x0=0.791114 velocity_parameter=0.161667 status=outer_limit: trajectory reached the configured outer_limit radius
velocity row 70/120 IC 556/599 x0=0.791137 velocity_parameter=0.161667 elapsed=13.3657s written=0
  crossing 0/250
  stopped velocity row 70 IC 556 x0=0.791137 velocity_parameter=0.161667 status=outer_limit: trajectory reached the configured outer_limit radius
velocity row 70/120 IC 563/599 x0=0.791153 velocity_parameter=0.161667 elapsed=13.4191s written=0
  crossing 0/250
  stopped velocity row 70 IC 563 x0=0.791153 velocity_parameter=0.161667 status=outer_limit: trajectory reached the configured outer_limit radius
velocity row 71/120 IC 546/599 x0=0.791114 velocity_parameter=0.177833 elapsed=13.4283s written=0
  crossing 0/250
  stopped velocity row 71 IC 546 x0=0.791114 velocity_parameter=0.177833 status=outer_limit: trajectory reached the configured outer_limit radius
velocity row 71/120 IC 556/599 x0=0.791137 velocity_parameter=0.177833 elapsed=13.5244s written=0
  crossing 0/250
  stopped velocity row 71 IC 556 x0=0.791137 velocity_parameter=0.177833 status=outer_limit: trajectory reached the configured outer_limit radius
velocity row 71/120 IC 563/599 x0=0.791153 velocity_parameter=0.177833 elapsed=13.5801s written=0
  crossing 0/250
  stopped velocity row 71 IC 563 x0=0.791153 velocity_parameter=0.177833 status=outer_limit: trajectory reached the configured outer_limit radius
velocity row 72/120 IC 546/599 x0=0.791114 velocity_parameter=0.194 elapsed=13.5888s written=0
  crossing 0/250
  stopped velocity row 72 IC 546 x0=0.791114 velocity_parameter=0.194 status=outer_limit: trajectory reached the configured outer_limit radius
velocity row 72/120 IC 556/599 x0=0.791137 velocity_parameter=0.194 elapsed=13.6764s written=0
  crossing 0/250
  stopped velocity row 72 IC 556 x0=0.791137 velocity_parameter=0.194 status=outer_limit: trajectory reached the configured outer_limit radius
velocity row 72/120 IC 563/599 x0=0.791153 velocity_parameter=0.194 elapsed=13.739s written=0
  crossing 0/250
  stopped velocity row 72 IC 563 x0=0.791153 velocity_parameter=0.194 status=outer_limit: trajectory reached the configured outer_limit radius
velocity row 73/120 IC 546/599 x0=0.791114 velocity_parameter=0.210167 elapsed=13.7486s written=0
  crossing 0/250
  stopped velocity row 73 IC 546 x0=0.791114 velocity_parameter=0.210167 status=outer_limit: trajectory reached the configured outer_limit radius
velocity row 73/120 IC 556/599 x0=0.791137 velocity_parameter=0.210167 elapsed=13.8298s written=0
  crossing 0/250
  stopped velocity row 73 IC 556 x0=0.791137 velocity_parameter=0.210167 status=outer_limit: trajectory reached the configured outer_limit radius
velocity row 73/120 IC 563/599 x0=0.791153 velocity_parameter=0.210167 elapsed=13.889s written=0
  crossing 0/250
  stopped velocity row 73 IC 563 x0=0.791153 velocity_parameter=0.210167 status=outer_limit: trajectory reached the configured outer_limit radius
velocity row 74/120 IC 546/599 x0=0.791114 velocity_parameter=0.226333 elapsed=13.8987s written=0
  crossing 0/250
  stopped velocity row 74 IC 546 x0=0.791114 velocity_parameter=0.226333 status=outer_limit: trajectory reached the configured outer_limit radius
velocity row 74/120 IC 556/599 x0=0.791137 velocity_parameter=0.226333 elapsed=13.991s written=0
  crossing 0/250
  stopped velocity row 74 IC 556 x0=0.791137 velocity_parameter=0.226333 status=outer_limit: trajectory reached the configured outer_limit radius
velocity row 74/120 IC 563/599 x0=0.791153 velocity_parameter=0.226333 elapsed=14.0539s written=0
  crossing 0/250
  stopped velocity row 74 IC 563 x0=0.791153 velocity_parameter=0.226333 status=outer_limit: trajectory reached the configured outer_limit radius
velocity row 75/120 IC 546/599 x0=0.791114 velocity_parameter=0.2425 elapsed=14.063s written=0
  crossing 0/250
  stopped velocity row 75 IC 546 x0=0.791114 velocity_parameter=0.2425 status=outer_limit: trajectory reached the configured outer_limit radius
velocity row 75/120 IC 556/599 x0=0.791137 velocity_parameter=0.2425 elapsed=14.1476s written=0
  crossing 0/250
  stopped velocity row 75 IC 556 x0=0.791137 velocity_parameter=0.2425 status=outer_limit: trajectory reached the configured outer_limit radius
velocity row 75/120 IC 563/599 x0=0.791153 velocity_parameter=0.2425 elapsed=14.2063s written=0
  crossing 0/250
  stopped velocity row 75 IC 563 x0=0.791153 velocity_parameter=0.2425 status=outer_limit: trajectory reached the configured outer_limit radius
velocity row 76/120 IC 546/599 x0=0.791114 velocity_parameter=0.258667 elapsed=14.2145s written=0
  crossing 0/250
  stopped velocity row 76 IC 546 x0=0.791114 velocity_parameter=0.258667 status=outer_limit: trajectory reached the configured outer_limit radius
velocity row 76/120 IC 556/599 x0=0.791137 velocity_parameter=0.258667 elapsed=14.3046s written=0
  crossing 0/250
  stopped velocity row 76 IC 556 x0=0.791137 velocity_parameter=0.258667 status=outer_limit: trajectory reached the configured outer_limit radius
velocity row 76/120 IC 563/599 x0=0.791153 velocity_parameter=0.258667 elapsed=14.3645s written=0
  crossing 0/250
  stopped velocity row 76 IC 563 x0=0.791153 velocity_parameter=0.258667 status=outer_limit: trajectory reached the configured outer_limit radius
velocity row 77/120 IC 546/599 x0=0.791114 velocity_parameter=0.274833 elapsed=14.373s written=0
  crossing 0/250
  stopped velocity row 77 IC 546 x0=0.791114 velocity_parameter=0.274833 status=outer_limit: trajectory reached the configured outer_limit radius
velocity row 77/120 IC 556/599 x0=0.791137 velocity_parameter=0.274833 elapsed=14.4665s written=0
  crossing 0/250
  stopped velocity row 77 IC 556 x0=0.791137 velocity_parameter=0.274833 status=outer_limit: trajectory reached the configured outer_limit radius
velocity row 77/120 IC 563/599 x0=0.791153 velocity_parameter=0.274833 elapsed=14.5223s written=0
  crossing 0/250
  stopped velocity row 77 IC 563 x0=0.791153 velocity_parameter=0.274833 status=outer_limit: trajectory reached the configured outer_limit radius
velocity row 78/120 IC 546/599 x0=0.791114 velocity_parameter=0.291 elapsed=14.5322s written=0
  crossing 0/250
  stopped velocity row 78 IC 546 x0=0.791114 velocity_parameter=0.291 status=outer_limit: trajectory reached the configured outer_limit radius
velocity row 78/120 IC 556/599 x0=0.791137 velocity_parameter=0.291 elapsed=14.6213s written=0
  crossing 0/250
  stopped velocity row 78 IC 556 x0=0.791137 velocity_parameter=0.291 status=outer_limit: trajectory reached the configured outer_limit radius
velocity row 78/120 IC 563/599 x0=0.791153 velocity_parameter=0.291 elapsed=14.6805s written=0
  crossing 0/250
  stopped velocity row 78 IC 563 x0=0.791153 velocity_parameter=0.291 status=outer_limit: trajectory reached the configured outer_limit radius
velocity row 79/120 IC 546/599 x0=0.791114 velocity_parameter=0.307167 elapsed=14.6866s written=0
  crossing 0/250
  stopped velocity row 79 IC 546 x0=0.791114 velocity_parameter=0.307167 status=outer_limit: trajectory reached the configured outer_limit radius
velocity row 79/120 IC 556/599 x0=0.791137 velocity_parameter=0.307167 elapsed=14.7789s written=0
  crossing 0/250
  stopped velocity row 79 IC 556 x0=0.791137 velocity_parameter=0.307167 status=outer_limit: trajectory reached the configured outer_limit radius
velocity row 79/120 IC 563/599 x0=0.791153 velocity_parameter=0.307167 elapsed=14.8434s written=0
  crossing 0/250
  stopped velocity row 79 IC 563 x0=0.791153 velocity_parameter=0.307167 status=outer_limit: trajectory reached the configured outer_limit radius
velocity row 80/120 IC 546/599 x0=0.791114 velocity_parameter=0.323333 elapsed=14.8528s written=0
  crossing 0/250
  stopped velocity row 80 IC 546 x0=0.791114 velocity_parameter=0.323333 status=outer_limit: trajectory reached the configured outer_limit radius
velocity row 80/120 IC 556/599 x0=0.791137 velocity_parameter=0.323333 elapsed=14.9434s written=0
  crossing 0/250
  stopped velocity row 80 IC 556 x0=0.791137 velocity_parameter=0.323333 status=outer_limit: trajectory reached the configured outer_limit radius
velocity row 80/120 IC 563/599 x0=0.791153 velocity_parameter=0.323333 elapsed=15.004s written=0
  crossing 0/250
  stopped velocity row 80 IC 563 x0=0.791153 velocity_parameter=0.323333 status=outer_limit: trajectory reached the configured outer_limit radius
velocity row 81/120 IC 546/599 x0=0.791114 velocity_parameter=0.3395 elapsed=15.0137s written=0
  crossing 0/250
  stopped velocity row 81 IC 546 x0=0.791114 velocity_parameter=0.3395 status=outer_limit: trajectory reached the configured outer_limit radius
velocity row 81/120 IC 556/599 x0=0.791137 velocity_parameter=0.3395 elapsed=15.1019s written=0
  crossing 0/250
  stopped velocity row 81 IC 556 x0=0.791137 velocity_parameter=0.3395 status=outer_limit: trajectory reached the configured outer_limit radius
velocity row 81/120 IC 563/599 x0=0.791153 velocity_parameter=0.3395 elapsed=15.1575s written=0
  crossing 0/250
  stopped velocity row 81 IC 563 x0=0.791153 velocity_parameter=0.3395 status=outer_limit: trajectory reached the configured outer_limit radius
velocity row 82/120 IC 546/599 x0=0.791114 velocity_parameter=0.355667 elapsed=15.1669s written=0
  crossing 0/250
  stopped velocity row 82 IC 546 x0=0.791114 velocity_parameter=0.355667 status=outer_limit: trajectory reached the configured outer_limit radius
velocity row 82/120 IC 556/599 x0=0.791137 velocity_parameter=0.355667 elapsed=15.2544s written=0
  crossing 0/250
  stopped velocity row 82 IC 556 x0=0.791137 velocity_parameter=0.355667 status=outer_limit: trajectory reached the configured outer_limit radius
velocity row 82/120 IC 563/599 x0=0.791153 velocity_parameter=0.355667 elapsed=15.3121s written=0
  crossing 0/250
  stopped velocity row 82 IC 563 x0=0.791153 velocity_parameter=0.355667 status=outer_limit: trajectory reached the configured outer_limit radius
velocity row 83/120 IC 546/599 x0=0.791114 velocity_parameter=0.371833 elapsed=15.3219s written=0
  crossing 0/250
  stopped velocity row 83 IC 546 x0=0.791114 velocity_parameter=0.371833 status=outer_limit: trajectory reached the configured outer_limit radius
velocity row 83/120 IC 556/599 x0=0.791137 velocity_parameter=0.371833 elapsed=15.4117s written=0
  crossing 0/250
  stopped velocity row 83 IC 556 x0=0.791137 velocity_parameter=0.371833 status=outer_limit: trajectory reached the configured outer_limit radius
velocity row 83/120 IC 563/599 x0=0.791153 velocity_parameter=0.371833 elapsed=15.4715s written=0
  crossing 0/250
  stopped velocity row 83 IC 563 x0=0.791153 velocity_parameter=0.371833 status=outer_limit: trajectory reached the configured outer_limit radius
velocity row 84/120 IC 546/599 x0=0.791114 velocity_parameter=0.388 elapsed=15.4787s written=0
  crossing 0/250
  stopped velocity row 84 IC 546 x0=0.791114 velocity_parameter=0.388 status=outer_limit: trajectory reached the configured outer_limit radius
velocity row 84/120 IC 556/599 x0=0.791137 velocity_parameter=0.388 elapsed=15.5619s written=0
  crossing 0/250
  stopped velocity row 84 IC 556 x0=0.791137 velocity_parameter=0.388 status=outer_limit: trajectory reached the configured outer_limit radius
velocity row 84/120 IC 563/599 x0=0.791153 velocity_parameter=0.388 elapsed=15.6221s written=0
  crossing 0/250
  stopped velocity row 84 IC 563 x0=0.791153 velocity_parameter=0.388 status=outer_limit: trajectory reached the configured outer_limit radius
velocity row 85/120 IC 546/599 x0=0.791114 velocity_parameter=0.404167 elapsed=15.6311s written=0
  crossing 0/250
  stopped velocity row 85 IC 546 x0=0.791114 velocity_parameter=0.404167 status=outer_limit: trajectory reached the configured outer_limit radius
velocity row 85/120 IC 556/599 x0=0.791137 velocity_parameter=0.404167 elapsed=15.7107s written=0
  crossing 0/250
  stopped velocity row 85 IC 556 x0=0.791137 velocity_parameter=0.404167 status=outer_limit: trajectory reached the configured outer_limit radius
velocity row 85/120 IC 563/599 x0=0.791153 velocity_parameter=0.404167 elapsed=15.7727s written=0
  crossing 0/250
  stopped velocity row 85 IC 563 x0=0.791153 velocity_parameter=0.404167 status=outer_limit: trajectory reached the configured outer_limit radius
velocity row 86/120 IC 546/599 x0=0.791114 velocity_parameter=0.420333 elapsed=15.7818s written=0
  crossing 0/250
  stopped velocity row 86 IC 546 x0=0.791114 velocity_parameter=0.420333 status=outer_limit: trajectory reached the configured outer_limit radius
velocity row 86/120 IC 556/599 x0=0.791137 velocity_parameter=0.420333 elapsed=15.8617s written=0
  crossing 0/250
  stopped velocity row 86 IC 556 x0=0.791137 velocity_parameter=0.420333 status=outer_limit: trajectory reached the configured outer_limit radius
velocity row 86/120 IC 563/599 x0=0.791153 velocity_parameter=0.420333 elapsed=15.928s written=0
  crossing 0/250
  stopped velocity row 86 IC 563 x0=0.791153 velocity_parameter=0.420333 status=outer_limit: trajectory reached the configured outer_limit radius
velocity row 87/120 IC 546/599 x0=0.791114 velocity_parameter=0.4365 elapsed=15.9351s written=0
  crossing 0/250
  stopped velocity row 87 IC 546 x0=0.791114 velocity_parameter=0.4365 status=outer_limit: trajectory reached the configured outer_limit radius
velocity row 87/120 IC 556/599 x0=0.791137 velocity_parameter=0.4365 elapsed=16.0218s written=0
  crossing 0/250
  stopped velocity row 87 IC 556 x0=0.791137 velocity_parameter=0.4365 status=outer_limit: trajectory reached the configured outer_limit radius
velocity row 87/120 IC 563/599 x0=0.791153 velocity_parameter=0.4365 elapsed=16.0776s written=0
  crossing 0/250
  stopped velocity row 87 IC 563 x0=0.791153 velocity_parameter=0.4365 status=outer_limit: trajectory reached the configured outer_limit radius
velocity row 88/120 IC 546/599 x0=0.791114 velocity_parameter=0.452667 elapsed=16.084s written=0
  crossing 0/250
  stopped velocity row 88 IC 546 x0=0.791114 velocity_parameter=0.452667 status=outer_limit: trajectory reached the configured outer_limit radius
velocity row 88/120 IC 556/599 x0=0.791137 velocity_parameter=0.452667 elapsed=16.1689s written=0
  crossing 0/250
  stopped velocity row 88 IC 556 x0=0.791137 velocity_parameter=0.452667 status=outer_limit: trajectory reached the configured outer_limit radius
velocity row 88/120 IC 563/599 x0=0.791153 velocity_parameter=0.452667 elapsed=16.2277s written=0
  crossing 0/250
  stopped velocity row 88 IC 563 x0=0.791153 velocity_parameter=0.452667 status=outer_limit: trajectory reached the configured outer_limit radius
velocity row 89/120 IC 546/599 x0=0.791114 velocity_parameter=0.468833 elapsed=16.237s written=0
  crossing 0/250
  stopped velocity row 89 IC 546 x0=0.791114 velocity_parameter=0.468833 status=outer_limit: trajectory reached the configured outer_limit radius
velocity row 89/120 IC 556/599 x0=0.791137 velocity_parameter=0.468833 elapsed=16.3266s written=0
  crossing 0/250
  stopped velocity row 89 IC 556 x0=0.791137 velocity_parameter=0.468833 status=outer_limit: trajectory reached the configured outer_limit radius
velocity row 89/120 IC 563/599 x0=0.791153 velocity_parameter=0.468833 elapsed=16.3896s written=0
  crossing 0/250
  stopped velocity row 89 IC 563 x0=0.791153 velocity_parameter=0.468833 status=outer_limit: trajectory reached the configured outer_limit radius
velocity row 90/120 IC 546/599 x0=0.791114 velocity_parameter=0.485 elapsed=16.3995s written=0
  crossing 0/250
  stopped velocity row 90 IC 546 x0=0.791114 velocity_parameter=0.485 status=outer_limit: trajectory reached the configured outer_limit radius
velocity row 90/120 IC 556/599 x0=0.791137 velocity_parameter=0.485 elapsed=16.4853s written=0
  crossing 0/250
  stopped velocity row 90 IC 556 x0=0.791137 velocity_parameter=0.485 status=outer_limit: trajectory reached the configured outer_limit radius
velocity row 90/120 IC 563/599 x0=0.791153 velocity_parameter=0.485 elapsed=16.5493s written=0
  crossing 0/250
  stopped velocity row 90 IC 563 x0=0.791153 velocity_parameter=0.485 status=outer_limit: trajectory reached the configured outer_limit radius
velocity row 91/120 IC 546/599 x0=0.791114 velocity_parameter=0.501167 elapsed=16.5582s written=0
  crossing 0/250
  stopped velocity row 91 IC 546 x0=0.791114 velocity_parameter=0.501167 status=outer_limit: trajectory reached the configured outer_limit radius
velocity row 91/120 IC 556/599 x0=0.791137 velocity_parameter=0.501167 elapsed=16.6395s written=0
  crossing 0/250
  stopped velocity row 91 IC 556 x0=0.791137 velocity_parameter=0.501167 status=outer_limit: trajectory reached the configured outer_limit radius
velocity row 91/120 IC 563/599 x0=0.791153 velocity_parameter=0.501167 elapsed=16.7018s written=0
  crossing 0/250
  stopped velocity row 91 IC 563 x0=0.791153 velocity_parameter=0.501167 status=outer_limit: trajectory reached the configured outer_limit radius
velocity row 92/120 IC 546/599 x0=0.791114 velocity_parameter=0.517333 elapsed=16.7149s written=0
  crossing 0/250
  stopped velocity row 92 IC 546 x0=0.791114 velocity_parameter=0.517333 status=outer_limit: trajectory reached the configured outer_limit radius
velocity row 92/120 IC 556/599 x0=0.791137 velocity_parameter=0.517333 elapsed=16.8071s written=0
  crossing 0/250
  stopped velocity row 92 IC 556 x0=0.791137 velocity_parameter=0.517333 status=outer_limit: trajectory reached the configured outer_limit radius
velocity row 92/120 IC 563/599 x0=0.791153 velocity_parameter=0.517333 elapsed=16.8695s written=0
  crossing 0/250
  stopped velocity row 92 IC 563 x0=0.791153 velocity_parameter=0.517333 status=outer_limit: trajectory reached the configured outer_limit radius
velocity row 93/120 IC 546/599 x0=0.791114 velocity_parameter=0.5335 elapsed=16.8809s written=0
  crossing 0/250
  stopped velocity row 93 IC 546 x0=0.791114 velocity_parameter=0.5335 status=outer_limit: trajectory reached the configured outer_limit radius
velocity row 93/120 IC 556/599 x0=0.791137 velocity_parameter=0.5335 elapsed=16.9705s written=0
  crossing 0/250
  stopped velocity row 93 IC 556 x0=0.791137 velocity_parameter=0.5335 status=outer_limit: trajectory reached the configured outer_limit radius
velocity row 93/120 IC 563/599 x0=0.791153 velocity_parameter=0.5335 elapsed=17.0285s written=0
  crossing 0/250
  stopped velocity row 93 IC 563 x0=0.791153 velocity_parameter=0.5335 status=outer_limit: trajectory reached the configured outer_limit radius
velocity row 94/120 IC 546/599 x0=0.791114 velocity_parameter=0.549667 elapsed=17.0359s written=0
  crossing 0/250
  stopped velocity row 94 IC 546 x0=0.791114 velocity_parameter=0.549667 status=outer_limit: trajectory reached the configured outer_limit radius
velocity row 94/120 IC 556/599 x0=0.791137 velocity_parameter=0.549667 elapsed=17.1222s written=0
  crossing 0/250
  stopped velocity row 94 IC 556 x0=0.791137 velocity_parameter=0.549667 status=outer_limit: trajectory reached the configured outer_limit radius
velocity row 94/120 IC 563/599 x0=0.791153 velocity_parameter=0.549667 elapsed=17.1785s written=0
  crossing 0/250
  stopped velocity row 94 IC 563 x0=0.791153 velocity_parameter=0.549667 status=outer_limit: trajectory reached the configured outer_limit radius
velocity row 95/120 IC 546/599 x0=0.791114 velocity_parameter=0.565833 elapsed=17.1879s written=0
  crossing 0/250
  stopped velocity row 95 IC 546 x0=0.791114 velocity_parameter=0.565833 status=outer_limit: trajectory reached the configured outer_limit radius
velocity row 95/120 IC 556/599 x0=0.791137 velocity_parameter=0.565833 elapsed=17.2782s written=0
  crossing 0/250
  stopped velocity row 95 IC 556 x0=0.791137 velocity_parameter=0.565833 status=outer_limit: trajectory reached the configured outer_limit radius
velocity row 95/120 IC 563/599 x0=0.791153 velocity_parameter=0.565833 elapsed=17.3378s written=0
  crossing 0/250
  stopped velocity row 95 IC 563 x0=0.791153 velocity_parameter=0.565833 status=outer_limit: trajectory reached the configured outer_limit radius
velocity row 96/120 IC 546/599 x0=0.791114 velocity_parameter=0.582 elapsed=17.3464s written=0
  crossing 0/250
  stopped velocity row 96 IC 546 x0=0.791114 velocity_parameter=0.582 status=outer_limit: trajectory reached the configured outer_limit radius
velocity row 96/120 IC 556/599 x0=0.791137 velocity_parameter=0.582 elapsed=17.4372s written=0
  crossing 0/250
  stopped velocity row 96 IC 556 x0=0.791137 velocity_parameter=0.582 status=outer_limit: trajectory reached the configured outer_limit radius
velocity row 96/120 IC 563/599 x0=0.791153 velocity_parameter=0.582 elapsed=17.4987s written=0
  crossing 0/250
  stopped velocity row 96 IC 563 x0=0.791153 velocity_parameter=0.582 status=outer_limit: trajectory reached the configured outer_limit radius
velocity row 97/120 IC 546/599 x0=0.791114 velocity_parameter=0.598167 elapsed=17.5077s written=0
  crossing 0/250
  stopped velocity row 97 IC 546 x0=0.791114 velocity_parameter=0.598167 status=outer_limit: trajectory reached the configured outer_limit radius
velocity row 97/120 IC 556/599 x0=0.791137 velocity_parameter=0.598167 elapsed=17.5955s written=0
  crossing 0/250
  stopped velocity row 97 IC 556 x0=0.791137 velocity_parameter=0.598167 status=outer_limit: trajectory reached the configured outer_limit radius
velocity row 97/120 IC 563/599 x0=0.791153 velocity_parameter=0.598167 elapsed=17.6587s written=0
  crossing 0/250
  stopped velocity row 97 IC 563 x0=0.791153 velocity_parameter=0.598167 status=outer_limit: trajectory reached the configured outer_limit radius
velocity row 98/120 IC 546/599 x0=0.791114 velocity_parameter=0.614333 elapsed=17.6654s written=0
  crossing 0/250
  stopped velocity row 98 IC 546 x0=0.791114 velocity_parameter=0.614333 status=outer_limit: trajectory reached the configured outer_limit radius
velocity row 98/120 IC 556/599 x0=0.791137 velocity_parameter=0.614333 elapsed=17.751s written=0
  crossing 0/250
  stopped velocity row 98 IC 556 x0=0.791137 velocity_parameter=0.614333 status=outer_limit: trajectory reached the configured outer_limit radius
velocity row 98/120 IC 563/599 x0=0.791153 velocity_parameter=0.614333 elapsed=17.8126s written=0
  crossing 0/250
  stopped velocity row 98 IC 563 x0=0.791153 velocity_parameter=0.614333 status=outer_limit: trajectory reached the configured outer_limit radius
velocity row 99/120 IC 546/599 x0=0.791114 velocity_parameter=0.6305 elapsed=17.8209s written=0
  crossing 0/250
  stopped velocity row 99 IC 546 x0=0.791114 velocity_parameter=0.6305 status=outer_limit: trajectory reached the configured outer_limit radius
velocity row 99/120 IC 556/599 x0=0.791137 velocity_parameter=0.6305 elapsed=17.9119s written=0
  crossing 0/250
  stopped velocity row 99 IC 556 x0=0.791137 velocity_parameter=0.6305 status=outer_limit: trajectory reached the configured outer_limit radius
velocity row 99/120 IC 563/599 x0=0.791153 velocity_parameter=0.6305 elapsed=17.9753s written=0
  crossing 0/250
  stopped velocity row 99 IC 563 x0=0.791153 velocity_parameter=0.6305 status=outer_limit: trajectory reached the configured outer_limit radius
velocity row 100/120 IC 546/599 x0=0.791114 velocity_parameter=0.646667 elapsed=17.9838s written=0
  crossing 0/250
  stopped velocity row 100 IC 546 x0=0.791114 velocity_parameter=0.646667 status=outer_limit: trajectory reached the configured outer_limit radius
velocity row 100/120 IC 556/599 x0=0.791137 velocity_parameter=0.646667 elapsed=18.0711s written=0
  crossing 0/250
  stopped velocity row 100 IC 556 x0=0.791137 velocity_parameter=0.646667 status=outer_limit: trajectory reached the configured outer_limit radius
velocity row 100/120 IC 563/599 x0=0.791153 velocity_parameter=0.646667 elapsed=18.1258s written=0
  crossing 0/250
  stopped velocity row 100 IC 563 x0=0.791153 velocity_parameter=0.646667 status=outer_limit: trajectory reached the configured outer_limit radius
velocity row 101/120 IC 546/599 x0=0.791114 velocity_parameter=0.662833 elapsed=18.1354s written=0
  crossing 0/250
  stopped velocity row 101 IC 546 x0=0.791114 velocity_parameter=0.662833 status=outer_limit: trajectory reached the configured outer_limit radius
velocity row 101/120 IC 556/599 x0=0.791137 velocity_parameter=0.662833 elapsed=18.2206s written=0
  crossing 0/250
  stopped velocity row 101 IC 556 x0=0.791137 velocity_parameter=0.662833 status=outer_limit: trajectory reached the configured outer_limit radius
velocity row 101/120 IC 563/599 x0=0.791153 velocity_parameter=0.662833 elapsed=18.2782s written=0
  crossing 0/250
  stopped velocity row 101 IC 563 x0=0.791153 velocity_parameter=0.662833 status=outer_limit: trajectory reached the configured outer_limit radius
velocity row 102/120 IC 546/599 x0=0.791114 velocity_parameter=0.679 elapsed=18.2876s written=0
  crossing 0/250
  stopped velocity row 102 IC 546 x0=0.791114 velocity_parameter=0.679 status=outer_limit: trajectory reached the configured outer_limit radius
velocity row 102/120 IC 556/599 x0=0.791137 velocity_parameter=0.679 elapsed=18.3669s written=0
  crossing 0/250
  stopped velocity row 102 IC 556 x0=0.791137 velocity_parameter=0.679 status=outer_limit: trajectory reached the configured outer_limit radius
velocity row 102/120 IC 563/599 x0=0.791153 velocity_parameter=0.679 elapsed=18.4305s written=0
  crossing 0/250
  stopped velocity row 102 IC 563 x0=0.791153 velocity_parameter=0.679 status=outer_limit: trajectory reached the configured outer_limit radius
velocity row 103/120 IC 546/599 x0=0.791114 velocity_parameter=0.695167 elapsed=18.4374s written=0
  crossing 0/250
  stopped velocity row 103 IC 546 x0=0.791114 velocity_parameter=0.695167 status=outer_limit: trajectory reached the configured outer_limit radius
velocity row 103/120 IC 556/599 x0=0.791137 velocity_parameter=0.695167 elapsed=18.5195s written=0
  crossing 0/250
  stopped velocity row 103 IC 556 x0=0.791137 velocity_parameter=0.695167 status=outer_limit: trajectory reached the configured outer_limit radius
velocity row 103/120 IC 563/599 x0=0.791153 velocity_parameter=0.695167 elapsed=18.5886s written=0
  crossing 0/250
  stopped velocity row 103 IC 563 x0=0.791153 velocity_parameter=0.695167 status=outer_limit: trajectory reached the configured outer_limit radius
velocity row 104/120 IC 546/599 x0=0.791114 velocity_parameter=0.711333 elapsed=18.5974s written=0
  crossing 0/250
  stopped velocity row 104 IC 546 x0=0.791114 velocity_parameter=0.711333 status=outer_limit: trajectory reached the configured outer_limit radius
velocity row 104/120 IC 556/599 x0=0.791137 velocity_parameter=0.711333 elapsed=18.6831s written=0
  crossing 0/250
  stopped velocity row 104 IC 556 x0=0.791137 velocity_parameter=0.711333 status=outer_limit: trajectory reached the configured outer_limit radius
velocity row 104/120 IC 563/599 x0=0.791153 velocity_parameter=0.711333 elapsed=18.7439s written=0
  crossing 0/250
  stopped velocity row 104 IC 563 x0=0.791153 velocity_parameter=0.711333 status=outer_limit: trajectory reached the configured outer_limit radius
velocity row 105/120 IC 546/599 x0=0.791114 velocity_parameter=0.7275 elapsed=18.7527s written=0
  crossing 0/250
  stopped velocity row 105 IC 546 x0=0.791114 velocity_parameter=0.7275 status=outer_limit: trajectory reached the configured outer_limit radius
velocity row 105/120 IC 556/599 x0=0.791137 velocity_parameter=0.7275 elapsed=18.8425s written=0
  crossing 0/250
  stopped velocity row 105 IC 556 x0=0.791137 velocity_parameter=0.7275 status=outer_limit: trajectory reached the configured outer_limit radius
velocity row 105/120 IC 563/599 x0=0.791153 velocity_parameter=0.7275 elapsed=18.9042s written=0
  crossing 0/250
  stopped velocity row 105 IC 563 x0=0.791153 velocity_parameter=0.7275 status=outer_limit: trajectory reached the configured outer_limit radius
velocity row 106/120 IC 546/599 x0=0.791114 velocity_parameter=0.743667 elapsed=18.9126s written=0
  crossing 0/250
  stopped velocity row 106 IC 546 x0=0.791114 velocity_parameter=0.743667 status=outer_limit: trajectory reached the configured outer_limit radius
velocity row 106/120 IC 556/599 x0=0.791137 velocity_parameter=0.743667 elapsed=19.0017s written=0
  crossing 0/250
  stopped velocity row 106 IC 556 x0=0.791137 velocity_parameter=0.743667 status=outer_limit: trajectory reached the configured outer_limit radius
velocity row 106/120 IC 563/599 x0=0.791153 velocity_parameter=0.743667 elapsed=19.0648s written=0
  crossing 0/250
  stopped velocity row 106 IC 563 x0=0.791153 velocity_parameter=0.743667 status=outer_limit: trajectory reached the configured outer_limit radius
velocity row 107/120 IC 546/599 x0=0.791114 velocity_parameter=0.759833 elapsed=19.0731s written=0
  crossing 0/250
  stopped velocity row 107 IC 546 x0=0.791114 velocity_parameter=0.759833 status=outer_limit: trajectory reached the configured outer_limit radius
velocity row 107/120 IC 556/599 x0=0.791137 velocity_parameter=0.759833 elapsed=19.1617s written=0
  crossing 0/250
  stopped velocity row 107 IC 556 x0=0.791137 velocity_parameter=0.759833 status=outer_limit: trajectory reached the configured outer_limit radius
velocity row 107/120 IC 563/599 x0=0.791153 velocity_parameter=0.759833 elapsed=19.2232s written=0
  crossing 0/250
  stopped velocity row 107 IC 563 x0=0.791153 velocity_parameter=0.759833 status=outer_limit: trajectory reached the configured outer_limit radius
velocity row 108/120 IC 546/599 x0=0.791114 velocity_parameter=0.776 elapsed=19.2324s written=0
  crossing 0/250
  stopped velocity row 108 IC 546 x0=0.791114 velocity_parameter=0.776 status=outer_limit: trajectory reached the configured outer_limit radius
velocity row 108/120 IC 556/599 x0=0.791137 velocity_parameter=0.776 elapsed=19.3203s written=0
  crossing 0/250
  stopped velocity row 108 IC 556 x0=0.791137 velocity_parameter=0.776 status=outer_limit: trajectory reached the configured outer_limit radius
velocity row 108/120 IC 563/599 x0=0.791153 velocity_parameter=0.776 elapsed=19.3773s written=0
  crossing 0/250
  stopped velocity row 108 IC 563 x0=0.791153 velocity_parameter=0.776 status=outer_limit: trajectory reached the configured outer_limit radius
velocity row 109/120 IC 546/599 x0=0.791114 velocity_parameter=0.792167 elapsed=19.3869s written=0
  crossing 0/250
  stopped velocity row 109 IC 546 x0=0.791114 velocity_parameter=0.792167 status=outer_limit: trajectory reached the configured outer_limit radius
velocity row 109/120 IC 556/599 x0=0.791137 velocity_parameter=0.792167 elapsed=19.4737s written=0
  crossing 0/250
  stopped velocity row 109 IC 556 x0=0.791137 velocity_parameter=0.792167 status=outer_limit: trajectory reached the configured outer_limit radius
velocity row 109/120 IC 563/599 x0=0.791153 velocity_parameter=0.792167 elapsed=19.5323s written=0
  crossing 0/250
  stopped velocity row 109 IC 563 x0=0.791153 velocity_parameter=0.792167 status=outer_limit: trajectory reached the configured outer_limit radius
velocity row 110/120 IC 546/599 x0=0.791114 velocity_parameter=0.808333 elapsed=19.5414s written=0
  crossing 0/250
  stopped velocity row 110 IC 546 x0=0.791114 velocity_parameter=0.808333 status=outer_limit: trajectory reached the configured outer_limit radius
velocity row 110/120 IC 556/599 x0=0.791137 velocity_parameter=0.808333 elapsed=19.6227s written=0
  crossing 0/250
  stopped velocity row 110 IC 556 x0=0.791137 velocity_parameter=0.808333 status=outer_limit: trajectory reached the configured outer_limit radius
velocity row 110/120 IC 563/599 x0=0.791153 velocity_parameter=0.808333 elapsed=19.687s written=0
  crossing 0/250
  stopped velocity row 110 IC 563 x0=0.791153 velocity_parameter=0.808333 status=outer_limit: trajectory reached the configured outer_limit radius
velocity row 111/120 IC 546/599 x0=0.791114 velocity_parameter=0.8245 elapsed=19.6967s written=0
  crossing 0/250
  stopped velocity row 111 IC 546 x0=0.791114 velocity_parameter=0.8245 status=outer_limit: trajectory reached the configured outer_limit radius
velocity row 111/120 IC 556/599 x0=0.791137 velocity_parameter=0.8245 elapsed=19.7841s written=0
  crossing 0/250
  stopped velocity row 111 IC 556 x0=0.791137 velocity_parameter=0.8245 status=outer_limit: trajectory reached the configured outer_limit radius
velocity row 111/120 IC 563/599 x0=0.791153 velocity_parameter=0.8245 elapsed=19.8437s written=0
  crossing 0/250
  stopped velocity row 111 IC 563 x0=0.791153 velocity_parameter=0.8245 status=outer_limit: trajectory reached the configured outer_limit radius
velocity row 112/120 IC 546/599 x0=0.791114 velocity_parameter=0.840667 elapsed=19.8533s written=0
  crossing 0/250
  stopped velocity row 112 IC 546 x0=0.791114 velocity_parameter=0.840667 status=outer_limit: trajectory reached the configured outer_limit radius
velocity row 112/120 IC 556/599 x0=0.791137 velocity_parameter=0.840667 elapsed=19.939s written=0
  crossing 0/250
  stopped velocity row 112 IC 556 x0=0.791137 velocity_parameter=0.840667 status=outer_limit: trajectory reached the configured outer_limit radius
velocity row 112/120 IC 563/599 x0=0.791153 velocity_parameter=0.840667 elapsed=20.0009s written=0
  crossing 0/250
  stopped velocity row 112 IC 563 x0=0.791153 velocity_parameter=0.840667 status=outer_limit: trajectory reached the configured outer_limit radius
velocity row 113/120 IC 546/599 x0=0.791114 velocity_parameter=0.856833 elapsed=20.0099s written=0
  crossing 0/250
  stopped velocity row 113 IC 546 x0=0.791114 velocity_parameter=0.856833 status=outer_limit: trajectory reached the configured outer_limit radius
velocity row 113/120 IC 556/599 x0=0.791137 velocity_parameter=0.856833 elapsed=20.0892s written=0
  crossing 0/250
  stopped velocity row 113 IC 556 x0=0.791137 velocity_parameter=0.856833 status=outer_limit: trajectory reached the configured outer_limit radius
velocity row 113/120 IC 563/599 x0=0.791153 velocity_parameter=0.856833 elapsed=20.1476s written=0
  crossing 0/250
  stopped velocity row 113 IC 563 x0=0.791153 velocity_parameter=0.856833 status=outer_limit: trajectory reached the configured outer_limit radius
velocity row 114/120 IC 546/599 x0=0.791114 velocity_parameter=0.873 elapsed=20.157s written=0
  crossing 0/250
  stopped velocity row 114 IC 546 x0=0.791114 velocity_parameter=0.873 status=outer_limit: trajectory reached the configured outer_limit radius
velocity row 114/120 IC 556/599 x0=0.791137 velocity_parameter=0.873 elapsed=20.247s written=0
  crossing 0/250
  stopped velocity row 114 IC 556 x0=0.791137 velocity_parameter=0.873 status=outer_limit: trajectory reached the configured outer_limit radius
velocity row 114/120 IC 563/599 x0=0.791153 velocity_parameter=0.873 elapsed=20.3109s written=0
  crossing 0/250
  stopped velocity row 114 IC 563 x0=0.791153 velocity_parameter=0.873 status=outer_limit: trajectory reached the configured outer_limit radius
velocity row 115/120 IC 546/599 x0=0.791114 velocity_parameter=0.889167 elapsed=20.3195s written=0
  crossing 0/250
  stopped velocity row 115 IC 546 x0=0.791114 velocity_parameter=0.889167 status=outer_limit: trajectory reached the configured outer_limit radius
velocity row 115/120 IC 556/599 x0=0.791137 velocity_parameter=0.889167 elapsed=20.4065s written=0
  crossing 0/250
  stopped velocity row 115 IC 556 x0=0.791137 velocity_parameter=0.889167 status=outer_limit: trajectory reached the configured outer_limit radius
velocity row 115/120 IC 563/599 x0=0.791153 velocity_parameter=0.889167 elapsed=20.4684s written=0
  crossing 0/250
  stopped velocity row 115 IC 563 x0=0.791153 velocity_parameter=0.889167 status=outer_limit: trajectory reached the configured outer_limit radius
velocity row 116/120 IC 546/599 x0=0.791114 velocity_parameter=0.905333 elapsed=20.475s written=0
  crossing 0/250
  stopped velocity row 116 IC 546 x0=0.791114 velocity_parameter=0.905333 status=outer_limit: trajectory reached the configured outer_limit radius
velocity row 116/120 IC 556/599 x0=0.791137 velocity_parameter=0.905333 elapsed=20.5609s written=0
  crossing 0/250
  stopped velocity row 116 IC 556 x0=0.791137 velocity_parameter=0.905333 status=outer_limit: trajectory reached the configured outer_limit radius
velocity row 116/120 IC 563/599 x0=0.791153 velocity_parameter=0.905333 elapsed=20.6195s written=0
  crossing 0/250
  stopped velocity row 116 IC 563 x0=0.791153 velocity_parameter=0.905333 status=outer_limit: trajectory reached the configured outer_limit radius
velocity row 117/120 IC 546/599 x0=0.791114 velocity_parameter=0.9215 elapsed=20.6284s written=0
  crossing 0/250
  stopped velocity row 117 IC 546 x0=0.791114 velocity_parameter=0.9215 status=outer_limit: trajectory reached the configured outer_limit radius
velocity row 117/120 IC 556/599 x0=0.791137 velocity_parameter=0.9215 elapsed=20.7183s written=0
  crossing 0/250
  stopped velocity row 117 IC 556 x0=0.791137 velocity_parameter=0.9215 status=outer_limit: trajectory reached the configured outer_limit radius
velocity row 117/120 IC 563/599 x0=0.791153 velocity_parameter=0.9215 elapsed=20.7759s written=0
  crossing 0/250
  stopped velocity row 117 IC 563 x0=0.791153 velocity_parameter=0.9215 status=outer_limit: trajectory reached the configured outer_limit radius
velocity row 118/120 IC 546/599 x0=0.791114 velocity_parameter=0.937667 elapsed=20.7827s written=0
  crossing 0/250
  stopped velocity row 118 IC 546 x0=0.791114 velocity_parameter=0.937667 status=outer_limit: trajectory reached the configured outer_limit radius
velocity row 118/120 IC 556/599 x0=0.791137 velocity_parameter=0.937667 elapsed=20.8725s written=0
  crossing 0/250
  stopped velocity row 118 IC 556 x0=0.791137 velocity_parameter=0.937667 status=outer_limit: trajectory reached the configured outer_limit radius
velocity row 118/120 IC 563/599 x0=0.791153 velocity_parameter=0.937667 elapsed=20.9348s written=0
  crossing 0/250
  stopped velocity row 118 IC 563 x0=0.791153 velocity_parameter=0.937667 status=outer_limit: trajectory reached the configured outer_limit radius
velocity row 119/120 IC 546/599 x0=0.791114 velocity_parameter=0.953833 elapsed=20.9448s written=0
  crossing 0/250
  stopped velocity row 119 IC 546 x0=0.791114 velocity_parameter=0.953833 status=outer_limit: trajectory reached the configured outer_limit radius
velocity row 119/120 IC 556/599 x0=0.791137 velocity_parameter=0.953833 elapsed=21.0276s written=0
  crossing 0/250
  stopped velocity row 119 IC 556 x0=0.791137 velocity_parameter=0.953833 status=outer_limit: trajectory reached the configured outer_limit radius
velocity row 119/120 IC 563/599 x0=0.791153 velocity_parameter=0.953833 elapsed=21.0805s written=0
  crossing 0/250
  stopped velocity row 119 IC 563 x0=0.791153 velocity_parameter=0.953833 status=outer_limit: trajectory reached the configured outer_limit radius
velocity row 120/120 IC 546/599 x0=0.791114 velocity_parameter=0.97 elapsed=21.0897s written=0
  crossing 0/250
  stopped velocity row 120 IC 546 x0=0.791114 velocity_parameter=0.97 status=outer_limit: trajectory reached the configured outer_limit radius
velocity row 120/120 IC 556/599 x0=0.791137 velocity_parameter=0.97 elapsed=21.18s written=0
  crossing 0/250
  stopped velocity row 120 IC 556 x0=0.791137 velocity_parameter=0.97 status=outer_limit: trajectory reached the configured outer_limit radius
velocity row 120/120 IC 563/599 x0=0.791153 velocity_parameter=0.97 elapsed=21.2477s written=0
  crossing 0/250
  stopped velocity row 120 IC 563 x0=0.791153 velocity_parameter=0.97 status=outer_limit: trajectory reached the configured outer_limit radius
metadata -> /mnt/c/Users/payne/Code/Hill_4BP/professional_neck_studies/e1_dense_001/survey/level_005_delta_1e_minus_7/closed/shard_0029/metadata.txt
wrote 0 points (0 ICs skipped, 2178 orbits stopped early, elapsed=21.2574s) -> /mnt/c/Users/payne/Code/Hill_4BP/professional_neck_studies/e1_dense_001/survey/level_005_delta_1e_minus_7/closed/shard_0029/points.csv
outcomes: collision=0 completed=0 forbidden=0 inner_radius_limit=0 invalid_initial_radius=0 invalid_velocity=0 nontransverse=0 numerical_failure=0 outer_limit=2178 timeout=0
maximum sampled |H-h|=8.96918e-16
