zero-velocity boundary -> /mnt/c/Users/payne/Code/Hill_4BP/professional_neck_studies/e1_dense_001/survey/level_001_delta_1e_minus_3/open/shard_0000/zero_velocity_boundary.csv
lambda1=0.0272549 lambda2=2.97275 A=-0.986373 B=0.486373 c=0.0976566 c1=0 c2=0 c3=-0.0976566 h=-2.39054 (C=4.78107)
E1/E2 neck h=-2.39154 (C=4.78307), E3/E4 neck h=-0.454039 (C=0.908078)
energy_mode=neck_delta neck=E1 hcrit=-2.39154 delta=0.001 side=open actual_neck_side=open delta_h=0.001
x_count=600 xdot_count=121 iterates=250 index range=[0,18] velocity_mode=fraction x_range=[0.722563,0.858546] max_return_time=100
smooth coordinates R=sqrt(rho), CAPD crossing mode=Both solver_order=28 max_step=0.005 abs_tol=1e-15 rel_tol=1e-13 collision_radius=1e-06 outer_radius=5
velocity row 0/120 IC 0/599 x0=0.722563 velocity_parameter=-0.97 elapsed=1.31e-07s written=0
  crossing 0/250
  stopped velocity row 0 IC 0 x0=0.722563 velocity_parameter=-0.97 status=collision: trajectory reached the configured collision radius
  stopped velocity row 0 IC 1 x0=0.72279 velocity_parameter=-0.97 status=collision: trajectory reached the configured collision radius
  stopped velocity row 0 IC 2 x0=0.723017 velocity_parameter=-0.97 status=collision: trajectory reached the configured collision radius
  stopped velocity row 0 IC 3 x0=0.723244 velocity_parameter=-0.97 status=collision: trajectory reached the configured collision radius
  stopped velocity row 0 IC 4 x0=0.723471 velocity_parameter=-0.97 status=collision: trajectory reached the configured collision radius
  stopped velocity row 0 IC 5 x0=0.723698 velocity_parameter=-0.97 status=collision: trajectory reached the configured collision radius
  stopped velocity row 0 IC 6 x0=0.723925 velocity_parameter=-0.97 status=collision: trajectory reached the configured collision radius
  stopped velocity row 0 IC 7 x0=0.724152 velocity_parameter=-0.97 status=collision: trajectory reached the configured collision radius
  stopped velocity row 0 IC 8 x0=0.724379 velocity_parameter=-0.97 status=collision: trajectory reached the configured collision radius
  stopped velocity row 0 IC 9 x0=0.724606 velocity_parameter=-0.97 status=collision: trajectory reached the configured collision radius
velocity row 0/120 IC 10/599 x0=0.724833 velocity_parameter=-0.97 elapsed=0.771167s written=0
  crossing 0/250
  stopped velocity row 0 IC 10 x0=0.724833 velocity_parameter=-0.97 status=collision: trajectory reached the configured collision radius
velocity row 0/120 IC 18/599 x0=0.726649 velocity_parameter=-0.97 elapsed=1.37499s written=0
  crossing 0/250
  stopped velocity row 0 IC 18 x0=0.726649 velocity_parameter=-0.97 status=collision: trajectory reached the configured collision radius
velocity row 1/120 IC 0/599 x0=0.722563 velocity_parameter=-0.953833 elapsed=1.45182s written=0
  crossing 0/250
  stopped velocity row 1 IC 0 x0=0.722563 velocity_parameter=-0.953833 status=collision: trajectory reached the configured collision radius
velocity row 1/120 IC 10/599 x0=0.724833 velocity_parameter=-0.953833 elapsed=2.24265s written=0
  crossing 0/250
  stopped velocity row 1 IC 10 x0=0.724833 velocity_parameter=-0.953833 status=collision: trajectory reached the configured collision radius
velocity row 1/120 IC 18/599 x0=0.726649 velocity_parameter=-0.953833 elapsed=2.85693s written=0
  crossing 0/250
  stopped velocity row 1 IC 18 x0=0.726649 velocity_parameter=-0.953833 status=collision: trajectory reached the configured collision radius
velocity row 2/120 IC 0/599 x0=0.722563 velocity_parameter=-0.937667 elapsed=2.94172s written=0
  crossing 0/250
  stopped velocity row 2 IC 0 x0=0.722563 velocity_parameter=-0.937667 status=collision: trajectory reached the configured collision radius
velocity row 2/120 IC 10/599 x0=0.724833 velocity_parameter=-0.937667 elapsed=3.69886s written=0
  crossing 0/250
  stopped velocity row 2 IC 10 x0=0.724833 velocity_parameter=-0.937667 status=collision: trajectory reached the configured collision radius
velocity row 2/120 IC 18/599 x0=0.726649 velocity_parameter=-0.937667 elapsed=4.3176s written=0
  crossing 0/250
  stopped velocity row 2 IC 18 x0=0.726649 velocity_parameter=-0.937667 status=collision: trajectory reached the configured collision radius
velocity row 3/120 IC 0/599 x0=0.722563 velocity_parameter=-0.9215 elapsed=4.38992s written=0
  crossing 0/250
  stopped velocity row 3 IC 0 x0=0.722563 velocity_parameter=-0.9215 status=collision: trajectory reached the configured collision radius
velocity row 3/120 IC 10/599 x0=0.724833 velocity_parameter=-0.9215 elapsed=5.13603s written=0
  crossing 0/250
  stopped velocity row 3 IC 10 x0=0.724833 velocity_parameter=-0.9215 status=collision: trajectory reached the configured collision radius
velocity row 3/120 IC 18/599 x0=0.726649 velocity_parameter=-0.9215 elapsed=5.75215s written=0
  crossing 0/250
  stopped velocity row 3 IC 18 x0=0.726649 velocity_parameter=-0.9215 status=collision: trajectory reached the configured collision radius
velocity row 4/120 IC 0/599 x0=0.722563 velocity_parameter=-0.905333 elapsed=5.8205s written=0
  crossing 0/250
  stopped velocity row 4 IC 0 x0=0.722563 velocity_parameter=-0.905333 status=collision: trajectory reached the configured collision radius
velocity row 4/120 IC 10/599 x0=0.724833 velocity_parameter=-0.905333 elapsed=6.58138s written=0
  crossing 0/250
  stopped velocity row 4 IC 10 x0=0.724833 velocity_parameter=-0.905333 status=collision: trajectory reached the configured collision radius
velocity row 4/120 IC 18/599 x0=0.726649 velocity_parameter=-0.905333 elapsed=7.17802s written=0
  crossing 0/250
  stopped velocity row 4 IC 18 x0=0.726649 velocity_parameter=-0.905333 status=collision: trajectory reached the configured collision radius
velocity row 5/120 IC 0/599 x0=0.722563 velocity_parameter=-0.889167 elapsed=7.25831s written=0
  crossing 0/250
  stopped velocity row 5 IC 0 x0=0.722563 velocity_parameter=-0.889167 status=collision: trajectory reached the configured collision radius
velocity row 5/120 IC 10/599 x0=0.724833 velocity_parameter=-0.889167 elapsed=8.00506s written=0
  crossing 0/250
  stopped velocity row 5 IC 10 x0=0.724833 velocity_parameter=-0.889167 status=collision: trajectory reached the configured collision radius
velocity row 5/120 IC 18/599 x0=0.726649 velocity_parameter=-0.889167 elapsed=8.62312s written=0
  crossing 0/250
  stopped velocity row 5 IC 18 x0=0.726649 velocity_parameter=-0.889167 status=collision: trajectory reached the configured collision radius
velocity row 6/120 IC 0/599 x0=0.722563 velocity_parameter=-0.873 elapsed=8.69927s written=0
  crossing 0/250
  stopped velocity row 6 IC 0 x0=0.722563 velocity_parameter=-0.873 status=collision: trajectory reached the configured collision radius
velocity row 6/120 IC 10/599 x0=0.724833 velocity_parameter=-0.873 elapsed=9.45908s written=0
  crossing 0/250
  stopped velocity row 6 IC 10 x0=0.724833 velocity_parameter=-0.873 status=collision: trajectory reached the configured collision radius
velocity row 6/120 IC 18/599 x0=0.726649 velocity_parameter=-0.873 elapsed=10.0591s written=0
  crossing 0/250
  stopped velocity row 6 IC 18 x0=0.726649 velocity_parameter=-0.873 status=collision: trajectory reached the configured collision radius
velocity row 7/120 IC 0/599 x0=0.722563 velocity_parameter=-0.856833 elapsed=10.138s written=0
  crossing 0/250
  stopped velocity row 7 IC 0 x0=0.722563 velocity_parameter=-0.856833 status=collision: trajectory reached the configured collision radius
velocity row 7/120 IC 10/599 x0=0.724833 velocity_parameter=-0.856833 elapsed=10.8701s written=0
  crossing 0/250
  stopped velocity row 7 IC 10 x0=0.724833 velocity_parameter=-0.856833 status=collision: trajectory reached the configured collision radius
velocity row 7/120 IC 18/599 x0=0.726649 velocity_parameter=-0.856833 elapsed=11.4339s written=0
  crossing 0/250
  stopped velocity row 7 IC 18 x0=0.726649 velocity_parameter=-0.856833 status=collision: trajectory reached the configured collision radius
velocity row 8/120 IC 0/599 x0=0.722563 velocity_parameter=-0.840667 elapsed=11.5056s written=0
  crossing 0/250
  stopped velocity row 8 IC 0 x0=0.722563 velocity_parameter=-0.840667 status=collision: trajectory reached the configured collision radius
velocity row 8/120 IC 10/599 x0=0.724833 velocity_parameter=-0.840667 elapsed=12.1631s written=0
  crossing 0/250
  stopped velocity row 8 IC 10 x0=0.724833 velocity_parameter=-0.840667 status=collision: trajectory reached the configured collision radius
velocity row 8/120 IC 18/599 x0=0.726649 velocity_parameter=-0.840667 elapsed=12.6618s written=0
  crossing 0/250
  stopped velocity row 8 IC 18 x0=0.726649 velocity_parameter=-0.840667 status=collision: trajectory reached the configured collision radius
velocity row 9/120 IC 0/599 x0=0.722563 velocity_parameter=-0.8245 elapsed=12.719s written=0
  crossing 0/250
  stopped velocity row 9 IC 0 x0=0.722563 velocity_parameter=-0.8245 status=collision: trajectory reached the configured collision radius
velocity row 9/120 IC 10/599 x0=0.724833 velocity_parameter=-0.8245 elapsed=13.2812s written=0
  crossing 0/250
  stopped velocity row 9 IC 10 x0=0.724833 velocity_parameter=-0.8245 status=collision: trajectory reached the configured collision radius
velocity row 9/120 IC 18/599 x0=0.726649 velocity_parameter=-0.8245 elapsed=13.6943s written=0
  crossing 0/250
  stopped velocity row 9 IC 18 x0=0.726649 velocity_parameter=-0.8245 status=collision: trajectory reached the configured collision radius
velocity row 10/120 IC 0/599 x0=0.722563 velocity_parameter=-0.808333 elapsed=13.7359s written=0
  crossing 0/250
  stopped velocity row 10 IC 0 x0=0.722563 velocity_parameter=-0.808333 status=collision: trajectory reached the configured collision radius
velocity row 10/120 IC 10/599 x0=0.724833 velocity_parameter=-0.808333 elapsed=14.2442s written=0
  crossing 0/250
  stopped velocity row 10 IC 10 x0=0.724833 velocity_parameter=-0.808333 status=collision: trajectory reached the configured collision radius
velocity row 10/120 IC 18/599 x0=0.726649 velocity_parameter=-0.808333 elapsed=14.6121s written=0
  crossing 0/250
  stopped velocity row 10 IC 18 x0=0.726649 velocity_parameter=-0.808333 status=collision: trajectory reached the configured collision radius
velocity row 11/120 IC 0/599 x0=0.722563 velocity_parameter=-0.792167 elapsed=14.6765s written=0
  crossing 0/250
  stopped velocity row 11 IC 0 x0=0.722563 velocity_parameter=-0.792167 status=collision: trajectory reached the configured collision radius
velocity row 11/120 IC 10/599 x0=0.724833 velocity_parameter=-0.792167 elapsed=15.1734s written=0
  crossing 0/250
  stopped velocity row 11 IC 10 x0=0.724833 velocity_parameter=-0.792167 status=collision: trajectory reached the configured collision radius
velocity row 11/120 IC 18/599 x0=0.726649 velocity_parameter=-0.792167 elapsed=15.5369s written=0
  crossing 0/250
  stopped velocity row 11 IC 18 x0=0.726649 velocity_parameter=-0.792167 status=collision: trajectory reached the configured collision radius
velocity row 12/120 IC 0/599 x0=0.722563 velocity_parameter=-0.776 elapsed=15.5987s written=0
  crossing 0/250
  stopped velocity row 12 IC 0 x0=0.722563 velocity_parameter=-0.776 status=collision: trajectory reached the configured collision radius
velocity row 12/120 IC 10/599 x0=0.724833 velocity_parameter=-0.776 elapsed=16.0867s written=0
  crossing 0/250
  stopped velocity row 12 IC 10 x0=0.724833 velocity_parameter=-0.776 status=collision: trajectory reached the configured collision radius
velocity row 12/120 IC 18/599 x0=0.726649 velocity_parameter=-0.776 elapsed=16.4487s written=0
  crossing 0/250
  stopped velocity row 12 IC 18 x0=0.726649 velocity_parameter=-0.776 status=collision: trajectory reached the configured collision radius
velocity row 13/120 IC 0/599 x0=0.722563 velocity_parameter=-0.759833 elapsed=16.4911s written=0
  crossing 0/250
  stopped velocity row 13 IC 0 x0=0.722563 velocity_parameter=-0.759833 status=collision: trajectory reached the configured collision radius
velocity row 13/120 IC 10/599 x0=0.724833 velocity_parameter=-0.759833 elapsed=16.8623s written=0
  crossing 0/250
  stopped velocity row 13 IC 10 x0=0.724833 velocity_parameter=-0.759833 status=collision: trajectory reached the configured collision radius
velocity row 13/120 IC 18/599 x0=0.726649 velocity_parameter=-0.759833 elapsed=17.2103s written=0
  crossing 0/250
  stopped velocity row 13 IC 18 x0=0.726649 velocity_parameter=-0.759833 status=collision: trajectory reached the configured collision radius
velocity row 14/120 IC 0/599 x0=0.722563 velocity_parameter=-0.743667 elapsed=17.2439s written=0
  crossing 0/250
  stopped velocity row 14 IC 0 x0=0.722563 velocity_parameter=-0.743667 status=collision: trajectory reached the configured collision radius
velocity row 14/120 IC 10/599 x0=0.724833 velocity_parameter=-0.743667 elapsed=17.6445s written=0
  crossing 0/250
  stopped velocity row 14 IC 10 x0=0.724833 velocity_parameter=-0.743667 status=collision: trajectory reached the configured collision radius
velocity row 14/120 IC 18/599 x0=0.726649 velocity_parameter=-0.743667 elapsed=17.9681s written=0
  crossing 0/250
  stopped velocity row 14 IC 18 x0=0.726649 velocity_parameter=-0.743667 status=collision: trajectory reached the configured collision radius
velocity row 15/120 IC 0/599 x0=0.722563 velocity_parameter=-0.7275 elapsed=18.0106s written=0
  crossing 0/250
  stopped velocity row 15 IC 0 x0=0.722563 velocity_parameter=-0.7275 status=collision: trajectory reached the configured collision radius
velocity row 15/120 IC 10/599 x0=0.724833 velocity_parameter=-0.7275 elapsed=18.4016s written=0
  crossing 0/250
  stopped velocity row 15 IC 10 x0=0.724833 velocity_parameter=-0.7275 status=collision: trajectory reached the configured collision radius
velocity row 15/120 IC 18/599 x0=0.726649 velocity_parameter=-0.7275 elapsed=18.8044s written=0
  crossing 0/250
  stopped velocity row 15 IC 18 x0=0.726649 velocity_parameter=-0.7275 status=collision: trajectory reached the configured collision radius
velocity row 16/120 IC 0/599 x0=0.722563 velocity_parameter=-0.711333 elapsed=18.8573s written=0
  crossing 0/250
  stopped velocity row 16 IC 0 x0=0.722563 velocity_parameter=-0.711333 status=collision: trajectory reached the configured collision radius
velocity row 16/120 IC 10/599 x0=0.724833 velocity_parameter=-0.711333 elapsed=19.2193s written=0
  crossing 0/250
  stopped velocity row 16 IC 10 x0=0.724833 velocity_parameter=-0.711333 status=collision: trajectory reached the configured collision radius
velocity row 16/120 IC 18/599 x0=0.726649 velocity_parameter=-0.711333 elapsed=19.5699s written=0
  crossing 0/250
  stopped velocity row 16 IC 18 x0=0.726649 velocity_parameter=-0.711333 status=collision: trajectory reached the configured collision radius
velocity row 17/120 IC 0/599 x0=0.722563 velocity_parameter=-0.695167 elapsed=19.6264s written=0
  crossing 0/250
  stopped velocity row 17 IC 0 x0=0.722563 velocity_parameter=-0.695167 status=collision: trajectory reached the configured collision radius
velocity row 17/120 IC 10/599 x0=0.724833 velocity_parameter=-0.695167 elapsed=20.0753s written=0
  crossing 0/250
  stopped velocity row 17 IC 10 x0=0.724833 velocity_parameter=-0.695167 status=collision: trajectory reached the configured collision radius
velocity row 17/120 IC 18/599 x0=0.726649 velocity_parameter=-0.695167 elapsed=20.3859s written=0
  crossing 0/250
  stopped velocity row 17 IC 18 x0=0.726649 velocity_parameter=-0.695167 status=collision: trajectory reached the configured collision radius
velocity row 18/120 IC 0/599 x0=0.722563 velocity_parameter=-0.679 elapsed=20.4248s written=0
  crossing 0/250
  stopped velocity row 18 IC 0 x0=0.722563 velocity_parameter=-0.679 status=collision: trajectory reached the configured collision radius
velocity row 18/120 IC 10/599 x0=0.724833 velocity_parameter=-0.679 elapsed=20.8714s written=0
  crossing 0/250
  stopped velocity row 18 IC 10 x0=0.724833 velocity_parameter=-0.679 status=collision: trajectory reached the configured collision radius
velocity row 18/120 IC 18/599 x0=0.726649 velocity_parameter=-0.679 elapsed=21.1869s written=0
  crossing 0/250
  stopped velocity row 18 IC 18 x0=0.726649 velocity_parameter=-0.679 status=collision: trajectory reached the configured collision radius
velocity row 19/120 IC 0/599 x0=0.722563 velocity_parameter=-0.662833 elapsed=21.2224s written=0
  crossing 0/250
  stopped velocity row 19 IC 0 x0=0.722563 velocity_parameter=-0.662833 status=collision: trajectory reached the configured collision radius
velocity row 19/120 IC 10/599 x0=0.724833 velocity_parameter=-0.662833 elapsed=21.6227s written=0
  crossing 0/250
  stopped velocity row 19 IC 10 x0=0.724833 velocity_parameter=-0.662833 status=collision: trajectory reached the configured collision radius
velocity row 19/120 IC 18/599 x0=0.726649 velocity_parameter=-0.662833 elapsed=21.962s written=0
  crossing 0/250
  stopped velocity row 19 IC 18 x0=0.726649 velocity_parameter=-0.662833 status=collision: trajectory reached the configured collision radius
velocity row 20/120 IC 0/599 x0=0.722563 velocity_parameter=-0.646667 elapsed=21.9966s written=0
  crossing 0/250
  stopped velocity row 20 IC 0 x0=0.722563 velocity_parameter=-0.646667 status=collision: trajectory reached the configured collision radius
velocity row 20/120 IC 10/599 x0=0.724833 velocity_parameter=-0.646667 elapsed=22.3847s written=0
  crossing 0/250
  stopped velocity row 20 IC 10 x0=0.724833 velocity_parameter=-0.646667 status=collision: trajectory reached the configured collision radius
velocity row 20/120 IC 18/599 x0=0.726649 velocity_parameter=-0.646667 elapsed=22.752s written=0
  crossing 0/250
  stopped velocity row 20 IC 18 x0=0.726649 velocity_parameter=-0.646667 status=collision: trajectory reached the configured collision radius
velocity row 21/120 IC 0/599 x0=0.722563 velocity_parameter=-0.6305 elapsed=22.7861s written=0
  crossing 0/250
  stopped velocity row 21 IC 0 x0=0.722563 velocity_parameter=-0.6305 status=collision: trajectory reached the configured collision radius
velocity row 21/120 IC 10/599 x0=0.724833 velocity_parameter=-0.6305 elapsed=23.2463s written=0
  crossing 0/250
  stopped velocity row 21 IC 10 x0=0.724833 velocity_parameter=-0.6305 status=collision: trajectory reached the configured collision radius
velocity row 21/120 IC 18/599 x0=0.726649 velocity_parameter=-0.6305 elapsed=23.5955s written=0
  crossing 0/250
  stopped velocity row 21 IC 18 x0=0.726649 velocity_parameter=-0.6305 status=collision: trajectory reached the configured collision radius
velocity row 22/120 IC 0/599 x0=0.722563 velocity_parameter=-0.614333 elapsed=23.63s written=0
  crossing 0/250
  stopped velocity row 22 IC 0 x0=0.722563 velocity_parameter=-0.614333 status=collision: trajectory reached the configured collision radius
velocity row 22/120 IC 10/599 x0=0.724833 velocity_parameter=-0.614333 elapsed=23.9877s written=0
  crossing 0/250
  stopped velocity row 22 IC 10 x0=0.724833 velocity_parameter=-0.614333 status=collision: trajectory reached the configured collision radius
velocity row 22/120 IC 18/599 x0=0.726649 velocity_parameter=-0.614333 elapsed=24.3134s written=0
  crossing 0/250
  stopped velocity row 22 IC 18 x0=0.726649 velocity_parameter=-0.614333 status=collision: trajectory reached the configured collision radius
velocity row 23/120 IC 0/599 x0=0.722563 velocity_parameter=-0.598167 elapsed=24.347s written=0
  crossing 0/250
  stopped velocity row 23 IC 0 x0=0.722563 velocity_parameter=-0.598167 status=collision: trajectory reached the configured collision radius
velocity row 23/120 IC 10/599 x0=0.724833 velocity_parameter=-0.598167 elapsed=24.7379s written=0
  crossing 0/250
  stopped velocity row 23 IC 10 x0=0.724833 velocity_parameter=-0.598167 status=collision: trajectory reached the configured collision radius
velocity row 23/120 IC 18/599 x0=0.726649 velocity_parameter=-0.598167 elapsed=25.0498s written=0
  crossing 0/250
  stopped velocity row 23 IC 18 x0=0.726649 velocity_parameter=-0.598167 status=collision: trajectory reached the configured collision radius
velocity row 24/120 IC 0/599 x0=0.722563 velocity_parameter=-0.582 elapsed=25.1087s written=0
  crossing 0/250
  stopped velocity row 24 IC 0 x0=0.722563 velocity_parameter=-0.582 status=collision: trajectory reached the configured collision radius
velocity row 24/120 IC 10/599 x0=0.724833 velocity_parameter=-0.582 elapsed=25.5251s written=0
  crossing 0/250
  stopped velocity row 24 IC 10 x0=0.724833 velocity_parameter=-0.582 status=collision: trajectory reached the configured collision radius
velocity row 24/120 IC 18/599 x0=0.726649 velocity_parameter=-0.582 elapsed=25.8674s written=0
  crossing 0/250
  stopped velocity row 24 IC 18 x0=0.726649 velocity_parameter=-0.582 status=collision: trajectory reached the configured collision radius
velocity row 25/120 IC 0/599 x0=0.722563 velocity_parameter=-0.565833 elapsed=25.9015s written=0
  crossing 0/250
  stopped velocity row 25 IC 0 x0=0.722563 velocity_parameter=-0.565833 status=collision: trajectory reached the configured collision radius
velocity row 25/120 IC 10/599 x0=0.724833 velocity_parameter=-0.565833 elapsed=26.3495s written=0
  crossing 0/250
  stopped velocity row 25 IC 10 x0=0.724833 velocity_parameter=-0.565833 status=collision: trajectory reached the configured collision radius
velocity row 25/120 IC 18/599 x0=0.726649 velocity_parameter=-0.565833 elapsed=26.6629s written=0
  crossing 0/250
  stopped velocity row 25 IC 18 x0=0.726649 velocity_parameter=-0.565833 status=collision: trajectory reached the configured collision radius
velocity row 26/120 IC 0/599 x0=0.722563 velocity_parameter=-0.549667 elapsed=26.6998s written=0
  crossing 0/250
  stopped velocity row 26 IC 0 x0=0.722563 velocity_parameter=-0.549667 status=collision: trajectory reached the configured collision radius
velocity row 26/120 IC 10/599 x0=0.724833 velocity_parameter=-0.549667 elapsed=27.1078s written=0
  crossing 0/250
  stopped velocity row 26 IC 10 x0=0.724833 velocity_parameter=-0.549667 status=collision: trajectory reached the configured collision radius
velocity row 26/120 IC 18/599 x0=0.726649 velocity_parameter=-0.549667 elapsed=27.4093s written=0
  crossing 0/250
  stopped velocity row 26 IC 18 x0=0.726649 velocity_parameter=-0.549667 status=collision: trajectory reached the configured collision radius
velocity row 27/120 IC 0/599 x0=0.722563 velocity_parameter=-0.5335 elapsed=27.444s written=0
  crossing 0/250
  stopped velocity row 27 IC 0 x0=0.722563 velocity_parameter=-0.5335 status=collision: trajectory reached the configured collision radius
velocity row 27/120 IC 10/599 x0=0.724833 velocity_parameter=-0.5335 elapsed=27.8234s written=0
  crossing 0/250
  stopped velocity row 27 IC 10 x0=0.724833 velocity_parameter=-0.5335 status=collision: trajectory reached the configured collision radius
velocity row 27/120 IC 18/599 x0=0.726649 velocity_parameter=-0.5335 elapsed=28.1765s written=0
  crossing 0/250
  stopped velocity row 27 IC 18 x0=0.726649 velocity_parameter=-0.5335 status=collision: trajectory reached the configured collision radius
velocity row 28/120 IC 0/599 x0=0.722563 velocity_parameter=-0.517333 elapsed=28.2108s written=0
  crossing 0/250
  stopped velocity row 28 IC 0 x0=0.722563 velocity_parameter=-0.517333 status=collision: trajectory reached the configured collision radius
velocity row 28/120 IC 10/599 x0=0.724833 velocity_parameter=-0.517333 elapsed=28.5875s written=0
  crossing 0/250
  stopped velocity row 28 IC 10 x0=0.724833 velocity_parameter=-0.517333 status=collision: trajectory reached the configured collision radius
velocity row 28/120 IC 18/599 x0=0.726649 velocity_parameter=-0.517333 elapsed=28.8879s written=0
  crossing 0/250
  stopped velocity row 28 IC 18 x0=0.726649 velocity_parameter=-0.517333 status=collision: trajectory reached the configured collision radius
velocity row 29/120 IC 0/599 x0=0.722563 velocity_parameter=-0.501167 elapsed=28.9215s written=0
  crossing 0/250
  stopped velocity row 29 IC 0 x0=0.722563 velocity_parameter=-0.501167 status=collision: trajectory reached the configured collision radius
velocity row 29/120 IC 10/599 x0=0.724833 velocity_parameter=-0.501167 elapsed=29.3236s written=0
  crossing 0/250
  stopped velocity row 29 IC 10 x0=0.724833 velocity_parameter=-0.501167 status=collision: trajectory reached the configured collision radius
velocity row 29/120 IC 18/599 x0=0.726649 velocity_parameter=-0.501167 elapsed=29.6323s written=0
  crossing 0/250
  stopped velocity row 29 IC 18 x0=0.726649 velocity_parameter=-0.501167 status=collision: trajectory reached the configured collision radius
velocity row 30/120 IC 0/599 x0=0.722563 velocity_parameter=-0.485 elapsed=29.6882s written=0
  crossing 0/250
  stopped velocity row 30 IC 0 x0=0.722563 velocity_parameter=-0.485 status=collision: trajectory reached the configured collision radius
velocity row 30/120 IC 10/599 x0=0.724833 velocity_parameter=-0.485 elapsed=30.1127s written=0
  crossing 0/250
  stopped velocity row 30 IC 10 x0=0.724833 velocity_parameter=-0.485 status=collision: trajectory reached the configured collision radius
velocity row 30/120 IC 18/599 x0=0.726649 velocity_parameter=-0.485 elapsed=30.4395s written=0
  crossing 0/250
  stopped velocity row 30 IC 18 x0=0.726649 velocity_parameter=-0.485 status=collision: trajectory reached the configured collision radius
velocity row 31/120 IC 0/599 x0=0.722563 velocity_parameter=-0.468833 elapsed=30.4746s written=0
  crossing 0/250
  stopped velocity row 31 IC 0 x0=0.722563 velocity_parameter=-0.468833 status=collision: trajectory reached the configured collision radius
velocity row 31/120 IC 10/599 x0=0.724833 velocity_parameter=-0.468833 elapsed=30.8267s written=0
  crossing 0/250
  stopped velocity row 31 IC 10 x0=0.724833 velocity_parameter=-0.468833 status=collision: trajectory reached the configured collision radius
velocity row 31/120 IC 18/599 x0=0.726649 velocity_parameter=-0.468833 elapsed=31.1617s written=0
  crossing 0/250
  stopped velocity row 31 IC 18 x0=0.726649 velocity_parameter=-0.468833 status=collision: trajectory reached the configured collision radius
velocity row 32/120 IC 0/599 x0=0.722563 velocity_parameter=-0.452667 elapsed=31.1953s written=0
  crossing 0/250
  stopped velocity row 32 IC 0 x0=0.722563 velocity_parameter=-0.452667 status=collision: trajectory reached the configured collision radius
velocity row 32/120 IC 10/599 x0=0.724833 velocity_parameter=-0.452667 elapsed=31.6189s written=0
  crossing 0/250
  stopped velocity row 32 IC 10 x0=0.724833 velocity_parameter=-0.452667 status=collision: trajectory reached the configured collision radius
velocity row 32/120 IC 18/599 x0=0.726649 velocity_parameter=-0.452667 elapsed=31.9127s written=0
  crossing 0/250
  stopped velocity row 32 IC 18 x0=0.726649 velocity_parameter=-0.452667 status=collision: trajectory reached the configured collision radius
velocity row 33/120 IC 0/599 x0=0.722563 velocity_parameter=-0.4365 elapsed=31.9806s written=0
  crossing 0/250
  stopped velocity row 33 IC 0 x0=0.722563 velocity_parameter=-0.4365 status=collision: trajectory reached the configured collision radius
velocity row 33/120 IC 10/599 x0=0.724833 velocity_parameter=-0.4365 elapsed=32.4168s written=0
  crossing 0/250
  stopped velocity row 33 IC 10 x0=0.724833 velocity_parameter=-0.4365 status=collision: trajectory reached the configured collision radius
velocity row 33/120 IC 18/599 x0=0.726649 velocity_parameter=-0.4365 elapsed=32.7491s written=0
  crossing 0/250
  stopped velocity row 33 IC 18 x0=0.726649 velocity_parameter=-0.4365 status=collision: trajectory reached the configured collision radius
velocity row 34/120 IC 0/599 x0=0.722563 velocity_parameter=-0.420333 elapsed=32.8006s written=0
  crossing 0/250
  stopped velocity row 34 IC 0 x0=0.722563 velocity_parameter=-0.420333 status=collision: trajectory reached the configured collision radius
velocity row 34/120 IC 10/599 x0=0.724833 velocity_parameter=-0.420333 elapsed=33.1664s written=0
  crossing 0/250
  stopped velocity row 34 IC 10 x0=0.724833 velocity_parameter=-0.420333 status=collision: trajectory reached the configured collision radius
velocity row 34/120 IC 18/599 x0=0.726649 velocity_parameter=-0.420333 elapsed=33.4719s written=0
  crossing 0/250
  stopped velocity row 34 IC 18 x0=0.726649 velocity_parameter=-0.420333 status=collision: trajectory reached the configured collision radius
velocity row 35/120 IC 0/599 x0=0.722563 velocity_parameter=-0.404167 elapsed=33.5051s written=0
  crossing 0/250
  stopped velocity row 35 IC 0 x0=0.722563 velocity_parameter=-0.404167 status=collision: trajectory reached the configured collision radius
velocity row 35/120 IC 10/599 x0=0.724833 velocity_parameter=-0.404167 elapsed=33.8691s written=0
  crossing 0/250
  stopped velocity row 35 IC 10 x0=0.724833 velocity_parameter=-0.404167 status=collision: trajectory reached the configured collision radius
velocity row 35/120 IC 18/599 x0=0.726649 velocity_parameter=-0.404167 elapsed=34.2213s written=0
  crossing 0/250
  stopped velocity row 35 IC 18 x0=0.726649 velocity_parameter=-0.404167 status=collision: trajectory reached the configured collision radius
velocity row 36/120 IC 0/599 x0=0.722563 velocity_parameter=-0.388 elapsed=34.2549s written=0
  crossing 0/250
  stopped velocity row 36 IC 0 x0=0.722563 velocity_parameter=-0.388 status=collision: trajectory reached the configured collision radius
velocity row 36/120 IC 10/599 x0=0.724833 velocity_parameter=-0.388 elapsed=34.6s written=0
  crossing 0/250
  stopped velocity row 36 IC 10 x0=0.724833 velocity_parameter=-0.388 status=collision: trajectory reached the configured collision radius
velocity row 36/120 IC 18/599 x0=0.726649 velocity_parameter=-0.388 elapsed=34.8736s written=0
  crossing 0/250
  stopped velocity row 36 IC 18 x0=0.726649 velocity_parameter=-0.388 status=collision: trajectory reached the configured collision radius
velocity row 37/120 IC 0/599 x0=0.722563 velocity_parameter=-0.371833 elapsed=34.9072s written=0
  crossing 0/250
  stopped velocity row 37 IC 0 x0=0.722563 velocity_parameter=-0.371833 status=collision: trajectory reached the configured collision radius
velocity row 37/120 IC 10/599 x0=0.724833 velocity_parameter=-0.371833 elapsed=35.2688s written=0
  crossing 0/250
  stopped velocity row 37 IC 10 x0=0.724833 velocity_parameter=-0.371833 status=collision: trajectory reached the configured collision radius
velocity row 37/120 IC 18/599 x0=0.726649 velocity_parameter=-0.371833 elapsed=35.5643s written=0
  crossing 0/250
  stopped velocity row 37 IC 18 x0=0.726649 velocity_parameter=-0.371833 status=collision: trajectory reached the configured collision radius
velocity row 38/120 IC 0/599 x0=0.722563 velocity_parameter=-0.355667 elapsed=35.5977s written=0
  crossing 0/250
  stopped velocity row 38 IC 0 x0=0.722563 velocity_parameter=-0.355667 status=collision: trajectory reached the configured collision radius
velocity row 38/120 IC 10/599 x0=0.724833 velocity_parameter=-0.355667 elapsed=35.9518s written=0
  crossing 0/250
  stopped velocity row 38 IC 10 x0=0.724833 velocity_parameter=-0.355667 status=collision: trajectory reached the configured collision radius
velocity row 38/120 IC 18/599 x0=0.726649 velocity_parameter=-0.355667 elapsed=36.2477s written=0
  crossing 0/250
  stopped velocity row 38 IC 18 x0=0.726649 velocity_parameter=-0.355667 status=collision: trajectory reached the configured collision radius
velocity row 39/120 IC 0/599 x0=0.722563 velocity_parameter=-0.3395 elapsed=36.283s written=0
  crossing 0/250
  stopped velocity row 39 IC 0 x0=0.722563 velocity_parameter=-0.3395 status=collision: trajectory reached the configured collision radius
velocity row 39/120 IC 10/599 x0=0.724833 velocity_parameter=-0.3395 elapsed=36.6466s written=0
  crossing 0/250
  stopped velocity row 39 IC 10 x0=0.724833 velocity_parameter=-0.3395 status=collision: trajectory reached the configured collision radius
velocity row 39/120 IC 18/599 x0=0.726649 velocity_parameter=-0.3395 elapsed=36.9233s written=0
  crossing 0/250
  stopped velocity row 39 IC 18 x0=0.726649 velocity_parameter=-0.3395 status=collision: trajectory reached the configured collision radius
velocity row 40/120 IC 0/599 x0=0.722563 velocity_parameter=-0.323333 elapsed=36.9564s written=0
  crossing 0/250
  stopped velocity row 40 IC 0 x0=0.722563 velocity_parameter=-0.323333 status=collision: trajectory reached the configured collision radius
velocity row 40/120 IC 10/599 x0=0.724833 velocity_parameter=-0.323333 elapsed=37.3494s written=0
  crossing 0/250
  stopped velocity row 40 IC 10 x0=0.724833 velocity_parameter=-0.323333 status=collision: trajectory reached the configured collision radius
velocity row 40/120 IC 18/599 x0=0.726649 velocity_parameter=-0.323333 elapsed=37.6362s written=0
  crossing 0/250
  stopped velocity row 40 IC 18 x0=0.726649 velocity_parameter=-0.323333 status=collision: trajectory reached the configured collision radius
velocity row 41/120 IC 0/599 x0=0.722563 velocity_parameter=-0.307167 elapsed=37.6963s written=0
  crossing 0/250
  stopped velocity row 41 IC 0 x0=0.722563 velocity_parameter=-0.307167 status=collision: trajectory reached the configured collision radius
velocity row 41/120 IC 10/599 x0=0.724833 velocity_parameter=-0.307167 elapsed=38.0425s written=0
  crossing 0/250
  stopped velocity row 41 IC 10 x0=0.724833 velocity_parameter=-0.307167 status=collision: trajectory reached the configured collision radius
velocity row 41/120 IC 18/599 x0=0.726649 velocity_parameter=-0.307167 elapsed=38.339s written=0
  crossing 0/250
  stopped velocity row 41 IC 18 x0=0.726649 velocity_parameter=-0.307167 status=collision: trajectory reached the configured collision radius
velocity row 42/120 IC 0/599 x0=0.722563 velocity_parameter=-0.291 elapsed=38.4027s written=0
  crossing 0/250
  stopped velocity row 42 IC 0 x0=0.722563 velocity_parameter=-0.291 status=collision: trajectory reached the configured collision radius
velocity row 42/120 IC 10/599 x0=0.724833 velocity_parameter=-0.291 elapsed=38.7703s written=0
  crossing 0/250
  stopped velocity row 42 IC 10 x0=0.724833 velocity_parameter=-0.291 status=collision: trajectory reached the configured collision radius
velocity row 42/120 IC 18/599 x0=0.726649 velocity_parameter=-0.291 elapsed=39.1165s written=0
  crossing 0/250
  stopped velocity row 42 IC 18 x0=0.726649 velocity_parameter=-0.291 status=collision: trajectory reached the configured collision radius
velocity row 43/120 IC 0/599 x0=0.722563 velocity_parameter=-0.274833 elapsed=39.1782s written=0
  crossing 0/250
  stopped velocity row 43 IC 0 x0=0.722563 velocity_parameter=-0.274833 status=collision: trajectory reached the configured collision radius
velocity row 43/120 IC 10/599 x0=0.724833 velocity_parameter=-0.274833 elapsed=39.576s written=0
  crossing 0/250
  stopped velocity row 43 IC 10 x0=0.724833 velocity_parameter=-0.274833 status=collision: trajectory reached the configured collision radius
velocity row 43/120 IC 18/599 x0=0.726649 velocity_parameter=-0.274833 elapsed=39.8512s written=0
  crossing 0/250
  stopped velocity row 43 IC 18 x0=0.726649 velocity_parameter=-0.274833 status=collision: trajectory reached the configured collision radius
velocity row 44/120 IC 0/599 x0=0.722563 velocity_parameter=-0.258667 elapsed=39.8935s written=0
  crossing 0/250
  stopped velocity row 44 IC 0 x0=0.722563 velocity_parameter=-0.258667 status=collision: trajectory reached the configured collision radius
velocity row 44/120 IC 10/599 x0=0.724833 velocity_parameter=-0.258667 elapsed=40.2736s written=0
  crossing 0/250
  stopped velocity row 44 IC 10 x0=0.724833 velocity_parameter=-0.258667 status=collision: trajectory reached the configured collision radius
velocity row 44/120 IC 18/599 x0=0.726649 velocity_parameter=-0.258667 elapsed=40.5511s written=0
  crossing 0/250
  stopped velocity row 44 IC 18 x0=0.726649 velocity_parameter=-0.258667 status=collision: trajectory reached the configured collision radius
velocity row 45/120 IC 0/599 x0=0.722563 velocity_parameter=-0.2425 elapsed=40.5845s written=0
  crossing 0/250
  stopped velocity row 45 IC 0 x0=0.722563 velocity_parameter=-0.2425 status=collision: trajectory reached the configured collision radius
velocity row 45/120 IC 10/599 x0=0.724833 velocity_parameter=-0.2425 elapsed=40.9944s written=0
  crossing 0/250
  stopped velocity row 45 IC 10 x0=0.724833 velocity_parameter=-0.2425 status=collision: trajectory reached the configured collision radius
velocity row 45/120 IC 18/599 x0=0.726649 velocity_parameter=-0.2425 elapsed=41.3315s written=0
  crossing 0/250
  stopped velocity row 45 IC 18 x0=0.726649 velocity_parameter=-0.2425 status=collision: trajectory reached the configured collision radius
velocity row 46/120 IC 0/599 x0=0.722563 velocity_parameter=-0.226333 elapsed=41.3699s written=0
  crossing 0/250
  stopped velocity row 46 IC 0 x0=0.722563 velocity_parameter=-0.226333 status=collision: trajectory reached the configured collision radius
velocity row 46/120 IC 10/599 x0=0.724833 velocity_parameter=-0.226333 elapsed=41.7574s written=0
  crossing 0/250
  stopped velocity row 46 IC 10 x0=0.724833 velocity_parameter=-0.226333 status=collision: trajectory reached the configured collision radius
velocity row 46/120 IC 18/599 x0=0.726649 velocity_parameter=-0.226333 elapsed=42.0755s written=0
  crossing 0/250
  stopped velocity row 46 IC 18 x0=0.726649 velocity_parameter=-0.226333 status=collision: trajectory reached the configured collision radius
velocity row 47/120 IC 0/599 x0=0.722563 velocity_parameter=-0.210167 elapsed=42.1306s written=0
  crossing 0/250
  stopped velocity row 47 IC 0 x0=0.722563 velocity_parameter=-0.210167 status=collision: trajectory reached the configured collision radius
velocity row 47/120 IC 10/599 x0=0.724833 velocity_parameter=-0.210167 elapsed=42.5475s written=0
  crossing 0/250
  stopped velocity row 47 IC 10 x0=0.724833 velocity_parameter=-0.210167 status=collision: trajectory reached the configured collision radius
velocity row 47/120 IC 18/599 x0=0.726649 velocity_parameter=-0.210167 elapsed=42.919s written=0
  crossing 0/250
  stopped velocity row 47 IC 18 x0=0.726649 velocity_parameter=-0.210167 status=collision: trajectory reached the configured collision radius
velocity row 48/120 IC 0/599 x0=0.722563 velocity_parameter=-0.194 elapsed=42.9602s written=0
  crossing 0/250
  stopped velocity row 48 IC 0 x0=0.722563 velocity_parameter=-0.194 status=collision: trajectory reached the configured collision radius
velocity row 48/120 IC 10/599 x0=0.724833 velocity_parameter=-0.194 elapsed=43.324s written=0
  crossing 0/250
  stopped velocity row 48 IC 10 x0=0.724833 velocity_parameter=-0.194 status=collision: trajectory reached the configured collision radius
velocity row 48/120 IC 18/599 x0=0.726649 velocity_parameter=-0.194 elapsed=43.6571s written=0
  crossing 0/250
  stopped velocity row 48 IC 18 x0=0.726649 velocity_parameter=-0.194 status=collision: trajectory reached the configured collision radius
velocity row 49/120 IC 0/599 x0=0.722563 velocity_parameter=-0.177833 elapsed=43.6908s written=0
  crossing 0/250
  stopped velocity row 49 IC 0 x0=0.722563 velocity_parameter=-0.177833 status=collision: trajectory reached the configured collision radius
velocity row 49/120 IC 10/599 x0=0.724833 velocity_parameter=-0.177833 elapsed=44.0641s written=0
  crossing 0/250
  stopped velocity row 49 IC 10 x0=0.724833 velocity_parameter=-0.177833 status=collision: trajectory reached the configured collision radius
velocity row 49/120 IC 18/599 x0=0.726649 velocity_parameter=-0.177833 elapsed=44.3871s written=0
  crossing 0/250
  stopped velocity row 49 IC 18 x0=0.726649 velocity_parameter=-0.177833 status=collision: trajectory reached the configured collision radius
velocity row 50/120 IC 0/599 x0=0.722563 velocity_parameter=-0.161667 elapsed=44.4198s written=0
  crossing 0/250
  stopped velocity row 50 IC 0 x0=0.722563 velocity_parameter=-0.161667 status=collision: trajectory reached the configured collision radius
velocity row 50/120 IC 10/599 x0=0.724833 velocity_parameter=-0.161667 elapsed=44.7487s written=0
  crossing 0/250
  stopped velocity row 50 IC 10 x0=0.724833 velocity_parameter=-0.161667 status=collision: trajectory reached the configured collision radius
velocity row 50/120 IC 18/599 x0=0.726649 velocity_parameter=-0.161667 elapsed=45.0362s written=0
  crossing 0/250
  stopped velocity row 50 IC 18 x0=0.726649 velocity_parameter=-0.161667 status=collision: trajectory reached the configured collision radius
velocity row 51/120 IC 0/599 x0=0.722563 velocity_parameter=-0.1455 elapsed=45.069s written=0
  crossing 0/250
  stopped velocity row 51 IC 0 x0=0.722563 velocity_parameter=-0.1455 status=collision: trajectory reached the configured collision radius
velocity row 51/120 IC 10/599 x0=0.724833 velocity_parameter=-0.1455 elapsed=45.4755s written=0
  crossing 0/250
  stopped velocity row 51 IC 10 x0=0.724833 velocity_parameter=-0.1455 status=collision: trajectory reached the configured collision radius
velocity row 51/120 IC 18/599 x0=0.726649 velocity_parameter=-0.1455 elapsed=45.764s written=0
  crossing 0/250
  stopped velocity row 51 IC 18 x0=0.726649 velocity_parameter=-0.1455 status=collision: trajectory reached the configured collision radius
velocity row 52/120 IC 0/599 x0=0.722563 velocity_parameter=-0.129333 elapsed=45.7971s written=0
  crossing 0/250
  stopped velocity row 52 IC 0 x0=0.722563 velocity_parameter=-0.129333 status=collision: trajectory reached the configured collision radius
velocity row 52/120 IC 10/599 x0=0.724833 velocity_parameter=-0.129333 elapsed=46.1551s written=0
  crossing 0/250
  stopped velocity row 52 IC 10 x0=0.724833 velocity_parameter=-0.129333 status=collision: trajectory reached the configured collision radius
velocity row 52/120 IC 18/599 x0=0.726649 velocity_parameter=-0.129333 elapsed=46.4769s written=0
  crossing 0/250
  stopped velocity row 52 IC 18 x0=0.726649 velocity_parameter=-0.129333 status=collision: trajectory reached the configured collision radius
velocity row 53/120 IC 0/599 x0=0.722563 velocity_parameter=-0.113167 elapsed=46.5099s written=0
  crossing 0/250
  stopped velocity row 53 IC 0 x0=0.722563 velocity_parameter=-0.113167 status=collision: trajectory reached the configured collision radius
velocity row 53/120 IC 10/599 x0=0.724833 velocity_parameter=-0.113167 elapsed=46.8701s written=0
  crossing 0/250
  stopped velocity row 53 IC 10 x0=0.724833 velocity_parameter=-0.113167 status=collision: trajectory reached the configured collision radius
velocity row 53/120 IC 18/599 x0=0.726649 velocity_parameter=-0.113167 elapsed=47.1422s written=0
  crossing 0/250
  stopped velocity row 53 IC 18 x0=0.726649 velocity_parameter=-0.113167 status=collision: trajectory reached the configured collision radius
velocity row 54/120 IC 0/599 x0=0.722563 velocity_parameter=-0.097 elapsed=47.1748s written=0
  crossing 0/250
  stopped velocity row 54 IC 0 x0=0.722563 velocity_parameter=-0.097 status=collision: trajectory reached the configured collision radius
velocity row 54/120 IC 10/599 x0=0.724833 velocity_parameter=-0.097 elapsed=47.5588s written=0
  crossing 0/250
  stopped velocity row 54 IC 10 x0=0.724833 velocity_parameter=-0.097 status=collision: trajectory reached the configured collision radius
velocity row 54/120 IC 18/599 x0=0.726649 velocity_parameter=-0.097 elapsed=47.8433s written=0
  crossing 0/250
  stopped velocity row 54 IC 18 x0=0.726649 velocity_parameter=-0.097 status=collision: trajectory reached the configured collision radius
velocity row 55/120 IC 0/599 x0=0.722563 velocity_parameter=-0.0808333 elapsed=47.8759s written=0
  crossing 0/250
  stopped velocity row 55 IC 0 x0=0.722563 velocity_parameter=-0.0808333 status=collision: trajectory reached the configured collision radius
velocity row 55/120 IC 10/599 x0=0.724833 velocity_parameter=-0.0808333 elapsed=48.2734s written=0
  crossing 0/250
  stopped velocity row 55 IC 10 x0=0.724833 velocity_parameter=-0.0808333 status=collision: trajectory reached the configured collision radius
velocity row 55/120 IC 18/599 x0=0.726649 velocity_parameter=-0.0808333 elapsed=48.5465s written=0
  crossing 0/250
  stopped velocity row 55 IC 18 x0=0.726649 velocity_parameter=-0.0808333 status=collision: trajectory reached the configured collision radius
velocity row 56/120 IC 0/599 x0=0.722563 velocity_parameter=-0.0646667 elapsed=48.5822s written=0
  crossing 0/250
  stopped velocity row 56 IC 0 x0=0.722563 velocity_parameter=-0.0646667 status=collision: trajectory reached the configured collision radius
velocity row 56/120 IC 10/599 x0=0.724833 velocity_parameter=-0.0646667 elapsed=48.9345s written=0
  crossing 0/250
  stopped velocity row 56 IC 10 x0=0.724833 velocity_parameter=-0.0646667 status=collision: trajectory reached the configured collision radius
velocity row 56/120 IC 18/599 x0=0.726649 velocity_parameter=-0.0646667 elapsed=49.2157s written=0
  crossing 0/250
  stopped velocity row 56 IC 18 x0=0.726649 velocity_parameter=-0.0646667 status=collision: trajectory reached the configured collision radius
velocity row 57/120 IC 0/599 x0=0.722563 velocity_parameter=-0.0485 elapsed=49.2488s written=0
  crossing 0/250
  stopped velocity row 57 IC 0 x0=0.722563 velocity_parameter=-0.0485 status=collision: trajectory reached the configured collision radius
velocity row 57/120 IC 10/599 x0=0.724833 velocity_parameter=-0.0485 elapsed=49.594s written=0
  crossing 0/250
  stopped velocity row 57 IC 10 x0=0.724833 velocity_parameter=-0.0485 status=collision: trajectory reached the configured collision radius
velocity row 57/120 IC 18/599 x0=0.726649 velocity_parameter=-0.0485 elapsed=49.9296s written=0
  crossing 0/250
  stopped velocity row 57 IC 18 x0=0.726649 velocity_parameter=-0.0485 status=collision: trajectory reached the configured collision radius
velocity row 58/120 IC 0/599 x0=0.722563 velocity_parameter=-0.0323333 elapsed=49.967s written=0
  crossing 0/250
  stopped velocity row 58 IC 0 x0=0.722563 velocity_parameter=-0.0323333 status=collision: trajectory reached the configured collision radius
velocity row 58/120 IC 10/599 x0=0.724833 velocity_parameter=-0.0323333 elapsed=50.3886s written=0
  crossing 0/250
  stopped velocity row 58 IC 10 x0=0.724833 velocity_parameter=-0.0323333 status=collision: trajectory reached the configured collision radius
velocity row 58/120 IC 18/599 x0=0.726649 velocity_parameter=-0.0323333 elapsed=50.7047s written=0
  crossing 0/250
  stopped velocity row 58 IC 18 x0=0.726649 velocity_parameter=-0.0323333 status=collision: trajectory reached the configured collision radius
velocity row 59/120 IC 0/599 x0=0.722563 velocity_parameter=-0.0161667 elapsed=50.7377s written=0
  crossing 0/250
  stopped velocity row 59 IC 0 x0=0.722563 velocity_parameter=-0.0161667 status=collision: trajectory reached the configured collision radius
velocity row 59/120 IC 10/599 x0=0.724833 velocity_parameter=-0.0161667 elapsed=51.1448s written=0
  crossing 0/250
  stopped velocity row 59 IC 10 x0=0.724833 velocity_parameter=-0.0161667 status=collision: trajectory reached the configured collision radius
velocity row 59/120 IC 18/599 x0=0.726649 velocity_parameter=-0.0161667 elapsed=51.4234s written=0
  crossing 0/250
  stopped velocity row 59 IC 18 x0=0.726649 velocity_parameter=-0.0161667 status=collision: trajectory reached the configured collision radius
velocity row 60/120 IC 0/599 x0=0.722563 velocity_parameter=0 elapsed=51.4567s written=0
  crossing 0/250
  stopped velocity row 60 IC 0 x0=0.722563 velocity_parameter=0 status=collision: trajectory reached the configured collision radius
velocity row 60/120 IC 10/599 x0=0.724833 velocity_parameter=0 elapsed=51.8439s written=0
  crossing 0/250
  stopped velocity row 60 IC 10 x0=0.724833 velocity_parameter=0 status=collision: trajectory reached the configured collision radius
velocity row 60/120 IC 18/599 x0=0.726649 velocity_parameter=0 elapsed=52.191s written=0
  crossing 0/250
  stopped velocity row 60 IC 18 x0=0.726649 velocity_parameter=0 status=collision: trajectory reached the configured collision radius
velocity row 61/120 IC 0/599 x0=0.722563 velocity_parameter=0.0161667 elapsed=52.2241s written=0
  crossing 0/250
  stopped velocity row 61 IC 0 x0=0.722563 velocity_parameter=0.0161667 status=collision: trajectory reached the configured collision radius
velocity row 61/120 IC 10/599 x0=0.724833 velocity_parameter=0.0161667 elapsed=52.5606s written=0
  crossing 0/250
  stopped velocity row 61 IC 10 x0=0.724833 velocity_parameter=0.0161667 status=collision: trajectory reached the configured collision radius
velocity row 61/120 IC 18/599 x0=0.726649 velocity_parameter=0.0161667 elapsed=52.8259s written=0
  crossing 0/250
  stopped velocity row 61 IC 18 x0=0.726649 velocity_parameter=0.0161667 status=collision: trajectory reached the configured collision radius
velocity row 62/120 IC 0/599 x0=0.722563 velocity_parameter=0.0323333 elapsed=52.8676s written=0
  crossing 0/250
  stopped velocity row 62 IC 0 x0=0.722563 velocity_parameter=0.0323333 status=collision: trajectory reached the configured collision radius
velocity row 62/120 IC 10/599 x0=0.724833 velocity_parameter=0.0323333 elapsed=53.2384s written=0
  crossing 0/250
  stopped velocity row 62 IC 10 x0=0.724833 velocity_parameter=0.0323333 status=collision: trajectory reached the configured collision radius
velocity row 62/120 IC 18/599 x0=0.726649 velocity_parameter=0.0323333 elapsed=53.5418s written=0
  crossing 0/250
  stopped velocity row 62 IC 18 x0=0.726649 velocity_parameter=0.0323333 status=collision: trajectory reached the configured collision radius
velocity row 63/120 IC 0/599 x0=0.722563 velocity_parameter=0.0485 elapsed=53.5763s written=0
  crossing 0/250
  stopped velocity row 63 IC 0 x0=0.722563 velocity_parameter=0.0485 status=collision: trajectory reached the configured collision radius
velocity row 63/120 IC 10/599 x0=0.724833 velocity_parameter=0.0485 elapsed=53.9663s written=0
  crossing 0/250
  stopped velocity row 63 IC 10 x0=0.724833 velocity_parameter=0.0485 status=collision: trajectory reached the configured collision radius
velocity row 63/120 IC 18/599 x0=0.726649 velocity_parameter=0.0485 elapsed=54.2582s written=0
  crossing 0/250
  stopped velocity row 63 IC 18 x0=0.726649 velocity_parameter=0.0485 status=collision: trajectory reached the configured collision radius
velocity row 64/120 IC 0/599 x0=0.722563 velocity_parameter=0.0646667 elapsed=54.2939s written=0
  crossing 0/250
  stopped velocity row 64 IC 0 x0=0.722563 velocity_parameter=0.0646667 status=collision: trajectory reached the configured collision radius
velocity row 64/120 IC 10/599 x0=0.724833 velocity_parameter=0.0646667 elapsed=54.6931s written=0
  crossing 0/250
  stopped velocity row 64 IC 10 x0=0.724833 velocity_parameter=0.0646667 status=collision: trajectory reached the configured collision radius
velocity row 64/120 IC 18/599 x0=0.726649 velocity_parameter=0.0646667 elapsed=54.9963s written=0
  crossing 0/250
  stopped velocity row 64 IC 18 x0=0.726649 velocity_parameter=0.0646667 status=collision: trajectory reached the configured collision radius
velocity row 65/120 IC 0/599 x0=0.722563 velocity_parameter=0.0808333 elapsed=55.0311s written=0
  crossing 0/250
  stopped velocity row 65 IC 0 x0=0.722563 velocity_parameter=0.0808333 status=collision: trajectory reached the configured collision radius
velocity row 65/120 IC 10/599 x0=0.724833 velocity_parameter=0.0808333 elapsed=55.3951s written=0
  crossing 0/250
  stopped velocity row 65 IC 10 x0=0.724833 velocity_parameter=0.0808333 status=collision: trajectory reached the configured collision radius
velocity row 65/120 IC 18/599 x0=0.726649 velocity_parameter=0.0808333 elapsed=55.7326s written=0
  crossing 0/250
  stopped velocity row 65 IC 18 x0=0.726649 velocity_parameter=0.0808333 status=collision: trajectory reached the configured collision radius
velocity row 66/120 IC 0/599 x0=0.722563 velocity_parameter=0.097 elapsed=55.7944s written=0
  crossing 0/250
  stopped velocity row 66 IC 0 x0=0.722563 velocity_parameter=0.097 status=collision: trajectory reached the configured collision radius
velocity row 66/120 IC 10/599 x0=0.724833 velocity_parameter=0.097 elapsed=56.263s written=0
  crossing 0/250
  stopped velocity row 66 IC 10 x0=0.724833 velocity_parameter=0.097 status=collision: trajectory reached the configured collision radius
velocity row 66/120 IC 18/599 x0=0.726649 velocity_parameter=0.097 elapsed=56.5326s written=0
  crossing 0/250
  stopped velocity row 66 IC 18 x0=0.726649 velocity_parameter=0.097 status=collision: trajectory reached the configured collision radius
velocity row 67/120 IC 0/599 x0=0.722563 velocity_parameter=0.113167 elapsed=56.5664s written=0
  crossing 0/250
  stopped velocity row 67 IC 0 x0=0.722563 velocity_parameter=0.113167 status=collision: trajectory reached the configured collision radius
velocity row 67/120 IC 10/599 x0=0.724833 velocity_parameter=0.113167 elapsed=56.904s written=0
  crossing 0/250
  stopped velocity row 67 IC 10 x0=0.724833 velocity_parameter=0.113167 status=collision: trajectory reached the configured collision radius
velocity row 67/120 IC 18/599 x0=0.726649 velocity_parameter=0.113167 elapsed=57.1824s written=0
  crossing 0/250
  stopped velocity row 67 IC 18 x0=0.726649 velocity_parameter=0.113167 status=collision: trajectory reached the configured collision radius
velocity row 68/120 IC 0/599 x0=0.722563 velocity_parameter=0.129333 elapsed=57.2159s written=0
  crossing 0/250
  stopped velocity row 68 IC 0 x0=0.722563 velocity_parameter=0.129333 status=collision: trajectory reached the configured collision radius
velocity row 68/120 IC 10/599 x0=0.724833 velocity_parameter=0.129333 elapsed=57.5693s written=0
  crossing 0/250
  stopped velocity row 68 IC 10 x0=0.724833 velocity_parameter=0.129333 status=collision: trajectory reached the configured collision radius
velocity row 68/120 IC 18/599 x0=0.726649 velocity_parameter=0.129333 elapsed=57.8643s written=0
  crossing 0/250
  stopped velocity row 68 IC 18 x0=0.726649 velocity_parameter=0.129333 status=collision: trajectory reached the configured collision radius
velocity row 69/120 IC 0/599 x0=0.722563 velocity_parameter=0.1455 elapsed=57.8973s written=0
  crossing 0/250
  stopped velocity row 69 IC 0 x0=0.722563 velocity_parameter=0.1455 status=collision: trajectory reached the configured collision radius
velocity row 69/120 IC 10/599 x0=0.724833 velocity_parameter=0.1455 elapsed=58.267s written=0
  crossing 0/250
  stopped velocity row 69 IC 10 x0=0.724833 velocity_parameter=0.1455 status=collision: trajectory reached the configured collision radius
velocity row 69/120 IC 18/599 x0=0.726649 velocity_parameter=0.1455 elapsed=58.5545s written=0
  crossing 0/250
  stopped velocity row 69 IC 18 x0=0.726649 velocity_parameter=0.1455 status=collision: trajectory reached the configured collision radius
velocity row 70/120 IC 0/599 x0=0.722563 velocity_parameter=0.161667 elapsed=58.5892s written=0
  crossing 0/250
  stopped velocity row 70 IC 0 x0=0.722563 velocity_parameter=0.161667 status=collision: trajectory reached the configured collision radius
velocity row 70/120 IC 10/599 x0=0.724833 velocity_parameter=0.161667 elapsed=58.9349s written=0
  crossing 0/250
  stopped velocity row 70 IC 10 x0=0.724833 velocity_parameter=0.161667 status=collision: trajectory reached the configured collision radius
velocity row 70/120 IC 18/599 x0=0.726649 velocity_parameter=0.161667 elapsed=59.2274s written=0
  crossing 0/250
  stopped velocity row 70 IC 18 x0=0.726649 velocity_parameter=0.161667 status=collision: trajectory reached the configured collision radius
velocity row 71/120 IC 0/599 x0=0.722563 velocity_parameter=0.177833 elapsed=59.2622s written=0
  crossing 0/250
  stopped velocity row 71 IC 0 x0=0.722563 velocity_parameter=0.177833 status=collision: trajectory reached the configured collision radius
velocity row 71/120 IC 10/599 x0=0.724833 velocity_parameter=0.177833 elapsed=59.6335s written=0
  crossing 0/250
  stopped velocity row 71 IC 10 x0=0.724833 velocity_parameter=0.177833 status=collision: trajectory reached the configured collision radius
velocity row 71/120 IC 18/599 x0=0.726649 velocity_parameter=0.177833 elapsed=59.9126s written=0
  crossing 0/250
  stopped velocity row 71 IC 18 x0=0.726649 velocity_parameter=0.177833 status=collision: trajectory reached the configured collision radius
velocity row 72/120 IC 0/599 x0=0.722563 velocity_parameter=0.194 elapsed=59.9461s written=0
  crossing 0/250
  stopped velocity row 72 IC 0 x0=0.722563 velocity_parameter=0.194 status=collision: trajectory reached the configured collision radius
velocity row 72/120 IC 10/599 x0=0.724833 velocity_parameter=0.194 elapsed=60.3041s written=0
  crossing 0/250
  stopped velocity row 72 IC 10 x0=0.724833 velocity_parameter=0.194 status=collision: trajectory reached the configured collision radius
velocity row 72/120 IC 18/599 x0=0.726649 velocity_parameter=0.194 elapsed=60.5986s written=0
  crossing 0/250
  stopped velocity row 72 IC 18 x0=0.726649 velocity_parameter=0.194 status=collision: trajectory reached the configured collision radius
velocity row 73/120 IC 0/599 x0=0.722563 velocity_parameter=0.210167 elapsed=60.6317s written=0
  crossing 0/250
  stopped velocity row 73 IC 0 x0=0.722563 velocity_parameter=0.210167 status=collision: trajectory reached the configured collision radius
velocity row 73/120 IC 10/599 x0=0.724833 velocity_parameter=0.210167 elapsed=60.9937s written=0
  crossing 0/250
  stopped velocity row 73 IC 10 x0=0.724833 velocity_parameter=0.210167 status=collision: trajectory reached the configured collision radius
velocity row 73/120 IC 18/599 x0=0.726649 velocity_parameter=0.210167 elapsed=61.3082s written=0
  crossing 0/250
  stopped velocity row 73 IC 18 x0=0.726649 velocity_parameter=0.210167 status=collision: trajectory reached the configured collision radius
velocity row 74/120 IC 0/599 x0=0.722563 velocity_parameter=0.226333 elapsed=61.3415s written=0
  crossing 0/250
  stopped velocity row 74 IC 0 x0=0.722563 velocity_parameter=0.226333 status=collision: trajectory reached the configured collision radius
velocity row 74/120 IC 10/599 x0=0.724833 velocity_parameter=0.226333 elapsed=61.6868s written=0
  crossing 0/250
  stopped velocity row 74 IC 10 x0=0.724833 velocity_parameter=0.226333 status=collision: trajectory reached the configured collision radius
velocity row 74/120 IC 18/599 x0=0.726649 velocity_parameter=0.226333 elapsed=61.9545s written=0
  crossing 0/250
  stopped velocity row 74 IC 18 x0=0.726649 velocity_parameter=0.226333 status=collision: trajectory reached the configured collision radius
velocity row 75/120 IC 0/599 x0=0.722563 velocity_parameter=0.2425 elapsed=61.9875s written=0
  crossing 0/250
  stopped velocity row 75 IC 0 x0=0.722563 velocity_parameter=0.2425 status=collision: trajectory reached the configured collision radius
velocity row 75/120 IC 10/599 x0=0.724833 velocity_parameter=0.2425 elapsed=62.3494s written=0
  crossing 0/250
  stopped velocity row 75 IC 10 x0=0.724833 velocity_parameter=0.2425 status=collision: trajectory reached the configured collision radius
velocity row 75/120 IC 18/599 x0=0.726649 velocity_parameter=0.2425 elapsed=62.6139s written=0
  crossing 0/250
  stopped velocity row 75 IC 18 x0=0.726649 velocity_parameter=0.2425 status=collision: trajectory reached the configured collision radius
velocity row 76/120 IC 0/599 x0=0.722563 velocity_parameter=0.258667 elapsed=62.6597s written=0
  crossing 0/250
  stopped velocity row 76 IC 0 x0=0.722563 velocity_parameter=0.258667 status=collision: trajectory reached the configured collision radius
velocity row 76/120 IC 10/599 x0=0.724833 velocity_parameter=0.258667 elapsed=63.0128s written=0
  crossing 0/250
  stopped velocity row 76 IC 10 x0=0.724833 velocity_parameter=0.258667 status=collision: trajectory reached the configured collision radius
velocity row 76/120 IC 18/599 x0=0.726649 velocity_parameter=0.258667 elapsed=63.3641s written=0
  crossing 0/250
  stopped velocity row 76 IC 18 x0=0.726649 velocity_parameter=0.258667 status=collision: trajectory reached the configured collision radius
velocity row 77/120 IC 0/599 x0=0.722563 velocity_parameter=0.274833 elapsed=63.3975s written=0
  crossing 0/250
  stopped velocity row 77 IC 0 x0=0.722563 velocity_parameter=0.274833 status=collision: trajectory reached the configured collision radius
velocity row 77/120 IC 10/599 x0=0.724833 velocity_parameter=0.274833 elapsed=63.7959s written=0
  crossing 0/250
  stopped velocity row 77 IC 10 x0=0.724833 velocity_parameter=0.274833 status=collision: trajectory reached the configured collision radius
velocity row 77/120 IC 18/599 x0=0.726649 velocity_parameter=0.274833 elapsed=64.075s written=0
  crossing 0/250
  stopped velocity row 77 IC 18 x0=0.726649 velocity_parameter=0.274833 status=collision: trajectory reached the configured collision radius
velocity row 78/120 IC 0/599 x0=0.722563 velocity_parameter=0.291 elapsed=64.1081s written=0
  crossing 0/250
  stopped velocity row 78 IC 0 x0=0.722563 velocity_parameter=0.291 status=collision: trajectory reached the configured collision radius
velocity row 78/120 IC 10/599 x0=0.724833 velocity_parameter=0.291 elapsed=64.455s written=0
  crossing 0/250
  stopped velocity row 78 IC 10 x0=0.724833 velocity_parameter=0.291 status=collision: trajectory reached the configured collision radius
velocity row 78/120 IC 18/599 x0=0.726649 velocity_parameter=0.291 elapsed=64.7442s written=0
  crossing 0/250
  stopped velocity row 78 IC 18 x0=0.726649 velocity_parameter=0.291 status=collision: trajectory reached the configured collision radius
velocity row 79/120 IC 0/599 x0=0.722563 velocity_parameter=0.307167 elapsed=64.7774s written=0
  crossing 0/250
  stopped velocity row 79 IC 0 x0=0.722563 velocity_parameter=0.307167 status=collision: trajectory reached the configured collision radius
velocity row 79/120 IC 10/599 x0=0.724833 velocity_parameter=0.307167 elapsed=65.1261s written=0
  crossing 0/250
  stopped velocity row 79 IC 10 x0=0.724833 velocity_parameter=0.307167 status=collision: trajectory reached the configured collision radius
velocity row 79/120 IC 18/599 x0=0.726649 velocity_parameter=0.307167 elapsed=65.3977s written=0
  crossing 0/250
  stopped velocity row 79 IC 18 x0=0.726649 velocity_parameter=0.307167 status=collision: trajectory reached the configured collision radius
velocity row 80/120 IC 0/599 x0=0.722563 velocity_parameter=0.323333 elapsed=65.4313s written=0
  crossing 0/250
  stopped velocity row 80 IC 0 x0=0.722563 velocity_parameter=0.323333 status=collision: trajectory reached the configured collision radius
velocity row 80/120 IC 10/599 x0=0.724833 velocity_parameter=0.323333 elapsed=65.7782s written=0
  crossing 0/250
  stopped velocity row 80 IC 10 x0=0.724833 velocity_parameter=0.323333 status=collision: trajectory reached the configured collision radius
velocity row 80/120 IC 18/599 x0=0.726649 velocity_parameter=0.323333 elapsed=66.0592s written=0
  crossing 0/250
  stopped velocity row 80 IC 18 x0=0.726649 velocity_parameter=0.323333 status=collision: trajectory reached the configured collision radius
velocity row 81/120 IC 0/599 x0=0.722563 velocity_parameter=0.3395 elapsed=66.0932s written=0
  crossing 0/250
  stopped velocity row 81 IC 0 x0=0.722563 velocity_parameter=0.3395 status=collision: trajectory reached the configured collision radius
velocity row 81/120 IC 10/599 x0=0.724833 velocity_parameter=0.3395 elapsed=66.4318s written=0
  crossing 0/250
  stopped velocity row 81 IC 10 x0=0.724833 velocity_parameter=0.3395 status=collision: trajectory reached the configured collision radius
velocity row 81/120 IC 18/599 x0=0.726649 velocity_parameter=0.3395 elapsed=66.6991s written=0
  crossing 0/250
  stopped velocity row 81 IC 18 x0=0.726649 velocity_parameter=0.3395 status=collision: trajectory reached the configured collision radius
velocity row 82/120 IC 0/599 x0=0.722563 velocity_parameter=0.355667 elapsed=66.7509s written=0
  crossing 0/250
  stopped velocity row 82 IC 0 x0=0.722563 velocity_parameter=0.355667 status=collision: trajectory reached the configured collision radius
velocity row 82/120 IC 10/599 x0=0.724833 velocity_parameter=0.355667 elapsed=67.0886s written=0
  crossing 0/250
  stopped velocity row 82 IC 10 x0=0.724833 velocity_parameter=0.355667 status=collision: trajectory reached the configured collision radius
velocity row 82/120 IC 18/599 x0=0.726649 velocity_parameter=0.355667 elapsed=67.37s written=0
  crossing 0/250
  stopped velocity row 82 IC 18 x0=0.726649 velocity_parameter=0.355667 status=collision: trajectory reached the configured collision radius
velocity row 83/120 IC 0/599 x0=0.722563 velocity_parameter=0.371833 elapsed=67.4028s written=0
  crossing 0/250
  stopped velocity row 83 IC 0 x0=0.722563 velocity_parameter=0.371833 status=collision: trajectory reached the configured collision radius
velocity row 83/120 IC 10/599 x0=0.724833 velocity_parameter=0.371833 elapsed=67.7369s written=0
  crossing 0/250
  stopped velocity row 83 IC 10 x0=0.724833 velocity_parameter=0.371833 status=collision: trajectory reached the configured collision radius
velocity row 83/120 IC 18/599 x0=0.726649 velocity_parameter=0.371833 elapsed=67.9947s written=0
  crossing 0/250
  stopped velocity row 83 IC 18 x0=0.726649 velocity_parameter=0.371833 status=collision: trajectory reached the configured collision radius
velocity row 84/120 IC 0/599 x0=0.722563 velocity_parameter=0.388 elapsed=68.0273s written=0
  crossing 0/250
  stopped velocity row 84 IC 0 x0=0.722563 velocity_parameter=0.388 status=collision: trajectory reached the configured collision radius
velocity row 84/120 IC 10/599 x0=0.724833 velocity_parameter=0.388 elapsed=68.3567s written=0
  crossing 0/250
  stopped velocity row 84 IC 10 x0=0.724833 velocity_parameter=0.388 status=collision: trajectory reached the configured collision radius
velocity row 84/120 IC 18/599 x0=0.726649 velocity_parameter=0.388 elapsed=68.6171s written=0
  crossing 0/250
  stopped velocity row 84 IC 18 x0=0.726649 velocity_parameter=0.388 status=collision: trajectory reached the configured collision radius
velocity row 85/120 IC 0/599 x0=0.722563 velocity_parameter=0.404167 elapsed=68.6508s written=0
  crossing 0/250
  stopped velocity row 85 IC 0 x0=0.722563 velocity_parameter=0.404167 status=collision: trajectory reached the configured collision radius
velocity row 85/120 IC 10/599 x0=0.724833 velocity_parameter=0.404167 elapsed=68.9876s written=0
  crossing 0/250
  stopped velocity row 85 IC 10 x0=0.724833 velocity_parameter=0.404167 status=collision: trajectory reached the configured collision radius
velocity row 85/120 IC 18/599 x0=0.726649 velocity_parameter=0.404167 elapsed=69.2671s written=0
  crossing 0/250
  stopped velocity row 85 IC 18 x0=0.726649 velocity_parameter=0.404167 status=collision: trajectory reached the configured collision radius
velocity row 86/120 IC 0/599 x0=0.722563 velocity_parameter=0.420333 elapsed=69.3045s written=0
  crossing 0/250
  stopped velocity row 86 IC 0 x0=0.722563 velocity_parameter=0.420333 status=collision: trajectory reached the configured collision radius
velocity row 86/120 IC 10/599 x0=0.724833 velocity_parameter=0.420333 elapsed=69.6839s written=0
  crossing 0/250
  stopped velocity row 86 IC 10 x0=0.724833 velocity_parameter=0.420333 status=collision: trajectory reached the configured collision radius
velocity row 86/120 IC 18/599 x0=0.726649 velocity_parameter=0.420333 elapsed=69.9466s written=0
  crossing 0/250
  stopped velocity row 86 IC 18 x0=0.726649 velocity_parameter=0.420333 status=collision: trajectory reached the configured collision radius
velocity row 87/120 IC 0/599 x0=0.722563 velocity_parameter=0.4365 elapsed=69.9804s written=0
  crossing 0/250
  stopped velocity row 87 IC 0 x0=0.722563 velocity_parameter=0.4365 status=collision: trajectory reached the configured collision radius
velocity row 87/120 IC 10/599 x0=0.724833 velocity_parameter=0.4365 elapsed=70.3688s written=0
  crossing 0/250
  stopped velocity row 87 IC 10 x0=0.724833 velocity_parameter=0.4365 status=collision: trajectory reached the configured collision radius
velocity row 87/120 IC 18/599 x0=0.726649 velocity_parameter=0.4365 elapsed=70.6333s written=0
  crossing 0/250
  stopped velocity row 87 IC 18 x0=0.726649 velocity_parameter=0.4365 status=collision: trajectory reached the configured collision radius
velocity row 88/120 IC 0/599 x0=0.722563 velocity_parameter=0.452667 elapsed=70.6668s written=0
  crossing 0/250
  stopped velocity row 88 IC 0 x0=0.722563 velocity_parameter=0.452667 status=collision: trajectory reached the configured collision radius
velocity row 88/120 IC 10/599 x0=0.724833 velocity_parameter=0.452667 elapsed=71.0184s written=0
  crossing 0/250
  stopped velocity row 88 IC 10 x0=0.724833 velocity_parameter=0.452667 status=collision: trajectory reached the configured collision radius
velocity row 88/120 IC 18/599 x0=0.726649 velocity_parameter=0.452667 elapsed=71.3013s written=0
  crossing 0/250
  stopped velocity row 88 IC 18 x0=0.726649 velocity_parameter=0.452667 status=collision: trajectory reached the configured collision radius
velocity row 89/120 IC 0/599 x0=0.722563 velocity_parameter=0.468833 elapsed=71.3518s written=0
  crossing 0/250
  stopped velocity row 89 IC 0 x0=0.722563 velocity_parameter=0.468833 status=collision: trajectory reached the configured collision radius
velocity row 89/120 IC 10/599 x0=0.724833 velocity_parameter=0.468833 elapsed=71.6944s written=0
  crossing 0/250
  stopped velocity row 89 IC 10 x0=0.724833 velocity_parameter=0.468833 status=collision: trajectory reached the configured collision radius
velocity row 89/120 IC 18/599 x0=0.726649 velocity_parameter=0.468833 elapsed=71.9633s written=0
  crossing 0/250
  stopped velocity row 89 IC 18 x0=0.726649 velocity_parameter=0.468833 status=collision: trajectory reached the configured collision radius
velocity row 90/120 IC 0/599 x0=0.722563 velocity_parameter=0.485 elapsed=71.9961s written=0
  crossing 0/250
  stopped velocity row 90 IC 0 x0=0.722563 velocity_parameter=0.485 status=collision: trajectory reached the configured collision radius
velocity row 90/120 IC 10/599 x0=0.724833 velocity_parameter=0.485 elapsed=72.3781s written=0
  crossing 0/250
  stopped velocity row 90 IC 10 x0=0.724833 velocity_parameter=0.485 status=collision: trajectory reached the configured collision radius
velocity row 90/120 IC 18/599 x0=0.726649 velocity_parameter=0.485 elapsed=72.6343s written=0
  crossing 0/250
  stopped velocity row 90 IC 18 x0=0.726649 velocity_parameter=0.485 status=collision: trajectory reached the configured collision radius
velocity row 91/120 IC 0/599 x0=0.722563 velocity_parameter=0.501167 elapsed=72.6662s written=0
  crossing 0/250
  stopped velocity row 91 IC 0 x0=0.722563 velocity_parameter=0.501167 status=collision: trajectory reached the configured collision radius
velocity row 91/120 IC 10/599 x0=0.724833 velocity_parameter=0.501167 elapsed=72.9905s written=0
  crossing 0/250
  stopped velocity row 91 IC 10 x0=0.724833 velocity_parameter=0.501167 status=collision: trajectory reached the configured collision radius
velocity row 91/120 IC 18/599 x0=0.726649 velocity_parameter=0.501167 elapsed=73.2536s written=0
  crossing 0/250
  stopped velocity row 91 IC 18 x0=0.726649 velocity_parameter=0.501167 status=collision: trajectory reached the configured collision radius
velocity row 92/120 IC 0/599 x0=0.722563 velocity_parameter=0.517333 elapsed=73.3048s written=0
  crossing 0/250
  stopped velocity row 92 IC 0 x0=0.722563 velocity_parameter=0.517333 status=collision: trajectory reached the configured collision radius
velocity row 92/120 IC 10/599 x0=0.724833 velocity_parameter=0.517333 elapsed=73.637s written=0
  crossing 0/250
  stopped velocity row 92 IC 10 x0=0.724833 velocity_parameter=0.517333 status=collision: trajectory reached the configured collision radius
velocity row 92/120 IC 18/599 x0=0.726649 velocity_parameter=0.517333 elapsed=73.8923s written=0
  crossing 0/250
  stopped velocity row 92 IC 18 x0=0.726649 velocity_parameter=0.517333 status=collision: trajectory reached the configured collision radius
velocity row 93/120 IC 0/599 x0=0.722563 velocity_parameter=0.5335 elapsed=73.9245s written=0
  crossing 0/250
  stopped velocity row 93 IC 0 x0=0.722563 velocity_parameter=0.5335 status=collision: trajectory reached the configured collision radius
velocity row 93/120 IC 10/599 x0=0.724833 velocity_parameter=0.5335 elapsed=74.2777s written=0
  crossing 0/250
  stopped velocity row 93 IC 10 x0=0.724833 velocity_parameter=0.5335 status=collision: trajectory reached the configured collision radius
velocity row 93/120 IC 18/599 x0=0.726649 velocity_parameter=0.5335 elapsed=74.5417s written=0
  crossing 0/250
  stopped velocity row 93 IC 18 x0=0.726649 velocity_parameter=0.5335 status=collision: trajectory reached the configured collision radius
velocity row 94/120 IC 0/599 x0=0.722563 velocity_parameter=0.549667 elapsed=74.5737s written=0
  crossing 0/250
  stopped velocity row 94 IC 0 x0=0.722563 velocity_parameter=0.549667 status=collision: trajectory reached the configured collision radius
velocity row 94/120 IC 10/599 x0=0.724833 velocity_parameter=0.549667 elapsed=74.896s written=0
  crossing 0/250
  stopped velocity row 94 IC 10 x0=0.724833 velocity_parameter=0.549667 status=collision: trajectory reached the configured collision radius
velocity row 94/120 IC 18/599 x0=0.726649 velocity_parameter=0.549667 elapsed=75.1542s written=0
  crossing 0/250
  stopped velocity row 94 IC 18 x0=0.726649 velocity_parameter=0.549667 status=collision: trajectory reached the configured collision radius
velocity row 95/120 IC 0/599 x0=0.722563 velocity_parameter=0.565833 elapsed=75.2138s written=0
  crossing 0/250
  stopped velocity row 95 IC 0 x0=0.722563 velocity_parameter=0.565833 status=collision: trajectory reached the configured collision radius
velocity row 95/120 IC 10/599 x0=0.724833 velocity_parameter=0.565833 elapsed=75.5644s written=0
  crossing 0/250
  stopped velocity row 95 IC 10 x0=0.724833 velocity_parameter=0.565833 status=collision: trajectory reached the configured collision radius
velocity row 95/120 IC 18/599 x0=0.726649 velocity_parameter=0.565833 elapsed=75.8207s written=0
  crossing 0/250
  stopped velocity row 95 IC 18 x0=0.726649 velocity_parameter=0.565833 status=collision: trajectory reached the configured collision radius
velocity row 96/120 IC 0/599 x0=0.722563 velocity_parameter=0.582 elapsed=75.8535s written=0
  crossing 0/250
  stopped velocity row 96 IC 0 x0=0.722563 velocity_parameter=0.582 status=collision: trajectory reached the configured collision radius
velocity row 96/120 IC 10/599 x0=0.724833 velocity_parameter=0.582 elapsed=76.1965s written=0
  crossing 0/250
  stopped velocity row 96 IC 10 x0=0.724833 velocity_parameter=0.582 status=collision: trajectory reached the configured collision radius
velocity row 96/120 IC 18/599 x0=0.726649 velocity_parameter=0.582 elapsed=76.4573s written=0
  crossing 0/250
  stopped velocity row 96 IC 18 x0=0.726649 velocity_parameter=0.582 status=collision: trajectory reached the configured collision radius
velocity row 97/120 IC 0/599 x0=0.722563 velocity_parameter=0.598167 elapsed=76.4902s written=0
  crossing 0/250
  stopped velocity row 97 IC 0 x0=0.722563 velocity_parameter=0.598167 status=collision: trajectory reached the configured collision radius
velocity row 97/120 IC 10/599 x0=0.724833 velocity_parameter=0.598167 elapsed=76.8227s written=0
  crossing 0/250
  stopped velocity row 97 IC 10 x0=0.724833 velocity_parameter=0.598167 status=collision: trajectory reached the configured collision radius
velocity row 97/120 IC 18/599 x0=0.726649 velocity_parameter=0.598167 elapsed=77.1003s written=0
  crossing 0/250
  stopped velocity row 97 IC 18 x0=0.726649 velocity_parameter=0.598167 status=collision: trajectory reached the configured collision radius
velocity row 98/120 IC 0/599 x0=0.722563 velocity_parameter=0.614333 elapsed=77.1325s written=0
  crossing 0/250
  stopped velocity row 98 IC 0 x0=0.722563 velocity_parameter=0.614333 status=collision: trajectory reached the configured collision radius
velocity row 98/120 IC 10/599 x0=0.724833 velocity_parameter=0.614333 elapsed=77.464s written=0
  crossing 0/250
  stopped velocity row 98 IC 10 x0=0.724833 velocity_parameter=0.614333 status=collision: trajectory reached the configured collision radius
velocity row 98/120 IC 18/599 x0=0.726649 velocity_parameter=0.614333 elapsed=77.7455s written=0
  crossing 0/250
  stopped velocity row 98 IC 18 x0=0.726649 velocity_parameter=0.614333 status=collision: trajectory reached the configured collision radius
velocity row 99/120 IC 0/599 x0=0.722563 velocity_parameter=0.6305 elapsed=77.7771s written=0
  crossing 0/250
  stopped velocity row 99 IC 0 x0=0.722563 velocity_parameter=0.6305 status=collision: trajectory reached the configured collision radius
velocity row 99/120 IC 10/599 x0=0.724833 velocity_parameter=0.6305 elapsed=78.103s written=0
  crossing 0/250
  stopped velocity row 99 IC 10 x0=0.724833 velocity_parameter=0.6305 status=collision: trajectory reached the configured collision radius
velocity row 99/120 IC 18/599 x0=0.726649 velocity_parameter=0.6305 elapsed=78.3599s written=0
  crossing 0/250
  stopped velocity row 99 IC 18 x0=0.726649 velocity_parameter=0.6305 status=collision: trajectory reached the configured collision radius
velocity row 100/120 IC 0/599 x0=0.722563 velocity_parameter=0.646667 elapsed=78.3916s written=0
  crossing 0/250
  stopped velocity row 100 IC 0 x0=0.722563 velocity_parameter=0.646667 status=collision: trajectory reached the configured collision radius
velocity row 100/120 IC 10/599 x0=0.724833 velocity_parameter=0.646667 elapsed=78.7185s written=0
  crossing 0/250
  stopped velocity row 100 IC 10 x0=0.724833 velocity_parameter=0.646667 status=collision: trajectory reached the configured collision radius
velocity row 100/120 IC 18/599 x0=0.726649 velocity_parameter=0.646667 elapsed=78.9743s written=0
  crossing 0/250
  stopped velocity row 100 IC 18 x0=0.726649 velocity_parameter=0.646667 status=collision: trajectory reached the configured collision radius
velocity row 101/120 IC 0/599 x0=0.722563 velocity_parameter=0.662833 elapsed=79.0059s written=0
  crossing 0/250
  stopped velocity row 101 IC 0 x0=0.722563 velocity_parameter=0.662833 status=collision: trajectory reached the configured collision radius
velocity row 101/120 IC 10/599 x0=0.724833 velocity_parameter=0.662833 elapsed=79.3343s written=0
  crossing 0/250
  stopped velocity row 101 IC 10 x0=0.724833 velocity_parameter=0.662833 status=collision: trajectory reached the configured collision radius
velocity row 101/120 IC 18/599 x0=0.726649 velocity_parameter=0.662833 elapsed=79.5948s written=0
  crossing 0/250
  stopped velocity row 101 IC 18 x0=0.726649 velocity_parameter=0.662833 status=collision: trajectory reached the configured collision radius
velocity row 102/120 IC 0/599 x0=0.722563 velocity_parameter=0.679 elapsed=79.6264s written=0
  crossing 0/250
  stopped velocity row 102 IC 0 x0=0.722563 velocity_parameter=0.679 status=collision: trajectory reached the configured collision radius
velocity row 102/120 IC 10/599 x0=0.724833 velocity_parameter=0.679 elapsed=79.9792s written=0
  crossing 0/250
  stopped velocity row 102 IC 10 x0=0.724833 velocity_parameter=0.679 status=collision: trajectory reached the configured collision radius
velocity row 102/120 IC 18/599 x0=0.726649 velocity_parameter=0.679 elapsed=80.237s written=0
  crossing 0/250
  stopped velocity row 102 IC 18 x0=0.726649 velocity_parameter=0.679 status=collision: trajectory reached the configured collision radius
velocity row 103/120 IC 0/599 x0=0.722563 velocity_parameter=0.695167 elapsed=80.2689s written=0
  crossing 0/250
  stopped velocity row 103 IC 0 x0=0.722563 velocity_parameter=0.695167 status=collision: trajectory reached the configured collision radius
velocity row 103/120 IC 10/599 x0=0.724833 velocity_parameter=0.695167 elapsed=80.5873s written=0
  crossing 0/250
  stopped velocity row 103 IC 10 x0=0.724833 velocity_parameter=0.695167 status=collision: trajectory reached the configured collision radius
velocity row 103/120 IC 18/599 x0=0.726649 velocity_parameter=0.695167 elapsed=80.8398s written=0
  crossing 0/250
  stopped velocity row 103 IC 18 x0=0.726649 velocity_parameter=0.695167 status=collision: trajectory reached the configured collision radius
velocity row 104/120 IC 0/599 x0=0.722563 velocity_parameter=0.711333 elapsed=80.8731s written=0
  crossing 0/250
  stopped velocity row 104 IC 0 x0=0.722563 velocity_parameter=0.711333 status=collision: trajectory reached the configured collision radius
velocity row 104/120 IC 10/599 x0=0.724833 velocity_parameter=0.711333 elapsed=81.1896s written=0
  crossing 0/250
  stopped velocity row 104 IC 10 x0=0.724833 velocity_parameter=0.711333 status=collision: trajectory reached the configured collision radius
velocity row 104/120 IC 18/599 x0=0.726649 velocity_parameter=0.711333 elapsed=81.446s written=0
  crossing 0/250
  stopped velocity row 104 IC 18 x0=0.726649 velocity_parameter=0.711333 status=collision: trajectory reached the configured collision radius
velocity row 105/120 IC 0/599 x0=0.722563 velocity_parameter=0.7275 elapsed=81.4773s written=0
  crossing 0/250
  stopped velocity row 105 IC 0 x0=0.722563 velocity_parameter=0.7275 status=collision: trajectory reached the configured collision radius
velocity row 105/120 IC 10/599 x0=0.724833 velocity_parameter=0.7275 elapsed=81.815s written=0
  crossing 0/250
  stopped velocity row 105 IC 10 x0=0.724833 velocity_parameter=0.7275 status=collision: trajectory reached the configured collision radius
velocity row 105/120 IC 18/599 x0=0.726649 velocity_parameter=0.7275 elapsed=82.069s written=0
  crossing 0/250
  stopped velocity row 105 IC 18 x0=0.726649 velocity_parameter=0.7275 status=collision: trajectory reached the configured collision radius
velocity row 106/120 IC 0/599 x0=0.722563 velocity_parameter=0.743667 elapsed=82.101s written=0
  crossing 0/250
  stopped velocity row 106 IC 0 x0=0.722563 velocity_parameter=0.743667 status=collision: trajectory reached the configured collision radius
velocity row 106/120 IC 10/599 x0=0.724833 velocity_parameter=0.743667 elapsed=82.4319s written=0
  crossing 0/250
  stopped velocity row 106 IC 10 x0=0.724833 velocity_parameter=0.743667 status=collision: trajectory reached the configured collision radius
velocity row 106/120 IC 18/599 x0=0.726649 velocity_parameter=0.743667 elapsed=82.6866s written=0
  crossing 0/250
  stopped velocity row 106 IC 18 x0=0.726649 velocity_parameter=0.743667 status=collision: trajectory reached the configured collision radius
velocity row 107/120 IC 0/599 x0=0.722563 velocity_parameter=0.759833 elapsed=82.718s written=0
  crossing 0/250
  stopped velocity row 107 IC 0 x0=0.722563 velocity_parameter=0.759833 status=collision: trajectory reached the configured collision radius
velocity row 107/120 IC 10/599 x0=0.724833 velocity_parameter=0.759833 elapsed=83.034s written=0
  crossing 0/250
  stopped velocity row 107 IC 10 x0=0.724833 velocity_parameter=0.759833 status=collision: trajectory reached the configured collision radius
velocity row 107/120 IC 18/599 x0=0.726649 velocity_parameter=0.759833 elapsed=83.307s written=0
  crossing 0/250
  stopped velocity row 107 IC 18 x0=0.726649 velocity_parameter=0.759833 status=collision: trajectory reached the configured collision radius
velocity row 108/120 IC 0/599 x0=0.722563 velocity_parameter=0.776 elapsed=83.3386s written=0
  crossing 0/250
  stopped velocity row 108 IC 0 x0=0.722563 velocity_parameter=0.776 status=collision: trajectory reached the configured collision radius
velocity row 108/120 IC 10/599 x0=0.724833 velocity_parameter=0.776 elapsed=83.6542s written=0
  crossing 0/250
  stopped velocity row 108 IC 10 x0=0.724833 velocity_parameter=0.776 status=collision: trajectory reached the configured collision radius
velocity row 108/120 IC 18/599 x0=0.726649 velocity_parameter=0.776 elapsed=83.9068s written=0
  crossing 0/250
  stopped velocity row 108 IC 18 x0=0.726649 velocity_parameter=0.776 status=collision: trajectory reached the configured collision radius
velocity row 109/120 IC 0/599 x0=0.722563 velocity_parameter=0.792167 elapsed=83.9378s written=0
  crossing 0/250
  stopped velocity row 109 IC 0 x0=0.722563 velocity_parameter=0.792167 status=collision: trajectory reached the configured collision radius
velocity row 109/120 IC 10/599 x0=0.724833 velocity_parameter=0.792167 elapsed=84.2554s written=0
  crossing 0/250
  stopped velocity row 109 IC 10 x0=0.724833 velocity_parameter=0.792167 status=collision: trajectory reached the configured collision radius
velocity row 109/120 IC 18/599 x0=0.726649 velocity_parameter=0.792167 elapsed=84.5068s written=0
  crossing 0/250
  stopped velocity row 109 IC 18 x0=0.726649 velocity_parameter=0.792167 status=collision: trajectory reached the configured collision radius
velocity row 110/120 IC 0/599 x0=0.722563 velocity_parameter=0.808333 elapsed=84.5382s written=0
  crossing 0/250
  stopped velocity row 110 IC 0 x0=0.722563 velocity_parameter=0.808333 status=collision: trajectory reached the configured collision radius
velocity row 110/120 IC 10/599 x0=0.724833 velocity_parameter=0.808333 elapsed=84.849s written=0
  crossing 0/250
  stopped velocity row 110 IC 10 x0=0.724833 velocity_parameter=0.808333 status=collision: trajectory reached the configured collision radius
velocity row 110/120 IC 18/599 x0=0.726649 velocity_parameter=0.808333 elapsed=85.101s written=0
  crossing 0/250
  stopped velocity row 110 IC 18 x0=0.726649 velocity_parameter=0.808333 status=collision: trajectory reached the configured collision radius
velocity row 111/120 IC 0/599 x0=0.722563 velocity_parameter=0.8245 elapsed=85.1336s written=0
  crossing 0/250
  stopped velocity row 111 IC 0 x0=0.722563 velocity_parameter=0.8245 status=collision: trajectory reached the configured collision radius
velocity row 111/120 IC 10/599 x0=0.724833 velocity_parameter=0.8245 elapsed=85.4509s written=0
  crossing 0/250
  stopped velocity row 111 IC 10 x0=0.724833 velocity_parameter=0.8245 status=collision: trajectory reached the configured collision radius
velocity row 111/120 IC 18/599 x0=0.726649 velocity_parameter=0.8245 elapsed=85.6991s written=0
  crossing 0/250
  stopped velocity row 111 IC 18 x0=0.726649 velocity_parameter=0.8245 status=collision: trajectory reached the configured collision radius
velocity row 112/120 IC 0/599 x0=0.722563 velocity_parameter=0.840667 elapsed=85.7303s written=0
  crossing 0/250
  stopped velocity row 112 IC 0 x0=0.722563 velocity_parameter=0.840667 status=collision: trajectory reached the configured collision radius
velocity row 112/120 IC 10/599 x0=0.724833 velocity_parameter=0.840667 elapsed=86.05s written=7
  crossing 0/250
  stopped velocity row 112 IC 10 x0=0.724833 velocity_parameter=0.840667 status=collision: trajectory reached the configured collision radius
velocity row 112/120 IC 18/599 x0=0.726649 velocity_parameter=0.840667 elapsed=86.3159s written=15
  crossing 0/250
  stopped velocity row 112 IC 18 x0=0.726649 velocity_parameter=0.840667 status=collision: trajectory reached the configured collision radius
velocity row 113/120 IC 0/599 x0=0.722563 velocity_parameter=0.856833 elapsed=86.3489s written=16
  crossing 0/250
  stopped velocity row 113 IC 0 x0=0.722563 velocity_parameter=0.856833 status=collision: trajectory reached the configured collision radius
velocity row 113/120 IC 10/599 x0=0.724833 velocity_parameter=0.856833 elapsed=86.6802s written=26
  crossing 0/250
  stopped velocity row 113 IC 10 x0=0.724833 velocity_parameter=0.856833 status=collision: trajectory reached the configured collision radius
velocity row 113/120 IC 18/599 x0=0.726649 velocity_parameter=0.856833 elapsed=86.9407s written=34
  crossing 0/250
  stopped velocity row 113 IC 18 x0=0.726649 velocity_parameter=0.856833 status=collision: trajectory reached the configured collision radius
velocity row 114/120 IC 0/599 x0=0.722563 velocity_parameter=0.873 elapsed=86.9733s written=35
  crossing 0/250
  stopped velocity row 114 IC 0 x0=0.722563 velocity_parameter=0.873 status=collision: trajectory reached the configured collision radius
velocity row 114/120 IC 10/599 x0=0.724833 velocity_parameter=0.873 elapsed=87.3054s written=45
  crossing 0/250
  stopped velocity row 114 IC 10 x0=0.724833 velocity_parameter=0.873 status=collision: trajectory reached the configured collision radius
velocity row 114/120 IC 18/599 x0=0.726649 velocity_parameter=0.873 elapsed=87.5637s written=53
  crossing 0/250
  stopped velocity row 114 IC 18 x0=0.726649 velocity_parameter=0.873 status=collision: trajectory reached the configured collision radius
velocity row 115/120 IC 0/599 x0=0.722563 velocity_parameter=0.889167 elapsed=87.597s written=54
  crossing 0/250
  stopped velocity row 115 IC 0 x0=0.722563 velocity_parameter=0.889167 status=collision: trajectory reached the configured collision radius
velocity row 115/120 IC 10/599 x0=0.724833 velocity_parameter=0.889167 elapsed=87.9194s written=64
  crossing 0/250
  stopped velocity row 115 IC 10 x0=0.724833 velocity_parameter=0.889167 status=collision: trajectory reached the configured collision radius
velocity row 115/120 IC 18/599 x0=0.726649 velocity_parameter=0.889167 elapsed=88.1827s written=72
  crossing 0/250
  stopped velocity row 115 IC 18 x0=0.726649 velocity_parameter=0.889167 status=collision: trajectory reached the configured collision radius
velocity row 116/120 IC 0/599 x0=0.722563 velocity_parameter=0.905333 elapsed=88.2159s written=73
  crossing 0/250
  stopped velocity row 116 IC 0 x0=0.722563 velocity_parameter=0.905333 status=collision: trajectory reached the configured collision radius
velocity row 116/120 IC 10/599 x0=0.724833 velocity_parameter=0.905333 elapsed=88.5385s written=83
  crossing 0/250
  stopped velocity row 116 IC 10 x0=0.724833 velocity_parameter=0.905333 status=collision: trajectory reached the configured collision radius
velocity row 116/120 IC 18/599 x0=0.726649 velocity_parameter=0.905333 elapsed=88.7969s written=91
  crossing 0/250
  stopped velocity row 116 IC 18 x0=0.726649 velocity_parameter=0.905333 status=collision: trajectory reached the configured collision radius
velocity row 117/120 IC 0/599 x0=0.722563 velocity_parameter=0.9215 elapsed=88.83s written=92
  crossing 0/250
  stopped velocity row 117 IC 0 x0=0.722563 velocity_parameter=0.9215 status=collision: trajectory reached the configured collision radius
velocity row 117/120 IC 10/599 x0=0.724833 velocity_parameter=0.9215 elapsed=89.1545s written=102
  crossing 0/250
  stopped velocity row 117 IC 10 x0=0.724833 velocity_parameter=0.9215 status=collision: trajectory reached the configured collision radius
velocity row 117/120 IC 18/599 x0=0.726649 velocity_parameter=0.9215 elapsed=89.4117s written=110
  crossing 0/250
  stopped velocity row 117 IC 18 x0=0.726649 velocity_parameter=0.9215 status=collision: trajectory reached the configured collision radius
velocity row 118/120 IC 0/599 x0=0.722563 velocity_parameter=0.937667 elapsed=89.4437s written=111
  crossing 0/250
  stopped velocity row 118 IC 0 x0=0.722563 velocity_parameter=0.937667 status=collision: trajectory reached the configured collision radius
velocity row 118/120 IC 10/599 x0=0.724833 velocity_parameter=0.937667 elapsed=89.7684s written=121
  crossing 0/250
  stopped velocity row 118 IC 10 x0=0.724833 velocity_parameter=0.937667 status=collision: trajectory reached the configured collision radius
velocity row 118/120 IC 18/599 x0=0.726649 velocity_parameter=0.937667 elapsed=90.0249s written=129
  crossing 0/250
  stopped velocity row 118 IC 18 x0=0.726649 velocity_parameter=0.937667 status=collision: trajectory reached the configured collision radius
velocity row 119/120 IC 0/599 x0=0.722563 velocity_parameter=0.953833 elapsed=90.0564s written=130
  crossing 0/250
  stopped velocity row 119 IC 0 x0=0.722563 velocity_parameter=0.953833 status=collision: trajectory reached the configured collision radius
velocity row 119/120 IC 10/599 x0=0.724833 velocity_parameter=0.953833 elapsed=90.3703s written=140
  crossing 0/250
  stopped velocity row 119 IC 10 x0=0.724833 velocity_parameter=0.953833 status=collision: trajectory reached the configured collision radius
velocity row 119/120 IC 18/599 x0=0.726649 velocity_parameter=0.953833 elapsed=90.6236s written=148
  crossing 0/250
  stopped velocity row 119 IC 18 x0=0.726649 velocity_parameter=0.953833 status=collision: trajectory reached the configured collision radius
velocity row 120/120 IC 0/599 x0=0.722563 velocity_parameter=0.97 elapsed=90.6548s written=149
  crossing 0/250
  stopped velocity row 120 IC 0 x0=0.722563 velocity_parameter=0.97 status=collision: trajectory reached the configured collision radius
velocity row 120/120 IC 10/599 x0=0.724833 velocity_parameter=0.97 elapsed=90.9674s written=159
  crossing 0/250
  stopped velocity row 120 IC 10 x0=0.724833 velocity_parameter=0.97 status=collision: trajectory reached the configured collision radius
velocity row 120/120 IC 18/599 x0=0.726649 velocity_parameter=0.97 elapsed=91.2201s written=167
  crossing 0/250
  stopped velocity row 120 IC 18 x0=0.726649 velocity_parameter=0.97 status=collision: trajectory reached the configured collision radius
svg -> /mnt/c/Users/payne/Code/Hill_4BP/professional_neck_studies/e1_dense_001/survey/level_001_delta_1e_minus_3/open/shard_0000/preview.svg
metadata -> /mnt/c/Users/payne/Code/Hill_4BP/professional_neck_studies/e1_dense_001/survey/level_001_delta_1e_minus_3/open/shard_0000/metadata.txt
wrote 168 points (0 ICs skipped, 2299 orbits stopped early, elapsed=91.254s) -> /mnt/c/Users/payne/Code/Hill_4BP/professional_neck_studies/e1_dense_001/survey/level_001_delta_1e_minus_3/open/shard_0000/points.csv
outcomes: collision=2299 completed=0 forbidden=0 inner_radius_limit=0 invalid_initial_radius=0 invalid_velocity=0 nontransverse=0 numerical_failure=0 outer_limit=0 timeout=0
maximum sampled |H-h|=1.27162e-15
