zero-velocity boundary -> /mnt/c/Users/payne/Code/Hill_4BP/professional_neck_studies/e1_dense_001/survey/level_006_delta_1e_minus_8/open/shard_0010/zero_velocity_boundary.csv
lambda1=0.0272549 lambda2=2.97275 A=-0.986373 B=0.486373 c=0.0976566 c1=0 c2=0 c3=-0.0976566 h=-2.39154 (C=4.78307)
E1/E2 neck h=-2.39154 (C=4.78307), E3/E4 neck h=-0.454039 (C=0.908078)
energy_mode=neck_delta neck=E1 hcrit=-2.39154 delta=1e-08 side=open actual_neck_side=open delta_h=1e-08
x_count=600 xdot_count=121 iterates=250 index range=[190,208] velocity_mode=fraction x_range=[0.79034,0.79077] max_return_time=100
smooth coordinates R=sqrt(rho), CAPD crossing mode=Both solver_order=28 max_step=0.005 abs_tol=1e-15 rel_tol=1e-13 collision_radius=1e-06 outer_radius=5
velocity row 0/120 IC 190/599 x0=0.790476 velocity_parameter=-0.97 elapsed=1.18e-07s written=0
  crossing 0/250
  stopped velocity row 0 IC 190 x0=0.790476 velocity_parameter=-0.97 status=collision: trajectory reached the configured collision radius
  stopped velocity row 0 IC 191 x0=0.790477 velocity_parameter=-0.97 status=collision: trajectory reached the configured collision radius
  stopped velocity row 0 IC 192 x0=0.790478 velocity_parameter=-0.97 status=collision: trajectory reached the configured collision radius
  stopped velocity row 0 IC 193 x0=0.790478 velocity_parameter=-0.97 status=collision: trajectory reached the configured collision radius
  stopped velocity row 0 IC 194 x0=0.790479 velocity_parameter=-0.97 status=collision: trajectory reached the configured collision radius
  stopped velocity row 0 IC 195 x0=0.79048 velocity_parameter=-0.97 status=collision: trajectory reached the configured collision radius
  stopped velocity row 0 IC 196 x0=0.79048 velocity_parameter=-0.97 status=collision: trajectory reached the configured collision radius
  stopped velocity row 0 IC 197 x0=0.790481 velocity_parameter=-0.97 status=collision: trajectory reached the configured collision radius
  stopped velocity row 0 IC 198 x0=0.790482 velocity_parameter=-0.97 status=collision: trajectory reached the configured collision radius
  stopped velocity row 0 IC 199 x0=0.790483 velocity_parameter=-0.97 status=collision: trajectory reached the configured collision radius
velocity row 0/120 IC 200/599 x0=0.790483 velocity_parameter=-0.97 elapsed=0.954109s written=0
  crossing 0/250
  stopped velocity row 0 IC 200 x0=0.790483 velocity_parameter=-0.97 status=collision: trajectory reached the configured collision radius
velocity row 0/120 IC 208/599 x0=0.790489 velocity_parameter=-0.97 elapsed=1.68926s written=0
  crossing 0/250
  stopped velocity row 0 IC 208 x0=0.790489 velocity_parameter=-0.97 status=collision: trajectory reached the configured collision radius
velocity row 1/120 IC 190/599 x0=0.790476 velocity_parameter=-0.953833 elapsed=1.78039s written=0
  crossing 0/250
  stopped velocity row 1 IC 190 x0=0.790476 velocity_parameter=-0.953833 status=collision: trajectory reached the configured collision radius
velocity row 1/120 IC 200/599 x0=0.790483 velocity_parameter=-0.953833 elapsed=2.69794s written=0
  crossing 0/250
  stopped velocity row 1 IC 200 x0=0.790483 velocity_parameter=-0.953833 status=collision: trajectory reached the configured collision radius
velocity row 1/120 IC 208/599 x0=0.790489 velocity_parameter=-0.953833 elapsed=3.41731s written=0
  crossing 0/250
  stopped velocity row 1 IC 208 x0=0.790489 velocity_parameter=-0.953833 status=collision: trajectory reached the configured collision radius
velocity row 2/120 IC 190/599 x0=0.790476 velocity_parameter=-0.937667 elapsed=3.50758s written=0
  crossing 0/250
  stopped velocity row 2 IC 190 x0=0.790476 velocity_parameter=-0.937667 status=collision: trajectory reached the configured collision radius
velocity row 2/120 IC 200/599 x0=0.790483 velocity_parameter=-0.937667 elapsed=4.40814s written=0
  crossing 0/250
  stopped velocity row 2 IC 200 x0=0.790483 velocity_parameter=-0.937667 status=collision: trajectory reached the configured collision radius
velocity row 2/120 IC 208/599 x0=0.790489 velocity_parameter=-0.937667 elapsed=5.14091s written=0
  crossing 0/250
  stopped velocity row 2 IC 208 x0=0.790489 velocity_parameter=-0.937667 status=collision: trajectory reached the configured collision radius
velocity row 3/120 IC 190/599 x0=0.790476 velocity_parameter=-0.9215 elapsed=5.23178s written=0
  crossing 0/250
  stopped velocity row 3 IC 190 x0=0.790476 velocity_parameter=-0.9215 status=collision: trajectory reached the configured collision radius
velocity row 3/120 IC 200/599 x0=0.790483 velocity_parameter=-0.9215 elapsed=6.1104s written=0
  crossing 0/250
  stopped velocity row 3 IC 200 x0=0.790483 velocity_parameter=-0.9215 status=collision: trajectory reached the configured collision radius
velocity row 3/120 IC 208/599 x0=0.790489 velocity_parameter=-0.9215 elapsed=6.83859s written=0
  crossing 0/250
  stopped velocity row 3 IC 208 x0=0.790489 velocity_parameter=-0.9215 status=collision: trajectory reached the configured collision radius
velocity row 4/120 IC 190/599 x0=0.790476 velocity_parameter=-0.905333 elapsed=6.93201s written=0
  crossing 0/250
  stopped velocity row 4 IC 190 x0=0.790476 velocity_parameter=-0.905333 status=collision: trajectory reached the configured collision radius
velocity row 4/120 IC 200/599 x0=0.790483 velocity_parameter=-0.905333 elapsed=7.88928s written=0
  crossing 0/250
  stopped velocity row 4 IC 200 x0=0.790483 velocity_parameter=-0.905333 status=collision: trajectory reached the configured collision radius
velocity row 4/120 IC 208/599 x0=0.790489 velocity_parameter=-0.905333 elapsed=8.61013s written=0
  crossing 0/250
  stopped velocity row 4 IC 208 x0=0.790489 velocity_parameter=-0.905333 status=collision: trajectory reached the configured collision radius
velocity row 5/120 IC 190/599 x0=0.790476 velocity_parameter=-0.889167 elapsed=8.69412s written=0
  crossing 0/250
  stopped velocity row 5 IC 190 x0=0.790476 velocity_parameter=-0.889167 status=collision: trajectory reached the configured collision radius
velocity row 5/120 IC 200/599 x0=0.790483 velocity_parameter=-0.889167 elapsed=9.54674s written=0
  crossing 0/250
  stopped velocity row 5 IC 200 x0=0.790483 velocity_parameter=-0.889167 status=collision: trajectory reached the configured collision radius
velocity row 5/120 IC 208/599 x0=0.790489 velocity_parameter=-0.889167 elapsed=10.2541s written=0
  crossing 0/250
  stopped velocity row 5 IC 208 x0=0.790489 velocity_parameter=-0.889167 status=collision: trajectory reached the configured collision radius
velocity row 6/120 IC 190/599 x0=0.790476 velocity_parameter=-0.873 elapsed=10.3454s written=0
  crossing 0/250
  stopped velocity row 6 IC 190 x0=0.790476 velocity_parameter=-0.873 status=collision: trajectory reached the configured collision radius
velocity row 6/120 IC 200/599 x0=0.790483 velocity_parameter=-0.873 elapsed=11.2328s written=0
  crossing 0/250
  stopped velocity row 6 IC 200 x0=0.790483 velocity_parameter=-0.873 status=collision: trajectory reached the configured collision radius
velocity row 6/120 IC 208/599 x0=0.790489 velocity_parameter=-0.873 elapsed=11.946s written=0
  crossing 0/250
  stopped velocity row 6 IC 208 x0=0.790489 velocity_parameter=-0.873 status=collision: trajectory reached the configured collision radius
velocity row 7/120 IC 190/599 x0=0.790476 velocity_parameter=-0.856833 elapsed=12.033s written=0
  crossing 0/250
  stopped velocity row 7 IC 190 x0=0.790476 velocity_parameter=-0.856833 status=collision: trajectory reached the configured collision radius
velocity row 7/120 IC 200/599 x0=0.790483 velocity_parameter=-0.856833 elapsed=12.909s written=0
  crossing 0/250
  stopped velocity row 7 IC 200 x0=0.790483 velocity_parameter=-0.856833 status=collision: trajectory reached the configured collision radius
velocity row 7/120 IC 208/599 x0=0.790489 velocity_parameter=-0.856833 elapsed=13.612s written=0
  crossing 0/250
  stopped velocity row 7 IC 208 x0=0.790489 velocity_parameter=-0.856833 status=collision: trajectory reached the configured collision radius
velocity row 8/120 IC 190/599 x0=0.790476 velocity_parameter=-0.840667 elapsed=13.7019s written=0
  crossing 0/250
  stopped velocity row 8 IC 190 x0=0.790476 velocity_parameter=-0.840667 status=collision: trajectory reached the configured collision radius
velocity row 8/120 IC 200/599 x0=0.790483 velocity_parameter=-0.840667 elapsed=14.5914s written=0
  crossing 0/250
  stopped velocity row 8 IC 200 x0=0.790483 velocity_parameter=-0.840667 status=collision: trajectory reached the configured collision radius
velocity row 8/120 IC 208/599 x0=0.790489 velocity_parameter=-0.840667 elapsed=15.2758s written=0
  crossing 0/250
  stopped velocity row 8 IC 208 x0=0.790489 velocity_parameter=-0.840667 status=collision: trajectory reached the configured collision radius
velocity row 9/120 IC 190/599 x0=0.790476 velocity_parameter=-0.8245 elapsed=15.3635s written=0
  crossing 0/250
  stopped velocity row 9 IC 190 x0=0.790476 velocity_parameter=-0.8245 status=collision: trajectory reached the configured collision radius
velocity row 9/120 IC 200/599 x0=0.790483 velocity_parameter=-0.8245 elapsed=16.2503s written=0
  crossing 0/250
  stopped velocity row 9 IC 200 x0=0.790483 velocity_parameter=-0.8245 status=collision: trajectory reached the configured collision radius
velocity row 9/120 IC 208/599 x0=0.790489 velocity_parameter=-0.8245 elapsed=16.9482s written=0
  crossing 0/250
  stopped velocity row 9 IC 208 x0=0.790489 velocity_parameter=-0.8245 status=collision: trajectory reached the configured collision radius
velocity row 10/120 IC 190/599 x0=0.790476 velocity_parameter=-0.808333 elapsed=17.0292s written=0
  crossing 0/250
  stopped velocity row 10 IC 190 x0=0.790476 velocity_parameter=-0.808333 status=collision: trajectory reached the configured collision radius
velocity row 10/120 IC 200/599 x0=0.790483 velocity_parameter=-0.808333 elapsed=17.8961s written=0
  crossing 0/250
  stopped velocity row 10 IC 200 x0=0.790483 velocity_parameter=-0.808333 status=collision: trajectory reached the configured collision radius
velocity row 10/120 IC 208/599 x0=0.790489 velocity_parameter=-0.808333 elapsed=18.5987s written=0
  crossing 0/250
  stopped velocity row 10 IC 208 x0=0.790489 velocity_parameter=-0.808333 status=collision: trajectory reached the configured collision radius
velocity row 11/120 IC 190/599 x0=0.790476 velocity_parameter=-0.792167 elapsed=18.6908s written=0
  crossing 0/250
  stopped velocity row 11 IC 190 x0=0.790476 velocity_parameter=-0.792167 status=collision: trajectory reached the configured collision radius
velocity row 11/120 IC 200/599 x0=0.790483 velocity_parameter=-0.792167 elapsed=19.553s written=0
  crossing 0/250
  stopped velocity row 11 IC 200 x0=0.790483 velocity_parameter=-0.792167 status=collision: trajectory reached the configured collision radius
velocity row 11/120 IC 208/599 x0=0.790489 velocity_parameter=-0.792167 elapsed=20.245s written=0
  crossing 0/250
  stopped velocity row 11 IC 208 x0=0.790489 velocity_parameter=-0.792167 status=collision: trajectory reached the configured collision radius
velocity row 12/120 IC 190/599 x0=0.790476 velocity_parameter=-0.776 elapsed=20.3295s written=0
  crossing 0/250
  stopped velocity row 12 IC 190 x0=0.790476 velocity_parameter=-0.776 status=collision: trajectory reached the configured collision radius
velocity row 12/120 IC 200/599 x0=0.790483 velocity_parameter=-0.776 elapsed=21.2097s written=0
  crossing 0/250
  stopped velocity row 12 IC 200 x0=0.790483 velocity_parameter=-0.776 status=collision: trajectory reached the configured collision radius
velocity row 12/120 IC 208/599 x0=0.790489 velocity_parameter=-0.776 elapsed=21.8973s written=0
  crossing 0/250
  stopped velocity row 12 IC 208 x0=0.790489 velocity_parameter=-0.776 status=collision: trajectory reached the configured collision radius
velocity row 13/120 IC 190/599 x0=0.790476 velocity_parameter=-0.759833 elapsed=21.9862s written=0
  crossing 0/250
  stopped velocity row 13 IC 190 x0=0.790476 velocity_parameter=-0.759833 status=collision: trajectory reached the configured collision radius
velocity row 13/120 IC 200/599 x0=0.790483 velocity_parameter=-0.759833 elapsed=22.8569s written=0
  crossing 0/250
  stopped velocity row 13 IC 200 x0=0.790483 velocity_parameter=-0.759833 status=collision: trajectory reached the configured collision radius
velocity row 13/120 IC 208/599 x0=0.790489 velocity_parameter=-0.759833 elapsed=23.5362s written=0
  crossing 0/250
  stopped velocity row 13 IC 208 x0=0.790489 velocity_parameter=-0.759833 status=collision: trajectory reached the configured collision radius
velocity row 14/120 IC 190/599 x0=0.790476 velocity_parameter=-0.743667 elapsed=23.6258s written=0
  crossing 0/250
  stopped velocity row 14 IC 190 x0=0.790476 velocity_parameter=-0.743667 status=collision: trajectory reached the configured collision radius
velocity row 14/120 IC 200/599 x0=0.790483 velocity_parameter=-0.743667 elapsed=24.4967s written=0
  crossing 0/250
  stopped velocity row 14 IC 200 x0=0.790483 velocity_parameter=-0.743667 status=collision: trajectory reached the configured collision radius
velocity row 14/120 IC 208/599 x0=0.790489 velocity_parameter=-0.743667 elapsed=25.2076s written=0
  crossing 0/250
  stopped velocity row 14 IC 208 x0=0.790489 velocity_parameter=-0.743667 status=collision: trajectory reached the configured collision radius
velocity row 15/120 IC 190/599 x0=0.790476 velocity_parameter=-0.7275 elapsed=25.2928s written=0
  crossing 0/250
  stopped velocity row 15 IC 190 x0=0.790476 velocity_parameter=-0.7275 status=collision: trajectory reached the configured collision radius
velocity row 15/120 IC 200/599 x0=0.790483 velocity_parameter=-0.7275 elapsed=26.173s written=0
  crossing 0/250
  stopped velocity row 15 IC 200 x0=0.790483 velocity_parameter=-0.7275 status=collision: trajectory reached the configured collision radius
velocity row 15/120 IC 208/599 x0=0.790489 velocity_parameter=-0.7275 elapsed=26.8603s written=0
  crossing 0/250
  stopped velocity row 15 IC 208 x0=0.790489 velocity_parameter=-0.7275 status=collision: trajectory reached the configured collision radius
velocity row 16/120 IC 190/599 x0=0.790476 velocity_parameter=-0.711333 elapsed=26.9495s written=0
  crossing 0/250
  stopped velocity row 16 IC 190 x0=0.790476 velocity_parameter=-0.711333 status=collision: trajectory reached the configured collision radius
velocity row 16/120 IC 200/599 x0=0.790483 velocity_parameter=-0.711333 elapsed=27.8298s written=0
  crossing 0/250
  stopped velocity row 16 IC 200 x0=0.790483 velocity_parameter=-0.711333 status=collision: trajectory reached the configured collision radius
velocity row 16/120 IC 208/599 x0=0.790489 velocity_parameter=-0.711333 elapsed=28.5195s written=0
  crossing 0/250
  stopped velocity row 16 IC 208 x0=0.790489 velocity_parameter=-0.711333 status=collision: trajectory reached the configured collision radius
velocity row 17/120 IC 190/599 x0=0.790476 velocity_parameter=-0.695167 elapsed=28.6022s written=0
  crossing 0/250
  stopped velocity row 17 IC 190 x0=0.790476 velocity_parameter=-0.695167 status=collision: trajectory reached the configured collision radius
velocity row 17/120 IC 200/599 x0=0.790483 velocity_parameter=-0.695167 elapsed=29.4588s written=0
  crossing 0/250
  stopped velocity row 17 IC 200 x0=0.790483 velocity_parameter=-0.695167 status=collision: trajectory reached the configured collision radius
velocity row 17/120 IC 208/599 x0=0.790489 velocity_parameter=-0.695167 elapsed=30.091s written=0
  crossing 0/250
  stopped velocity row 17 IC 208 x0=0.790489 velocity_parameter=-0.695167 status=collision: trajectory reached the configured collision radius
velocity row 18/120 IC 190/599 x0=0.790476 velocity_parameter=-0.679 elapsed=30.1647s written=0
  crossing 0/250
  stopped velocity row 18 IC 190 x0=0.790476 velocity_parameter=-0.679 status=collision: trajectory reached the configured collision radius
velocity row 18/120 IC 200/599 x0=0.790483 velocity_parameter=-0.679 elapsed=30.8475s written=0
  crossing 0/250
  stopped velocity row 18 IC 200 x0=0.790483 velocity_parameter=-0.679 status=collision: trajectory reached the configured collision radius
velocity row 18/120 IC 208/599 x0=0.790489 velocity_parameter=-0.679 elapsed=31.3443s written=0
  crossing 0/250
  stopped velocity row 18 IC 208 x0=0.790489 velocity_parameter=-0.679 status=collision: trajectory reached the configured collision radius
velocity row 19/120 IC 190/599 x0=0.790476 velocity_parameter=-0.662833 elapsed=31.3973s written=0
  crossing 0/250
  stopped velocity row 19 IC 190 x0=0.790476 velocity_parameter=-0.662833 status=collision: trajectory reached the configured collision radius
velocity row 19/120 IC 200/599 x0=0.790483 velocity_parameter=-0.662833 elapsed=32.0341s written=0
  crossing 0/250
  stopped velocity row 19 IC 200 x0=0.790483 velocity_parameter=-0.662833 status=collision: trajectory reached the configured collision radius
velocity row 19/120 IC 208/599 x0=0.790489 velocity_parameter=-0.662833 elapsed=32.5488s written=0
  crossing 0/250
  stopped velocity row 19 IC 208 x0=0.790489 velocity_parameter=-0.662833 status=collision: trajectory reached the configured collision radius
velocity row 20/120 IC 190/599 x0=0.790476 velocity_parameter=-0.646667 elapsed=32.6159s written=0
  crossing 0/250
  stopped velocity row 20 IC 190 x0=0.790476 velocity_parameter=-0.646667 status=collision: trajectory reached the configured collision radius
velocity row 20/120 IC 200/599 x0=0.790483 velocity_parameter=-0.646667 elapsed=33.1786s written=0
  crossing 0/250
  stopped velocity row 20 IC 200 x0=0.790483 velocity_parameter=-0.646667 status=collision: trajectory reached the configured collision radius
velocity row 20/120 IC 208/599 x0=0.790489 velocity_parameter=-0.646667 elapsed=33.6053s written=0
  crossing 0/250
  stopped velocity row 20 IC 208 x0=0.790489 velocity_parameter=-0.646667 status=collision: trajectory reached the configured collision radius
velocity row 21/120 IC 190/599 x0=0.790476 velocity_parameter=-0.6305 elapsed=33.6479s written=0
  crossing 0/250
  stopped velocity row 21 IC 190 x0=0.790476 velocity_parameter=-0.6305 status=collision: trajectory reached the configured collision radius
velocity row 21/120 IC 200/599 x0=0.790483 velocity_parameter=-0.6305 elapsed=34.2222s written=0
  crossing 0/250
  stopped velocity row 21 IC 200 x0=0.790483 velocity_parameter=-0.6305 status=collision: trajectory reached the configured collision radius
velocity row 21/120 IC 208/599 x0=0.790489 velocity_parameter=-0.6305 elapsed=34.615s written=0
  crossing 0/250
  stopped velocity row 21 IC 208 x0=0.790489 velocity_parameter=-0.6305 status=collision: trajectory reached the configured collision radius
velocity row 22/120 IC 190/599 x0=0.790476 velocity_parameter=-0.614333 elapsed=34.6608s written=0
  crossing 0/250
  stopped velocity row 22 IC 190 x0=0.790476 velocity_parameter=-0.614333 status=collision: trajectory reached the configured collision radius
velocity row 22/120 IC 200/599 x0=0.790483 velocity_parameter=-0.614333 elapsed=35.1992s written=0
  crossing 0/250
  stopped velocity row 22 IC 200 x0=0.790483 velocity_parameter=-0.614333 status=collision: trajectory reached the configured collision radius
velocity row 22/120 IC 208/599 x0=0.790489 velocity_parameter=-0.614333 elapsed=35.6196s written=0
  crossing 0/250
  stopped velocity row 22 IC 208 x0=0.790489 velocity_parameter=-0.614333 status=collision: trajectory reached the configured collision radius
velocity row 23/120 IC 190/599 x0=0.790476 velocity_parameter=-0.598167 elapsed=35.6706s written=0
  crossing 0/250
  stopped velocity row 23 IC 190 x0=0.790476 velocity_parameter=-0.598167 status=collision: trajectory reached the configured collision radius
velocity row 23/120 IC 200/599 x0=0.790483 velocity_parameter=-0.598167 elapsed=36.2187s written=0
  crossing 0/250
  stopped velocity row 23 IC 200 x0=0.790483 velocity_parameter=-0.598167 status=collision: trajectory reached the configured collision radius
velocity row 23/120 IC 208/599 x0=0.790489 velocity_parameter=-0.598167 elapsed=36.639s written=0
  crossing 0/250
  stopped velocity row 23 IC 208 x0=0.790489 velocity_parameter=-0.598167 status=collision: trajectory reached the configured collision radius
velocity row 24/120 IC 190/599 x0=0.790476 velocity_parameter=-0.582 elapsed=36.7138s written=0
  crossing 0/250
  stopped velocity row 24 IC 190 x0=0.790476 velocity_parameter=-0.582 status=collision: trajectory reached the configured collision radius
velocity row 24/120 IC 200/599 x0=0.790483 velocity_parameter=-0.582 elapsed=37.2758s written=0
  crossing 0/250
  stopped velocity row 24 IC 200 x0=0.790483 velocity_parameter=-0.582 status=collision: trajectory reached the configured collision radius
velocity row 24/120 IC 208/599 x0=0.790489 velocity_parameter=-0.582 elapsed=37.7217s written=0
  crossing 0/250
  stopped velocity row 24 IC 208 x0=0.790489 velocity_parameter=-0.582 status=collision: trajectory reached the configured collision radius
velocity row 25/120 IC 190/599 x0=0.790476 velocity_parameter=-0.565833 elapsed=37.7667s written=0
  crossing 0/250
  stopped velocity row 25 IC 190 x0=0.790476 velocity_parameter=-0.565833 status=collision: trajectory reached the configured collision radius
velocity row 25/120 IC 200/599 x0=0.790483 velocity_parameter=-0.565833 elapsed=38.25s written=0
  crossing 0/250
  stopped velocity row 25 IC 200 x0=0.790483 velocity_parameter=-0.565833 status=collision: trajectory reached the configured collision radius
velocity row 25/120 IC 208/599 x0=0.790489 velocity_parameter=-0.565833 elapsed=38.7362s written=0
  crossing 0/250
  stopped velocity row 25 IC 208 x0=0.790489 velocity_parameter=-0.565833 status=collision: trajectory reached the configured collision radius
velocity row 26/120 IC 190/599 x0=0.790476 velocity_parameter=-0.549667 elapsed=38.8087s written=0
  crossing 0/250
  stopped velocity row 26 IC 190 x0=0.790476 velocity_parameter=-0.549667 status=collision: trajectory reached the configured collision radius
velocity row 26/120 IC 200/599 x0=0.790483 velocity_parameter=-0.549667 elapsed=39.4101s written=0
  crossing 0/250
  stopped velocity row 26 IC 200 x0=0.790483 velocity_parameter=-0.549667 status=collision: trajectory reached the configured collision radius
velocity row 26/120 IC 208/599 x0=0.790489 velocity_parameter=-0.549667 elapsed=39.8043s written=0
  crossing 0/250
  stopped velocity row 26 IC 208 x0=0.790489 velocity_parameter=-0.549667 status=collision: trajectory reached the configured collision radius
velocity row 27/120 IC 190/599 x0=0.790476 velocity_parameter=-0.5335 elapsed=39.8431s written=0
  crossing 0/250
  stopped velocity row 27 IC 190 x0=0.790476 velocity_parameter=-0.5335 status=collision: trajectory reached the configured collision radius
velocity row 27/120 IC 200/599 x0=0.790483 velocity_parameter=-0.5335 elapsed=40.2757s written=0
  crossing 0/250
  stopped velocity row 27 IC 200 x0=0.790483 velocity_parameter=-0.5335 status=collision: trajectory reached the configured collision radius
velocity row 27/120 IC 208/599 x0=0.790489 velocity_parameter=-0.5335 elapsed=40.6087s written=0
  crossing 0/250
  stopped velocity row 27 IC 208 x0=0.790489 velocity_parameter=-0.5335 status=collision: trajectory reached the configured collision radius
velocity row 28/120 IC 190/599 x0=0.790476 velocity_parameter=-0.517333 elapsed=40.6506s written=0
  crossing 0/250
  stopped velocity row 28 IC 190 x0=0.790476 velocity_parameter=-0.517333 status=collision: trajectory reached the configured collision radius
velocity row 28/120 IC 200/599 x0=0.790483 velocity_parameter=-0.517333 elapsed=41.1398s written=0
  crossing 0/250
  stopped velocity row 28 IC 200 x0=0.790483 velocity_parameter=-0.517333 status=collision: trajectory reached the configured collision radius
velocity row 28/120 IC 208/599 x0=0.790489 velocity_parameter=-0.517333 elapsed=41.5493s written=0
  crossing 0/250
  stopped velocity row 28 IC 208 x0=0.790489 velocity_parameter=-0.517333 status=collision: trajectory reached the configured collision radius
velocity row 29/120 IC 190/599 x0=0.790476 velocity_parameter=-0.501167 elapsed=41.5878s written=0
  crossing 0/250
  stopped velocity row 29 IC 190 x0=0.790476 velocity_parameter=-0.501167 status=collision: trajectory reached the configured collision radius
velocity row 29/120 IC 200/599 x0=0.790483 velocity_parameter=-0.501167 elapsed=42.0243s written=0
  crossing 0/250
  stopped velocity row 29 IC 200 x0=0.790483 velocity_parameter=-0.501167 status=collision: trajectory reached the configured collision radius
velocity row 29/120 IC 208/599 x0=0.790489 velocity_parameter=-0.501167 elapsed=42.3919s written=0
  crossing 0/250
  stopped velocity row 29 IC 208 x0=0.790489 velocity_parameter=-0.501167 status=collision: trajectory reached the configured collision radius
velocity row 30/120 IC 190/599 x0=0.790476 velocity_parameter=-0.485 elapsed=42.4288s written=0
  crossing 0/250
  stopped velocity row 30 IC 190 x0=0.790476 velocity_parameter=-0.485 status=collision: trajectory reached the configured collision radius
velocity row 30/120 IC 200/599 x0=0.790483 velocity_parameter=-0.485 elapsed=42.8771s written=0
  crossing 0/250
  stopped velocity row 30 IC 200 x0=0.790483 velocity_parameter=-0.485 status=collision: trajectory reached the configured collision radius
velocity row 30/120 IC 208/599 x0=0.790489 velocity_parameter=-0.485 elapsed=43.1825s written=0
  crossing 0/250
  stopped velocity row 30 IC 208 x0=0.790489 velocity_parameter=-0.485 status=collision: trajectory reached the configured collision radius
velocity row 31/120 IC 190/599 x0=0.790476 velocity_parameter=-0.468833 elapsed=43.2192s written=0
  crossing 0/250
  stopped velocity row 31 IC 190 x0=0.790476 velocity_parameter=-0.468833 status=collision: trajectory reached the configured collision radius
velocity row 31/120 IC 200/599 x0=0.790483 velocity_parameter=-0.468833 elapsed=43.6841s written=0
  crossing 0/250
  stopped velocity row 31 IC 200 x0=0.790483 velocity_parameter=-0.468833 status=collision: trajectory reached the configured collision radius
velocity row 31/120 IC 208/599 x0=0.790489 velocity_parameter=-0.468833 elapsed=44.0705s written=0
  crossing 0/250
  stopped velocity row 31 IC 208 x0=0.790489 velocity_parameter=-0.468833 status=collision: trajectory reached the configured collision radius
velocity row 32/120 IC 190/599 x0=0.790476 velocity_parameter=-0.452667 elapsed=44.1083s written=0
  crossing 0/250
  stopped velocity row 32 IC 190 x0=0.790476 velocity_parameter=-0.452667 status=collision: trajectory reached the configured collision radius
velocity row 32/120 IC 200/599 x0=0.790483 velocity_parameter=-0.452667 elapsed=44.5442s written=0
  crossing 0/250
  stopped velocity row 32 IC 200 x0=0.790483 velocity_parameter=-0.452667 status=collision: trajectory reached the configured collision radius
velocity row 32/120 IC 208/599 x0=0.790489 velocity_parameter=-0.452667 elapsed=44.9655s written=0
  crossing 0/250
  stopped velocity row 32 IC 208 x0=0.790489 velocity_parameter=-0.452667 status=collision: trajectory reached the configured collision radius
velocity row 33/120 IC 190/599 x0=0.790476 velocity_parameter=-0.4365 elapsed=45.0276s written=0
  crossing 0/250
  stopped velocity row 33 IC 190 x0=0.790476 velocity_parameter=-0.4365 status=collision: trajectory reached the configured collision radius
velocity row 33/120 IC 200/599 x0=0.790483 velocity_parameter=-0.4365 elapsed=45.5246s written=0
  crossing 0/250
  stopped velocity row 33 IC 200 x0=0.790483 velocity_parameter=-0.4365 status=collision: trajectory reached the configured collision radius
velocity row 33/120 IC 208/599 x0=0.790489 velocity_parameter=-0.4365 elapsed=45.8783s written=0
  crossing 0/250
  stopped velocity row 33 IC 208 x0=0.790489 velocity_parameter=-0.4365 status=collision: trajectory reached the configured collision radius
velocity row 34/120 IC 190/599 x0=0.790476 velocity_parameter=-0.420333 elapsed=45.9177s written=0
  crossing 0/250
  stopped velocity row 34 IC 190 x0=0.790476 velocity_parameter=-0.420333 status=collision: trajectory reached the configured collision radius
velocity row 34/120 IC 200/599 x0=0.790483 velocity_parameter=-0.420333 elapsed=46.4207s written=0
  crossing 0/250
  stopped velocity row 34 IC 200 x0=0.790483 velocity_parameter=-0.420333 status=collision: trajectory reached the configured collision radius
velocity row 34/120 IC 208/599 x0=0.790489 velocity_parameter=-0.420333 elapsed=46.8021s written=0
  crossing 0/250
  stopped velocity row 34 IC 208 x0=0.790489 velocity_parameter=-0.420333 status=collision: trajectory reached the configured collision radius
velocity row 35/120 IC 190/599 x0=0.790476 velocity_parameter=-0.404167 elapsed=46.8401s written=0
  crossing 0/250
  stopped velocity row 35 IC 190 x0=0.790476 velocity_parameter=-0.404167 status=collision: trajectory reached the configured collision radius
velocity row 35/120 IC 200/599 x0=0.790483 velocity_parameter=-0.404167 elapsed=47.3704s written=0
  crossing 0/250
  stopped velocity row 35 IC 200 x0=0.790483 velocity_parameter=-0.404167 status=collision: trajectory reached the configured collision radius
velocity row 35/120 IC 208/599 x0=0.790489 velocity_parameter=-0.404167 elapsed=47.7655s written=0
  crossing 0/250
  stopped velocity row 35 IC 208 x0=0.790489 velocity_parameter=-0.404167 status=collision: trajectory reached the configured collision radius
velocity row 36/120 IC 190/599 x0=0.790476 velocity_parameter=-0.388 elapsed=47.813s written=0
  crossing 0/250
  stopped velocity row 36 IC 190 x0=0.790476 velocity_parameter=-0.388 status=collision: trajectory reached the configured collision radius
velocity row 36/120 IC 200/599 x0=0.790483 velocity_parameter=-0.388 elapsed=48.3087s written=0
  crossing 0/250
  stopped velocity row 36 IC 200 x0=0.790483 velocity_parameter=-0.388 status=collision: trajectory reached the configured collision radius
velocity row 36/120 IC 208/599 x0=0.790489 velocity_parameter=-0.388 elapsed=48.7244s written=0
  crossing 0/250
  stopped velocity row 36 IC 208 x0=0.790489 velocity_parameter=-0.388 status=collision: trajectory reached the configured collision radius
velocity row 37/120 IC 190/599 x0=0.790476 velocity_parameter=-0.371833 elapsed=48.7627s written=0
  crossing 0/250
  stopped velocity row 37 IC 190 x0=0.790476 velocity_parameter=-0.371833 status=collision: trajectory reached the configured collision radius
velocity row 37/120 IC 200/599 x0=0.790483 velocity_parameter=-0.371833 elapsed=49.2061s written=0
  crossing 0/250
  stopped velocity row 37 IC 200 x0=0.790483 velocity_parameter=-0.371833 status=collision: trajectory reached the configured collision radius
velocity row 37/120 IC 208/599 x0=0.790489 velocity_parameter=-0.371833 elapsed=49.5991s written=0
  crossing 0/250
  stopped velocity row 37 IC 208 x0=0.790489 velocity_parameter=-0.371833 status=collision: trajectory reached the configured collision radius
velocity row 38/120 IC 190/599 x0=0.790476 velocity_parameter=-0.355667 elapsed=49.6381s written=0
  crossing 0/250
  stopped velocity row 38 IC 190 x0=0.790476 velocity_parameter=-0.355667 status=collision: trajectory reached the configured collision radius
velocity row 38/120 IC 200/599 x0=0.790483 velocity_parameter=-0.355667 elapsed=50.0945s written=0
  crossing 0/250
  stopped velocity row 38 IC 200 x0=0.790483 velocity_parameter=-0.355667 status=collision: trajectory reached the configured collision radius
velocity row 38/120 IC 208/599 x0=0.790489 velocity_parameter=-0.355667 elapsed=50.4379s written=0
  crossing 0/250
  stopped velocity row 38 IC 208 x0=0.790489 velocity_parameter=-0.355667 status=collision: trajectory reached the configured collision radius
velocity row 39/120 IC 190/599 x0=0.790476 velocity_parameter=-0.3395 elapsed=50.4785s written=0
  crossing 0/250
  stopped velocity row 39 IC 190 x0=0.790476 velocity_parameter=-0.3395 status=collision: trajectory reached the configured collision radius
velocity row 39/120 IC 200/599 x0=0.790483 velocity_parameter=-0.3395 elapsed=50.9657s written=0
  crossing 0/250
  stopped velocity row 39 IC 200 x0=0.790483 velocity_parameter=-0.3395 status=collision: trajectory reached the configured collision radius
velocity row 39/120 IC 208/599 x0=0.790489 velocity_parameter=-0.3395 elapsed=51.2784s written=0
  crossing 0/250
  stopped velocity row 39 IC 208 x0=0.790489 velocity_parameter=-0.3395 status=collision: trajectory reached the configured collision radius
velocity row 40/120 IC 190/599 x0=0.790476 velocity_parameter=-0.323333 elapsed=51.3283s written=0
  crossing 0/250
  stopped velocity row 40 IC 190 x0=0.790476 velocity_parameter=-0.323333 status=collision: trajectory reached the configured collision radius
velocity row 40/120 IC 200/599 x0=0.790483 velocity_parameter=-0.323333 elapsed=51.7821s written=0
  crossing 0/250
  stopped velocity row 40 IC 200 x0=0.790483 velocity_parameter=-0.323333 status=collision: trajectory reached the configured collision radius
velocity row 40/120 IC 208/599 x0=0.790489 velocity_parameter=-0.323333 elapsed=52.0922s written=0
  crossing 0/250
  stopped velocity row 40 IC 208 x0=0.790489 velocity_parameter=-0.323333 status=collision: trajectory reached the configured collision radius
velocity row 41/120 IC 190/599 x0=0.790476 velocity_parameter=-0.307167 elapsed=52.1309s written=0
  crossing 0/250
  stopped velocity row 41 IC 190 x0=0.790476 velocity_parameter=-0.307167 status=collision: trajectory reached the configured collision radius
velocity row 41/120 IC 200/599 x0=0.790483 velocity_parameter=-0.307167 elapsed=52.5974s written=0
  crossing 0/250
  stopped velocity row 41 IC 200 x0=0.790483 velocity_parameter=-0.307167 status=collision: trajectory reached the configured collision radius
velocity row 41/120 IC 208/599 x0=0.790489 velocity_parameter=-0.307167 elapsed=52.9992s written=0
  crossing 0/250
  stopped velocity row 41 IC 208 x0=0.790489 velocity_parameter=-0.307167 status=collision: trajectory reached the configured collision radius
velocity row 42/120 IC 190/599 x0=0.790476 velocity_parameter=-0.291 elapsed=53.0583s written=0
  crossing 0/250
  stopped velocity row 42 IC 190 x0=0.790476 velocity_parameter=-0.291 status=collision: trajectory reached the configured collision radius
velocity row 42/120 IC 200/599 x0=0.790483 velocity_parameter=-0.291 elapsed=53.5264s written=0
  crossing 0/250
  stopped velocity row 42 IC 200 x0=0.790483 velocity_parameter=-0.291 status=collision: trajectory reached the configured collision radius
velocity row 42/120 IC 208/599 x0=0.790489 velocity_parameter=-0.291 elapsed=53.9323s written=0
  crossing 0/250
  stopped velocity row 42 IC 208 x0=0.790489 velocity_parameter=-0.291 status=collision: trajectory reached the configured collision radius
velocity row 43/120 IC 190/599 x0=0.790476 velocity_parameter=-0.274833 elapsed=54.0011s written=0
  crossing 0/250
  stopped velocity row 43 IC 190 x0=0.790476 velocity_parameter=-0.274833 status=collision: trajectory reached the configured collision radius
velocity row 43/120 IC 200/599 x0=0.790483 velocity_parameter=-0.274833 elapsed=54.4385s written=0
  crossing 0/250
  stopped velocity row 43 IC 200 x0=0.790483 velocity_parameter=-0.274833 status=collision: trajectory reached the configured collision radius
velocity row 43/120 IC 208/599 x0=0.790489 velocity_parameter=-0.274833 elapsed=54.7964s written=0
  crossing 0/250
  stopped velocity row 43 IC 208 x0=0.790489 velocity_parameter=-0.274833 status=collision: trajectory reached the configured collision radius
velocity row 44/120 IC 190/599 x0=0.790476 velocity_parameter=-0.258667 elapsed=54.8361s written=0
  crossing 0/250
  stopped velocity row 44 IC 190 x0=0.790476 velocity_parameter=-0.258667 status=collision: trajectory reached the configured collision radius
velocity row 44/120 IC 200/599 x0=0.790483 velocity_parameter=-0.258667 elapsed=55.2593s written=0
  crossing 0/250
  stopped velocity row 44 IC 200 x0=0.790483 velocity_parameter=-0.258667 status=collision: trajectory reached the configured collision radius
velocity row 44/120 IC 208/599 x0=0.790489 velocity_parameter=-0.258667 elapsed=55.6029s written=0
  crossing 0/250
  stopped velocity row 44 IC 208 x0=0.790489 velocity_parameter=-0.258667 status=collision: trajectory reached the configured collision radius
velocity row 45/120 IC 190/599 x0=0.790476 velocity_parameter=-0.2425 elapsed=55.6403s written=0
  crossing 0/250
  stopped velocity row 45 IC 190 x0=0.790476 velocity_parameter=-0.2425 status=collision: trajectory reached the configured collision radius
velocity row 45/120 IC 200/599 x0=0.790483 velocity_parameter=-0.2425 elapsed=56.0897s written=0
  crossing 0/250
  stopped velocity row 45 IC 200 x0=0.790483 velocity_parameter=-0.2425 status=collision: trajectory reached the configured collision radius
velocity row 45/120 IC 208/599 x0=0.790489 velocity_parameter=-0.2425 elapsed=56.4185s written=0
  crossing 0/250
  stopped velocity row 45 IC 208 x0=0.790489 velocity_parameter=-0.2425 status=collision: trajectory reached the configured collision radius
velocity row 46/120 IC 190/599 x0=0.790476 velocity_parameter=-0.226333 elapsed=56.4583s written=0
  crossing 0/250
  stopped velocity row 46 IC 190 x0=0.790476 velocity_parameter=-0.226333 status=collision: trajectory reached the configured collision radius
velocity row 46/120 IC 200/599 x0=0.790483 velocity_parameter=-0.226333 elapsed=57.0228s written=0
  crossing 0/250
  stopped velocity row 46 IC 200 x0=0.790483 velocity_parameter=-0.226333 status=collision: trajectory reached the configured collision radius
velocity row 46/120 IC 208/599 x0=0.790489 velocity_parameter=-0.226333 elapsed=57.3741s written=0
  crossing 0/250
  stopped velocity row 46 IC 208 x0=0.790489 velocity_parameter=-0.226333 status=collision: trajectory reached the configured collision radius
velocity row 47/120 IC 190/599 x0=0.790476 velocity_parameter=-0.210167 elapsed=57.4302s written=0
  crossing 0/250
  stopped velocity row 47 IC 190 x0=0.790476 velocity_parameter=-0.210167 status=collision: trajectory reached the configured collision radius
velocity row 47/120 IC 200/599 x0=0.790483 velocity_parameter=-0.210167 elapsed=57.8857s written=0
  crossing 0/250
  stopped velocity row 47 IC 200 x0=0.790483 velocity_parameter=-0.210167 status=collision: trajectory reached the configured collision radius
velocity row 47/120 IC 208/599 x0=0.790489 velocity_parameter=-0.210167 elapsed=58.2538s written=0
  crossing 0/250
  stopped velocity row 47 IC 208 x0=0.790489 velocity_parameter=-0.210167 status=collision: trajectory reached the configured collision radius
velocity row 48/120 IC 190/599 x0=0.790476 velocity_parameter=-0.194 elapsed=58.292s written=0
  crossing 0/250
  stopped velocity row 48 IC 190 x0=0.790476 velocity_parameter=-0.194 status=collision: trajectory reached the configured collision radius
velocity row 48/120 IC 200/599 x0=0.790483 velocity_parameter=-0.194 elapsed=58.7484s written=0
  crossing 0/250
  stopped velocity row 48 IC 200 x0=0.790483 velocity_parameter=-0.194 status=collision: trajectory reached the configured collision radius
velocity row 48/120 IC 208/599 x0=0.790489 velocity_parameter=-0.194 elapsed=59.1132s written=0
  crossing 0/250
  stopped velocity row 48 IC 208 x0=0.790489 velocity_parameter=-0.194 status=collision: trajectory reached the configured collision radius
velocity row 49/120 IC 190/599 x0=0.790476 velocity_parameter=-0.177833 elapsed=59.1512s written=0
  crossing 0/250
  stopped velocity row 49 IC 190 x0=0.790476 velocity_parameter=-0.177833 status=collision: trajectory reached the configured collision radius
velocity row 49/120 IC 200/599 x0=0.790483 velocity_parameter=-0.177833 elapsed=59.6369s written=0
  crossing 0/250
  stopped velocity row 49 IC 200 x0=0.790483 velocity_parameter=-0.177833 status=collision: trajectory reached the configured collision radius
velocity row 49/120 IC 208/599 x0=0.790489 velocity_parameter=-0.177833 elapsed=60.0459s written=0
  crossing 0/250
  stopped velocity row 49 IC 208 x0=0.790489 velocity_parameter=-0.177833 status=collision: trajectory reached the configured collision radius
velocity row 50/120 IC 190/599 x0=0.790476 velocity_parameter=-0.161667 elapsed=60.0903s written=0
  crossing 0/250
  stopped velocity row 50 IC 190 x0=0.790476 velocity_parameter=-0.161667 status=collision: trajectory reached the configured collision radius
velocity row 50/120 IC 200/599 x0=0.790483 velocity_parameter=-0.161667 elapsed=60.5303s written=0
  crossing 0/250
  stopped velocity row 50 IC 200 x0=0.790483 velocity_parameter=-0.161667 status=collision: trajectory reached the configured collision radius
velocity row 50/120 IC 208/599 x0=0.790489 velocity_parameter=-0.161667 elapsed=60.8473s written=0
  crossing 0/250
  stopped velocity row 50 IC 208 x0=0.790489 velocity_parameter=-0.161667 status=collision: trajectory reached the configured collision radius
velocity row 51/120 IC 190/599 x0=0.790476 velocity_parameter=-0.1455 elapsed=60.8848s written=0
  crossing 0/250
  stopped velocity row 51 IC 190 x0=0.790476 velocity_parameter=-0.1455 status=collision: trajectory reached the configured collision radius
velocity row 51/120 IC 200/599 x0=0.790483 velocity_parameter=-0.1455 elapsed=61.2962s written=0
  crossing 0/250
  stopped velocity row 51 IC 200 x0=0.790483 velocity_parameter=-0.1455 status=collision: trajectory reached the configured collision radius
velocity row 51/120 IC 208/599 x0=0.790489 velocity_parameter=-0.1455 elapsed=61.7318s written=0
  crossing 0/250
  stopped velocity row 51 IC 208 x0=0.790489 velocity_parameter=-0.1455 status=collision: trajectory reached the configured collision radius
velocity row 52/120 IC 190/599 x0=0.790476 velocity_parameter=-0.129333 elapsed=61.7711s written=0
  crossing 0/250
  stopped velocity row 52 IC 190 x0=0.790476 velocity_parameter=-0.129333 status=collision: trajectory reached the configured collision radius
velocity row 52/120 IC 200/599 x0=0.790483 velocity_parameter=-0.129333 elapsed=62.187s written=0
  crossing 0/250
  stopped velocity row 52 IC 200 x0=0.790483 velocity_parameter=-0.129333 status=collision: trajectory reached the configured collision radius
velocity row 52/120 IC 208/599 x0=0.790489 velocity_parameter=-0.129333 elapsed=62.5517s written=0
  crossing 0/250
  stopped velocity row 52 IC 208 x0=0.790489 velocity_parameter=-0.129333 status=collision: trajectory reached the configured collision radius
velocity row 53/120 IC 190/599 x0=0.790476 velocity_parameter=-0.113167 elapsed=62.5892s written=0
  crossing 0/250
  stopped velocity row 53 IC 190 x0=0.790476 velocity_parameter=-0.113167 status=collision: trajectory reached the configured collision radius
velocity row 53/120 IC 200/599 x0=0.790483 velocity_parameter=-0.113167 elapsed=63.1007s written=0
  crossing 0/250
  stopped velocity row 53 IC 200 x0=0.790483 velocity_parameter=-0.113167 status=collision: trajectory reached the configured collision radius
velocity row 53/120 IC 208/599 x0=0.790489 velocity_parameter=-0.113167 elapsed=63.4481s written=0
  crossing 0/250
  stopped velocity row 53 IC 208 x0=0.790489 velocity_parameter=-0.113167 status=collision: trajectory reached the configured collision radius
velocity row 54/120 IC 190/599 x0=0.790476 velocity_parameter=-0.097 elapsed=63.4857s written=0
  crossing 0/250
  stopped velocity row 54 IC 190 x0=0.790476 velocity_parameter=-0.097 status=collision: trajectory reached the configured collision radius
velocity row 54/120 IC 200/599 x0=0.790483 velocity_parameter=-0.097 elapsed=63.9187s written=0
  crossing 0/250
  stopped velocity row 54 IC 200 x0=0.790483 velocity_parameter=-0.097 status=collision: trajectory reached the configured collision radius
velocity row 54/120 IC 208/599 x0=0.790489 velocity_parameter=-0.097 elapsed=64.2555s written=0
  crossing 0/250
  stopped velocity row 54 IC 208 x0=0.790489 velocity_parameter=-0.097 status=collision: trajectory reached the configured collision radius
velocity row 55/120 IC 190/599 x0=0.790476 velocity_parameter=-0.0808333 elapsed=64.2931s written=0
  crossing 0/250
  stopped velocity row 55 IC 190 x0=0.790476 velocity_parameter=-0.0808333 status=collision: trajectory reached the configured collision radius
velocity row 55/120 IC 200/599 x0=0.790483 velocity_parameter=-0.0808333 elapsed=64.6754s written=0
  crossing 0/250
  stopped velocity row 55 IC 200 x0=0.790483 velocity_parameter=-0.0808333 status=collision: trajectory reached the configured collision radius
velocity row 55/120 IC 208/599 x0=0.790489 velocity_parameter=-0.0808333 elapsed=65.0579s written=0
  crossing 0/250
  stopped velocity row 55 IC 208 x0=0.790489 velocity_parameter=-0.0808333 status=collision: trajectory reached the configured collision radius
velocity row 56/120 IC 190/599 x0=0.790476 velocity_parameter=-0.0646667 elapsed=65.1117s written=0
  crossing 0/250
  stopped velocity row 56 IC 190 x0=0.790476 velocity_parameter=-0.0646667 status=collision: trajectory reached the configured collision radius
velocity row 56/120 IC 200/599 x0=0.790483 velocity_parameter=-0.0646667 elapsed=65.6009s written=0
  crossing 0/250
  stopped velocity row 56 IC 200 x0=0.790483 velocity_parameter=-0.0646667 status=collision: trajectory reached the configured collision radius
velocity row 56/120 IC 208/599 x0=0.790489 velocity_parameter=-0.0646667 elapsed=65.9313s written=0
  crossing 0/250
  stopped velocity row 56 IC 208 x0=0.790489 velocity_parameter=-0.0646667 status=collision: trajectory reached the configured collision radius
velocity row 57/120 IC 190/599 x0=0.790476 velocity_parameter=-0.0485 elapsed=65.969s written=0
  crossing 0/250
  stopped velocity row 57 IC 190 x0=0.790476 velocity_parameter=-0.0485 status=collision: trajectory reached the configured collision radius
velocity row 57/120 IC 200/599 x0=0.790483 velocity_parameter=-0.0485 elapsed=66.4207s written=0
  crossing 0/250
  stopped velocity row 57 IC 200 x0=0.790483 velocity_parameter=-0.0485 status=collision: trajectory reached the configured collision radius
velocity row 57/120 IC 208/599 x0=0.790489 velocity_parameter=-0.0485 elapsed=66.7543s written=0
  crossing 0/250
  stopped velocity row 57 IC 208 x0=0.790489 velocity_parameter=-0.0485 status=collision: trajectory reached the configured collision radius
velocity row 58/120 IC 190/599 x0=0.790476 velocity_parameter=-0.0323333 elapsed=66.7917s written=0
  crossing 0/250
  stopped velocity row 58 IC 190 x0=0.790476 velocity_parameter=-0.0323333 status=collision: trajectory reached the configured collision radius
velocity row 58/120 IC 200/599 x0=0.790483 velocity_parameter=-0.0323333 elapsed=67.2399s written=0
  crossing 0/250
  stopped velocity row 58 IC 200 x0=0.790483 velocity_parameter=-0.0323333 status=collision: trajectory reached the configured collision radius
velocity row 58/120 IC 208/599 x0=0.790489 velocity_parameter=-0.0323333 elapsed=67.6183s written=0
  crossing 0/250
  stopped velocity row 58 IC 208 x0=0.790489 velocity_parameter=-0.0323333 status=collision: trajectory reached the configured collision radius
velocity row 59/120 IC 190/599 x0=0.790476 velocity_parameter=-0.0161667 elapsed=67.6563s written=0
  crossing 0/250
  stopped velocity row 59 IC 190 x0=0.790476 velocity_parameter=-0.0161667 status=collision: trajectory reached the configured collision radius
velocity row 59/120 IC 200/599 x0=0.790483 velocity_parameter=-0.0161667 elapsed=68.1025s written=0
  crossing 0/250
  stopped velocity row 59 IC 200 x0=0.790483 velocity_parameter=-0.0161667 status=collision: trajectory reached the configured collision radius
velocity row 59/120 IC 208/599 x0=0.790489 velocity_parameter=-0.0161667 elapsed=68.4246s written=0
  crossing 0/250
  stopped velocity row 59 IC 208 x0=0.790489 velocity_parameter=-0.0161667 status=collision: trajectory reached the configured collision radius
velocity row 60/120 IC 190/599 x0=0.790476 velocity_parameter=0 elapsed=68.4665s written=0
  crossing 0/250
  stopped velocity row 60 IC 190 x0=0.790476 velocity_parameter=0 status=collision: trajectory reached the configured collision radius
velocity row 60/120 IC 200/599 x0=0.790483 velocity_parameter=0 elapsed=68.8903s written=0
  crossing 0/250
  stopped velocity row 60 IC 200 x0=0.790483 velocity_parameter=0 status=collision: trajectory reached the configured collision radius
velocity row 60/120 IC 208/599 x0=0.790489 velocity_parameter=0 elapsed=69.2121s written=0
  crossing 0/250
  stopped velocity row 60 IC 208 x0=0.790489 velocity_parameter=0 status=collision: trajectory reached the configured collision radius
velocity row 61/120 IC 190/599 x0=0.790476 velocity_parameter=0.0161667 elapsed=69.2499s written=0
  crossing 0/250
  stopped velocity row 61 IC 190 x0=0.790476 velocity_parameter=0.0161667 status=collision: trajectory reached the configured collision radius
velocity row 61/120 IC 200/599 x0=0.790483 velocity_parameter=0.0161667 elapsed=69.6799s written=0
  crossing 0/250
  stopped velocity row 61 IC 200 x0=0.790483 velocity_parameter=0.0161667 status=collision: trajectory reached the configured collision radius
velocity row 61/120 IC 208/599 x0=0.790489 velocity_parameter=0.0161667 elapsed=70.0617s written=0
  crossing 0/250
  stopped velocity row 61 IC 208 x0=0.790489 velocity_parameter=0.0161667 status=collision: trajectory reached the configured collision radius
velocity row 62/120 IC 190/599 x0=0.790476 velocity_parameter=0.0323333 elapsed=70.1069s written=0
  crossing 0/250
  stopped velocity row 62 IC 190 x0=0.790476 velocity_parameter=0.0323333 status=collision: trajectory reached the configured collision radius
velocity row 62/120 IC 200/599 x0=0.790483 velocity_parameter=0.0323333 elapsed=70.556s written=0
  crossing 0/250
  stopped velocity row 62 IC 200 x0=0.790483 velocity_parameter=0.0323333 status=collision: trajectory reached the configured collision radius
velocity row 62/120 IC 208/599 x0=0.790489 velocity_parameter=0.0323333 elapsed=70.8578s written=0
  crossing 0/250
  stopped velocity row 62 IC 208 x0=0.790489 velocity_parameter=0.0323333 status=collision: trajectory reached the configured collision radius
velocity row 63/120 IC 190/599 x0=0.790476 velocity_parameter=0.0485 elapsed=70.8955s written=0
  crossing 0/250
  stopped velocity row 63 IC 190 x0=0.790476 velocity_parameter=0.0485 status=collision: trajectory reached the configured collision radius
velocity row 63/120 IC 200/599 x0=0.790483 velocity_parameter=0.0485 elapsed=71.3069s written=0
  crossing 0/250
  stopped velocity row 63 IC 200 x0=0.790483 velocity_parameter=0.0485 status=collision: trajectory reached the configured collision radius
velocity row 63/120 IC 208/599 x0=0.790489 velocity_parameter=0.0485 elapsed=71.6731s written=0
  crossing 0/250
  stopped velocity row 63 IC 208 x0=0.790489 velocity_parameter=0.0485 status=collision: trajectory reached the configured collision radius
velocity row 64/120 IC 190/599 x0=0.790476 velocity_parameter=0.0646667 elapsed=71.7107s written=0
  crossing 0/250
  stopped velocity row 64 IC 190 x0=0.790476 velocity_parameter=0.0646667 status=collision: trajectory reached the configured collision radius
velocity row 64/120 IC 200/599 x0=0.790483 velocity_parameter=0.0646667 elapsed=72.1512s written=0
  crossing 0/250
  stopped velocity row 64 IC 200 x0=0.790483 velocity_parameter=0.0646667 status=collision: trajectory reached the configured collision radius
velocity row 64/120 IC 208/599 x0=0.790489 velocity_parameter=0.0646667 elapsed=72.4664s written=0
  crossing 0/250
  stopped velocity row 64 IC 208 x0=0.790489 velocity_parameter=0.0646667 status=collision: trajectory reached the configured collision radius
velocity row 65/120 IC 190/599 x0=0.790476 velocity_parameter=0.0808333 elapsed=72.5031s written=0
  crossing 0/250
  stopped velocity row 65 IC 190 x0=0.790476 velocity_parameter=0.0808333 status=collision: trajectory reached the configured collision radius
velocity row 65/120 IC 200/599 x0=0.790483 velocity_parameter=0.0808333 elapsed=72.9002s written=0
  crossing 0/250
  stopped velocity row 65 IC 200 x0=0.790483 velocity_parameter=0.0808333 status=collision: trajectory reached the configured collision radius
velocity row 65/120 IC 208/599 x0=0.790489 velocity_parameter=0.0808333 elapsed=73.2248s written=0
  crossing 0/250
  stopped velocity row 65 IC 208 x0=0.790489 velocity_parameter=0.0808333 status=collision: trajectory reached the configured collision radius
velocity row 66/120 IC 190/599 x0=0.790476 velocity_parameter=0.097 elapsed=73.2613s written=0
  crossing 0/250
  stopped velocity row 66 IC 190 x0=0.790476 velocity_parameter=0.097 status=collision: trajectory reached the configured collision radius
velocity row 66/120 IC 200/599 x0=0.790483 velocity_parameter=0.097 elapsed=73.7011s written=0
  crossing 0/250
  stopped velocity row 66 IC 200 x0=0.790483 velocity_parameter=0.097 status=collision: trajectory reached the configured collision radius
velocity row 66/120 IC 208/599 x0=0.790489 velocity_parameter=0.097 elapsed=74.0111s written=0
  crossing 0/250
  stopped velocity row 66 IC 208 x0=0.790489 velocity_parameter=0.097 status=collision: trajectory reached the configured collision radius
velocity row 67/120 IC 190/599 x0=0.790476 velocity_parameter=0.113167 elapsed=74.057s written=0
  crossing 0/250
  stopped velocity row 67 IC 190 x0=0.790476 velocity_parameter=0.113167 status=collision: trajectory reached the configured collision radius
velocity row 67/120 IC 200/599 x0=0.790483 velocity_parameter=0.113167 elapsed=74.4918s written=0
  crossing 0/250
  stopped velocity row 67 IC 200 x0=0.790483 velocity_parameter=0.113167 status=collision: trajectory reached the configured collision radius
velocity row 67/120 IC 208/599 x0=0.790489 velocity_parameter=0.113167 elapsed=74.8182s written=0
  crossing 0/250
  stopped velocity row 67 IC 208 x0=0.790489 velocity_parameter=0.113167 status=collision: trajectory reached the configured collision radius
velocity row 68/120 IC 190/599 x0=0.790476 velocity_parameter=0.129333 elapsed=74.8551s written=0
  crossing 0/250
  stopped velocity row 68 IC 190 x0=0.790476 velocity_parameter=0.129333 status=collision: trajectory reached the configured collision radius
velocity row 68/120 IC 200/599 x0=0.790483 velocity_parameter=0.129333 elapsed=75.2857s written=0
  crossing 0/250
  stopped velocity row 68 IC 200 x0=0.790483 velocity_parameter=0.129333 status=collision: trajectory reached the configured collision radius
velocity row 68/120 IC 208/599 x0=0.790489 velocity_parameter=0.129333 elapsed=75.6092s written=0
  crossing 0/250
  stopped velocity row 68 IC 208 x0=0.790489 velocity_parameter=0.129333 status=collision: trajectory reached the configured collision radius
velocity row 69/120 IC 190/599 x0=0.790476 velocity_parameter=0.1455 elapsed=75.6616s written=0
  crossing 0/250
  stopped velocity row 69 IC 190 x0=0.790476 velocity_parameter=0.1455 status=collision: trajectory reached the configured collision radius
velocity row 69/120 IC 200/599 x0=0.790483 velocity_parameter=0.1455 elapsed=76.089s written=0
  crossing 0/250
  stopped velocity row 69 IC 200 x0=0.790483 velocity_parameter=0.1455 status=collision: trajectory reached the configured collision radius
velocity row 69/120 IC 208/599 x0=0.790489 velocity_parameter=0.1455 elapsed=76.3983s written=0
  crossing 0/250
  stopped velocity row 69 IC 208 x0=0.790489 velocity_parameter=0.1455 status=collision: trajectory reached the configured collision radius
velocity row 70/120 IC 190/599 x0=0.790476 velocity_parameter=0.161667 elapsed=76.4344s written=0
  crossing 0/250
  stopped velocity row 70 IC 190 x0=0.790476 velocity_parameter=0.161667 status=collision: trajectory reached the configured collision radius
velocity row 70/120 IC 200/599 x0=0.790483 velocity_parameter=0.161667 elapsed=76.8488s written=0
  crossing 0/250
  stopped velocity row 70 IC 200 x0=0.790483 velocity_parameter=0.161667 status=collision: trajectory reached the configured collision radius
velocity row 70/120 IC 208/599 x0=0.790489 velocity_parameter=0.161667 elapsed=77.1463s written=0
  crossing 0/250
  stopped velocity row 70 IC 208 x0=0.790489 velocity_parameter=0.161667 status=collision: trajectory reached the configured collision radius
velocity row 71/120 IC 190/599 x0=0.790476 velocity_parameter=0.177833 elapsed=77.1945s written=0
  crossing 0/250
  stopped velocity row 71 IC 190 x0=0.790476 velocity_parameter=0.177833 status=collision: trajectory reached the configured collision radius
velocity row 71/120 IC 200/599 x0=0.790483 velocity_parameter=0.177833 elapsed=77.6054s written=0
  crossing 0/250
  stopped velocity row 71 IC 200 x0=0.790483 velocity_parameter=0.177833 status=collision: trajectory reached the configured collision radius
velocity row 71/120 IC 208/599 x0=0.790489 velocity_parameter=0.177833 elapsed=77.9357s written=0
  crossing 0/250
  stopped velocity row 71 IC 208 x0=0.790489 velocity_parameter=0.177833 status=collision: trajectory reached the configured collision radius
velocity row 72/120 IC 190/599 x0=0.790476 velocity_parameter=0.194 elapsed=77.9927s written=0
  crossing 0/250
  stopped velocity row 72 IC 190 x0=0.790476 velocity_parameter=0.194 status=collision: trajectory reached the configured collision radius
velocity row 72/120 IC 200/599 x0=0.790483 velocity_parameter=0.194 elapsed=78.4722s written=0
  crossing 0/250
  stopped velocity row 72 IC 200 x0=0.790483 velocity_parameter=0.194 status=collision: trajectory reached the configured collision radius
velocity row 72/120 IC 208/599 x0=0.790489 velocity_parameter=0.194 elapsed=78.7969s written=0
  crossing 0/250
  stopped velocity row 72 IC 208 x0=0.790489 velocity_parameter=0.194 status=collision: trajectory reached the configured collision radius
velocity row 73/120 IC 190/599 x0=0.790476 velocity_parameter=0.210167 elapsed=78.8346s written=0
  crossing 0/250
  stopped velocity row 73 IC 190 x0=0.790476 velocity_parameter=0.210167 status=collision: trajectory reached the configured collision radius
velocity row 73/120 IC 200/599 x0=0.790483 velocity_parameter=0.210167 elapsed=79.2578s written=0
  crossing 0/250
  stopped velocity row 73 IC 200 x0=0.790483 velocity_parameter=0.210167 status=collision: trajectory reached the configured collision radius
velocity row 73/120 IC 208/599 x0=0.790489 velocity_parameter=0.210167 elapsed=79.6527s written=0
  crossing 0/250
  stopped velocity row 73 IC 208 x0=0.790489 velocity_parameter=0.210167 status=collision: trajectory reached the configured collision radius
velocity row 74/120 IC 190/599 x0=0.790476 velocity_parameter=0.226333 elapsed=79.6901s written=0
  crossing 0/250
  stopped velocity row 74 IC 190 x0=0.790476 velocity_parameter=0.226333 status=collision: trajectory reached the configured collision radius
velocity row 74/120 IC 200/599 x0=0.790483 velocity_parameter=0.226333 elapsed=80.065s written=0
  crossing 0/250
  stopped velocity row 74 IC 200 x0=0.790483 velocity_parameter=0.226333 status=collision: trajectory reached the configured collision radius
velocity row 74/120 IC 208/599 x0=0.790489 velocity_parameter=0.226333 elapsed=80.398s written=0
  crossing 0/250
  stopped velocity row 74 IC 208 x0=0.790489 velocity_parameter=0.226333 status=collision: trajectory reached the configured collision radius
velocity row 75/120 IC 190/599 x0=0.790476 velocity_parameter=0.2425 elapsed=80.4343s written=0
  crossing 0/250
  stopped velocity row 75 IC 190 x0=0.790476 velocity_parameter=0.2425 status=collision: trajectory reached the configured collision radius
velocity row 75/120 IC 200/599 x0=0.790483 velocity_parameter=0.2425 elapsed=80.8586s written=0
  crossing 0/250
  stopped velocity row 75 IC 200 x0=0.790483 velocity_parameter=0.2425 status=collision: trajectory reached the configured collision radius
velocity row 75/120 IC 208/599 x0=0.790489 velocity_parameter=0.2425 elapsed=81.176s written=0
  crossing 0/250
  stopped velocity row 75 IC 208 x0=0.790489 velocity_parameter=0.2425 status=collision: trajectory reached the configured collision radius
velocity row 76/120 IC 190/599 x0=0.790476 velocity_parameter=0.258667 elapsed=81.2135s written=0
  crossing 0/250
  stopped velocity row 76 IC 190 x0=0.790476 velocity_parameter=0.258667 status=collision: trajectory reached the configured collision radius
velocity row 76/120 IC 200/599 x0=0.790483 velocity_parameter=0.258667 elapsed=81.6011s written=0
  crossing 0/250
  stopped velocity row 76 IC 200 x0=0.790483 velocity_parameter=0.258667 status=collision: trajectory reached the configured collision radius
velocity row 76/120 IC 208/599 x0=0.790489 velocity_parameter=0.258667 elapsed=81.9211s written=0
  crossing 0/250
  stopped velocity row 76 IC 208 x0=0.790489 velocity_parameter=0.258667 status=collision: trajectory reached the configured collision radius
velocity row 77/120 IC 190/599 x0=0.790476 velocity_parameter=0.274833 elapsed=81.958s written=0
  crossing 0/250
  stopped velocity row 77 IC 190 x0=0.790476 velocity_parameter=0.274833 status=collision: trajectory reached the configured collision radius
velocity row 77/120 IC 200/599 x0=0.790483 velocity_parameter=0.274833 elapsed=82.3411s written=0
  crossing 0/250
  stopped velocity row 77 IC 200 x0=0.790483 velocity_parameter=0.274833 status=collision: trajectory reached the configured collision radius
velocity row 77/120 IC 208/599 x0=0.790489 velocity_parameter=0.274833 elapsed=82.6913s written=0
  crossing 0/250
  stopped velocity row 77 IC 208 x0=0.790489 velocity_parameter=0.274833 status=collision: trajectory reached the configured collision radius
velocity row 78/120 IC 190/599 x0=0.790476 velocity_parameter=0.291 elapsed=82.7636s written=0
  crossing 0/250
  stopped velocity row 78 IC 190 x0=0.790476 velocity_parameter=0.291 status=collision: trajectory reached the configured collision radius
velocity row 78/120 IC 200/599 x0=0.790483 velocity_parameter=0.291 elapsed=83.1751s written=0
  crossing 0/250
  stopped velocity row 78 IC 200 x0=0.790483 velocity_parameter=0.291 status=collision: trajectory reached the configured collision radius
velocity row 78/120 IC 208/599 x0=0.790489 velocity_parameter=0.291 elapsed=83.5266s written=0
  crossing 0/250
  stopped velocity row 78 IC 208 x0=0.790489 velocity_parameter=0.291 status=collision: trajectory reached the configured collision radius
velocity row 79/120 IC 190/599 x0=0.790476 velocity_parameter=0.307167 elapsed=83.5645s written=0
  crossing 0/250
  stopped velocity row 79 IC 190 x0=0.790476 velocity_parameter=0.307167 status=collision: trajectory reached the configured collision radius
velocity row 79/120 IC 200/599 x0=0.790483 velocity_parameter=0.307167 elapsed=84.02s written=0
  crossing 0/250
  stopped velocity row 79 IC 200 x0=0.790483 velocity_parameter=0.307167 status=collision: trajectory reached the configured collision radius
velocity row 79/120 IC 208/599 x0=0.790489 velocity_parameter=0.307167 elapsed=84.3571s written=0
  crossing 0/250
  stopped velocity row 79 IC 208 x0=0.790489 velocity_parameter=0.307167 status=collision: trajectory reached the configured collision radius
velocity row 80/120 IC 190/599 x0=0.790476 velocity_parameter=0.323333 elapsed=84.395s written=0
  crossing 0/250
  stopped velocity row 80 IC 190 x0=0.790476 velocity_parameter=0.323333 status=collision: trajectory reached the configured collision radius
velocity row 80/120 IC 200/599 x0=0.790483 velocity_parameter=0.323333 elapsed=84.7853s written=0
  crossing 0/250
  stopped velocity row 80 IC 200 x0=0.790483 velocity_parameter=0.323333 status=collision: trajectory reached the configured collision radius
velocity row 80/120 IC 208/599 x0=0.790489 velocity_parameter=0.323333 elapsed=85.094s written=0
  crossing 0/250
  stopped velocity row 80 IC 208 x0=0.790489 velocity_parameter=0.323333 status=collision: trajectory reached the configured collision radius
velocity row 81/120 IC 190/599 x0=0.790476 velocity_parameter=0.3395 elapsed=85.1309s written=0
  crossing 0/250
  stopped velocity row 81 IC 190 x0=0.790476 velocity_parameter=0.3395 status=collision: trajectory reached the configured collision radius
velocity row 81/120 IC 200/599 x0=0.790483 velocity_parameter=0.3395 elapsed=85.5917s written=0
  crossing 0/250
  stopped velocity row 81 IC 200 x0=0.790483 velocity_parameter=0.3395 status=collision: trajectory reached the configured collision radius
velocity row 81/120 IC 208/599 x0=0.790489 velocity_parameter=0.3395 elapsed=85.9349s written=0
  crossing 0/250
  stopped velocity row 81 IC 208 x0=0.790489 velocity_parameter=0.3395 status=collision: trajectory reached the configured collision radius
velocity row 82/120 IC 190/599 x0=0.790476 velocity_parameter=0.355667 elapsed=86.0015s written=0
  crossing 0/250
  stopped velocity row 82 IC 190 x0=0.790476 velocity_parameter=0.355667 status=collision: trajectory reached the configured collision radius
velocity row 82/120 IC 200/599 x0=0.790483 velocity_parameter=0.355667 elapsed=86.4483s written=0
  crossing 0/250
  stopped velocity row 82 IC 200 x0=0.790483 velocity_parameter=0.355667 status=collision: trajectory reached the configured collision radius
velocity row 82/120 IC 208/599 x0=0.790489 velocity_parameter=0.355667 elapsed=86.7606s written=0
  crossing 0/250
  stopped velocity row 82 IC 208 x0=0.790489 velocity_parameter=0.355667 status=collision: trajectory reached the configured collision radius
velocity row 83/120 IC 190/599 x0=0.790476 velocity_parameter=0.371833 elapsed=86.8004s written=0
  crossing 0/250
  stopped velocity row 83 IC 190 x0=0.790476 velocity_parameter=0.371833 status=collision: trajectory reached the configured collision radius
velocity row 83/120 IC 200/599 x0=0.790483 velocity_parameter=0.371833 elapsed=87.1723s written=0
  crossing 0/250
  stopped velocity row 83 IC 200 x0=0.790483 velocity_parameter=0.371833 status=collision: trajectory reached the configured collision radius
velocity row 83/120 IC 208/599 x0=0.790489 velocity_parameter=0.371833 elapsed=87.4737s written=0
  crossing 0/250
  stopped velocity row 83 IC 208 x0=0.790489 velocity_parameter=0.371833 status=collision: trajectory reached the configured collision radius
velocity row 84/120 IC 190/599 x0=0.790476 velocity_parameter=0.388 elapsed=87.5106s written=0
  crossing 0/250
  stopped velocity row 84 IC 190 x0=0.790476 velocity_parameter=0.388 status=collision: trajectory reached the configured collision radius
velocity row 84/120 IC 200/599 x0=0.790483 velocity_parameter=0.388 elapsed=87.8817s written=0
  crossing 0/250
  stopped velocity row 84 IC 200 x0=0.790483 velocity_parameter=0.388 status=collision: trajectory reached the configured collision radius
velocity row 84/120 IC 208/599 x0=0.790489 velocity_parameter=0.388 elapsed=88.2138s written=0
  crossing 0/250
  stopped velocity row 84 IC 208 x0=0.790489 velocity_parameter=0.388 status=collision: trajectory reached the configured collision radius
velocity row 85/120 IC 190/599 x0=0.790476 velocity_parameter=0.404167 elapsed=88.2508s written=0
  crossing 0/250
  stopped velocity row 85 IC 190 x0=0.790476 velocity_parameter=0.404167 status=collision: trajectory reached the configured collision radius
velocity row 85/120 IC 200/599 x0=0.790483 velocity_parameter=0.404167 elapsed=88.6397s written=0
  crossing 0/250
  stopped velocity row 85 IC 200 x0=0.790483 velocity_parameter=0.404167 status=collision: trajectory reached the configured collision radius
velocity row 85/120 IC 208/599 x0=0.790489 velocity_parameter=0.404167 elapsed=88.9466s written=0
  crossing 0/250
  stopped velocity row 85 IC 208 x0=0.790489 velocity_parameter=0.404167 status=collision: trajectory reached the configured collision radius
velocity row 86/120 IC 190/599 x0=0.790476 velocity_parameter=0.420333 elapsed=89.0149s written=0
  crossing 0/250
  stopped velocity row 86 IC 190 x0=0.790476 velocity_parameter=0.420333 status=collision: trajectory reached the configured collision radius
velocity row 86/120 IC 200/599 x0=0.790483 velocity_parameter=0.420333 elapsed=89.3896s written=0
  crossing 0/250
  stopped velocity row 86 IC 200 x0=0.790483 velocity_parameter=0.420333 status=collision: trajectory reached the configured collision radius
velocity row 86/120 IC 208/599 x0=0.790489 velocity_parameter=0.420333 elapsed=89.6906s written=0
  crossing 0/250
  stopped velocity row 86 IC 208 x0=0.790489 velocity_parameter=0.420333 status=collision: trajectory reached the configured collision radius
velocity row 87/120 IC 190/599 x0=0.790476 velocity_parameter=0.4365 elapsed=89.7599s written=0
  crossing 0/250
  stopped velocity row 87 IC 190 x0=0.790476 velocity_parameter=0.4365 status=collision: trajectory reached the configured collision radius
velocity row 87/120 IC 200/599 x0=0.790483 velocity_parameter=0.4365 elapsed=90.1671s written=0
  crossing 0/250
  stopped velocity row 87 IC 200 x0=0.790483 velocity_parameter=0.4365 status=collision: trajectory reached the configured collision radius
velocity row 87/120 IC 208/599 x0=0.790489 velocity_parameter=0.4365 elapsed=90.4816s written=0
  crossing 0/250
  stopped velocity row 87 IC 208 x0=0.790489 velocity_parameter=0.4365 status=collision: trajectory reached the configured collision radius
velocity row 88/120 IC 190/599 x0=0.790476 velocity_parameter=0.452667 elapsed=90.5196s written=0
  crossing 0/250
  stopped velocity row 88 IC 190 x0=0.790476 velocity_parameter=0.452667 status=collision: trajectory reached the configured collision radius
velocity row 88/120 IC 200/599 x0=0.790483 velocity_parameter=0.452667 elapsed=90.8938s written=0
  crossing 0/250
  stopped velocity row 88 IC 200 x0=0.790483 velocity_parameter=0.452667 status=collision: trajectory reached the configured collision radius
velocity row 88/120 IC 208/599 x0=0.790489 velocity_parameter=0.452667 elapsed=91.2619s written=0
  crossing 0/250
  stopped velocity row 88 IC 208 x0=0.790489 velocity_parameter=0.452667 status=collision: trajectory reached the configured collision radius
velocity row 89/120 IC 190/599 x0=0.790476 velocity_parameter=0.468833 elapsed=91.2992s written=0
  crossing 0/250
  stopped velocity row 89 IC 190 x0=0.790476 velocity_parameter=0.468833 status=collision: trajectory reached the configured collision radius
velocity row 89/120 IC 200/599 x0=0.790483 velocity_parameter=0.468833 elapsed=91.7207s written=0
  crossing 0/250
  stopped velocity row 89 IC 200 x0=0.790483 velocity_parameter=0.468833 status=collision: trajectory reached the configured collision radius
velocity row 89/120 IC 208/599 x0=0.790489 velocity_parameter=0.468833 elapsed=92.0916s written=0
  crossing 0/250
  stopped velocity row 89 IC 208 x0=0.790489 velocity_parameter=0.468833 status=collision: trajectory reached the configured collision radius
velocity row 90/120 IC 190/599 x0=0.790476 velocity_parameter=0.485 elapsed=92.1285s written=0
  crossing 0/250
  stopped velocity row 90 IC 190 x0=0.790476 velocity_parameter=0.485 status=collision: trajectory reached the configured collision radius
velocity row 90/120 IC 200/599 x0=0.790483 velocity_parameter=0.485 elapsed=92.5069s written=0
  crossing 0/250
  stopped velocity row 90 IC 200 x0=0.790483 velocity_parameter=0.485 status=collision: trajectory reached the configured collision radius
velocity row 90/120 IC 208/599 x0=0.790489 velocity_parameter=0.485 elapsed=92.8151s written=0
  crossing 0/250
  stopped velocity row 90 IC 208 x0=0.790489 velocity_parameter=0.485 status=collision: trajectory reached the configured collision radius
velocity row 91/120 IC 190/599 x0=0.790476 velocity_parameter=0.501167 elapsed=92.8529s written=0
  crossing 0/250
  stopped velocity row 91 IC 190 x0=0.790476 velocity_parameter=0.501167 status=collision: trajectory reached the configured collision radius
velocity row 91/120 IC 200/599 x0=0.790483 velocity_parameter=0.501167 elapsed=93.2513s written=0
  crossing 0/250
  stopped velocity row 91 IC 200 x0=0.790483 velocity_parameter=0.501167 status=collision: trajectory reached the configured collision radius
velocity row 91/120 IC 208/599 x0=0.790489 velocity_parameter=0.501167 elapsed=93.5769s written=0
  crossing 0/250
  stopped velocity row 91 IC 208 x0=0.790489 velocity_parameter=0.501167 status=collision: trajectory reached the configured collision radius
velocity row 92/120 IC 190/599 x0=0.790476 velocity_parameter=0.517333 elapsed=93.6145s written=0
  crossing 0/250
  stopped velocity row 92 IC 190 x0=0.790476 velocity_parameter=0.517333 status=collision: trajectory reached the configured collision radius
velocity row 92/120 IC 200/599 x0=0.790483 velocity_parameter=0.517333 elapsed=93.9911s written=0
  crossing 0/250
  stopped velocity row 92 IC 200 x0=0.790483 velocity_parameter=0.517333 status=collision: trajectory reached the configured collision radius
velocity row 92/120 IC 208/599 x0=0.790489 velocity_parameter=0.517333 elapsed=94.3426s written=0
  crossing 0/250
  stopped velocity row 92 IC 208 x0=0.790489 velocity_parameter=0.517333 status=collision: trajectory reached the configured collision radius
velocity row 93/120 IC 190/599 x0=0.790476 velocity_parameter=0.5335 elapsed=94.3809s written=0
  crossing 0/250
  stopped velocity row 93 IC 190 x0=0.790476 velocity_parameter=0.5335 status=collision: trajectory reached the configured collision radius
velocity row 93/120 IC 200/599 x0=0.790483 velocity_parameter=0.5335 elapsed=94.779s written=0
  crossing 0/250
  stopped velocity row 93 IC 200 x0=0.790483 velocity_parameter=0.5335 status=collision: trajectory reached the configured collision radius
velocity row 93/120 IC 208/599 x0=0.790489 velocity_parameter=0.5335 elapsed=95.1232s written=3
  crossing 0/250
  stopped velocity row 93 IC 208 x0=0.790489 velocity_parameter=0.5335 status=collision: trajectory reached the configured collision radius
velocity row 94/120 IC 190/599 x0=0.790476 velocity_parameter=0.549667 elapsed=95.1626s written=4
  crossing 0/250
  stopped velocity row 94 IC 190 x0=0.790476 velocity_parameter=0.549667 status=collision: trajectory reached the configured collision radius
velocity row 94/120 IC 200/599 x0=0.790483 velocity_parameter=0.549667 elapsed=95.5448s written=4
  crossing 0/250
  stopped velocity row 94 IC 200 x0=0.790483 velocity_parameter=0.549667 status=collision: trajectory reached the configured collision radius
velocity row 94/120 IC 208/599 x0=0.790489 velocity_parameter=0.549667 elapsed=95.8305s written=9
  crossing 0/250
  stopped velocity row 94 IC 208 x0=0.790489 velocity_parameter=0.549667 status=outer_limit: trajectory reached the configured outer_limit radius
velocity row 95/120 IC 190/599 x0=0.790476 velocity_parameter=0.565833 elapsed=95.8401s written=9
  crossing 0/250
  stopped velocity row 95 IC 190 x0=0.790476 velocity_parameter=0.565833 status=collision: trajectory reached the configured collision radius
velocity row 95/120 IC 200/599 x0=0.790483 velocity_parameter=0.565833 elapsed=96.2328s written=11
  crossing 0/250
  stopped velocity row 95 IC 200 x0=0.790483 velocity_parameter=0.565833 status=collision: trajectory reached the configured collision radius
velocity row 95/120 IC 208/599 x0=0.790489 velocity_parameter=0.565833 elapsed=96.4289s written=15
  crossing 0/250
  stopped velocity row 95 IC 208 x0=0.790489 velocity_parameter=0.565833 status=outer_limit: trajectory reached the configured outer_limit radius
velocity row 96/120 IC 190/599 x0=0.790476 velocity_parameter=0.582 elapsed=96.4385s written=15
  crossing 0/250
  stopped velocity row 96 IC 190 x0=0.790476 velocity_parameter=0.582 status=collision: trajectory reached the configured collision radius
velocity row 96/120 IC 200/599 x0=0.790483 velocity_parameter=0.582 elapsed=96.8442s written=22
  crossing 0/250
  stopped velocity row 96 IC 200 x0=0.790483 velocity_parameter=0.582 status=outer_limit: trajectory reached the configured outer_limit radius
velocity row 96/120 IC 208/599 x0=0.790489 velocity_parameter=0.582 elapsed=96.9158s written=22
  crossing 0/250
  stopped velocity row 96 IC 208 x0=0.790489 velocity_parameter=0.582 status=outer_limit: trajectory reached the configured outer_limit radius
velocity row 97/120 IC 190/599 x0=0.790476 velocity_parameter=0.598167 elapsed=96.9243s written=22
  crossing 0/250
  stopped velocity row 97 IC 190 x0=0.790476 velocity_parameter=0.598167 status=collision: trajectory reached the configured collision radius
velocity row 97/120 IC 200/599 x0=0.790483 velocity_parameter=0.598167 elapsed=97.1963s written=28
  crossing 0/250
  stopped velocity row 97 IC 200 x0=0.790483 velocity_parameter=0.598167 status=outer_limit: trajectory reached the configured outer_limit radius
velocity row 97/120 IC 208/599 x0=0.790489 velocity_parameter=0.598167 elapsed=97.2636s written=28
  crossing 0/250
  stopped velocity row 97 IC 208 x0=0.790489 velocity_parameter=0.598167 status=outer_limit: trajectory reached the configured outer_limit radius
velocity row 98/120 IC 190/599 x0=0.790476 velocity_parameter=0.614333 elapsed=97.2723s written=28
  crossing 0/250
  stopped velocity row 98 IC 190 x0=0.790476 velocity_parameter=0.614333 status=collision: trajectory reached the configured collision radius
velocity row 98/120 IC 200/599 x0=0.790483 velocity_parameter=0.614333 elapsed=97.4271s written=30
  crossing 0/250
  stopped velocity row 98 IC 200 x0=0.790483 velocity_parameter=0.614333 status=outer_limit: trajectory reached the configured outer_limit radius
velocity row 98/120 IC 208/599 x0=0.790489 velocity_parameter=0.614333 elapsed=97.4938s written=30
  crossing 0/250
  stopped velocity row 98 IC 208 x0=0.790489 velocity_parameter=0.614333 status=outer_limit: trajectory reached the configured outer_limit radius
velocity row 99/120 IC 190/599 x0=0.790476 velocity_parameter=0.6305 elapsed=97.5021s written=30
  crossing 0/250
  stopped velocity row 99 IC 190 x0=0.790476 velocity_parameter=0.6305 status=outer_limit: trajectory reached the configured outer_limit radius
velocity row 99/120 IC 200/599 x0=0.790483 velocity_parameter=0.6305 elapsed=97.599s written=30
  crossing 0/250
  stopped velocity row 99 IC 200 x0=0.790483 velocity_parameter=0.6305 status=outer_limit: trajectory reached the configured outer_limit radius
velocity row 99/120 IC 208/599 x0=0.790489 velocity_parameter=0.6305 elapsed=97.6641s written=30
  crossing 0/250
  stopped velocity row 99 IC 208 x0=0.790489 velocity_parameter=0.6305 status=outer_limit: trajectory reached the configured outer_limit radius
velocity row 100/120 IC 190/599 x0=0.790476 velocity_parameter=0.646667 elapsed=97.6723s written=30
  crossing 0/250
  stopped velocity row 100 IC 190 x0=0.790476 velocity_parameter=0.646667 status=outer_limit: trajectory reached the configured outer_limit radius
velocity row 100/120 IC 200/599 x0=0.790483 velocity_parameter=0.646667 elapsed=97.7568s written=30
  crossing 0/250
  stopped velocity row 100 IC 200 x0=0.790483 velocity_parameter=0.646667 status=outer_limit: trajectory reached the configured outer_limit radius
velocity row 100/120 IC 208/599 x0=0.790489 velocity_parameter=0.646667 elapsed=97.8197s written=30
  crossing 0/250
  stopped velocity row 100 IC 208 x0=0.790489 velocity_parameter=0.646667 status=outer_limit: trajectory reached the configured outer_limit radius
velocity row 101/120 IC 190/599 x0=0.790476 velocity_parameter=0.662833 elapsed=97.828s written=30
  crossing 0/250
  stopped velocity row 101 IC 190 x0=0.790476 velocity_parameter=0.662833 status=outer_limit: trajectory reached the configured outer_limit radius
velocity row 101/120 IC 200/599 x0=0.790483 velocity_parameter=0.662833 elapsed=97.9091s written=30
  crossing 0/250
  stopped velocity row 101 IC 200 x0=0.790483 velocity_parameter=0.662833 status=outer_limit: trajectory reached the configured outer_limit radius
velocity row 101/120 IC 208/599 x0=0.790489 velocity_parameter=0.662833 elapsed=97.9729s written=30
  crossing 0/250
  stopped velocity row 101 IC 208 x0=0.790489 velocity_parameter=0.662833 status=outer_limit: trajectory reached the configured outer_limit radius
velocity row 102/120 IC 190/599 x0=0.790476 velocity_parameter=0.679 elapsed=97.9809s written=30
  crossing 0/250
  stopped velocity row 102 IC 190 x0=0.790476 velocity_parameter=0.679 status=outer_limit: trajectory reached the configured outer_limit radius
velocity row 102/120 IC 200/599 x0=0.790483 velocity_parameter=0.679 elapsed=98.0689s written=30
  crossing 0/250
  stopped velocity row 102 IC 200 x0=0.790483 velocity_parameter=0.679 status=outer_limit: trajectory reached the configured outer_limit radius
velocity row 102/120 IC 208/599 x0=0.790489 velocity_parameter=0.679 elapsed=98.1312s written=30
  crossing 0/250
  stopped velocity row 102 IC 208 x0=0.790489 velocity_parameter=0.679 status=outer_limit: trajectory reached the configured outer_limit radius
velocity row 103/120 IC 190/599 x0=0.790476 velocity_parameter=0.695167 elapsed=98.1386s written=30
  crossing 0/250
  stopped velocity row 103 IC 190 x0=0.790476 velocity_parameter=0.695167 status=outer_limit: trajectory reached the configured outer_limit radius
velocity row 103/120 IC 200/599 x0=0.790483 velocity_parameter=0.695167 elapsed=98.2256s written=30
  crossing 0/250
  stopped velocity row 103 IC 200 x0=0.790483 velocity_parameter=0.695167 status=outer_limit: trajectory reached the configured outer_limit radius
velocity row 103/120 IC 208/599 x0=0.790489 velocity_parameter=0.695167 elapsed=98.2903s written=30
  crossing 0/250
  stopped velocity row 103 IC 208 x0=0.790489 velocity_parameter=0.695167 status=outer_limit: trajectory reached the configured outer_limit radius
velocity row 104/120 IC 190/599 x0=0.790476 velocity_parameter=0.711333 elapsed=98.2979s written=30
  crossing 0/250
  stopped velocity row 104 IC 190 x0=0.790476 velocity_parameter=0.711333 status=outer_limit: trajectory reached the configured outer_limit radius
velocity row 104/120 IC 200/599 x0=0.790483 velocity_parameter=0.711333 elapsed=98.3826s written=30
  crossing 0/250
  stopped velocity row 104 IC 200 x0=0.790483 velocity_parameter=0.711333 status=outer_limit: trajectory reached the configured outer_limit radius
velocity row 104/120 IC 208/599 x0=0.790489 velocity_parameter=0.711333 elapsed=98.4437s written=30
  crossing 0/250
  stopped velocity row 104 IC 208 x0=0.790489 velocity_parameter=0.711333 status=outer_limit: trajectory reached the configured outer_limit radius
velocity row 105/120 IC 190/599 x0=0.790476 velocity_parameter=0.7275 elapsed=98.4513s written=30
  crossing 0/250
  stopped velocity row 105 IC 190 x0=0.790476 velocity_parameter=0.7275 status=outer_limit: trajectory reached the configured outer_limit radius
velocity row 105/120 IC 200/599 x0=0.790483 velocity_parameter=0.7275 elapsed=98.5291s written=30
  crossing 0/250
  stopped velocity row 105 IC 200 x0=0.790483 velocity_parameter=0.7275 status=outer_limit: trajectory reached the configured outer_limit radius
velocity row 105/120 IC 208/599 x0=0.790489 velocity_parameter=0.7275 elapsed=98.597s written=30
  crossing 0/250
  stopped velocity row 105 IC 208 x0=0.790489 velocity_parameter=0.7275 status=outer_limit: trajectory reached the configured outer_limit radius
velocity row 106/120 IC 190/599 x0=0.790476 velocity_parameter=0.743667 elapsed=98.6046s written=30
  crossing 0/250
  stopped velocity row 106 IC 190 x0=0.790476 velocity_parameter=0.743667 status=outer_limit: trajectory reached the configured outer_limit radius
velocity row 106/120 IC 200/599 x0=0.790483 velocity_parameter=0.743667 elapsed=98.69s written=30
  crossing 0/250
  stopped velocity row 106 IC 200 x0=0.790483 velocity_parameter=0.743667 status=outer_limit: trajectory reached the configured outer_limit radius
velocity row 106/120 IC 208/599 x0=0.790489 velocity_parameter=0.743667 elapsed=98.751s written=30
  crossing 0/250
  stopped velocity row 106 IC 208 x0=0.790489 velocity_parameter=0.743667 status=outer_limit: trajectory reached the configured outer_limit radius
velocity row 107/120 IC 190/599 x0=0.790476 velocity_parameter=0.759833 elapsed=98.7593s written=30
  crossing 0/250
  stopped velocity row 107 IC 190 x0=0.790476 velocity_parameter=0.759833 status=outer_limit: trajectory reached the configured outer_limit radius
velocity row 107/120 IC 200/599 x0=0.790483 velocity_parameter=0.759833 elapsed=98.8367s written=30
  crossing 0/250
  stopped velocity row 107 IC 200 x0=0.790483 velocity_parameter=0.759833 status=outer_limit: trajectory reached the configured outer_limit radius
velocity row 107/120 IC 208/599 x0=0.790489 velocity_parameter=0.759833 elapsed=98.9012s written=30
  crossing 0/250
  stopped velocity row 107 IC 208 x0=0.790489 velocity_parameter=0.759833 status=outer_limit: trajectory reached the configured outer_limit radius
velocity row 108/120 IC 190/599 x0=0.790476 velocity_parameter=0.776 elapsed=98.9094s written=30
  crossing 0/250
  stopped velocity row 108 IC 190 x0=0.790476 velocity_parameter=0.776 status=outer_limit: trajectory reached the configured outer_limit radius
velocity row 108/120 IC 200/599 x0=0.790483 velocity_parameter=0.776 elapsed=98.9861s written=30
  crossing 0/250
  stopped velocity row 108 IC 200 x0=0.790483 velocity_parameter=0.776 status=outer_limit: trajectory reached the configured outer_limit radius
velocity row 108/120 IC 208/599 x0=0.790489 velocity_parameter=0.776 elapsed=99.0444s written=30
  crossing 0/250
  stopped velocity row 108 IC 208 x0=0.790489 velocity_parameter=0.776 status=outer_limit: trajectory reached the configured outer_limit radius
velocity row 109/120 IC 190/599 x0=0.790476 velocity_parameter=0.792167 elapsed=99.0517s written=30
  crossing 0/250
  stopped velocity row 109 IC 190 x0=0.790476 velocity_parameter=0.792167 status=outer_limit: trajectory reached the configured outer_limit radius
velocity row 109/120 IC 200/599 x0=0.790483 velocity_parameter=0.792167 elapsed=99.125s written=30
  crossing 0/250
  stopped velocity row 109 IC 200 x0=0.790483 velocity_parameter=0.792167 status=outer_limit: trajectory reached the configured outer_limit radius
velocity row 109/120 IC 208/599 x0=0.790489 velocity_parameter=0.792167 elapsed=99.1845s written=30
  crossing 0/250
  stopped velocity row 109 IC 208 x0=0.790489 velocity_parameter=0.792167 status=outer_limit: trajectory reached the configured outer_limit radius
velocity row 110/120 IC 190/599 x0=0.790476 velocity_parameter=0.808333 elapsed=99.1924s written=30
  crossing 0/250
  stopped velocity row 110 IC 190 x0=0.790476 velocity_parameter=0.808333 status=outer_limit: trajectory reached the configured outer_limit radius
velocity row 110/120 IC 200/599 x0=0.790483 velocity_parameter=0.808333 elapsed=99.2678s written=30
  crossing 0/250
  stopped velocity row 110 IC 200 x0=0.790483 velocity_parameter=0.808333 status=outer_limit: trajectory reached the configured outer_limit radius
velocity row 110/120 IC 208/599 x0=0.790489 velocity_parameter=0.808333 elapsed=99.3273s written=30
  crossing 0/250
  stopped velocity row 110 IC 208 x0=0.790489 velocity_parameter=0.808333 status=outer_limit: trajectory reached the configured outer_limit radius
velocity row 111/120 IC 190/599 x0=0.790476 velocity_parameter=0.8245 elapsed=99.3346s written=30
  crossing 0/250
  stopped velocity row 111 IC 190 x0=0.790476 velocity_parameter=0.8245 status=outer_limit: trajectory reached the configured outer_limit radius
velocity row 111/120 IC 200/599 x0=0.790483 velocity_parameter=0.8245 elapsed=99.4109s written=30
  crossing 0/250
  stopped velocity row 111 IC 200 x0=0.790483 velocity_parameter=0.8245 status=outer_limit: trajectory reached the configured outer_limit radius
velocity row 111/120 IC 208/599 x0=0.790489 velocity_parameter=0.8245 elapsed=99.4701s written=30
  crossing 0/250
  stopped velocity row 111 IC 208 x0=0.790489 velocity_parameter=0.8245 status=outer_limit: trajectory reached the configured outer_limit radius
velocity row 112/120 IC 190/599 x0=0.790476 velocity_parameter=0.840667 elapsed=99.4772s written=30
  crossing 0/250
  stopped velocity row 112 IC 190 x0=0.790476 velocity_parameter=0.840667 status=outer_limit: trajectory reached the configured outer_limit radius
velocity row 112/120 IC 200/599 x0=0.790483 velocity_parameter=0.840667 elapsed=99.5538s written=30
  crossing 0/250
  stopped velocity row 112 IC 200 x0=0.790483 velocity_parameter=0.840667 status=outer_limit: trajectory reached the configured outer_limit radius
velocity row 112/120 IC 208/599 x0=0.790489 velocity_parameter=0.840667 elapsed=99.6178s written=30
  crossing 0/250
  stopped velocity row 112 IC 208 x0=0.790489 velocity_parameter=0.840667 status=outer_limit: trajectory reached the configured outer_limit radius
velocity row 113/120 IC 190/599 x0=0.790476 velocity_parameter=0.856833 elapsed=99.6252s written=30
  crossing 0/250
  stopped velocity row 113 IC 190 x0=0.790476 velocity_parameter=0.856833 status=outer_limit: trajectory reached the configured outer_limit radius
velocity row 113/120 IC 200/599 x0=0.790483 velocity_parameter=0.856833 elapsed=99.702s written=30
  crossing 0/250
  stopped velocity row 113 IC 200 x0=0.790483 velocity_parameter=0.856833 status=outer_limit: trajectory reached the configured outer_limit radius
velocity row 113/120 IC 208/599 x0=0.790489 velocity_parameter=0.856833 elapsed=99.7618s written=30
  crossing 0/250
  stopped velocity row 113 IC 208 x0=0.790489 velocity_parameter=0.856833 status=outer_limit: trajectory reached the configured outer_limit radius
velocity row 114/120 IC 190/599 x0=0.790476 velocity_parameter=0.873 elapsed=99.7695s written=30
  crossing 0/250
  stopped velocity row 114 IC 190 x0=0.790476 velocity_parameter=0.873 status=outer_limit: trajectory reached the configured outer_limit radius
velocity row 114/120 IC 200/599 x0=0.790483 velocity_parameter=0.873 elapsed=99.8444s written=30
  crossing 0/250
  stopped velocity row 114 IC 200 x0=0.790483 velocity_parameter=0.873 status=outer_limit: trajectory reached the configured outer_limit radius
velocity row 114/120 IC 208/599 x0=0.790489 velocity_parameter=0.873 elapsed=99.9015s written=30
  crossing 0/250
  stopped velocity row 114 IC 208 x0=0.790489 velocity_parameter=0.873 status=outer_limit: trajectory reached the configured outer_limit radius
velocity row 115/120 IC 190/599 x0=0.790476 velocity_parameter=0.889167 elapsed=99.9085s written=30
  crossing 0/250
  stopped velocity row 115 IC 190 x0=0.790476 velocity_parameter=0.889167 status=outer_limit: trajectory reached the configured outer_limit radius
velocity row 115/120 IC 200/599 x0=0.790483 velocity_parameter=0.889167 elapsed=99.9839s written=30
  crossing 0/250
  stopped velocity row 115 IC 200 x0=0.790483 velocity_parameter=0.889167 status=outer_limit: trajectory reached the configured outer_limit radius
velocity row 115/120 IC 208/599 x0=0.790489 velocity_parameter=0.889167 elapsed=100.043s written=30
  crossing 0/250
  stopped velocity row 115 IC 208 x0=0.790489 velocity_parameter=0.889167 status=outer_limit: trajectory reached the configured outer_limit radius
velocity row 116/120 IC 190/599 x0=0.790476 velocity_parameter=0.905333 elapsed=100.05s written=30
  crossing 0/250
  stopped velocity row 116 IC 190 x0=0.790476 velocity_parameter=0.905333 status=outer_limit: trajectory reached the configured outer_limit radius
velocity row 116/120 IC 200/599 x0=0.790483 velocity_parameter=0.905333 elapsed=100.124s written=30
  crossing 0/250
  stopped velocity row 116 IC 200 x0=0.790483 velocity_parameter=0.905333 status=outer_limit: trajectory reached the configured outer_limit radius
velocity row 116/120 IC 208/599 x0=0.790489 velocity_parameter=0.905333 elapsed=100.182s written=30
  crossing 0/250
  stopped velocity row 116 IC 208 x0=0.790489 velocity_parameter=0.905333 status=outer_limit: trajectory reached the configured outer_limit radius
velocity row 117/120 IC 190/599 x0=0.790476 velocity_parameter=0.9215 elapsed=100.19s written=30
  crossing 0/250
  stopped velocity row 117 IC 190 x0=0.790476 velocity_parameter=0.9215 status=outer_limit: trajectory reached the configured outer_limit radius
velocity row 117/120 IC 200/599 x0=0.790483 velocity_parameter=0.9215 elapsed=100.264s written=30
  crossing 0/250
  stopped velocity row 117 IC 200 x0=0.790483 velocity_parameter=0.9215 status=outer_limit: trajectory reached the configured outer_limit radius
velocity row 117/120 IC 208/599 x0=0.790489 velocity_parameter=0.9215 elapsed=100.323s written=30
  crossing 0/250
  stopped velocity row 117 IC 208 x0=0.790489 velocity_parameter=0.9215 status=outer_limit: trajectory reached the configured outer_limit radius
velocity row 118/120 IC 190/599 x0=0.790476 velocity_parameter=0.937667 elapsed=100.33s written=30
  crossing 0/250
  stopped velocity row 118 IC 190 x0=0.790476 velocity_parameter=0.937667 status=outer_limit: trajectory reached the configured outer_limit radius
velocity row 118/120 IC 200/599 x0=0.790483 velocity_parameter=0.937667 elapsed=100.409s written=30
  crossing 0/250
  stopped velocity row 118 IC 200 x0=0.790483 velocity_parameter=0.937667 status=outer_limit: trajectory reached the configured outer_limit radius
velocity row 118/120 IC 208/599 x0=0.790489 velocity_parameter=0.937667 elapsed=100.467s written=30
  crossing 0/250
  stopped velocity row 118 IC 208 x0=0.790489 velocity_parameter=0.937667 status=outer_limit: trajectory reached the configured outer_limit radius
velocity row 119/120 IC 190/599 x0=0.790476 velocity_parameter=0.953833 elapsed=100.475s written=30
  crossing 0/250
  stopped velocity row 119 IC 190 x0=0.790476 velocity_parameter=0.953833 status=outer_limit: trajectory reached the configured outer_limit radius
velocity row 119/120 IC 200/599 x0=0.790483 velocity_parameter=0.953833 elapsed=100.549s written=30
  crossing 0/250
  stopped velocity row 119 IC 200 x0=0.790483 velocity_parameter=0.953833 status=outer_limit: trajectory reached the configured outer_limit radius
velocity row 119/120 IC 208/599 x0=0.790489 velocity_parameter=0.953833 elapsed=100.609s written=30
  crossing 0/250
  stopped velocity row 119 IC 208 x0=0.790489 velocity_parameter=0.953833 status=outer_limit: trajectory reached the configured outer_limit radius
velocity row 120/120 IC 190/599 x0=0.790476 velocity_parameter=0.97 elapsed=100.617s written=30
  crossing 0/250
  stopped velocity row 120 IC 190 x0=0.790476 velocity_parameter=0.97 status=outer_limit: trajectory reached the configured outer_limit radius
velocity row 120/120 IC 200/599 x0=0.790483 velocity_parameter=0.97 elapsed=100.691s written=30
  crossing 0/250
  stopped velocity row 120 IC 200 x0=0.790483 velocity_parameter=0.97 status=outer_limit: trajectory reached the configured outer_limit radius
velocity row 120/120 IC 208/599 x0=0.790489 velocity_parameter=0.97 elapsed=100.75s written=30
  crossing 0/250
  stopped velocity row 120 IC 208 x0=0.790489 velocity_parameter=0.97 status=outer_limit: trajectory reached the configured outer_limit radius
svg -> /mnt/c/Users/payne/Code/Hill_4BP/professional_neck_studies/e1_dense_001/survey/level_006_delta_1e_minus_8/open/shard_0010/preview.svg
metadata -> /mnt/c/Users/payne/Code/Hill_4BP/professional_neck_studies/e1_dense_001/survey/level_006_delta_1e_minus_8/open/shard_0010/metadata.txt
wrote 30 points (0 ICs skipped, 2299 orbits stopped early, elapsed=100.761s) -> /mnt/c/Users/payne/Code/Hill_4BP/professional_neck_studies/e1_dense_001/survey/level_006_delta_1e_minus_8/open/shard_0010/points.csv
outcomes: collision=1835 completed=0 forbidden=0 inner_radius_limit=0 invalid_initial_radius=0 invalid_velocity=0 nontransverse=0 numerical_failure=0 outer_limit=464 timeout=0
maximum sampled |H-h|=8.99353e-16
