zero-velocity boundary -> /mnt/c/Users/payne/Code/Hill_4BP/professional_neck_studies/e1_dense_001/survey/level_006_delta_1e_minus_8/closed/shard_0016/zero_velocity_boundary.csv
lambda1=0.0272549 lambda2=2.97275 A=-0.986373 B=0.486373 c=0.0976566 c1=0 c2=0 c3=-0.0976566 h=-2.39154 (C=4.78307)
E1/E2 neck h=-2.39154 (C=4.78307), E3/E4 neck h=-0.454039 (C=0.908078)
energy_mode=neck_delta neck=E1 hcrit=-2.39154 delta=1e-08 side=closed actual_neck_side=closed delta_h=-1e-08
x_count=600 xdot_count=121 iterates=250 index range=[304,322] velocity_mode=fraction x_range=[0.79034,0.79077] max_return_time=100
smooth coordinates R=sqrt(rho), CAPD crossing mode=Both solver_order=28 max_step=0.005 abs_tol=1e-15 rel_tol=1e-13 collision_radius=1e-06 outer_radius=5
velocity row 0/120 IC 304/599 x0=0.790558 velocity_parameter=-0.97 elapsed=1.28e-07s written=0
  skipped: outside allowed region
velocity row 0/120 IC 314/599 x0=0.790565 velocity_parameter=-0.97 elapsed=0.0127415s written=0
  skipped: outside allowed region
velocity row 0/120 IC 322/599 x0=0.790571 velocity_parameter=-0.97 elapsed=0.0200282s written=0
  skipped: outside allowed region
velocity row 1/120 IC 304/599 x0=0.790558 velocity_parameter=-0.953833 elapsed=0.0216054s written=0
  skipped: outside allowed region
velocity row 1/120 IC 314/599 x0=0.790565 velocity_parameter=-0.953833 elapsed=0.0442205s written=0
  skipped: outside allowed region
velocity row 1/120 IC 322/599 x0=0.790571 velocity_parameter=-0.953833 elapsed=0.0558322s written=0
  skipped: outside allowed region
velocity row 2/120 IC 304/599 x0=0.790558 velocity_parameter=-0.937667 elapsed=0.058068s written=0
  skipped: outside allowed region
velocity row 2/120 IC 314/599 x0=0.790565 velocity_parameter=-0.937667 elapsed=0.0986681s written=0
  skipped: outside allowed region
velocity row 2/120 IC 322/599 x0=0.790571 velocity_parameter=-0.937667 elapsed=0.109236s written=0
  skipped: outside allowed region
velocity row 3/120 IC 304/599 x0=0.790558 velocity_parameter=-0.9215 elapsed=0.110025s written=0
  skipped: outside allowed region
velocity row 3/120 IC 314/599 x0=0.790565 velocity_parameter=-0.9215 elapsed=0.131133s written=0
  skipped: outside allowed region
velocity row 3/120 IC 322/599 x0=0.790571 velocity_parameter=-0.9215 elapsed=0.138767s written=0
  skipped: outside allowed region
velocity row 4/120 IC 304/599 x0=0.790558 velocity_parameter=-0.905333 elapsed=0.147231s written=0
  skipped: outside allowed region
velocity row 4/120 IC 314/599 x0=0.790565 velocity_parameter=-0.905333 elapsed=0.167744s written=0
  skipped: outside allowed region
velocity row 4/120 IC 322/599 x0=0.790571 velocity_parameter=-0.905333 elapsed=0.185128s written=0
  skipped: outside allowed region
velocity row 5/120 IC 304/599 x0=0.790558 velocity_parameter=-0.889167 elapsed=0.186546s written=0
  skipped: outside allowed region
velocity row 5/120 IC 314/599 x0=0.790565 velocity_parameter=-0.889167 elapsed=0.211655s written=0
  skipped: outside allowed region
velocity row 5/120 IC 322/599 x0=0.790571 velocity_parameter=-0.889167 elapsed=0.226378s written=0
  skipped: outside allowed region
velocity row 6/120 IC 304/599 x0=0.790558 velocity_parameter=-0.873 elapsed=0.228728s written=0
  skipped: outside allowed region
velocity row 6/120 IC 314/599 x0=0.790565 velocity_parameter=-0.873 elapsed=0.242058s written=0
  skipped: outside allowed region
velocity row 6/120 IC 322/599 x0=0.790571 velocity_parameter=-0.873 elapsed=0.251485s written=0
  skipped: outside allowed region
velocity row 7/120 IC 304/599 x0=0.790558 velocity_parameter=-0.856833 elapsed=0.253067s written=0
  skipped: outside allowed region
velocity row 7/120 IC 314/599 x0=0.790565 velocity_parameter=-0.856833 elapsed=0.271496s written=0
  skipped: outside allowed region
velocity row 7/120 IC 322/599 x0=0.790571 velocity_parameter=-0.856833 elapsed=0.284192s written=0
  skipped: outside allowed region
velocity row 8/120 IC 304/599 x0=0.790558 velocity_parameter=-0.840667 elapsed=0.285105s written=0
  skipped: outside allowed region
velocity row 8/120 IC 314/599 x0=0.790565 velocity_parameter=-0.840667 elapsed=0.295092s written=0
  skipped: outside allowed region
velocity row 8/120 IC 322/599 x0=0.790571 velocity_parameter=-0.840667 elapsed=0.304992s written=0
  skipped: outside allowed region
velocity row 9/120 IC 304/599 x0=0.790558 velocity_parameter=-0.8245 elapsed=0.306051s written=0
  skipped: outside allowed region
velocity row 9/120 IC 314/599 x0=0.790565 velocity_parameter=-0.8245 elapsed=0.32575s written=0
  skipped: outside allowed region
velocity row 9/120 IC 322/599 x0=0.790571 velocity_parameter=-0.8245 elapsed=0.343192s written=0
  skipped: outside allowed region
velocity row 10/120 IC 304/599 x0=0.790558 velocity_parameter=-0.808333 elapsed=0.344538s written=0
  skipped: outside allowed region
velocity row 10/120 IC 314/599 x0=0.790565 velocity_parameter=-0.808333 elapsed=0.360771s written=0
  skipped: outside allowed region
velocity row 10/120 IC 322/599 x0=0.790571 velocity_parameter=-0.808333 elapsed=0.37612s written=0
  skipped: outside allowed region
velocity row 11/120 IC 304/599 x0=0.790558 velocity_parameter=-0.792167 elapsed=0.377129s written=0
  skipped: outside allowed region
velocity row 11/120 IC 314/599 x0=0.790565 velocity_parameter=-0.792167 elapsed=0.388984s written=0
  skipped: outside allowed region
velocity row 11/120 IC 322/599 x0=0.790571 velocity_parameter=-0.792167 elapsed=0.396208s written=0
  skipped: outside allowed region
velocity row 12/120 IC 304/599 x0=0.790558 velocity_parameter=-0.776 elapsed=0.397396s written=0
  skipped: outside allowed region
velocity row 12/120 IC 314/599 x0=0.790565 velocity_parameter=-0.776 elapsed=0.414692s written=0
  skipped: outside allowed region
velocity row 12/120 IC 322/599 x0=0.790571 velocity_parameter=-0.776 elapsed=0.421947s written=0
  skipped: outside allowed region
velocity row 13/120 IC 304/599 x0=0.790558 velocity_parameter=-0.759833 elapsed=0.423054s written=0
  skipped: outside allowed region
velocity row 13/120 IC 314/599 x0=0.790565 velocity_parameter=-0.759833 elapsed=0.43818s written=0
  skipped: outside allowed region
velocity row 13/120 IC 322/599 x0=0.790571 velocity_parameter=-0.759833 elapsed=0.449464s written=0
  skipped: outside allowed region
velocity row 14/120 IC 304/599 x0=0.790558 velocity_parameter=-0.743667 elapsed=0.450526s written=0
  skipped: outside allowed region
velocity row 14/120 IC 314/599 x0=0.790565 velocity_parameter=-0.743667 elapsed=0.469002s written=0
  skipped: outside allowed region
velocity row 14/120 IC 322/599 x0=0.790571 velocity_parameter=-0.743667 elapsed=0.478207s written=0
  skipped: outside allowed region
velocity row 15/120 IC 304/599 x0=0.790558 velocity_parameter=-0.7275 elapsed=0.479005s written=0
  skipped: outside allowed region
velocity row 15/120 IC 314/599 x0=0.790565 velocity_parameter=-0.7275 elapsed=0.499009s written=0
  skipped: outside allowed region
velocity row 15/120 IC 322/599 x0=0.790571 velocity_parameter=-0.7275 elapsed=0.510222s written=0
  skipped: outside allowed region
velocity row 16/120 IC 304/599 x0=0.790558 velocity_parameter=-0.711333 elapsed=0.511345s written=0
  skipped: outside allowed region
velocity row 16/120 IC 314/599 x0=0.790565 velocity_parameter=-0.711333 elapsed=0.527692s written=0
  skipped: outside allowed region
velocity row 16/120 IC 322/599 x0=0.790571 velocity_parameter=-0.711333 elapsed=0.541123s written=0
  skipped: outside allowed region
velocity row 17/120 IC 304/599 x0=0.790558 velocity_parameter=-0.695167 elapsed=0.542796s written=0
  skipped: outside allowed region
velocity row 17/120 IC 314/599 x0=0.790565 velocity_parameter=-0.695167 elapsed=0.556321s written=0
  skipped: outside allowed region
velocity row 17/120 IC 322/599 x0=0.790571 velocity_parameter=-0.695167 elapsed=0.562766s written=0
  skipped: outside allowed region
velocity row 18/120 IC 304/599 x0=0.790558 velocity_parameter=-0.679 elapsed=0.564377s written=0
  skipped: outside allowed region
velocity row 18/120 IC 314/599 x0=0.790565 velocity_parameter=-0.679 elapsed=0.576814s written=0
  skipped: outside allowed region
velocity row 18/120 IC 322/599 x0=0.790571 velocity_parameter=-0.679 elapsed=0.591194s written=0
  skipped: outside allowed region
velocity row 19/120 IC 304/599 x0=0.790558 velocity_parameter=-0.662833 elapsed=0.592088s written=0
  skipped: outside allowed region
velocity row 19/120 IC 314/599 x0=0.790565 velocity_parameter=-0.662833 elapsed=0.619852s written=0
  skipped: outside allowed region
velocity row 19/120 IC 322/599 x0=0.790571 velocity_parameter=-0.662833 elapsed=0.630603s written=0
  skipped: outside allowed region
velocity row 20/120 IC 304/599 x0=0.790558 velocity_parameter=-0.646667 elapsed=0.63244s written=0
  skipped: outside allowed region
velocity row 20/120 IC 314/599 x0=0.790565 velocity_parameter=-0.646667 elapsed=0.652036s written=0
  skipped: outside allowed region
velocity row 20/120 IC 322/599 x0=0.790571 velocity_parameter=-0.646667 elapsed=0.677724s written=0
  skipped: outside allowed region
velocity row 21/120 IC 304/599 x0=0.790558 velocity_parameter=-0.6305 elapsed=0.678806s written=0
  skipped: outside allowed region
velocity row 21/120 IC 314/599 x0=0.790565 velocity_parameter=-0.6305 elapsed=0.693545s written=0
  skipped: outside allowed region
velocity row 21/120 IC 322/599 x0=0.790571 velocity_parameter=-0.6305 elapsed=0.715914s written=0
  skipped: outside allowed region
velocity row 22/120 IC 304/599 x0=0.790558 velocity_parameter=-0.614333 elapsed=0.71856s written=0
  skipped: outside allowed region
velocity row 22/120 IC 314/599 x0=0.790565 velocity_parameter=-0.614333 elapsed=0.739885s written=0
  skipped: outside allowed region
velocity row 22/120 IC 322/599 x0=0.790571 velocity_parameter=-0.614333 elapsed=0.751754s written=0
  skipped: outside allowed region
velocity row 23/120 IC 304/599 x0=0.790558 velocity_parameter=-0.598167 elapsed=0.753236s written=0
  skipped: outside allowed region
velocity row 23/120 IC 314/599 x0=0.790565 velocity_parameter=-0.598167 elapsed=0.766237s written=0
  skipped: outside allowed region
velocity row 23/120 IC 322/599 x0=0.790571 velocity_parameter=-0.598167 elapsed=0.779659s written=0
  skipped: outside allowed region
velocity row 24/120 IC 304/599 x0=0.790558 velocity_parameter=-0.582 elapsed=0.780878s written=0
  skipped: outside allowed region
velocity row 24/120 IC 314/599 x0=0.790565 velocity_parameter=-0.582 elapsed=0.791424s written=0
  skipped: outside allowed region
velocity row 24/120 IC 322/599 x0=0.790571 velocity_parameter=-0.582 elapsed=0.807863s written=0
  skipped: outside allowed region
velocity row 25/120 IC 304/599 x0=0.790558 velocity_parameter=-0.565833 elapsed=0.809041s written=0
  skipped: outside allowed region
velocity row 25/120 IC 314/599 x0=0.790565 velocity_parameter=-0.565833 elapsed=0.827818s written=0
  skipped: outside allowed region
velocity row 25/120 IC 322/599 x0=0.790571 velocity_parameter=-0.565833 elapsed=0.840474s written=0
  skipped: outside allowed region
velocity row 26/120 IC 304/599 x0=0.790558 velocity_parameter=-0.549667 elapsed=0.841391s written=0
  skipped: outside allowed region
velocity row 26/120 IC 314/599 x0=0.790565 velocity_parameter=-0.549667 elapsed=0.854162s written=0
  skipped: outside allowed region
velocity row 26/120 IC 322/599 x0=0.790571 velocity_parameter=-0.549667 elapsed=0.873038s written=0
  skipped: outside allowed region
velocity row 27/120 IC 304/599 x0=0.790558 velocity_parameter=-0.5335 elapsed=0.874281s written=0
  skipped: outside allowed region
velocity row 27/120 IC 314/599 x0=0.790565 velocity_parameter=-0.5335 elapsed=0.887815s written=0
  skipped: outside allowed region
velocity row 27/120 IC 322/599 x0=0.790571 velocity_parameter=-0.5335 elapsed=0.90702s written=0
  skipped: outside allowed region
velocity row 28/120 IC 304/599 x0=0.790558 velocity_parameter=-0.517333 elapsed=0.908404s written=0
  skipped: outside allowed region
velocity row 28/120 IC 314/599 x0=0.790565 velocity_parameter=-0.517333 elapsed=0.931074s written=0
  skipped: outside allowed region
velocity row 28/120 IC 322/599 x0=0.790571 velocity_parameter=-0.517333 elapsed=0.945594s written=0
  skipped: outside allowed region
velocity row 29/120 IC 304/599 x0=0.790558 velocity_parameter=-0.501167 elapsed=0.948006s written=0
  skipped: outside allowed region
velocity row 29/120 IC 314/599 x0=0.790565 velocity_parameter=-0.501167 elapsed=0.957588s written=0
  skipped: outside allowed region
velocity row 29/120 IC 322/599 x0=0.790571 velocity_parameter=-0.501167 elapsed=0.969329s written=0
  skipped: outside allowed region
velocity row 30/120 IC 304/599 x0=0.790558 velocity_parameter=-0.485 elapsed=0.970221s written=0
  skipped: outside allowed region
velocity row 30/120 IC 314/599 x0=0.790565 velocity_parameter=-0.485 elapsed=0.984383s written=0
  skipped: outside allowed region
velocity row 30/120 IC 322/599 x0=0.790571 velocity_parameter=-0.485 elapsed=0.996642s written=0
  skipped: outside allowed region
velocity row 31/120 IC 304/599 x0=0.790558 velocity_parameter=-0.468833 elapsed=0.997373s written=0
  skipped: outside allowed region
velocity row 31/120 IC 314/599 x0=0.790565 velocity_parameter=-0.468833 elapsed=1.01064s written=0
  skipped: outside allowed region
velocity row 31/120 IC 322/599 x0=0.790571 velocity_parameter=-0.468833 elapsed=1.02996s written=0
  skipped: outside allowed region
velocity row 32/120 IC 304/599 x0=0.790558 velocity_parameter=-0.452667 elapsed=1.03192s written=0
  skipped: outside allowed region
velocity row 32/120 IC 314/599 x0=0.790565 velocity_parameter=-0.452667 elapsed=1.04474s written=0
  skipped: outside allowed region
velocity row 32/120 IC 322/599 x0=0.790571 velocity_parameter=-0.452667 elapsed=1.05328s written=0
  skipped: outside allowed region
velocity row 33/120 IC 304/599 x0=0.790558 velocity_parameter=-0.4365 elapsed=1.05473s written=0
  skipped: outside allowed region
velocity row 33/120 IC 314/599 x0=0.790565 velocity_parameter=-0.4365 elapsed=1.06814s written=0
  skipped: outside allowed region
velocity row 33/120 IC 322/599 x0=0.790571 velocity_parameter=-0.4365 elapsed=1.0795s written=0
  skipped: outside allowed region
velocity row 34/120 IC 304/599 x0=0.790558 velocity_parameter=-0.420333 elapsed=1.08076s written=0
  skipped: outside allowed region
velocity row 34/120 IC 314/599 x0=0.790565 velocity_parameter=-0.420333 elapsed=1.09369s written=0
  skipped: outside allowed region
velocity row 34/120 IC 322/599 x0=0.790571 velocity_parameter=-0.420333 elapsed=1.10836s written=0
  skipped: outside allowed region
velocity row 35/120 IC 304/599 x0=0.790558 velocity_parameter=-0.404167 elapsed=1.10914s written=0
  skipped: outside allowed region
velocity row 35/120 IC 314/599 x0=0.790565 velocity_parameter=-0.404167 elapsed=1.11833s written=0
  skipped: outside allowed region
velocity row 35/120 IC 322/599 x0=0.790571 velocity_parameter=-0.404167 elapsed=1.12654s written=0
  skipped: outside allowed region
velocity row 36/120 IC 304/599 x0=0.790558 velocity_parameter=-0.388 elapsed=1.12901s written=0
  skipped: outside allowed region
velocity row 36/120 IC 314/599 x0=0.790565 velocity_parameter=-0.388 elapsed=1.14871s written=0
  skipped: outside allowed region
velocity row 36/120 IC 322/599 x0=0.790571 velocity_parameter=-0.388 elapsed=1.1578s written=0
  skipped: outside allowed region
velocity row 37/120 IC 304/599 x0=0.790558 velocity_parameter=-0.371833 elapsed=1.15924s written=0
  skipped: outside allowed region
velocity row 37/120 IC 314/599 x0=0.790565 velocity_parameter=-0.371833 elapsed=1.17588s written=0
  skipped: outside allowed region
velocity row 37/120 IC 322/599 x0=0.790571 velocity_parameter=-0.371833 elapsed=1.18839s written=0
  skipped: outside allowed region
velocity row 38/120 IC 304/599 x0=0.790558 velocity_parameter=-0.355667 elapsed=1.19152s written=0
  skipped: outside allowed region
velocity row 38/120 IC 314/599 x0=0.790565 velocity_parameter=-0.355667 elapsed=1.20296s written=0
  skipped: outside allowed region
velocity row 38/120 IC 322/599 x0=0.790571 velocity_parameter=-0.355667 elapsed=1.21312s written=0
  skipped: outside allowed region
velocity row 39/120 IC 304/599 x0=0.790558 velocity_parameter=-0.3395 elapsed=1.21486s written=0
  skipped: outside allowed region
velocity row 39/120 IC 314/599 x0=0.790565 velocity_parameter=-0.3395 elapsed=1.22832s written=0
  skipped: outside allowed region
velocity row 39/120 IC 322/599 x0=0.790571 velocity_parameter=-0.3395 elapsed=1.23787s written=0
  skipped: outside allowed region
velocity row 40/120 IC 304/599 x0=0.790558 velocity_parameter=-0.323333 elapsed=1.23947s written=0
  skipped: outside allowed region
velocity row 40/120 IC 314/599 x0=0.790565 velocity_parameter=-0.323333 elapsed=1.25903s written=0
  skipped: outside allowed region
velocity row 40/120 IC 322/599 x0=0.790571 velocity_parameter=-0.323333 elapsed=1.26695s written=0
  skipped: outside allowed region
velocity row 41/120 IC 304/599 x0=0.790558 velocity_parameter=-0.307167 elapsed=1.26786s written=0
  skipped: outside allowed region
velocity row 41/120 IC 314/599 x0=0.790565 velocity_parameter=-0.307167 elapsed=1.27808s written=0
  skipped: outside allowed region
velocity row 41/120 IC 322/599 x0=0.790571 velocity_parameter=-0.307167 elapsed=1.28677s written=0
  skipped: outside allowed region
velocity row 42/120 IC 304/599 x0=0.790558 velocity_parameter=-0.291 elapsed=1.28823s written=0
  skipped: outside allowed region
velocity row 42/120 IC 314/599 x0=0.790565 velocity_parameter=-0.291 elapsed=1.30339s written=0
  skipped: outside allowed region
velocity row 42/120 IC 322/599 x0=0.790571 velocity_parameter=-0.291 elapsed=1.31149s written=0
  skipped: outside allowed region
velocity row 43/120 IC 304/599 x0=0.790558 velocity_parameter=-0.274833 elapsed=1.3123s written=0
  skipped: outside allowed region
velocity row 43/120 IC 314/599 x0=0.790565 velocity_parameter=-0.274833 elapsed=1.33191s written=0
  skipped: outside allowed region
velocity row 43/120 IC 322/599 x0=0.790571 velocity_parameter=-0.274833 elapsed=1.34602s written=0
  skipped: outside allowed region
velocity row 44/120 IC 304/599 x0=0.790558 velocity_parameter=-0.258667 elapsed=1.347s written=0
  skipped: outside allowed region
velocity row 44/120 IC 314/599 x0=0.790565 velocity_parameter=-0.258667 elapsed=1.36691s written=0
  skipped: outside allowed region
velocity row 44/120 IC 322/599 x0=0.790571 velocity_parameter=-0.258667 elapsed=1.37953s written=0
  skipped: outside allowed region
velocity row 45/120 IC 304/599 x0=0.790558 velocity_parameter=-0.2425 elapsed=1.38137s written=0
  skipped: outside allowed region
velocity row 45/120 IC 314/599 x0=0.790565 velocity_parameter=-0.2425 elapsed=1.39619s written=0
  skipped: outside allowed region
velocity row 45/120 IC 322/599 x0=0.790571 velocity_parameter=-0.2425 elapsed=1.40563s written=0
  skipped: outside allowed region
velocity row 46/120 IC 304/599 x0=0.790558 velocity_parameter=-0.226333 elapsed=1.40842s written=0
  skipped: outside allowed region
velocity row 46/120 IC 314/599 x0=0.790565 velocity_parameter=-0.226333 elapsed=1.42281s written=0
  skipped: outside allowed region
velocity row 46/120 IC 322/599 x0=0.790571 velocity_parameter=-0.226333 elapsed=1.43518s written=0
  skipped: outside allowed region
velocity row 47/120 IC 304/599 x0=0.790558 velocity_parameter=-0.210167 elapsed=1.43698s written=0
  skipped: outside allowed region
velocity row 47/120 IC 314/599 x0=0.790565 velocity_parameter=-0.210167 elapsed=1.45265s written=0
  skipped: outside allowed region
velocity row 47/120 IC 322/599 x0=0.790571 velocity_parameter=-0.210167 elapsed=1.46617s written=0
  skipped: outside allowed region
velocity row 48/120 IC 304/599 x0=0.790558 velocity_parameter=-0.194 elapsed=1.46799s written=0
  skipped: outside allowed region
velocity row 48/120 IC 314/599 x0=0.790565 velocity_parameter=-0.194 elapsed=1.49493s written=0
  skipped: outside allowed region
velocity row 48/120 IC 322/599 x0=0.790571 velocity_parameter=-0.194 elapsed=1.51301s written=0
  skipped: outside allowed region
velocity row 49/120 IC 304/599 x0=0.790558 velocity_parameter=-0.177833 elapsed=1.5169s written=0
  skipped: outside allowed region
velocity row 49/120 IC 314/599 x0=0.790565 velocity_parameter=-0.177833 elapsed=1.5306s written=0
  skipped: outside allowed region
velocity row 49/120 IC 322/599 x0=0.790571 velocity_parameter=-0.177833 elapsed=1.54102s written=0
  skipped: outside allowed region
velocity row 50/120 IC 304/599 x0=0.790558 velocity_parameter=-0.161667 elapsed=1.54224s written=0
  skipped: outside allowed region
velocity row 50/120 IC 314/599 x0=0.790565 velocity_parameter=-0.161667 elapsed=1.55695s written=0
  skipped: outside allowed region
velocity row 50/120 IC 322/599 x0=0.790571 velocity_parameter=-0.161667 elapsed=1.56775s written=0
  skipped: outside allowed region
velocity row 51/120 IC 304/599 x0=0.790558 velocity_parameter=-0.1455 elapsed=1.57003s written=0
  skipped: outside allowed region
velocity row 51/120 IC 314/599 x0=0.790565 velocity_parameter=-0.1455 elapsed=1.5818s written=0
  skipped: outside allowed region
velocity row 51/120 IC 322/599 x0=0.790571 velocity_parameter=-0.1455 elapsed=1.58968s written=0
  skipped: outside allowed region
velocity row 52/120 IC 304/599 x0=0.790558 velocity_parameter=-0.129333 elapsed=1.59057s written=0
  skipped: outside allowed region
velocity row 52/120 IC 314/599 x0=0.790565 velocity_parameter=-0.129333 elapsed=1.60531s written=0
  skipped: outside allowed region
velocity row 52/120 IC 322/599 x0=0.790571 velocity_parameter=-0.129333 elapsed=1.61472s written=0
  skipped: outside allowed region
velocity row 53/120 IC 304/599 x0=0.790558 velocity_parameter=-0.113167 elapsed=1.61575s written=0
  skipped: outside allowed region
velocity row 53/120 IC 314/599 x0=0.790565 velocity_parameter=-0.113167 elapsed=1.6347s written=0
  skipped: outside allowed region
velocity row 53/120 IC 322/599 x0=0.790571 velocity_parameter=-0.113167 elapsed=1.64638s written=0
  skipped: outside allowed region
velocity row 54/120 IC 304/599 x0=0.790558 velocity_parameter=-0.097 elapsed=1.6472s written=0
  skipped: outside allowed region
velocity row 54/120 IC 314/599 x0=0.790565 velocity_parameter=-0.097 elapsed=1.66352s written=0
  skipped: outside allowed region
velocity row 54/120 IC 322/599 x0=0.790571 velocity_parameter=-0.097 elapsed=1.67306s written=0
  skipped: outside allowed region
velocity row 55/120 IC 304/599 x0=0.790558 velocity_parameter=-0.0808333 elapsed=1.67515s written=0
  skipped: outside allowed region
velocity row 55/120 IC 314/599 x0=0.790565 velocity_parameter=-0.0808333 elapsed=1.69588s written=0
  skipped: outside allowed region
velocity row 55/120 IC 322/599 x0=0.790571 velocity_parameter=-0.0808333 elapsed=1.71214s written=0
  skipped: outside allowed region
velocity row 56/120 IC 304/599 x0=0.790558 velocity_parameter=-0.0646667 elapsed=1.71326s written=0
  skipped: outside allowed region
velocity row 56/120 IC 314/599 x0=0.790565 velocity_parameter=-0.0646667 elapsed=1.73455s written=0
  skipped: outside allowed region
velocity row 56/120 IC 322/599 x0=0.790571 velocity_parameter=-0.0646667 elapsed=1.74809s written=0
  skipped: outside allowed region
velocity row 57/120 IC 304/599 x0=0.790558 velocity_parameter=-0.0485 elapsed=1.74897s written=0
  skipped: outside allowed region
velocity row 57/120 IC 314/599 x0=0.790565 velocity_parameter=-0.0485 elapsed=1.76367s written=0
  skipped: outside allowed region
velocity row 57/120 IC 322/599 x0=0.790571 velocity_parameter=-0.0485 elapsed=1.77248s written=0
  skipped: outside allowed region
velocity row 58/120 IC 304/599 x0=0.790558 velocity_parameter=-0.0323333 elapsed=1.77359s written=0
  skipped: outside allowed region
velocity row 58/120 IC 314/599 x0=0.790565 velocity_parameter=-0.0323333 elapsed=1.78779s written=0
  skipped: outside allowed region
velocity row 58/120 IC 322/599 x0=0.790571 velocity_parameter=-0.0323333 elapsed=1.80315s written=0
  skipped: outside allowed region
velocity row 59/120 IC 304/599 x0=0.790558 velocity_parameter=-0.0161667 elapsed=1.80797s written=0
  skipped: outside allowed region
velocity row 59/120 IC 314/599 x0=0.790565 velocity_parameter=-0.0161667 elapsed=1.82377s written=0
  skipped: outside allowed region
velocity row 59/120 IC 322/599 x0=0.790571 velocity_parameter=-0.0161667 elapsed=1.83632s written=0
  skipped: outside allowed region
velocity row 60/120 IC 304/599 x0=0.790558 velocity_parameter=0 elapsed=1.83829s written=0
  skipped: outside allowed region
velocity row 60/120 IC 314/599 x0=0.790565 velocity_parameter=0 elapsed=1.84939s written=0
  skipped: outside allowed region
velocity row 60/120 IC 322/599 x0=0.790571 velocity_parameter=0 elapsed=1.85847s written=0
  skipped: outside allowed region
velocity row 61/120 IC 304/599 x0=0.790558 velocity_parameter=0.0161667 elapsed=1.85963s written=0
  skipped: outside allowed region
velocity row 61/120 IC 314/599 x0=0.790565 velocity_parameter=0.0161667 elapsed=1.86924s written=0
  skipped: outside allowed region
velocity row 61/120 IC 322/599 x0=0.790571 velocity_parameter=0.0161667 elapsed=1.8858s written=0
  skipped: outside allowed region
velocity row 62/120 IC 304/599 x0=0.790558 velocity_parameter=0.0323333 elapsed=1.88789s written=0
  skipped: outside allowed region
velocity row 62/120 IC 314/599 x0=0.790565 velocity_parameter=0.0323333 elapsed=1.90181s written=0
  skipped: outside allowed region
velocity row 62/120 IC 322/599 x0=0.790571 velocity_parameter=0.0323333 elapsed=1.91213s written=0
  skipped: outside allowed region
velocity row 63/120 IC 304/599 x0=0.790558 velocity_parameter=0.0485 elapsed=1.91369s written=0
  skipped: outside allowed region
velocity row 63/120 IC 314/599 x0=0.790565 velocity_parameter=0.0485 elapsed=1.92663s written=0
  skipped: outside allowed region
velocity row 63/120 IC 322/599 x0=0.790571 velocity_parameter=0.0485 elapsed=1.93936s written=0
  skipped: outside allowed region
velocity row 64/120 IC 304/599 x0=0.790558 velocity_parameter=0.0646667 elapsed=1.94402s written=0
  skipped: outside allowed region
velocity row 64/120 IC 314/599 x0=0.790565 velocity_parameter=0.0646667 elapsed=1.9622s written=0
  skipped: outside allowed region
velocity row 64/120 IC 322/599 x0=0.790571 velocity_parameter=0.0646667 elapsed=1.97234s written=0
  skipped: outside allowed region
velocity row 65/120 IC 304/599 x0=0.790558 velocity_parameter=0.0808333 elapsed=1.97335s written=0
  skipped: outside allowed region
velocity row 65/120 IC 314/599 x0=0.790565 velocity_parameter=0.0808333 elapsed=1.98555s written=0
  skipped: outside allowed region
velocity row 65/120 IC 322/599 x0=0.790571 velocity_parameter=0.0808333 elapsed=2.00147s written=0
  skipped: outside allowed region
velocity row 66/120 IC 304/599 x0=0.790558 velocity_parameter=0.097 elapsed=2.0033s written=0
  skipped: outside allowed region
velocity row 66/120 IC 314/599 x0=0.790565 velocity_parameter=0.097 elapsed=2.01498s written=0
  skipped: outside allowed region
velocity row 66/120 IC 322/599 x0=0.790571 velocity_parameter=0.097 elapsed=2.02622s written=0
  skipped: outside allowed region
velocity row 67/120 IC 304/599 x0=0.790558 velocity_parameter=0.113167 elapsed=2.02753s written=0
  skipped: outside allowed region
velocity row 67/120 IC 314/599 x0=0.790565 velocity_parameter=0.113167 elapsed=2.04032s written=0
  skipped: outside allowed region
velocity row 67/120 IC 322/599 x0=0.790571 velocity_parameter=0.113167 elapsed=2.04937s written=0
  skipped: outside allowed region
velocity row 68/120 IC 304/599 x0=0.790558 velocity_parameter=0.129333 elapsed=2.05063s written=0
  skipped: outside allowed region
velocity row 68/120 IC 314/599 x0=0.790565 velocity_parameter=0.129333 elapsed=2.0609s written=0
  skipped: outside allowed region
velocity row 68/120 IC 322/599 x0=0.790571 velocity_parameter=0.129333 elapsed=2.07314s written=0
  skipped: outside allowed region
velocity row 69/120 IC 304/599 x0=0.790558 velocity_parameter=0.1455 elapsed=2.07437s written=0
  skipped: outside allowed region
velocity row 69/120 IC 314/599 x0=0.790565 velocity_parameter=0.1455 elapsed=2.09128s written=0
  skipped: outside allowed region
velocity row 69/120 IC 322/599 x0=0.790571 velocity_parameter=0.1455 elapsed=2.10381s written=0
  skipped: outside allowed region
velocity row 70/120 IC 304/599 x0=0.790558 velocity_parameter=0.161667 elapsed=2.10522s written=0
  skipped: outside allowed region
velocity row 70/120 IC 314/599 x0=0.790565 velocity_parameter=0.161667 elapsed=2.11811s written=0
  skipped: outside allowed region
velocity row 70/120 IC 322/599 x0=0.790571 velocity_parameter=0.161667 elapsed=2.12848s written=0
  skipped: outside allowed region
velocity row 71/120 IC 304/599 x0=0.790558 velocity_parameter=0.177833 elapsed=2.12947s written=0
  skipped: outside allowed region
velocity row 71/120 IC 314/599 x0=0.790565 velocity_parameter=0.177833 elapsed=2.14238s written=0
  skipped: outside allowed region
velocity row 71/120 IC 322/599 x0=0.790571 velocity_parameter=0.177833 elapsed=2.14994s written=0
  skipped: outside allowed region
velocity row 72/120 IC 304/599 x0=0.790558 velocity_parameter=0.194 elapsed=2.15096s written=0
  skipped: outside allowed region
velocity row 72/120 IC 314/599 x0=0.790565 velocity_parameter=0.194 elapsed=2.16594s written=0
  skipped: outside allowed region
velocity row 72/120 IC 322/599 x0=0.790571 velocity_parameter=0.194 elapsed=2.1769s written=0
  skipped: outside allowed region
velocity row 73/120 IC 304/599 x0=0.790558 velocity_parameter=0.210167 elapsed=2.17781s written=0
  skipped: outside allowed region
velocity row 73/120 IC 314/599 x0=0.790565 velocity_parameter=0.210167 elapsed=2.19353s written=0
  skipped: outside allowed region
velocity row 73/120 IC 322/599 x0=0.790571 velocity_parameter=0.210167 elapsed=2.20864s written=0
  skipped: outside allowed region
velocity row 74/120 IC 304/599 x0=0.790558 velocity_parameter=0.226333 elapsed=2.20982s written=0
  skipped: outside allowed region
velocity row 74/120 IC 314/599 x0=0.790565 velocity_parameter=0.226333 elapsed=2.23467s written=0
  skipped: outside allowed region
velocity row 74/120 IC 322/599 x0=0.790571 velocity_parameter=0.226333 elapsed=2.24233s written=0
  skipped: outside allowed region
velocity row 75/120 IC 304/599 x0=0.790558 velocity_parameter=0.2425 elapsed=2.24431s written=0
  skipped: outside allowed region
velocity row 75/120 IC 314/599 x0=0.790565 velocity_parameter=0.2425 elapsed=2.25664s written=0
  skipped: outside allowed region
velocity row 75/120 IC 322/599 x0=0.790571 velocity_parameter=0.2425 elapsed=2.27229s written=0
  skipped: outside allowed region
velocity row 76/120 IC 304/599 x0=0.790558 velocity_parameter=0.258667 elapsed=2.2737s written=0
  skipped: outside allowed region
velocity row 76/120 IC 314/599 x0=0.790565 velocity_parameter=0.258667 elapsed=2.28917s written=0
  skipped: outside allowed region
velocity row 76/120 IC 322/599 x0=0.790571 velocity_parameter=0.258667 elapsed=2.30379s written=0
  skipped: outside allowed region
velocity row 77/120 IC 304/599 x0=0.790558 velocity_parameter=0.274833 elapsed=2.30488s written=0
  skipped: outside allowed region
velocity row 77/120 IC 314/599 x0=0.790565 velocity_parameter=0.274833 elapsed=2.31505s written=0
  skipped: outside allowed region
velocity row 77/120 IC 322/599 x0=0.790571 velocity_parameter=0.274833 elapsed=2.32602s written=0
  skipped: outside allowed region
velocity row 78/120 IC 304/599 x0=0.790558 velocity_parameter=0.291 elapsed=2.32751s written=0
  skipped: outside allowed region
velocity row 78/120 IC 314/599 x0=0.790565 velocity_parameter=0.291 elapsed=2.34005s written=0
  skipped: outside allowed region
velocity row 78/120 IC 322/599 x0=0.790571 velocity_parameter=0.291 elapsed=2.35073s written=0
  skipped: outside allowed region
velocity row 79/120 IC 304/599 x0=0.790558 velocity_parameter=0.307167 elapsed=2.35153s written=0
  skipped: outside allowed region
velocity row 79/120 IC 314/599 x0=0.790565 velocity_parameter=0.307167 elapsed=2.36725s written=0
  skipped: outside allowed region
velocity row 79/120 IC 322/599 x0=0.790571 velocity_parameter=0.307167 elapsed=2.38186s written=0
  skipped: outside allowed region
velocity row 80/120 IC 304/599 x0=0.790558 velocity_parameter=0.323333 elapsed=2.38334s written=0
  skipped: outside allowed region
velocity row 80/120 IC 314/599 x0=0.790565 velocity_parameter=0.323333 elapsed=2.39078s written=0
  skipped: outside allowed region
velocity row 80/120 IC 322/599 x0=0.790571 velocity_parameter=0.323333 elapsed=2.40491s written=0
  skipped: outside allowed region
velocity row 81/120 IC 304/599 x0=0.790558 velocity_parameter=0.3395 elapsed=2.40593s written=0
  skipped: outside allowed region
velocity row 81/120 IC 314/599 x0=0.790565 velocity_parameter=0.3395 elapsed=2.41842s written=0
  skipped: outside allowed region
velocity row 81/120 IC 322/599 x0=0.790571 velocity_parameter=0.3395 elapsed=2.43243s written=0
  skipped: outside allowed region
velocity row 82/120 IC 304/599 x0=0.790558 velocity_parameter=0.355667 elapsed=2.43482s written=0
  skipped: outside allowed region
velocity row 82/120 IC 314/599 x0=0.790565 velocity_parameter=0.355667 elapsed=2.44813s written=0
  skipped: outside allowed region
velocity row 82/120 IC 322/599 x0=0.790571 velocity_parameter=0.355667 elapsed=2.45601s written=0
  skipped: outside allowed region
velocity row 83/120 IC 304/599 x0=0.790558 velocity_parameter=0.371833 elapsed=2.45684s written=0
  skipped: outside allowed region
velocity row 83/120 IC 314/599 x0=0.790565 velocity_parameter=0.371833 elapsed=2.47687s written=0
  skipped: outside allowed region
velocity row 83/120 IC 322/599 x0=0.790571 velocity_parameter=0.371833 elapsed=2.49688s written=0
  skipped: outside allowed region
velocity row 84/120 IC 304/599 x0=0.790558 velocity_parameter=0.388 elapsed=2.49815s written=0
  skipped: outside allowed region
velocity row 84/120 IC 314/599 x0=0.790565 velocity_parameter=0.388 elapsed=2.51023s written=0
  skipped: outside allowed region
velocity row 84/120 IC 322/599 x0=0.790571 velocity_parameter=0.388 elapsed=2.52069s written=0
  skipped: outside allowed region
velocity row 85/120 IC 304/599 x0=0.790558 velocity_parameter=0.404167 elapsed=2.52194s written=0
  skipped: outside allowed region
velocity row 85/120 IC 314/599 x0=0.790565 velocity_parameter=0.404167 elapsed=2.53591s written=0
  skipped: outside allowed region
velocity row 85/120 IC 322/599 x0=0.790571 velocity_parameter=0.404167 elapsed=2.54721s written=0
  skipped: outside allowed region
velocity row 86/120 IC 304/599 x0=0.790558 velocity_parameter=0.420333 elapsed=2.54819s written=0
  skipped: outside allowed region
velocity row 86/120 IC 314/599 x0=0.790565 velocity_parameter=0.420333 elapsed=2.56588s written=0
  skipped: outside allowed region
velocity row 86/120 IC 322/599 x0=0.790571 velocity_parameter=0.420333 elapsed=2.57938s written=0
  skipped: outside allowed region
velocity row 87/120 IC 304/599 x0=0.790558 velocity_parameter=0.4365 elapsed=2.58047s written=0
  skipped: outside allowed region
velocity row 87/120 IC 314/599 x0=0.790565 velocity_parameter=0.4365 elapsed=2.59137s written=0
  skipped: outside allowed region
velocity row 87/120 IC 322/599 x0=0.790571 velocity_parameter=0.4365 elapsed=2.60021s written=0
  skipped: outside allowed region
velocity row 88/120 IC 304/599 x0=0.790558 velocity_parameter=0.452667 elapsed=2.60072s written=0
  skipped: outside allowed region
velocity row 88/120 IC 314/599 x0=0.790565 velocity_parameter=0.452667 elapsed=2.61935s written=0
  skipped: outside allowed region
velocity row 88/120 IC 322/599 x0=0.790571 velocity_parameter=0.452667 elapsed=2.63281s written=0
  skipped: outside allowed region
velocity row 89/120 IC 304/599 x0=0.790558 velocity_parameter=0.468833 elapsed=2.63386s written=0
  skipped: outside allowed region
velocity row 89/120 IC 314/599 x0=0.790565 velocity_parameter=0.468833 elapsed=2.64522s written=0
  skipped: outside allowed region
velocity row 89/120 IC 322/599 x0=0.790571 velocity_parameter=0.468833 elapsed=2.65596s written=0
  skipped: outside allowed region
velocity row 90/120 IC 304/599 x0=0.790558 velocity_parameter=0.485 elapsed=2.65724s written=0
  skipped: outside allowed region
velocity row 90/120 IC 314/599 x0=0.790565 velocity_parameter=0.485 elapsed=2.67198s written=0
  skipped: outside allowed region
velocity row 90/120 IC 322/599 x0=0.790571 velocity_parameter=0.485 elapsed=2.68646s written=0
  skipped: outside allowed region
velocity row 91/120 IC 304/599 x0=0.790558 velocity_parameter=0.501167 elapsed=2.68827s written=0
  skipped: outside allowed region
velocity row 91/120 IC 314/599 x0=0.790565 velocity_parameter=0.501167 elapsed=2.70251s written=0
  skipped: outside allowed region
velocity row 91/120 IC 322/599 x0=0.790571 velocity_parameter=0.501167 elapsed=2.71411s written=0
  skipped: outside allowed region
velocity row 92/120 IC 304/599 x0=0.790558 velocity_parameter=0.517333 elapsed=2.71542s written=0
  skipped: outside allowed region
velocity row 92/120 IC 314/599 x0=0.790565 velocity_parameter=0.517333 elapsed=2.73329s written=0
  skipped: outside allowed region
velocity row 92/120 IC 322/599 x0=0.790571 velocity_parameter=0.517333 elapsed=2.75314s written=0
  skipped: outside allowed region
velocity row 93/120 IC 304/599 x0=0.790558 velocity_parameter=0.5335 elapsed=2.75524s written=0
  skipped: outside allowed region
velocity row 93/120 IC 314/599 x0=0.790565 velocity_parameter=0.5335 elapsed=2.77921s written=0
  skipped: outside allowed region
velocity row 93/120 IC 322/599 x0=0.790571 velocity_parameter=0.5335 elapsed=2.79446s written=0
  skipped: outside allowed region
velocity row 94/120 IC 304/599 x0=0.790558 velocity_parameter=0.549667 elapsed=2.7971s written=0
  skipped: outside allowed region
velocity row 94/120 IC 314/599 x0=0.790565 velocity_parameter=0.549667 elapsed=2.81094s written=0
  skipped: outside allowed region
velocity row 94/120 IC 322/599 x0=0.790571 velocity_parameter=0.549667 elapsed=2.8337s written=0
  skipped: outside allowed region
velocity row 95/120 IC 304/599 x0=0.790558 velocity_parameter=0.565833 elapsed=2.83608s written=0
  skipped: outside allowed region
velocity row 95/120 IC 314/599 x0=0.790565 velocity_parameter=0.565833 elapsed=2.84817s written=0
  skipped: outside allowed region
velocity row 95/120 IC 322/599 x0=0.790571 velocity_parameter=0.565833 elapsed=2.86334s written=0
  skipped: outside allowed region
velocity row 96/120 IC 304/599 x0=0.790558 velocity_parameter=0.582 elapsed=2.86465s written=0
  skipped: outside allowed region
velocity row 96/120 IC 314/599 x0=0.790565 velocity_parameter=0.582 elapsed=2.88111s written=0
  skipped: outside allowed region
velocity row 96/120 IC 322/599 x0=0.790571 velocity_parameter=0.582 elapsed=2.89413s written=0
  skipped: outside allowed region
velocity row 97/120 IC 304/599 x0=0.790558 velocity_parameter=0.598167 elapsed=2.89533s written=0
  skipped: outside allowed region
velocity row 97/120 IC 314/599 x0=0.790565 velocity_parameter=0.598167 elapsed=2.91146s written=0
  skipped: outside allowed region
velocity row 97/120 IC 322/599 x0=0.790571 velocity_parameter=0.598167 elapsed=2.92018s written=0
  skipped: outside allowed region
velocity row 98/120 IC 304/599 x0=0.790558 velocity_parameter=0.614333 elapsed=2.92405s written=0
  skipped: outside allowed region
velocity row 98/120 IC 314/599 x0=0.790565 velocity_parameter=0.614333 elapsed=2.94576s written=0
  skipped: outside allowed region
velocity row 98/120 IC 322/599 x0=0.790571 velocity_parameter=0.614333 elapsed=2.95981s written=0
  skipped: outside allowed region
velocity row 99/120 IC 304/599 x0=0.790558 velocity_parameter=0.6305 elapsed=2.96069s written=0
  skipped: outside allowed region
velocity row 99/120 IC 314/599 x0=0.790565 velocity_parameter=0.6305 elapsed=2.97403s written=0
  skipped: outside allowed region
velocity row 99/120 IC 322/599 x0=0.790571 velocity_parameter=0.6305 elapsed=2.98298s written=0
  skipped: outside allowed region
velocity row 100/120 IC 304/599 x0=0.790558 velocity_parameter=0.646667 elapsed=2.99159s written=0
  skipped: outside allowed region
velocity row 100/120 IC 314/599 x0=0.790565 velocity_parameter=0.646667 elapsed=3.00622s written=0
  skipped: outside allowed region
velocity row 100/120 IC 322/599 x0=0.790571 velocity_parameter=0.646667 elapsed=3.01524s written=0
  skipped: outside allowed region
velocity row 101/120 IC 304/599 x0=0.790558 velocity_parameter=0.662833 elapsed=3.01647s written=0
  skipped: outside allowed region
velocity row 101/120 IC 314/599 x0=0.790565 velocity_parameter=0.662833 elapsed=3.03249s written=0
  skipped: outside allowed region
velocity row 101/120 IC 322/599 x0=0.790571 velocity_parameter=0.662833 elapsed=3.05239s written=0
  skipped: outside allowed region
velocity row 102/120 IC 304/599 x0=0.790558 velocity_parameter=0.679 elapsed=3.05449s written=0
  skipped: outside allowed region
velocity row 102/120 IC 314/599 x0=0.790565 velocity_parameter=0.679 elapsed=3.07356s written=0
  skipped: outside allowed region
velocity row 102/120 IC 322/599 x0=0.790571 velocity_parameter=0.679 elapsed=3.09197s written=0
  skipped: outside allowed region
velocity row 103/120 IC 304/599 x0=0.790558 velocity_parameter=0.695167 elapsed=3.09353s written=0
  skipped: outside allowed region
velocity row 103/120 IC 314/599 x0=0.790565 velocity_parameter=0.695167 elapsed=3.10871s written=0
  skipped: outside allowed region
velocity row 103/120 IC 322/599 x0=0.790571 velocity_parameter=0.695167 elapsed=3.11923s written=0
  skipped: outside allowed region
velocity row 104/120 IC 304/599 x0=0.790558 velocity_parameter=0.711333 elapsed=3.12414s written=0
  skipped: outside allowed region
velocity row 104/120 IC 314/599 x0=0.790565 velocity_parameter=0.711333 elapsed=3.14165s written=0
  skipped: outside allowed region
velocity row 104/120 IC 322/599 x0=0.790571 velocity_parameter=0.711333 elapsed=3.15611s written=0
  skipped: outside allowed region
velocity row 105/120 IC 304/599 x0=0.790558 velocity_parameter=0.7275 elapsed=3.15732s written=0
  skipped: outside allowed region
velocity row 105/120 IC 314/599 x0=0.790565 velocity_parameter=0.7275 elapsed=3.16872s written=0
  skipped: outside allowed region
velocity row 105/120 IC 322/599 x0=0.790571 velocity_parameter=0.7275 elapsed=3.17764s written=0
  skipped: outside allowed region
velocity row 106/120 IC 304/599 x0=0.790558 velocity_parameter=0.743667 elapsed=3.17858s written=0
  skipped: outside allowed region
velocity row 106/120 IC 314/599 x0=0.790565 velocity_parameter=0.743667 elapsed=3.19038s written=0
  skipped: outside allowed region
velocity row 106/120 IC 322/599 x0=0.790571 velocity_parameter=0.743667 elapsed=3.19861s written=0
  skipped: outside allowed region
velocity row 107/120 IC 304/599 x0=0.790558 velocity_parameter=0.759833 elapsed=3.20029s written=0
  skipped: outside allowed region
velocity row 107/120 IC 314/599 x0=0.790565 velocity_parameter=0.759833 elapsed=3.21742s written=0
  skipped: outside allowed region
velocity row 107/120 IC 322/599 x0=0.790571 velocity_parameter=0.759833 elapsed=3.22778s written=0
  skipped: outside allowed region
velocity row 108/120 IC 304/599 x0=0.790558 velocity_parameter=0.776 elapsed=3.22881s written=0
  skipped: outside allowed region
velocity row 108/120 IC 314/599 x0=0.790565 velocity_parameter=0.776 elapsed=3.2422s written=0
  skipped: outside allowed region
velocity row 108/120 IC 322/599 x0=0.790571 velocity_parameter=0.776 elapsed=3.2533s written=0
  skipped: outside allowed region
velocity row 109/120 IC 304/599 x0=0.790558 velocity_parameter=0.792167 elapsed=3.25471s written=0
  skipped: outside allowed region
velocity row 109/120 IC 314/599 x0=0.790565 velocity_parameter=0.792167 elapsed=3.2726s written=0
  skipped: outside allowed region
velocity row 109/120 IC 322/599 x0=0.790571 velocity_parameter=0.792167 elapsed=3.29124s written=0
  skipped: outside allowed region
velocity row 110/120 IC 304/599 x0=0.790558 velocity_parameter=0.808333 elapsed=3.29305s written=0
  skipped: outside allowed region
velocity row 110/120 IC 314/599 x0=0.790565 velocity_parameter=0.808333 elapsed=3.30799s written=0
  skipped: outside allowed region
velocity row 110/120 IC 322/599 x0=0.790571 velocity_parameter=0.808333 elapsed=3.3218s written=0
  skipped: outside allowed region
velocity row 111/120 IC 304/599 x0=0.790558 velocity_parameter=0.8245 elapsed=3.32283s written=0
  skipped: outside allowed region
velocity row 111/120 IC 314/599 x0=0.790565 velocity_parameter=0.8245 elapsed=3.34078s written=0
  skipped: outside allowed region
velocity row 111/120 IC 322/599 x0=0.790571 velocity_parameter=0.8245 elapsed=3.35039s written=0
  skipped: outside allowed region
velocity row 112/120 IC 304/599 x0=0.790558 velocity_parameter=0.840667 elapsed=3.35165s written=0
  skipped: outside allowed region
velocity row 112/120 IC 314/599 x0=0.790565 velocity_parameter=0.840667 elapsed=3.36952s written=0
  skipped: outside allowed region
velocity row 112/120 IC 322/599 x0=0.790571 velocity_parameter=0.840667 elapsed=3.37935s written=0
  skipped: outside allowed region
velocity row 113/120 IC 304/599 x0=0.790558 velocity_parameter=0.856833 elapsed=3.38077s written=0
  skipped: outside allowed region
velocity row 113/120 IC 314/599 x0=0.790565 velocity_parameter=0.856833 elapsed=3.39402s written=0
  skipped: outside allowed region
velocity row 113/120 IC 322/599 x0=0.790571 velocity_parameter=0.856833 elapsed=3.40445s written=0
  skipped: outside allowed region
velocity row 114/120 IC 304/599 x0=0.790558 velocity_parameter=0.873 elapsed=3.40541s written=0
  skipped: outside allowed region
velocity row 114/120 IC 314/599 x0=0.790565 velocity_parameter=0.873 elapsed=3.41342s written=0
  skipped: outside allowed region
velocity row 114/120 IC 322/599 x0=0.790571 velocity_parameter=0.873 elapsed=3.43274s written=0
  skipped: outside allowed region
velocity row 115/120 IC 304/599 x0=0.790558 velocity_parameter=0.889167 elapsed=3.43402s written=0
  skipped: outside allowed region
velocity row 115/120 IC 314/599 x0=0.790565 velocity_parameter=0.889167 elapsed=3.45005s written=0
  skipped: outside allowed region
velocity row 115/120 IC 322/599 x0=0.790571 velocity_parameter=0.889167 elapsed=3.45919s written=0
  skipped: outside allowed region
velocity row 116/120 IC 304/599 x0=0.790558 velocity_parameter=0.905333 elapsed=3.46064s written=0
  skipped: outside allowed region
velocity row 116/120 IC 314/599 x0=0.790565 velocity_parameter=0.905333 elapsed=3.47349s written=0
  skipped: outside allowed region
velocity row 116/120 IC 322/599 x0=0.790571 velocity_parameter=0.905333 elapsed=3.48264s written=0
  skipped: outside allowed region
velocity row 117/120 IC 304/599 x0=0.790558 velocity_parameter=0.9215 elapsed=3.48725s written=0
  skipped: outside allowed region
velocity row 117/120 IC 314/599 x0=0.790565 velocity_parameter=0.9215 elapsed=3.49905s written=0
  skipped: outside allowed region
velocity row 117/120 IC 322/599 x0=0.790571 velocity_parameter=0.9215 elapsed=3.51179s written=0
  skipped: outside allowed region
velocity row 118/120 IC 304/599 x0=0.790558 velocity_parameter=0.937667 elapsed=3.51354s written=0
  skipped: outside allowed region
velocity row 118/120 IC 314/599 x0=0.790565 velocity_parameter=0.937667 elapsed=3.53407s written=0
  skipped: outside allowed region
velocity row 118/120 IC 322/599 x0=0.790571 velocity_parameter=0.937667 elapsed=3.54546s written=0
  skipped: outside allowed region
velocity row 119/120 IC 304/599 x0=0.790558 velocity_parameter=0.953833 elapsed=3.54818s written=0
  skipped: outside allowed region
velocity row 119/120 IC 314/599 x0=0.790565 velocity_parameter=0.953833 elapsed=3.56564s written=0
  skipped: outside allowed region
velocity row 119/120 IC 322/599 x0=0.790571 velocity_parameter=0.953833 elapsed=3.58327s written=0
  skipped: outside allowed region
velocity row 120/120 IC 304/599 x0=0.790558 velocity_parameter=0.97 elapsed=3.58416s written=0
  skipped: outside allowed region
velocity row 120/120 IC 314/599 x0=0.790565 velocity_parameter=0.97 elapsed=3.59993s written=0
  skipped: outside allowed region
velocity row 120/120 IC 322/599 x0=0.790571 velocity_parameter=0.97 elapsed=3.61129s written=0
  skipped: outside allowed region
metadata -> /mnt/c/Users/payne/Code/Hill_4BP/professional_neck_studies/e1_dense_001/survey/level_006_delta_1e_minus_8/closed/shard_0016/metadata.txt
wrote 0 points (2299 ICs skipped, 0 orbits stopped early, elapsed=3.61285s) -> /mnt/c/Users/payne/Code/Hill_4BP/professional_neck_studies/e1_dense_001/survey/level_006_delta_1e_minus_8/closed/shard_0016/points.csv
outcomes: collision=0 completed=0 forbidden=2299 inner_radius_limit=0 invalid_initial_radius=0 invalid_velocity=0 nontransverse=0 numerical_failure=0 outer_limit=0 timeout=0
