zero-velocity boundary -> /mnt/c/Users/payne/Code/Hill_4BP/professional_neck_studies/e1_dense_001/survey/level_005_delta_1e_minus_7/closed/shard_0021/zero_velocity_boundary.csv
lambda1=0.0272549 lambda2=2.97275 A=-0.986373 B=0.486373 c=0.0976566 c1=0 c2=0 c3=-0.0976566 h=-2.39154 (C=4.78307)
E1/E2 neck h=-2.39154 (C=4.78307), E3/E4 neck h=-0.454039 (C=0.908078)
energy_mode=neck_delta neck=E1 hcrit=-2.39154 delta=1e-07 side=closed actual_neck_side=closed delta_h=-1e-07
x_count=600 xdot_count=121 iterates=250 index range=[399,417] velocity_mode=fraction x_range=[0.789875,0.791235] max_return_time=100
smooth coordinates R=sqrt(rho), CAPD crossing mode=Both solver_order=28 max_step=0.005 abs_tol=1e-15 rel_tol=1e-13 collision_radius=1e-06 outer_radius=5
velocity row 0/120 IC 399/599 x0=0.790781 velocity_parameter=-0.97 elapsed=1.88e-07s written=0
  crossing 0/250
  stopped velocity row 0 IC 399 x0=0.790781 velocity_parameter=-0.97 status=outer_limit: trajectory reached the configured outer_limit radius
  stopped velocity row 0 IC 400 x0=0.790783 velocity_parameter=-0.97 status=outer_limit: trajectory reached the configured outer_limit radius
  stopped velocity row 0 IC 401 x0=0.790785 velocity_parameter=-0.97 status=outer_limit: trajectory reached the configured outer_limit radius
  stopped velocity row 0 IC 402 x0=0.790787 velocity_parameter=-0.97 status=outer_limit: trajectory reached the configured outer_limit radius
  stopped velocity row 0 IC 403 x0=0.79079 velocity_parameter=-0.97 status=outer_limit: trajectory reached the configured outer_limit radius
  stopped velocity row 0 IC 404 x0=0.790792 velocity_parameter=-0.97 status=outer_limit: trajectory reached the configured outer_limit radius
  stopped velocity row 0 IC 405 x0=0.790794 velocity_parameter=-0.97 status=outer_limit: trajectory reached the configured outer_limit radius
  stopped velocity row 0 IC 406 x0=0.790796 velocity_parameter=-0.97 status=outer_limit: trajectory reached the configured outer_limit radius
  stopped velocity row 0 IC 407 x0=0.790799 velocity_parameter=-0.97 status=outer_limit: trajectory reached the configured outer_limit radius
  stopped velocity row 0 IC 408 x0=0.790801 velocity_parameter=-0.97 status=outer_limit: trajectory reached the configured outer_limit radius
velocity row 0/120 IC 409/599 x0=0.790803 velocity_parameter=-0.97 elapsed=0.158755s written=0
  crossing 0/250
  stopped velocity row 0 IC 409 x0=0.790803 velocity_parameter=-0.97 status=outer_limit: trajectory reached the configured outer_limit radius
velocity row 0/120 IC 417/599 x0=0.790821 velocity_parameter=-0.97 elapsed=0.271222s written=0
  crossing 0/250
  stopped velocity row 0 IC 417 x0=0.790821 velocity_parameter=-0.97 status=outer_limit: trajectory reached the configured outer_limit radius
velocity row 1/120 IC 399/599 x0=0.790781 velocity_parameter=-0.953833 elapsed=0.283092s written=0
  crossing 0/250
  stopped velocity row 1 IC 399 x0=0.790781 velocity_parameter=-0.953833 status=outer_limit: trajectory reached the configured outer_limit radius
velocity row 1/120 IC 409/599 x0=0.790803 velocity_parameter=-0.953833 elapsed=0.435105s written=0
  crossing 0/250
  stopped velocity row 1 IC 409 x0=0.790803 velocity_parameter=-0.953833 status=outer_limit: trajectory reached the configured outer_limit radius
velocity row 1/120 IC 417/599 x0=0.790821 velocity_parameter=-0.953833 elapsed=0.559531s written=0
  crossing 0/250
  stopped velocity row 1 IC 417 x0=0.790821 velocity_parameter=-0.953833 status=outer_limit: trajectory reached the configured outer_limit radius
velocity row 2/120 IC 399/599 x0=0.790781 velocity_parameter=-0.937667 elapsed=0.575554s written=0
  crossing 0/250
  stopped velocity row 2 IC 399 x0=0.790781 velocity_parameter=-0.937667 status=outer_limit: trajectory reached the configured outer_limit radius
velocity row 2/120 IC 409/599 x0=0.790803 velocity_parameter=-0.937667 elapsed=0.726718s written=0
  crossing 0/250
  stopped velocity row 2 IC 409 x0=0.790803 velocity_parameter=-0.937667 status=outer_limit: trajectory reached the configured outer_limit radius
velocity row 2/120 IC 417/599 x0=0.790821 velocity_parameter=-0.937667 elapsed=0.851437s written=0
  crossing 0/250
  stopped velocity row 2 IC 417 x0=0.790821 velocity_parameter=-0.937667 status=outer_limit: trajectory reached the configured outer_limit radius
velocity row 3/120 IC 399/599 x0=0.790781 velocity_parameter=-0.9215 elapsed=0.867115s written=0
  crossing 0/250
  stopped velocity row 3 IC 399 x0=0.790781 velocity_parameter=-0.9215 status=outer_limit: trajectory reached the configured outer_limit radius
velocity row 3/120 IC 409/599 x0=0.790803 velocity_parameter=-0.9215 elapsed=1.0113s written=0
  crossing 0/250
  stopped velocity row 3 IC 409 x0=0.790803 velocity_parameter=-0.9215 status=outer_limit: trajectory reached the configured outer_limit radius
velocity row 3/120 IC 417/599 x0=0.790821 velocity_parameter=-0.9215 elapsed=1.12308s written=0
  crossing 0/250
  stopped velocity row 3 IC 417 x0=0.790821 velocity_parameter=-0.9215 status=outer_limit: trajectory reached the configured outer_limit radius
velocity row 4/120 IC 399/599 x0=0.790781 velocity_parameter=-0.905333 elapsed=1.13847s written=0
  crossing 0/250
  stopped velocity row 4 IC 399 x0=0.790781 velocity_parameter=-0.905333 status=outer_limit: trajectory reached the configured outer_limit radius
velocity row 4/120 IC 409/599 x0=0.790803 velocity_parameter=-0.905333 elapsed=1.29133s written=0
  crossing 0/250
  stopped velocity row 4 IC 409 x0=0.790803 velocity_parameter=-0.905333 status=outer_limit: trajectory reached the configured outer_limit radius
velocity row 4/120 IC 417/599 x0=0.790821 velocity_parameter=-0.905333 elapsed=1.41196s written=0
  crossing 0/250
  stopped velocity row 4 IC 417 x0=0.790821 velocity_parameter=-0.905333 status=outer_limit: trajectory reached the configured outer_limit radius
velocity row 5/120 IC 399/599 x0=0.790781 velocity_parameter=-0.889167 elapsed=1.42647s written=0
  crossing 0/250
  stopped velocity row 5 IC 399 x0=0.790781 velocity_parameter=-0.889167 status=outer_limit: trajectory reached the configured outer_limit radius
velocity row 5/120 IC 409/599 x0=0.790803 velocity_parameter=-0.889167 elapsed=1.58737s written=0
  crossing 0/250
  stopped velocity row 5 IC 409 x0=0.790803 velocity_parameter=-0.889167 status=outer_limit: trajectory reached the configured outer_limit radius
velocity row 5/120 IC 417/599 x0=0.790821 velocity_parameter=-0.889167 elapsed=1.70284s written=0
  crossing 0/250
  stopped velocity row 5 IC 417 x0=0.790821 velocity_parameter=-0.889167 status=outer_limit: trajectory reached the configured outer_limit radius
velocity row 6/120 IC 399/599 x0=0.790781 velocity_parameter=-0.873 elapsed=1.71725s written=0
  crossing 0/250
  stopped velocity row 6 IC 399 x0=0.790781 velocity_parameter=-0.873 status=outer_limit: trajectory reached the configured outer_limit radius
velocity row 6/120 IC 409/599 x0=0.790803 velocity_parameter=-0.873 elapsed=1.85893s written=0
  crossing 0/250
  stopped velocity row 6 IC 409 x0=0.790803 velocity_parameter=-0.873 status=outer_limit: trajectory reached the configured outer_limit radius
velocity row 6/120 IC 417/599 x0=0.790821 velocity_parameter=-0.873 elapsed=1.97317s written=0
  crossing 0/250
  stopped velocity row 6 IC 417 x0=0.790821 velocity_parameter=-0.873 status=outer_limit: trajectory reached the configured outer_limit radius
velocity row 7/120 IC 399/599 x0=0.790781 velocity_parameter=-0.856833 elapsed=1.98683s written=0
  crossing 0/250
  stopped velocity row 7 IC 399 x0=0.790781 velocity_parameter=-0.856833 status=outer_limit: trajectory reached the configured outer_limit radius
velocity row 7/120 IC 409/599 x0=0.790803 velocity_parameter=-0.856833 elapsed=2.13247s written=0
  crossing 0/250
  stopped velocity row 7 IC 409 x0=0.790803 velocity_parameter=-0.856833 status=outer_limit: trajectory reached the configured outer_limit radius
velocity row 7/120 IC 417/599 x0=0.790821 velocity_parameter=-0.856833 elapsed=2.25512s written=0
  crossing 0/250
  stopped velocity row 7 IC 417 x0=0.790821 velocity_parameter=-0.856833 status=outer_limit: trajectory reached the configured outer_limit radius
velocity row 8/120 IC 399/599 x0=0.790781 velocity_parameter=-0.840667 elapsed=2.27111s written=0
  crossing 0/250
  stopped velocity row 8 IC 399 x0=0.790781 velocity_parameter=-0.840667 status=outer_limit: trajectory reached the configured outer_limit radius
velocity row 8/120 IC 409/599 x0=0.790803 velocity_parameter=-0.840667 elapsed=2.40957s written=0
  crossing 0/250
  stopped velocity row 8 IC 409 x0=0.790803 velocity_parameter=-0.840667 status=outer_limit: trajectory reached the configured outer_limit radius
velocity row 8/120 IC 417/599 x0=0.790821 velocity_parameter=-0.840667 elapsed=2.51968s written=0
  crossing 0/250
  stopped velocity row 8 IC 417 x0=0.790821 velocity_parameter=-0.840667 status=outer_limit: trajectory reached the configured outer_limit radius
velocity row 9/120 IC 399/599 x0=0.790781 velocity_parameter=-0.8245 elapsed=2.53472s written=0
  crossing 0/250
  stopped velocity row 9 IC 399 x0=0.790781 velocity_parameter=-0.8245 status=outer_limit: trajectory reached the configured outer_limit radius
velocity row 9/120 IC 409/599 x0=0.790803 velocity_parameter=-0.8245 elapsed=2.66264s written=0
  crossing 0/250
  stopped velocity row 9 IC 409 x0=0.790803 velocity_parameter=-0.8245 status=outer_limit: trajectory reached the configured outer_limit radius
velocity row 9/120 IC 417/599 x0=0.790821 velocity_parameter=-0.8245 elapsed=2.78066s written=0
  crossing 0/250
  stopped velocity row 9 IC 417 x0=0.790821 velocity_parameter=-0.8245 status=outer_limit: trajectory reached the configured outer_limit radius
velocity row 10/120 IC 399/599 x0=0.790781 velocity_parameter=-0.808333 elapsed=2.79309s written=0
  crossing 0/250
  stopped velocity row 10 IC 399 x0=0.790781 velocity_parameter=-0.808333 status=outer_limit: trajectory reached the configured outer_limit radius
velocity row 10/120 IC 409/599 x0=0.790803 velocity_parameter=-0.808333 elapsed=2.94302s written=0
  crossing 0/250
  stopped velocity row 10 IC 409 x0=0.790803 velocity_parameter=-0.808333 status=outer_limit: trajectory reached the configured outer_limit radius
velocity row 10/120 IC 417/599 x0=0.790821 velocity_parameter=-0.808333 elapsed=3.05391s written=0
  crossing 0/250
  stopped velocity row 10 IC 417 x0=0.790821 velocity_parameter=-0.808333 status=outer_limit: trajectory reached the configured outer_limit radius
velocity row 11/120 IC 399/599 x0=0.790781 velocity_parameter=-0.792167 elapsed=3.06807s written=0
  crossing 0/250
  stopped velocity row 11 IC 399 x0=0.790781 velocity_parameter=-0.792167 status=outer_limit: trajectory reached the configured outer_limit radius
velocity row 11/120 IC 409/599 x0=0.790803 velocity_parameter=-0.792167 elapsed=3.20436s written=0
  crossing 0/250
  stopped velocity row 11 IC 409 x0=0.790803 velocity_parameter=-0.792167 status=outer_limit: trajectory reached the configured outer_limit radius
velocity row 11/120 IC 417/599 x0=0.790821 velocity_parameter=-0.792167 elapsed=3.31838s written=0
  crossing 0/250
  stopped velocity row 11 IC 417 x0=0.790821 velocity_parameter=-0.792167 status=outer_limit: trajectory reached the configured outer_limit radius
velocity row 12/120 IC 399/599 x0=0.790781 velocity_parameter=-0.776 elapsed=3.33109s written=0
  crossing 0/250
  stopped velocity row 12 IC 399 x0=0.790781 velocity_parameter=-0.776 status=outer_limit: trajectory reached the configured outer_limit radius
velocity row 12/120 IC 409/599 x0=0.790803 velocity_parameter=-0.776 elapsed=3.46804s written=0
  crossing 0/250
  stopped velocity row 12 IC 409 x0=0.790803 velocity_parameter=-0.776 status=outer_limit: trajectory reached the configured outer_limit radius
velocity row 12/120 IC 417/599 x0=0.790821 velocity_parameter=-0.776 elapsed=3.5756s written=0
  crossing 0/250
  stopped velocity row 12 IC 417 x0=0.790821 velocity_parameter=-0.776 status=outer_limit: trajectory reached the configured outer_limit radius
velocity row 13/120 IC 399/599 x0=0.790781 velocity_parameter=-0.759833 elapsed=3.59181s written=0
  crossing 0/250
  stopped velocity row 13 IC 399 x0=0.790781 velocity_parameter=-0.759833 status=outer_limit: trajectory reached the configured outer_limit radius
velocity row 13/120 IC 409/599 x0=0.790803 velocity_parameter=-0.759833 elapsed=3.73651s written=0
  crossing 0/250
  stopped velocity row 13 IC 409 x0=0.790803 velocity_parameter=-0.759833 status=outer_limit: trajectory reached the configured outer_limit radius
velocity row 13/120 IC 417/599 x0=0.790821 velocity_parameter=-0.759833 elapsed=3.84354s written=0
  crossing 0/250
  stopped velocity row 13 IC 417 x0=0.790821 velocity_parameter=-0.759833 status=outer_limit: trajectory reached the configured outer_limit radius
velocity row 14/120 IC 399/599 x0=0.790781 velocity_parameter=-0.743667 elapsed=3.86039s written=0
  crossing 0/250
  stopped velocity row 14 IC 399 x0=0.790781 velocity_parameter=-0.743667 status=outer_limit: trajectory reached the configured outer_limit radius
velocity row 14/120 IC 409/599 x0=0.790803 velocity_parameter=-0.743667 elapsed=3.98386s written=0
  crossing 0/250
  stopped velocity row 14 IC 409 x0=0.790803 velocity_parameter=-0.743667 status=outer_limit: trajectory reached the configured outer_limit radius
velocity row 14/120 IC 417/599 x0=0.790821 velocity_parameter=-0.743667 elapsed=4.08328s written=0
  crossing 0/250
  stopped velocity row 14 IC 417 x0=0.790821 velocity_parameter=-0.743667 status=outer_limit: trajectory reached the configured outer_limit radius
velocity row 15/120 IC 399/599 x0=0.790781 velocity_parameter=-0.7275 elapsed=4.0951s written=0
  crossing 0/250
  stopped velocity row 15 IC 399 x0=0.790781 velocity_parameter=-0.7275 status=outer_limit: trajectory reached the configured outer_limit radius
velocity row 15/120 IC 409/599 x0=0.790803 velocity_parameter=-0.7275 elapsed=4.22496s written=0
  crossing 0/250
  stopped velocity row 15 IC 409 x0=0.790803 velocity_parameter=-0.7275 status=outer_limit: trajectory reached the configured outer_limit radius
velocity row 15/120 IC 417/599 x0=0.790821 velocity_parameter=-0.7275 elapsed=4.33395s written=0
  crossing 0/250
  stopped velocity row 15 IC 417 x0=0.790821 velocity_parameter=-0.7275 status=outer_limit: trajectory reached the configured outer_limit radius
velocity row 16/120 IC 399/599 x0=0.790781 velocity_parameter=-0.711333 elapsed=4.34421s written=0
  crossing 0/250
  stopped velocity row 16 IC 399 x0=0.790781 velocity_parameter=-0.711333 status=outer_limit: trajectory reached the configured outer_limit radius
velocity row 16/120 IC 409/599 x0=0.790803 velocity_parameter=-0.711333 elapsed=4.46736s written=0
  crossing 0/250
  stopped velocity row 16 IC 409 x0=0.790803 velocity_parameter=-0.711333 status=outer_limit: trajectory reached the configured outer_limit radius
velocity row 16/120 IC 417/599 x0=0.790821 velocity_parameter=-0.711333 elapsed=4.56288s written=0
  crossing 0/250
  stopped velocity row 16 IC 417 x0=0.790821 velocity_parameter=-0.711333 status=outer_limit: trajectory reached the configured outer_limit radius
velocity row 17/120 IC 399/599 x0=0.790781 velocity_parameter=-0.695167 elapsed=4.57334s written=0
  crossing 0/250
  stopped velocity row 17 IC 399 x0=0.790781 velocity_parameter=-0.695167 status=outer_limit: trajectory reached the configured outer_limit radius
velocity row 17/120 IC 409/599 x0=0.790803 velocity_parameter=-0.695167 elapsed=4.69599s written=0
  crossing 0/250
  stopped velocity row 17 IC 409 x0=0.790803 velocity_parameter=-0.695167 status=outer_limit: trajectory reached the configured outer_limit radius
velocity row 17/120 IC 417/599 x0=0.790821 velocity_parameter=-0.695167 elapsed=4.78887s written=0
  crossing 0/250
  stopped velocity row 17 IC 417 x0=0.790821 velocity_parameter=-0.695167 status=outer_limit: trajectory reached the configured outer_limit radius
velocity row 18/120 IC 399/599 x0=0.790781 velocity_parameter=-0.679 elapsed=4.80031s written=0
  crossing 0/250
  stopped velocity row 18 IC 399 x0=0.790781 velocity_parameter=-0.679 status=outer_limit: trajectory reached the configured outer_limit radius
velocity row 18/120 IC 409/599 x0=0.790803 velocity_parameter=-0.679 elapsed=4.922s written=0
  crossing 0/250
  stopped velocity row 18 IC 409 x0=0.790803 velocity_parameter=-0.679 status=outer_limit: trajectory reached the configured outer_limit radius
velocity row 18/120 IC 417/599 x0=0.790821 velocity_parameter=-0.679 elapsed=5.00969s written=0
  crossing 0/250
  stopped velocity row 18 IC 417 x0=0.790821 velocity_parameter=-0.679 status=outer_limit: trajectory reached the configured outer_limit radius
velocity row 19/120 IC 399/599 x0=0.790781 velocity_parameter=-0.662833 elapsed=5.02128s written=0
  crossing 0/250
  stopped velocity row 19 IC 399 x0=0.790781 velocity_parameter=-0.662833 status=outer_limit: trajectory reached the configured outer_limit radius
velocity row 19/120 IC 409/599 x0=0.790803 velocity_parameter=-0.662833 elapsed=5.14109s written=0
  crossing 0/250
  stopped velocity row 19 IC 409 x0=0.790803 velocity_parameter=-0.662833 status=outer_limit: trajectory reached the configured outer_limit radius
velocity row 19/120 IC 417/599 x0=0.790821 velocity_parameter=-0.662833 elapsed=5.23083s written=0
  crossing 0/250
  stopped velocity row 19 IC 417 x0=0.790821 velocity_parameter=-0.662833 status=outer_limit: trajectory reached the configured outer_limit radius
velocity row 20/120 IC 399/599 x0=0.790781 velocity_parameter=-0.646667 elapsed=5.23928s written=0
  crossing 0/250
  stopped velocity row 20 IC 399 x0=0.790781 velocity_parameter=-0.646667 status=outer_limit: trajectory reached the configured outer_limit radius
velocity row 20/120 IC 409/599 x0=0.790803 velocity_parameter=-0.646667 elapsed=5.35227s written=0
  crossing 0/250
  stopped velocity row 20 IC 409 x0=0.790803 velocity_parameter=-0.646667 status=outer_limit: trajectory reached the configured outer_limit radius
velocity row 20/120 IC 417/599 x0=0.790821 velocity_parameter=-0.646667 elapsed=5.44431s written=0
  crossing 0/250
  stopped velocity row 20 IC 417 x0=0.790821 velocity_parameter=-0.646667 status=outer_limit: trajectory reached the configured outer_limit radius
velocity row 21/120 IC 399/599 x0=0.790781 velocity_parameter=-0.6305 elapsed=5.45629s written=0
  crossing 0/250
  stopped velocity row 21 IC 399 x0=0.790781 velocity_parameter=-0.6305 status=outer_limit: trajectory reached the configured outer_limit radius
velocity row 21/120 IC 409/599 x0=0.790803 velocity_parameter=-0.6305 elapsed=5.57919s written=0
  crossing 0/250
  stopped velocity row 21 IC 409 x0=0.790803 velocity_parameter=-0.6305 status=outer_limit: trajectory reached the configured outer_limit radius
velocity row 21/120 IC 417/599 x0=0.790821 velocity_parameter=-0.6305 elapsed=5.66877s written=0
  crossing 0/250
  stopped velocity row 21 IC 417 x0=0.790821 velocity_parameter=-0.6305 status=outer_limit: trajectory reached the configured outer_limit radius
velocity row 22/120 IC 399/599 x0=0.790781 velocity_parameter=-0.614333 elapsed=5.68111s written=0
  crossing 0/250
  stopped velocity row 22 IC 399 x0=0.790781 velocity_parameter=-0.614333 status=outer_limit: trajectory reached the configured outer_limit radius
velocity row 22/120 IC 409/599 x0=0.790803 velocity_parameter=-0.614333 elapsed=5.80694s written=0
  crossing 0/250
  stopped velocity row 22 IC 409 x0=0.790803 velocity_parameter=-0.614333 status=outer_limit: trajectory reached the configured outer_limit radius
velocity row 22/120 IC 417/599 x0=0.790821 velocity_parameter=-0.614333 elapsed=5.89595s written=0
  crossing 0/250
  stopped velocity row 22 IC 417 x0=0.790821 velocity_parameter=-0.614333 status=outer_limit: trajectory reached the configured outer_limit radius
velocity row 23/120 IC 399/599 x0=0.790781 velocity_parameter=-0.598167 elapsed=5.90664s written=0
  crossing 0/250
  stopped velocity row 23 IC 399 x0=0.790781 velocity_parameter=-0.598167 status=outer_limit: trajectory reached the configured outer_limit radius
velocity row 23/120 IC 409/599 x0=0.790803 velocity_parameter=-0.598167 elapsed=6.02017s written=0
  crossing 0/250
  stopped velocity row 23 IC 409 x0=0.790803 velocity_parameter=-0.598167 status=outer_limit: trajectory reached the configured outer_limit radius
velocity row 23/120 IC 417/599 x0=0.790821 velocity_parameter=-0.598167 elapsed=6.11185s written=0
  crossing 0/250
  stopped velocity row 23 IC 417 x0=0.790821 velocity_parameter=-0.598167 status=outer_limit: trajectory reached the configured outer_limit radius
velocity row 24/120 IC 399/599 x0=0.790781 velocity_parameter=-0.582 elapsed=6.12336s written=0
  crossing 0/250
  stopped velocity row 24 IC 399 x0=0.790781 velocity_parameter=-0.582 status=outer_limit: trajectory reached the configured outer_limit radius
velocity row 24/120 IC 409/599 x0=0.790803 velocity_parameter=-0.582 elapsed=6.23197s written=0
  crossing 0/250
  stopped velocity row 24 IC 409 x0=0.790803 velocity_parameter=-0.582 status=outer_limit: trajectory reached the configured outer_limit radius
velocity row 24/120 IC 417/599 x0=0.790821 velocity_parameter=-0.582 elapsed=6.32076s written=0
  crossing 0/250
  stopped velocity row 24 IC 417 x0=0.790821 velocity_parameter=-0.582 status=outer_limit: trajectory reached the configured outer_limit radius
velocity row 25/120 IC 399/599 x0=0.790781 velocity_parameter=-0.565833 elapsed=6.33244s written=0
  crossing 0/250
  stopped velocity row 25 IC 399 x0=0.790781 velocity_parameter=-0.565833 status=outer_limit: trajectory reached the configured outer_limit radius
velocity row 25/120 IC 409/599 x0=0.790803 velocity_parameter=-0.565833 elapsed=6.44504s written=0
  crossing 0/250
  stopped velocity row 25 IC 409 x0=0.790803 velocity_parameter=-0.565833 status=outer_limit: trajectory reached the configured outer_limit radius
velocity row 25/120 IC 417/599 x0=0.790821 velocity_parameter=-0.565833 elapsed=6.53501s written=0
  crossing 0/250
  stopped velocity row 25 IC 417 x0=0.790821 velocity_parameter=-0.565833 status=outer_limit: trajectory reached the configured outer_limit radius
velocity row 26/120 IC 399/599 x0=0.790781 velocity_parameter=-0.549667 elapsed=6.54643s written=0
  crossing 0/250
  stopped velocity row 26 IC 399 x0=0.790781 velocity_parameter=-0.549667 status=outer_limit: trajectory reached the configured outer_limit radius
velocity row 26/120 IC 409/599 x0=0.790803 velocity_parameter=-0.549667 elapsed=6.65852s written=0
  crossing 0/250
  stopped velocity row 26 IC 409 x0=0.790803 velocity_parameter=-0.549667 status=outer_limit: trajectory reached the configured outer_limit radius
velocity row 26/120 IC 417/599 x0=0.790821 velocity_parameter=-0.549667 elapsed=6.74528s written=0
  crossing 0/250
  stopped velocity row 26 IC 417 x0=0.790821 velocity_parameter=-0.549667 status=outer_limit: trajectory reached the configured outer_limit radius
velocity row 27/120 IC 399/599 x0=0.790781 velocity_parameter=-0.5335 elapsed=6.75723s written=0
  crossing 0/250
  stopped velocity row 27 IC 399 x0=0.790781 velocity_parameter=-0.5335 status=outer_limit: trajectory reached the configured outer_limit radius
velocity row 27/120 IC 409/599 x0=0.790803 velocity_parameter=-0.5335 elapsed=6.8742s written=0
  crossing 0/250
  stopped velocity row 27 IC 409 x0=0.790803 velocity_parameter=-0.5335 status=outer_limit: trajectory reached the configured outer_limit radius
velocity row 27/120 IC 417/599 x0=0.790821 velocity_parameter=-0.5335 elapsed=6.96249s written=0
  crossing 0/250
  stopped velocity row 27 IC 417 x0=0.790821 velocity_parameter=-0.5335 status=outer_limit: trajectory reached the configured outer_limit radius
velocity row 28/120 IC 399/599 x0=0.790781 velocity_parameter=-0.517333 elapsed=6.97466s written=0
  crossing 0/250
  stopped velocity row 28 IC 399 x0=0.790781 velocity_parameter=-0.517333 status=outer_limit: trajectory reached the configured outer_limit radius
velocity row 28/120 IC 409/599 x0=0.790803 velocity_parameter=-0.517333 elapsed=7.08929s written=0
  crossing 0/250
  stopped velocity row 28 IC 409 x0=0.790803 velocity_parameter=-0.517333 status=outer_limit: trajectory reached the configured outer_limit radius
velocity row 28/120 IC 417/599 x0=0.790821 velocity_parameter=-0.517333 elapsed=7.17725s written=0
  crossing 0/250
  stopped velocity row 28 IC 417 x0=0.790821 velocity_parameter=-0.517333 status=outer_limit: trajectory reached the configured outer_limit radius
velocity row 29/120 IC 399/599 x0=0.790781 velocity_parameter=-0.501167 elapsed=7.1862s written=0
  crossing 0/250
  stopped velocity row 29 IC 399 x0=0.790781 velocity_parameter=-0.501167 status=outer_limit: trajectory reached the configured outer_limit radius
velocity row 29/120 IC 409/599 x0=0.790803 velocity_parameter=-0.501167 elapsed=7.29612s written=0
  crossing 0/250
  stopped velocity row 29 IC 409 x0=0.790803 velocity_parameter=-0.501167 status=outer_limit: trajectory reached the configured outer_limit radius
velocity row 29/120 IC 417/599 x0=0.790821 velocity_parameter=-0.501167 elapsed=7.3857s written=0
  crossing 0/250
  stopped velocity row 29 IC 417 x0=0.790821 velocity_parameter=-0.501167 status=outer_limit: trajectory reached the configured outer_limit radius
velocity row 30/120 IC 399/599 x0=0.790781 velocity_parameter=-0.485 elapsed=7.39711s written=0
  crossing 0/250
  stopped velocity row 30 IC 399 x0=0.790781 velocity_parameter=-0.485 status=outer_limit: trajectory reached the configured outer_limit radius
velocity row 30/120 IC 409/599 x0=0.790803 velocity_parameter=-0.485 elapsed=7.50174s written=0
  crossing 0/250
  stopped velocity row 30 IC 409 x0=0.790803 velocity_parameter=-0.485 status=outer_limit: trajectory reached the configured outer_limit radius
velocity row 30/120 IC 417/599 x0=0.790821 velocity_parameter=-0.485 elapsed=7.58696s written=0
  crossing 0/250
  stopped velocity row 30 IC 417 x0=0.790821 velocity_parameter=-0.485 status=outer_limit: trajectory reached the configured outer_limit radius
velocity row 31/120 IC 399/599 x0=0.790781 velocity_parameter=-0.468833 elapsed=7.59794s written=0
  crossing 0/250
  stopped velocity row 31 IC 399 x0=0.790781 velocity_parameter=-0.468833 status=outer_limit: trajectory reached the configured outer_limit radius
velocity row 31/120 IC 409/599 x0=0.790803 velocity_parameter=-0.468833 elapsed=7.71626s written=0
  crossing 0/250
  stopped velocity row 31 IC 409 x0=0.790803 velocity_parameter=-0.468833 status=outer_limit: trajectory reached the configured outer_limit radius
velocity row 31/120 IC 417/599 x0=0.790821 velocity_parameter=-0.468833 elapsed=7.80789s written=0
  crossing 0/250
  stopped velocity row 31 IC 417 x0=0.790821 velocity_parameter=-0.468833 status=outer_limit: trajectory reached the configured outer_limit radius
velocity row 32/120 IC 399/599 x0=0.790781 velocity_parameter=-0.452667 elapsed=7.81947s written=0
  crossing 0/250
  stopped velocity row 32 IC 399 x0=0.790781 velocity_parameter=-0.452667 status=outer_limit: trajectory reached the configured outer_limit radius
velocity row 32/120 IC 409/599 x0=0.790803 velocity_parameter=-0.452667 elapsed=7.92786s written=0
  crossing 0/250
  stopped velocity row 32 IC 409 x0=0.790803 velocity_parameter=-0.452667 status=outer_limit: trajectory reached the configured outer_limit radius
velocity row 32/120 IC 417/599 x0=0.790821 velocity_parameter=-0.452667 elapsed=8.01772s written=0
  crossing 0/250
  stopped velocity row 32 IC 417 x0=0.790821 velocity_parameter=-0.452667 status=outer_limit: trajectory reached the configured outer_limit radius
velocity row 33/120 IC 399/599 x0=0.790781 velocity_parameter=-0.4365 elapsed=8.02914s written=0
  crossing 0/250
  stopped velocity row 33 IC 399 x0=0.790781 velocity_parameter=-0.4365 status=outer_limit: trajectory reached the configured outer_limit radius
velocity row 33/120 IC 409/599 x0=0.790803 velocity_parameter=-0.4365 elapsed=8.13947s written=0
  crossing 0/250
  stopped velocity row 33 IC 409 x0=0.790803 velocity_parameter=-0.4365 status=outer_limit: trajectory reached the configured outer_limit radius
velocity row 33/120 IC 417/599 x0=0.790821 velocity_parameter=-0.4365 elapsed=8.22913s written=0
  crossing 0/250
  stopped velocity row 33 IC 417 x0=0.790821 velocity_parameter=-0.4365 status=outer_limit: trajectory reached the configured outer_limit radius
velocity row 34/120 IC 399/599 x0=0.790781 velocity_parameter=-0.420333 elapsed=8.24087s written=0
  crossing 0/250
  stopped velocity row 34 IC 399 x0=0.790781 velocity_parameter=-0.420333 status=outer_limit: trajectory reached the configured outer_limit radius
velocity row 34/120 IC 409/599 x0=0.790803 velocity_parameter=-0.420333 elapsed=8.35164s written=0
  crossing 0/250
  stopped velocity row 34 IC 409 x0=0.790803 velocity_parameter=-0.420333 status=outer_limit: trajectory reached the configured outer_limit radius
velocity row 34/120 IC 417/599 x0=0.790821 velocity_parameter=-0.420333 elapsed=8.44462s written=0
  crossing 0/250
  stopped velocity row 34 IC 417 x0=0.790821 velocity_parameter=-0.420333 status=outer_limit: trajectory reached the configured outer_limit radius
velocity row 35/120 IC 399/599 x0=0.790781 velocity_parameter=-0.404167 elapsed=8.45579s written=0
  crossing 0/250
  stopped velocity row 35 IC 399 x0=0.790781 velocity_parameter=-0.404167 status=outer_limit: trajectory reached the configured outer_limit radius
velocity row 35/120 IC 409/599 x0=0.790803 velocity_parameter=-0.404167 elapsed=8.56739s written=0
  crossing 0/250
  stopped velocity row 35 IC 409 x0=0.790803 velocity_parameter=-0.404167 status=outer_limit: trajectory reached the configured outer_limit radius
velocity row 35/120 IC 417/599 x0=0.790821 velocity_parameter=-0.404167 elapsed=8.65768s written=0
  crossing 0/250
  stopped velocity row 35 IC 417 x0=0.790821 velocity_parameter=-0.404167 status=outer_limit: trajectory reached the configured outer_limit radius
velocity row 36/120 IC 399/599 x0=0.790781 velocity_parameter=-0.388 elapsed=8.66983s written=0
  crossing 0/250
  stopped velocity row 36 IC 399 x0=0.790781 velocity_parameter=-0.388 status=outer_limit: trajectory reached the configured outer_limit radius
velocity row 36/120 IC 409/599 x0=0.790803 velocity_parameter=-0.388 elapsed=8.77671s written=0
  crossing 0/250
  stopped velocity row 36 IC 409 x0=0.790803 velocity_parameter=-0.388 status=outer_limit: trajectory reached the configured outer_limit radius
velocity row 36/120 IC 417/599 x0=0.790821 velocity_parameter=-0.388 elapsed=8.86274s written=0
  crossing 0/250
  stopped velocity row 36 IC 417 x0=0.790821 velocity_parameter=-0.388 status=outer_limit: trajectory reached the configured outer_limit radius
velocity row 37/120 IC 399/599 x0=0.790781 velocity_parameter=-0.371833 elapsed=8.87406s written=0
  crossing 0/250
  stopped velocity row 37 IC 399 x0=0.790781 velocity_parameter=-0.371833 status=outer_limit: trajectory reached the configured outer_limit radius
velocity row 37/120 IC 409/599 x0=0.790803 velocity_parameter=-0.371833 elapsed=8.98923s written=0
  crossing 0/250
  stopped velocity row 37 IC 409 x0=0.790803 velocity_parameter=-0.371833 status=outer_limit: trajectory reached the configured outer_limit radius
velocity row 37/120 IC 417/599 x0=0.790821 velocity_parameter=-0.371833 elapsed=9.08056s written=0
  crossing 0/250
  stopped velocity row 37 IC 417 x0=0.790821 velocity_parameter=-0.371833 status=outer_limit: trajectory reached the configured outer_limit radius
velocity row 38/120 IC 399/599 x0=0.790781 velocity_parameter=-0.355667 elapsed=9.09336s written=0
  crossing 0/250
  stopped velocity row 38 IC 399 x0=0.790781 velocity_parameter=-0.355667 status=outer_limit: trajectory reached the configured outer_limit radius
velocity row 38/120 IC 409/599 x0=0.790803 velocity_parameter=-0.355667 elapsed=9.20394s written=0
  crossing 0/250
  stopped velocity row 38 IC 409 x0=0.790803 velocity_parameter=-0.355667 status=outer_limit: trajectory reached the configured outer_limit radius
velocity row 38/120 IC 417/599 x0=0.790821 velocity_parameter=-0.355667 elapsed=9.29278s written=0
  crossing 0/250
  stopped velocity row 38 IC 417 x0=0.790821 velocity_parameter=-0.355667 status=outer_limit: trajectory reached the configured outer_limit radius
velocity row 39/120 IC 399/599 x0=0.790781 velocity_parameter=-0.3395 elapsed=9.30324s written=0
  crossing 0/250
  stopped velocity row 39 IC 399 x0=0.790781 velocity_parameter=-0.3395 status=outer_limit: trajectory reached the configured outer_limit radius
velocity row 39/120 IC 409/599 x0=0.790803 velocity_parameter=-0.3395 elapsed=9.40999s written=0
  crossing 0/250
  stopped velocity row 39 IC 409 x0=0.790803 velocity_parameter=-0.3395 status=outer_limit: trajectory reached the configured outer_limit radius
velocity row 39/120 IC 417/599 x0=0.790821 velocity_parameter=-0.3395 elapsed=9.49458s written=0
  crossing 0/250
  stopped velocity row 39 IC 417 x0=0.790821 velocity_parameter=-0.3395 status=outer_limit: trajectory reached the configured outer_limit radius
velocity row 40/120 IC 399/599 x0=0.790781 velocity_parameter=-0.323333 elapsed=9.50603s written=0
  crossing 0/250
  stopped velocity row 40 IC 399 x0=0.790781 velocity_parameter=-0.323333 status=outer_limit: trajectory reached the configured outer_limit radius
velocity row 40/120 IC 409/599 x0=0.790803 velocity_parameter=-0.323333 elapsed=9.61032s written=0
  crossing 0/250
  stopped velocity row 40 IC 409 x0=0.790803 velocity_parameter=-0.323333 status=outer_limit: trajectory reached the configured outer_limit radius
velocity row 40/120 IC 417/599 x0=0.790821 velocity_parameter=-0.323333 elapsed=9.69444s written=0
  crossing 0/250
  stopped velocity row 40 IC 417 x0=0.790821 velocity_parameter=-0.323333 status=outer_limit: trajectory reached the configured outer_limit radius
velocity row 41/120 IC 399/599 x0=0.790781 velocity_parameter=-0.307167 elapsed=9.70546s written=0
  crossing 0/250
  stopped velocity row 41 IC 399 x0=0.790781 velocity_parameter=-0.307167 status=outer_limit: trajectory reached the configured outer_limit radius
velocity row 41/120 IC 409/599 x0=0.790803 velocity_parameter=-0.307167 elapsed=9.80835s written=0
  crossing 0/250
  stopped velocity row 41 IC 409 x0=0.790803 velocity_parameter=-0.307167 status=outer_limit: trajectory reached the configured outer_limit radius
velocity row 41/120 IC 417/599 x0=0.790821 velocity_parameter=-0.307167 elapsed=9.89175s written=0
  crossing 0/250
  stopped velocity row 41 IC 417 x0=0.790821 velocity_parameter=-0.307167 status=outer_limit: trajectory reached the configured outer_limit radius
velocity row 42/120 IC 399/599 x0=0.790781 velocity_parameter=-0.291 elapsed=9.9033s written=0
  crossing 0/250
  stopped velocity row 42 IC 399 x0=0.790781 velocity_parameter=-0.291 status=outer_limit: trajectory reached the configured outer_limit radius
velocity row 42/120 IC 409/599 x0=0.790803 velocity_parameter=-0.291 elapsed=10.0167s written=0
  crossing 0/250
  stopped velocity row 42 IC 409 x0=0.790803 velocity_parameter=-0.291 status=outer_limit: trajectory reached the configured outer_limit radius
velocity row 42/120 IC 417/599 x0=0.790821 velocity_parameter=-0.291 elapsed=10.1114s written=0
  crossing 0/250
  stopped velocity row 42 IC 417 x0=0.790821 velocity_parameter=-0.291 status=outer_limit: trajectory reached the configured outer_limit radius
velocity row 43/120 IC 399/599 x0=0.790781 velocity_parameter=-0.274833 elapsed=10.1226s written=0
  crossing 0/250
  stopped velocity row 43 IC 399 x0=0.790781 velocity_parameter=-0.274833 status=outer_limit: trajectory reached the configured outer_limit radius
velocity row 43/120 IC 409/599 x0=0.790803 velocity_parameter=-0.274833 elapsed=10.2324s written=0
  crossing 0/250
  stopped velocity row 43 IC 409 x0=0.790803 velocity_parameter=-0.274833 status=outer_limit: trajectory reached the configured outer_limit radius
velocity row 43/120 IC 417/599 x0=0.790821 velocity_parameter=-0.274833 elapsed=10.3156s written=0
  crossing 0/250
  stopped velocity row 43 IC 417 x0=0.790821 velocity_parameter=-0.274833 status=outer_limit: trajectory reached the configured outer_limit radius
velocity row 44/120 IC 399/599 x0=0.790781 velocity_parameter=-0.258667 elapsed=10.3263s written=0
  crossing 0/250
  stopped velocity row 44 IC 399 x0=0.790781 velocity_parameter=-0.258667 status=outer_limit: trajectory reached the configured outer_limit radius
velocity row 44/120 IC 409/599 x0=0.790803 velocity_parameter=-0.258667 elapsed=10.4393s written=0
  crossing 0/250
  stopped velocity row 44 IC 409 x0=0.790803 velocity_parameter=-0.258667 status=outer_limit: trajectory reached the configured outer_limit radius
velocity row 44/120 IC 417/599 x0=0.790821 velocity_parameter=-0.258667 elapsed=10.5269s written=0
  crossing 0/250
  stopped velocity row 44 IC 417 x0=0.790821 velocity_parameter=-0.258667 status=outer_limit: trajectory reached the configured outer_limit radius
velocity row 45/120 IC 399/599 x0=0.790781 velocity_parameter=-0.2425 elapsed=10.5384s written=0
  crossing 0/250
  stopped velocity row 45 IC 399 x0=0.790781 velocity_parameter=-0.2425 status=outer_limit: trajectory reached the configured outer_limit radius
velocity row 45/120 IC 409/599 x0=0.790803 velocity_parameter=-0.2425 elapsed=10.6461s written=0
  crossing 0/250
  stopped velocity row 45 IC 409 x0=0.790803 velocity_parameter=-0.2425 status=outer_limit: trajectory reached the configured outer_limit radius
velocity row 45/120 IC 417/599 x0=0.790821 velocity_parameter=-0.2425 elapsed=10.7317s written=0
  crossing 0/250
  stopped velocity row 45 IC 417 x0=0.790821 velocity_parameter=-0.2425 status=outer_limit: trajectory reached the configured outer_limit radius
velocity row 46/120 IC 399/599 x0=0.790781 velocity_parameter=-0.226333 elapsed=10.7429s written=0
  crossing 0/250
  stopped velocity row 46 IC 399 x0=0.790781 velocity_parameter=-0.226333 status=outer_limit: trajectory reached the configured outer_limit radius
velocity row 46/120 IC 409/599 x0=0.790803 velocity_parameter=-0.226333 elapsed=10.8538s written=0
  crossing 0/250
  stopped velocity row 46 IC 409 x0=0.790803 velocity_parameter=-0.226333 status=outer_limit: trajectory reached the configured outer_limit radius
velocity row 46/120 IC 417/599 x0=0.790821 velocity_parameter=-0.226333 elapsed=10.932s written=0
  crossing 0/250
  stopped velocity row 46 IC 417 x0=0.790821 velocity_parameter=-0.226333 status=outer_limit: trajectory reached the configured outer_limit radius
velocity row 47/120 IC 399/599 x0=0.790781 velocity_parameter=-0.210167 elapsed=10.9421s written=0
  crossing 0/250
  stopped velocity row 47 IC 399 x0=0.790781 velocity_parameter=-0.210167 status=outer_limit: trajectory reached the configured outer_limit radius
velocity row 47/120 IC 409/599 x0=0.790803 velocity_parameter=-0.210167 elapsed=11.0519s written=0
  crossing 0/250
  stopped velocity row 47 IC 409 x0=0.790803 velocity_parameter=-0.210167 status=outer_limit: trajectory reached the configured outer_limit radius
velocity row 47/120 IC 417/599 x0=0.790821 velocity_parameter=-0.210167 elapsed=11.1305s written=0
  crossing 0/250
  stopped velocity row 47 IC 417 x0=0.790821 velocity_parameter=-0.210167 status=outer_limit: trajectory reached the configured outer_limit radius
velocity row 48/120 IC 399/599 x0=0.790781 velocity_parameter=-0.194 elapsed=11.1444s written=0
  crossing 0/250
  stopped velocity row 48 IC 399 x0=0.790781 velocity_parameter=-0.194 status=outer_limit: trajectory reached the configured outer_limit radius
velocity row 48/120 IC 409/599 x0=0.790803 velocity_parameter=-0.194 elapsed=11.2506s written=0
  crossing 0/250
  stopped velocity row 48 IC 409 x0=0.790803 velocity_parameter=-0.194 status=outer_limit: trajectory reached the configured outer_limit radius
velocity row 48/120 IC 417/599 x0=0.790821 velocity_parameter=-0.194 elapsed=11.3286s written=0
  crossing 0/250
  stopped velocity row 48 IC 417 x0=0.790821 velocity_parameter=-0.194 status=outer_limit: trajectory reached the configured outer_limit radius
velocity row 49/120 IC 399/599 x0=0.790781 velocity_parameter=-0.177833 elapsed=11.3386s written=0
  crossing 0/250
  stopped velocity row 49 IC 399 x0=0.790781 velocity_parameter=-0.177833 status=outer_limit: trajectory reached the configured outer_limit radius
velocity row 49/120 IC 409/599 x0=0.790803 velocity_parameter=-0.177833 elapsed=11.4399s written=0
  crossing 0/250
  stopped velocity row 49 IC 409 x0=0.790803 velocity_parameter=-0.177833 status=outer_limit: trajectory reached the configured outer_limit radius
velocity row 49/120 IC 417/599 x0=0.790821 velocity_parameter=-0.177833 elapsed=11.5228s written=0
  crossing 0/250
  stopped velocity row 49 IC 417 x0=0.790821 velocity_parameter=-0.177833 status=outer_limit: trajectory reached the configured outer_limit radius
velocity row 50/120 IC 399/599 x0=0.790781 velocity_parameter=-0.161667 elapsed=11.534s written=0
  crossing 0/250
  stopped velocity row 50 IC 399 x0=0.790781 velocity_parameter=-0.161667 status=outer_limit: trajectory reached the configured outer_limit radius
velocity row 50/120 IC 409/599 x0=0.790803 velocity_parameter=-0.161667 elapsed=11.6392s written=0
  crossing 0/250
  stopped velocity row 50 IC 409 x0=0.790803 velocity_parameter=-0.161667 status=outer_limit: trajectory reached the configured outer_limit radius
velocity row 50/120 IC 417/599 x0=0.790821 velocity_parameter=-0.161667 elapsed=11.7161s written=0
  crossing 0/250
  stopped velocity row 50 IC 417 x0=0.790821 velocity_parameter=-0.161667 status=outer_limit: trajectory reached the configured outer_limit radius
velocity row 51/120 IC 399/599 x0=0.790781 velocity_parameter=-0.1455 elapsed=11.7275s written=0
  crossing 0/250
  stopped velocity row 51 IC 399 x0=0.790781 velocity_parameter=-0.1455 status=outer_limit: trajectory reached the configured outer_limit radius
velocity row 51/120 IC 409/599 x0=0.790803 velocity_parameter=-0.1455 elapsed=11.8326s written=0
  crossing 0/250
  stopped velocity row 51 IC 409 x0=0.790803 velocity_parameter=-0.1455 status=outer_limit: trajectory reached the configured outer_limit radius
velocity row 51/120 IC 417/599 x0=0.790821 velocity_parameter=-0.1455 elapsed=11.9165s written=0
  crossing 0/250
  stopped velocity row 51 IC 417 x0=0.790821 velocity_parameter=-0.1455 status=outer_limit: trajectory reached the configured outer_limit radius
velocity row 52/120 IC 399/599 x0=0.790781 velocity_parameter=-0.129333 elapsed=11.9276s written=0
  crossing 0/250
  stopped velocity row 52 IC 399 x0=0.790781 velocity_parameter=-0.129333 status=outer_limit: trajectory reached the configured outer_limit radius
velocity row 52/120 IC 409/599 x0=0.790803 velocity_parameter=-0.129333 elapsed=12.0323s written=0
  crossing 0/250
  stopped velocity row 52 IC 409 x0=0.790803 velocity_parameter=-0.129333 status=outer_limit: trajectory reached the configured outer_limit radius
velocity row 52/120 IC 417/599 x0=0.790821 velocity_parameter=-0.129333 elapsed=12.1104s written=0
  crossing 0/250
  stopped velocity row 52 IC 417 x0=0.790821 velocity_parameter=-0.129333 status=outer_limit: trajectory reached the configured outer_limit radius
velocity row 53/120 IC 399/599 x0=0.790781 velocity_parameter=-0.113167 elapsed=12.12s written=0
  crossing 0/250
  stopped velocity row 53 IC 399 x0=0.790781 velocity_parameter=-0.113167 status=outer_limit: trajectory reached the configured outer_limit radius
velocity row 53/120 IC 409/599 x0=0.790803 velocity_parameter=-0.113167 elapsed=12.2259s written=0
  crossing 0/250
  stopped velocity row 53 IC 409 x0=0.790803 velocity_parameter=-0.113167 status=outer_limit: trajectory reached the configured outer_limit radius
velocity row 53/120 IC 417/599 x0=0.790821 velocity_parameter=-0.113167 elapsed=12.3105s written=0
  crossing 0/250
  stopped velocity row 53 IC 417 x0=0.790821 velocity_parameter=-0.113167 status=outer_limit: trajectory reached the configured outer_limit radius
velocity row 54/120 IC 399/599 x0=0.790781 velocity_parameter=-0.097 elapsed=12.3209s written=0
  crossing 0/250
  stopped velocity row 54 IC 399 x0=0.790781 velocity_parameter=-0.097 status=outer_limit: trajectory reached the configured outer_limit radius
velocity row 54/120 IC 409/599 x0=0.790803 velocity_parameter=-0.097 elapsed=12.4232s written=0
  crossing 0/250
  stopped velocity row 54 IC 409 x0=0.790803 velocity_parameter=-0.097 status=outer_limit: trajectory reached the configured outer_limit radius
velocity row 54/120 IC 417/599 x0=0.790821 velocity_parameter=-0.097 elapsed=12.5018s written=0
  crossing 0/250
  stopped velocity row 54 IC 417 x0=0.790821 velocity_parameter=-0.097 status=outer_limit: trajectory reached the configured outer_limit radius
velocity row 55/120 IC 399/599 x0=0.790781 velocity_parameter=-0.0808333 elapsed=12.513s written=0
  crossing 0/250
  stopped velocity row 55 IC 399 x0=0.790781 velocity_parameter=-0.0808333 status=outer_limit: trajectory reached the configured outer_limit radius
velocity row 55/120 IC 409/599 x0=0.790803 velocity_parameter=-0.0808333 elapsed=12.6156s written=0
  crossing 0/250
  stopped velocity row 55 IC 409 x0=0.790803 velocity_parameter=-0.0808333 status=outer_limit: trajectory reached the configured outer_limit radius
velocity row 55/120 IC 417/599 x0=0.790821 velocity_parameter=-0.0808333 elapsed=12.7008s written=0
  crossing 0/250
  stopped velocity row 55 IC 417 x0=0.790821 velocity_parameter=-0.0808333 status=outer_limit: trajectory reached the configured outer_limit radius
velocity row 56/120 IC 399/599 x0=0.790781 velocity_parameter=-0.0646667 elapsed=12.7109s written=0
  crossing 0/250
  stopped velocity row 56 IC 399 x0=0.790781 velocity_parameter=-0.0646667 status=outer_limit: trajectory reached the configured outer_limit radius
velocity row 56/120 IC 409/599 x0=0.790803 velocity_parameter=-0.0646667 elapsed=12.8091s written=0
  crossing 0/250
  stopped velocity row 56 IC 409 x0=0.790803 velocity_parameter=-0.0646667 status=outer_limit: trajectory reached the configured outer_limit radius
velocity row 56/120 IC 417/599 x0=0.790821 velocity_parameter=-0.0646667 elapsed=12.896s written=0
  crossing 0/250
  stopped velocity row 56 IC 417 x0=0.790821 velocity_parameter=-0.0646667 status=outer_limit: trajectory reached the configured outer_limit radius
velocity row 57/120 IC 399/599 x0=0.790781 velocity_parameter=-0.0485 elapsed=12.9056s written=0
  crossing 0/250
  stopped velocity row 57 IC 399 x0=0.790781 velocity_parameter=-0.0485 status=outer_limit: trajectory reached the configured outer_limit radius
velocity row 57/120 IC 409/599 x0=0.790803 velocity_parameter=-0.0485 elapsed=13.0103s written=0
  crossing 0/250
  stopped velocity row 57 IC 409 x0=0.790803 velocity_parameter=-0.0485 status=outer_limit: trajectory reached the configured outer_limit radius
velocity row 57/120 IC 417/599 x0=0.790821 velocity_parameter=-0.0485 elapsed=13.0863s written=0
  crossing 0/250
  stopped velocity row 57 IC 417 x0=0.790821 velocity_parameter=-0.0485 status=outer_limit: trajectory reached the configured outer_limit radius
velocity row 58/120 IC 399/599 x0=0.790781 velocity_parameter=-0.0323333 elapsed=13.0971s written=0
  crossing 0/250
  stopped velocity row 58 IC 399 x0=0.790781 velocity_parameter=-0.0323333 status=outer_limit: trajectory reached the configured outer_limit radius
velocity row 58/120 IC 409/599 x0=0.790803 velocity_parameter=-0.0323333 elapsed=13.1989s written=0
  crossing 0/250
  stopped velocity row 58 IC 409 x0=0.790803 velocity_parameter=-0.0323333 status=outer_limit: trajectory reached the configured outer_limit radius
velocity row 58/120 IC 417/599 x0=0.790821 velocity_parameter=-0.0323333 elapsed=13.2783s written=0
  crossing 0/250
  stopped velocity row 58 IC 417 x0=0.790821 velocity_parameter=-0.0323333 status=outer_limit: trajectory reached the configured outer_limit radius
velocity row 59/120 IC 399/599 x0=0.790781 velocity_parameter=-0.0161667 elapsed=13.2894s written=0
  crossing 0/250
  stopped velocity row 59 IC 399 x0=0.790781 velocity_parameter=-0.0161667 status=outer_limit: trajectory reached the configured outer_limit radius
velocity row 59/120 IC 409/599 x0=0.790803 velocity_parameter=-0.0161667 elapsed=13.3943s written=0
  crossing 0/250
  stopped velocity row 59 IC 409 x0=0.790803 velocity_parameter=-0.0161667 status=outer_limit: trajectory reached the configured outer_limit radius
velocity row 59/120 IC 417/599 x0=0.790821 velocity_parameter=-0.0161667 elapsed=13.4777s written=0
  crossing 0/250
  stopped velocity row 59 IC 417 x0=0.790821 velocity_parameter=-0.0161667 status=outer_limit: trajectory reached the configured outer_limit radius
velocity row 60/120 IC 399/599 x0=0.790781 velocity_parameter=0 elapsed=13.4915s written=0
  crossing 0/250
  stopped velocity row 60 IC 399 x0=0.790781 velocity_parameter=0 status=outer_limit: trajectory reached the configured outer_limit radius
velocity row 60/120 IC 409/599 x0=0.790803 velocity_parameter=0 elapsed=13.5988s written=0
  crossing 0/250
  stopped velocity row 60 IC 409 x0=0.790803 velocity_parameter=0 status=outer_limit: trajectory reached the configured outer_limit radius
velocity row 60/120 IC 417/599 x0=0.790821 velocity_parameter=0 elapsed=13.6825s written=0
  crossing 0/250
  stopped velocity row 60 IC 417 x0=0.790821 velocity_parameter=0 status=outer_limit: trajectory reached the configured outer_limit radius
velocity row 61/120 IC 399/599 x0=0.790781 velocity_parameter=0.0161667 elapsed=13.6934s written=0
  crossing 0/250
  stopped velocity row 61 IC 399 x0=0.790781 velocity_parameter=0.0161667 status=outer_limit: trajectory reached the configured outer_limit radius
velocity row 61/120 IC 409/599 x0=0.790803 velocity_parameter=0.0161667 elapsed=13.7833s written=0
  crossing 0/250
  stopped velocity row 61 IC 409 x0=0.790803 velocity_parameter=0.0161667 status=outer_limit: trajectory reached the configured outer_limit radius
velocity row 61/120 IC 417/599 x0=0.790821 velocity_parameter=0.0161667 elapsed=13.8674s written=0
  crossing 0/250
  stopped velocity row 61 IC 417 x0=0.790821 velocity_parameter=0.0161667 status=outer_limit: trajectory reached the configured outer_limit radius
velocity row 62/120 IC 399/599 x0=0.790781 velocity_parameter=0.0323333 elapsed=13.8779s written=0
  crossing 0/250
  stopped velocity row 62 IC 399 x0=0.790781 velocity_parameter=0.0323333 status=outer_limit: trajectory reached the configured outer_limit radius
velocity row 62/120 IC 409/599 x0=0.790803 velocity_parameter=0.0323333 elapsed=13.9815s written=0
  crossing 0/250
  stopped velocity row 62 IC 409 x0=0.790803 velocity_parameter=0.0323333 status=outer_limit: trajectory reached the configured outer_limit radius
velocity row 62/120 IC 417/599 x0=0.790821 velocity_parameter=0.0323333 elapsed=14.0654s written=0
  crossing 0/250
  stopped velocity row 62 IC 417 x0=0.790821 velocity_parameter=0.0323333 status=outer_limit: trajectory reached the configured outer_limit radius
velocity row 63/120 IC 399/599 x0=0.790781 velocity_parameter=0.0485 elapsed=14.0761s written=0
  crossing 0/250
  stopped velocity row 63 IC 399 x0=0.790781 velocity_parameter=0.0485 status=outer_limit: trajectory reached the configured outer_limit radius
velocity row 63/120 IC 409/599 x0=0.790803 velocity_parameter=0.0485 elapsed=14.1779s written=0
  crossing 0/250
  stopped velocity row 63 IC 409 x0=0.790803 velocity_parameter=0.0485 status=outer_limit: trajectory reached the configured outer_limit radius
velocity row 63/120 IC 417/599 x0=0.790821 velocity_parameter=0.0485 elapsed=14.2545s written=0
  crossing 0/250
  stopped velocity row 63 IC 417 x0=0.790821 velocity_parameter=0.0485 status=outer_limit: trajectory reached the configured outer_limit radius
velocity row 64/120 IC 399/599 x0=0.790781 velocity_parameter=0.0646667 elapsed=14.2651s written=0
  crossing 0/250
  stopped velocity row 64 IC 399 x0=0.790781 velocity_parameter=0.0646667 status=outer_limit: trajectory reached the configured outer_limit radius
velocity row 64/120 IC 409/599 x0=0.790803 velocity_parameter=0.0646667 elapsed=14.3668s written=0
  crossing 0/250
  stopped velocity row 64 IC 409 x0=0.790803 velocity_parameter=0.0646667 status=outer_limit: trajectory reached the configured outer_limit radius
velocity row 64/120 IC 417/599 x0=0.790821 velocity_parameter=0.0646667 elapsed=14.4513s written=0
  crossing 0/250
  stopped velocity row 64 IC 417 x0=0.790821 velocity_parameter=0.0646667 status=outer_limit: trajectory reached the configured outer_limit radius
velocity row 65/120 IC 399/599 x0=0.790781 velocity_parameter=0.0808333 elapsed=14.4622s written=0
  crossing 0/250
  stopped velocity row 65 IC 399 x0=0.790781 velocity_parameter=0.0808333 status=outer_limit: trajectory reached the configured outer_limit radius
velocity row 65/120 IC 409/599 x0=0.790803 velocity_parameter=0.0808333 elapsed=14.5624s written=0
  crossing 0/250
  stopped velocity row 65 IC 409 x0=0.790803 velocity_parameter=0.0808333 status=outer_limit: trajectory reached the configured outer_limit radius
velocity row 65/120 IC 417/599 x0=0.790821 velocity_parameter=0.0808333 elapsed=14.6494s written=0
  crossing 0/250
  stopped velocity row 65 IC 417 x0=0.790821 velocity_parameter=0.0808333 status=outer_limit: trajectory reached the configured outer_limit radius
velocity row 66/120 IC 399/599 x0=0.790781 velocity_parameter=0.097 elapsed=14.6603s written=0
  crossing 0/250
  stopped velocity row 66 IC 399 x0=0.790781 velocity_parameter=0.097 status=outer_limit: trajectory reached the configured outer_limit radius
velocity row 66/120 IC 409/599 x0=0.790803 velocity_parameter=0.097 elapsed=14.7672s written=0
  crossing 0/250
  stopped velocity row 66 IC 409 x0=0.790803 velocity_parameter=0.097 status=outer_limit: trajectory reached the configured outer_limit radius
velocity row 66/120 IC 417/599 x0=0.790821 velocity_parameter=0.097 elapsed=14.8514s written=0
  crossing 0/250
  stopped velocity row 66 IC 417 x0=0.790821 velocity_parameter=0.097 status=outer_limit: trajectory reached the configured outer_limit radius
velocity row 67/120 IC 399/599 x0=0.790781 velocity_parameter=0.113167 elapsed=14.8615s written=0
  crossing 0/250
  stopped velocity row 67 IC 399 x0=0.790781 velocity_parameter=0.113167 status=outer_limit: trajectory reached the configured outer_limit radius
velocity row 67/120 IC 409/599 x0=0.790803 velocity_parameter=0.113167 elapsed=14.971s written=0
  crossing 0/250
  stopped velocity row 67 IC 409 x0=0.790803 velocity_parameter=0.113167 status=outer_limit: trajectory reached the configured outer_limit radius
velocity row 67/120 IC 417/599 x0=0.790821 velocity_parameter=0.113167 elapsed=15.0519s written=0
  crossing 0/250
  stopped velocity row 67 IC 417 x0=0.790821 velocity_parameter=0.113167 status=outer_limit: trajectory reached the configured outer_limit radius
velocity row 68/120 IC 399/599 x0=0.790781 velocity_parameter=0.129333 elapsed=15.0629s written=0
  crossing 0/250
  stopped velocity row 68 IC 399 x0=0.790781 velocity_parameter=0.129333 status=outer_limit: trajectory reached the configured outer_limit radius
velocity row 68/120 IC 409/599 x0=0.790803 velocity_parameter=0.129333 elapsed=15.1568s written=0
  crossing 0/250
  stopped velocity row 68 IC 409 x0=0.790803 velocity_parameter=0.129333 status=outer_limit: trajectory reached the configured outer_limit radius
velocity row 68/120 IC 417/599 x0=0.790821 velocity_parameter=0.129333 elapsed=15.2362s written=0
  crossing 0/250
  stopped velocity row 68 IC 417 x0=0.790821 velocity_parameter=0.129333 status=outer_limit: trajectory reached the configured outer_limit radius
velocity row 69/120 IC 399/599 x0=0.790781 velocity_parameter=0.1455 elapsed=15.2471s written=0
  crossing 0/250
  stopped velocity row 69 IC 399 x0=0.790781 velocity_parameter=0.1455 status=outer_limit: trajectory reached the configured outer_limit radius
velocity row 69/120 IC 409/599 x0=0.790803 velocity_parameter=0.1455 elapsed=15.344s written=0
  crossing 0/250
  stopped velocity row 69 IC 409 x0=0.790803 velocity_parameter=0.1455 status=outer_limit: trajectory reached the configured outer_limit radius
velocity row 69/120 IC 417/599 x0=0.790821 velocity_parameter=0.1455 elapsed=15.4216s written=0
  crossing 0/250
  stopped velocity row 69 IC 417 x0=0.790821 velocity_parameter=0.1455 status=outer_limit: trajectory reached the configured outer_limit radius
velocity row 70/120 IC 399/599 x0=0.790781 velocity_parameter=0.161667 elapsed=15.43s written=0
  crossing 0/250
  stopped velocity row 70 IC 399 x0=0.790781 velocity_parameter=0.161667 status=outer_limit: trajectory reached the configured outer_limit radius
velocity row 70/120 IC 409/599 x0=0.790803 velocity_parameter=0.161667 elapsed=15.5311s written=0
  crossing 0/250
  stopped velocity row 70 IC 409 x0=0.790803 velocity_parameter=0.161667 status=outer_limit: trajectory reached the configured outer_limit radius
velocity row 70/120 IC 417/599 x0=0.790821 velocity_parameter=0.161667 elapsed=15.6083s written=0
  crossing 0/250
  stopped velocity row 70 IC 417 x0=0.790821 velocity_parameter=0.161667 status=outer_limit: trajectory reached the configured outer_limit radius
velocity row 71/120 IC 399/599 x0=0.790781 velocity_parameter=0.177833 elapsed=15.6195s written=0
  crossing 0/250
  stopped velocity row 71 IC 399 x0=0.790781 velocity_parameter=0.177833 status=outer_limit: trajectory reached the configured outer_limit radius
velocity row 71/120 IC 409/599 x0=0.790803 velocity_parameter=0.177833 elapsed=15.7136s written=0
  crossing 0/250
  stopped velocity row 71 IC 409 x0=0.790803 velocity_parameter=0.177833 status=outer_limit: trajectory reached the configured outer_limit radius
velocity row 71/120 IC 417/599 x0=0.790821 velocity_parameter=0.177833 elapsed=15.796s written=0
  crossing 0/250
  stopped velocity row 71 IC 417 x0=0.790821 velocity_parameter=0.177833 status=outer_limit: trajectory reached the configured outer_limit radius
velocity row 72/120 IC 399/599 x0=0.790781 velocity_parameter=0.194 elapsed=15.806s written=0
  crossing 0/250
  stopped velocity row 72 IC 399 x0=0.790781 velocity_parameter=0.194 status=outer_limit: trajectory reached the configured outer_limit radius
velocity row 72/120 IC 409/599 x0=0.790803 velocity_parameter=0.194 elapsed=15.9145s written=0
  crossing 0/250
  stopped velocity row 72 IC 409 x0=0.790803 velocity_parameter=0.194 status=outer_limit: trajectory reached the configured outer_limit radius
velocity row 72/120 IC 417/599 x0=0.790821 velocity_parameter=0.194 elapsed=15.995s written=0
  crossing 0/250
  stopped velocity row 72 IC 417 x0=0.790821 velocity_parameter=0.194 status=outer_limit: trajectory reached the configured outer_limit radius
velocity row 73/120 IC 399/599 x0=0.790781 velocity_parameter=0.210167 elapsed=16.0059s written=0
  crossing 0/250
  stopped velocity row 73 IC 399 x0=0.790781 velocity_parameter=0.210167 status=outer_limit: trajectory reached the configured outer_limit radius
velocity row 73/120 IC 409/599 x0=0.790803 velocity_parameter=0.210167 elapsed=16.102s written=0
  crossing 0/250
  stopped velocity row 73 IC 409 x0=0.790803 velocity_parameter=0.210167 status=outer_limit: trajectory reached the configured outer_limit radius
velocity row 73/120 IC 417/599 x0=0.790821 velocity_parameter=0.210167 elapsed=16.1806s written=0
  crossing 0/250
  stopped velocity row 73 IC 417 x0=0.790821 velocity_parameter=0.210167 status=outer_limit: trajectory reached the configured outer_limit radius
velocity row 74/120 IC 399/599 x0=0.790781 velocity_parameter=0.226333 elapsed=16.191s written=0
  crossing 0/250
  stopped velocity row 74 IC 399 x0=0.790781 velocity_parameter=0.226333 status=outer_limit: trajectory reached the configured outer_limit radius
velocity row 74/120 IC 409/599 x0=0.790803 velocity_parameter=0.226333 elapsed=16.2954s written=0
  crossing 0/250
  stopped velocity row 74 IC 409 x0=0.790803 velocity_parameter=0.226333 status=outer_limit: trajectory reached the configured outer_limit radius
velocity row 74/120 IC 417/599 x0=0.790821 velocity_parameter=0.226333 elapsed=16.3887s written=0
  crossing 0/250
  stopped velocity row 74 IC 417 x0=0.790821 velocity_parameter=0.226333 status=outer_limit: trajectory reached the configured outer_limit radius
velocity row 75/120 IC 399/599 x0=0.790781 velocity_parameter=0.2425 elapsed=16.4s written=0
  crossing 0/250
  stopped velocity row 75 IC 399 x0=0.790781 velocity_parameter=0.2425 status=outer_limit: trajectory reached the configured outer_limit radius
velocity row 75/120 IC 409/599 x0=0.790803 velocity_parameter=0.2425 elapsed=16.5035s written=0
  crossing 0/250
  stopped velocity row 75 IC 409 x0=0.790803 velocity_parameter=0.2425 status=outer_limit: trajectory reached the configured outer_limit radius
velocity row 75/120 IC 417/599 x0=0.790821 velocity_parameter=0.2425 elapsed=16.5849s written=0
  crossing 0/250
  stopped velocity row 75 IC 417 x0=0.790821 velocity_parameter=0.2425 status=outer_limit: trajectory reached the configured outer_limit radius
velocity row 76/120 IC 399/599 x0=0.790781 velocity_parameter=0.258667 elapsed=16.5954s written=0
  crossing 0/250
  stopped velocity row 76 IC 399 x0=0.790781 velocity_parameter=0.258667 status=outer_limit: trajectory reached the configured outer_limit radius
velocity row 76/120 IC 409/599 x0=0.790803 velocity_parameter=0.258667 elapsed=16.6947s written=0
  crossing 0/250
  stopped velocity row 76 IC 409 x0=0.790803 velocity_parameter=0.258667 status=outer_limit: trajectory reached the configured outer_limit radius
velocity row 76/120 IC 417/599 x0=0.790821 velocity_parameter=0.258667 elapsed=16.7686s written=0
  crossing 0/250
  stopped velocity row 76 IC 417 x0=0.790821 velocity_parameter=0.258667 status=outer_limit: trajectory reached the configured outer_limit radius
velocity row 77/120 IC 399/599 x0=0.790781 velocity_parameter=0.274833 elapsed=16.78s written=0
  crossing 0/250
  stopped velocity row 77 IC 399 x0=0.790781 velocity_parameter=0.274833 status=outer_limit: trajectory reached the configured outer_limit radius
velocity row 77/120 IC 409/599 x0=0.790803 velocity_parameter=0.274833 elapsed=16.8935s written=0
  crossing 0/250
  stopped velocity row 77 IC 409 x0=0.790803 velocity_parameter=0.274833 status=outer_limit: trajectory reached the configured outer_limit radius
velocity row 77/120 IC 417/599 x0=0.790821 velocity_parameter=0.274833 elapsed=16.9721s written=0
  crossing 0/250
  stopped velocity row 77 IC 417 x0=0.790821 velocity_parameter=0.274833 status=outer_limit: trajectory reached the configured outer_limit radius
velocity row 78/120 IC 399/599 x0=0.790781 velocity_parameter=0.291 elapsed=16.982s written=0
  crossing 0/250
  stopped velocity row 78 IC 399 x0=0.790781 velocity_parameter=0.291 status=outer_limit: trajectory reached the configured outer_limit radius
velocity row 78/120 IC 409/599 x0=0.790803 velocity_parameter=0.291 elapsed=17.0879s written=0
  crossing 0/250
  stopped velocity row 78 IC 409 x0=0.790803 velocity_parameter=0.291 status=outer_limit: trajectory reached the configured outer_limit radius
velocity row 78/120 IC 417/599 x0=0.790821 velocity_parameter=0.291 elapsed=17.1649s written=0
  crossing 0/250
  stopped velocity row 78 IC 417 x0=0.790821 velocity_parameter=0.291 status=outer_limit: trajectory reached the configured outer_limit radius
velocity row 79/120 IC 399/599 x0=0.790781 velocity_parameter=0.307167 elapsed=17.1753s written=0
  crossing 0/250
  stopped velocity row 79 IC 399 x0=0.790781 velocity_parameter=0.307167 status=outer_limit: trajectory reached the configured outer_limit radius
velocity row 79/120 IC 409/599 x0=0.790803 velocity_parameter=0.307167 elapsed=17.2743s written=0
  crossing 0/250
  stopped velocity row 79 IC 409 x0=0.790803 velocity_parameter=0.307167 status=outer_limit: trajectory reached the configured outer_limit radius
velocity row 79/120 IC 417/599 x0=0.790821 velocity_parameter=0.307167 elapsed=17.3587s written=0
  crossing 0/250
  stopped velocity row 79 IC 417 x0=0.790821 velocity_parameter=0.307167 status=outer_limit: trajectory reached the configured outer_limit radius
velocity row 80/120 IC 399/599 x0=0.790781 velocity_parameter=0.323333 elapsed=17.3699s written=0
  crossing 0/250
  stopped velocity row 80 IC 399 x0=0.790781 velocity_parameter=0.323333 status=outer_limit: trajectory reached the configured outer_limit radius
velocity row 80/120 IC 409/599 x0=0.790803 velocity_parameter=0.323333 elapsed=17.4717s written=0
  crossing 0/250
  stopped velocity row 80 IC 409 x0=0.790803 velocity_parameter=0.323333 status=outer_limit: trajectory reached the configured outer_limit radius
velocity row 80/120 IC 417/599 x0=0.790821 velocity_parameter=0.323333 elapsed=17.5508s written=0
  crossing 0/250
  stopped velocity row 80 IC 417 x0=0.790821 velocity_parameter=0.323333 status=outer_limit: trajectory reached the configured outer_limit radius
velocity row 81/120 IC 399/599 x0=0.790781 velocity_parameter=0.3395 elapsed=17.5609s written=0
  crossing 0/250
  stopped velocity row 81 IC 399 x0=0.790781 velocity_parameter=0.3395 status=outer_limit: trajectory reached the configured outer_limit radius
velocity row 81/120 IC 409/599 x0=0.790803 velocity_parameter=0.3395 elapsed=17.6654s written=0
  crossing 0/250
  stopped velocity row 81 IC 409 x0=0.790803 velocity_parameter=0.3395 status=outer_limit: trajectory reached the configured outer_limit radius
velocity row 81/120 IC 417/599 x0=0.790821 velocity_parameter=0.3395 elapsed=17.7417s written=0
  crossing 0/250
  stopped velocity row 81 IC 417 x0=0.790821 velocity_parameter=0.3395 status=outer_limit: trajectory reached the configured outer_limit radius
velocity row 82/120 IC 399/599 x0=0.790781 velocity_parameter=0.355667 elapsed=17.7526s written=0
  crossing 0/250
  stopped velocity row 82 IC 399 x0=0.790781 velocity_parameter=0.355667 status=outer_limit: trajectory reached the configured outer_limit radius
velocity row 82/120 IC 409/599 x0=0.790803 velocity_parameter=0.355667 elapsed=17.8552s written=0
  crossing 0/250
  stopped velocity row 82 IC 409 x0=0.790803 velocity_parameter=0.355667 status=outer_limit: trajectory reached the configured outer_limit radius
velocity row 82/120 IC 417/599 x0=0.790821 velocity_parameter=0.355667 elapsed=17.9348s written=0
  crossing 0/250
  stopped velocity row 82 IC 417 x0=0.790821 velocity_parameter=0.355667 status=outer_limit: trajectory reached the configured outer_limit radius
velocity row 83/120 IC 399/599 x0=0.790781 velocity_parameter=0.371833 elapsed=17.9457s written=0
  crossing 0/250
  stopped velocity row 83 IC 399 x0=0.790781 velocity_parameter=0.371833 status=outer_limit: trajectory reached the configured outer_limit radius
velocity row 83/120 IC 409/599 x0=0.790803 velocity_parameter=0.371833 elapsed=18.0434s written=0
  crossing 0/250
  stopped velocity row 83 IC 409 x0=0.790803 velocity_parameter=0.371833 status=outer_limit: trajectory reached the configured outer_limit radius
velocity row 83/120 IC 417/599 x0=0.790821 velocity_parameter=0.371833 elapsed=18.1234s written=0
  crossing 0/250
  stopped velocity row 83 IC 417 x0=0.790821 velocity_parameter=0.371833 status=outer_limit: trajectory reached the configured outer_limit radius
velocity row 84/120 IC 399/599 x0=0.790781 velocity_parameter=0.388 elapsed=18.1343s written=0
  crossing 0/250
  stopped velocity row 84 IC 399 x0=0.790781 velocity_parameter=0.388 status=outer_limit: trajectory reached the configured outer_limit radius
velocity row 84/120 IC 409/599 x0=0.790803 velocity_parameter=0.388 elapsed=18.2362s written=0
  crossing 0/250
  stopped velocity row 84 IC 409 x0=0.790803 velocity_parameter=0.388 status=outer_limit: trajectory reached the configured outer_limit radius
velocity row 84/120 IC 417/599 x0=0.790821 velocity_parameter=0.388 elapsed=18.3193s written=0
  crossing 0/250
  stopped velocity row 84 IC 417 x0=0.790821 velocity_parameter=0.388 status=outer_limit: trajectory reached the configured outer_limit radius
velocity row 85/120 IC 399/599 x0=0.790781 velocity_parameter=0.404167 elapsed=18.3307s written=0
  crossing 0/250
  stopped velocity row 85 IC 399 x0=0.790781 velocity_parameter=0.404167 status=outer_limit: trajectory reached the configured outer_limit radius
velocity row 85/120 IC 409/599 x0=0.790803 velocity_parameter=0.404167 elapsed=18.4265s written=0
  crossing 0/250
  stopped velocity row 85 IC 409 x0=0.790803 velocity_parameter=0.404167 status=outer_limit: trajectory reached the configured outer_limit radius
velocity row 85/120 IC 417/599 x0=0.790821 velocity_parameter=0.404167 elapsed=18.4973s written=0
  crossing 0/250
  stopped velocity row 85 IC 417 x0=0.790821 velocity_parameter=0.404167 status=outer_limit: trajectory reached the configured outer_limit radius
velocity row 86/120 IC 399/599 x0=0.790781 velocity_parameter=0.420333 elapsed=18.5043s written=0
  crossing 0/250
  stopped velocity row 86 IC 399 x0=0.790781 velocity_parameter=0.420333 status=outer_limit: trajectory reached the configured outer_limit radius
velocity row 86/120 IC 409/599 x0=0.790803 velocity_parameter=0.420333 elapsed=18.6106s written=0
  crossing 0/250
  stopped velocity row 86 IC 409 x0=0.790803 velocity_parameter=0.420333 status=outer_limit: trajectory reached the configured outer_limit radius
velocity row 86/120 IC 417/599 x0=0.790821 velocity_parameter=0.420333 elapsed=18.6878s written=0
  crossing 0/250
  stopped velocity row 86 IC 417 x0=0.790821 velocity_parameter=0.420333 status=outer_limit: trajectory reached the configured outer_limit radius
velocity row 87/120 IC 399/599 x0=0.790781 velocity_parameter=0.4365 elapsed=18.6977s written=0
  crossing 0/250
  stopped velocity row 87 IC 399 x0=0.790781 velocity_parameter=0.4365 status=outer_limit: trajectory reached the configured outer_limit radius
velocity row 87/120 IC 409/599 x0=0.790803 velocity_parameter=0.4365 elapsed=18.7938s written=0
  crossing 0/250
  stopped velocity row 87 IC 409 x0=0.790803 velocity_parameter=0.4365 status=outer_limit: trajectory reached the configured outer_limit radius
velocity row 87/120 IC 417/599 x0=0.790821 velocity_parameter=0.4365 elapsed=18.8764s written=0
  crossing 0/250
  stopped velocity row 87 IC 417 x0=0.790821 velocity_parameter=0.4365 status=outer_limit: trajectory reached the configured outer_limit radius
velocity row 88/120 IC 399/599 x0=0.790781 velocity_parameter=0.452667 elapsed=18.8874s written=0
  crossing 0/250
  stopped velocity row 88 IC 399 x0=0.790781 velocity_parameter=0.452667 status=outer_limit: trajectory reached the configured outer_limit radius
velocity row 88/120 IC 409/599 x0=0.790803 velocity_parameter=0.452667 elapsed=18.9837s written=0
  crossing 0/250
  stopped velocity row 88 IC 409 x0=0.790803 velocity_parameter=0.452667 status=outer_limit: trajectory reached the configured outer_limit radius
velocity row 88/120 IC 417/599 x0=0.790821 velocity_parameter=0.452667 elapsed=19.0643s written=0
  crossing 0/250
  stopped velocity row 88 IC 417 x0=0.790821 velocity_parameter=0.452667 status=outer_limit: trajectory reached the configured outer_limit radius
velocity row 89/120 IC 399/599 x0=0.790781 velocity_parameter=0.468833 elapsed=19.0748s written=0
  crossing 0/250
  stopped velocity row 89 IC 399 x0=0.790781 velocity_parameter=0.468833 status=outer_limit: trajectory reached the configured outer_limit radius
velocity row 89/120 IC 409/599 x0=0.790803 velocity_parameter=0.468833 elapsed=19.1785s written=0
  crossing 0/250
  stopped velocity row 89 IC 409 x0=0.790803 velocity_parameter=0.468833 status=outer_limit: trajectory reached the configured outer_limit radius
velocity row 89/120 IC 417/599 x0=0.790821 velocity_parameter=0.468833 elapsed=19.2581s written=0
  crossing 0/250
  stopped velocity row 89 IC 417 x0=0.790821 velocity_parameter=0.468833 status=outer_limit: trajectory reached the configured outer_limit radius
velocity row 90/120 IC 399/599 x0=0.790781 velocity_parameter=0.485 elapsed=19.2661s written=0
  crossing 0/250
  stopped velocity row 90 IC 399 x0=0.790781 velocity_parameter=0.485 status=outer_limit: trajectory reached the configured outer_limit radius
velocity row 90/120 IC 409/599 x0=0.790803 velocity_parameter=0.485 elapsed=19.3666s written=0
  crossing 0/250
  stopped velocity row 90 IC 409 x0=0.790803 velocity_parameter=0.485 status=outer_limit: trajectory reached the configured outer_limit radius
velocity row 90/120 IC 417/599 x0=0.790821 velocity_parameter=0.485 elapsed=19.4462s written=0
  crossing 0/250
  stopped velocity row 90 IC 417 x0=0.790821 velocity_parameter=0.485 status=outer_limit: trajectory reached the configured outer_limit radius
velocity row 91/120 IC 399/599 x0=0.790781 velocity_parameter=0.501167 elapsed=19.4562s written=0
  crossing 0/250
  stopped velocity row 91 IC 399 x0=0.790781 velocity_parameter=0.501167 status=outer_limit: trajectory reached the configured outer_limit radius
velocity row 91/120 IC 409/599 x0=0.790803 velocity_parameter=0.501167 elapsed=19.554s written=0
  crossing 0/250
  stopped velocity row 91 IC 409 x0=0.790803 velocity_parameter=0.501167 status=outer_limit: trajectory reached the configured outer_limit radius
velocity row 91/120 IC 417/599 x0=0.790821 velocity_parameter=0.501167 elapsed=19.6282s written=0
  crossing 0/250
  stopped velocity row 91 IC 417 x0=0.790821 velocity_parameter=0.501167 status=outer_limit: trajectory reached the configured outer_limit radius
velocity row 92/120 IC 399/599 x0=0.790781 velocity_parameter=0.517333 elapsed=19.6375s written=0
  crossing 0/250
  stopped velocity row 92 IC 399 x0=0.790781 velocity_parameter=0.517333 status=outer_limit: trajectory reached the configured outer_limit radius
velocity row 92/120 IC 409/599 x0=0.790803 velocity_parameter=0.517333 elapsed=19.7408s written=0
  crossing 0/250
  stopped velocity row 92 IC 409 x0=0.790803 velocity_parameter=0.517333 status=outer_limit: trajectory reached the configured outer_limit radius
velocity row 92/120 IC 417/599 x0=0.790821 velocity_parameter=0.517333 elapsed=19.8241s written=0
  crossing 0/250
  stopped velocity row 92 IC 417 x0=0.790821 velocity_parameter=0.517333 status=outer_limit: trajectory reached the configured outer_limit radius
velocity row 93/120 IC 399/599 x0=0.790781 velocity_parameter=0.5335 elapsed=19.8359s written=0
  crossing 0/250
  stopped velocity row 93 IC 399 x0=0.790781 velocity_parameter=0.5335 status=outer_limit: trajectory reached the configured outer_limit radius
velocity row 93/120 IC 409/599 x0=0.790803 velocity_parameter=0.5335 elapsed=19.938s written=0
  crossing 0/250
  stopped velocity row 93 IC 409 x0=0.790803 velocity_parameter=0.5335 status=outer_limit: trajectory reached the configured outer_limit radius
velocity row 93/120 IC 417/599 x0=0.790821 velocity_parameter=0.5335 elapsed=20.0161s written=0
  crossing 0/250
  stopped velocity row 93 IC 417 x0=0.790821 velocity_parameter=0.5335 status=outer_limit: trajectory reached the configured outer_limit radius
velocity row 94/120 IC 399/599 x0=0.790781 velocity_parameter=0.549667 elapsed=20.0267s written=0
  crossing 0/250
  stopped velocity row 94 IC 399 x0=0.790781 velocity_parameter=0.549667 status=outer_limit: trajectory reached the configured outer_limit radius
velocity row 94/120 IC 409/599 x0=0.790803 velocity_parameter=0.549667 elapsed=20.1274s written=0
  crossing 0/250
  stopped velocity row 94 IC 409 x0=0.790803 velocity_parameter=0.549667 status=outer_limit: trajectory reached the configured outer_limit radius
velocity row 94/120 IC 417/599 x0=0.790821 velocity_parameter=0.549667 elapsed=20.2008s written=0
  crossing 0/250
  stopped velocity row 94 IC 417 x0=0.790821 velocity_parameter=0.549667 status=outer_limit: trajectory reached the configured outer_limit radius
velocity row 95/120 IC 399/599 x0=0.790781 velocity_parameter=0.565833 elapsed=20.2106s written=0
  crossing 0/250
  stopped velocity row 95 IC 399 x0=0.790781 velocity_parameter=0.565833 status=outer_limit: trajectory reached the configured outer_limit radius
velocity row 95/120 IC 409/599 x0=0.790803 velocity_parameter=0.565833 elapsed=20.3137s written=0
  crossing 0/250
  stopped velocity row 95 IC 409 x0=0.790803 velocity_parameter=0.565833 status=outer_limit: trajectory reached the configured outer_limit radius
velocity row 95/120 IC 417/599 x0=0.790821 velocity_parameter=0.565833 elapsed=20.3918s written=0
  crossing 0/250
  stopped velocity row 95 IC 417 x0=0.790821 velocity_parameter=0.565833 status=outer_limit: trajectory reached the configured outer_limit radius
velocity row 96/120 IC 399/599 x0=0.790781 velocity_parameter=0.582 elapsed=20.4025s written=0
  crossing 0/250
  stopped velocity row 96 IC 399 x0=0.790781 velocity_parameter=0.582 status=outer_limit: trajectory reached the configured outer_limit radius
velocity row 96/120 IC 409/599 x0=0.790803 velocity_parameter=0.582 elapsed=20.5036s written=0
  crossing 0/250
  stopped velocity row 96 IC 409 x0=0.790803 velocity_parameter=0.582 status=outer_limit: trajectory reached the configured outer_limit radius
velocity row 96/120 IC 417/599 x0=0.790821 velocity_parameter=0.582 elapsed=20.5775s written=0
  crossing 0/250
  stopped velocity row 96 IC 417 x0=0.790821 velocity_parameter=0.582 status=outer_limit: trajectory reached the configured outer_limit radius
velocity row 97/120 IC 399/599 x0=0.790781 velocity_parameter=0.598167 elapsed=20.587s written=0
  crossing 0/250
  stopped velocity row 97 IC 399 x0=0.790781 velocity_parameter=0.598167 status=outer_limit: trajectory reached the configured outer_limit radius
velocity row 97/120 IC 409/599 x0=0.790803 velocity_parameter=0.598167 elapsed=20.6846s written=0
  crossing 0/250
  stopped velocity row 97 IC 409 x0=0.790803 velocity_parameter=0.598167 status=outer_limit: trajectory reached the configured outer_limit radius
velocity row 97/120 IC 417/599 x0=0.790821 velocity_parameter=0.598167 elapsed=20.7654s written=0
  crossing 0/250
  stopped velocity row 97 IC 417 x0=0.790821 velocity_parameter=0.598167 status=outer_limit: trajectory reached the configured outer_limit radius
velocity row 98/120 IC 399/599 x0=0.790781 velocity_parameter=0.614333 elapsed=20.7764s written=0
  crossing 0/250
  stopped velocity row 98 IC 399 x0=0.790781 velocity_parameter=0.614333 status=outer_limit: trajectory reached the configured outer_limit radius
velocity row 98/120 IC 409/599 x0=0.790803 velocity_parameter=0.614333 elapsed=20.8839s written=0
  crossing 0/250
  stopped velocity row 98 IC 409 x0=0.790803 velocity_parameter=0.614333 status=outer_limit: trajectory reached the configured outer_limit radius
velocity row 98/120 IC 417/599 x0=0.790821 velocity_parameter=0.614333 elapsed=20.9634s written=0
  crossing 0/250
  stopped velocity row 98 IC 417 x0=0.790821 velocity_parameter=0.614333 status=outer_limit: trajectory reached the configured outer_limit radius
velocity row 99/120 IC 399/599 x0=0.790781 velocity_parameter=0.6305 elapsed=20.9728s written=0
  crossing 0/250
  stopped velocity row 99 IC 399 x0=0.790781 velocity_parameter=0.6305 status=outer_limit: trajectory reached the configured outer_limit radius
velocity row 99/120 IC 409/599 x0=0.790803 velocity_parameter=0.6305 elapsed=21.071s written=0
  crossing 0/250
  stopped velocity row 99 IC 409 x0=0.790803 velocity_parameter=0.6305 status=outer_limit: trajectory reached the configured outer_limit radius
velocity row 99/120 IC 417/599 x0=0.790821 velocity_parameter=0.6305 elapsed=21.1395s written=0
  crossing 0/250
  stopped velocity row 99 IC 417 x0=0.790821 velocity_parameter=0.6305 status=outer_limit: trajectory reached the configured outer_limit radius
velocity row 100/120 IC 399/599 x0=0.790781 velocity_parameter=0.646667 elapsed=21.1491s written=0
  crossing 0/250
  stopped velocity row 100 IC 399 x0=0.790781 velocity_parameter=0.646667 status=outer_limit: trajectory reached the configured outer_limit radius
velocity row 100/120 IC 409/599 x0=0.790803 velocity_parameter=0.646667 elapsed=21.2597s written=0
  crossing 0/250
  stopped velocity row 100 IC 409 x0=0.790803 velocity_parameter=0.646667 status=outer_limit: trajectory reached the configured outer_limit radius
velocity row 100/120 IC 417/599 x0=0.790821 velocity_parameter=0.646667 elapsed=21.335s written=0
  crossing 0/250
  stopped velocity row 100 IC 417 x0=0.790821 velocity_parameter=0.646667 status=outer_limit: trajectory reached the configured outer_limit radius
velocity row 101/120 IC 399/599 x0=0.790781 velocity_parameter=0.662833 elapsed=21.3448s written=0
  crossing 0/250
  stopped velocity row 101 IC 399 x0=0.790781 velocity_parameter=0.662833 status=outer_limit: trajectory reached the configured outer_limit radius
velocity row 101/120 IC 409/599 x0=0.790803 velocity_parameter=0.662833 elapsed=21.4339s written=0
  crossing 0/250
  stopped velocity row 101 IC 409 x0=0.790803 velocity_parameter=0.662833 status=outer_limit: trajectory reached the configured outer_limit radius
velocity row 101/120 IC 417/599 x0=0.790821 velocity_parameter=0.662833 elapsed=21.4995s written=0
  crossing 0/250
  stopped velocity row 101 IC 417 x0=0.790821 velocity_parameter=0.662833 status=outer_limit: trajectory reached the configured outer_limit radius
velocity row 102/120 IC 399/599 x0=0.790781 velocity_parameter=0.679 elapsed=21.509s written=0
  crossing 0/250
  stopped velocity row 102 IC 399 x0=0.790781 velocity_parameter=0.679 status=outer_limit: trajectory reached the configured outer_limit radius
velocity row 102/120 IC 409/599 x0=0.790803 velocity_parameter=0.679 elapsed=21.5951s written=0
  crossing 0/250
  stopped velocity row 102 IC 409 x0=0.790803 velocity_parameter=0.679 status=outer_limit: trajectory reached the configured outer_limit radius
velocity row 102/120 IC 417/599 x0=0.790821 velocity_parameter=0.679 elapsed=21.6689s written=0
  crossing 0/250
  stopped velocity row 102 IC 417 x0=0.790821 velocity_parameter=0.679 status=outer_limit: trajectory reached the configured outer_limit radius
velocity row 103/120 IC 399/599 x0=0.790781 velocity_parameter=0.695167 elapsed=21.6795s written=0
  crossing 0/250
  stopped velocity row 103 IC 399 x0=0.790781 velocity_parameter=0.695167 status=outer_limit: trajectory reached the configured outer_limit radius
velocity row 103/120 IC 409/599 x0=0.790803 velocity_parameter=0.695167 elapsed=21.7554s written=0
  crossing 0/250
  stopped velocity row 103 IC 409 x0=0.790803 velocity_parameter=0.695167 status=outer_limit: trajectory reached the configured outer_limit radius
velocity row 103/120 IC 417/599 x0=0.790821 velocity_parameter=0.695167 elapsed=21.8127s written=0
  crossing 0/250
  stopped velocity row 103 IC 417 x0=0.790821 velocity_parameter=0.695167 status=outer_limit: trajectory reached the configured outer_limit radius
velocity row 104/120 IC 399/599 x0=0.790781 velocity_parameter=0.711333 elapsed=21.8206s written=0
  crossing 0/250
  stopped velocity row 104 IC 399 x0=0.790781 velocity_parameter=0.711333 status=outer_limit: trajectory reached the configured outer_limit radius
velocity row 104/120 IC 409/599 x0=0.790803 velocity_parameter=0.711333 elapsed=21.8977s written=0
  crossing 0/250
  stopped velocity row 104 IC 409 x0=0.790803 velocity_parameter=0.711333 status=outer_limit: trajectory reached the configured outer_limit radius
velocity row 104/120 IC 417/599 x0=0.790821 velocity_parameter=0.711333 elapsed=21.947s written=0
  crossing 0/250
  stopped velocity row 104 IC 417 x0=0.790821 velocity_parameter=0.711333 status=outer_limit: trajectory reached the configured outer_limit radius
velocity row 105/120 IC 399/599 x0=0.790781 velocity_parameter=0.7275 elapsed=21.9562s written=0
  crossing 0/250
  stopped velocity row 105 IC 399 x0=0.790781 velocity_parameter=0.7275 status=outer_limit: trajectory reached the configured outer_limit radius
velocity row 105/120 IC 409/599 x0=0.790803 velocity_parameter=0.7275 elapsed=22.0218s written=0
  crossing 0/250
  stopped velocity row 105 IC 409 x0=0.790803 velocity_parameter=0.7275 status=outer_limit: trajectory reached the configured outer_limit radius
velocity row 105/120 IC 417/599 x0=0.790821 velocity_parameter=0.7275 elapsed=22.0848s written=0
  crossing 0/250
  stopped velocity row 105 IC 417 x0=0.790821 velocity_parameter=0.7275 status=outer_limit: trajectory reached the configured outer_limit radius
velocity row 106/120 IC 399/599 x0=0.790781 velocity_parameter=0.743667 elapsed=22.0916s written=0
  crossing 0/250
  stopped velocity row 106 IC 399 x0=0.790781 velocity_parameter=0.743667 status=outer_limit: trajectory reached the configured outer_limit radius
velocity row 106/120 IC 409/599 x0=0.790803 velocity_parameter=0.743667 elapsed=22.1586s written=0
  crossing 0/250
  stopped velocity row 106 IC 409 x0=0.790803 velocity_parameter=0.743667 status=outer_limit: trajectory reached the configured outer_limit radius
velocity row 106/120 IC 417/599 x0=0.790821 velocity_parameter=0.743667 elapsed=22.2111s written=0
  crossing 0/250
  stopped velocity row 106 IC 417 x0=0.790821 velocity_parameter=0.743667 status=outer_limit: trajectory reached the configured outer_limit radius
velocity row 107/120 IC 399/599 x0=0.790781 velocity_parameter=0.759833 elapsed=22.2178s written=0
  crossing 0/250
  stopped velocity row 107 IC 399 x0=0.790781 velocity_parameter=0.759833 status=outer_limit: trajectory reached the configured outer_limit radius
velocity row 107/120 IC 409/599 x0=0.790803 velocity_parameter=0.759833 elapsed=22.2839s written=0
  crossing 0/250
  stopped velocity row 107 IC 409 x0=0.790803 velocity_parameter=0.759833 status=outer_limit: trajectory reached the configured outer_limit radius
velocity row 107/120 IC 417/599 x0=0.790821 velocity_parameter=0.759833 elapsed=22.336s written=0
  crossing 0/250
  stopped velocity row 107 IC 417 x0=0.790821 velocity_parameter=0.759833 status=outer_limit: trajectory reached the configured outer_limit radius
velocity row 108/120 IC 399/599 x0=0.790781 velocity_parameter=0.776 elapsed=22.3412s written=0
  crossing 0/250
  stopped velocity row 108 IC 399 x0=0.790781 velocity_parameter=0.776 status=outer_limit: trajectory reached the configured outer_limit radius
velocity row 108/120 IC 409/599 x0=0.790803 velocity_parameter=0.776 elapsed=22.4063s written=0
  crossing 0/250
  stopped velocity row 108 IC 409 x0=0.790803 velocity_parameter=0.776 status=outer_limit: trajectory reached the configured outer_limit radius
velocity row 108/120 IC 417/599 x0=0.790821 velocity_parameter=0.776 elapsed=22.4629s written=0
  crossing 0/250
  stopped velocity row 108 IC 417 x0=0.790821 velocity_parameter=0.776 status=outer_limit: trajectory reached the configured outer_limit radius
velocity row 109/120 IC 399/599 x0=0.790781 velocity_parameter=0.792167 elapsed=22.4723s written=0
  crossing 0/250
  stopped velocity row 109 IC 399 x0=0.790781 velocity_parameter=0.792167 status=outer_limit: trajectory reached the configured outer_limit radius
velocity row 109/120 IC 409/599 x0=0.790803 velocity_parameter=0.792167 elapsed=22.544s written=0
  crossing 0/250
  stopped velocity row 109 IC 409 x0=0.790803 velocity_parameter=0.792167 status=outer_limit: trajectory reached the configured outer_limit radius
velocity row 109/120 IC 417/599 x0=0.790821 velocity_parameter=0.792167 elapsed=22.6001s written=0
  crossing 0/250
  stopped velocity row 109 IC 417 x0=0.790821 velocity_parameter=0.792167 status=outer_limit: trajectory reached the configured outer_limit radius
velocity row 110/120 IC 399/599 x0=0.790781 velocity_parameter=0.808333 elapsed=22.606s written=0
  crossing 0/250
  stopped velocity row 110 IC 399 x0=0.790781 velocity_parameter=0.808333 status=outer_limit: trajectory reached the configured outer_limit radius
velocity row 110/120 IC 409/599 x0=0.790803 velocity_parameter=0.808333 elapsed=22.661s written=0
  crossing 0/250
  stopped velocity row 110 IC 409 x0=0.790803 velocity_parameter=0.808333 status=outer_limit: trajectory reached the configured outer_limit radius
velocity row 110/120 IC 417/599 x0=0.790821 velocity_parameter=0.808333 elapsed=22.7174s written=0
  crossing 0/250
  stopped velocity row 110 IC 417 x0=0.790821 velocity_parameter=0.808333 status=outer_limit: trajectory reached the configured outer_limit radius
velocity row 111/120 IC 399/599 x0=0.790781 velocity_parameter=0.8245 elapsed=22.7227s written=0
  crossing 0/250
  stopped velocity row 111 IC 399 x0=0.790781 velocity_parameter=0.8245 status=outer_limit: trajectory reached the configured outer_limit radius
velocity row 111/120 IC 409/599 x0=0.790803 velocity_parameter=0.8245 elapsed=22.796s written=0
  crossing 0/250
  stopped velocity row 111 IC 409 x0=0.790803 velocity_parameter=0.8245 status=outer_limit: trajectory reached the configured outer_limit radius
velocity row 111/120 IC 417/599 x0=0.790821 velocity_parameter=0.8245 elapsed=22.8488s written=0
  crossing 0/250
  stopped velocity row 111 IC 417 x0=0.790821 velocity_parameter=0.8245 status=outer_limit: trajectory reached the configured outer_limit radius
velocity row 112/120 IC 399/599 x0=0.790781 velocity_parameter=0.840667 elapsed=22.8566s written=0
  crossing 0/250
  stopped velocity row 112 IC 399 x0=0.790781 velocity_parameter=0.840667 status=outer_limit: trajectory reached the configured outer_limit radius
velocity row 112/120 IC 409/599 x0=0.790803 velocity_parameter=0.840667 elapsed=22.9152s written=0
  crossing 0/250
  stopped velocity row 112 IC 409 x0=0.790803 velocity_parameter=0.840667 status=outer_limit: trajectory reached the configured outer_limit radius
velocity row 112/120 IC 417/599 x0=0.790821 velocity_parameter=0.840667 elapsed=22.9689s written=0
  crossing 0/250
  stopped velocity row 112 IC 417 x0=0.790821 velocity_parameter=0.840667 status=outer_limit: trajectory reached the configured outer_limit radius
velocity row 113/120 IC 399/599 x0=0.790781 velocity_parameter=0.856833 elapsed=22.9775s written=0
  crossing 0/250
  stopped velocity row 113 IC 399 x0=0.790781 velocity_parameter=0.856833 status=outer_limit: trajectory reached the configured outer_limit radius
velocity row 113/120 IC 409/599 x0=0.790803 velocity_parameter=0.856833 elapsed=23.043s written=0
  crossing 0/250
  stopped velocity row 113 IC 409 x0=0.790803 velocity_parameter=0.856833 status=outer_limit: trajectory reached the configured outer_limit radius
velocity row 113/120 IC 417/599 x0=0.790821 velocity_parameter=0.856833 elapsed=23.0897s written=0
  crossing 0/250
  stopped velocity row 113 IC 417 x0=0.790821 velocity_parameter=0.856833 status=outer_limit: trajectory reached the configured outer_limit radius
velocity row 114/120 IC 399/599 x0=0.790781 velocity_parameter=0.873 elapsed=23.0994s written=0
  crossing 0/250
  stopped velocity row 114 IC 399 x0=0.790781 velocity_parameter=0.873 status=outer_limit: trajectory reached the configured outer_limit radius
velocity row 114/120 IC 409/599 x0=0.790803 velocity_parameter=0.873 elapsed=23.1657s written=0
  crossing 0/250
  stopped velocity row 114 IC 409 x0=0.790803 velocity_parameter=0.873 status=outer_limit: trajectory reached the configured outer_limit radius
velocity row 114/120 IC 417/599 x0=0.790821 velocity_parameter=0.873 elapsed=23.2172s written=0
  crossing 0/250
  stopped velocity row 114 IC 417 x0=0.790821 velocity_parameter=0.873 status=outer_limit: trajectory reached the configured outer_limit radius
velocity row 115/120 IC 399/599 x0=0.790781 velocity_parameter=0.889167 elapsed=23.2227s written=0
  crossing 0/250
  stopped velocity row 115 IC 399 x0=0.790781 velocity_parameter=0.889167 status=outer_limit: trajectory reached the configured outer_limit radius
velocity row 115/120 IC 409/599 x0=0.790803 velocity_parameter=0.889167 elapsed=23.2933s written=0
  crossing 0/250
  stopped velocity row 115 IC 409 x0=0.790803 velocity_parameter=0.889167 status=outer_limit: trajectory reached the configured outer_limit radius
velocity row 115/120 IC 417/599 x0=0.790821 velocity_parameter=0.889167 elapsed=23.3445s written=0
  crossing 0/250
  stopped velocity row 115 IC 417 x0=0.790821 velocity_parameter=0.889167 status=outer_limit: trajectory reached the configured outer_limit radius
velocity row 116/120 IC 399/599 x0=0.790781 velocity_parameter=0.905333 elapsed=23.3512s written=0
  crossing 0/250
  stopped velocity row 116 IC 399 x0=0.790781 velocity_parameter=0.905333 status=outer_limit: trajectory reached the configured outer_limit radius
velocity row 116/120 IC 409/599 x0=0.790803 velocity_parameter=0.905333 elapsed=23.4185s written=0
  crossing 0/250
  stopped velocity row 116 IC 409 x0=0.790803 velocity_parameter=0.905333 status=outer_limit: trajectory reached the configured outer_limit radius
velocity row 116/120 IC 417/599 x0=0.790821 velocity_parameter=0.905333 elapsed=23.4722s written=0
  crossing 0/250
  stopped velocity row 116 IC 417 x0=0.790821 velocity_parameter=0.905333 status=outer_limit: trajectory reached the configured outer_limit radius
velocity row 117/120 IC 399/599 x0=0.790781 velocity_parameter=0.9215 elapsed=23.4772s written=0
  crossing 0/250
  stopped velocity row 117 IC 399 x0=0.790781 velocity_parameter=0.9215 status=outer_limit: trajectory reached the configured outer_limit radius
velocity row 117/120 IC 409/599 x0=0.790803 velocity_parameter=0.9215 elapsed=23.5503s written=0
  crossing 0/250
  stopped velocity row 117 IC 409 x0=0.790803 velocity_parameter=0.9215 status=outer_limit: trajectory reached the configured outer_limit radius
velocity row 117/120 IC 417/599 x0=0.790821 velocity_parameter=0.9215 elapsed=23.5957s written=0
  crossing 0/250
  stopped velocity row 117 IC 417 x0=0.790821 velocity_parameter=0.9215 status=outer_limit: trajectory reached the configured outer_limit radius
velocity row 118/120 IC 399/599 x0=0.790781 velocity_parameter=0.937667 elapsed=23.6059s written=0
  crossing 0/250
  stopped velocity row 118 IC 399 x0=0.790781 velocity_parameter=0.937667 status=outer_limit: trajectory reached the configured outer_limit radius
velocity row 118/120 IC 409/599 x0=0.790803 velocity_parameter=0.937667 elapsed=23.6656s written=0
  crossing 0/250
  stopped velocity row 118 IC 409 x0=0.790803 velocity_parameter=0.937667 status=outer_limit: trajectory reached the configured outer_limit radius
velocity row 118/120 IC 417/599 x0=0.790821 velocity_parameter=0.937667 elapsed=23.7156s written=0
  crossing 0/250
  stopped velocity row 118 IC 417 x0=0.790821 velocity_parameter=0.937667 status=outer_limit: trajectory reached the configured outer_limit radius
velocity row 119/120 IC 399/599 x0=0.790781 velocity_parameter=0.953833 elapsed=23.7253s written=0
  crossing 0/250
  stopped velocity row 119 IC 399 x0=0.790781 velocity_parameter=0.953833 status=outer_limit: trajectory reached the configured outer_limit radius
velocity row 119/120 IC 409/599 x0=0.790803 velocity_parameter=0.953833 elapsed=23.7886s written=0
  crossing 0/250
  stopped velocity row 119 IC 409 x0=0.790803 velocity_parameter=0.953833 status=outer_limit: trajectory reached the configured outer_limit radius
velocity row 119/120 IC 417/599 x0=0.790821 velocity_parameter=0.953833 elapsed=23.8494s written=0
  crossing 0/250
  stopped velocity row 119 IC 417 x0=0.790821 velocity_parameter=0.953833 status=outer_limit: trajectory reached the configured outer_limit radius
velocity row 120/120 IC 399/599 x0=0.790781 velocity_parameter=0.97 elapsed=23.8578s written=0
  crossing 0/250
  stopped velocity row 120 IC 399 x0=0.790781 velocity_parameter=0.97 status=outer_limit: trajectory reached the configured outer_limit radius
velocity row 120/120 IC 409/599 x0=0.790803 velocity_parameter=0.97 elapsed=23.9178s written=0
  crossing 0/250
  stopped velocity row 120 IC 409 x0=0.790803 velocity_parameter=0.97 status=outer_limit: trajectory reached the configured outer_limit radius
velocity row 120/120 IC 417/599 x0=0.790821 velocity_parameter=0.97 elapsed=23.9646s written=0
  crossing 0/250
  stopped velocity row 120 IC 417 x0=0.790821 velocity_parameter=0.97 status=outer_limit: trajectory reached the configured outer_limit radius
metadata -> /mnt/c/Users/payne/Code/Hill_4BP/professional_neck_studies/e1_dense_001/survey/level_005_delta_1e_minus_7/closed/shard_0021/metadata.txt
wrote 0 points (0 ICs skipped, 2299 orbits stopped early, elapsed=23.9733s) -> /mnt/c/Users/payne/Code/Hill_4BP/professional_neck_studies/e1_dense_001/survey/level_005_delta_1e_minus_7/closed/shard_0021/points.csv
outcomes: collision=0 completed=0 forbidden=0 inner_radius_limit=0 invalid_initial_radius=0 invalid_velocity=0 nontransverse=0 numerical_failure=0 outer_limit=2299 timeout=0
maximum sampled |H-h|=8.98054e-16
