zero-velocity boundary -> /mnt/c/Users/payne/Code/Hill_4BP/professional_neck_studies/e1_dense_001/survey/level_005_delta_1e_minus_7/closed/shard_0019/zero_velocity_boundary.csv
lambda1=0.0272549 lambda2=2.97275 A=-0.986373 B=0.486373 c=0.0976566 c1=0 c2=0 c3=-0.0976566 h=-2.39154 (C=4.78307)
E1/E2 neck h=-2.39154 (C=4.78307), E3/E4 neck h=-0.454039 (C=0.908078)
energy_mode=neck_delta neck=E1 hcrit=-2.39154 delta=1e-07 side=closed actual_neck_side=closed delta_h=-1e-07
x_count=600 xdot_count=121 iterates=250 index range=[361,379] velocity_mode=fraction x_range=[0.789875,0.791235] max_return_time=100
smooth coordinates R=sqrt(rho), CAPD crossing mode=Both solver_order=28 max_step=0.005 abs_tol=1e-15 rel_tol=1e-13 collision_radius=1e-06 outer_radius=5
velocity row 0/120 IC 361/599 x0=0.790694 velocity_parameter=-0.97 elapsed=1.48e-07s written=0
  crossing 0/250
  stopped velocity row 0 IC 361 x0=0.790694 velocity_parameter=-0.97 status=outer_limit: trajectory reached the configured outer_limit radius
  stopped velocity row 0 IC 362 x0=0.790697 velocity_parameter=-0.97 status=outer_limit: trajectory reached the configured outer_limit radius
  stopped velocity row 0 IC 363 x0=0.790699 velocity_parameter=-0.97 status=outer_limit: trajectory reached the configured outer_limit radius
  stopped velocity row 0 IC 364 x0=0.790701 velocity_parameter=-0.97 status=outer_limit: trajectory reached the configured outer_limit radius
  stopped velocity row 0 IC 365 x0=0.790703 velocity_parameter=-0.97 status=outer_limit: trajectory reached the configured outer_limit radius
  stopped velocity row 0 IC 366 x0=0.790706 velocity_parameter=-0.97 status=outer_limit: trajectory reached the configured outer_limit radius
  stopped velocity row 0 IC 367 x0=0.790708 velocity_parameter=-0.97 status=outer_limit: trajectory reached the configured outer_limit radius
  stopped velocity row 0 IC 368 x0=0.79071 velocity_parameter=-0.97 status=outer_limit: trajectory reached the configured outer_limit radius
  stopped velocity row 0 IC 369 x0=0.790712 velocity_parameter=-0.97 status=outer_limit: trajectory reached the configured outer_limit radius
  stopped velocity row 0 IC 370 x0=0.790715 velocity_parameter=-0.97 status=outer_limit: trajectory reached the configured outer_limit radius
velocity row 0/120 IC 371/599 x0=0.790717 velocity_parameter=-0.97 elapsed=0.161231s written=0
  crossing 0/250
  stopped velocity row 0 IC 371 x0=0.790717 velocity_parameter=-0.97 status=outer_limit: trajectory reached the configured outer_limit radius
velocity row 0/120 IC 379/599 x0=0.790735 velocity_parameter=-0.97 elapsed=0.27425s written=0
  crossing 0/250
  stopped velocity row 0 IC 379 x0=0.790735 velocity_parameter=-0.97 status=outer_limit: trajectory reached the configured outer_limit radius
velocity row 1/120 IC 361/599 x0=0.790694 velocity_parameter=-0.953833 elapsed=0.288019s written=0
  crossing 0/250
  stopped velocity row 1 IC 361 x0=0.790694 velocity_parameter=-0.953833 status=outer_limit: trajectory reached the configured outer_limit radius
velocity row 1/120 IC 371/599 x0=0.790717 velocity_parameter=-0.953833 elapsed=0.44201s written=0
  crossing 0/250
  stopped velocity row 1 IC 371 x0=0.790717 velocity_parameter=-0.953833 status=outer_limit: trajectory reached the configured outer_limit radius
velocity row 1/120 IC 379/599 x0=0.790735 velocity_parameter=-0.953833 elapsed=0.5559s written=0
  crossing 0/250
  stopped velocity row 1 IC 379 x0=0.790735 velocity_parameter=-0.953833 status=outer_limit: trajectory reached the configured outer_limit radius
velocity row 2/120 IC 361/599 x0=0.790694 velocity_parameter=-0.937667 elapsed=0.572008s written=0
  crossing 0/250
  stopped velocity row 2 IC 361 x0=0.790694 velocity_parameter=-0.937667 status=outer_limit: trajectory reached the configured outer_limit radius
velocity row 2/120 IC 371/599 x0=0.790717 velocity_parameter=-0.937667 elapsed=0.720785s written=0
  crossing 0/250
  stopped velocity row 2 IC 371 x0=0.790717 velocity_parameter=-0.937667 status=outer_limit: trajectory reached the configured outer_limit radius
velocity row 2/120 IC 379/599 x0=0.790735 velocity_parameter=-0.937667 elapsed=0.836618s written=0
  crossing 0/250
  stopped velocity row 2 IC 379 x0=0.790735 velocity_parameter=-0.937667 status=outer_limit: trajectory reached the configured outer_limit radius
velocity row 3/120 IC 361/599 x0=0.790694 velocity_parameter=-0.9215 elapsed=0.852852s written=0
  crossing 0/250
  stopped velocity row 3 IC 361 x0=0.790694 velocity_parameter=-0.9215 status=outer_limit: trajectory reached the configured outer_limit radius
velocity row 3/120 IC 371/599 x0=0.790717 velocity_parameter=-0.9215 elapsed=1.00399s written=0
  crossing 0/250
  stopped velocity row 3 IC 371 x0=0.790717 velocity_parameter=-0.9215 status=outer_limit: trajectory reached the configured outer_limit radius
velocity row 3/120 IC 379/599 x0=0.790735 velocity_parameter=-0.9215 elapsed=1.11598s written=0
  crossing 0/250
  stopped velocity row 3 IC 379 x0=0.790735 velocity_parameter=-0.9215 status=outer_limit: trajectory reached the configured outer_limit radius
velocity row 4/120 IC 361/599 x0=0.790694 velocity_parameter=-0.905333 elapsed=1.1287s written=0
  crossing 0/250
  stopped velocity row 4 IC 361 x0=0.790694 velocity_parameter=-0.905333 status=outer_limit: trajectory reached the configured outer_limit radius
velocity row 4/120 IC 371/599 x0=0.790717 velocity_parameter=-0.905333 elapsed=1.28147s written=0
  crossing 0/250
  stopped velocity row 4 IC 371 x0=0.790717 velocity_parameter=-0.905333 status=outer_limit: trajectory reached the configured outer_limit radius
velocity row 4/120 IC 379/599 x0=0.790735 velocity_parameter=-0.905333 elapsed=1.39884s written=0
  crossing 0/250
  stopped velocity row 4 IC 379 x0=0.790735 velocity_parameter=-0.905333 status=outer_limit: trajectory reached the configured outer_limit radius
velocity row 5/120 IC 361/599 x0=0.790694 velocity_parameter=-0.889167 elapsed=1.41023s written=0
  crossing 0/250
  stopped velocity row 5 IC 361 x0=0.790694 velocity_parameter=-0.889167 status=outer_limit: trajectory reached the configured outer_limit radius
velocity row 5/120 IC 371/599 x0=0.790717 velocity_parameter=-0.889167 elapsed=1.57332s written=0
  crossing 0/250
  stopped velocity row 5 IC 371 x0=0.790717 velocity_parameter=-0.889167 status=outer_limit: trajectory reached the configured outer_limit radius
velocity row 5/120 IC 379/599 x0=0.790735 velocity_parameter=-0.889167 elapsed=1.68817s written=0
  crossing 0/250
  stopped velocity row 5 IC 379 x0=0.790735 velocity_parameter=-0.889167 status=outer_limit: trajectory reached the configured outer_limit radius
velocity row 6/120 IC 361/599 x0=0.790694 velocity_parameter=-0.873 elapsed=1.70215s written=0
  crossing 0/250
  stopped velocity row 6 IC 361 x0=0.790694 velocity_parameter=-0.873 status=outer_limit: trajectory reached the configured outer_limit radius
velocity row 6/120 IC 371/599 x0=0.790717 velocity_parameter=-0.873 elapsed=1.85082s written=0
  crossing 0/250
  stopped velocity row 6 IC 371 x0=0.790717 velocity_parameter=-0.873 status=outer_limit: trajectory reached the configured outer_limit radius
velocity row 6/120 IC 379/599 x0=0.790735 velocity_parameter=-0.873 elapsed=1.96945s written=0
  crossing 0/250
  stopped velocity row 6 IC 379 x0=0.790735 velocity_parameter=-0.873 status=outer_limit: trajectory reached the configured outer_limit radius
velocity row 7/120 IC 361/599 x0=0.790694 velocity_parameter=-0.856833 elapsed=1.98495s written=0
  crossing 0/250
  stopped velocity row 7 IC 361 x0=0.790694 velocity_parameter=-0.856833 status=outer_limit: trajectory reached the configured outer_limit radius
velocity row 7/120 IC 371/599 x0=0.790717 velocity_parameter=-0.856833 elapsed=2.12049s written=0
  crossing 0/250
  stopped velocity row 7 IC 371 x0=0.790717 velocity_parameter=-0.856833 status=outer_limit: trajectory reached the configured outer_limit radius
velocity row 7/120 IC 379/599 x0=0.790735 velocity_parameter=-0.856833 elapsed=2.23341s written=0
  crossing 0/250
  stopped velocity row 7 IC 379 x0=0.790735 velocity_parameter=-0.856833 status=outer_limit: trajectory reached the configured outer_limit radius
velocity row 8/120 IC 361/599 x0=0.790694 velocity_parameter=-0.840667 elapsed=2.24816s written=0
  crossing 0/250
  stopped velocity row 8 IC 361 x0=0.790694 velocity_parameter=-0.840667 status=outer_limit: trajectory reached the configured outer_limit radius
velocity row 8/120 IC 371/599 x0=0.790717 velocity_parameter=-0.840667 elapsed=2.38539s written=0
  crossing 0/250
  stopped velocity row 8 IC 371 x0=0.790717 velocity_parameter=-0.840667 status=outer_limit: trajectory reached the configured outer_limit radius
velocity row 8/120 IC 379/599 x0=0.790735 velocity_parameter=-0.840667 elapsed=2.50862s written=0
  crossing 0/250
  stopped velocity row 8 IC 379 x0=0.790735 velocity_parameter=-0.840667 status=outer_limit: trajectory reached the configured outer_limit radius
velocity row 9/120 IC 361/599 x0=0.790694 velocity_parameter=-0.8245 elapsed=2.5254s written=0
  crossing 0/250
  stopped velocity row 9 IC 361 x0=0.790694 velocity_parameter=-0.8245 status=outer_limit: trajectory reached the configured outer_limit radius
velocity row 9/120 IC 371/599 x0=0.790717 velocity_parameter=-0.8245 elapsed=2.67306s written=0
  crossing 0/250
  stopped velocity row 9 IC 371 x0=0.790717 velocity_parameter=-0.8245 status=outer_limit: trajectory reached the configured outer_limit radius
velocity row 9/120 IC 379/599 x0=0.790735 velocity_parameter=-0.8245 elapsed=2.78681s written=0
  crossing 0/250
  stopped velocity row 9 IC 379 x0=0.790735 velocity_parameter=-0.8245 status=outer_limit: trajectory reached the configured outer_limit radius
velocity row 10/120 IC 361/599 x0=0.790694 velocity_parameter=-0.808333 elapsed=2.79988s written=0
  crossing 0/250
  stopped velocity row 10 IC 361 x0=0.790694 velocity_parameter=-0.808333 status=outer_limit: trajectory reached the configured outer_limit radius
velocity row 10/120 IC 371/599 x0=0.790717 velocity_parameter=-0.808333 elapsed=2.94444s written=0
  crossing 0/250
  stopped velocity row 10 IC 371 x0=0.790717 velocity_parameter=-0.808333 status=outer_limit: trajectory reached the configured outer_limit radius
velocity row 10/120 IC 379/599 x0=0.790735 velocity_parameter=-0.808333 elapsed=3.05375s written=0
  crossing 0/250
  stopped velocity row 10 IC 379 x0=0.790735 velocity_parameter=-0.808333 status=outer_limit: trajectory reached the configured outer_limit radius
velocity row 11/120 IC 361/599 x0=0.790694 velocity_parameter=-0.792167 elapsed=3.06929s written=0
  crossing 0/250
  stopped velocity row 11 IC 361 x0=0.790694 velocity_parameter=-0.792167 status=outer_limit: trajectory reached the configured outer_limit radius
velocity row 11/120 IC 371/599 x0=0.790717 velocity_parameter=-0.792167 elapsed=3.20465s written=0
  crossing 0/250
  stopped velocity row 11 IC 371 x0=0.790717 velocity_parameter=-0.792167 status=outer_limit: trajectory reached the configured outer_limit radius
velocity row 11/120 IC 379/599 x0=0.790735 velocity_parameter=-0.792167 elapsed=3.31991s written=0
  crossing 0/250
  stopped velocity row 11 IC 379 x0=0.790735 velocity_parameter=-0.792167 status=outer_limit: trajectory reached the configured outer_limit radius
velocity row 12/120 IC 361/599 x0=0.790694 velocity_parameter=-0.776 elapsed=3.33377s written=0
  crossing 0/250
  stopped velocity row 12 IC 361 x0=0.790694 velocity_parameter=-0.776 status=outer_limit: trajectory reached the configured outer_limit radius
velocity row 12/120 IC 371/599 x0=0.790717 velocity_parameter=-0.776 elapsed=3.47401s written=0
  crossing 0/250
  stopped velocity row 12 IC 371 x0=0.790717 velocity_parameter=-0.776 status=outer_limit: trajectory reached the configured outer_limit radius
velocity row 12/120 IC 379/599 x0=0.790735 velocity_parameter=-0.776 elapsed=3.59187s written=0
  crossing 0/250
  stopped velocity row 12 IC 379 x0=0.790735 velocity_parameter=-0.776 status=outer_limit: trajectory reached the configured outer_limit radius
velocity row 13/120 IC 361/599 x0=0.790694 velocity_parameter=-0.759833 elapsed=3.60651s written=0
  crossing 0/250
  stopped velocity row 13 IC 361 x0=0.790694 velocity_parameter=-0.759833 status=outer_limit: trajectory reached the configured outer_limit radius
velocity row 13/120 IC 371/599 x0=0.790717 velocity_parameter=-0.759833 elapsed=3.75273s written=0
  crossing 0/250
  stopped velocity row 13 IC 371 x0=0.790717 velocity_parameter=-0.759833 status=outer_limit: trajectory reached the configured outer_limit radius
velocity row 13/120 IC 379/599 x0=0.790735 velocity_parameter=-0.759833 elapsed=3.85753s written=0
  crossing 0/250
  stopped velocity row 13 IC 379 x0=0.790735 velocity_parameter=-0.759833 status=outer_limit: trajectory reached the configured outer_limit radius
velocity row 14/120 IC 361/599 x0=0.790694 velocity_parameter=-0.743667 elapsed=3.87216s written=0
  crossing 0/250
  stopped velocity row 14 IC 361 x0=0.790694 velocity_parameter=-0.743667 status=outer_limit: trajectory reached the configured outer_limit radius
velocity row 14/120 IC 371/599 x0=0.790717 velocity_parameter=-0.743667 elapsed=4.00346s written=0
  crossing 0/250
  stopped velocity row 14 IC 371 x0=0.790717 velocity_parameter=-0.743667 status=outer_limit: trajectory reached the configured outer_limit radius
velocity row 14/120 IC 379/599 x0=0.790735 velocity_parameter=-0.743667 elapsed=4.10704s written=0
  crossing 0/250
  stopped velocity row 14 IC 379 x0=0.790735 velocity_parameter=-0.743667 status=outer_limit: trajectory reached the configured outer_limit radius
velocity row 15/120 IC 361/599 x0=0.790694 velocity_parameter=-0.7275 elapsed=4.12051s written=0
  crossing 0/250
  stopped velocity row 15 IC 361 x0=0.790694 velocity_parameter=-0.7275 status=outer_limit: trajectory reached the configured outer_limit radius
velocity row 15/120 IC 371/599 x0=0.790717 velocity_parameter=-0.7275 elapsed=4.24808s written=0
  crossing 0/250
  stopped velocity row 15 IC 371 x0=0.790717 velocity_parameter=-0.7275 status=outer_limit: trajectory reached the configured outer_limit radius
velocity row 15/120 IC 379/599 x0=0.790735 velocity_parameter=-0.7275 elapsed=4.35073s written=0
  crossing 0/250
  stopped velocity row 15 IC 379 x0=0.790735 velocity_parameter=-0.7275 status=outer_limit: trajectory reached the configured outer_limit radius
velocity row 16/120 IC 361/599 x0=0.790694 velocity_parameter=-0.711333 elapsed=4.36393s written=0
  crossing 0/250
  stopped velocity row 16 IC 361 x0=0.790694 velocity_parameter=-0.711333 status=outer_limit: trajectory reached the configured outer_limit radius
velocity row 16/120 IC 371/599 x0=0.790717 velocity_parameter=-0.711333 elapsed=4.48371s written=0
  crossing 0/250
  stopped velocity row 16 IC 371 x0=0.790717 velocity_parameter=-0.711333 status=outer_limit: trajectory reached the configured outer_limit radius
velocity row 16/120 IC 379/599 x0=0.790735 velocity_parameter=-0.711333 elapsed=4.58284s written=0
  crossing 0/250
  stopped velocity row 16 IC 379 x0=0.790735 velocity_parameter=-0.711333 status=outer_limit: trajectory reached the configured outer_limit radius
velocity row 17/120 IC 361/599 x0=0.790694 velocity_parameter=-0.695167 elapsed=4.5958s written=0
  crossing 0/250
  stopped velocity row 17 IC 361 x0=0.790694 velocity_parameter=-0.695167 status=outer_limit: trajectory reached the configured outer_limit radius
velocity row 17/120 IC 371/599 x0=0.790717 velocity_parameter=-0.695167 elapsed=4.72082s written=0
  crossing 0/250
  stopped velocity row 17 IC 371 x0=0.790717 velocity_parameter=-0.695167 status=outer_limit: trajectory reached the configured outer_limit radius
velocity row 17/120 IC 379/599 x0=0.790735 velocity_parameter=-0.695167 elapsed=4.82136s written=0
  crossing 0/250
  stopped velocity row 17 IC 379 x0=0.790735 velocity_parameter=-0.695167 status=outer_limit: trajectory reached the configured outer_limit radius
velocity row 18/120 IC 361/599 x0=0.790694 velocity_parameter=-0.679 elapsed=4.83382s written=0
  crossing 0/250
  stopped velocity row 18 IC 361 x0=0.790694 velocity_parameter=-0.679 status=outer_limit: trajectory reached the configured outer_limit radius
velocity row 18/120 IC 371/599 x0=0.790717 velocity_parameter=-0.679 elapsed=4.95406s written=0
  crossing 0/250
  stopped velocity row 18 IC 371 x0=0.790717 velocity_parameter=-0.679 status=outer_limit: trajectory reached the configured outer_limit radius
velocity row 18/120 IC 379/599 x0=0.790735 velocity_parameter=-0.679 elapsed=5.04986s written=0
  crossing 0/250
  stopped velocity row 18 IC 379 x0=0.790735 velocity_parameter=-0.679 status=outer_limit: trajectory reached the configured outer_limit radius
velocity row 19/120 IC 361/599 x0=0.790694 velocity_parameter=-0.662833 elapsed=5.06362s written=0
  crossing 0/250
  stopped velocity row 19 IC 361 x0=0.790694 velocity_parameter=-0.662833 status=outer_limit: trajectory reached the configured outer_limit radius
velocity row 19/120 IC 371/599 x0=0.790717 velocity_parameter=-0.662833 elapsed=5.18534s written=0
  crossing 0/250
  stopped velocity row 19 IC 371 x0=0.790717 velocity_parameter=-0.662833 status=outer_limit: trajectory reached the configured outer_limit radius
velocity row 19/120 IC 379/599 x0=0.790735 velocity_parameter=-0.662833 elapsed=5.27559s written=0
  crossing 0/250
  stopped velocity row 19 IC 379 x0=0.790735 velocity_parameter=-0.662833 status=outer_limit: trajectory reached the configured outer_limit radius
velocity row 20/120 IC 361/599 x0=0.790694 velocity_parameter=-0.646667 elapsed=5.28755s written=0
  crossing 0/250
  stopped velocity row 20 IC 361 x0=0.790694 velocity_parameter=-0.646667 status=outer_limit: trajectory reached the configured outer_limit radius
velocity row 20/120 IC 371/599 x0=0.790717 velocity_parameter=-0.646667 elapsed=5.40866s written=0
  crossing 0/250
  stopped velocity row 20 IC 371 x0=0.790717 velocity_parameter=-0.646667 status=outer_limit: trajectory reached the configured outer_limit radius
velocity row 20/120 IC 379/599 x0=0.790735 velocity_parameter=-0.646667 elapsed=5.50672s written=0
  crossing 0/250
  stopped velocity row 20 IC 379 x0=0.790735 velocity_parameter=-0.646667 status=outer_limit: trajectory reached the configured outer_limit radius
velocity row 21/120 IC 361/599 x0=0.790694 velocity_parameter=-0.6305 elapsed=5.51955s written=0
  crossing 0/250
  stopped velocity row 21 IC 361 x0=0.790694 velocity_parameter=-0.6305 status=outer_limit: trajectory reached the configured outer_limit radius
velocity row 21/120 IC 371/599 x0=0.790717 velocity_parameter=-0.6305 elapsed=5.6419s written=0
  crossing 0/250
  stopped velocity row 21 IC 371 x0=0.790717 velocity_parameter=-0.6305 status=outer_limit: trajectory reached the configured outer_limit radius
velocity row 21/120 IC 379/599 x0=0.790735 velocity_parameter=-0.6305 elapsed=5.74181s written=0
  crossing 0/250
  stopped velocity row 21 IC 379 x0=0.790735 velocity_parameter=-0.6305 status=outer_limit: trajectory reached the configured outer_limit radius
velocity row 22/120 IC 361/599 x0=0.790694 velocity_parameter=-0.614333 elapsed=5.76044s written=0
  crossing 0/250
  stopped velocity row 22 IC 361 x0=0.790694 velocity_parameter=-0.614333 status=outer_limit: trajectory reached the configured outer_limit radius
velocity row 22/120 IC 371/599 x0=0.790717 velocity_parameter=-0.614333 elapsed=5.88157s written=0
  crossing 0/250
  stopped velocity row 22 IC 371 x0=0.790717 velocity_parameter=-0.614333 status=outer_limit: trajectory reached the configured outer_limit radius
velocity row 22/120 IC 379/599 x0=0.790735 velocity_parameter=-0.614333 elapsed=5.97417s written=0
  crossing 0/250
  stopped velocity row 22 IC 379 x0=0.790735 velocity_parameter=-0.614333 status=outer_limit: trajectory reached the configured outer_limit radius
velocity row 23/120 IC 361/599 x0=0.790694 velocity_parameter=-0.598167 elapsed=5.98587s written=0
  crossing 0/250
  stopped velocity row 23 IC 361 x0=0.790694 velocity_parameter=-0.598167 status=outer_limit: trajectory reached the configured outer_limit radius
velocity row 23/120 IC 371/599 x0=0.790717 velocity_parameter=-0.598167 elapsed=6.10834s written=0
  crossing 0/250
  stopped velocity row 23 IC 371 x0=0.790717 velocity_parameter=-0.598167 status=outer_limit: trajectory reached the configured outer_limit radius
velocity row 23/120 IC 379/599 x0=0.790735 velocity_parameter=-0.598167 elapsed=6.20054s written=0
  crossing 0/250
  stopped velocity row 23 IC 379 x0=0.790735 velocity_parameter=-0.598167 status=outer_limit: trajectory reached the configured outer_limit radius
velocity row 24/120 IC 361/599 x0=0.790694 velocity_parameter=-0.582 elapsed=6.21271s written=0
  crossing 0/250
  stopped velocity row 24 IC 361 x0=0.790694 velocity_parameter=-0.582 status=outer_limit: trajectory reached the configured outer_limit radius
velocity row 24/120 IC 371/599 x0=0.790717 velocity_parameter=-0.582 elapsed=6.32758s written=0
  crossing 0/250
  stopped velocity row 24 IC 371 x0=0.790717 velocity_parameter=-0.582 status=outer_limit: trajectory reached the configured outer_limit radius
velocity row 24/120 IC 379/599 x0=0.790735 velocity_parameter=-0.582 elapsed=6.41869s written=0
  crossing 0/250
  stopped velocity row 24 IC 379 x0=0.790735 velocity_parameter=-0.582 status=outer_limit: trajectory reached the configured outer_limit radius
velocity row 25/120 IC 361/599 x0=0.790694 velocity_parameter=-0.565833 elapsed=6.42884s written=0
  crossing 0/250
  stopped velocity row 25 IC 361 x0=0.790694 velocity_parameter=-0.565833 status=outer_limit: trajectory reached the configured outer_limit radius
velocity row 25/120 IC 371/599 x0=0.790717 velocity_parameter=-0.565833 elapsed=6.5421s written=0
  crossing 0/250
  stopped velocity row 25 IC 371 x0=0.790717 velocity_parameter=-0.565833 status=outer_limit: trajectory reached the configured outer_limit radius
velocity row 25/120 IC 379/599 x0=0.790735 velocity_parameter=-0.565833 elapsed=6.63183s written=0
  crossing 0/250
  stopped velocity row 25 IC 379 x0=0.790735 velocity_parameter=-0.565833 status=outer_limit: trajectory reached the configured outer_limit radius
velocity row 26/120 IC 361/599 x0=0.790694 velocity_parameter=-0.549667 elapsed=6.6445s written=0
  crossing 0/250
  stopped velocity row 26 IC 361 x0=0.790694 velocity_parameter=-0.549667 status=outer_limit: trajectory reached the configured outer_limit radius
velocity row 26/120 IC 371/599 x0=0.790717 velocity_parameter=-0.549667 elapsed=6.76061s written=0
  crossing 0/250
  stopped velocity row 26 IC 371 x0=0.790717 velocity_parameter=-0.549667 status=outer_limit: trajectory reached the configured outer_limit radius
velocity row 26/120 IC 379/599 x0=0.790735 velocity_parameter=-0.549667 elapsed=6.85605s written=0
  crossing 0/250
  stopped velocity row 26 IC 379 x0=0.790735 velocity_parameter=-0.549667 status=outer_limit: trajectory reached the configured outer_limit radius
velocity row 27/120 IC 361/599 x0=0.790694 velocity_parameter=-0.5335 elapsed=6.86836s written=0
  crossing 0/250
  stopped velocity row 27 IC 361 x0=0.790694 velocity_parameter=-0.5335 status=outer_limit: trajectory reached the configured outer_limit radius
velocity row 27/120 IC 371/599 x0=0.790717 velocity_parameter=-0.5335 elapsed=6.98719s written=0
  crossing 0/250
  stopped velocity row 27 IC 371 x0=0.790717 velocity_parameter=-0.5335 status=outer_limit: trajectory reached the configured outer_limit radius
velocity row 27/120 IC 379/599 x0=0.790735 velocity_parameter=-0.5335 elapsed=7.0859s written=0
  crossing 0/250
  stopped velocity row 27 IC 379 x0=0.790735 velocity_parameter=-0.5335 status=outer_limit: trajectory reached the configured outer_limit radius
velocity row 28/120 IC 361/599 x0=0.790694 velocity_parameter=-0.517333 elapsed=7.09919s written=0
  crossing 0/250
  stopped velocity row 28 IC 361 x0=0.790694 velocity_parameter=-0.517333 status=outer_limit: trajectory reached the configured outer_limit radius
velocity row 28/120 IC 371/599 x0=0.790717 velocity_parameter=-0.517333 elapsed=7.21799s written=0
  crossing 0/250
  stopped velocity row 28 IC 371 x0=0.790717 velocity_parameter=-0.517333 status=outer_limit: trajectory reached the configured outer_limit radius
velocity row 28/120 IC 379/599 x0=0.790735 velocity_parameter=-0.517333 elapsed=7.3059s written=0
  crossing 0/250
  stopped velocity row 28 IC 379 x0=0.790735 velocity_parameter=-0.517333 status=outer_limit: trajectory reached the configured outer_limit radius
velocity row 29/120 IC 361/599 x0=0.790694 velocity_parameter=-0.501167 elapsed=7.31831s written=0
  crossing 0/250
  stopped velocity row 29 IC 361 x0=0.790694 velocity_parameter=-0.501167 status=outer_limit: trajectory reached the configured outer_limit radius
velocity row 29/120 IC 371/599 x0=0.790717 velocity_parameter=-0.501167 elapsed=7.43254s written=0
  crossing 0/250
  stopped velocity row 29 IC 371 x0=0.790717 velocity_parameter=-0.501167 status=outer_limit: trajectory reached the configured outer_limit radius
velocity row 29/120 IC 379/599 x0=0.790735 velocity_parameter=-0.501167 elapsed=7.52141s written=0
  crossing 0/250
  stopped velocity row 29 IC 379 x0=0.790735 velocity_parameter=-0.501167 status=outer_limit: trajectory reached the configured outer_limit radius
velocity row 30/120 IC 361/599 x0=0.790694 velocity_parameter=-0.485 elapsed=7.53364s written=0
  crossing 0/250
  stopped velocity row 30 IC 361 x0=0.790694 velocity_parameter=-0.485 status=outer_limit: trajectory reached the configured outer_limit radius
velocity row 30/120 IC 371/599 x0=0.790717 velocity_parameter=-0.485 elapsed=7.65214s written=0
  crossing 0/250
  stopped velocity row 30 IC 371 x0=0.790717 velocity_parameter=-0.485 status=outer_limit: trajectory reached the configured outer_limit radius
velocity row 30/120 IC 379/599 x0=0.790735 velocity_parameter=-0.485 elapsed=7.74711s written=0
  crossing 0/250
  stopped velocity row 30 IC 379 x0=0.790735 velocity_parameter=-0.485 status=outer_limit: trajectory reached the configured outer_limit radius
velocity row 31/120 IC 361/599 x0=0.790694 velocity_parameter=-0.468833 elapsed=7.75924s written=0
  crossing 0/250
  stopped velocity row 31 IC 361 x0=0.790694 velocity_parameter=-0.468833 status=outer_limit: trajectory reached the configured outer_limit radius
velocity row 31/120 IC 371/599 x0=0.790717 velocity_parameter=-0.468833 elapsed=7.88374s written=0
  crossing 0/250
  stopped velocity row 31 IC 371 x0=0.790717 velocity_parameter=-0.468833 status=outer_limit: trajectory reached the configured outer_limit radius
velocity row 31/120 IC 379/599 x0=0.790735 velocity_parameter=-0.468833 elapsed=7.97714s written=0
  crossing 0/250
  stopped velocity row 31 IC 379 x0=0.790735 velocity_parameter=-0.468833 status=outer_limit: trajectory reached the configured outer_limit radius
velocity row 32/120 IC 361/599 x0=0.790694 velocity_parameter=-0.452667 elapsed=7.98948s written=0
  crossing 0/250
  stopped velocity row 32 IC 361 x0=0.790694 velocity_parameter=-0.452667 status=outer_limit: trajectory reached the configured outer_limit radius
velocity row 32/120 IC 371/599 x0=0.790717 velocity_parameter=-0.452667 elapsed=8.11003s written=0
  crossing 0/250
  stopped velocity row 32 IC 371 x0=0.790717 velocity_parameter=-0.452667 status=outer_limit: trajectory reached the configured outer_limit radius
velocity row 32/120 IC 379/599 x0=0.790735 velocity_parameter=-0.452667 elapsed=8.19747s written=0
  crossing 0/250
  stopped velocity row 32 IC 379 x0=0.790735 velocity_parameter=-0.452667 status=outer_limit: trajectory reached the configured outer_limit radius
velocity row 33/120 IC 361/599 x0=0.790694 velocity_parameter=-0.4365 elapsed=8.20588s written=0
  crossing 0/250
  stopped velocity row 33 IC 361 x0=0.790694 velocity_parameter=-0.4365 status=outer_limit: trajectory reached the configured outer_limit radius
velocity row 33/120 IC 371/599 x0=0.790717 velocity_parameter=-0.4365 elapsed=8.314s written=0
  crossing 0/250
  stopped velocity row 33 IC 371 x0=0.790717 velocity_parameter=-0.4365 status=outer_limit: trajectory reached the configured outer_limit radius
velocity row 33/120 IC 379/599 x0=0.790735 velocity_parameter=-0.4365 elapsed=8.40654s written=0
  crossing 0/250
  stopped velocity row 33 IC 379 x0=0.790735 velocity_parameter=-0.4365 status=outer_limit: trajectory reached the configured outer_limit radius
velocity row 34/120 IC 361/599 x0=0.790694 velocity_parameter=-0.420333 elapsed=8.41855s written=0
  crossing 0/250
  stopped velocity row 34 IC 361 x0=0.790694 velocity_parameter=-0.420333 status=outer_limit: trajectory reached the configured outer_limit radius
velocity row 34/120 IC 371/599 x0=0.790717 velocity_parameter=-0.420333 elapsed=8.52971s written=0
  crossing 0/250
  stopped velocity row 34 IC 371 x0=0.790717 velocity_parameter=-0.420333 status=outer_limit: trajectory reached the configured outer_limit radius
velocity row 34/120 IC 379/599 x0=0.790735 velocity_parameter=-0.420333 elapsed=8.62215s written=0
  crossing 0/250
  stopped velocity row 34 IC 379 x0=0.790735 velocity_parameter=-0.420333 status=outer_limit: trajectory reached the configured outer_limit radius
velocity row 35/120 IC 361/599 x0=0.790694 velocity_parameter=-0.404167 elapsed=8.63417s written=0
  crossing 0/250
  stopped velocity row 35 IC 361 x0=0.790694 velocity_parameter=-0.404167 status=outer_limit: trajectory reached the configured outer_limit radius
velocity row 35/120 IC 371/599 x0=0.790717 velocity_parameter=-0.404167 elapsed=8.75824s written=0
  crossing 0/250
  stopped velocity row 35 IC 371 x0=0.790717 velocity_parameter=-0.404167 status=outer_limit: trajectory reached the configured outer_limit radius
velocity row 35/120 IC 379/599 x0=0.790735 velocity_parameter=-0.404167 elapsed=8.84985s written=0
  crossing 0/250
  stopped velocity row 35 IC 379 x0=0.790735 velocity_parameter=-0.404167 status=outer_limit: trajectory reached the configured outer_limit radius
velocity row 36/120 IC 361/599 x0=0.790694 velocity_parameter=-0.388 elapsed=8.86175s written=0
  crossing 0/250
  stopped velocity row 36 IC 361 x0=0.790694 velocity_parameter=-0.388 status=outer_limit: trajectory reached the configured outer_limit radius
velocity row 36/120 IC 371/599 x0=0.790717 velocity_parameter=-0.388 elapsed=8.97983s written=0
  crossing 0/250
  stopped velocity row 36 IC 371 x0=0.790717 velocity_parameter=-0.388 status=outer_limit: trajectory reached the configured outer_limit radius
velocity row 36/120 IC 379/599 x0=0.790735 velocity_parameter=-0.388 elapsed=9.07975s written=0
  crossing 0/250
  stopped velocity row 36 IC 379 x0=0.790735 velocity_parameter=-0.388 status=outer_limit: trajectory reached the configured outer_limit radius
velocity row 37/120 IC 361/599 x0=0.790694 velocity_parameter=-0.371833 elapsed=9.09103s written=0
  crossing 0/250
  stopped velocity row 37 IC 361 x0=0.790694 velocity_parameter=-0.371833 status=outer_limit: trajectory reached the configured outer_limit radius
velocity row 37/120 IC 371/599 x0=0.790717 velocity_parameter=-0.371833 elapsed=9.21287s written=0
  crossing 0/250
  stopped velocity row 37 IC 371 x0=0.790717 velocity_parameter=-0.371833 status=outer_limit: trajectory reached the configured outer_limit radius
velocity row 37/120 IC 379/599 x0=0.790735 velocity_parameter=-0.371833 elapsed=9.30603s written=0
  crossing 0/250
  stopped velocity row 37 IC 379 x0=0.790735 velocity_parameter=-0.371833 status=outer_limit: trajectory reached the configured outer_limit radius
velocity row 38/120 IC 361/599 x0=0.790694 velocity_parameter=-0.355667 elapsed=9.31504s written=0
  crossing 0/250
  stopped velocity row 38 IC 361 x0=0.790694 velocity_parameter=-0.355667 status=outer_limit: trajectory reached the configured outer_limit radius
velocity row 38/120 IC 371/599 x0=0.790717 velocity_parameter=-0.355667 elapsed=9.43655s written=0
  crossing 0/250
  stopped velocity row 38 IC 371 x0=0.790717 velocity_parameter=-0.355667 status=outer_limit: trajectory reached the configured outer_limit radius
velocity row 38/120 IC 379/599 x0=0.790735 velocity_parameter=-0.355667 elapsed=9.52916s written=0
  crossing 0/250
  stopped velocity row 38 IC 379 x0=0.790735 velocity_parameter=-0.355667 status=outer_limit: trajectory reached the configured outer_limit radius
velocity row 39/120 IC 361/599 x0=0.790694 velocity_parameter=-0.3395 elapsed=9.54034s written=0
  crossing 0/250
  stopped velocity row 39 IC 361 x0=0.790694 velocity_parameter=-0.3395 status=outer_limit: trajectory reached the configured outer_limit radius
velocity row 39/120 IC 371/599 x0=0.790717 velocity_parameter=-0.3395 elapsed=9.65388s written=0
  crossing 0/250
  stopped velocity row 39 IC 371 x0=0.790717 velocity_parameter=-0.3395 status=outer_limit: trajectory reached the configured outer_limit radius
velocity row 39/120 IC 379/599 x0=0.790735 velocity_parameter=-0.3395 elapsed=9.74308s written=0
  crossing 0/250
  stopped velocity row 39 IC 379 x0=0.790735 velocity_parameter=-0.3395 status=outer_limit: trajectory reached the configured outer_limit radius
velocity row 40/120 IC 361/599 x0=0.790694 velocity_parameter=-0.323333 elapsed=9.75477s written=0
  crossing 0/250
  stopped velocity row 40 IC 361 x0=0.790694 velocity_parameter=-0.323333 status=outer_limit: trajectory reached the configured outer_limit radius
velocity row 40/120 IC 371/599 x0=0.790717 velocity_parameter=-0.323333 elapsed=9.86791s written=0
  crossing 0/250
  stopped velocity row 40 IC 371 x0=0.790717 velocity_parameter=-0.323333 status=outer_limit: trajectory reached the configured outer_limit radius
velocity row 40/120 IC 379/599 x0=0.790735 velocity_parameter=-0.323333 elapsed=9.95895s written=0
  crossing 0/250
  stopped velocity row 40 IC 379 x0=0.790735 velocity_parameter=-0.323333 status=outer_limit: trajectory reached the configured outer_limit radius
velocity row 41/120 IC 361/599 x0=0.790694 velocity_parameter=-0.307167 elapsed=9.97093s written=0
  crossing 0/250
  stopped velocity row 41 IC 361 x0=0.790694 velocity_parameter=-0.307167 status=outer_limit: trajectory reached the configured outer_limit radius
velocity row 41/120 IC 371/599 x0=0.790717 velocity_parameter=-0.307167 elapsed=10.0878s written=0
  crossing 0/250
  stopped velocity row 41 IC 371 x0=0.790717 velocity_parameter=-0.307167 status=outer_limit: trajectory reached the configured outer_limit radius
velocity row 41/120 IC 379/599 x0=0.790735 velocity_parameter=-0.307167 elapsed=10.1791s written=0
  crossing 0/250
  stopped velocity row 41 IC 379 x0=0.790735 velocity_parameter=-0.307167 status=outer_limit: trajectory reached the configured outer_limit radius
velocity row 42/120 IC 361/599 x0=0.790694 velocity_parameter=-0.291 elapsed=10.1908s written=0
  crossing 0/250
  stopped velocity row 42 IC 361 x0=0.790694 velocity_parameter=-0.291 status=outer_limit: trajectory reached the configured outer_limit radius
velocity row 42/120 IC 371/599 x0=0.790717 velocity_parameter=-0.291 elapsed=10.3012s written=0
  crossing 0/250
  stopped velocity row 42 IC 371 x0=0.790717 velocity_parameter=-0.291 status=outer_limit: trajectory reached the configured outer_limit radius
velocity row 42/120 IC 379/599 x0=0.790735 velocity_parameter=-0.291 elapsed=10.3936s written=0
  crossing 0/250
  stopped velocity row 42 IC 379 x0=0.790735 velocity_parameter=-0.291 status=outer_limit: trajectory reached the configured outer_limit radius
velocity row 43/120 IC 361/599 x0=0.790694 velocity_parameter=-0.274833 elapsed=10.4057s written=0
  crossing 0/250
  stopped velocity row 43 IC 361 x0=0.790694 velocity_parameter=-0.274833 status=outer_limit: trajectory reached the configured outer_limit radius
velocity row 43/120 IC 371/599 x0=0.790717 velocity_parameter=-0.274833 elapsed=10.5206s written=0
  crossing 0/250
  stopped velocity row 43 IC 371 x0=0.790717 velocity_parameter=-0.274833 status=outer_limit: trajectory reached the configured outer_limit radius
velocity row 43/120 IC 379/599 x0=0.790735 velocity_parameter=-0.274833 elapsed=10.6059s written=0
  crossing 0/250
  stopped velocity row 43 IC 379 x0=0.790735 velocity_parameter=-0.274833 status=outer_limit: trajectory reached the configured outer_limit radius
velocity row 44/120 IC 361/599 x0=0.790694 velocity_parameter=-0.258667 elapsed=10.6181s written=0
  crossing 0/250
  stopped velocity row 44 IC 361 x0=0.790694 velocity_parameter=-0.258667 status=outer_limit: trajectory reached the configured outer_limit radius
velocity row 44/120 IC 371/599 x0=0.790717 velocity_parameter=-0.258667 elapsed=10.7312s written=0
  crossing 0/250
  stopped velocity row 44 IC 371 x0=0.790717 velocity_parameter=-0.258667 status=outer_limit: trajectory reached the configured outer_limit radius
velocity row 44/120 IC 379/599 x0=0.790735 velocity_parameter=-0.258667 elapsed=10.8286s written=0
  crossing 0/250
  stopped velocity row 44 IC 379 x0=0.790735 velocity_parameter=-0.258667 status=outer_limit: trajectory reached the configured outer_limit radius
velocity row 45/120 IC 361/599 x0=0.790694 velocity_parameter=-0.2425 elapsed=10.8408s written=0
  crossing 0/250
  stopped velocity row 45 IC 361 x0=0.790694 velocity_parameter=-0.2425 status=outer_limit: trajectory reached the configured outer_limit radius
velocity row 45/120 IC 371/599 x0=0.790717 velocity_parameter=-0.2425 elapsed=10.9608s written=0
  crossing 0/250
  stopped velocity row 45 IC 371 x0=0.790717 velocity_parameter=-0.2425 status=outer_limit: trajectory reached the configured outer_limit radius
velocity row 45/120 IC 379/599 x0=0.790735 velocity_parameter=-0.2425 elapsed=11.0513s written=0
  crossing 0/250
  stopped velocity row 45 IC 379 x0=0.790735 velocity_parameter=-0.2425 status=outer_limit: trajectory reached the configured outer_limit radius
velocity row 46/120 IC 361/599 x0=0.790694 velocity_parameter=-0.226333 elapsed=11.0623s written=0
  crossing 0/250
  stopped velocity row 46 IC 361 x0=0.790694 velocity_parameter=-0.226333 status=outer_limit: trajectory reached the configured outer_limit radius
velocity row 46/120 IC 371/599 x0=0.790717 velocity_parameter=-0.226333 elapsed=11.1889s written=0
  crossing 0/250
  stopped velocity row 46 IC 371 x0=0.790717 velocity_parameter=-0.226333 status=outer_limit: trajectory reached the configured outer_limit radius
velocity row 46/120 IC 379/599 x0=0.790735 velocity_parameter=-0.226333 elapsed=11.2771s written=0
  crossing 0/250
  stopped velocity row 46 IC 379 x0=0.790735 velocity_parameter=-0.226333 status=outer_limit: trajectory reached the configured outer_limit radius
velocity row 47/120 IC 361/599 x0=0.790694 velocity_parameter=-0.210167 elapsed=11.2887s written=0
  crossing 0/250
  stopped velocity row 47 IC 361 x0=0.790694 velocity_parameter=-0.210167 status=outer_limit: trajectory reached the configured outer_limit radius
velocity row 47/120 IC 371/599 x0=0.790717 velocity_parameter=-0.210167 elapsed=11.4031s written=0
  crossing 0/250
  stopped velocity row 47 IC 371 x0=0.790717 velocity_parameter=-0.210167 status=outer_limit: trajectory reached the configured outer_limit radius
velocity row 47/120 IC 379/599 x0=0.790735 velocity_parameter=-0.210167 elapsed=11.4849s written=0
  crossing 0/250
  stopped velocity row 47 IC 379 x0=0.790735 velocity_parameter=-0.210167 status=outer_limit: trajectory reached the configured outer_limit radius
velocity row 48/120 IC 361/599 x0=0.790694 velocity_parameter=-0.194 elapsed=11.4967s written=0
  crossing 0/250
  stopped velocity row 48 IC 361 x0=0.790694 velocity_parameter=-0.194 status=outer_limit: trajectory reached the configured outer_limit radius
velocity row 48/120 IC 371/599 x0=0.790717 velocity_parameter=-0.194 elapsed=11.6022s written=0
  crossing 0/250
  stopped velocity row 48 IC 371 x0=0.790717 velocity_parameter=-0.194 status=outer_limit: trajectory reached the configured outer_limit radius
velocity row 48/120 IC 379/599 x0=0.790735 velocity_parameter=-0.194 elapsed=11.6853s written=0
  crossing 0/250
  stopped velocity row 48 IC 379 x0=0.790735 velocity_parameter=-0.194 status=outer_limit: trajectory reached the configured outer_limit radius
velocity row 49/120 IC 361/599 x0=0.790694 velocity_parameter=-0.177833 elapsed=11.6958s written=0
  crossing 0/250
  stopped velocity row 49 IC 361 x0=0.790694 velocity_parameter=-0.177833 status=outer_limit: trajectory reached the configured outer_limit radius
velocity row 49/120 IC 371/599 x0=0.790717 velocity_parameter=-0.177833 elapsed=11.8131s written=0
  crossing 0/250
  stopped velocity row 49 IC 371 x0=0.790717 velocity_parameter=-0.177833 status=outer_limit: trajectory reached the configured outer_limit radius
velocity row 49/120 IC 379/599 x0=0.790735 velocity_parameter=-0.177833 elapsed=11.8918s written=0
  crossing 0/250
  stopped velocity row 49 IC 379 x0=0.790735 velocity_parameter=-0.177833 status=outer_limit: trajectory reached the configured outer_limit radius
velocity row 50/120 IC 361/599 x0=0.790694 velocity_parameter=-0.161667 elapsed=11.9027s written=0
  crossing 0/250
  stopped velocity row 50 IC 361 x0=0.790694 velocity_parameter=-0.161667 status=outer_limit: trajectory reached the configured outer_limit radius
velocity row 50/120 IC 371/599 x0=0.790717 velocity_parameter=-0.161667 elapsed=12.014s written=0
  crossing 0/250
  stopped velocity row 50 IC 371 x0=0.790717 velocity_parameter=-0.161667 status=outer_limit: trajectory reached the configured outer_limit radius
velocity row 50/120 IC 379/599 x0=0.790735 velocity_parameter=-0.161667 elapsed=12.0983s written=0
  crossing 0/250
  stopped velocity row 50 IC 379 x0=0.790735 velocity_parameter=-0.161667 status=outer_limit: trajectory reached the configured outer_limit radius
velocity row 51/120 IC 361/599 x0=0.790694 velocity_parameter=-0.1455 elapsed=12.109s written=0
  crossing 0/250
  stopped velocity row 51 IC 361 x0=0.790694 velocity_parameter=-0.1455 status=outer_limit: trajectory reached the configured outer_limit radius
velocity row 51/120 IC 371/599 x0=0.790717 velocity_parameter=-0.1455 elapsed=12.22s written=0
  crossing 0/250
  stopped velocity row 51 IC 371 x0=0.790717 velocity_parameter=-0.1455 status=outer_limit: trajectory reached the configured outer_limit radius
velocity row 51/120 IC 379/599 x0=0.790735 velocity_parameter=-0.1455 elapsed=12.3086s written=0
  crossing 0/250
  stopped velocity row 51 IC 379 x0=0.790735 velocity_parameter=-0.1455 status=outer_limit: trajectory reached the configured outer_limit radius
velocity row 52/120 IC 361/599 x0=0.790694 velocity_parameter=-0.129333 elapsed=12.3199s written=0
  crossing 0/250
  stopped velocity row 52 IC 361 x0=0.790694 velocity_parameter=-0.129333 status=outer_limit: trajectory reached the configured outer_limit radius
velocity row 52/120 IC 371/599 x0=0.790717 velocity_parameter=-0.129333 elapsed=12.4321s written=0
  crossing 0/250
  stopped velocity row 52 IC 371 x0=0.790717 velocity_parameter=-0.129333 status=outer_limit: trajectory reached the configured outer_limit radius
velocity row 52/120 IC 379/599 x0=0.790735 velocity_parameter=-0.129333 elapsed=12.5197s written=0
  crossing 0/250
  stopped velocity row 52 IC 379 x0=0.790735 velocity_parameter=-0.129333 status=outer_limit: trajectory reached the configured outer_limit radius
velocity row 53/120 IC 361/599 x0=0.790694 velocity_parameter=-0.113167 elapsed=12.5309s written=0
  crossing 0/250
  stopped velocity row 53 IC 361 x0=0.790694 velocity_parameter=-0.113167 status=outer_limit: trajectory reached the configured outer_limit radius
velocity row 53/120 IC 371/599 x0=0.790717 velocity_parameter=-0.113167 elapsed=12.6452s written=0
  crossing 0/250
  stopped velocity row 53 IC 371 x0=0.790717 velocity_parameter=-0.113167 status=outer_limit: trajectory reached the configured outer_limit radius
velocity row 53/120 IC 379/599 x0=0.790735 velocity_parameter=-0.113167 elapsed=12.7324s written=0
  crossing 0/250
  stopped velocity row 53 IC 379 x0=0.790735 velocity_parameter=-0.113167 status=outer_limit: trajectory reached the configured outer_limit radius
velocity row 54/120 IC 361/599 x0=0.790694 velocity_parameter=-0.097 elapsed=12.7429s written=0
  crossing 0/250
  stopped velocity row 54 IC 361 x0=0.790694 velocity_parameter=-0.097 status=outer_limit: trajectory reached the configured outer_limit radius
velocity row 54/120 IC 371/599 x0=0.790717 velocity_parameter=-0.097 elapsed=12.8504s written=0
  crossing 0/250
  stopped velocity row 54 IC 371 x0=0.790717 velocity_parameter=-0.097 status=outer_limit: trajectory reached the configured outer_limit radius
velocity row 54/120 IC 379/599 x0=0.790735 velocity_parameter=-0.097 elapsed=12.9359s written=0
  crossing 0/250
  stopped velocity row 54 IC 379 x0=0.790735 velocity_parameter=-0.097 status=outer_limit: trajectory reached the configured outer_limit radius
velocity row 55/120 IC 361/599 x0=0.790694 velocity_parameter=-0.0808333 elapsed=12.9475s written=0
  crossing 0/250
  stopped velocity row 55 IC 361 x0=0.790694 velocity_parameter=-0.0808333 status=outer_limit: trajectory reached the configured outer_limit radius
velocity row 55/120 IC 371/599 x0=0.790717 velocity_parameter=-0.0808333 elapsed=13.0547s written=0
  crossing 0/250
  stopped velocity row 55 IC 371 x0=0.790717 velocity_parameter=-0.0808333 status=outer_limit: trajectory reached the configured outer_limit radius
velocity row 55/120 IC 379/599 x0=0.790735 velocity_parameter=-0.0808333 elapsed=13.1411s written=0
  crossing 0/250
  stopped velocity row 55 IC 379 x0=0.790735 velocity_parameter=-0.0808333 status=outer_limit: trajectory reached the configured outer_limit radius
velocity row 56/120 IC 361/599 x0=0.790694 velocity_parameter=-0.0646667 elapsed=13.1527s written=0
  crossing 0/250
  stopped velocity row 56 IC 361 x0=0.790694 velocity_parameter=-0.0646667 status=outer_limit: trajectory reached the configured outer_limit radius
velocity row 56/120 IC 371/599 x0=0.790717 velocity_parameter=-0.0646667 elapsed=13.2561s written=0
  crossing 0/250
  stopped velocity row 56 IC 371 x0=0.790717 velocity_parameter=-0.0646667 status=outer_limit: trajectory reached the configured outer_limit radius
velocity row 56/120 IC 379/599 x0=0.790735 velocity_parameter=-0.0646667 elapsed=13.3362s written=0
  crossing 0/250
  stopped velocity row 56 IC 379 x0=0.790735 velocity_parameter=-0.0646667 status=outer_limit: trajectory reached the configured outer_limit radius
velocity row 57/120 IC 361/599 x0=0.790694 velocity_parameter=-0.0485 elapsed=13.3471s written=0
  crossing 0/250
  stopped velocity row 57 IC 361 x0=0.790694 velocity_parameter=-0.0485 status=outer_limit: trajectory reached the configured outer_limit radius
velocity row 57/120 IC 371/599 x0=0.790717 velocity_parameter=-0.0485 elapsed=13.4528s written=0
  crossing 0/250
  stopped velocity row 57 IC 371 x0=0.790717 velocity_parameter=-0.0485 status=outer_limit: trajectory reached the configured outer_limit radius
velocity row 57/120 IC 379/599 x0=0.790735 velocity_parameter=-0.0485 elapsed=13.5477s written=0
  crossing 0/250
  stopped velocity row 57 IC 379 x0=0.790735 velocity_parameter=-0.0485 status=outer_limit: trajectory reached the configured outer_limit radius
velocity row 58/120 IC 361/599 x0=0.790694 velocity_parameter=-0.0323333 elapsed=13.5585s written=0
  crossing 0/250
  stopped velocity row 58 IC 361 x0=0.790694 velocity_parameter=-0.0323333 status=outer_limit: trajectory reached the configured outer_limit radius
velocity row 58/120 IC 371/599 x0=0.790717 velocity_parameter=-0.0323333 elapsed=13.6654s written=0
  crossing 0/250
  stopped velocity row 58 IC 371 x0=0.790717 velocity_parameter=-0.0323333 status=outer_limit: trajectory reached the configured outer_limit radius
velocity row 58/120 IC 379/599 x0=0.790735 velocity_parameter=-0.0323333 elapsed=13.7584s written=0
  crossing 0/250
  stopped velocity row 58 IC 379 x0=0.790735 velocity_parameter=-0.0323333 status=outer_limit: trajectory reached the configured outer_limit radius
velocity row 59/120 IC 361/599 x0=0.790694 velocity_parameter=-0.0161667 elapsed=13.7689s written=0
  crossing 0/250
  stopped velocity row 59 IC 361 x0=0.790694 velocity_parameter=-0.0161667 status=outer_limit: trajectory reached the configured outer_limit radius
velocity row 59/120 IC 371/599 x0=0.790717 velocity_parameter=-0.0161667 elapsed=13.8712s written=0
  crossing 0/250
  stopped velocity row 59 IC 371 x0=0.790717 velocity_parameter=-0.0161667 status=outer_limit: trajectory reached the configured outer_limit radius
velocity row 59/120 IC 379/599 x0=0.790735 velocity_parameter=-0.0161667 elapsed=13.9525s written=0
  crossing 0/250
  stopped velocity row 59 IC 379 x0=0.790735 velocity_parameter=-0.0161667 status=outer_limit: trajectory reached the configured outer_limit radius
velocity row 60/120 IC 361/599 x0=0.790694 velocity_parameter=0 elapsed=13.9622s written=0
  crossing 0/250
  stopped velocity row 60 IC 361 x0=0.790694 velocity_parameter=0 status=outer_limit: trajectory reached the configured outer_limit radius
velocity row 60/120 IC 371/599 x0=0.790717 velocity_parameter=0 elapsed=14.0721s written=0
  crossing 0/250
  stopped velocity row 60 IC 371 x0=0.790717 velocity_parameter=0 status=outer_limit: trajectory reached the configured outer_limit radius
velocity row 60/120 IC 379/599 x0=0.790735 velocity_parameter=0 elapsed=14.1495s written=0
  crossing 0/250
  stopped velocity row 60 IC 379 x0=0.790735 velocity_parameter=0 status=outer_limit: trajectory reached the configured outer_limit radius
velocity row 61/120 IC 361/599 x0=0.790694 velocity_parameter=0.0161667 elapsed=14.1608s written=0
  crossing 0/250
  stopped velocity row 61 IC 361 x0=0.790694 velocity_parameter=0.0161667 status=outer_limit: trajectory reached the configured outer_limit radius
velocity row 61/120 IC 371/599 x0=0.790717 velocity_parameter=0.0161667 elapsed=14.2684s written=0
  crossing 0/250
  stopped velocity row 61 IC 371 x0=0.790717 velocity_parameter=0.0161667 status=outer_limit: trajectory reached the configured outer_limit radius
velocity row 61/120 IC 379/599 x0=0.790735 velocity_parameter=0.0161667 elapsed=14.3451s written=0
  crossing 0/250
  stopped velocity row 61 IC 379 x0=0.790735 velocity_parameter=0.0161667 status=outer_limit: trajectory reached the configured outer_limit radius
velocity row 62/120 IC 361/599 x0=0.790694 velocity_parameter=0.0323333 elapsed=14.3549s written=0
  crossing 0/250
  stopped velocity row 62 IC 361 x0=0.790694 velocity_parameter=0.0323333 status=outer_limit: trajectory reached the configured outer_limit radius
velocity row 62/120 IC 371/599 x0=0.790717 velocity_parameter=0.0323333 elapsed=14.4654s written=0
  crossing 0/250
  stopped velocity row 62 IC 371 x0=0.790717 velocity_parameter=0.0323333 status=outer_limit: trajectory reached the configured outer_limit radius
velocity row 62/120 IC 379/599 x0=0.790735 velocity_parameter=0.0323333 elapsed=14.5631s written=0
  crossing 0/250
  stopped velocity row 62 IC 379 x0=0.790735 velocity_parameter=0.0323333 status=outer_limit: trajectory reached the configured outer_limit radius
velocity row 63/120 IC 361/599 x0=0.790694 velocity_parameter=0.0485 elapsed=14.5746s written=0
  crossing 0/250
  stopped velocity row 63 IC 361 x0=0.790694 velocity_parameter=0.0485 status=outer_limit: trajectory reached the configured outer_limit radius
velocity row 63/120 IC 371/599 x0=0.790717 velocity_parameter=0.0485 elapsed=14.6894s written=0
  crossing 0/250
  stopped velocity row 63 IC 371 x0=0.790717 velocity_parameter=0.0485 status=outer_limit: trajectory reached the configured outer_limit radius
velocity row 63/120 IC 379/599 x0=0.790735 velocity_parameter=0.0485 elapsed=14.779s written=0
  crossing 0/250
  stopped velocity row 63 IC 379 x0=0.790735 velocity_parameter=0.0485 status=outer_limit: trajectory reached the configured outer_limit radius
velocity row 64/120 IC 361/599 x0=0.790694 velocity_parameter=0.0646667 elapsed=14.79s written=0
  crossing 0/250
  stopped velocity row 64 IC 361 x0=0.790694 velocity_parameter=0.0646667 status=outer_limit: trajectory reached the configured outer_limit radius
velocity row 64/120 IC 371/599 x0=0.790717 velocity_parameter=0.0646667 elapsed=14.9052s written=0
  crossing 0/250
  stopped velocity row 64 IC 371 x0=0.790717 velocity_parameter=0.0646667 status=outer_limit: trajectory reached the configured outer_limit radius
velocity row 64/120 IC 379/599 x0=0.790735 velocity_parameter=0.0646667 elapsed=14.9931s written=0
  crossing 0/250
  stopped velocity row 64 IC 379 x0=0.790735 velocity_parameter=0.0646667 status=outer_limit: trajectory reached the configured outer_limit radius
velocity row 65/120 IC 361/599 x0=0.790694 velocity_parameter=0.0808333 elapsed=15.0051s written=0
  crossing 0/250
  stopped velocity row 65 IC 361 x0=0.790694 velocity_parameter=0.0808333 status=outer_limit: trajectory reached the configured outer_limit radius
velocity row 65/120 IC 371/599 x0=0.790717 velocity_parameter=0.0808333 elapsed=15.1107s written=0
  crossing 0/250
  stopped velocity row 65 IC 371 x0=0.790717 velocity_parameter=0.0808333 status=outer_limit: trajectory reached the configured outer_limit radius
velocity row 65/120 IC 379/599 x0=0.790735 velocity_parameter=0.0808333 elapsed=15.1956s written=0
  crossing 0/250
  stopped velocity row 65 IC 379 x0=0.790735 velocity_parameter=0.0808333 status=outer_limit: trajectory reached the configured outer_limit radius
velocity row 66/120 IC 361/599 x0=0.790694 velocity_parameter=0.097 elapsed=15.2059s written=0
  crossing 0/250
  stopped velocity row 66 IC 361 x0=0.790694 velocity_parameter=0.097 status=outer_limit: trajectory reached the configured outer_limit radius
velocity row 66/120 IC 371/599 x0=0.790717 velocity_parameter=0.097 elapsed=15.3164s written=0
  crossing 0/250
  stopped velocity row 66 IC 371 x0=0.790717 velocity_parameter=0.097 status=outer_limit: trajectory reached the configured outer_limit radius
velocity row 66/120 IC 379/599 x0=0.790735 velocity_parameter=0.097 elapsed=15.3991s written=0
  crossing 0/250
  stopped velocity row 66 IC 379 x0=0.790735 velocity_parameter=0.097 status=outer_limit: trajectory reached the configured outer_limit radius
velocity row 67/120 IC 361/599 x0=0.790694 velocity_parameter=0.113167 elapsed=15.4103s written=0
  crossing 0/250
  stopped velocity row 67 IC 361 x0=0.790694 velocity_parameter=0.113167 status=outer_limit: trajectory reached the configured outer_limit radius
velocity row 67/120 IC 371/599 x0=0.790717 velocity_parameter=0.113167 elapsed=15.5159s written=0
  crossing 0/250
  stopped velocity row 67 IC 371 x0=0.790717 velocity_parameter=0.113167 status=outer_limit: trajectory reached the configured outer_limit radius
velocity row 67/120 IC 379/599 x0=0.790735 velocity_parameter=0.113167 elapsed=15.5951s written=0
  crossing 0/250
  stopped velocity row 67 IC 379 x0=0.790735 velocity_parameter=0.113167 status=outer_limit: trajectory reached the configured outer_limit radius
velocity row 68/120 IC 361/599 x0=0.790694 velocity_parameter=0.129333 elapsed=15.6055s written=0
  crossing 0/250
  stopped velocity row 68 IC 361 x0=0.790694 velocity_parameter=0.129333 status=outer_limit: trajectory reached the configured outer_limit radius
velocity row 68/120 IC 371/599 x0=0.790717 velocity_parameter=0.129333 elapsed=15.7068s written=0
  crossing 0/250
  stopped velocity row 68 IC 371 x0=0.790717 velocity_parameter=0.129333 status=outer_limit: trajectory reached the configured outer_limit radius
velocity row 68/120 IC 379/599 x0=0.790735 velocity_parameter=0.129333 elapsed=15.7966s written=0
  crossing 0/250
  stopped velocity row 68 IC 379 x0=0.790735 velocity_parameter=0.129333 status=outer_limit: trajectory reached the configured outer_limit radius
velocity row 69/120 IC 361/599 x0=0.790694 velocity_parameter=0.1455 elapsed=15.8079s written=0
  crossing 0/250
  stopped velocity row 69 IC 361 x0=0.790694 velocity_parameter=0.1455 status=outer_limit: trajectory reached the configured outer_limit radius
velocity row 69/120 IC 371/599 x0=0.790717 velocity_parameter=0.1455 elapsed=15.922s written=0
  crossing 0/250
  stopped velocity row 69 IC 371 x0=0.790717 velocity_parameter=0.1455 status=outer_limit: trajectory reached the configured outer_limit radius
velocity row 69/120 IC 379/599 x0=0.790735 velocity_parameter=0.1455 elapsed=16.0087s written=0
  crossing 0/250
  stopped velocity row 69 IC 379 x0=0.790735 velocity_parameter=0.1455 status=outer_limit: trajectory reached the configured outer_limit radius
velocity row 70/120 IC 361/599 x0=0.790694 velocity_parameter=0.161667 elapsed=16.02s written=0
  crossing 0/250
  stopped velocity row 70 IC 361 x0=0.790694 velocity_parameter=0.161667 status=outer_limit: trajectory reached the configured outer_limit radius
velocity row 70/120 IC 371/599 x0=0.790717 velocity_parameter=0.161667 elapsed=16.1271s written=0
  crossing 0/250
  stopped velocity row 70 IC 371 x0=0.790717 velocity_parameter=0.161667 status=outer_limit: trajectory reached the configured outer_limit radius
velocity row 70/120 IC 379/599 x0=0.790735 velocity_parameter=0.161667 elapsed=16.2107s written=0
  crossing 0/250
  stopped velocity row 70 IC 379 x0=0.790735 velocity_parameter=0.161667 status=outer_limit: trajectory reached the configured outer_limit radius
velocity row 71/120 IC 361/599 x0=0.790694 velocity_parameter=0.177833 elapsed=16.2215s written=0
  crossing 0/250
  stopped velocity row 71 IC 361 x0=0.790694 velocity_parameter=0.177833 status=outer_limit: trajectory reached the configured outer_limit radius
velocity row 71/120 IC 371/599 x0=0.790717 velocity_parameter=0.177833 elapsed=16.341s written=0
  crossing 0/250
  stopped velocity row 71 IC 371 x0=0.790717 velocity_parameter=0.177833 status=outer_limit: trajectory reached the configured outer_limit radius
velocity row 71/120 IC 379/599 x0=0.790735 velocity_parameter=0.177833 elapsed=16.426s written=0
  crossing 0/250
  stopped velocity row 71 IC 379 x0=0.790735 velocity_parameter=0.177833 status=outer_limit: trajectory reached the configured outer_limit radius
velocity row 72/120 IC 361/599 x0=0.790694 velocity_parameter=0.194 elapsed=16.4373s written=0
  crossing 0/250
  stopped velocity row 72 IC 361 x0=0.790694 velocity_parameter=0.194 status=outer_limit: trajectory reached the configured outer_limit radius
velocity row 72/120 IC 371/599 x0=0.790717 velocity_parameter=0.194 elapsed=16.5505s written=0
  crossing 0/250
  stopped velocity row 72 IC 371 x0=0.790717 velocity_parameter=0.194 status=outer_limit: trajectory reached the configured outer_limit radius
velocity row 72/120 IC 379/599 x0=0.790735 velocity_parameter=0.194 elapsed=16.6383s written=0
  crossing 0/250
  stopped velocity row 72 IC 379 x0=0.790735 velocity_parameter=0.194 status=outer_limit: trajectory reached the configured outer_limit radius
velocity row 73/120 IC 361/599 x0=0.790694 velocity_parameter=0.210167 elapsed=16.6511s written=0
  crossing 0/250
  stopped velocity row 73 IC 361 x0=0.790694 velocity_parameter=0.210167 status=outer_limit: trajectory reached the configured outer_limit radius
velocity row 73/120 IC 371/599 x0=0.790717 velocity_parameter=0.210167 elapsed=16.7586s written=0
  crossing 0/250
  stopped velocity row 73 IC 371 x0=0.790717 velocity_parameter=0.210167 status=outer_limit: trajectory reached the configured outer_limit radius
velocity row 73/120 IC 379/599 x0=0.790735 velocity_parameter=0.210167 elapsed=16.8478s written=0
  crossing 0/250
  stopped velocity row 73 IC 379 x0=0.790735 velocity_parameter=0.210167 status=outer_limit: trajectory reached the configured outer_limit radius
velocity row 74/120 IC 361/599 x0=0.790694 velocity_parameter=0.226333 elapsed=16.8594s written=0
  crossing 0/250
  stopped velocity row 74 IC 361 x0=0.790694 velocity_parameter=0.226333 status=outer_limit: trajectory reached the configured outer_limit radius
velocity row 74/120 IC 371/599 x0=0.790717 velocity_parameter=0.226333 elapsed=16.9678s written=0
  crossing 0/250
  stopped velocity row 74 IC 371 x0=0.790717 velocity_parameter=0.226333 status=outer_limit: trajectory reached the configured outer_limit radius
velocity row 74/120 IC 379/599 x0=0.790735 velocity_parameter=0.226333 elapsed=17.0519s written=0
  crossing 0/250
  stopped velocity row 74 IC 379 x0=0.790735 velocity_parameter=0.226333 status=outer_limit: trajectory reached the configured outer_limit radius
velocity row 75/120 IC 361/599 x0=0.790694 velocity_parameter=0.2425 elapsed=17.0626s written=0
  crossing 0/250
  stopped velocity row 75 IC 361 x0=0.790694 velocity_parameter=0.2425 status=outer_limit: trajectory reached the configured outer_limit radius
velocity row 75/120 IC 371/599 x0=0.790717 velocity_parameter=0.2425 elapsed=17.1727s written=0
  crossing 0/250
  stopped velocity row 75 IC 371 x0=0.790717 velocity_parameter=0.2425 status=outer_limit: trajectory reached the configured outer_limit radius
velocity row 75/120 IC 379/599 x0=0.790735 velocity_parameter=0.2425 elapsed=17.2546s written=0
  crossing 0/250
  stopped velocity row 75 IC 379 x0=0.790735 velocity_parameter=0.2425 status=outer_limit: trajectory reached the configured outer_limit radius
velocity row 76/120 IC 361/599 x0=0.790694 velocity_parameter=0.258667 elapsed=17.2663s written=0
  crossing 0/250
  stopped velocity row 76 IC 361 x0=0.790694 velocity_parameter=0.258667 status=outer_limit: trajectory reached the configured outer_limit radius
velocity row 76/120 IC 371/599 x0=0.790717 velocity_parameter=0.258667 elapsed=17.3797s written=0
  crossing 0/250
  stopped velocity row 76 IC 371 x0=0.790717 velocity_parameter=0.258667 status=outer_limit: trajectory reached the configured outer_limit radius
velocity row 76/120 IC 379/599 x0=0.790735 velocity_parameter=0.258667 elapsed=17.4661s written=0
  crossing 0/250
  stopped velocity row 76 IC 379 x0=0.790735 velocity_parameter=0.258667 status=outer_limit: trajectory reached the configured outer_limit radius
velocity row 77/120 IC 361/599 x0=0.790694 velocity_parameter=0.274833 elapsed=17.4781s written=0
  crossing 0/250
  stopped velocity row 77 IC 361 x0=0.790694 velocity_parameter=0.274833 status=outer_limit: trajectory reached the configured outer_limit radius
velocity row 77/120 IC 371/599 x0=0.790717 velocity_parameter=0.274833 elapsed=17.5884s written=0
  crossing 0/250
  stopped velocity row 77 IC 371 x0=0.790717 velocity_parameter=0.274833 status=outer_limit: trajectory reached the configured outer_limit radius
velocity row 77/120 IC 379/599 x0=0.790735 velocity_parameter=0.274833 elapsed=17.6703s written=0
  crossing 0/250
  stopped velocity row 77 IC 379 x0=0.790735 velocity_parameter=0.274833 status=outer_limit: trajectory reached the configured outer_limit radius
velocity row 78/120 IC 361/599 x0=0.790694 velocity_parameter=0.291 elapsed=17.6817s written=0
  crossing 0/250
  stopped velocity row 78 IC 361 x0=0.790694 velocity_parameter=0.291 status=outer_limit: trajectory reached the configured outer_limit radius
velocity row 78/120 IC 371/599 x0=0.790717 velocity_parameter=0.291 elapsed=17.7844s written=0
  crossing 0/250
  stopped velocity row 78 IC 371 x0=0.790717 velocity_parameter=0.291 status=outer_limit: trajectory reached the configured outer_limit radius
velocity row 78/120 IC 379/599 x0=0.790735 velocity_parameter=0.291 elapsed=17.8729s written=0
  crossing 0/250
  stopped velocity row 78 IC 379 x0=0.790735 velocity_parameter=0.291 status=outer_limit: trajectory reached the configured outer_limit radius
velocity row 79/120 IC 361/599 x0=0.790694 velocity_parameter=0.307167 elapsed=17.8847s written=0
  crossing 0/250
  stopped velocity row 79 IC 361 x0=0.790694 velocity_parameter=0.307167 status=outer_limit: trajectory reached the configured outer_limit radius
velocity row 79/120 IC 371/599 x0=0.790717 velocity_parameter=0.307167 elapsed=17.9974s written=0
  crossing 0/250
  stopped velocity row 79 IC 371 x0=0.790717 velocity_parameter=0.307167 status=outer_limit: trajectory reached the configured outer_limit radius
velocity row 79/120 IC 379/599 x0=0.790735 velocity_parameter=0.307167 elapsed=18.0813s written=0
  crossing 0/250
  stopped velocity row 79 IC 379 x0=0.790735 velocity_parameter=0.307167 status=outer_limit: trajectory reached the configured outer_limit radius
velocity row 80/120 IC 361/599 x0=0.790694 velocity_parameter=0.323333 elapsed=18.0928s written=0
  crossing 0/250
  stopped velocity row 80 IC 361 x0=0.790694 velocity_parameter=0.323333 status=outer_limit: trajectory reached the configured outer_limit radius
velocity row 80/120 IC 371/599 x0=0.790717 velocity_parameter=0.323333 elapsed=18.2028s written=0
  crossing 0/250
  stopped velocity row 80 IC 371 x0=0.790717 velocity_parameter=0.323333 status=outer_limit: trajectory reached the configured outer_limit radius
velocity row 80/120 IC 379/599 x0=0.790735 velocity_parameter=0.323333 elapsed=18.288s written=0
  crossing 0/250
  stopped velocity row 80 IC 379 x0=0.790735 velocity_parameter=0.323333 status=outer_limit: trajectory reached the configured outer_limit radius
velocity row 81/120 IC 361/599 x0=0.790694 velocity_parameter=0.3395 elapsed=18.2996s written=0
  crossing 0/250
  stopped velocity row 81 IC 361 x0=0.790694 velocity_parameter=0.3395 status=outer_limit: trajectory reached the configured outer_limit radius
velocity row 81/120 IC 371/599 x0=0.790717 velocity_parameter=0.3395 elapsed=18.4135s written=0
  crossing 0/250
  stopped velocity row 81 IC 371 x0=0.790717 velocity_parameter=0.3395 status=outer_limit: trajectory reached the configured outer_limit radius
velocity row 81/120 IC 379/599 x0=0.790735 velocity_parameter=0.3395 elapsed=18.5009s written=0
  crossing 0/250
  stopped velocity row 81 IC 379 x0=0.790735 velocity_parameter=0.3395 status=outer_limit: trajectory reached the configured outer_limit radius
velocity row 82/120 IC 361/599 x0=0.790694 velocity_parameter=0.355667 elapsed=18.5118s written=0
  crossing 0/250
  stopped velocity row 82 IC 361 x0=0.790694 velocity_parameter=0.355667 status=outer_limit: trajectory reached the configured outer_limit radius
velocity row 82/120 IC 371/599 x0=0.790717 velocity_parameter=0.355667 elapsed=18.6333s written=0
  crossing 0/250
  stopped velocity row 82 IC 371 x0=0.790717 velocity_parameter=0.355667 status=outer_limit: trajectory reached the configured outer_limit radius
velocity row 82/120 IC 379/599 x0=0.790735 velocity_parameter=0.355667 elapsed=18.7212s written=0
  crossing 0/250
  stopped velocity row 82 IC 379 x0=0.790735 velocity_parameter=0.355667 status=outer_limit: trajectory reached the configured outer_limit radius
velocity row 83/120 IC 361/599 x0=0.790694 velocity_parameter=0.371833 elapsed=18.7327s written=0
  crossing 0/250
  stopped velocity row 83 IC 361 x0=0.790694 velocity_parameter=0.371833 status=outer_limit: trajectory reached the configured outer_limit radius
velocity row 83/120 IC 371/599 x0=0.790717 velocity_parameter=0.371833 elapsed=18.84s written=0
  crossing 0/250
  stopped velocity row 83 IC 371 x0=0.790717 velocity_parameter=0.371833 status=outer_limit: trajectory reached the configured outer_limit radius
velocity row 83/120 IC 379/599 x0=0.790735 velocity_parameter=0.371833 elapsed=18.9255s written=0
  crossing 0/250
  stopped velocity row 83 IC 379 x0=0.790735 velocity_parameter=0.371833 status=outer_limit: trajectory reached the configured outer_limit radius
velocity row 84/120 IC 361/599 x0=0.790694 velocity_parameter=0.388 elapsed=18.9377s written=0
  crossing 0/250
  stopped velocity row 84 IC 361 x0=0.790694 velocity_parameter=0.388 status=outer_limit: trajectory reached the configured outer_limit radius
velocity row 84/120 IC 371/599 x0=0.790717 velocity_parameter=0.388 elapsed=19.0484s written=0
  crossing 0/250
  stopped velocity row 84 IC 371 x0=0.790717 velocity_parameter=0.388 status=outer_limit: trajectory reached the configured outer_limit radius
velocity row 84/120 IC 379/599 x0=0.790735 velocity_parameter=0.388 elapsed=19.1325s written=0
  crossing 0/250
  stopped velocity row 84 IC 379 x0=0.790735 velocity_parameter=0.388 status=outer_limit: trajectory reached the configured outer_limit radius
velocity row 85/120 IC 361/599 x0=0.790694 velocity_parameter=0.404167 elapsed=19.1434s written=0
  crossing 0/250
  stopped velocity row 85 IC 361 x0=0.790694 velocity_parameter=0.404167 status=outer_limit: trajectory reached the configured outer_limit radius
velocity row 85/120 IC 371/599 x0=0.790717 velocity_parameter=0.404167 elapsed=19.2478s written=0
  crossing 0/250
  stopped velocity row 85 IC 371 x0=0.790717 velocity_parameter=0.404167 status=outer_limit: trajectory reached the configured outer_limit radius
velocity row 85/120 IC 379/599 x0=0.790735 velocity_parameter=0.404167 elapsed=19.3336s written=0
  crossing 0/250
  stopped velocity row 85 IC 379 x0=0.790735 velocity_parameter=0.404167 status=outer_limit: trajectory reached the configured outer_limit radius
velocity row 86/120 IC 361/599 x0=0.790694 velocity_parameter=0.420333 elapsed=19.3452s written=0
  crossing 0/250
  stopped velocity row 86 IC 361 x0=0.790694 velocity_parameter=0.420333 status=outer_limit: trajectory reached the configured outer_limit radius
velocity row 86/120 IC 371/599 x0=0.790717 velocity_parameter=0.420333 elapsed=19.453s written=0
  crossing 0/250
  stopped velocity row 86 IC 371 x0=0.790717 velocity_parameter=0.420333 status=outer_limit: trajectory reached the configured outer_limit radius
velocity row 86/120 IC 379/599 x0=0.790735 velocity_parameter=0.420333 elapsed=19.5407s written=0
  crossing 0/250
  stopped velocity row 86 IC 379 x0=0.790735 velocity_parameter=0.420333 status=outer_limit: trajectory reached the configured outer_limit radius
velocity row 87/120 IC 361/599 x0=0.790694 velocity_parameter=0.4365 elapsed=19.5529s written=0
  crossing 0/250
  stopped velocity row 87 IC 361 x0=0.790694 velocity_parameter=0.4365 status=outer_limit: trajectory reached the configured outer_limit radius
velocity row 87/120 IC 371/599 x0=0.790717 velocity_parameter=0.4365 elapsed=19.6575s written=0
  crossing 0/250
  stopped velocity row 87 IC 371 x0=0.790717 velocity_parameter=0.4365 status=outer_limit: trajectory reached the configured outer_limit radius
velocity row 87/120 IC 379/599 x0=0.790735 velocity_parameter=0.4365 elapsed=19.7466s written=0
  crossing 0/250
  stopped velocity row 87 IC 379 x0=0.790735 velocity_parameter=0.4365 status=outer_limit: trajectory reached the configured outer_limit radius
velocity row 88/120 IC 361/599 x0=0.790694 velocity_parameter=0.452667 elapsed=19.7582s written=0
  crossing 0/250
  stopped velocity row 88 IC 361 x0=0.790694 velocity_parameter=0.452667 status=outer_limit: trajectory reached the configured outer_limit radius
velocity row 88/120 IC 371/599 x0=0.790717 velocity_parameter=0.452667 elapsed=19.8731s written=0
  crossing 0/250
  stopped velocity row 88 IC 371 x0=0.790717 velocity_parameter=0.452667 status=outer_limit: trajectory reached the configured outer_limit radius
velocity row 88/120 IC 379/599 x0=0.790735 velocity_parameter=0.452667 elapsed=19.9566s written=0
  crossing 0/250
  stopped velocity row 88 IC 379 x0=0.790735 velocity_parameter=0.452667 status=outer_limit: trajectory reached the configured outer_limit radius
velocity row 89/120 IC 361/599 x0=0.790694 velocity_parameter=0.468833 elapsed=19.9666s written=0
  crossing 0/250
  stopped velocity row 89 IC 361 x0=0.790694 velocity_parameter=0.468833 status=outer_limit: trajectory reached the configured outer_limit radius
velocity row 89/120 IC 371/599 x0=0.790717 velocity_parameter=0.468833 elapsed=20.0746s written=0
  crossing 0/250
  stopped velocity row 89 IC 371 x0=0.790717 velocity_parameter=0.468833 status=outer_limit: trajectory reached the configured outer_limit radius
velocity row 89/120 IC 379/599 x0=0.790735 velocity_parameter=0.468833 elapsed=20.1638s written=0
  crossing 0/250
  stopped velocity row 89 IC 379 x0=0.790735 velocity_parameter=0.468833 status=outer_limit: trajectory reached the configured outer_limit radius
velocity row 90/120 IC 361/599 x0=0.790694 velocity_parameter=0.485 elapsed=20.1736s written=0
  crossing 0/250
  stopped velocity row 90 IC 361 x0=0.790694 velocity_parameter=0.485 status=outer_limit: trajectory reached the configured outer_limit radius
velocity row 90/120 IC 371/599 x0=0.790717 velocity_parameter=0.485 elapsed=20.2868s written=0
  crossing 0/250
  stopped velocity row 90 IC 371 x0=0.790717 velocity_parameter=0.485 status=outer_limit: trajectory reached the configured outer_limit radius
velocity row 90/120 IC 379/599 x0=0.790735 velocity_parameter=0.485 elapsed=20.3737s written=0
  crossing 0/250
  stopped velocity row 90 IC 379 x0=0.790735 velocity_parameter=0.485 status=outer_limit: trajectory reached the configured outer_limit radius
velocity row 91/120 IC 361/599 x0=0.790694 velocity_parameter=0.501167 elapsed=20.3849s written=0
  crossing 0/250
  stopped velocity row 91 IC 361 x0=0.790694 velocity_parameter=0.501167 status=outer_limit: trajectory reached the configured outer_limit radius
velocity row 91/120 IC 371/599 x0=0.790717 velocity_parameter=0.501167 elapsed=20.4963s written=0
  crossing 0/250
  stopped velocity row 91 IC 371 x0=0.790717 velocity_parameter=0.501167 status=outer_limit: trajectory reached the configured outer_limit radius
velocity row 91/120 IC 379/599 x0=0.790735 velocity_parameter=0.501167 elapsed=20.5751s written=0
  crossing 0/250
  stopped velocity row 91 IC 379 x0=0.790735 velocity_parameter=0.501167 status=outer_limit: trajectory reached the configured outer_limit radius
velocity row 92/120 IC 361/599 x0=0.790694 velocity_parameter=0.517333 elapsed=20.586s written=0
  crossing 0/250
  stopped velocity row 92 IC 361 x0=0.790694 velocity_parameter=0.517333 status=outer_limit: trajectory reached the configured outer_limit radius
velocity row 92/120 IC 371/599 x0=0.790717 velocity_parameter=0.517333 elapsed=20.6982s written=0
  crossing 0/250
  stopped velocity row 92 IC 371 x0=0.790717 velocity_parameter=0.517333 status=outer_limit: trajectory reached the configured outer_limit radius
velocity row 92/120 IC 379/599 x0=0.790735 velocity_parameter=0.517333 elapsed=20.7841s written=0
  crossing 0/250
  stopped velocity row 92 IC 379 x0=0.790735 velocity_parameter=0.517333 status=outer_limit: trajectory reached the configured outer_limit radius
velocity row 93/120 IC 361/599 x0=0.790694 velocity_parameter=0.5335 elapsed=20.7935s written=0
  crossing 0/250
  stopped velocity row 93 IC 361 x0=0.790694 velocity_parameter=0.5335 status=outer_limit: trajectory reached the configured outer_limit radius
velocity row 93/120 IC 371/599 x0=0.790717 velocity_parameter=0.5335 elapsed=20.9069s written=0
  crossing 0/250
  stopped velocity row 93 IC 371 x0=0.790717 velocity_parameter=0.5335 status=outer_limit: trajectory reached the configured outer_limit radius
velocity row 93/120 IC 379/599 x0=0.790735 velocity_parameter=0.5335 elapsed=20.9879s written=0
  crossing 0/250
  stopped velocity row 93 IC 379 x0=0.790735 velocity_parameter=0.5335 status=outer_limit: trajectory reached the configured outer_limit radius
velocity row 94/120 IC 361/599 x0=0.790694 velocity_parameter=0.549667 elapsed=20.9953s written=0
  crossing 0/250
  stopped velocity row 94 IC 361 x0=0.790694 velocity_parameter=0.549667 status=outer_limit: trajectory reached the configured outer_limit radius
velocity row 94/120 IC 371/599 x0=0.790717 velocity_parameter=0.549667 elapsed=21.0935s written=0
  crossing 0/250
  stopped velocity row 94 IC 371 x0=0.790717 velocity_parameter=0.549667 status=outer_limit: trajectory reached the configured outer_limit radius
velocity row 94/120 IC 379/599 x0=0.790735 velocity_parameter=0.549667 elapsed=21.1659s written=0
  crossing 0/250
  stopped velocity row 94 IC 379 x0=0.790735 velocity_parameter=0.549667 status=outer_limit: trajectory reached the configured outer_limit radius
velocity row 95/120 IC 361/599 x0=0.790694 velocity_parameter=0.565833 elapsed=21.1779s written=0
  crossing 0/250
  stopped velocity row 95 IC 361 x0=0.790694 velocity_parameter=0.565833 status=outer_limit: trajectory reached the configured outer_limit radius
velocity row 95/120 IC 371/599 x0=0.790717 velocity_parameter=0.565833 elapsed=21.2938s written=0
  crossing 0/250
  stopped velocity row 95 IC 371 x0=0.790717 velocity_parameter=0.565833 status=outer_limit: trajectory reached the configured outer_limit radius
velocity row 95/120 IC 379/599 x0=0.790735 velocity_parameter=0.565833 elapsed=21.3764s written=0
  crossing 0/250
  stopped velocity row 95 IC 379 x0=0.790735 velocity_parameter=0.565833 status=outer_limit: trajectory reached the configured outer_limit radius
velocity row 96/120 IC 361/599 x0=0.790694 velocity_parameter=0.582 elapsed=21.3866s written=0
  crossing 0/250
  stopped velocity row 96 IC 361 x0=0.790694 velocity_parameter=0.582 status=outer_limit: trajectory reached the configured outer_limit radius
velocity row 96/120 IC 371/599 x0=0.790717 velocity_parameter=0.582 elapsed=21.4704s written=0
  crossing 0/250
  stopped velocity row 96 IC 371 x0=0.790717 velocity_parameter=0.582 status=outer_limit: trajectory reached the configured outer_limit radius
velocity row 96/120 IC 379/599 x0=0.790735 velocity_parameter=0.582 elapsed=21.5515s written=0
  crossing 0/250
  stopped velocity row 96 IC 379 x0=0.790735 velocity_parameter=0.582 status=outer_limit: trajectory reached the configured outer_limit radius
velocity row 97/120 IC 361/599 x0=0.790694 velocity_parameter=0.598167 elapsed=21.5624s written=0
  crossing 0/250
  stopped velocity row 97 IC 361 x0=0.790694 velocity_parameter=0.598167 status=outer_limit: trajectory reached the configured outer_limit radius
velocity row 97/120 IC 371/599 x0=0.790717 velocity_parameter=0.598167 elapsed=21.6596s written=0
  crossing 0/250
  stopped velocity row 97 IC 371 x0=0.790717 velocity_parameter=0.598167 status=outer_limit: trajectory reached the configured outer_limit radius
velocity row 97/120 IC 379/599 x0=0.790735 velocity_parameter=0.598167 elapsed=21.7359s written=0
  crossing 0/250
  stopped velocity row 97 IC 379 x0=0.790735 velocity_parameter=0.598167 status=outer_limit: trajectory reached the configured outer_limit radius
velocity row 98/120 IC 361/599 x0=0.790694 velocity_parameter=0.614333 elapsed=21.742s written=0
  crossing 0/250
  stopped velocity row 98 IC 361 x0=0.790694 velocity_parameter=0.614333 status=outer_limit: trajectory reached the configured outer_limit radius
velocity row 98/120 IC 371/599 x0=0.790717 velocity_parameter=0.614333 elapsed=21.8246s written=0
  crossing 0/250
  stopped velocity row 98 IC 371 x0=0.790717 velocity_parameter=0.614333 status=outer_limit: trajectory reached the configured outer_limit radius
velocity row 98/120 IC 379/599 x0=0.790735 velocity_parameter=0.614333 elapsed=21.9013s written=0
  crossing 0/250
  stopped velocity row 98 IC 379 x0=0.790735 velocity_parameter=0.614333 status=outer_limit: trajectory reached the configured outer_limit radius
velocity row 99/120 IC 361/599 x0=0.790694 velocity_parameter=0.6305 elapsed=21.9087s written=0
  crossing 0/250
  stopped velocity row 99 IC 361 x0=0.790694 velocity_parameter=0.6305 status=outer_limit: trajectory reached the configured outer_limit radius
velocity row 99/120 IC 371/599 x0=0.790717 velocity_parameter=0.6305 elapsed=21.9801s written=0
  crossing 0/250
  stopped velocity row 99 IC 371 x0=0.790717 velocity_parameter=0.6305 status=outer_limit: trajectory reached the configured outer_limit radius
velocity row 99/120 IC 379/599 x0=0.790735 velocity_parameter=0.6305 elapsed=22.0431s written=0
  crossing 0/250
  stopped velocity row 99 IC 379 x0=0.790735 velocity_parameter=0.6305 status=outer_limit: trajectory reached the configured outer_limit radius
velocity row 100/120 IC 361/599 x0=0.790694 velocity_parameter=0.646667 elapsed=22.0537s written=0
  crossing 0/250
  stopped velocity row 100 IC 361 x0=0.790694 velocity_parameter=0.646667 status=outer_limit: trajectory reached the configured outer_limit radius
velocity row 100/120 IC 371/599 x0=0.790717 velocity_parameter=0.646667 elapsed=22.1422s written=0
  crossing 0/250
  stopped velocity row 100 IC 371 x0=0.790717 velocity_parameter=0.646667 status=outer_limit: trajectory reached the configured outer_limit radius
velocity row 100/120 IC 379/599 x0=0.790735 velocity_parameter=0.646667 elapsed=22.1975s written=0
  crossing 0/250
  stopped velocity row 100 IC 379 x0=0.790735 velocity_parameter=0.646667 status=outer_limit: trajectory reached the configured outer_limit radius
velocity row 101/120 IC 361/599 x0=0.790694 velocity_parameter=0.662833 elapsed=22.2032s written=0
  crossing 0/250
  stopped velocity row 101 IC 361 x0=0.790694 velocity_parameter=0.662833 status=outer_limit: trajectory reached the configured outer_limit radius
velocity row 101/120 IC 371/599 x0=0.790717 velocity_parameter=0.662833 elapsed=22.2758s written=0
  crossing 0/250
  stopped velocity row 101 IC 371 x0=0.790717 velocity_parameter=0.662833 status=outer_limit: trajectory reached the configured outer_limit radius
velocity row 101/120 IC 379/599 x0=0.790735 velocity_parameter=0.662833 elapsed=22.3403s written=0
  crossing 0/250
  stopped velocity row 101 IC 379 x0=0.790735 velocity_parameter=0.662833 status=outer_limit: trajectory reached the configured outer_limit radius
velocity row 102/120 IC 361/599 x0=0.790694 velocity_parameter=0.679 elapsed=22.3462s written=0
  crossing 0/250
  stopped velocity row 102 IC 361 x0=0.790694 velocity_parameter=0.679 status=outer_limit: trajectory reached the configured outer_limit radius
velocity row 102/120 IC 371/599 x0=0.790717 velocity_parameter=0.679 elapsed=22.4268s written=0
  crossing 0/250
  stopped velocity row 102 IC 371 x0=0.790717 velocity_parameter=0.679 status=outer_limit: trajectory reached the configured outer_limit radius
velocity row 102/120 IC 379/599 x0=0.790735 velocity_parameter=0.679 elapsed=22.4838s written=0
  crossing 0/250
  stopped velocity row 102 IC 379 x0=0.790735 velocity_parameter=0.679 status=outer_limit: trajectory reached the configured outer_limit radius
velocity row 103/120 IC 361/599 x0=0.790694 velocity_parameter=0.695167 elapsed=22.4943s written=0
  crossing 0/250
  stopped velocity row 103 IC 361 x0=0.790694 velocity_parameter=0.695167 status=outer_limit: trajectory reached the configured outer_limit radius
velocity row 103/120 IC 371/599 x0=0.790717 velocity_parameter=0.695167 elapsed=22.568s written=0
  crossing 0/250
  stopped velocity row 103 IC 371 x0=0.790717 velocity_parameter=0.695167 status=outer_limit: trajectory reached the configured outer_limit radius
velocity row 103/120 IC 379/599 x0=0.790735 velocity_parameter=0.695167 elapsed=22.6365s written=0
  crossing 0/250
  stopped velocity row 103 IC 379 x0=0.790735 velocity_parameter=0.695167 status=outer_limit: trajectory reached the configured outer_limit radius
velocity row 104/120 IC 361/599 x0=0.790694 velocity_parameter=0.711333 elapsed=22.6432s written=0
  crossing 0/250
  stopped velocity row 104 IC 361 x0=0.790694 velocity_parameter=0.711333 status=outer_limit: trajectory reached the configured outer_limit radius
velocity row 104/120 IC 371/599 x0=0.790717 velocity_parameter=0.711333 elapsed=22.7258s written=0
  crossing 0/250
  stopped velocity row 104 IC 371 x0=0.790717 velocity_parameter=0.711333 status=outer_limit: trajectory reached the configured outer_limit radius
velocity row 104/120 IC 379/599 x0=0.790735 velocity_parameter=0.711333 elapsed=22.7777s written=0
  crossing 0/250
  stopped velocity row 104 IC 379 x0=0.790735 velocity_parameter=0.711333 status=outer_limit: trajectory reached the configured outer_limit radius
velocity row 105/120 IC 361/599 x0=0.790694 velocity_parameter=0.7275 elapsed=22.7848s written=0
  crossing 0/250
  stopped velocity row 105 IC 361 x0=0.790694 velocity_parameter=0.7275 status=outer_limit: trajectory reached the configured outer_limit radius
velocity row 105/120 IC 371/599 x0=0.790717 velocity_parameter=0.7275 elapsed=22.8683s written=0
  crossing 0/250
  stopped velocity row 105 IC 371 x0=0.790717 velocity_parameter=0.7275 status=outer_limit: trajectory reached the configured outer_limit radius
velocity row 105/120 IC 379/599 x0=0.790735 velocity_parameter=0.7275 elapsed=22.9217s written=0
  crossing 0/250
  stopped velocity row 105 IC 379 x0=0.790735 velocity_parameter=0.7275 status=outer_limit: trajectory reached the configured outer_limit radius
velocity row 106/120 IC 361/599 x0=0.790694 velocity_parameter=0.743667 elapsed=22.9316s written=0
  crossing 0/250
  stopped velocity row 106 IC 361 x0=0.790694 velocity_parameter=0.743667 status=outer_limit: trajectory reached the configured outer_limit radius
velocity row 106/120 IC 371/599 x0=0.790717 velocity_parameter=0.743667 elapsed=23.0114s written=0
  crossing 0/250
  stopped velocity row 106 IC 371 x0=0.790717 velocity_parameter=0.743667 status=outer_limit: trajectory reached the configured outer_limit radius
velocity row 106/120 IC 379/599 x0=0.790735 velocity_parameter=0.743667 elapsed=23.0691s written=0
  crossing 0/250
  stopped velocity row 106 IC 379 x0=0.790735 velocity_parameter=0.743667 status=outer_limit: trajectory reached the configured outer_limit radius
velocity row 107/120 IC 361/599 x0=0.790694 velocity_parameter=0.759833 elapsed=23.0755s written=0
  crossing 0/250
  stopped velocity row 107 IC 361 x0=0.790694 velocity_parameter=0.759833 status=outer_limit: trajectory reached the configured outer_limit radius
velocity row 107/120 IC 371/599 x0=0.790717 velocity_parameter=0.759833 elapsed=23.1723s written=0
  crossing 0/250
  stopped velocity row 107 IC 371 x0=0.790717 velocity_parameter=0.759833 status=outer_limit: trajectory reached the configured outer_limit radius
velocity row 107/120 IC 379/599 x0=0.790735 velocity_parameter=0.759833 elapsed=23.2252s written=0
  crossing 0/250
  stopped velocity row 107 IC 379 x0=0.790735 velocity_parameter=0.759833 status=outer_limit: trajectory reached the configured outer_limit radius
velocity row 108/120 IC 361/599 x0=0.790694 velocity_parameter=0.776 elapsed=23.231s written=0
  crossing 0/250
  stopped velocity row 108 IC 361 x0=0.790694 velocity_parameter=0.776 status=outer_limit: trajectory reached the configured outer_limit radius
velocity row 108/120 IC 371/599 x0=0.790717 velocity_parameter=0.776 elapsed=23.301s written=0
  crossing 0/250
  stopped velocity row 108 IC 371 x0=0.790717 velocity_parameter=0.776 status=outer_limit: trajectory reached the configured outer_limit radius
velocity row 108/120 IC 379/599 x0=0.790735 velocity_parameter=0.776 elapsed=23.3616s written=0
  crossing 0/250
  stopped velocity row 108 IC 379 x0=0.790735 velocity_parameter=0.776 status=outer_limit: trajectory reached the configured outer_limit radius
velocity row 109/120 IC 361/599 x0=0.790694 velocity_parameter=0.792167 elapsed=23.3674s written=0
  crossing 0/250
  stopped velocity row 109 IC 361 x0=0.790694 velocity_parameter=0.792167 status=outer_limit: trajectory reached the configured outer_limit radius
velocity row 109/120 IC 371/599 x0=0.790717 velocity_parameter=0.792167 elapsed=23.4467s written=0
  crossing 0/250
  stopped velocity row 109 IC 371 x0=0.790717 velocity_parameter=0.792167 status=outer_limit: trajectory reached the configured outer_limit radius
velocity row 109/120 IC 379/599 x0=0.790735 velocity_parameter=0.792167 elapsed=23.499s written=0
  crossing 0/250
  stopped velocity row 109 IC 379 x0=0.790735 velocity_parameter=0.792167 status=outer_limit: trajectory reached the configured outer_limit radius
velocity row 110/120 IC 361/599 x0=0.790694 velocity_parameter=0.808333 elapsed=23.5054s written=0
  crossing 0/250
  stopped velocity row 110 IC 361 x0=0.790694 velocity_parameter=0.808333 status=outer_limit: trajectory reached the configured outer_limit radius
velocity row 110/120 IC 371/599 x0=0.790717 velocity_parameter=0.808333 elapsed=23.58s written=0
  crossing 0/250
  stopped velocity row 110 IC 371 x0=0.790717 velocity_parameter=0.808333 status=outer_limit: trajectory reached the configured outer_limit radius
velocity row 110/120 IC 379/599 x0=0.790735 velocity_parameter=0.808333 elapsed=23.6399s written=0
  crossing 0/250
  stopped velocity row 110 IC 379 x0=0.790735 velocity_parameter=0.808333 status=outer_limit: trajectory reached the configured outer_limit radius
velocity row 111/120 IC 361/599 x0=0.790694 velocity_parameter=0.8245 elapsed=23.6459s written=0
  crossing 0/250
  stopped velocity row 111 IC 361 x0=0.790694 velocity_parameter=0.8245 status=outer_limit: trajectory reached the configured outer_limit radius
velocity row 111/120 IC 371/599 x0=0.790717 velocity_parameter=0.8245 elapsed=23.7039s written=0
  crossing 0/250
  stopped velocity row 111 IC 371 x0=0.790717 velocity_parameter=0.8245 status=outer_limit: trajectory reached the configured outer_limit radius
velocity row 111/120 IC 379/599 x0=0.790735 velocity_parameter=0.8245 elapsed=23.7547s written=0
  crossing 0/250
  stopped velocity row 111 IC 379 x0=0.790735 velocity_parameter=0.8245 status=outer_limit: trajectory reached the configured outer_limit radius
velocity row 112/120 IC 361/599 x0=0.790694 velocity_parameter=0.840667 elapsed=23.7606s written=0
  crossing 0/250
  stopped velocity row 112 IC 361 x0=0.790694 velocity_parameter=0.840667 status=outer_limit: trajectory reached the configured outer_limit radius
velocity row 112/120 IC 371/599 x0=0.790717 velocity_parameter=0.840667 elapsed=23.8464s written=0
  crossing 0/250
  stopped velocity row 112 IC 371 x0=0.790717 velocity_parameter=0.840667 status=outer_limit: trajectory reached the configured outer_limit radius
velocity row 112/120 IC 379/599 x0=0.790735 velocity_parameter=0.840667 elapsed=23.8992s written=0
  crossing 0/250
  stopped velocity row 112 IC 379 x0=0.790735 velocity_parameter=0.840667 status=outer_limit: trajectory reached the configured outer_limit radius
velocity row 113/120 IC 361/599 x0=0.790694 velocity_parameter=0.856833 elapsed=23.9047s written=0
  crossing 0/250
  stopped velocity row 113 IC 361 x0=0.790694 velocity_parameter=0.856833 status=outer_limit: trajectory reached the configured outer_limit radius
velocity row 113/120 IC 371/599 x0=0.790717 velocity_parameter=0.856833 elapsed=23.9725s written=0
  crossing 0/250
  stopped velocity row 113 IC 371 x0=0.790717 velocity_parameter=0.856833 status=outer_limit: trajectory reached the configured outer_limit radius
velocity row 113/120 IC 379/599 x0=0.790735 velocity_parameter=0.856833 elapsed=24.0297s written=0
  crossing 0/250
  stopped velocity row 113 IC 379 x0=0.790735 velocity_parameter=0.856833 status=outer_limit: trajectory reached the configured outer_limit radius
velocity row 114/120 IC 361/599 x0=0.790694 velocity_parameter=0.873 elapsed=24.0355s written=0
  crossing 0/250
  stopped velocity row 114 IC 361 x0=0.790694 velocity_parameter=0.873 status=outer_limit: trajectory reached the configured outer_limit radius
velocity row 114/120 IC 371/599 x0=0.790717 velocity_parameter=0.873 elapsed=24.1061s written=0
  crossing 0/250
  stopped velocity row 114 IC 371 x0=0.790717 velocity_parameter=0.873 status=outer_limit: trajectory reached the configured outer_limit radius
velocity row 114/120 IC 379/599 x0=0.790735 velocity_parameter=0.873 elapsed=24.1553s written=0
  crossing 0/250
  stopped velocity row 114 IC 379 x0=0.790735 velocity_parameter=0.873 status=outer_limit: trajectory reached the configured outer_limit radius
velocity row 115/120 IC 361/599 x0=0.790694 velocity_parameter=0.889167 elapsed=24.1609s written=0
  crossing 0/250
  stopped velocity row 115 IC 361 x0=0.790694 velocity_parameter=0.889167 status=outer_limit: trajectory reached the configured outer_limit radius
velocity row 115/120 IC 371/599 x0=0.790717 velocity_parameter=0.889167 elapsed=24.2249s written=0
  crossing 0/250
  stopped velocity row 115 IC 371 x0=0.790717 velocity_parameter=0.889167 status=outer_limit: trajectory reached the configured outer_limit radius
velocity row 115/120 IC 379/599 x0=0.790735 velocity_parameter=0.889167 elapsed=24.27s written=0
  crossing 0/250
  stopped velocity row 115 IC 379 x0=0.790735 velocity_parameter=0.889167 status=outer_limit: trajectory reached the configured outer_limit radius
velocity row 116/120 IC 361/599 x0=0.790694 velocity_parameter=0.905333 elapsed=24.28s written=0
  crossing 0/250
  stopped velocity row 116 IC 361 x0=0.790694 velocity_parameter=0.905333 status=outer_limit: trajectory reached the configured outer_limit radius
velocity row 116/120 IC 371/599 x0=0.790717 velocity_parameter=0.905333 elapsed=24.3378s written=0
  crossing 0/250
  stopped velocity row 116 IC 371 x0=0.790717 velocity_parameter=0.905333 status=outer_limit: trajectory reached the configured outer_limit radius
velocity row 116/120 IC 379/599 x0=0.790735 velocity_parameter=0.905333 elapsed=24.3821s written=0
  crossing 0/250
  stopped velocity row 116 IC 379 x0=0.790735 velocity_parameter=0.905333 status=outer_limit: trajectory reached the configured outer_limit radius
velocity row 117/120 IC 361/599 x0=0.790694 velocity_parameter=0.9215 elapsed=24.3876s written=0
  crossing 0/250
  stopped velocity row 117 IC 361 x0=0.790694 velocity_parameter=0.9215 status=outer_limit: trajectory reached the configured outer_limit radius
velocity row 117/120 IC 371/599 x0=0.790717 velocity_parameter=0.9215 elapsed=24.4435s written=0
  crossing 0/250
  stopped velocity row 117 IC 371 x0=0.790717 velocity_parameter=0.9215 status=outer_limit: trajectory reached the configured outer_limit radius
velocity row 117/120 IC 379/599 x0=0.790735 velocity_parameter=0.9215 elapsed=24.487s written=0
  crossing 0/250
  stopped velocity row 117 IC 379 x0=0.790735 velocity_parameter=0.9215 status=outer_limit: trajectory reached the configured outer_limit radius
velocity row 118/120 IC 361/599 x0=0.790694 velocity_parameter=0.937667 elapsed=24.4923s written=0
  crossing 0/250
  stopped velocity row 118 IC 361 x0=0.790694 velocity_parameter=0.937667 status=outer_limit: trajectory reached the configured outer_limit radius
velocity row 118/120 IC 371/599 x0=0.790717 velocity_parameter=0.937667 elapsed=24.5534s written=0
  crossing 0/250
  stopped velocity row 118 IC 371 x0=0.790717 velocity_parameter=0.937667 status=outer_limit: trajectory reached the configured outer_limit radius
velocity row 118/120 IC 379/599 x0=0.790735 velocity_parameter=0.937667 elapsed=24.5998s written=0
  crossing 0/250
  stopped velocity row 118 IC 379 x0=0.790735 velocity_parameter=0.937667 status=outer_limit: trajectory reached the configured outer_limit radius
velocity row 119/120 IC 361/599 x0=0.790694 velocity_parameter=0.953833 elapsed=24.6053s written=0
  crossing 0/250
  stopped velocity row 119 IC 361 x0=0.790694 velocity_parameter=0.953833 status=outer_limit: trajectory reached the configured outer_limit radius
velocity row 119/120 IC 371/599 x0=0.790717 velocity_parameter=0.953833 elapsed=24.6705s written=0
  crossing 0/250
  stopped velocity row 119 IC 371 x0=0.790717 velocity_parameter=0.953833 status=outer_limit: trajectory reached the configured outer_limit radius
velocity row 119/120 IC 379/599 x0=0.790735 velocity_parameter=0.953833 elapsed=24.7144s written=0
  crossing 0/250
  stopped velocity row 119 IC 379 x0=0.790735 velocity_parameter=0.953833 status=outer_limit: trajectory reached the configured outer_limit radius
velocity row 120/120 IC 361/599 x0=0.790694 velocity_parameter=0.97 elapsed=24.7204s written=0
  crossing 0/250
  stopped velocity row 120 IC 361 x0=0.790694 velocity_parameter=0.97 status=outer_limit: trajectory reached the configured outer_limit radius
velocity row 120/120 IC 371/599 x0=0.790717 velocity_parameter=0.97 elapsed=24.7857s written=0
  crossing 0/250
  stopped velocity row 120 IC 371 x0=0.790717 velocity_parameter=0.97 status=outer_limit: trajectory reached the configured outer_limit radius
velocity row 120/120 IC 379/599 x0=0.790735 velocity_parameter=0.97 elapsed=24.8358s written=0
  crossing 0/250
  stopped velocity row 120 IC 379 x0=0.790735 velocity_parameter=0.97 status=outer_limit: trajectory reached the configured outer_limit radius
metadata -> /mnt/c/Users/payne/Code/Hill_4BP/professional_neck_studies/e1_dense_001/survey/level_005_delta_1e_minus_7/closed/shard_0019/metadata.txt
wrote 0 points (0 ICs skipped, 2299 orbits stopped early, elapsed=24.8413s) -> /mnt/c/Users/payne/Code/Hill_4BP/professional_neck_studies/e1_dense_001/survey/level_005_delta_1e_minus_7/closed/shard_0019/points.csv
outcomes: collision=0 completed=0 forbidden=0 inner_radius_limit=0 invalid_initial_radius=0 invalid_velocity=0 nontransverse=0 numerical_failure=0 outer_limit=2299 timeout=0
maximum sampled |H-h|=8.9834e-16
