zero-velocity boundary -> /mnt/c/Users/payne/Code/Hill_4BP/professional_neck_studies/e1_dense_001/survey/level_000_delta_1e_minus_2/open/shard_0016/zero_velocity_boundary.csv
lambda1=0.0272549 lambda2=2.97275 A=-0.986373 B=0.486373 c=0.0976566 c1=0 c2=0 c3=-0.0976566 h=-2.38154 (C=4.76307)
E1/E2 neck h=-2.39154 (C=4.78307), E3/E4 neck h=-0.454039 (C=0.908078)
energy_mode=neck_delta neck=E1 hcrit=-2.39154 delta=0.01 side=open actual_neck_side=open delta_h=0.01
x_count=600 xdot_count=121 iterates=250 index range=[304,322] velocity_mode=fraction x_range=[0.575546,1.00556] max_return_time=100
smooth coordinates R=sqrt(rho), CAPD crossing mode=Both solver_order=28 max_step=0.005 abs_tol=1e-15 rel_tol=1e-13 collision_radius=1e-06 outer_radius=5
velocity row 0/120 IC 304/599 x0=0.793785 velocity_parameter=-0.97 elapsed=1.39e-07s written=0
  crossing 0/250
  stopped velocity row 0 IC 304 x0=0.793785 velocity_parameter=-0.97 status=collision: trajectory reached the configured collision radius
  stopped velocity row 0 IC 305 x0=0.794503 velocity_parameter=-0.97 status=collision: trajectory reached the configured collision radius
  stopped velocity row 0 IC 306 x0=0.795221 velocity_parameter=-0.97 status=collision: trajectory reached the configured collision radius
  stopped velocity row 0 IC 307 x0=0.795939 velocity_parameter=-0.97 status=collision: trajectory reached the configured collision radius
  stopped velocity row 0 IC 308 x0=0.796657 velocity_parameter=-0.97 status=collision: trajectory reached the configured collision radius
  stopped velocity row 0 IC 309 x0=0.797375 velocity_parameter=-0.97 status=collision: trajectory reached the configured collision radius
  stopped velocity row 0 IC 310 x0=0.798093 velocity_parameter=-0.97 status=collision: trajectory reached the configured collision radius
  stopped velocity row 0 IC 311 x0=0.79881 velocity_parameter=-0.97 status=collision: trajectory reached the configured collision radius
  stopped velocity row 0 IC 312 x0=0.799528 velocity_parameter=-0.97 status=collision: trajectory reached the configured collision radius
  stopped velocity row 0 IC 313 x0=0.800246 velocity_parameter=-0.97 status=collision: trajectory reached the configured collision radius
velocity row 0/120 IC 314/599 x0=0.800964 velocity_parameter=-0.97 elapsed=0.788121s written=0
  crossing 0/250
  stopped velocity row 0 IC 314 x0=0.800964 velocity_parameter=-0.97 status=collision: trajectory reached the configured collision radius
velocity row 0/120 IC 322/599 x0=0.806707 velocity_parameter=-0.97 elapsed=1.41838s written=0
  crossing 0/250
  stopped velocity row 0 IC 322 x0=0.806707 velocity_parameter=-0.97 status=collision: trajectory reached the configured collision radius
velocity row 1/120 IC 304/599 x0=0.793785 velocity_parameter=-0.953833 elapsed=1.49436s written=0
  crossing 0/250
  stopped velocity row 1 IC 304 x0=0.793785 velocity_parameter=-0.953833 status=collision: trajectory reached the configured collision radius
velocity row 1/120 IC 314/599 x0=0.800964 velocity_parameter=-0.953833 elapsed=2.2674s written=0
  crossing 0/250
  stopped velocity row 1 IC 314 x0=0.800964 velocity_parameter=-0.953833 status=collision: trajectory reached the configured collision radius
velocity row 1/120 IC 322/599 x0=0.806707 velocity_parameter=-0.953833 elapsed=2.88871s written=0
  crossing 0/250
  stopped velocity row 1 IC 322 x0=0.806707 velocity_parameter=-0.953833 status=collision: trajectory reached the configured collision radius
velocity row 2/120 IC 304/599 x0=0.793785 velocity_parameter=-0.937667 elapsed=2.96739s written=0
  crossing 0/250
  stopped velocity row 2 IC 304 x0=0.793785 velocity_parameter=-0.937667 status=collision: trajectory reached the configured collision radius
velocity row 2/120 IC 314/599 x0=0.800964 velocity_parameter=-0.937667 elapsed=3.73818s written=0
  crossing 0/250
  stopped velocity row 2 IC 314 x0=0.800964 velocity_parameter=-0.937667 status=collision: trajectory reached the configured collision radius
velocity row 2/120 IC 322/599 x0=0.806707 velocity_parameter=-0.937667 elapsed=4.38276s written=0
  crossing 0/250
  stopped velocity row 2 IC 322 x0=0.806707 velocity_parameter=-0.937667 status=collision: trajectory reached the configured collision radius
velocity row 3/120 IC 304/599 x0=0.793785 velocity_parameter=-0.9215 elapsed=4.46934s written=0
  crossing 0/250
  stopped velocity row 3 IC 304 x0=0.793785 velocity_parameter=-0.9215 status=collision: trajectory reached the configured collision radius
velocity row 3/120 IC 314/599 x0=0.800964 velocity_parameter=-0.9215 elapsed=5.26046s written=0
  crossing 0/250
  stopped velocity row 3 IC 314 x0=0.800964 velocity_parameter=-0.9215 status=collision: trajectory reached the configured collision radius
velocity row 3/120 IC 322/599 x0=0.806707 velocity_parameter=-0.9215 elapsed=5.92627s written=0
  crossing 0/250
  stopped velocity row 3 IC 322 x0=0.806707 velocity_parameter=-0.9215 status=collision: trajectory reached the configured collision radius
velocity row 4/120 IC 304/599 x0=0.793785 velocity_parameter=-0.905333 elapsed=6.00577s written=0
  crossing 0/250
  stopped velocity row 4 IC 304 x0=0.793785 velocity_parameter=-0.905333 status=collision: trajectory reached the configured collision radius
velocity row 4/120 IC 314/599 x0=0.800964 velocity_parameter=-0.905333 elapsed=6.80656s written=0
  crossing 0/250
  stopped velocity row 4 IC 314 x0=0.800964 velocity_parameter=-0.905333 status=collision: trajectory reached the configured collision radius
velocity row 4/120 IC 322/599 x0=0.806707 velocity_parameter=-0.905333 elapsed=7.44039s written=0
  crossing 0/250
  stopped velocity row 4 IC 322 x0=0.806707 velocity_parameter=-0.905333 status=collision: trajectory reached the configured collision radius
velocity row 5/120 IC 304/599 x0=0.793785 velocity_parameter=-0.889167 elapsed=7.51375s written=0
  crossing 0/250
  stopped velocity row 5 IC 304 x0=0.793785 velocity_parameter=-0.889167 status=collision: trajectory reached the configured collision radius
velocity row 5/120 IC 314/599 x0=0.800964 velocity_parameter=-0.889167 elapsed=8.26741s written=0
  crossing 0/250
  stopped velocity row 5 IC 314 x0=0.800964 velocity_parameter=-0.889167 status=collision: trajectory reached the configured collision radius
velocity row 5/120 IC 322/599 x0=0.806707 velocity_parameter=-0.889167 elapsed=8.81276s written=0
  crossing 0/250
  stopped velocity row 5 IC 322 x0=0.806707 velocity_parameter=-0.889167 status=collision: trajectory reached the configured collision radius
velocity row 6/120 IC 304/599 x0=0.793785 velocity_parameter=-0.873 elapsed=8.87816s written=0
  crossing 0/250
  stopped velocity row 6 IC 304 x0=0.793785 velocity_parameter=-0.873 status=collision: trajectory reached the configured collision radius
velocity row 6/120 IC 314/599 x0=0.800964 velocity_parameter=-0.873 elapsed=9.47873s written=0
  crossing 0/250
  stopped velocity row 6 IC 314 x0=0.800964 velocity_parameter=-0.873 status=collision: trajectory reached the configured collision radius
velocity row 6/120 IC 322/599 x0=0.806707 velocity_parameter=-0.873 elapsed=9.92655s written=0
  crossing 0/250
  stopped velocity row 6 IC 322 x0=0.806707 velocity_parameter=-0.873 status=collision: trajectory reached the configured collision radius
velocity row 7/120 IC 304/599 x0=0.793785 velocity_parameter=-0.856833 elapsed=9.97319s written=0
  crossing 0/250
  stopped velocity row 7 IC 304 x0=0.793785 velocity_parameter=-0.856833 status=collision: trajectory reached the configured collision radius
velocity row 7/120 IC 314/599 x0=0.800964 velocity_parameter=-0.856833 elapsed=10.4721s written=0
  crossing 0/250
  stopped velocity row 7 IC 314 x0=0.800964 velocity_parameter=-0.856833 status=collision: trajectory reached the configured collision radius
velocity row 7/120 IC 322/599 x0=0.806707 velocity_parameter=-0.856833 elapsed=10.8701s written=0
  crossing 0/250
  stopped velocity row 7 IC 322 x0=0.806707 velocity_parameter=-0.856833 status=collision: trajectory reached the configured collision radius
velocity row 8/120 IC 304/599 x0=0.793785 velocity_parameter=-0.840667 elapsed=10.9157s written=0
  crossing 0/250
  stopped velocity row 8 IC 304 x0=0.793785 velocity_parameter=-0.840667 status=collision: trajectory reached the configured collision radius
velocity row 8/120 IC 314/599 x0=0.800964 velocity_parameter=-0.840667 elapsed=11.4267s written=0
  crossing 0/250
  stopped velocity row 8 IC 314 x0=0.800964 velocity_parameter=-0.840667 status=collision: trajectory reached the configured collision radius
velocity row 8/120 IC 322/599 x0=0.806707 velocity_parameter=-0.840667 elapsed=11.823s written=0
  crossing 0/250
  stopped velocity row 8 IC 322 x0=0.806707 velocity_parameter=-0.840667 status=collision: trajectory reached the configured collision radius
velocity row 9/120 IC 304/599 x0=0.793785 velocity_parameter=-0.8245 elapsed=11.8772s written=0
  crossing 0/250
  stopped velocity row 9 IC 304 x0=0.793785 velocity_parameter=-0.8245 status=collision: trajectory reached the configured collision radius
velocity row 9/120 IC 314/599 x0=0.800964 velocity_parameter=-0.8245 elapsed=12.4117s written=0
  crossing 0/250
  stopped velocity row 9 IC 314 x0=0.800964 velocity_parameter=-0.8245 status=collision: trajectory reached the configured collision radius
velocity row 9/120 IC 322/599 x0=0.806707 velocity_parameter=-0.8245 elapsed=12.7692s written=0
  crossing 0/250
  stopped velocity row 9 IC 322 x0=0.806707 velocity_parameter=-0.8245 status=collision: trajectory reached the configured collision radius
velocity row 10/120 IC 304/599 x0=0.793785 velocity_parameter=-0.808333 elapsed=12.8229s written=0
  crossing 0/250
  stopped velocity row 10 IC 304 x0=0.793785 velocity_parameter=-0.808333 status=collision: trajectory reached the configured collision radius
velocity row 10/120 IC 314/599 x0=0.800964 velocity_parameter=-0.808333 elapsed=13.2993s written=0
  crossing 0/250
  stopped velocity row 10 IC 314 x0=0.800964 velocity_parameter=-0.808333 status=collision: trajectory reached the configured collision radius
velocity row 10/120 IC 322/599 x0=0.806707 velocity_parameter=-0.808333 elapsed=13.6716s written=0
  crossing 0/250
  stopped velocity row 10 IC 322 x0=0.806707 velocity_parameter=-0.808333 status=collision: trajectory reached the configured collision radius
velocity row 11/120 IC 304/599 x0=0.793785 velocity_parameter=-0.792167 elapsed=13.7137s written=0
  crossing 0/250
  stopped velocity row 11 IC 304 x0=0.793785 velocity_parameter=-0.792167 status=collision: trajectory reached the configured collision radius
velocity row 11/120 IC 314/599 x0=0.800964 velocity_parameter=-0.792167 elapsed=14.1331s written=0
  crossing 0/250
  stopped velocity row 11 IC 314 x0=0.800964 velocity_parameter=-0.792167 status=collision: trajectory reached the configured collision radius
velocity row 11/120 IC 322/599 x0=0.806707 velocity_parameter=-0.792167 elapsed=14.4951s written=0
  crossing 0/250
  stopped velocity row 11 IC 322 x0=0.806707 velocity_parameter=-0.792167 status=collision: trajectory reached the configured collision radius
velocity row 12/120 IC 304/599 x0=0.793785 velocity_parameter=-0.776 elapsed=14.5314s written=0
  crossing 0/250
  stopped velocity row 12 IC 304 x0=0.793785 velocity_parameter=-0.776 status=collision: trajectory reached the configured collision radius
velocity row 12/120 IC 314/599 x0=0.800964 velocity_parameter=-0.776 elapsed=15.0457s written=0
  crossing 0/250
  stopped velocity row 12 IC 314 x0=0.800964 velocity_parameter=-0.776 status=collision: trajectory reached the configured collision radius
velocity row 12/120 IC 322/599 x0=0.806707 velocity_parameter=-0.776 elapsed=15.3952s written=0
  crossing 0/250
  stopped velocity row 12 IC 322 x0=0.806707 velocity_parameter=-0.776 status=collision: trajectory reached the configured collision radius
velocity row 13/120 IC 304/599 x0=0.793785 velocity_parameter=-0.759833 elapsed=15.4564s written=1
  crossing 0/250
  stopped velocity row 13 IC 304 x0=0.793785 velocity_parameter=-0.759833 status=collision: trajectory reached the configured collision radius
velocity row 13/120 IC 314/599 x0=0.800964 velocity_parameter=-0.759833 elapsed=15.8663s written=1
  crossing 0/250
  stopped velocity row 13 IC 314 x0=0.800964 velocity_parameter=-0.759833 status=collision: trajectory reached the configured collision radius
velocity row 13/120 IC 322/599 x0=0.806707 velocity_parameter=-0.759833 elapsed=16.2473s written=2
  crossing 0/250
  stopped velocity row 13 IC 322 x0=0.806707 velocity_parameter=-0.759833 status=outer_limit: trajectory reached the configured outer_limit radius
velocity row 14/120 IC 304/599 x0=0.793785 velocity_parameter=-0.743667 elapsed=16.2525s written=2
  crossing 0/250
  stopped velocity row 14 IC 304 x0=0.793785 velocity_parameter=-0.743667 status=collision: trajectory reached the configured collision radius
velocity row 14/120 IC 314/599 x0=0.800964 velocity_parameter=-0.743667 elapsed=16.7235s written=2
  crossing 0/250
  stopped velocity row 14 IC 314 x0=0.800964 velocity_parameter=-0.743667 status=collision: trajectory reached the configured collision radius
velocity row 14/120 IC 322/599 x0=0.806707 velocity_parameter=-0.743667 elapsed=16.9967s written=3
  crossing 0/250
  stopped velocity row 14 IC 322 x0=0.806707 velocity_parameter=-0.743667 status=outer_limit: trajectory reached the configured outer_limit radius
velocity row 15/120 IC 304/599 x0=0.793785 velocity_parameter=-0.7275 elapsed=17.0046s written=3
  crossing 0/250
  stopped velocity row 15 IC 304 x0=0.793785 velocity_parameter=-0.7275 status=collision: trajectory reached the configured collision radius
velocity row 15/120 IC 314/599 x0=0.800964 velocity_parameter=-0.7275 elapsed=17.4113s written=3
  crossing 0/250
  stopped velocity row 15 IC 314 x0=0.800964 velocity_parameter=-0.7275 status=collision: trajectory reached the configured collision radius
velocity row 15/120 IC 322/599 x0=0.806707 velocity_parameter=-0.7275 elapsed=17.644s written=4
  crossing 0/250
  stopped velocity row 15 IC 322 x0=0.806707 velocity_parameter=-0.7275 status=outer_limit: trajectory reached the configured outer_limit radius
velocity row 16/120 IC 304/599 x0=0.793785 velocity_parameter=-0.711333 elapsed=17.648s written=4
  crossing 0/250
  stopped velocity row 16 IC 304 x0=0.793785 velocity_parameter=-0.711333 status=collision: trajectory reached the configured collision radius
velocity row 16/120 IC 314/599 x0=0.800964 velocity_parameter=-0.711333 elapsed=18.0401s written=4
  crossing 0/250
  stopped velocity row 16 IC 314 x0=0.800964 velocity_parameter=-0.711333 status=collision: trajectory reached the configured collision radius
velocity row 16/120 IC 322/599 x0=0.806707 velocity_parameter=-0.711333 elapsed=18.1779s written=5
  crossing 0/250
  stopped velocity row 16 IC 322 x0=0.806707 velocity_parameter=-0.711333 status=outer_limit: trajectory reached the configured outer_limit radius
velocity row 17/120 IC 304/599 x0=0.793785 velocity_parameter=-0.695167 elapsed=18.1817s written=5
  crossing 0/250
  stopped velocity row 17 IC 304 x0=0.793785 velocity_parameter=-0.695167 status=collision: trajectory reached the configured collision radius
velocity row 17/120 IC 314/599 x0=0.800964 velocity_parameter=-0.695167 elapsed=18.5823s written=5
  crossing 0/250
  stopped velocity row 17 IC 314 x0=0.800964 velocity_parameter=-0.695167 status=collision: trajectory reached the configured collision radius
velocity row 17/120 IC 322/599 x0=0.806707 velocity_parameter=-0.695167 elapsed=18.6883s written=6
  crossing 0/250
  stopped velocity row 17 IC 322 x0=0.806707 velocity_parameter=-0.695167 status=outer_limit: trajectory reached the configured outer_limit radius
velocity row 18/120 IC 304/599 x0=0.793785 velocity_parameter=-0.679 elapsed=18.6924s written=6
  crossing 0/250
  stopped velocity row 18 IC 304 x0=0.793785 velocity_parameter=-0.679 status=collision: trajectory reached the configured collision radius
velocity row 18/120 IC 314/599 x0=0.800964 velocity_parameter=-0.679 elapsed=19.1593s written=7
  crossing 0/250
  stopped velocity row 18 IC 314 x0=0.800964 velocity_parameter=-0.679 status=outer_limit: trajectory reached the configured outer_limit radius
velocity row 18/120 IC 322/599 x0=0.806707 velocity_parameter=-0.679 elapsed=19.2019s written=7
  crossing 0/250
  stopped velocity row 18 IC 322 x0=0.806707 velocity_parameter=-0.679 status=outer_limit: trajectory reached the configured outer_limit radius
velocity row 19/120 IC 304/599 x0=0.793785 velocity_parameter=-0.662833 elapsed=19.2054s written=7
  crossing 0/250
  stopped velocity row 19 IC 304 x0=0.793785 velocity_parameter=-0.662833 status=collision: trajectory reached the configured collision radius
velocity row 19/120 IC 314/599 x0=0.800964 velocity_parameter=-0.662833 elapsed=19.7007s written=8
  crossing 0/250
  stopped velocity row 19 IC 314 x0=0.800964 velocity_parameter=-0.662833 status=outer_limit: trajectory reached the configured outer_limit radius
velocity row 19/120 IC 322/599 x0=0.806707 velocity_parameter=-0.662833 elapsed=19.7344s written=8
  crossing 0/250
  stopped velocity row 19 IC 322 x0=0.806707 velocity_parameter=-0.662833 status=outer_limit: trajectory reached the configured outer_limit radius
velocity row 20/120 IC 304/599 x0=0.793785 velocity_parameter=-0.646667 elapsed=19.7385s written=8
  crossing 0/250
  stopped velocity row 20 IC 304 x0=0.793785 velocity_parameter=-0.646667 status=collision: trajectory reached the configured collision radius
velocity row 20/120 IC 314/599 x0=0.800964 velocity_parameter=-0.646667 elapsed=20.1283s written=9
  crossing 0/250
  stopped velocity row 20 IC 314 x0=0.800964 velocity_parameter=-0.646667 status=outer_limit: trajectory reached the configured outer_limit radius
velocity row 20/120 IC 322/599 x0=0.806707 velocity_parameter=-0.646667 elapsed=20.1626s written=9
  crossing 0/250
  stopped velocity row 20 IC 322 x0=0.806707 velocity_parameter=-0.646667 status=outer_limit: trajectory reached the configured outer_limit radius
velocity row 21/120 IC 304/599 x0=0.793785 velocity_parameter=-0.6305 elapsed=20.1686s written=9
  crossing 0/250
  stopped velocity row 21 IC 304 x0=0.793785 velocity_parameter=-0.6305 status=collision: trajectory reached the configured collision radius
velocity row 21/120 IC 314/599 x0=0.800964 velocity_parameter=-0.6305 elapsed=20.5066s written=9
  crossing 0/250
  stopped velocity row 21 IC 314 x0=0.800964 velocity_parameter=-0.6305 status=outer_limit: trajectory reached the configured outer_limit radius
velocity row 21/120 IC 322/599 x0=0.806707 velocity_parameter=-0.6305 elapsed=20.5413s written=9
  crossing 0/250
  stopped velocity row 21 IC 322 x0=0.806707 velocity_parameter=-0.6305 status=outer_limit: trajectory reached the configured outer_limit radius
velocity row 22/120 IC 304/599 x0=0.793785 velocity_parameter=-0.614333 elapsed=20.5449s written=9
  crossing 0/250
  stopped velocity row 22 IC 304 x0=0.793785 velocity_parameter=-0.614333 status=collision: trajectory reached the configured collision radius
velocity row 22/120 IC 314/599 x0=0.800964 velocity_parameter=-0.614333 elapsed=20.8057s written=10
  crossing 0/250
  stopped velocity row 22 IC 314 x0=0.800964 velocity_parameter=-0.614333 status=outer_limit: trajectory reached the configured outer_limit radius
velocity row 22/120 IC 322/599 x0=0.806707 velocity_parameter=-0.614333 elapsed=20.8402s written=10
  crossing 0/250
  stopped velocity row 22 IC 322 x0=0.806707 velocity_parameter=-0.614333 status=outer_limit: trajectory reached the configured outer_limit radius
velocity row 23/120 IC 304/599 x0=0.793785 velocity_parameter=-0.598167 elapsed=20.8458s written=10
  crossing 0/250
  stopped velocity row 23 IC 304 x0=0.793785 velocity_parameter=-0.598167 status=collision: trajectory reached the configured collision radius
velocity row 23/120 IC 314/599 x0=0.800964 velocity_parameter=-0.598167 elapsed=21.0185s written=11
  crossing 0/250
  stopped velocity row 23 IC 314 x0=0.800964 velocity_parameter=-0.598167 status=outer_limit: trajectory reached the configured outer_limit radius
velocity row 23/120 IC 322/599 x0=0.806707 velocity_parameter=-0.598167 elapsed=21.0472s written=11
  crossing 0/250
  stopped velocity row 23 IC 322 x0=0.806707 velocity_parameter=-0.598167 status=outer_limit: trajectory reached the configured outer_limit radius
velocity row 24/120 IC 304/599 x0=0.793785 velocity_parameter=-0.582 elapsed=21.0505s written=11
  crossing 0/250
  stopped velocity row 24 IC 304 x0=0.793785 velocity_parameter=-0.582 status=collision: trajectory reached the configured collision radius
velocity row 24/120 IC 314/599 x0=0.800964 velocity_parameter=-0.582 elapsed=21.2254s written=12
  crossing 0/250
  stopped velocity row 24 IC 314 x0=0.800964 velocity_parameter=-0.582 status=outer_limit: trajectory reached the configured outer_limit radius
velocity row 24/120 IC 322/599 x0=0.806707 velocity_parameter=-0.582 elapsed=21.257s written=12
  crossing 0/250
  stopped velocity row 24 IC 322 x0=0.806707 velocity_parameter=-0.582 status=outer_limit: trajectory reached the configured outer_limit radius
velocity row 25/120 IC 304/599 x0=0.793785 velocity_parameter=-0.565833 elapsed=21.2602s written=12
  crossing 0/250
  stopped velocity row 25 IC 304 x0=0.793785 velocity_parameter=-0.565833 status=collision: trajectory reached the configured collision radius
velocity row 25/120 IC 314/599 x0=0.800964 velocity_parameter=-0.565833 elapsed=21.4439s written=13
  crossing 0/250
  stopped velocity row 25 IC 314 x0=0.800964 velocity_parameter=-0.565833 status=outer_limit: trajectory reached the configured outer_limit radius
velocity row 25/120 IC 322/599 x0=0.806707 velocity_parameter=-0.565833 elapsed=21.4728s written=13
  crossing 0/250
  stopped velocity row 25 IC 322 x0=0.806707 velocity_parameter=-0.565833 status=outer_limit: trajectory reached the configured outer_limit radius
velocity row 26/120 IC 304/599 x0=0.793785 velocity_parameter=-0.549667 elapsed=21.4759s written=13
  crossing 0/250
  stopped velocity row 26 IC 304 x0=0.793785 velocity_parameter=-0.549667 status=collision: trajectory reached the configured collision radius
velocity row 26/120 IC 314/599 x0=0.800964 velocity_parameter=-0.549667 elapsed=21.5891s written=14
  crossing 0/250
  stopped velocity row 26 IC 314 x0=0.800964 velocity_parameter=-0.549667 status=outer_limit: trajectory reached the configured outer_limit radius
velocity row 26/120 IC 322/599 x0=0.806707 velocity_parameter=-0.549667 elapsed=21.618s written=14
  crossing 0/250
  stopped velocity row 26 IC 322 x0=0.806707 velocity_parameter=-0.549667 status=outer_limit: trajectory reached the configured outer_limit radius
velocity row 27/120 IC 304/599 x0=0.793785 velocity_parameter=-0.5335 elapsed=21.621s written=14
  crossing 0/250
  stopped velocity row 27 IC 304 x0=0.793785 velocity_parameter=-0.5335 status=outer_limit: trajectory reached the configured outer_limit radius
velocity row 27/120 IC 314/599 x0=0.800964 velocity_parameter=-0.5335 elapsed=21.663s written=14
  crossing 0/250
  stopped velocity row 27 IC 314 x0=0.800964 velocity_parameter=-0.5335 status=outer_limit: trajectory reached the configured outer_limit radius
velocity row 27/120 IC 322/599 x0=0.806707 velocity_parameter=-0.5335 elapsed=21.6958s written=14
  crossing 0/250
  stopped velocity row 27 IC 322 x0=0.806707 velocity_parameter=-0.5335 status=outer_limit: trajectory reached the configured outer_limit radius
velocity row 28/120 IC 304/599 x0=0.793785 velocity_parameter=-0.517333 elapsed=21.7005s written=14
  crossing 0/250
  stopped velocity row 28 IC 304 x0=0.793785 velocity_parameter=-0.517333 status=outer_limit: trajectory reached the configured outer_limit radius
velocity row 28/120 IC 314/599 x0=0.800964 velocity_parameter=-0.517333 elapsed=21.7458s written=14
  crossing 0/250
  stopped velocity row 28 IC 314 x0=0.800964 velocity_parameter=-0.517333 status=outer_limit: trajectory reached the configured outer_limit radius
velocity row 28/120 IC 322/599 x0=0.806707 velocity_parameter=-0.517333 elapsed=21.78s written=14
  crossing 0/250
  stopped velocity row 28 IC 322 x0=0.806707 velocity_parameter=-0.517333 status=outer_limit: trajectory reached the configured outer_limit radius
velocity row 29/120 IC 304/599 x0=0.793785 velocity_parameter=-0.501167 elapsed=21.783s written=14
  crossing 0/250
  stopped velocity row 29 IC 304 x0=0.793785 velocity_parameter=-0.501167 status=outer_limit: trajectory reached the configured outer_limit radius
velocity row 29/120 IC 314/599 x0=0.800964 velocity_parameter=-0.501167 elapsed=21.8263s written=14
  crossing 0/250
  stopped velocity row 29 IC 314 x0=0.800964 velocity_parameter=-0.501167 status=outer_limit: trajectory reached the configured outer_limit radius
velocity row 29/120 IC 322/599 x0=0.806707 velocity_parameter=-0.501167 elapsed=21.858s written=14
  crossing 0/250
  stopped velocity row 29 IC 322 x0=0.806707 velocity_parameter=-0.501167 status=outer_limit: trajectory reached the configured outer_limit radius
velocity row 30/120 IC 304/599 x0=0.793785 velocity_parameter=-0.485 elapsed=21.8629s written=14
  crossing 0/250
  stopped velocity row 30 IC 304 x0=0.793785 velocity_parameter=-0.485 status=outer_limit: trajectory reached the configured outer_limit radius
velocity row 30/120 IC 314/599 x0=0.800964 velocity_parameter=-0.485 elapsed=21.9094s written=14
  crossing 0/250
  stopped velocity row 30 IC 314 x0=0.800964 velocity_parameter=-0.485 status=outer_limit: trajectory reached the configured outer_limit radius
velocity row 30/120 IC 322/599 x0=0.806707 velocity_parameter=-0.485 elapsed=21.942s written=14
  crossing 0/250
  stopped velocity row 30 IC 322 x0=0.806707 velocity_parameter=-0.485 status=outer_limit: trajectory reached the configured outer_limit radius
velocity row 31/120 IC 304/599 x0=0.793785 velocity_parameter=-0.468833 elapsed=21.9454s written=14
  crossing 0/250
  stopped velocity row 31 IC 304 x0=0.793785 velocity_parameter=-0.468833 status=outer_limit: trajectory reached the configured outer_limit radius
velocity row 31/120 IC 314/599 x0=0.800964 velocity_parameter=-0.468833 elapsed=21.9846s written=14
  crossing 0/250
  stopped velocity row 31 IC 314 x0=0.800964 velocity_parameter=-0.468833 status=outer_limit: trajectory reached the configured outer_limit radius
velocity row 31/120 IC 322/599 x0=0.806707 velocity_parameter=-0.468833 elapsed=22.0111s written=14
  crossing 0/250
  stopped velocity row 31 IC 322 x0=0.806707 velocity_parameter=-0.468833 status=outer_limit: trajectory reached the configured outer_limit radius
velocity row 32/120 IC 304/599 x0=0.793785 velocity_parameter=-0.452667 elapsed=22.0139s written=14
  crossing 0/250
  stopped velocity row 32 IC 304 x0=0.793785 velocity_parameter=-0.452667 status=outer_limit: trajectory reached the configured outer_limit radius
velocity row 32/120 IC 314/599 x0=0.800964 velocity_parameter=-0.452667 elapsed=22.0535s written=14
  crossing 0/250
  stopped velocity row 32 IC 314 x0=0.800964 velocity_parameter=-0.452667 status=outer_limit: trajectory reached the configured outer_limit radius
velocity row 32/120 IC 322/599 x0=0.806707 velocity_parameter=-0.452667 elapsed=22.077s written=14
  crossing 0/250
  stopped velocity row 32 IC 322 x0=0.806707 velocity_parameter=-0.452667 status=outer_limit: trajectory reached the configured outer_limit radius
velocity row 33/120 IC 304/599 x0=0.793785 velocity_parameter=-0.4365 elapsed=22.082s written=14
  crossing 0/250
  stopped velocity row 33 IC 304 x0=0.793785 velocity_parameter=-0.4365 status=outer_limit: trajectory reached the configured outer_limit radius
velocity row 33/120 IC 314/599 x0=0.800964 velocity_parameter=-0.4365 elapsed=22.1211s written=14
  crossing 0/250
  stopped velocity row 33 IC 314 x0=0.800964 velocity_parameter=-0.4365 status=outer_limit: trajectory reached the configured outer_limit radius
velocity row 33/120 IC 322/599 x0=0.806707 velocity_parameter=-0.4365 elapsed=22.1483s written=14
  crossing 0/250
  stopped velocity row 33 IC 322 x0=0.806707 velocity_parameter=-0.4365 status=outer_limit: trajectory reached the configured outer_limit radius
velocity row 34/120 IC 304/599 x0=0.793785 velocity_parameter=-0.420333 elapsed=22.1512s written=14
  crossing 0/250
  stopped velocity row 34 IC 304 x0=0.793785 velocity_parameter=-0.420333 status=outer_limit: trajectory reached the configured outer_limit radius
velocity row 34/120 IC 314/599 x0=0.800964 velocity_parameter=-0.420333 elapsed=22.1942s written=14
  crossing 0/250
  stopped velocity row 34 IC 314 x0=0.800964 velocity_parameter=-0.420333 status=outer_limit: trajectory reached the configured outer_limit radius
velocity row 34/120 IC 322/599 x0=0.806707 velocity_parameter=-0.420333 elapsed=22.2289s written=14
  crossing 0/250
  stopped velocity row 34 IC 322 x0=0.806707 velocity_parameter=-0.420333 status=outer_limit: trajectory reached the configured outer_limit radius
velocity row 35/120 IC 304/599 x0=0.793785 velocity_parameter=-0.404167 elapsed=22.2337s written=14
  crossing 0/250
  stopped velocity row 35 IC 304 x0=0.793785 velocity_parameter=-0.404167 status=outer_limit: trajectory reached the configured outer_limit radius
velocity row 35/120 IC 314/599 x0=0.800964 velocity_parameter=-0.404167 elapsed=22.2659s written=14
  crossing 0/250
  stopped velocity row 35 IC 314 x0=0.800964 velocity_parameter=-0.404167 status=outer_limit: trajectory reached the configured outer_limit radius
velocity row 35/120 IC 322/599 x0=0.806707 velocity_parameter=-0.404167 elapsed=22.2884s written=14
  crossing 0/250
  stopped velocity row 35 IC 322 x0=0.806707 velocity_parameter=-0.404167 status=outer_limit: trajectory reached the configured outer_limit radius
velocity row 36/120 IC 304/599 x0=0.793785 velocity_parameter=-0.388 elapsed=22.2918s written=14
  crossing 0/250
  stopped velocity row 36 IC 304 x0=0.793785 velocity_parameter=-0.388 status=outer_limit: trajectory reached the configured outer_limit radius
velocity row 36/120 IC 314/599 x0=0.800964 velocity_parameter=-0.388 elapsed=22.3259s written=14
  crossing 0/250
  stopped velocity row 36 IC 314 x0=0.800964 velocity_parameter=-0.388 status=outer_limit: trajectory reached the configured outer_limit radius
velocity row 36/120 IC 322/599 x0=0.806707 velocity_parameter=-0.388 elapsed=22.3555s written=14
  crossing 0/250
  stopped velocity row 36 IC 322 x0=0.806707 velocity_parameter=-0.388 status=outer_limit: trajectory reached the configured outer_limit radius
velocity row 37/120 IC 304/599 x0=0.793785 velocity_parameter=-0.371833 elapsed=22.3587s written=14
  crossing 0/250
  stopped velocity row 37 IC 304 x0=0.793785 velocity_parameter=-0.371833 status=outer_limit: trajectory reached the configured outer_limit radius
velocity row 37/120 IC 314/599 x0=0.800964 velocity_parameter=-0.371833 elapsed=22.4s written=14
  crossing 0/250
  stopped velocity row 37 IC 314 x0=0.800964 velocity_parameter=-0.371833 status=outer_limit: trajectory reached the configured outer_limit radius
velocity row 37/120 IC 322/599 x0=0.806707 velocity_parameter=-0.371833 elapsed=22.4267s written=14
  crossing 0/250
  stopped velocity row 37 IC 322 x0=0.806707 velocity_parameter=-0.371833 status=outer_limit: trajectory reached the configured outer_limit radius
velocity row 38/120 IC 304/599 x0=0.793785 velocity_parameter=-0.355667 elapsed=22.4294s written=14
  crossing 0/250
  stopped velocity row 38 IC 304 x0=0.793785 velocity_parameter=-0.355667 status=outer_limit: trajectory reached the configured outer_limit radius
velocity row 38/120 IC 314/599 x0=0.800964 velocity_parameter=-0.355667 elapsed=22.4609s written=14
  crossing 0/250
  stopped velocity row 38 IC 314 x0=0.800964 velocity_parameter=-0.355667 status=outer_limit: trajectory reached the configured outer_limit radius
velocity row 38/120 IC 322/599 x0=0.806707 velocity_parameter=-0.355667 elapsed=22.4948s written=14
  crossing 0/250
  stopped velocity row 38 IC 322 x0=0.806707 velocity_parameter=-0.355667 status=outer_limit: trajectory reached the configured outer_limit radius
velocity row 39/120 IC 304/599 x0=0.793785 velocity_parameter=-0.3395 elapsed=22.4981s written=14
  crossing 0/250
  stopped velocity row 39 IC 304 x0=0.793785 velocity_parameter=-0.3395 status=outer_limit: trajectory reached the configured outer_limit radius
velocity row 39/120 IC 314/599 x0=0.800964 velocity_parameter=-0.3395 elapsed=22.5324s written=14
  crossing 0/250
  stopped velocity row 39 IC 314 x0=0.800964 velocity_parameter=-0.3395 status=outer_limit: trajectory reached the configured outer_limit radius
velocity row 39/120 IC 322/599 x0=0.806707 velocity_parameter=-0.3395 elapsed=22.5618s written=14
  crossing 0/250
  stopped velocity row 39 IC 322 x0=0.806707 velocity_parameter=-0.3395 status=outer_limit: trajectory reached the configured outer_limit radius
velocity row 40/120 IC 304/599 x0=0.793785 velocity_parameter=-0.323333 elapsed=22.5665s written=14
  crossing 0/250
  stopped velocity row 40 IC 304 x0=0.793785 velocity_parameter=-0.323333 status=outer_limit: trajectory reached the configured outer_limit radius
velocity row 40/120 IC 314/599 x0=0.800964 velocity_parameter=-0.323333 elapsed=22.6068s written=14
  crossing 0/250
  stopped velocity row 40 IC 314 x0=0.800964 velocity_parameter=-0.323333 status=outer_limit: trajectory reached the configured outer_limit radius
velocity row 40/120 IC 322/599 x0=0.806707 velocity_parameter=-0.323333 elapsed=22.6318s written=14
  crossing 0/250
  stopped velocity row 40 IC 322 x0=0.806707 velocity_parameter=-0.323333 status=outer_limit: trajectory reached the configured outer_limit radius
velocity row 41/120 IC 304/599 x0=0.793785 velocity_parameter=-0.307167 elapsed=22.6346s written=14
  crossing 0/250
  stopped velocity row 41 IC 304 x0=0.793785 velocity_parameter=-0.307167 status=outer_limit: trajectory reached the configured outer_limit radius
velocity row 41/120 IC 314/599 x0=0.800964 velocity_parameter=-0.307167 elapsed=22.6651s written=14
  crossing 0/250
  stopped velocity row 41 IC 314 x0=0.800964 velocity_parameter=-0.307167 status=outer_limit: trajectory reached the configured outer_limit radius
velocity row 41/120 IC 322/599 x0=0.806707 velocity_parameter=-0.307167 elapsed=22.6863s written=14
  crossing 0/250
  stopped velocity row 41 IC 322 x0=0.806707 velocity_parameter=-0.307167 status=outer_limit: trajectory reached the configured outer_limit radius
velocity row 42/120 IC 304/599 x0=0.793785 velocity_parameter=-0.291 elapsed=22.6904s written=14
  crossing 0/250
  stopped velocity row 42 IC 304 x0=0.793785 velocity_parameter=-0.291 status=outer_limit: trajectory reached the configured outer_limit radius
velocity row 42/120 IC 314/599 x0=0.800964 velocity_parameter=-0.291 elapsed=22.7242s written=14
  crossing 0/250
  stopped velocity row 42 IC 314 x0=0.800964 velocity_parameter=-0.291 status=outer_limit: trajectory reached the configured outer_limit radius
velocity row 42/120 IC 322/599 x0=0.806707 velocity_parameter=-0.291 elapsed=22.747s written=14
  crossing 0/250
  stopped velocity row 42 IC 322 x0=0.806707 velocity_parameter=-0.291 status=outer_limit: trajectory reached the configured outer_limit radius
velocity row 43/120 IC 304/599 x0=0.793785 velocity_parameter=-0.274833 elapsed=22.7503s written=14
  crossing 0/250
  stopped velocity row 43 IC 304 x0=0.793785 velocity_parameter=-0.274833 status=outer_limit: trajectory reached the configured outer_limit radius
velocity row 43/120 IC 314/599 x0=0.800964 velocity_parameter=-0.274833 elapsed=22.7837s written=14
  crossing 0/250
  stopped velocity row 43 IC 314 x0=0.800964 velocity_parameter=-0.274833 status=outer_limit: trajectory reached the configured outer_limit radius
velocity row 43/120 IC 322/599 x0=0.806707 velocity_parameter=-0.274833 elapsed=22.8116s written=14
  crossing 0/250
  stopped velocity row 43 IC 322 x0=0.806707 velocity_parameter=-0.274833 status=outer_limit: trajectory reached the configured outer_limit radius
velocity row 44/120 IC 304/599 x0=0.793785 velocity_parameter=-0.258667 elapsed=22.8143s written=14
  crossing 0/250
  stopped velocity row 44 IC 304 x0=0.793785 velocity_parameter=-0.258667 status=outer_limit: trajectory reached the configured outer_limit radius
velocity row 44/120 IC 314/599 x0=0.800964 velocity_parameter=-0.258667 elapsed=22.8446s written=14
  crossing 0/250
  stopped velocity row 44 IC 314 x0=0.800964 velocity_parameter=-0.258667 status=outer_limit: trajectory reached the configured outer_limit radius
velocity row 44/120 IC 322/599 x0=0.806707 velocity_parameter=-0.258667 elapsed=22.8712s written=14
  crossing 0/250
  stopped velocity row 44 IC 322 x0=0.806707 velocity_parameter=-0.258667 status=outer_limit: trajectory reached the configured outer_limit radius
velocity row 45/120 IC 304/599 x0=0.793785 velocity_parameter=-0.2425 elapsed=22.8748s written=14
  crossing 0/250
  stopped velocity row 45 IC 304 x0=0.793785 velocity_parameter=-0.2425 status=outer_limit: trajectory reached the configured outer_limit radius
velocity row 45/120 IC 314/599 x0=0.800964 velocity_parameter=-0.2425 elapsed=22.9143s written=14
  crossing 0/250
  stopped velocity row 45 IC 314 x0=0.800964 velocity_parameter=-0.2425 status=outer_limit: trajectory reached the configured outer_limit radius
velocity row 45/120 IC 322/599 x0=0.806707 velocity_parameter=-0.2425 elapsed=22.938s written=14
  crossing 0/250
  stopped velocity row 45 IC 322 x0=0.806707 velocity_parameter=-0.2425 status=outer_limit: trajectory reached the configured outer_limit radius
velocity row 46/120 IC 304/599 x0=0.793785 velocity_parameter=-0.226333 elapsed=22.941s written=14
  crossing 0/250
  stopped velocity row 46 IC 304 x0=0.793785 velocity_parameter=-0.226333 status=outer_limit: trajectory reached the configured outer_limit radius
velocity row 46/120 IC 314/599 x0=0.800964 velocity_parameter=-0.226333 elapsed=22.9721s written=14
  crossing 0/250
  stopped velocity row 46 IC 314 x0=0.800964 velocity_parameter=-0.226333 status=outer_limit: trajectory reached the configured outer_limit radius
velocity row 46/120 IC 322/599 x0=0.806707 velocity_parameter=-0.226333 elapsed=22.9937s written=14
  crossing 0/250
  stopped velocity row 46 IC 322 x0=0.806707 velocity_parameter=-0.226333 status=outer_limit: trajectory reached the configured outer_limit radius
velocity row 47/120 IC 304/599 x0=0.793785 velocity_parameter=-0.210167 elapsed=22.9964s written=14
  crossing 0/250
  stopped velocity row 47 IC 304 x0=0.793785 velocity_parameter=-0.210167 status=outer_limit: trajectory reached the configured outer_limit radius
velocity row 47/120 IC 314/599 x0=0.800964 velocity_parameter=-0.210167 elapsed=23.0346s written=14
  crossing 0/250
  stopped velocity row 47 IC 314 x0=0.800964 velocity_parameter=-0.210167 status=outer_limit: trajectory reached the configured outer_limit radius
velocity row 47/120 IC 322/599 x0=0.806707 velocity_parameter=-0.210167 elapsed=23.0613s written=14
  crossing 0/250
  stopped velocity row 47 IC 322 x0=0.806707 velocity_parameter=-0.210167 status=outer_limit: trajectory reached the configured outer_limit radius
velocity row 48/120 IC 304/599 x0=0.793785 velocity_parameter=-0.194 elapsed=23.0639s written=14
  crossing 0/250
  stopped velocity row 48 IC 304 x0=0.793785 velocity_parameter=-0.194 status=outer_limit: trajectory reached the configured outer_limit radius
velocity row 48/120 IC 314/599 x0=0.800964 velocity_parameter=-0.194 elapsed=23.0953s written=14
  crossing 0/250
  stopped velocity row 48 IC 314 x0=0.800964 velocity_parameter=-0.194 status=outer_limit: trajectory reached the configured outer_limit radius
velocity row 48/120 IC 322/599 x0=0.806707 velocity_parameter=-0.194 elapsed=23.1199s written=14
  crossing 0/250
  stopped velocity row 48 IC 322 x0=0.806707 velocity_parameter=-0.194 status=outer_limit: trajectory reached the configured outer_limit radius
velocity row 49/120 IC 304/599 x0=0.793785 velocity_parameter=-0.177833 elapsed=23.1228s written=14
  crossing 0/250
  stopped velocity row 49 IC 304 x0=0.793785 velocity_parameter=-0.177833 status=outer_limit: trajectory reached the configured outer_limit radius
velocity row 49/120 IC 314/599 x0=0.800964 velocity_parameter=-0.177833 elapsed=23.1593s written=14
  crossing 0/250
  stopped velocity row 49 IC 314 x0=0.800964 velocity_parameter=-0.177833 status=outer_limit: trajectory reached the configured outer_limit radius
velocity row 49/120 IC 322/599 x0=0.806707 velocity_parameter=-0.177833 elapsed=23.183s written=14
  crossing 0/250
  stopped velocity row 49 IC 322 x0=0.806707 velocity_parameter=-0.177833 status=outer_limit: trajectory reached the configured outer_limit radius
velocity row 50/120 IC 304/599 x0=0.793785 velocity_parameter=-0.161667 elapsed=23.1855s written=14
  crossing 0/250
  stopped velocity row 50 IC 304 x0=0.793785 velocity_parameter=-0.161667 status=outer_limit: trajectory reached the configured outer_limit radius
velocity row 50/120 IC 314/599 x0=0.800964 velocity_parameter=-0.161667 elapsed=23.2149s written=14
  crossing 0/250
  stopped velocity row 50 IC 314 x0=0.800964 velocity_parameter=-0.161667 status=outer_limit: trajectory reached the configured outer_limit radius
velocity row 50/120 IC 322/599 x0=0.806707 velocity_parameter=-0.161667 elapsed=23.2363s written=14
  crossing 0/250
  stopped velocity row 50 IC 322 x0=0.806707 velocity_parameter=-0.161667 status=outer_limit: trajectory reached the configured outer_limit radius
velocity row 51/120 IC 304/599 x0=0.793785 velocity_parameter=-0.1455 elapsed=23.2393s written=14
  crossing 0/250
  stopped velocity row 51 IC 304 x0=0.793785 velocity_parameter=-0.1455 status=outer_limit: trajectory reached the configured outer_limit radius
velocity row 51/120 IC 314/599 x0=0.800964 velocity_parameter=-0.1455 elapsed=23.2726s written=14
  crossing 0/250
  stopped velocity row 51 IC 314 x0=0.800964 velocity_parameter=-0.1455 status=outer_limit: trajectory reached the configured outer_limit radius
velocity row 51/120 IC 322/599 x0=0.806707 velocity_parameter=-0.1455 elapsed=23.2947s written=14
  crossing 0/250
  stopped velocity row 51 IC 322 x0=0.806707 velocity_parameter=-0.1455 status=outer_limit: trajectory reached the configured outer_limit radius
velocity row 52/120 IC 304/599 x0=0.793785 velocity_parameter=-0.129333 elapsed=23.2975s written=14
  crossing 0/250
  stopped velocity row 52 IC 304 x0=0.793785 velocity_parameter=-0.129333 status=outer_limit: trajectory reached the configured outer_limit radius
velocity row 52/120 IC 314/599 x0=0.800964 velocity_parameter=-0.129333 elapsed=23.3296s written=14
  crossing 0/250
  stopped velocity row 52 IC 314 x0=0.800964 velocity_parameter=-0.129333 status=outer_limit: trajectory reached the configured outer_limit radius
velocity row 52/120 IC 322/599 x0=0.806707 velocity_parameter=-0.129333 elapsed=23.3523s written=14
  crossing 0/250
  stopped velocity row 52 IC 322 x0=0.806707 velocity_parameter=-0.129333 status=outer_limit: trajectory reached the configured outer_limit radius
velocity row 53/120 IC 304/599 x0=0.793785 velocity_parameter=-0.113167 elapsed=23.3566s written=14
  crossing 0/250
  stopped velocity row 53 IC 304 x0=0.793785 velocity_parameter=-0.113167 status=outer_limit: trajectory reached the configured outer_limit radius
velocity row 53/120 IC 314/599 x0=0.800964 velocity_parameter=-0.113167 elapsed=23.3838s written=14
  crossing 0/250
  stopped velocity row 53 IC 314 x0=0.800964 velocity_parameter=-0.113167 status=outer_limit: trajectory reached the configured outer_limit radius
velocity row 53/120 IC 322/599 x0=0.806707 velocity_parameter=-0.113167 elapsed=23.4131s written=14
  crossing 0/250
  stopped velocity row 53 IC 322 x0=0.806707 velocity_parameter=-0.113167 status=outer_limit: trajectory reached the configured outer_limit radius
velocity row 54/120 IC 304/599 x0=0.793785 velocity_parameter=-0.097 elapsed=23.416s written=14
  crossing 0/250
  stopped velocity row 54 IC 304 x0=0.793785 velocity_parameter=-0.097 status=outer_limit: trajectory reached the configured outer_limit radius
velocity row 54/120 IC 314/599 x0=0.800964 velocity_parameter=-0.097 elapsed=23.4459s written=14
  crossing 0/250
  stopped velocity row 54 IC 314 x0=0.800964 velocity_parameter=-0.097 status=outer_limit: trajectory reached the configured outer_limit radius
velocity row 54/120 IC 322/599 x0=0.806707 velocity_parameter=-0.097 elapsed=23.4717s written=14
  crossing 0/250
  stopped velocity row 54 IC 322 x0=0.806707 velocity_parameter=-0.097 status=outer_limit: trajectory reached the configured outer_limit radius
velocity row 55/120 IC 304/599 x0=0.793785 velocity_parameter=-0.0808333 elapsed=23.4758s written=14
  crossing 0/250
  stopped velocity row 55 IC 304 x0=0.793785 velocity_parameter=-0.0808333 status=outer_limit: trajectory reached the configured outer_limit radius
velocity row 55/120 IC 314/599 x0=0.800964 velocity_parameter=-0.0808333 elapsed=23.5076s written=14
  crossing 0/250
  stopped velocity row 55 IC 314 x0=0.800964 velocity_parameter=-0.0808333 status=outer_limit: trajectory reached the configured outer_limit radius
velocity row 55/120 IC 322/599 x0=0.806707 velocity_parameter=-0.0808333 elapsed=23.5315s written=14
  crossing 0/250
  stopped velocity row 55 IC 322 x0=0.806707 velocity_parameter=-0.0808333 status=outer_limit: trajectory reached the configured outer_limit radius
velocity row 56/120 IC 304/599 x0=0.793785 velocity_parameter=-0.0646667 elapsed=23.5342s written=14
  crossing 0/250
  stopped velocity row 56 IC 304 x0=0.793785 velocity_parameter=-0.0646667 status=outer_limit: trajectory reached the configured outer_limit radius
velocity row 56/120 IC 314/599 x0=0.800964 velocity_parameter=-0.0646667 elapsed=23.5655s written=14
  crossing 0/250
  stopped velocity row 56 IC 314 x0=0.800964 velocity_parameter=-0.0646667 status=outer_limit: trajectory reached the configured outer_limit radius
velocity row 56/120 IC 322/599 x0=0.806707 velocity_parameter=-0.0646667 elapsed=23.5906s written=14
  crossing 0/250
  stopped velocity row 56 IC 322 x0=0.806707 velocity_parameter=-0.0646667 status=outer_limit: trajectory reached the configured outer_limit radius
velocity row 57/120 IC 304/599 x0=0.793785 velocity_parameter=-0.0485 elapsed=23.5931s written=14
  crossing 0/250
  stopped velocity row 57 IC 304 x0=0.793785 velocity_parameter=-0.0485 status=outer_limit: trajectory reached the configured outer_limit radius
velocity row 57/120 IC 314/599 x0=0.800964 velocity_parameter=-0.0485 elapsed=23.6297s written=14
  crossing 0/250
  stopped velocity row 57 IC 314 x0=0.800964 velocity_parameter=-0.0485 status=outer_limit: trajectory reached the configured outer_limit radius
velocity row 57/120 IC 322/599 x0=0.806707 velocity_parameter=-0.0485 elapsed=23.6579s written=14
  crossing 0/250
  stopped velocity row 57 IC 322 x0=0.806707 velocity_parameter=-0.0485 status=outer_limit: trajectory reached the configured outer_limit radius
velocity row 58/120 IC 304/599 x0=0.793785 velocity_parameter=-0.0323333 elapsed=23.6621s written=14
  crossing 0/250
  stopped velocity row 58 IC 304 x0=0.793785 velocity_parameter=-0.0323333 status=outer_limit: trajectory reached the configured outer_limit radius
velocity row 58/120 IC 314/599 x0=0.800964 velocity_parameter=-0.0323333 elapsed=23.6917s written=14
  crossing 0/250
  stopped velocity row 58 IC 314 x0=0.800964 velocity_parameter=-0.0323333 status=outer_limit: trajectory reached the configured outer_limit radius
velocity row 58/120 IC 322/599 x0=0.806707 velocity_parameter=-0.0323333 elapsed=23.7153s written=14
  crossing 0/250
  stopped velocity row 58 IC 322 x0=0.806707 velocity_parameter=-0.0323333 status=outer_limit: trajectory reached the configured outer_limit radius
velocity row 59/120 IC 304/599 x0=0.793785 velocity_parameter=-0.0161667 elapsed=23.718s written=14
  crossing 0/250
  stopped velocity row 59 IC 304 x0=0.793785 velocity_parameter=-0.0161667 status=outer_limit: trajectory reached the configured outer_limit radius
velocity row 59/120 IC 314/599 x0=0.800964 velocity_parameter=-0.0161667 elapsed=23.7474s written=14
  crossing 0/250
  stopped velocity row 59 IC 314 x0=0.800964 velocity_parameter=-0.0161667 status=outer_limit: trajectory reached the configured outer_limit radius
velocity row 59/120 IC 322/599 x0=0.806707 velocity_parameter=-0.0161667 elapsed=23.7735s written=14
  crossing 0/250
  stopped velocity row 59 IC 322 x0=0.806707 velocity_parameter=-0.0161667 status=outer_limit: trajectory reached the configured outer_limit radius
velocity row 60/120 IC 304/599 x0=0.793785 velocity_parameter=0 elapsed=23.7758s written=14
  crossing 0/250
  stopped velocity row 60 IC 304 x0=0.793785 velocity_parameter=0 status=outer_limit: trajectory reached the configured outer_limit radius
velocity row 60/120 IC 314/599 x0=0.800964 velocity_parameter=0 elapsed=23.8011s written=14
  crossing 0/250
  stopped velocity row 60 IC 314 x0=0.800964 velocity_parameter=0 status=outer_limit: trajectory reached the configured outer_limit radius
velocity row 60/120 IC 322/599 x0=0.806707 velocity_parameter=0 elapsed=23.8221s written=14
  crossing 0/250
  stopped velocity row 60 IC 322 x0=0.806707 velocity_parameter=0 status=outer_limit: trajectory reached the configured outer_limit radius
velocity row 61/120 IC 304/599 x0=0.793785 velocity_parameter=0.0161667 elapsed=23.8247s written=14
  crossing 0/250
  stopped velocity row 61 IC 304 x0=0.793785 velocity_parameter=0.0161667 status=outer_limit: trajectory reached the configured outer_limit radius
velocity row 61/120 IC 314/599 x0=0.800964 velocity_parameter=0.0161667 elapsed=23.851s written=14
  crossing 0/250
  stopped velocity row 61 IC 314 x0=0.800964 velocity_parameter=0.0161667 status=outer_limit: trajectory reached the configured outer_limit radius
velocity row 61/120 IC 322/599 x0=0.806707 velocity_parameter=0.0161667 elapsed=23.8724s written=14
  crossing 0/250
  stopped velocity row 61 IC 322 x0=0.806707 velocity_parameter=0.0161667 status=outer_limit: trajectory reached the configured outer_limit radius
velocity row 62/120 IC 304/599 x0=0.793785 velocity_parameter=0.0323333 elapsed=23.875s written=14
  crossing 0/250
  stopped velocity row 62 IC 304 x0=0.793785 velocity_parameter=0.0323333 status=outer_limit: trajectory reached the configured outer_limit radius
velocity row 62/120 IC 314/599 x0=0.800964 velocity_parameter=0.0323333 elapsed=23.9079s written=14
  crossing 0/250
  stopped velocity row 62 IC 314 x0=0.800964 velocity_parameter=0.0323333 status=outer_limit: trajectory reached the configured outer_limit radius
velocity row 62/120 IC 322/599 x0=0.806707 velocity_parameter=0.0323333 elapsed=23.929s written=14
  crossing 0/250
  stopped velocity row 62 IC 322 x0=0.806707 velocity_parameter=0.0323333 status=outer_limit: trajectory reached the configured outer_limit radius
velocity row 63/120 IC 304/599 x0=0.793785 velocity_parameter=0.0485 elapsed=23.9317s written=14
  crossing 0/250
  stopped velocity row 63 IC 304 x0=0.793785 velocity_parameter=0.0485 status=outer_limit: trajectory reached the configured outer_limit radius
velocity row 63/120 IC 314/599 x0=0.800964 velocity_parameter=0.0485 elapsed=23.9675s written=14
  crossing 0/250
  stopped velocity row 63 IC 314 x0=0.800964 velocity_parameter=0.0485 status=outer_limit: trajectory reached the configured outer_limit radius
velocity row 63/120 IC 322/599 x0=0.806707 velocity_parameter=0.0485 elapsed=23.9937s written=14
  crossing 0/250
  stopped velocity row 63 IC 322 x0=0.806707 velocity_parameter=0.0485 status=outer_limit: trajectory reached the configured outer_limit radius
velocity row 64/120 IC 304/599 x0=0.793785 velocity_parameter=0.0646667 elapsed=23.9961s written=14
  crossing 0/250
  stopped velocity row 64 IC 304 x0=0.793785 velocity_parameter=0.0646667 status=outer_limit: trajectory reached the configured outer_limit radius
velocity row 64/120 IC 314/599 x0=0.800964 velocity_parameter=0.0646667 elapsed=24.027s written=14
  crossing 0/250
  stopped velocity row 64 IC 314 x0=0.800964 velocity_parameter=0.0646667 status=outer_limit: trajectory reached the configured outer_limit radius
velocity row 64/120 IC 322/599 x0=0.806707 velocity_parameter=0.0646667 elapsed=24.0504s written=14
  crossing 0/250
  stopped velocity row 64 IC 322 x0=0.806707 velocity_parameter=0.0646667 status=outer_limit: trajectory reached the configured outer_limit radius
velocity row 65/120 IC 304/599 x0=0.793785 velocity_parameter=0.0808333 elapsed=24.0529s written=14
  crossing 0/250
  stopped velocity row 65 IC 304 x0=0.793785 velocity_parameter=0.0808333 status=outer_limit: trajectory reached the configured outer_limit radius
velocity row 65/120 IC 314/599 x0=0.800964 velocity_parameter=0.0808333 elapsed=24.0854s written=14
  crossing 0/250
  stopped velocity row 65 IC 314 x0=0.800964 velocity_parameter=0.0808333 status=outer_limit: trajectory reached the configured outer_limit radius
velocity row 65/120 IC 322/599 x0=0.806707 velocity_parameter=0.0808333 elapsed=24.1078s written=14
  crossing 0/250
  stopped velocity row 65 IC 322 x0=0.806707 velocity_parameter=0.0808333 status=outer_limit: trajectory reached the configured outer_limit radius
velocity row 66/120 IC 304/599 x0=0.793785 velocity_parameter=0.097 elapsed=24.1116s written=14
  crossing 0/250
  stopped velocity row 66 IC 304 x0=0.793785 velocity_parameter=0.097 status=outer_limit: trajectory reached the configured outer_limit radius
velocity row 66/120 IC 314/599 x0=0.800964 velocity_parameter=0.097 elapsed=24.1405s written=14
  crossing 0/250
  stopped velocity row 66 IC 314 x0=0.800964 velocity_parameter=0.097 status=outer_limit: trajectory reached the configured outer_limit radius
velocity row 66/120 IC 322/599 x0=0.806707 velocity_parameter=0.097 elapsed=24.1633s written=14
  crossing 0/250
  stopped velocity row 66 IC 322 x0=0.806707 velocity_parameter=0.097 status=outer_limit: trajectory reached the configured outer_limit radius
velocity row 67/120 IC 304/599 x0=0.793785 velocity_parameter=0.113167 elapsed=24.1661s written=14
  crossing 0/250
  stopped velocity row 67 IC 304 x0=0.793785 velocity_parameter=0.113167 status=outer_limit: trajectory reached the configured outer_limit radius
velocity row 67/120 IC 314/599 x0=0.800964 velocity_parameter=0.113167 elapsed=24.1955s written=14
  crossing 0/250
  stopped velocity row 67 IC 314 x0=0.800964 velocity_parameter=0.113167 status=outer_limit: trajectory reached the configured outer_limit radius
velocity row 67/120 IC 322/599 x0=0.806707 velocity_parameter=0.113167 elapsed=24.2175s written=14
  crossing 0/250
  stopped velocity row 67 IC 322 x0=0.806707 velocity_parameter=0.113167 status=outer_limit: trajectory reached the configured outer_limit radius
velocity row 68/120 IC 304/599 x0=0.793785 velocity_parameter=0.129333 elapsed=24.2214s written=14
  crossing 0/250
  stopped velocity row 68 IC 304 x0=0.793785 velocity_parameter=0.129333 status=outer_limit: trajectory reached the configured outer_limit radius
velocity row 68/120 IC 314/599 x0=0.800964 velocity_parameter=0.129333 elapsed=24.2525s written=14
  crossing 0/250
  stopped velocity row 68 IC 314 x0=0.800964 velocity_parameter=0.129333 status=outer_limit: trajectory reached the configured outer_limit radius
velocity row 68/120 IC 322/599 x0=0.806707 velocity_parameter=0.129333 elapsed=24.2749s written=14
  crossing 0/250
  stopped velocity row 68 IC 322 x0=0.806707 velocity_parameter=0.129333 status=outer_limit: trajectory reached the configured outer_limit radius
velocity row 69/120 IC 304/599 x0=0.793785 velocity_parameter=0.1455 elapsed=24.2775s written=14
  crossing 0/250
  stopped velocity row 69 IC 304 x0=0.793785 velocity_parameter=0.1455 status=outer_limit: trajectory reached the configured outer_limit radius
velocity row 69/120 IC 314/599 x0=0.800964 velocity_parameter=0.1455 elapsed=24.31s written=14
  crossing 0/250
  stopped velocity row 69 IC 314 x0=0.800964 velocity_parameter=0.1455 status=outer_limit: trajectory reached the configured outer_limit radius
velocity row 69/120 IC 322/599 x0=0.806707 velocity_parameter=0.1455 elapsed=24.3312s written=14
  crossing 0/250
  stopped velocity row 69 IC 322 x0=0.806707 velocity_parameter=0.1455 status=outer_limit: trajectory reached the configured outer_limit radius
velocity row 70/120 IC 304/599 x0=0.793785 velocity_parameter=0.161667 elapsed=24.3338s written=14
  crossing 0/250
  stopped velocity row 70 IC 304 x0=0.793785 velocity_parameter=0.161667 status=outer_limit: trajectory reached the configured outer_limit radius
velocity row 70/120 IC 314/599 x0=0.800964 velocity_parameter=0.161667 elapsed=24.361s written=14
  crossing 0/250
  stopped velocity row 70 IC 314 x0=0.800964 velocity_parameter=0.161667 status=outer_limit: trajectory reached the configured outer_limit radius
velocity row 70/120 IC 322/599 x0=0.806707 velocity_parameter=0.161667 elapsed=24.381s written=14
  crossing 0/250
  stopped velocity row 70 IC 322 x0=0.806707 velocity_parameter=0.161667 status=outer_limit: trajectory reached the configured outer_limit radius
velocity row 71/120 IC 304/599 x0=0.793785 velocity_parameter=0.177833 elapsed=24.3832s written=14
  crossing 0/250
  stopped velocity row 71 IC 304 x0=0.793785 velocity_parameter=0.177833 status=outer_limit: trajectory reached the configured outer_limit radius
velocity row 71/120 IC 314/599 x0=0.800964 velocity_parameter=0.177833 elapsed=24.4111s written=14
  crossing 0/250
  stopped velocity row 71 IC 314 x0=0.800964 velocity_parameter=0.177833 status=outer_limit: trajectory reached the configured outer_limit radius
velocity row 71/120 IC 322/599 x0=0.806707 velocity_parameter=0.177833 elapsed=24.4327s written=14
  crossing 0/250
  stopped velocity row 71 IC 322 x0=0.806707 velocity_parameter=0.177833 status=outer_limit: trajectory reached the configured outer_limit radius
velocity row 72/120 IC 304/599 x0=0.793785 velocity_parameter=0.194 elapsed=24.4353s written=14
  crossing 0/250
  stopped velocity row 72 IC 304 x0=0.793785 velocity_parameter=0.194 status=outer_limit: trajectory reached the configured outer_limit radius
velocity row 72/120 IC 314/599 x0=0.800964 velocity_parameter=0.194 elapsed=24.4629s written=14
  crossing 0/250
  stopped velocity row 72 IC 314 x0=0.800964 velocity_parameter=0.194 status=outer_limit: trajectory reached the configured outer_limit radius
velocity row 72/120 IC 322/599 x0=0.806707 velocity_parameter=0.194 elapsed=24.4863s written=14
  crossing 0/250
  stopped velocity row 72 IC 322 x0=0.806707 velocity_parameter=0.194 status=outer_limit: trajectory reached the configured outer_limit radius
velocity row 73/120 IC 304/599 x0=0.793785 velocity_parameter=0.210167 elapsed=24.4885s written=14
  crossing 0/250
  stopped velocity row 73 IC 304 x0=0.793785 velocity_parameter=0.210167 status=outer_limit: trajectory reached the configured outer_limit radius
velocity row 73/120 IC 314/599 x0=0.800964 velocity_parameter=0.210167 elapsed=24.5179s written=14
  crossing 0/250
  stopped velocity row 73 IC 314 x0=0.800964 velocity_parameter=0.210167 status=outer_limit: trajectory reached the configured outer_limit radius
velocity row 73/120 IC 322/599 x0=0.806707 velocity_parameter=0.210167 elapsed=24.5394s written=14
  crossing 0/250
  stopped velocity row 73 IC 322 x0=0.806707 velocity_parameter=0.210167 status=outer_limit: trajectory reached the configured outer_limit radius
velocity row 74/120 IC 304/599 x0=0.793785 velocity_parameter=0.226333 elapsed=24.542s written=14
  crossing 0/250
  stopped velocity row 74 IC 304 x0=0.793785 velocity_parameter=0.226333 status=outer_limit: trajectory reached the configured outer_limit radius
velocity row 74/120 IC 314/599 x0=0.800964 velocity_parameter=0.226333 elapsed=24.571s written=14
  crossing 0/250
  stopped velocity row 74 IC 314 x0=0.800964 velocity_parameter=0.226333 status=outer_limit: trajectory reached the configured outer_limit radius
velocity row 74/120 IC 322/599 x0=0.806707 velocity_parameter=0.226333 elapsed=24.5893s written=14
  crossing 0/250
  stopped velocity row 74 IC 322 x0=0.806707 velocity_parameter=0.226333 status=outer_limit: trajectory reached the configured outer_limit radius
velocity row 75/120 IC 304/599 x0=0.793785 velocity_parameter=0.2425 elapsed=24.5916s written=14
  crossing 0/250
  stopped velocity row 75 IC 304 x0=0.793785 velocity_parameter=0.2425 status=outer_limit: trajectory reached the configured outer_limit radius
velocity row 75/120 IC 314/599 x0=0.800964 velocity_parameter=0.2425 elapsed=24.6156s written=14
  crossing 0/250
  stopped velocity row 75 IC 314 x0=0.800964 velocity_parameter=0.2425 status=outer_limit: trajectory reached the configured outer_limit radius
velocity row 75/120 IC 322/599 x0=0.806707 velocity_parameter=0.2425 elapsed=24.6351s written=14
  crossing 0/250
  stopped velocity row 75 IC 322 x0=0.806707 velocity_parameter=0.2425 status=outer_limit: trajectory reached the configured outer_limit radius
velocity row 76/120 IC 304/599 x0=0.793785 velocity_parameter=0.258667 elapsed=24.6372s written=14
  crossing 0/250
  stopped velocity row 76 IC 304 x0=0.793785 velocity_parameter=0.258667 status=outer_limit: trajectory reached the configured outer_limit radius
velocity row 76/120 IC 314/599 x0=0.800964 velocity_parameter=0.258667 elapsed=24.665s written=14
  crossing 0/250
  stopped velocity row 76 IC 314 x0=0.800964 velocity_parameter=0.258667 status=outer_limit: trajectory reached the configured outer_limit radius
velocity row 76/120 IC 322/599 x0=0.806707 velocity_parameter=0.258667 elapsed=24.6899s written=14
  crossing 0/250
  stopped velocity row 76 IC 322 x0=0.806707 velocity_parameter=0.258667 status=outer_limit: trajectory reached the configured outer_limit radius
velocity row 77/120 IC 304/599 x0=0.793785 velocity_parameter=0.274833 elapsed=24.6926s written=14
  crossing 0/250
  stopped velocity row 77 IC 304 x0=0.793785 velocity_parameter=0.274833 status=outer_limit: trajectory reached the configured outer_limit radius
velocity row 77/120 IC 314/599 x0=0.800964 velocity_parameter=0.274833 elapsed=24.7206s written=14
  crossing 0/250
  stopped velocity row 77 IC 314 x0=0.800964 velocity_parameter=0.274833 status=outer_limit: trajectory reached the configured outer_limit radius
velocity row 77/120 IC 322/599 x0=0.806707 velocity_parameter=0.274833 elapsed=24.7456s written=14
  crossing 0/250
  stopped velocity row 77 IC 322 x0=0.806707 velocity_parameter=0.274833 status=outer_limit: trajectory reached the configured outer_limit radius
velocity row 78/120 IC 304/599 x0=0.793785 velocity_parameter=0.291 elapsed=24.749s written=14
  crossing 0/250
  stopped velocity row 78 IC 304 x0=0.793785 velocity_parameter=0.291 status=outer_limit: trajectory reached the configured outer_limit radius
velocity row 78/120 IC 314/599 x0=0.800964 velocity_parameter=0.291 elapsed=24.7738s written=14
  crossing 0/250
  stopped velocity row 78 IC 314 x0=0.800964 velocity_parameter=0.291 status=outer_limit: trajectory reached the configured outer_limit radius
velocity row 78/120 IC 322/599 x0=0.806707 velocity_parameter=0.291 elapsed=24.7911s written=14
  crossing 0/250
  stopped velocity row 78 IC 322 x0=0.806707 velocity_parameter=0.291 status=outer_limit: trajectory reached the configured outer_limit radius
velocity row 79/120 IC 304/599 x0=0.793785 velocity_parameter=0.307167 elapsed=24.7934s written=14
  crossing 0/250
  stopped velocity row 79 IC 304 x0=0.793785 velocity_parameter=0.307167 status=outer_limit: trajectory reached the configured outer_limit radius
velocity row 79/120 IC 314/599 x0=0.800964 velocity_parameter=0.307167 elapsed=24.8202s written=14
  crossing 0/250
  stopped velocity row 79 IC 314 x0=0.800964 velocity_parameter=0.307167 status=outer_limit: trajectory reached the configured outer_limit radius
velocity row 79/120 IC 322/599 x0=0.806707 velocity_parameter=0.307167 elapsed=24.8418s written=14
  crossing 0/250
  stopped velocity row 79 IC 322 x0=0.806707 velocity_parameter=0.307167 status=outer_limit: trajectory reached the configured outer_limit radius
velocity row 80/120 IC 304/599 x0=0.793785 velocity_parameter=0.323333 elapsed=24.8439s written=14
  crossing 0/250
  stopped velocity row 80 IC 304 x0=0.793785 velocity_parameter=0.323333 status=outer_limit: trajectory reached the configured outer_limit radius
velocity row 80/120 IC 314/599 x0=0.800964 velocity_parameter=0.323333 elapsed=24.8715s written=14
  crossing 0/250
  stopped velocity row 80 IC 314 x0=0.800964 velocity_parameter=0.323333 status=outer_limit: trajectory reached the configured outer_limit radius
velocity row 80/120 IC 322/599 x0=0.806707 velocity_parameter=0.323333 elapsed=24.8935s written=14
  crossing 0/250
  stopped velocity row 80 IC 322 x0=0.806707 velocity_parameter=0.323333 status=outer_limit: trajectory reached the configured outer_limit radius
velocity row 81/120 IC 304/599 x0=0.793785 velocity_parameter=0.3395 elapsed=24.8957s written=14
  crossing 0/250
  stopped velocity row 81 IC 304 x0=0.793785 velocity_parameter=0.3395 status=outer_limit: trajectory reached the configured outer_limit radius
velocity row 81/120 IC 314/599 x0=0.800964 velocity_parameter=0.3395 elapsed=24.9199s written=14
  crossing 0/250
  stopped velocity row 81 IC 314 x0=0.800964 velocity_parameter=0.3395 status=outer_limit: trajectory reached the configured outer_limit radius
velocity row 81/120 IC 322/599 x0=0.806707 velocity_parameter=0.3395 elapsed=24.938s written=14
  crossing 0/250
  stopped velocity row 81 IC 322 x0=0.806707 velocity_parameter=0.3395 status=outer_limit: trajectory reached the configured outer_limit radius
velocity row 82/120 IC 304/599 x0=0.793785 velocity_parameter=0.355667 elapsed=24.9403s written=14
  crossing 0/250
  stopped velocity row 82 IC 304 x0=0.793785 velocity_parameter=0.355667 status=outer_limit: trajectory reached the configured outer_limit radius
velocity row 82/120 IC 314/599 x0=0.800964 velocity_parameter=0.355667 elapsed=24.9655s written=14
  crossing 0/250
  stopped velocity row 82 IC 314 x0=0.800964 velocity_parameter=0.355667 status=outer_limit: trajectory reached the configured outer_limit radius
velocity row 82/120 IC 322/599 x0=0.806707 velocity_parameter=0.355667 elapsed=24.9865s written=14
  crossing 0/250
  stopped velocity row 82 IC 322 x0=0.806707 velocity_parameter=0.355667 status=outer_limit: trajectory reached the configured outer_limit radius
velocity row 83/120 IC 304/599 x0=0.793785 velocity_parameter=0.371833 elapsed=24.9891s written=14
  crossing 0/250
  stopped velocity row 83 IC 304 x0=0.793785 velocity_parameter=0.371833 status=outer_limit: trajectory reached the configured outer_limit radius
velocity row 83/120 IC 314/599 x0=0.800964 velocity_parameter=0.371833 elapsed=25.0143s written=14
  crossing 0/250
  stopped velocity row 83 IC 314 x0=0.800964 velocity_parameter=0.371833 status=outer_limit: trajectory reached the configured outer_limit radius
velocity row 83/120 IC 322/599 x0=0.806707 velocity_parameter=0.371833 elapsed=25.0351s written=14
  crossing 0/250
  stopped velocity row 83 IC 322 x0=0.806707 velocity_parameter=0.371833 status=outer_limit: trajectory reached the configured outer_limit radius
velocity row 84/120 IC 304/599 x0=0.793785 velocity_parameter=0.388 elapsed=25.0375s written=14
  crossing 0/250
  stopped velocity row 84 IC 304 x0=0.793785 velocity_parameter=0.388 status=outer_limit: trajectory reached the configured outer_limit radius
velocity row 84/120 IC 314/599 x0=0.800964 velocity_parameter=0.388 elapsed=25.0687s written=14
  crossing 0/250
  stopped velocity row 84 IC 314 x0=0.800964 velocity_parameter=0.388 status=outer_limit: trajectory reached the configured outer_limit radius
velocity row 84/120 IC 322/599 x0=0.806707 velocity_parameter=0.388 elapsed=25.0868s written=14
  crossing 0/250
  stopped velocity row 84 IC 322 x0=0.806707 velocity_parameter=0.388 status=outer_limit: trajectory reached the configured outer_limit radius
velocity row 85/120 IC 304/599 x0=0.793785 velocity_parameter=0.404167 elapsed=25.0889s written=14
  crossing 0/250
  stopped velocity row 85 IC 304 x0=0.793785 velocity_parameter=0.404167 status=outer_limit: trajectory reached the configured outer_limit radius
velocity row 85/120 IC 314/599 x0=0.800964 velocity_parameter=0.404167 elapsed=25.1195s written=14
  crossing 0/250
  stopped velocity row 85 IC 314 x0=0.800964 velocity_parameter=0.404167 status=outer_limit: trajectory reached the configured outer_limit radius
velocity row 85/120 IC 322/599 x0=0.806707 velocity_parameter=0.404167 elapsed=25.1381s written=14
  crossing 0/250
  stopped velocity row 85 IC 322 x0=0.806707 velocity_parameter=0.404167 status=outer_limit: trajectory reached the configured outer_limit radius
velocity row 86/120 IC 304/599 x0=0.793785 velocity_parameter=0.420333 elapsed=25.1403s written=14
  crossing 0/250
  stopped velocity row 86 IC 304 x0=0.793785 velocity_parameter=0.420333 status=outer_limit: trajectory reached the configured outer_limit radius
velocity row 86/120 IC 314/599 x0=0.800964 velocity_parameter=0.420333 elapsed=25.1698s written=14
  crossing 0/250
  stopped velocity row 86 IC 314 x0=0.800964 velocity_parameter=0.420333 status=outer_limit: trajectory reached the configured outer_limit radius
velocity row 86/120 IC 322/599 x0=0.806707 velocity_parameter=0.420333 elapsed=25.1916s written=14
  crossing 0/250
  stopped velocity row 86 IC 322 x0=0.806707 velocity_parameter=0.420333 status=outer_limit: trajectory reached the configured outer_limit radius
velocity row 87/120 IC 304/599 x0=0.793785 velocity_parameter=0.4365 elapsed=25.1939s written=14
  crossing 0/250
  stopped velocity row 87 IC 304 x0=0.793785 velocity_parameter=0.4365 status=outer_limit: trajectory reached the configured outer_limit radius
velocity row 87/120 IC 314/599 x0=0.800964 velocity_parameter=0.4365 elapsed=25.223s written=14
  crossing 0/250
  stopped velocity row 87 IC 314 x0=0.800964 velocity_parameter=0.4365 status=outer_limit: trajectory reached the configured outer_limit radius
velocity row 87/120 IC 322/599 x0=0.806707 velocity_parameter=0.4365 elapsed=25.244s written=14
  crossing 0/250
  stopped velocity row 87 IC 322 x0=0.806707 velocity_parameter=0.4365 status=outer_limit: trajectory reached the configured outer_limit radius
velocity row 88/120 IC 304/599 x0=0.793785 velocity_parameter=0.452667 elapsed=25.2461s written=14
  crossing 0/250
  stopped velocity row 88 IC 304 x0=0.793785 velocity_parameter=0.452667 status=outer_limit: trajectory reached the configured outer_limit radius
velocity row 88/120 IC 314/599 x0=0.800964 velocity_parameter=0.452667 elapsed=25.2701s written=14
  crossing 0/250
  stopped velocity row 88 IC 314 x0=0.800964 velocity_parameter=0.452667 status=outer_limit: trajectory reached the configured outer_limit radius
velocity row 88/120 IC 322/599 x0=0.806707 velocity_parameter=0.452667 elapsed=25.2893s written=14
  crossing 0/250
  stopped velocity row 88 IC 322 x0=0.806707 velocity_parameter=0.452667 status=outer_limit: trajectory reached the configured outer_limit radius
velocity row 89/120 IC 304/599 x0=0.793785 velocity_parameter=0.468833 elapsed=25.2929s written=14
  crossing 0/250
  stopped velocity row 89 IC 304 x0=0.793785 velocity_parameter=0.468833 status=outer_limit: trajectory reached the configured outer_limit radius
velocity row 89/120 IC 314/599 x0=0.800964 velocity_parameter=0.468833 elapsed=25.3177s written=14
  crossing 0/250
  stopped velocity row 89 IC 314 x0=0.800964 velocity_parameter=0.468833 status=outer_limit: trajectory reached the configured outer_limit radius
velocity row 89/120 IC 322/599 x0=0.806707 velocity_parameter=0.468833 elapsed=25.3375s written=14
  crossing 0/250
  stopped velocity row 89 IC 322 x0=0.806707 velocity_parameter=0.468833 status=outer_limit: trajectory reached the configured outer_limit radius
velocity row 90/120 IC 304/599 x0=0.793785 velocity_parameter=0.485 elapsed=25.3398s written=14
  crossing 0/250
  stopped velocity row 90 IC 304 x0=0.793785 velocity_parameter=0.485 status=outer_limit: trajectory reached the configured outer_limit radius
velocity row 90/120 IC 314/599 x0=0.800964 velocity_parameter=0.485 elapsed=25.3653s written=14
  crossing 0/250
  stopped velocity row 90 IC 314 x0=0.800964 velocity_parameter=0.485 status=outer_limit: trajectory reached the configured outer_limit radius
velocity row 90/120 IC 322/599 x0=0.806707 velocity_parameter=0.485 elapsed=25.3833s written=14
  crossing 0/250
  stopped velocity row 90 IC 322 x0=0.806707 velocity_parameter=0.485 status=outer_limit: trajectory reached the configured outer_limit radius
velocity row 91/120 IC 304/599 x0=0.793785 velocity_parameter=0.501167 elapsed=25.3854s written=14
  crossing 0/250
  stopped velocity row 91 IC 304 x0=0.793785 velocity_parameter=0.501167 status=outer_limit: trajectory reached the configured outer_limit radius
velocity row 91/120 IC 314/599 x0=0.800964 velocity_parameter=0.501167 elapsed=25.4142s written=14
  crossing 0/250
  stopped velocity row 91 IC 314 x0=0.800964 velocity_parameter=0.501167 status=outer_limit: trajectory reached the configured outer_limit radius
velocity row 91/120 IC 322/599 x0=0.806707 velocity_parameter=0.501167 elapsed=25.4313s written=14
  crossing 0/250
  stopped velocity row 91 IC 322 x0=0.806707 velocity_parameter=0.501167 status=outer_limit: trajectory reached the configured outer_limit radius
velocity row 92/120 IC 304/599 x0=0.793785 velocity_parameter=0.517333 elapsed=25.4333s written=14
  crossing 0/250
  stopped velocity row 92 IC 304 x0=0.793785 velocity_parameter=0.517333 status=outer_limit: trajectory reached the configured outer_limit radius
velocity row 92/120 IC 314/599 x0=0.800964 velocity_parameter=0.517333 elapsed=25.4617s written=14
  crossing 0/250
  stopped velocity row 92 IC 314 x0=0.800964 velocity_parameter=0.517333 status=outer_limit: trajectory reached the configured outer_limit radius
velocity row 92/120 IC 322/599 x0=0.806707 velocity_parameter=0.517333 elapsed=25.4793s written=14
  crossing 0/250
  stopped velocity row 92 IC 322 x0=0.806707 velocity_parameter=0.517333 status=outer_limit: trajectory reached the configured outer_limit radius
velocity row 93/120 IC 304/599 x0=0.793785 velocity_parameter=0.5335 elapsed=25.4816s written=14
  crossing 0/250
  stopped velocity row 93 IC 304 x0=0.793785 velocity_parameter=0.5335 status=outer_limit: trajectory reached the configured outer_limit radius
velocity row 93/120 IC 314/599 x0=0.800964 velocity_parameter=0.5335 elapsed=25.5062s written=14
  crossing 0/250
  stopped velocity row 93 IC 314 x0=0.800964 velocity_parameter=0.5335 status=outer_limit: trajectory reached the configured outer_limit radius
velocity row 93/120 IC 322/599 x0=0.806707 velocity_parameter=0.5335 elapsed=25.5291s written=14
  crossing 0/250
  stopped velocity row 93 IC 322 x0=0.806707 velocity_parameter=0.5335 status=outer_limit: trajectory reached the configured outer_limit radius
velocity row 94/120 IC 304/599 x0=0.793785 velocity_parameter=0.549667 elapsed=25.5316s written=14
  crossing 0/250
  stopped velocity row 94 IC 304 x0=0.793785 velocity_parameter=0.549667 status=outer_limit: trajectory reached the configured outer_limit radius
velocity row 94/120 IC 314/599 x0=0.800964 velocity_parameter=0.549667 elapsed=25.5591s written=14
  crossing 0/250
  stopped velocity row 94 IC 314 x0=0.800964 velocity_parameter=0.549667 status=outer_limit: trajectory reached the configured outer_limit radius
velocity row 94/120 IC 322/599 x0=0.806707 velocity_parameter=0.549667 elapsed=25.5755s written=14
  crossing 0/250
  stopped velocity row 94 IC 322 x0=0.806707 velocity_parameter=0.549667 status=outer_limit: trajectory reached the configured outer_limit radius
velocity row 95/120 IC 304/599 x0=0.793785 velocity_parameter=0.565833 elapsed=25.5779s written=14
  crossing 0/250
  stopped velocity row 95 IC 304 x0=0.793785 velocity_parameter=0.565833 status=outer_limit: trajectory reached the configured outer_limit radius
velocity row 95/120 IC 314/599 x0=0.800964 velocity_parameter=0.565833 elapsed=25.6085s written=14
  crossing 0/250
  stopped velocity row 95 IC 314 x0=0.800964 velocity_parameter=0.565833 status=outer_limit: trajectory reached the configured outer_limit radius
velocity row 95/120 IC 322/599 x0=0.806707 velocity_parameter=0.565833 elapsed=25.6286s written=14
  crossing 0/250
  stopped velocity row 95 IC 322 x0=0.806707 velocity_parameter=0.565833 status=outer_limit: trajectory reached the configured outer_limit radius
velocity row 96/120 IC 304/599 x0=0.793785 velocity_parameter=0.582 elapsed=25.6307s written=14
  crossing 0/250
  stopped velocity row 96 IC 304 x0=0.793785 velocity_parameter=0.582 status=outer_limit: trajectory reached the configured outer_limit radius
velocity row 96/120 IC 314/599 x0=0.800964 velocity_parameter=0.582 elapsed=25.6562s written=14
  crossing 0/250
  stopped velocity row 96 IC 314 x0=0.800964 velocity_parameter=0.582 status=outer_limit: trajectory reached the configured outer_limit radius
velocity row 96/120 IC 322/599 x0=0.806707 velocity_parameter=0.582 elapsed=25.6757s written=14
  crossing 0/250
  stopped velocity row 96 IC 322 x0=0.806707 velocity_parameter=0.582 status=outer_limit: trajectory reached the configured outer_limit radius
velocity row 97/120 IC 304/599 x0=0.793785 velocity_parameter=0.598167 elapsed=25.6778s written=14
  crossing 0/250
  stopped velocity row 97 IC 304 x0=0.793785 velocity_parameter=0.598167 status=outer_limit: trajectory reached the configured outer_limit radius
velocity row 97/120 IC 314/599 x0=0.800964 velocity_parameter=0.598167 elapsed=25.7071s written=14
  crossing 0/250
  stopped velocity row 97 IC 314 x0=0.800964 velocity_parameter=0.598167 status=outer_limit: trajectory reached the configured outer_limit radius
velocity row 97/120 IC 322/599 x0=0.806707 velocity_parameter=0.598167 elapsed=25.7283s written=14
  crossing 0/250
  stopped velocity row 97 IC 322 x0=0.806707 velocity_parameter=0.598167 status=outer_limit: trajectory reached the configured outer_limit radius
velocity row 98/120 IC 304/599 x0=0.793785 velocity_parameter=0.614333 elapsed=25.7318s written=14
  crossing 0/250
  stopped velocity row 98 IC 304 x0=0.793785 velocity_parameter=0.614333 status=outer_limit: trajectory reached the configured outer_limit radius
velocity row 98/120 IC 314/599 x0=0.800964 velocity_parameter=0.614333 elapsed=25.7562s written=14
  crossing 0/250
  stopped velocity row 98 IC 314 x0=0.800964 velocity_parameter=0.614333 status=outer_limit: trajectory reached the configured outer_limit radius
velocity row 98/120 IC 322/599 x0=0.806707 velocity_parameter=0.614333 elapsed=25.7807s written=14
  crossing 0/250
  stopped velocity row 98 IC 322 x0=0.806707 velocity_parameter=0.614333 status=outer_limit: trajectory reached the configured outer_limit radius
velocity row 99/120 IC 304/599 x0=0.793785 velocity_parameter=0.6305 elapsed=25.7843s written=14
  crossing 0/250
  stopped velocity row 99 IC 304 x0=0.793785 velocity_parameter=0.6305 status=outer_limit: trajectory reached the configured outer_limit radius
velocity row 99/120 IC 314/599 x0=0.800964 velocity_parameter=0.6305 elapsed=25.8096s written=14
  crossing 0/250
  stopped velocity row 99 IC 314 x0=0.800964 velocity_parameter=0.6305 status=outer_limit: trajectory reached the configured outer_limit radius
velocity row 99/120 IC 322/599 x0=0.806707 velocity_parameter=0.6305 elapsed=25.8281s written=14
  crossing 0/250
  stopped velocity row 99 IC 322 x0=0.806707 velocity_parameter=0.6305 status=outer_limit: trajectory reached the configured outer_limit radius
velocity row 100/120 IC 304/599 x0=0.793785 velocity_parameter=0.646667 elapsed=25.83s written=14
  crossing 0/250
  stopped velocity row 100 IC 304 x0=0.793785 velocity_parameter=0.646667 status=outer_limit: trajectory reached the configured outer_limit radius
velocity row 100/120 IC 314/599 x0=0.800964 velocity_parameter=0.646667 elapsed=25.8579s written=14
  crossing 0/250
  stopped velocity row 100 IC 314 x0=0.800964 velocity_parameter=0.646667 status=outer_limit: trajectory reached the configured outer_limit radius
velocity row 100/120 IC 322/599 x0=0.806707 velocity_parameter=0.646667 elapsed=25.8791s written=14
  crossing 0/250
  stopped velocity row 100 IC 322 x0=0.806707 velocity_parameter=0.646667 status=outer_limit: trajectory reached the configured outer_limit radius
velocity row 101/120 IC 304/599 x0=0.793785 velocity_parameter=0.662833 elapsed=25.8817s written=14
  crossing 0/250
  stopped velocity row 101 IC 304 x0=0.793785 velocity_parameter=0.662833 status=outer_limit: trajectory reached the configured outer_limit radius
velocity row 101/120 IC 314/599 x0=0.800964 velocity_parameter=0.662833 elapsed=25.9083s written=14
  crossing 0/250
  stopped velocity row 101 IC 314 x0=0.800964 velocity_parameter=0.662833 status=outer_limit: trajectory reached the configured outer_limit radius
velocity row 101/120 IC 322/599 x0=0.806707 velocity_parameter=0.662833 elapsed=25.9286s written=14
  crossing 0/250
  stopped velocity row 101 IC 322 x0=0.806707 velocity_parameter=0.662833 status=outer_limit: trajectory reached the configured outer_limit radius
velocity row 102/120 IC 304/599 x0=0.793785 velocity_parameter=0.679 elapsed=25.9306s written=14
  crossing 0/250
  stopped velocity row 102 IC 304 x0=0.793785 velocity_parameter=0.679 status=outer_limit: trajectory reached the configured outer_limit radius
velocity row 102/120 IC 314/599 x0=0.800964 velocity_parameter=0.679 elapsed=25.9586s written=14
  crossing 0/250
  stopped velocity row 102 IC 314 x0=0.800964 velocity_parameter=0.679 status=outer_limit: trajectory reached the configured outer_limit radius
velocity row 102/120 IC 322/599 x0=0.806707 velocity_parameter=0.679 elapsed=25.9763s written=14
  crossing 0/250
  stopped velocity row 102 IC 322 x0=0.806707 velocity_parameter=0.679 status=outer_limit: trajectory reached the configured outer_limit radius
velocity row 103/120 IC 304/599 x0=0.793785 velocity_parameter=0.695167 elapsed=25.9784s written=14
  crossing 0/250
  stopped velocity row 103 IC 304 x0=0.793785 velocity_parameter=0.695167 status=outer_limit: trajectory reached the configured outer_limit radius
velocity row 103/120 IC 314/599 x0=0.800964 velocity_parameter=0.695167 elapsed=26.0086s written=14
  crossing 0/250
  stopped velocity row 103 IC 314 x0=0.800964 velocity_parameter=0.695167 status=outer_limit: trajectory reached the configured outer_limit radius
velocity row 103/120 IC 322/599 x0=0.806707 velocity_parameter=0.695167 elapsed=26.029s written=14
  crossing 0/250
  stopped velocity row 103 IC 322 x0=0.806707 velocity_parameter=0.695167 status=outer_limit: trajectory reached the configured outer_limit radius
velocity row 104/120 IC 304/599 x0=0.793785 velocity_parameter=0.711333 elapsed=26.0314s written=14
  crossing 0/250
  stopped velocity row 104 IC 304 x0=0.793785 velocity_parameter=0.711333 status=outer_limit: trajectory reached the configured outer_limit radius
velocity row 104/120 IC 314/599 x0=0.800964 velocity_parameter=0.711333 elapsed=26.0533s written=14
  crossing 0/250
  stopped velocity row 104 IC 314 x0=0.800964 velocity_parameter=0.711333 status=outer_limit: trajectory reached the configured outer_limit radius
velocity row 104/120 IC 322/599 x0=0.806707 velocity_parameter=0.711333 elapsed=26.0731s written=14
  crossing 0/250
  stopped velocity row 104 IC 322 x0=0.806707 velocity_parameter=0.711333 status=outer_limit: trajectory reached the configured outer_limit radius
velocity row 105/120 IC 304/599 x0=0.793785 velocity_parameter=0.7275 elapsed=26.0752s written=14
  crossing 0/250
  stopped velocity row 105 IC 304 x0=0.793785 velocity_parameter=0.7275 status=outer_limit: trajectory reached the configured outer_limit radius
velocity row 105/120 IC 314/599 x0=0.800964 velocity_parameter=0.7275 elapsed=26.1048s written=14
  crossing 0/250
  stopped velocity row 105 IC 314 x0=0.800964 velocity_parameter=0.7275 status=outer_limit: trajectory reached the configured outer_limit radius
velocity row 105/120 IC 322/599 x0=0.806707 velocity_parameter=0.7275 elapsed=26.1264s written=14
  crossing 0/250
  stopped velocity row 105 IC 322 x0=0.806707 velocity_parameter=0.7275 status=outer_limit: trajectory reached the configured outer_limit radius
velocity row 106/120 IC 304/599 x0=0.793785 velocity_parameter=0.743667 elapsed=26.1284s written=14
  crossing 0/250
  stopped velocity row 106 IC 304 x0=0.793785 velocity_parameter=0.743667 status=outer_limit: trajectory reached the configured outer_limit radius
velocity row 106/120 IC 314/599 x0=0.800964 velocity_parameter=0.743667 elapsed=26.1563s written=14
  crossing 0/250
  stopped velocity row 106 IC 314 x0=0.800964 velocity_parameter=0.743667 status=outer_limit: trajectory reached the configured outer_limit radius
velocity row 106/120 IC 322/599 x0=0.806707 velocity_parameter=0.743667 elapsed=26.1729s written=14
  crossing 0/250
  stopped velocity row 106 IC 322 x0=0.806707 velocity_parameter=0.743667 status=outer_limit: trajectory reached the configured outer_limit radius
velocity row 107/120 IC 304/599 x0=0.793785 velocity_parameter=0.759833 elapsed=26.1751s written=14
  crossing 0/250
  stopped velocity row 107 IC 304 x0=0.793785 velocity_parameter=0.759833 status=outer_limit: trajectory reached the configured outer_limit radius
velocity row 107/120 IC 314/599 x0=0.800964 velocity_parameter=0.759833 elapsed=26.2012s written=14
  crossing 0/250
  stopped velocity row 107 IC 314 x0=0.800964 velocity_parameter=0.759833 status=outer_limit: trajectory reached the configured outer_limit radius
velocity row 107/120 IC 322/599 x0=0.806707 velocity_parameter=0.759833 elapsed=26.2186s written=14
  crossing 0/250
  stopped velocity row 107 IC 322 x0=0.806707 velocity_parameter=0.759833 status=outer_limit: trajectory reached the configured outer_limit radius
velocity row 108/120 IC 304/599 x0=0.793785 velocity_parameter=0.776 elapsed=26.2208s written=14
  crossing 0/250
  stopped velocity row 108 IC 304 x0=0.793785 velocity_parameter=0.776 status=outer_limit: trajectory reached the configured outer_limit radius
velocity row 108/120 IC 314/599 x0=0.800964 velocity_parameter=0.776 elapsed=26.2442s written=14
  crossing 0/250
  stopped velocity row 108 IC 314 x0=0.800964 velocity_parameter=0.776 status=outer_limit: trajectory reached the configured outer_limit radius
velocity row 108/120 IC 322/599 x0=0.806707 velocity_parameter=0.776 elapsed=26.27s written=14
  crossing 0/250
  stopped velocity row 108 IC 322 x0=0.806707 velocity_parameter=0.776 status=outer_limit: trajectory reached the configured outer_limit radius
velocity row 109/120 IC 304/599 x0=0.793785 velocity_parameter=0.792167 elapsed=26.2726s written=14
  crossing 0/250
  stopped velocity row 109 IC 304 x0=0.793785 velocity_parameter=0.792167 status=outer_limit: trajectory reached the configured outer_limit radius
velocity row 109/120 IC 314/599 x0=0.800964 velocity_parameter=0.792167 elapsed=26.2976s written=14
  crossing 0/250
  stopped velocity row 109 IC 314 x0=0.800964 velocity_parameter=0.792167 status=outer_limit: trajectory reached the configured outer_limit radius
velocity row 109/120 IC 322/599 x0=0.806707 velocity_parameter=0.792167 elapsed=26.3142s written=14
  crossing 0/250
  stopped velocity row 109 IC 322 x0=0.806707 velocity_parameter=0.792167 status=outer_limit: trajectory reached the configured outer_limit radius
velocity row 110/120 IC 304/599 x0=0.793785 velocity_parameter=0.808333 elapsed=26.3163s written=14
  crossing 0/250
  stopped velocity row 110 IC 304 x0=0.793785 velocity_parameter=0.808333 status=outer_limit: trajectory reached the configured outer_limit radius
velocity row 110/120 IC 314/599 x0=0.800964 velocity_parameter=0.808333 elapsed=26.341s written=14
  crossing 0/250
  stopped velocity row 110 IC 314 x0=0.800964 velocity_parameter=0.808333 status=outer_limit: trajectory reached the configured outer_limit radius
velocity row 110/120 IC 322/599 x0=0.806707 velocity_parameter=0.808333 elapsed=26.3585s written=14
  crossing 0/250
  stopped velocity row 110 IC 322 x0=0.806707 velocity_parameter=0.808333 status=outer_limit: trajectory reached the configured outer_limit radius
velocity row 111/120 IC 304/599 x0=0.793785 velocity_parameter=0.8245 elapsed=26.3606s written=14
  crossing 0/250
  stopped velocity row 111 IC 304 x0=0.793785 velocity_parameter=0.8245 status=outer_limit: trajectory reached the configured outer_limit radius
velocity row 111/120 IC 314/599 x0=0.800964 velocity_parameter=0.8245 elapsed=26.3883s written=14
  crossing 0/250
  stopped velocity row 111 IC 314 x0=0.800964 velocity_parameter=0.8245 status=outer_limit: trajectory reached the configured outer_limit radius
velocity row 111/120 IC 322/599 x0=0.806707 velocity_parameter=0.8245 elapsed=26.4064s written=14
  crossing 0/250
  stopped velocity row 111 IC 322 x0=0.806707 velocity_parameter=0.8245 status=outer_limit: trajectory reached the configured outer_limit radius
velocity row 112/120 IC 304/599 x0=0.793785 velocity_parameter=0.840667 elapsed=26.4084s written=14
  crossing 0/250
  stopped velocity row 112 IC 304 x0=0.793785 velocity_parameter=0.840667 status=outer_limit: trajectory reached the configured outer_limit radius
velocity row 112/120 IC 314/599 x0=0.800964 velocity_parameter=0.840667 elapsed=26.4358s written=14
  crossing 0/250
  stopped velocity row 112 IC 314 x0=0.800964 velocity_parameter=0.840667 status=outer_limit: trajectory reached the configured outer_limit radius
velocity row 112/120 IC 322/599 x0=0.806707 velocity_parameter=0.840667 elapsed=26.4559s written=14
  crossing 0/250
  stopped velocity row 112 IC 322 x0=0.806707 velocity_parameter=0.840667 status=outer_limit: trajectory reached the configured outer_limit radius
velocity row 113/120 IC 304/599 x0=0.793785 velocity_parameter=0.856833 elapsed=26.4578s written=14
  crossing 0/250
  stopped velocity row 113 IC 304 x0=0.793785 velocity_parameter=0.856833 status=outer_limit: trajectory reached the configured outer_limit radius
velocity row 113/120 IC 314/599 x0=0.800964 velocity_parameter=0.856833 elapsed=26.4824s written=14
  crossing 0/250
  stopped velocity row 113 IC 314 x0=0.800964 velocity_parameter=0.856833 status=outer_limit: trajectory reached the configured outer_limit radius
velocity row 113/120 IC 322/599 x0=0.806707 velocity_parameter=0.856833 elapsed=26.5036s written=14
  crossing 0/250
  stopped velocity row 113 IC 322 x0=0.806707 velocity_parameter=0.856833 status=outer_limit: trajectory reached the configured outer_limit radius
velocity row 114/120 IC 304/599 x0=0.793785 velocity_parameter=0.873 elapsed=26.5056s written=14
  crossing 0/250
  stopped velocity row 114 IC 304 x0=0.793785 velocity_parameter=0.873 status=outer_limit: trajectory reached the configured outer_limit radius
velocity row 114/120 IC 314/599 x0=0.800964 velocity_parameter=0.873 elapsed=26.5308s written=14
  crossing 0/250
  stopped velocity row 114 IC 314 x0=0.800964 velocity_parameter=0.873 status=outer_limit: trajectory reached the configured outer_limit radius
velocity row 114/120 IC 322/599 x0=0.806707 velocity_parameter=0.873 elapsed=26.5495s written=14
  crossing 0/250
  stopped velocity row 114 IC 322 x0=0.806707 velocity_parameter=0.873 status=outer_limit: trajectory reached the configured outer_limit radius
velocity row 115/120 IC 304/599 x0=0.793785 velocity_parameter=0.889167 elapsed=26.5519s written=14
  crossing 0/250
  stopped velocity row 115 IC 304 x0=0.793785 velocity_parameter=0.889167 status=outer_limit: trajectory reached the configured outer_limit radius
velocity row 115/120 IC 314/599 x0=0.800964 velocity_parameter=0.889167 elapsed=26.5778s written=14
  crossing 0/250
  stopped velocity row 115 IC 314 x0=0.800964 velocity_parameter=0.889167 status=outer_limit: trajectory reached the configured outer_limit radius
velocity row 115/120 IC 322/599 x0=0.806707 velocity_parameter=0.889167 elapsed=26.5973s written=14
  crossing 0/250
  stopped velocity row 115 IC 322 x0=0.806707 velocity_parameter=0.889167 status=outer_limit: trajectory reached the configured outer_limit radius
velocity row 116/120 IC 304/599 x0=0.793785 velocity_parameter=0.905333 elapsed=26.5994s written=14
  crossing 0/250
  stopped velocity row 116 IC 304 x0=0.793785 velocity_parameter=0.905333 status=outer_limit: trajectory reached the configured outer_limit radius
velocity row 116/120 IC 314/599 x0=0.800964 velocity_parameter=0.905333 elapsed=26.6207s written=14
  crossing 0/250
  stopped velocity row 116 IC 314 x0=0.800964 velocity_parameter=0.905333 status=outer_limit: trajectory reached the configured outer_limit radius
velocity row 116/120 IC 322/599 x0=0.806707 velocity_parameter=0.905333 elapsed=26.6415s written=14
  crossing 0/250
  stopped velocity row 116 IC 322 x0=0.806707 velocity_parameter=0.905333 status=outer_limit: trajectory reached the configured outer_limit radius
velocity row 117/120 IC 304/599 x0=0.793785 velocity_parameter=0.9215 elapsed=26.644s written=14
  crossing 0/250
  stopped velocity row 117 IC 304 x0=0.793785 velocity_parameter=0.9215 status=outer_limit: trajectory reached the configured outer_limit radius
velocity row 117/120 IC 314/599 x0=0.800964 velocity_parameter=0.9215 elapsed=26.6689s written=14
  crossing 0/250
  stopped velocity row 117 IC 314 x0=0.800964 velocity_parameter=0.9215 status=outer_limit: trajectory reached the configured outer_limit radius
velocity row 117/120 IC 322/599 x0=0.806707 velocity_parameter=0.9215 elapsed=26.6888s written=14
  crossing 0/250
  stopped velocity row 117 IC 322 x0=0.806707 velocity_parameter=0.9215 status=outer_limit: trajectory reached the configured outer_limit radius
velocity row 118/120 IC 304/599 x0=0.793785 velocity_parameter=0.937667 elapsed=26.6909s written=14
  crossing 0/250
  stopped velocity row 118 IC 304 x0=0.793785 velocity_parameter=0.937667 status=outer_limit: trajectory reached the configured outer_limit radius
velocity row 118/120 IC 314/599 x0=0.800964 velocity_parameter=0.937667 elapsed=26.716s written=14
  crossing 0/250
  stopped velocity row 118 IC 314 x0=0.800964 velocity_parameter=0.937667 status=outer_limit: trajectory reached the configured outer_limit radius
velocity row 118/120 IC 322/599 x0=0.806707 velocity_parameter=0.937667 elapsed=26.7346s written=14
  crossing 0/250
  stopped velocity row 118 IC 322 x0=0.806707 velocity_parameter=0.937667 status=outer_limit: trajectory reached the configured outer_limit radius
velocity row 119/120 IC 304/599 x0=0.793785 velocity_parameter=0.953833 elapsed=26.7368s written=14
  crossing 0/250
  stopped velocity row 119 IC 304 x0=0.793785 velocity_parameter=0.953833 status=outer_limit: trajectory reached the configured outer_limit radius
velocity row 119/120 IC 314/599 x0=0.800964 velocity_parameter=0.953833 elapsed=26.7642s written=14
  crossing 0/250
  stopped velocity row 119 IC 314 x0=0.800964 velocity_parameter=0.953833 status=outer_limit: trajectory reached the configured outer_limit radius
velocity row 119/120 IC 322/599 x0=0.806707 velocity_parameter=0.953833 elapsed=26.7836s written=14
  crossing 0/250
  stopped velocity row 119 IC 322 x0=0.806707 velocity_parameter=0.953833 status=outer_limit: trajectory reached the configured outer_limit radius
velocity row 120/120 IC 304/599 x0=0.793785 velocity_parameter=0.97 elapsed=26.7871s written=14
  crossing 0/250
  stopped velocity row 120 IC 304 x0=0.793785 velocity_parameter=0.97 status=outer_limit: trajectory reached the configured outer_limit radius
velocity row 120/120 IC 314/599 x0=0.800964 velocity_parameter=0.97 elapsed=26.8124s written=14
  crossing 0/250
  stopped velocity row 120 IC 314 x0=0.800964 velocity_parameter=0.97 status=outer_limit: trajectory reached the configured outer_limit radius
velocity row 120/120 IC 322/599 x0=0.806707 velocity_parameter=0.97 elapsed=26.8321s written=14
  crossing 0/250
  stopped velocity row 120 IC 322 x0=0.806707 velocity_parameter=0.97 status=outer_limit: trajectory reached the configured outer_limit radius
svg -> /mnt/c/Users/payne/Code/Hill_4BP/professional_neck_studies/e1_dense_001/survey/level_000_delta_1e_minus_2/open/shard_0016/preview.svg
metadata -> /mnt/c/Users/payne/Code/Hill_4BP/professional_neck_studies/e1_dense_001/survey/level_000_delta_1e_minus_2/open/shard_0016/metadata.txt
wrote 14 points (0 ICs skipped, 2299 orbits stopped early, elapsed=26.8372s) -> /mnt/c/Users/payne/Code/Hill_4BP/professional_neck_studies/e1_dense_001/survey/level_000_delta_1e_minus_2/open/shard_0016/points.csv
outcomes: collision=369 completed=0 forbidden=0 inner_radius_limit=0 invalid_initial_radius=0 invalid_velocity=0 nontransverse=0 numerical_failure=0 outer_limit=1930 timeout=0
maximum sampled |H-h|=1.24703e-15
