zero-velocity boundary -> /mnt/c/Users/payne/Code/Hill_4BP/professional_neck_studies/e1_dense_001/survey/level_005_delta_1e_minus_7/closed/shard_0006/zero_velocity_boundary.csv
lambda1=0.0272549 lambda2=2.97275 A=-0.986373 B=0.486373 c=0.0976566 c1=0 c2=0 c3=-0.0976566 h=-2.39154 (C=4.78307)
E1/E2 neck h=-2.39154 (C=4.78307), E3/E4 neck h=-0.454039 (C=0.908078)
energy_mode=neck_delta neck=E1 hcrit=-2.39154 delta=1e-07 side=closed actual_neck_side=closed delta_h=-1e-07
x_count=600 xdot_count=121 iterates=250 index range=[114,132] velocity_mode=fraction x_range=[0.789875,0.791235] max_return_time=100
smooth coordinates R=sqrt(rho), CAPD crossing mode=Both solver_order=28 max_step=0.005 abs_tol=1e-15 rel_tol=1e-13 collision_radius=1e-06 outer_radius=5
velocity row 0/120 IC 114/599 x0=0.790134 velocity_parameter=-0.97 elapsed=1.39e-07s written=0
  crossing 0/250
  stopped velocity row 0 IC 114 x0=0.790134 velocity_parameter=-0.97 status=collision: trajectory reached the configured collision radius
  stopped velocity row 0 IC 115 x0=0.790136 velocity_parameter=-0.97 status=collision: trajectory reached the configured collision radius
  stopped velocity row 0 IC 116 x0=0.790138 velocity_parameter=-0.97 status=collision: trajectory reached the configured collision radius
  stopped velocity row 0 IC 117 x0=0.79014 velocity_parameter=-0.97 status=collision: trajectory reached the configured collision radius
  stopped velocity row 0 IC 118 x0=0.790143 velocity_parameter=-0.97 status=collision: trajectory reached the configured collision radius
  stopped velocity row 0 IC 119 x0=0.790145 velocity_parameter=-0.97 status=collision: trajectory reached the configured collision radius
  stopped velocity row 0 IC 120 x0=0.790147 velocity_parameter=-0.97 status=collision: trajectory reached the configured collision radius
  stopped velocity row 0 IC 121 x0=0.790149 velocity_parameter=-0.97 status=collision: trajectory reached the configured collision radius
  stopped velocity row 0 IC 122 x0=0.790152 velocity_parameter=-0.97 status=collision: trajectory reached the configured collision radius
  stopped velocity row 0 IC 123 x0=0.790154 velocity_parameter=-0.97 status=collision: trajectory reached the configured collision radius
velocity row 0/120 IC 124/599 x0=0.790156 velocity_parameter=-0.97 elapsed=0.859528s written=0
  crossing 0/250
  stopped velocity row 0 IC 124 x0=0.790156 velocity_parameter=-0.97 status=collision: trajectory reached the configured collision radius
velocity row 0/120 IC 132/599 x0=0.790174 velocity_parameter=-0.97 elapsed=1.54031s written=0
  crossing 0/250
  stopped velocity row 0 IC 132 x0=0.790174 velocity_parameter=-0.97 status=collision: trajectory reached the configured collision radius
velocity row 1/120 IC 114/599 x0=0.790134 velocity_parameter=-0.953833 elapsed=1.63032s written=0
  crossing 0/250
  stopped velocity row 1 IC 114 x0=0.790134 velocity_parameter=-0.953833 status=collision: trajectory reached the configured collision radius
velocity row 1/120 IC 124/599 x0=0.790156 velocity_parameter=-0.953833 elapsed=2.45064s written=0
  crossing 0/250
  stopped velocity row 1 IC 124 x0=0.790156 velocity_parameter=-0.953833 status=collision: trajectory reached the configured collision radius
velocity row 1/120 IC 132/599 x0=0.790174 velocity_parameter=-0.953833 elapsed=3.10839s written=0
  crossing 0/250
  stopped velocity row 1 IC 132 x0=0.790174 velocity_parameter=-0.953833 status=collision: trajectory reached the configured collision radius
velocity row 2/120 IC 114/599 x0=0.790134 velocity_parameter=-0.937667 elapsed=3.20148s written=0
  crossing 0/250
  stopped velocity row 2 IC 114 x0=0.790134 velocity_parameter=-0.937667 status=collision: trajectory reached the configured collision radius
velocity row 2/120 IC 124/599 x0=0.790156 velocity_parameter=-0.937667 elapsed=4.0472s written=0
  crossing 0/250
  stopped velocity row 2 IC 124 x0=0.790156 velocity_parameter=-0.937667 status=collision: trajectory reached the configured collision radius
velocity row 2/120 IC 132/599 x0=0.790174 velocity_parameter=-0.937667 elapsed=4.68695s written=0
  crossing 0/250
  stopped velocity row 2 IC 132 x0=0.790174 velocity_parameter=-0.937667 status=collision: trajectory reached the configured collision radius
velocity row 3/120 IC 114/599 x0=0.790134 velocity_parameter=-0.9215 elapsed=4.76886s written=0
  crossing 0/250
  stopped velocity row 3 IC 114 x0=0.790134 velocity_parameter=-0.9215 status=collision: trajectory reached the configured collision radius
velocity row 3/120 IC 124/599 x0=0.790156 velocity_parameter=-0.9215 elapsed=5.52973s written=0
  crossing 0/250
  stopped velocity row 3 IC 124 x0=0.790156 velocity_parameter=-0.9215 status=collision: trajectory reached the configured collision radius
velocity row 3/120 IC 132/599 x0=0.790174 velocity_parameter=-0.9215 elapsed=6.14052s written=0
  crossing 0/250
  stopped velocity row 3 IC 132 x0=0.790174 velocity_parameter=-0.9215 status=collision: trajectory reached the configured collision radius
velocity row 4/120 IC 114/599 x0=0.790134 velocity_parameter=-0.905333 elapsed=6.2192s written=0
  crossing 0/250
  stopped velocity row 4 IC 114 x0=0.790134 velocity_parameter=-0.905333 status=collision: trajectory reached the configured collision radius
velocity row 4/120 IC 124/599 x0=0.790156 velocity_parameter=-0.905333 elapsed=6.96162s written=0
  crossing 0/250
  stopped velocity row 4 IC 124 x0=0.790156 velocity_parameter=-0.905333 status=collision: trajectory reached the configured collision radius
velocity row 4/120 IC 132/599 x0=0.790174 velocity_parameter=-0.905333 elapsed=7.55381s written=0
  crossing 0/250
  stopped velocity row 4 IC 132 x0=0.790174 velocity_parameter=-0.905333 status=collision: trajectory reached the configured collision radius
velocity row 5/120 IC 114/599 x0=0.790134 velocity_parameter=-0.889167 elapsed=7.63688s written=0
  crossing 0/250
  stopped velocity row 5 IC 114 x0=0.790134 velocity_parameter=-0.889167 status=collision: trajectory reached the configured collision radius
velocity row 5/120 IC 124/599 x0=0.790156 velocity_parameter=-0.889167 elapsed=8.39037s written=0
  crossing 0/250
  stopped velocity row 5 IC 124 x0=0.790156 velocity_parameter=-0.889167 status=collision: trajectory reached the configured collision radius
velocity row 5/120 IC 132/599 x0=0.790174 velocity_parameter=-0.889167 elapsed=8.99353s written=0
  crossing 0/250
  stopped velocity row 5 IC 132 x0=0.790174 velocity_parameter=-0.889167 status=collision: trajectory reached the configured collision radius
velocity row 6/120 IC 114/599 x0=0.790134 velocity_parameter=-0.873 elapsed=9.07283s written=0
  crossing 0/250
  stopped velocity row 6 IC 114 x0=0.790134 velocity_parameter=-0.873 status=collision: trajectory reached the configured collision radius
velocity row 6/120 IC 124/599 x0=0.790156 velocity_parameter=-0.873 elapsed=9.81513s written=0
  crossing 0/250
  stopped velocity row 6 IC 124 x0=0.790156 velocity_parameter=-0.873 status=collision: trajectory reached the configured collision radius
velocity row 6/120 IC 132/599 x0=0.790174 velocity_parameter=-0.873 elapsed=10.4153s written=0
  crossing 0/250
  stopped velocity row 6 IC 132 x0=0.790174 velocity_parameter=-0.873 status=collision: trajectory reached the configured collision radius
velocity row 7/120 IC 114/599 x0=0.790134 velocity_parameter=-0.856833 elapsed=10.4906s written=0
  crossing 0/250
  stopped velocity row 7 IC 114 x0=0.790134 velocity_parameter=-0.856833 status=collision: trajectory reached the configured collision radius
velocity row 7/120 IC 124/599 x0=0.790156 velocity_parameter=-0.856833 elapsed=11.2239s written=0
  crossing 0/250
  stopped velocity row 7 IC 124 x0=0.790156 velocity_parameter=-0.856833 status=collision: trajectory reached the configured collision radius
velocity row 7/120 IC 132/599 x0=0.790174 velocity_parameter=-0.856833 elapsed=11.7794s written=0
  crossing 0/250
  stopped velocity row 7 IC 132 x0=0.790174 velocity_parameter=-0.856833 status=collision: trajectory reached the configured collision radius
velocity row 8/120 IC 114/599 x0=0.790134 velocity_parameter=-0.840667 elapsed=11.8471s written=0
  crossing 0/250
  stopped velocity row 8 IC 114 x0=0.790134 velocity_parameter=-0.840667 status=collision: trajectory reached the configured collision radius
velocity row 8/120 IC 124/599 x0=0.790156 velocity_parameter=-0.840667 elapsed=12.5639s written=0
  crossing 0/250
  stopped velocity row 8 IC 124 x0=0.790156 velocity_parameter=-0.840667 status=collision: trajectory reached the configured collision radius
velocity row 8/120 IC 132/599 x0=0.790174 velocity_parameter=-0.840667 elapsed=13.1324s written=0
  crossing 0/250
  stopped velocity row 8 IC 132 x0=0.790174 velocity_parameter=-0.840667 status=collision: trajectory reached the configured collision radius
velocity row 9/120 IC 114/599 x0=0.790134 velocity_parameter=-0.8245 elapsed=13.2033s written=0
  crossing 0/250
  stopped velocity row 9 IC 114 x0=0.790134 velocity_parameter=-0.8245 status=collision: trajectory reached the configured collision radius
velocity row 9/120 IC 124/599 x0=0.790156 velocity_parameter=-0.8245 elapsed=13.9255s written=0
  crossing 0/250
  stopped velocity row 9 IC 124 x0=0.790156 velocity_parameter=-0.8245 status=collision: trajectory reached the configured collision radius
velocity row 9/120 IC 132/599 x0=0.790174 velocity_parameter=-0.8245 elapsed=14.4978s written=0
  crossing 0/250
  stopped velocity row 9 IC 132 x0=0.790174 velocity_parameter=-0.8245 status=collision: trajectory reached the configured collision radius
velocity row 10/120 IC 114/599 x0=0.790134 velocity_parameter=-0.808333 elapsed=14.5718s written=0
  crossing 0/250
  stopped velocity row 10 IC 114 x0=0.790134 velocity_parameter=-0.808333 status=collision: trajectory reached the configured collision radius
velocity row 10/120 IC 124/599 x0=0.790156 velocity_parameter=-0.808333 elapsed=15.317s written=0
  crossing 0/250
  stopped velocity row 10 IC 124 x0=0.790156 velocity_parameter=-0.808333 status=collision: trajectory reached the configured collision radius
velocity row 10/120 IC 132/599 x0=0.790174 velocity_parameter=-0.808333 elapsed=15.8839s written=0
  crossing 0/250
  stopped velocity row 10 IC 132 x0=0.790174 velocity_parameter=-0.808333 status=collision: trajectory reached the configured collision radius
velocity row 11/120 IC 114/599 x0=0.790134 velocity_parameter=-0.792167 elapsed=15.9696s written=0
  crossing 0/250
  stopped velocity row 11 IC 114 x0=0.790134 velocity_parameter=-0.792167 status=collision: trajectory reached the configured collision radius
velocity row 11/120 IC 124/599 x0=0.790156 velocity_parameter=-0.792167 elapsed=16.7146s written=0
  crossing 0/250
  stopped velocity row 11 IC 124 x0=0.790156 velocity_parameter=-0.792167 status=collision: trajectory reached the configured collision radius
velocity row 11/120 IC 132/599 x0=0.790174 velocity_parameter=-0.792167 elapsed=17.3019s written=0
  crossing 0/250
  stopped velocity row 11 IC 132 x0=0.790174 velocity_parameter=-0.792167 status=collision: trajectory reached the configured collision radius
velocity row 12/120 IC 114/599 x0=0.790134 velocity_parameter=-0.776 elapsed=17.3711s written=0
  crossing 0/250
  stopped velocity row 12 IC 114 x0=0.790134 velocity_parameter=-0.776 status=collision: trajectory reached the configured collision radius
velocity row 12/120 IC 124/599 x0=0.790156 velocity_parameter=-0.776 elapsed=18.0918s written=0
  crossing 0/250
  stopped velocity row 12 IC 124 x0=0.790156 velocity_parameter=-0.776 status=collision: trajectory reached the configured collision radius
velocity row 12/120 IC 132/599 x0=0.790174 velocity_parameter=-0.776 elapsed=18.6855s written=0
  crossing 0/250
  stopped velocity row 12 IC 132 x0=0.790174 velocity_parameter=-0.776 status=collision: trajectory reached the configured collision radius
velocity row 13/120 IC 114/599 x0=0.790134 velocity_parameter=-0.759833 elapsed=18.7609s written=0
  crossing 0/250
  stopped velocity row 13 IC 114 x0=0.790134 velocity_parameter=-0.759833 status=collision: trajectory reached the configured collision radius
velocity row 13/120 IC 124/599 x0=0.790156 velocity_parameter=-0.759833 elapsed=19.4912s written=0
  crossing 0/250
  stopped velocity row 13 IC 124 x0=0.790156 velocity_parameter=-0.759833 status=collision: trajectory reached the configured collision radius
velocity row 13/120 IC 132/599 x0=0.790174 velocity_parameter=-0.759833 elapsed=20.0754s written=0
  crossing 0/250
  stopped velocity row 13 IC 132 x0=0.790174 velocity_parameter=-0.759833 status=collision: trajectory reached the configured collision radius
velocity row 14/120 IC 114/599 x0=0.790134 velocity_parameter=-0.743667 elapsed=20.1451s written=0
  crossing 0/250
  stopped velocity row 14 IC 114 x0=0.790134 velocity_parameter=-0.743667 status=collision: trajectory reached the configured collision radius
velocity row 14/120 IC 124/599 x0=0.790156 velocity_parameter=-0.743667 elapsed=20.8714s written=0
  crossing 0/250
  stopped velocity row 14 IC 124 x0=0.790156 velocity_parameter=-0.743667 status=collision: trajectory reached the configured collision radius
velocity row 14/120 IC 132/599 x0=0.790174 velocity_parameter=-0.743667 elapsed=21.4372s written=0
  crossing 0/250
  stopped velocity row 14 IC 132 x0=0.790174 velocity_parameter=-0.743667 status=collision: trajectory reached the configured collision radius
velocity row 15/120 IC 114/599 x0=0.790134 velocity_parameter=-0.7275 elapsed=21.4872s written=0
  crossing 0/250
  stopped velocity row 15 IC 114 x0=0.790134 velocity_parameter=-0.7275 status=collision: trajectory reached the configured collision radius
velocity row 15/120 IC 124/599 x0=0.790156 velocity_parameter=-0.7275 elapsed=22.0483s written=0
  crossing 0/250
  stopped velocity row 15 IC 124 x0=0.790156 velocity_parameter=-0.7275 status=collision: trajectory reached the configured collision radius
velocity row 15/120 IC 132/599 x0=0.790174 velocity_parameter=-0.7275 elapsed=22.4384s written=0
  crossing 0/250
  stopped velocity row 15 IC 132 x0=0.790174 velocity_parameter=-0.7275 status=collision: trajectory reached the configured collision radius
velocity row 16/120 IC 114/599 x0=0.790134 velocity_parameter=-0.711333 elapsed=22.4832s written=0
  crossing 0/250
  stopped velocity row 16 IC 114 x0=0.790134 velocity_parameter=-0.711333 status=collision: trajectory reached the configured collision radius
velocity row 16/120 IC 124/599 x0=0.790156 velocity_parameter=-0.711333 elapsed=23.0018s written=0
  crossing 0/250
  stopped velocity row 16 IC 124 x0=0.790156 velocity_parameter=-0.711333 status=collision: trajectory reached the configured collision radius
velocity row 16/120 IC 132/599 x0=0.790174 velocity_parameter=-0.711333 elapsed=23.3839s written=0
  crossing 0/250
  stopped velocity row 16 IC 132 x0=0.790174 velocity_parameter=-0.711333 status=collision: trajectory reached the configured collision radius
velocity row 17/120 IC 114/599 x0=0.790134 velocity_parameter=-0.695167 elapsed=23.4248s written=0
  crossing 0/250
  stopped velocity row 17 IC 114 x0=0.790134 velocity_parameter=-0.695167 status=collision: trajectory reached the configured collision radius
velocity row 17/120 IC 124/599 x0=0.790156 velocity_parameter=-0.695167 elapsed=23.9114s written=0
  crossing 0/250
  stopped velocity row 17 IC 124 x0=0.790156 velocity_parameter=-0.695167 status=collision: trajectory reached the configured collision radius
velocity row 17/120 IC 132/599 x0=0.790174 velocity_parameter=-0.695167 elapsed=24.2365s written=0
  crossing 0/250
  stopped velocity row 17 IC 132 x0=0.790174 velocity_parameter=-0.695167 status=collision: trajectory reached the configured collision radius
velocity row 18/120 IC 114/599 x0=0.790134 velocity_parameter=-0.679 elapsed=24.2713s written=0
  crossing 0/250
  stopped velocity row 18 IC 114 x0=0.790134 velocity_parameter=-0.679 status=collision: trajectory reached the configured collision radius
velocity row 18/120 IC 124/599 x0=0.790156 velocity_parameter=-0.679 elapsed=24.6256s written=0
  crossing 0/250
  stopped velocity row 18 IC 124 x0=0.790156 velocity_parameter=-0.679 status=collision: trajectory reached the configured collision radius
velocity row 18/120 IC 132/599 x0=0.790174 velocity_parameter=-0.679 elapsed=24.9383s written=0
  crossing 0/250
  stopped velocity row 18 IC 132 x0=0.790174 velocity_parameter=-0.679 status=collision: trajectory reached the configured collision radius
velocity row 19/120 IC 114/599 x0=0.790134 velocity_parameter=-0.662833 elapsed=24.9732s written=0
  crossing 0/250
  stopped velocity row 19 IC 114 x0=0.790134 velocity_parameter=-0.662833 status=collision: trajectory reached the configured collision radius
velocity row 19/120 IC 124/599 x0=0.790156 velocity_parameter=-0.662833 elapsed=25.3166s written=0
  crossing 0/250
  stopped velocity row 19 IC 124 x0=0.790156 velocity_parameter=-0.662833 status=collision: trajectory reached the configured collision radius
velocity row 19/120 IC 132/599 x0=0.790174 velocity_parameter=-0.662833 elapsed=25.5912s written=0
  crossing 0/250
  stopped velocity row 19 IC 132 x0=0.790174 velocity_parameter=-0.662833 status=collision: trajectory reached the configured collision radius
velocity row 20/120 IC 114/599 x0=0.790134 velocity_parameter=-0.646667 elapsed=25.6256s written=0
  crossing 0/250
  stopped velocity row 20 IC 114 x0=0.790134 velocity_parameter=-0.646667 status=collision: trajectory reached the configured collision radius
velocity row 20/120 IC 124/599 x0=0.790156 velocity_parameter=-0.646667 elapsed=26.0097s written=0
  crossing 0/250
  stopped velocity row 20 IC 124 x0=0.790156 velocity_parameter=-0.646667 status=collision: trajectory reached the configured collision radius
velocity row 20/120 IC 132/599 x0=0.790174 velocity_parameter=-0.646667 elapsed=26.2837s written=0
  crossing 0/250
  stopped velocity row 20 IC 132 x0=0.790174 velocity_parameter=-0.646667 status=collision: trajectory reached the configured collision radius
velocity row 21/120 IC 114/599 x0=0.790134 velocity_parameter=-0.6305 elapsed=26.3271s written=0
  crossing 0/250
  stopped velocity row 21 IC 114 x0=0.790134 velocity_parameter=-0.6305 status=collision: trajectory reached the configured collision radius
velocity row 21/120 IC 124/599 x0=0.790156 velocity_parameter=-0.6305 elapsed=26.6729s written=0
  crossing 0/250
  stopped velocity row 21 IC 124 x0=0.790156 velocity_parameter=-0.6305 status=collision: trajectory reached the configured collision radius
velocity row 21/120 IC 132/599 x0=0.790174 velocity_parameter=-0.6305 elapsed=26.9566s written=0
  crossing 0/250
  stopped velocity row 21 IC 132 x0=0.790174 velocity_parameter=-0.6305 status=collision: trajectory reached the configured collision radius
velocity row 22/120 IC 114/599 x0=0.790134 velocity_parameter=-0.614333 elapsed=27.0007s written=0
  crossing 0/250
  stopped velocity row 22 IC 114 x0=0.790134 velocity_parameter=-0.614333 status=collision: trajectory reached the configured collision radius
velocity row 22/120 IC 124/599 x0=0.790156 velocity_parameter=-0.614333 elapsed=27.3736s written=0
  crossing 0/250
  stopped velocity row 22 IC 124 x0=0.790156 velocity_parameter=-0.614333 status=collision: trajectory reached the configured collision radius
velocity row 22/120 IC 132/599 x0=0.790174 velocity_parameter=-0.614333 elapsed=27.6493s written=0
  crossing 0/250
  stopped velocity row 22 IC 132 x0=0.790174 velocity_parameter=-0.614333 status=collision: trajectory reached the configured collision radius
velocity row 23/120 IC 114/599 x0=0.790134 velocity_parameter=-0.598167 elapsed=27.6846s written=0
  crossing 0/250
  stopped velocity row 23 IC 114 x0=0.790134 velocity_parameter=-0.598167 status=collision: trajectory reached the configured collision radius
velocity row 23/120 IC 124/599 x0=0.790156 velocity_parameter=-0.598167 elapsed=28.0294s written=0
  crossing 0/250
  stopped velocity row 23 IC 124 x0=0.790156 velocity_parameter=-0.598167 status=collision: trajectory reached the configured collision radius
velocity row 23/120 IC 132/599 x0=0.790174 velocity_parameter=-0.598167 elapsed=28.3106s written=0
  crossing 0/250
  stopped velocity row 23 IC 132 x0=0.790174 velocity_parameter=-0.598167 status=collision: trajectory reached the configured collision radius
velocity row 24/120 IC 114/599 x0=0.790134 velocity_parameter=-0.582 elapsed=28.3449s written=0
  crossing 0/250
  stopped velocity row 24 IC 114 x0=0.790134 velocity_parameter=-0.582 status=collision: trajectory reached the configured collision radius
velocity row 24/120 IC 124/599 x0=0.790156 velocity_parameter=-0.582 elapsed=28.6922s written=0
  crossing 0/250
  stopped velocity row 24 IC 124 x0=0.790156 velocity_parameter=-0.582 status=collision: trajectory reached the configured collision radius
velocity row 24/120 IC 132/599 x0=0.790174 velocity_parameter=-0.582 elapsed=28.9683s written=0
  crossing 0/250
  stopped velocity row 24 IC 132 x0=0.790174 velocity_parameter=-0.582 status=collision: trajectory reached the configured collision radius
velocity row 25/120 IC 114/599 x0=0.790134 velocity_parameter=-0.565833 elapsed=29.0036s written=0
  crossing 0/250
  stopped velocity row 25 IC 114 x0=0.790134 velocity_parameter=-0.565833 status=collision: trajectory reached the configured collision radius
velocity row 25/120 IC 124/599 x0=0.790156 velocity_parameter=-0.565833 elapsed=29.3993s written=0
  crossing 0/250
  stopped velocity row 25 IC 124 x0=0.790156 velocity_parameter=-0.565833 status=collision: trajectory reached the configured collision radius
velocity row 25/120 IC 132/599 x0=0.790174 velocity_parameter=-0.565833 elapsed=29.6885s written=0
  crossing 0/250
  stopped velocity row 25 IC 132 x0=0.790174 velocity_parameter=-0.565833 status=collision: trajectory reached the configured collision radius
velocity row 26/120 IC 114/599 x0=0.790134 velocity_parameter=-0.549667 elapsed=29.7258s written=0
  crossing 0/250
  stopped velocity row 26 IC 114 x0=0.790134 velocity_parameter=-0.549667 status=collision: trajectory reached the configured collision radius
velocity row 26/120 IC 124/599 x0=0.790156 velocity_parameter=-0.549667 elapsed=30.159s written=0
  crossing 0/250
  stopped velocity row 26 IC 124 x0=0.790156 velocity_parameter=-0.549667 status=collision: trajectory reached the configured collision radius
velocity row 26/120 IC 132/599 x0=0.790174 velocity_parameter=-0.549667 elapsed=30.5018s written=0
  crossing 0/250
  stopped velocity row 26 IC 132 x0=0.790174 velocity_parameter=-0.549667 status=collision: trajectory reached the configured collision radius
velocity row 27/120 IC 114/599 x0=0.790134 velocity_parameter=-0.5335 elapsed=30.536s written=0
  crossing 0/250
  stopped velocity row 27 IC 114 x0=0.790134 velocity_parameter=-0.5335 status=collision: trajectory reached the configured collision radius
velocity row 27/120 IC 124/599 x0=0.790156 velocity_parameter=-0.5335 elapsed=30.9455s written=0
  crossing 0/250
  stopped velocity row 27 IC 124 x0=0.790156 velocity_parameter=-0.5335 status=collision: trajectory reached the configured collision radius
velocity row 27/120 IC 132/599 x0=0.790174 velocity_parameter=-0.5335 elapsed=31.2321s written=0
  crossing 0/250
  stopped velocity row 27 IC 132 x0=0.790174 velocity_parameter=-0.5335 status=collision: trajectory reached the configured collision radius
velocity row 28/120 IC 114/599 x0=0.790134 velocity_parameter=-0.517333 elapsed=31.2674s written=0
  crossing 0/250
  stopped velocity row 28 IC 114 x0=0.790134 velocity_parameter=-0.517333 status=collision: trajectory reached the configured collision radius
velocity row 28/120 IC 124/599 x0=0.790156 velocity_parameter=-0.517333 elapsed=31.6524s written=0
  crossing 0/250
  stopped velocity row 28 IC 124 x0=0.790156 velocity_parameter=-0.517333 status=collision: trajectory reached the configured collision radius
velocity row 28/120 IC 132/599 x0=0.790174 velocity_parameter=-0.517333 elapsed=31.9379s written=0
  crossing 0/250
  stopped velocity row 28 IC 132 x0=0.790174 velocity_parameter=-0.517333 status=collision: trajectory reached the configured collision radius
velocity row 29/120 IC 114/599 x0=0.790134 velocity_parameter=-0.501167 elapsed=31.9751s written=0
  crossing 0/250
  stopped velocity row 29 IC 114 x0=0.790134 velocity_parameter=-0.501167 status=collision: trajectory reached the configured collision radius
velocity row 29/120 IC 124/599 x0=0.790156 velocity_parameter=-0.501167 elapsed=32.3761s written=0
  crossing 0/250
  stopped velocity row 29 IC 124 x0=0.790156 velocity_parameter=-0.501167 status=collision: trajectory reached the configured collision radius
velocity row 29/120 IC 132/599 x0=0.790174 velocity_parameter=-0.501167 elapsed=32.6559s written=0
  crossing 0/250
  stopped velocity row 29 IC 132 x0=0.790174 velocity_parameter=-0.501167 status=collision: trajectory reached the configured collision radius
velocity row 30/120 IC 114/599 x0=0.790134 velocity_parameter=-0.485 elapsed=32.6923s written=0
  crossing 0/250
  stopped velocity row 30 IC 114 x0=0.790134 velocity_parameter=-0.485 status=collision: trajectory reached the configured collision radius
velocity row 30/120 IC 124/599 x0=0.790156 velocity_parameter=-0.485 elapsed=33.0486s written=0
  crossing 0/250
  stopped velocity row 30 IC 124 x0=0.790156 velocity_parameter=-0.485 status=collision: trajectory reached the configured collision radius
velocity row 30/120 IC 132/599 x0=0.790174 velocity_parameter=-0.485 elapsed=33.3365s written=0
  crossing 0/250
  stopped velocity row 30 IC 132 x0=0.790174 velocity_parameter=-0.485 status=collision: trajectory reached the configured collision radius
velocity row 31/120 IC 114/599 x0=0.790134 velocity_parameter=-0.468833 elapsed=33.3706s written=0
  crossing 0/250
  stopped velocity row 31 IC 114 x0=0.790134 velocity_parameter=-0.468833 status=collision: trajectory reached the configured collision radius
velocity row 31/120 IC 124/599 x0=0.790156 velocity_parameter=-0.468833 elapsed=33.768s written=0
  crossing 0/250
  stopped velocity row 31 IC 124 x0=0.790156 velocity_parameter=-0.468833 status=collision: trajectory reached the configured collision radius
velocity row 31/120 IC 132/599 x0=0.790174 velocity_parameter=-0.468833 elapsed=34.0593s written=0
  crossing 0/250
  stopped velocity row 31 IC 132 x0=0.790174 velocity_parameter=-0.468833 status=collision: trajectory reached the configured collision radius
velocity row 32/120 IC 114/599 x0=0.790134 velocity_parameter=-0.452667 elapsed=34.0933s written=0
  crossing 0/250
  stopped velocity row 32 IC 114 x0=0.790134 velocity_parameter=-0.452667 status=collision: trajectory reached the configured collision radius
velocity row 32/120 IC 124/599 x0=0.790156 velocity_parameter=-0.452667 elapsed=34.4416s written=0
  crossing 0/250
  stopped velocity row 32 IC 124 x0=0.790156 velocity_parameter=-0.452667 status=collision: trajectory reached the configured collision radius
velocity row 32/120 IC 132/599 x0=0.790174 velocity_parameter=-0.452667 elapsed=34.7495s written=0
  crossing 0/250
  stopped velocity row 32 IC 132 x0=0.790174 velocity_parameter=-0.452667 status=collision: trajectory reached the configured collision radius
velocity row 33/120 IC 114/599 x0=0.790134 velocity_parameter=-0.4365 elapsed=34.7853s written=0
  crossing 0/250
  stopped velocity row 33 IC 114 x0=0.790134 velocity_parameter=-0.4365 status=collision: trajectory reached the configured collision radius
velocity row 33/120 IC 124/599 x0=0.790156 velocity_parameter=-0.4365 elapsed=35.1413s written=0
  crossing 0/250
  stopped velocity row 33 IC 124 x0=0.790156 velocity_parameter=-0.4365 status=collision: trajectory reached the configured collision radius
velocity row 33/120 IC 132/599 x0=0.790174 velocity_parameter=-0.4365 elapsed=35.4429s written=0
  crossing 0/250
  stopped velocity row 33 IC 132 x0=0.790174 velocity_parameter=-0.4365 status=collision: trajectory reached the configured collision radius
velocity row 34/120 IC 114/599 x0=0.790134 velocity_parameter=-0.420333 elapsed=35.4777s written=0
  crossing 0/250
  stopped velocity row 34 IC 114 x0=0.790134 velocity_parameter=-0.420333 status=collision: trajectory reached the configured collision radius
velocity row 34/120 IC 124/599 x0=0.790156 velocity_parameter=-0.420333 elapsed=35.8542s written=0
  crossing 0/250
  stopped velocity row 34 IC 124 x0=0.790156 velocity_parameter=-0.420333 status=collision: trajectory reached the configured collision radius
velocity row 34/120 IC 132/599 x0=0.790174 velocity_parameter=-0.420333 elapsed=36.1672s written=0
  crossing 0/250
  stopped velocity row 34 IC 132 x0=0.790174 velocity_parameter=-0.420333 status=collision: trajectory reached the configured collision radius
velocity row 35/120 IC 114/599 x0=0.790134 velocity_parameter=-0.404167 elapsed=36.2038s written=0
  crossing 0/250
  stopped velocity row 35 IC 114 x0=0.790134 velocity_parameter=-0.404167 status=collision: trajectory reached the configured collision radius
velocity row 35/120 IC 124/599 x0=0.790156 velocity_parameter=-0.404167 elapsed=36.677s written=0
  crossing 0/250
  stopped velocity row 35 IC 124 x0=0.790156 velocity_parameter=-0.404167 status=collision: trajectory reached the configured collision radius
velocity row 35/120 IC 132/599 x0=0.790174 velocity_parameter=-0.404167 elapsed=37.0166s written=0
  crossing 0/250
  stopped velocity row 35 IC 132 x0=0.790174 velocity_parameter=-0.404167 status=collision: trajectory reached the configured collision radius
velocity row 36/120 IC 114/599 x0=0.790134 velocity_parameter=-0.388 elapsed=37.0519s written=0
  crossing 0/250
  stopped velocity row 36 IC 114 x0=0.790134 velocity_parameter=-0.388 status=collision: trajectory reached the configured collision radius
velocity row 36/120 IC 124/599 x0=0.790156 velocity_parameter=-0.388 elapsed=37.4482s written=0
  crossing 0/250
  stopped velocity row 36 IC 124 x0=0.790156 velocity_parameter=-0.388 status=collision: trajectory reached the configured collision radius
velocity row 36/120 IC 132/599 x0=0.790174 velocity_parameter=-0.388 elapsed=37.7611s written=0
  crossing 0/250
  stopped velocity row 36 IC 132 x0=0.790174 velocity_parameter=-0.388 status=collision: trajectory reached the configured collision radius
velocity row 37/120 IC 114/599 x0=0.790134 velocity_parameter=-0.371833 elapsed=37.7967s written=0
  crossing 0/250
  stopped velocity row 37 IC 114 x0=0.790134 velocity_parameter=-0.371833 status=collision: trajectory reached the configured collision radius
velocity row 37/120 IC 124/599 x0=0.790156 velocity_parameter=-0.371833 elapsed=38.2225s written=0
  crossing 0/250
  stopped velocity row 37 IC 124 x0=0.790156 velocity_parameter=-0.371833 status=collision: trajectory reached the configured collision radius
velocity row 37/120 IC 132/599 x0=0.790174 velocity_parameter=-0.371833 elapsed=38.5193s written=0
  crossing 0/250
  stopped velocity row 37 IC 132 x0=0.790174 velocity_parameter=-0.371833 status=collision: trajectory reached the configured collision radius
velocity row 38/120 IC 114/599 x0=0.790134 velocity_parameter=-0.355667 elapsed=38.5565s written=0
  crossing 0/250
  stopped velocity row 38 IC 114 x0=0.790134 velocity_parameter=-0.355667 status=collision: trajectory reached the configured collision radius
velocity row 38/120 IC 124/599 x0=0.790156 velocity_parameter=-0.355667 elapsed=38.9621s written=0
  crossing 0/250
  stopped velocity row 38 IC 124 x0=0.790156 velocity_parameter=-0.355667 status=collision: trajectory reached the configured collision radius
velocity row 38/120 IC 132/599 x0=0.790174 velocity_parameter=-0.355667 elapsed=39.2409s written=0
  crossing 0/250
  stopped velocity row 38 IC 132 x0=0.790174 velocity_parameter=-0.355667 status=collision: trajectory reached the configured collision radius
velocity row 39/120 IC 114/599 x0=0.790134 velocity_parameter=-0.3395 elapsed=39.2773s written=0
  crossing 0/250
  stopped velocity row 39 IC 114 x0=0.790134 velocity_parameter=-0.3395 status=collision: trajectory reached the configured collision radius
velocity row 39/120 IC 124/599 x0=0.790156 velocity_parameter=-0.3395 elapsed=39.6431s written=0
  crossing 0/250
  stopped velocity row 39 IC 124 x0=0.790156 velocity_parameter=-0.3395 status=collision: trajectory reached the configured collision radius
velocity row 39/120 IC 132/599 x0=0.790174 velocity_parameter=-0.3395 elapsed=39.9243s written=0
  crossing 0/250
  stopped velocity row 39 IC 132 x0=0.790174 velocity_parameter=-0.3395 status=collision: trajectory reached the configured collision radius
velocity row 40/120 IC 114/599 x0=0.790134 velocity_parameter=-0.323333 elapsed=39.9597s written=0
  crossing 0/250
  stopped velocity row 40 IC 114 x0=0.790134 velocity_parameter=-0.323333 status=collision: trajectory reached the configured collision radius
velocity row 40/120 IC 124/599 x0=0.790156 velocity_parameter=-0.323333 elapsed=40.3652s written=0
  crossing 0/250
  stopped velocity row 40 IC 124 x0=0.790156 velocity_parameter=-0.323333 status=collision: trajectory reached the configured collision radius
velocity row 40/120 IC 132/599 x0=0.790174 velocity_parameter=-0.323333 elapsed=40.6831s written=0
  crossing 0/250
  stopped velocity row 40 IC 132 x0=0.790174 velocity_parameter=-0.323333 status=collision: trajectory reached the configured collision radius
velocity row 41/120 IC 114/599 x0=0.790134 velocity_parameter=-0.307167 elapsed=40.7459s written=0
  crossing 0/250
  stopped velocity row 41 IC 114 x0=0.790134 velocity_parameter=-0.307167 status=collision: trajectory reached the configured collision radius
velocity row 41/120 IC 124/599 x0=0.790156 velocity_parameter=-0.307167 elapsed=41.126s written=0
  crossing 0/250
  stopped velocity row 41 IC 124 x0=0.790156 velocity_parameter=-0.307167 status=collision: trajectory reached the configured collision radius
velocity row 41/120 IC 132/599 x0=0.790174 velocity_parameter=-0.307167 elapsed=41.4625s written=0
  crossing 0/250
  stopped velocity row 41 IC 132 x0=0.790174 velocity_parameter=-0.307167 status=collision: trajectory reached the configured collision radius
velocity row 42/120 IC 114/599 x0=0.790134 velocity_parameter=-0.291 elapsed=41.4979s written=0
  crossing 0/250
  stopped velocity row 42 IC 114 x0=0.790134 velocity_parameter=-0.291 status=collision: trajectory reached the configured collision radius
velocity row 42/120 IC 124/599 x0=0.790156 velocity_parameter=-0.291 elapsed=41.8619s written=0
  crossing 0/250
  stopped velocity row 42 IC 124 x0=0.790156 velocity_parameter=-0.291 status=collision: trajectory reached the configured collision radius
velocity row 42/120 IC 132/599 x0=0.790174 velocity_parameter=-0.291 elapsed=42.1529s written=0
  crossing 0/250
  stopped velocity row 42 IC 132 x0=0.790174 velocity_parameter=-0.291 status=collision: trajectory reached the configured collision radius
velocity row 43/120 IC 114/599 x0=0.790134 velocity_parameter=-0.274833 elapsed=42.1879s written=0
  crossing 0/250
  stopped velocity row 43 IC 114 x0=0.790134 velocity_parameter=-0.274833 status=collision: trajectory reached the configured collision radius
velocity row 43/120 IC 124/599 x0=0.790156 velocity_parameter=-0.274833 elapsed=42.5493s written=0
  crossing 0/250
  stopped velocity row 43 IC 124 x0=0.790156 velocity_parameter=-0.274833 status=collision: trajectory reached the configured collision radius
velocity row 43/120 IC 132/599 x0=0.790174 velocity_parameter=-0.274833 elapsed=42.8324s written=0
  crossing 0/250
  stopped velocity row 43 IC 132 x0=0.790174 velocity_parameter=-0.274833 status=collision: trajectory reached the configured collision radius
velocity row 44/120 IC 114/599 x0=0.790134 velocity_parameter=-0.258667 elapsed=42.8669s written=0
  crossing 0/250
  stopped velocity row 44 IC 114 x0=0.790134 velocity_parameter=-0.258667 status=collision: trajectory reached the configured collision radius
velocity row 44/120 IC 124/599 x0=0.790156 velocity_parameter=-0.258667 elapsed=43.2191s written=0
  crossing 0/250
  stopped velocity row 44 IC 124 x0=0.790156 velocity_parameter=-0.258667 status=collision: trajectory reached the configured collision radius
velocity row 44/120 IC 132/599 x0=0.790174 velocity_parameter=-0.258667 elapsed=43.498s written=0
  crossing 0/250
  stopped velocity row 44 IC 132 x0=0.790174 velocity_parameter=-0.258667 status=collision: trajectory reached the configured collision radius
velocity row 45/120 IC 114/599 x0=0.790134 velocity_parameter=-0.2425 elapsed=43.533s written=0
  crossing 0/250
  stopped velocity row 45 IC 114 x0=0.790134 velocity_parameter=-0.2425 status=collision: trajectory reached the configured collision radius
velocity row 45/120 IC 124/599 x0=0.790156 velocity_parameter=-0.2425 elapsed=43.8924s written=0
  crossing 0/250
  stopped velocity row 45 IC 124 x0=0.790156 velocity_parameter=-0.2425 status=collision: trajectory reached the configured collision radius
velocity row 45/120 IC 132/599 x0=0.790174 velocity_parameter=-0.2425 elapsed=44.2294s written=0
  crossing 0/250
  stopped velocity row 45 IC 132 x0=0.790174 velocity_parameter=-0.2425 status=collision: trajectory reached the configured collision radius
velocity row 46/120 IC 114/599 x0=0.790134 velocity_parameter=-0.226333 elapsed=44.2816s written=0
  crossing 0/250
  stopped velocity row 46 IC 114 x0=0.790134 velocity_parameter=-0.226333 status=collision: trajectory reached the configured collision radius
velocity row 46/120 IC 124/599 x0=0.790156 velocity_parameter=-0.226333 elapsed=44.6682s written=0
  crossing 0/250
  stopped velocity row 46 IC 124 x0=0.790156 velocity_parameter=-0.226333 status=collision: trajectory reached the configured collision radius
velocity row 46/120 IC 132/599 x0=0.790174 velocity_parameter=-0.226333 elapsed=44.9454s written=0
  crossing 0/250
  stopped velocity row 46 IC 132 x0=0.790174 velocity_parameter=-0.226333 status=collision: trajectory reached the configured collision radius
velocity row 47/120 IC 114/599 x0=0.790134 velocity_parameter=-0.210167 elapsed=44.9802s written=0
  crossing 0/250
  stopped velocity row 47 IC 114 x0=0.790134 velocity_parameter=-0.210167 status=collision: trajectory reached the configured collision radius
velocity row 47/120 IC 124/599 x0=0.790156 velocity_parameter=-0.210167 elapsed=45.3736s written=0
  crossing 0/250
  stopped velocity row 47 IC 124 x0=0.790156 velocity_parameter=-0.210167 status=collision: trajectory reached the configured collision radius
velocity row 47/120 IC 132/599 x0=0.790174 velocity_parameter=-0.210167 elapsed=45.6537s written=0
  crossing 0/250
  stopped velocity row 47 IC 132 x0=0.790174 velocity_parameter=-0.210167 status=collision: trajectory reached the configured collision radius
velocity row 48/120 IC 114/599 x0=0.790134 velocity_parameter=-0.194 elapsed=45.6978s written=0
  crossing 0/250
  stopped velocity row 48 IC 114 x0=0.790134 velocity_parameter=-0.194 status=collision: trajectory reached the configured collision radius
velocity row 48/120 IC 124/599 x0=0.790156 velocity_parameter=-0.194 elapsed=46.0794s written=0
  crossing 0/250
  stopped velocity row 48 IC 124 x0=0.790156 velocity_parameter=-0.194 status=collision: trajectory reached the configured collision radius
velocity row 48/120 IC 132/599 x0=0.790174 velocity_parameter=-0.194 elapsed=46.3943s written=0
  crossing 0/250
  stopped velocity row 48 IC 132 x0=0.790174 velocity_parameter=-0.194 status=collision: trajectory reached the configured collision radius
velocity row 49/120 IC 114/599 x0=0.790134 velocity_parameter=-0.177833 elapsed=46.4285s written=0
  crossing 0/250
  stopped velocity row 49 IC 114 x0=0.790134 velocity_parameter=-0.177833 status=collision: trajectory reached the configured collision radius
velocity row 49/120 IC 124/599 x0=0.790156 velocity_parameter=-0.177833 elapsed=46.8008s written=0
  crossing 0/250
  stopped velocity row 49 IC 124 x0=0.790156 velocity_parameter=-0.177833 status=collision: trajectory reached the configured collision radius
velocity row 49/120 IC 132/599 x0=0.790174 velocity_parameter=-0.177833 elapsed=47.081s written=0
  crossing 0/250
  stopped velocity row 49 IC 132 x0=0.790174 velocity_parameter=-0.177833 status=collision: trajectory reached the configured collision radius
velocity row 50/120 IC 114/599 x0=0.790134 velocity_parameter=-0.161667 elapsed=47.1158s written=0
  crossing 0/250
  stopped velocity row 50 IC 114 x0=0.790134 velocity_parameter=-0.161667 status=collision: trajectory reached the configured collision radius
velocity row 50/120 IC 124/599 x0=0.790156 velocity_parameter=-0.161667 elapsed=47.4863s written=0
  crossing 0/250
  stopped velocity row 50 IC 124 x0=0.790156 velocity_parameter=-0.161667 status=collision: trajectory reached the configured collision radius
velocity row 50/120 IC 132/599 x0=0.790174 velocity_parameter=-0.161667 elapsed=47.799s written=0
  crossing 0/250
  stopped velocity row 50 IC 132 x0=0.790174 velocity_parameter=-0.161667 status=collision: trajectory reached the configured collision radius
velocity row 51/120 IC 114/599 x0=0.790134 velocity_parameter=-0.1455 elapsed=47.8328s written=0
  crossing 0/250
  stopped velocity row 51 IC 114 x0=0.790134 velocity_parameter=-0.1455 status=collision: trajectory reached the configured collision radius
velocity row 51/120 IC 124/599 x0=0.790156 velocity_parameter=-0.1455 elapsed=48.198s written=0
  crossing 0/250
  stopped velocity row 51 IC 124 x0=0.790156 velocity_parameter=-0.1455 status=collision: trajectory reached the configured collision radius
velocity row 51/120 IC 132/599 x0=0.790174 velocity_parameter=-0.1455 elapsed=48.5284s written=0
  crossing 0/250
  stopped velocity row 51 IC 132 x0=0.790174 velocity_parameter=-0.1455 status=collision: trajectory reached the configured collision radius
velocity row 52/120 IC 114/599 x0=0.790134 velocity_parameter=-0.129333 elapsed=48.5638s written=0
  crossing 0/250
  stopped velocity row 52 IC 114 x0=0.790134 velocity_parameter=-0.129333 status=collision: trajectory reached the configured collision radius
velocity row 52/120 IC 124/599 x0=0.790156 velocity_parameter=-0.129333 elapsed=48.91s written=0
  crossing 0/250
  stopped velocity row 52 IC 124 x0=0.790156 velocity_parameter=-0.129333 status=collision: trajectory reached the configured collision radius
velocity row 52/120 IC 132/599 x0=0.790174 velocity_parameter=-0.129333 elapsed=49.1978s written=0
  crossing 0/250
  stopped velocity row 52 IC 132 x0=0.790174 velocity_parameter=-0.129333 status=collision: trajectory reached the configured collision radius
velocity row 53/120 IC 114/599 x0=0.790134 velocity_parameter=-0.113167 elapsed=49.2334s written=0
  crossing 0/250
  stopped velocity row 53 IC 114 x0=0.790134 velocity_parameter=-0.113167 status=collision: trajectory reached the configured collision radius
velocity row 53/120 IC 124/599 x0=0.790156 velocity_parameter=-0.113167 elapsed=49.6041s written=0
  crossing 0/250
  stopped velocity row 53 IC 124 x0=0.790156 velocity_parameter=-0.113167 status=collision: trajectory reached the configured collision radius
velocity row 53/120 IC 132/599 x0=0.790174 velocity_parameter=-0.113167 elapsed=49.8854s written=0
  crossing 0/250
  stopped velocity row 53 IC 132 x0=0.790174 velocity_parameter=-0.113167 status=collision: trajectory reached the configured collision radius
velocity row 54/120 IC 114/599 x0=0.790134 velocity_parameter=-0.097 elapsed=49.92s written=0
  crossing 0/250
  stopped velocity row 54 IC 114 x0=0.790134 velocity_parameter=-0.097 status=collision: trajectory reached the configured collision radius
velocity row 54/120 IC 124/599 x0=0.790156 velocity_parameter=-0.097 elapsed=50.3232s written=0
  crossing 0/250
  stopped velocity row 54 IC 124 x0=0.790156 velocity_parameter=-0.097 status=collision: trajectory reached the configured collision radius
velocity row 54/120 IC 132/599 x0=0.790174 velocity_parameter=-0.097 elapsed=50.6382s written=0
  crossing 0/250
  stopped velocity row 54 IC 132 x0=0.790174 velocity_parameter=-0.097 status=collision: trajectory reached the configured collision radius
velocity row 55/120 IC 114/599 x0=0.790134 velocity_parameter=-0.0808333 elapsed=50.6731s written=0
  crossing 0/250
  stopped velocity row 55 IC 114 x0=0.790134 velocity_parameter=-0.0808333 status=collision: trajectory reached the configured collision radius
velocity row 55/120 IC 124/599 x0=0.790156 velocity_parameter=-0.0808333 elapsed=51.0467s written=0
  crossing 0/250
  stopped velocity row 55 IC 124 x0=0.790156 velocity_parameter=-0.0808333 status=collision: trajectory reached the configured collision radius
velocity row 55/120 IC 132/599 x0=0.790174 velocity_parameter=-0.0808333 elapsed=51.3476s written=0
  crossing 0/250
  stopped velocity row 55 IC 132 x0=0.790174 velocity_parameter=-0.0808333 status=collision: trajectory reached the configured collision radius
velocity row 56/120 IC 114/599 x0=0.790134 velocity_parameter=-0.0646667 elapsed=51.3818s written=0
  crossing 0/250
  stopped velocity row 56 IC 114 x0=0.790134 velocity_parameter=-0.0646667 status=collision: trajectory reached the configured collision radius
velocity row 56/120 IC 124/599 x0=0.790156 velocity_parameter=-0.0646667 elapsed=51.7543s written=0
  crossing 0/250
  stopped velocity row 56 IC 124 x0=0.790156 velocity_parameter=-0.0646667 status=collision: trajectory reached the configured collision radius
velocity row 56/120 IC 132/599 x0=0.790174 velocity_parameter=-0.0646667 elapsed=52.0618s written=0
  crossing 0/250
  stopped velocity row 56 IC 132 x0=0.790174 velocity_parameter=-0.0646667 status=collision: trajectory reached the configured collision radius
velocity row 57/120 IC 114/599 x0=0.790134 velocity_parameter=-0.0485 elapsed=52.0976s written=0
  crossing 0/250
  stopped velocity row 57 IC 114 x0=0.790134 velocity_parameter=-0.0485 status=collision: trajectory reached the configured collision radius
velocity row 57/120 IC 124/599 x0=0.790156 velocity_parameter=-0.0485 elapsed=52.4438s written=0
  crossing 0/250
  stopped velocity row 57 IC 124 x0=0.790156 velocity_parameter=-0.0485 status=collision: trajectory reached the configured collision radius
velocity row 57/120 IC 132/599 x0=0.790174 velocity_parameter=-0.0485 elapsed=52.7228s written=0
  crossing 0/250
  stopped velocity row 57 IC 132 x0=0.790174 velocity_parameter=-0.0485 status=collision: trajectory reached the configured collision radius
velocity row 58/120 IC 114/599 x0=0.790134 velocity_parameter=-0.0323333 elapsed=52.759s written=0
  crossing 0/250
  stopped velocity row 58 IC 114 x0=0.790134 velocity_parameter=-0.0323333 status=collision: trajectory reached the configured collision radius
velocity row 58/120 IC 124/599 x0=0.790156 velocity_parameter=-0.0323333 elapsed=53.1346s written=0
  crossing 0/250
  stopped velocity row 58 IC 124 x0=0.790156 velocity_parameter=-0.0323333 status=collision: trajectory reached the configured collision radius
velocity row 58/120 IC 132/599 x0=0.790174 velocity_parameter=-0.0323333 elapsed=53.4165s written=0
  crossing 0/250
  stopped velocity row 58 IC 132 x0=0.790174 velocity_parameter=-0.0323333 status=collision: trajectory reached the configured collision radius
velocity row 59/120 IC 114/599 x0=0.790134 velocity_parameter=-0.0161667 elapsed=53.4519s written=0
  crossing 0/250
  stopped velocity row 59 IC 114 x0=0.790134 velocity_parameter=-0.0161667 status=collision: trajectory reached the configured collision radius
velocity row 59/120 IC 124/599 x0=0.790156 velocity_parameter=-0.0161667 elapsed=53.8264s written=0
  crossing 0/250
  stopped velocity row 59 IC 124 x0=0.790156 velocity_parameter=-0.0161667 status=collision: trajectory reached the configured collision radius
velocity row 59/120 IC 132/599 x0=0.790174 velocity_parameter=-0.0161667 elapsed=54.1079s written=0
  crossing 0/250
  stopped velocity row 59 IC 132 x0=0.790174 velocity_parameter=-0.0161667 status=collision: trajectory reached the configured collision radius
velocity row 60/120 IC 114/599 x0=0.790134 velocity_parameter=0 elapsed=54.1427s written=0
  crossing 0/250
  stopped velocity row 60 IC 114 x0=0.790134 velocity_parameter=0 status=collision: trajectory reached the configured collision radius
velocity row 60/120 IC 124/599 x0=0.790156 velocity_parameter=0 elapsed=54.5259s written=0
  crossing 0/250
  stopped velocity row 60 IC 124 x0=0.790156 velocity_parameter=0 status=collision: trajectory reached the configured collision radius
velocity row 60/120 IC 132/599 x0=0.790174 velocity_parameter=0 elapsed=54.805s written=0
  crossing 0/250
  stopped velocity row 60 IC 132 x0=0.790174 velocity_parameter=0 status=collision: trajectory reached the configured collision radius
velocity row 61/120 IC 114/599 x0=0.790134 velocity_parameter=0.0161667 elapsed=54.84s written=0
  crossing 0/250
  stopped velocity row 61 IC 114 x0=0.790134 velocity_parameter=0.0161667 status=collision: trajectory reached the configured collision radius
velocity row 61/120 IC 124/599 x0=0.790156 velocity_parameter=0.0161667 elapsed=55.2124s written=0
  crossing 0/250
  stopped velocity row 61 IC 124 x0=0.790156 velocity_parameter=0.0161667 status=collision: trajectory reached the configured collision radius
velocity row 61/120 IC 132/599 x0=0.790174 velocity_parameter=0.0161667 elapsed=55.5622s written=0
  crossing 0/250
  stopped velocity row 61 IC 132 x0=0.790174 velocity_parameter=0.0161667 status=collision: trajectory reached the configured collision radius
velocity row 62/120 IC 114/599 x0=0.790134 velocity_parameter=0.0323333 elapsed=55.6016s written=0
  crossing 0/250
  stopped velocity row 62 IC 114 x0=0.790134 velocity_parameter=0.0323333 status=collision: trajectory reached the configured collision radius
velocity row 62/120 IC 124/599 x0=0.790156 velocity_parameter=0.0323333 elapsed=55.952s written=0
  crossing 0/250
  stopped velocity row 62 IC 124 x0=0.790156 velocity_parameter=0.0323333 status=collision: trajectory reached the configured collision radius
velocity row 62/120 IC 132/599 x0=0.790174 velocity_parameter=0.0323333 elapsed=56.2339s written=0
  crossing 0/250
  stopped velocity row 62 IC 132 x0=0.790174 velocity_parameter=0.0323333 status=collision: trajectory reached the configured collision radius
velocity row 63/120 IC 114/599 x0=0.790134 velocity_parameter=0.0485 elapsed=56.2678s written=0
  crossing 0/250
  stopped velocity row 63 IC 114 x0=0.790134 velocity_parameter=0.0485 status=collision: trajectory reached the configured collision radius
velocity row 63/120 IC 124/599 x0=0.790156 velocity_parameter=0.0485 elapsed=56.6233s written=0
  crossing 0/250
  stopped velocity row 63 IC 124 x0=0.790156 velocity_parameter=0.0485 status=collision: trajectory reached the configured collision radius
velocity row 63/120 IC 132/599 x0=0.790174 velocity_parameter=0.0485 elapsed=56.9175s written=0
  crossing 0/250
  stopped velocity row 63 IC 132 x0=0.790174 velocity_parameter=0.0485 status=collision: trajectory reached the configured collision radius
velocity row 64/120 IC 114/599 x0=0.790134 velocity_parameter=0.0646667 elapsed=56.9517s written=0
  crossing 0/250
  stopped velocity row 64 IC 114 x0=0.790134 velocity_parameter=0.0646667 status=collision: trajectory reached the configured collision radius
velocity row 64/120 IC 124/599 x0=0.790156 velocity_parameter=0.0646667 elapsed=57.3102s written=0
  crossing 0/250
  stopped velocity row 64 IC 124 x0=0.790156 velocity_parameter=0.0646667 status=collision: trajectory reached the configured collision radius
velocity row 64/120 IC 132/599 x0=0.790174 velocity_parameter=0.0646667 elapsed=57.6102s written=0
  crossing 0/250
  stopped velocity row 64 IC 132 x0=0.790174 velocity_parameter=0.0646667 status=collision: trajectory reached the configured collision radius
velocity row 65/120 IC 114/599 x0=0.790134 velocity_parameter=0.0808333 elapsed=57.6451s written=0
  crossing 0/250
  stopped velocity row 65 IC 114 x0=0.790134 velocity_parameter=0.0808333 status=collision: trajectory reached the configured collision radius
velocity row 65/120 IC 124/599 x0=0.790156 velocity_parameter=0.0808333 elapsed=58.0235s written=0
  crossing 0/250
  stopped velocity row 65 IC 124 x0=0.790156 velocity_parameter=0.0808333 status=collision: trajectory reached the configured collision radius
velocity row 65/120 IC 132/599 x0=0.790174 velocity_parameter=0.0808333 elapsed=58.3062s written=0
  crossing 0/250
  stopped velocity row 65 IC 132 x0=0.790174 velocity_parameter=0.0808333 status=collision: trajectory reached the configured collision radius
velocity row 66/120 IC 114/599 x0=0.790134 velocity_parameter=0.097 elapsed=58.3421s written=0
  crossing 0/250
  stopped velocity row 66 IC 114 x0=0.790134 velocity_parameter=0.097 status=collision: trajectory reached the configured collision radius
velocity row 66/120 IC 124/599 x0=0.790156 velocity_parameter=0.097 elapsed=58.7089s written=0
  crossing 0/250
  stopped velocity row 66 IC 124 x0=0.790156 velocity_parameter=0.097 status=collision: trajectory reached the configured collision radius
velocity row 66/120 IC 132/599 x0=0.790174 velocity_parameter=0.097 elapsed=58.9896s written=0
  crossing 0/250
  stopped velocity row 66 IC 132 x0=0.790174 velocity_parameter=0.097 status=collision: trajectory reached the configured collision radius
velocity row 67/120 IC 114/599 x0=0.790134 velocity_parameter=0.113167 elapsed=59.0247s written=0
  crossing 0/250
  stopped velocity row 67 IC 114 x0=0.790134 velocity_parameter=0.113167 status=collision: trajectory reached the configured collision radius
velocity row 67/120 IC 124/599 x0=0.790156 velocity_parameter=0.113167 elapsed=59.381s written=0
  crossing 0/250
  stopped velocity row 67 IC 124 x0=0.790156 velocity_parameter=0.113167 status=collision: trajectory reached the configured collision radius
velocity row 67/120 IC 132/599 x0=0.790174 velocity_parameter=0.113167 elapsed=59.6713s written=0
  crossing 0/250
  stopped velocity row 67 IC 132 x0=0.790174 velocity_parameter=0.113167 status=collision: trajectory reached the configured collision radius
velocity row 68/120 IC 114/599 x0=0.790134 velocity_parameter=0.129333 elapsed=59.707s written=0
  crossing 0/250
  stopped velocity row 68 IC 114 x0=0.790134 velocity_parameter=0.129333 status=collision: trajectory reached the configured collision radius
velocity row 68/120 IC 124/599 x0=0.790156 velocity_parameter=0.129333 elapsed=60.0849s written=0
  crossing 0/250
  stopped velocity row 68 IC 124 x0=0.790156 velocity_parameter=0.129333 status=collision: trajectory reached the configured collision radius
velocity row 68/120 IC 132/599 x0=0.790174 velocity_parameter=0.129333 elapsed=60.3877s written=0
  crossing 0/250
  stopped velocity row 68 IC 132 x0=0.790174 velocity_parameter=0.129333 status=collision: trajectory reached the configured collision radius
velocity row 69/120 IC 114/599 x0=0.790134 velocity_parameter=0.1455 elapsed=60.423s written=0
  crossing 0/250
  stopped velocity row 69 IC 114 x0=0.790134 velocity_parameter=0.1455 status=collision: trajectory reached the configured collision radius
velocity row 69/120 IC 124/599 x0=0.790156 velocity_parameter=0.1455 elapsed=60.7696s written=0
  crossing 0/250
  stopped velocity row 69 IC 124 x0=0.790156 velocity_parameter=0.1455 status=collision: trajectory reached the configured collision radius
velocity row 69/120 IC 132/599 x0=0.790174 velocity_parameter=0.1455 elapsed=61.0504s written=0
  crossing 0/250
  stopped velocity row 69 IC 132 x0=0.790174 velocity_parameter=0.1455 status=collision: trajectory reached the configured collision radius
velocity row 70/120 IC 114/599 x0=0.790134 velocity_parameter=0.161667 elapsed=61.0853s written=0
  crossing 0/250
  stopped velocity row 70 IC 114 x0=0.790134 velocity_parameter=0.161667 status=collision: trajectory reached the configured collision radius
velocity row 70/120 IC 124/599 x0=0.790156 velocity_parameter=0.161667 elapsed=61.4927s written=0
  crossing 0/250
  stopped velocity row 70 IC 124 x0=0.790156 velocity_parameter=0.161667 status=collision: trajectory reached the configured collision radius
velocity row 70/120 IC 132/599 x0=0.790174 velocity_parameter=0.161667 elapsed=61.807s written=0
  crossing 0/250
  stopped velocity row 70 IC 132 x0=0.790174 velocity_parameter=0.161667 status=collision: trajectory reached the configured collision radius
velocity row 71/120 IC 114/599 x0=0.790134 velocity_parameter=0.177833 elapsed=61.8433s written=0
  crossing 0/250
  stopped velocity row 71 IC 114 x0=0.790134 velocity_parameter=0.177833 status=collision: trajectory reached the configured collision radius
velocity row 71/120 IC 124/599 x0=0.790156 velocity_parameter=0.177833 elapsed=62.1901s written=0
  crossing 0/250
  stopped velocity row 71 IC 124 x0=0.790156 velocity_parameter=0.177833 status=collision: trajectory reached the configured collision radius
velocity row 71/120 IC 132/599 x0=0.790174 velocity_parameter=0.177833 elapsed=62.4966s written=0
  crossing 0/250
  stopped velocity row 71 IC 132 x0=0.790174 velocity_parameter=0.177833 status=collision: trajectory reached the configured collision radius
velocity row 72/120 IC 114/599 x0=0.790134 velocity_parameter=0.194 elapsed=62.5354s written=0
  crossing 0/250
  stopped velocity row 72 IC 114 x0=0.790134 velocity_parameter=0.194 status=collision: trajectory reached the configured collision radius
velocity row 72/120 IC 124/599 x0=0.790156 velocity_parameter=0.194 elapsed=62.9002s written=0
  crossing 0/250
  stopped velocity row 72 IC 124 x0=0.790156 velocity_parameter=0.194 status=collision: trajectory reached the configured collision radius
velocity row 72/120 IC 132/599 x0=0.790174 velocity_parameter=0.194 elapsed=63.1933s written=0
  crossing 0/250
  stopped velocity row 72 IC 132 x0=0.790174 velocity_parameter=0.194 status=collision: trajectory reached the configured collision radius
velocity row 73/120 IC 114/599 x0=0.790134 velocity_parameter=0.210167 elapsed=63.2274s written=0
  crossing 0/250
  stopped velocity row 73 IC 114 x0=0.790134 velocity_parameter=0.210167 status=collision: trajectory reached the configured collision radius
velocity row 73/120 IC 124/599 x0=0.790156 velocity_parameter=0.210167 elapsed=63.629s written=0
  crossing 0/250
  stopped velocity row 73 IC 124 x0=0.790156 velocity_parameter=0.210167 status=collision: trajectory reached the configured collision radius
velocity row 73/120 IC 132/599 x0=0.790174 velocity_parameter=0.210167 elapsed=63.9141s written=0
  crossing 0/250
  stopped velocity row 73 IC 132 x0=0.790174 velocity_parameter=0.210167 status=collision: trajectory reached the configured collision radius
velocity row 74/120 IC 114/599 x0=0.790134 velocity_parameter=0.226333 elapsed=63.9494s written=0
  crossing 0/250
  stopped velocity row 74 IC 114 x0=0.790134 velocity_parameter=0.226333 status=collision: trajectory reached the configured collision radius
velocity row 74/120 IC 124/599 x0=0.790156 velocity_parameter=0.226333 elapsed=64.3283s written=0
  crossing 0/250
  stopped velocity row 74 IC 124 x0=0.790156 velocity_parameter=0.226333 status=collision: trajectory reached the configured collision radius
velocity row 74/120 IC 132/599 x0=0.790174 velocity_parameter=0.226333 elapsed=64.6557s written=0
  crossing 0/250
  stopped velocity row 74 IC 132 x0=0.790174 velocity_parameter=0.226333 status=collision: trajectory reached the configured collision radius
velocity row 75/120 IC 114/599 x0=0.790134 velocity_parameter=0.2425 elapsed=64.6906s written=0
  crossing 0/250
  stopped velocity row 75 IC 114 x0=0.790134 velocity_parameter=0.2425 status=collision: trajectory reached the configured collision radius
velocity row 75/120 IC 124/599 x0=0.790156 velocity_parameter=0.2425 elapsed=65.0484s written=0
  crossing 0/250
  stopped velocity row 75 IC 124 x0=0.790156 velocity_parameter=0.2425 status=collision: trajectory reached the configured collision radius
velocity row 75/120 IC 132/599 x0=0.790174 velocity_parameter=0.2425 elapsed=65.3769s written=0
  crossing 0/250
  stopped velocity row 75 IC 132 x0=0.790174 velocity_parameter=0.2425 status=collision: trajectory reached the configured collision radius
velocity row 76/120 IC 114/599 x0=0.790134 velocity_parameter=0.258667 elapsed=65.4118s written=0
  crossing 0/250
  stopped velocity row 76 IC 114 x0=0.790134 velocity_parameter=0.258667 status=collision: trajectory reached the configured collision radius
velocity row 76/120 IC 124/599 x0=0.790156 velocity_parameter=0.258667 elapsed=65.7642s written=0
  crossing 0/250
  stopped velocity row 76 IC 124 x0=0.790156 velocity_parameter=0.258667 status=collision: trajectory reached the configured collision radius
velocity row 76/120 IC 132/599 x0=0.790174 velocity_parameter=0.258667 elapsed=66.0601s written=0
  crossing 0/250
  stopped velocity row 76 IC 132 x0=0.790174 velocity_parameter=0.258667 status=collision: trajectory reached the configured collision radius
velocity row 77/120 IC 114/599 x0=0.790134 velocity_parameter=0.274833 elapsed=66.096s written=0
  crossing 0/250
  stopped velocity row 77 IC 114 x0=0.790134 velocity_parameter=0.274833 status=collision: trajectory reached the configured collision radius
velocity row 77/120 IC 124/599 x0=0.790156 velocity_parameter=0.274833 elapsed=66.4847s written=0
  crossing 0/250
  stopped velocity row 77 IC 124 x0=0.790156 velocity_parameter=0.274833 status=collision: trajectory reached the configured collision radius
velocity row 77/120 IC 132/599 x0=0.790174 velocity_parameter=0.274833 elapsed=66.7655s written=0
  crossing 0/250
  stopped velocity row 77 IC 132 x0=0.790174 velocity_parameter=0.274833 status=collision: trajectory reached the configured collision radius
velocity row 78/120 IC 114/599 x0=0.790134 velocity_parameter=0.291 elapsed=66.8008s written=0
  crossing 0/250
  stopped velocity row 78 IC 114 x0=0.790134 velocity_parameter=0.291 status=collision: trajectory reached the configured collision radius
velocity row 78/120 IC 124/599 x0=0.790156 velocity_parameter=0.291 elapsed=67.1536s written=0
  crossing 0/250
  stopped velocity row 78 IC 124 x0=0.790156 velocity_parameter=0.291 status=collision: trajectory reached the configured collision radius
velocity row 78/120 IC 132/599 x0=0.790174 velocity_parameter=0.291 elapsed=67.4422s written=0
  crossing 0/250
  stopped velocity row 78 IC 132 x0=0.790174 velocity_parameter=0.291 status=collision: trajectory reached the configured collision radius
velocity row 79/120 IC 114/599 x0=0.790134 velocity_parameter=0.307167 elapsed=67.477s written=0
  crossing 0/250
  stopped velocity row 79 IC 114 x0=0.790134 velocity_parameter=0.307167 status=collision: trajectory reached the configured collision radius
velocity row 79/120 IC 124/599 x0=0.790156 velocity_parameter=0.307167 elapsed=67.8486s written=0
  crossing 0/250
  stopped velocity row 79 IC 124 x0=0.790156 velocity_parameter=0.307167 status=collision: trajectory reached the configured collision radius
velocity row 79/120 IC 132/599 x0=0.790174 velocity_parameter=0.307167 elapsed=68.1484s written=0
  crossing 0/250
  stopped velocity row 79 IC 132 x0=0.790174 velocity_parameter=0.307167 status=collision: trajectory reached the configured collision radius
velocity row 80/120 IC 114/599 x0=0.790134 velocity_parameter=0.323333 elapsed=68.1839s written=0
  crossing 0/250
  stopped velocity row 80 IC 114 x0=0.790134 velocity_parameter=0.323333 status=collision: trajectory reached the configured collision radius
velocity row 80/120 IC 124/599 x0=0.790156 velocity_parameter=0.323333 elapsed=68.5452s written=0
  crossing 0/250
  stopped velocity row 80 IC 124 x0=0.790156 velocity_parameter=0.323333 status=collision: trajectory reached the configured collision radius
velocity row 80/120 IC 132/599 x0=0.790174 velocity_parameter=0.323333 elapsed=68.819s written=0
  crossing 0/250
  stopped velocity row 80 IC 132 x0=0.790174 velocity_parameter=0.323333 status=collision: trajectory reached the configured collision radius
velocity row 81/120 IC 114/599 x0=0.790134 velocity_parameter=0.3395 elapsed=68.8532s written=0
  crossing 0/250
  stopped velocity row 81 IC 114 x0=0.790134 velocity_parameter=0.3395 status=collision: trajectory reached the configured collision radius
velocity row 81/120 IC 124/599 x0=0.790156 velocity_parameter=0.3395 elapsed=69.1986s written=0
  crossing 0/250
  stopped velocity row 81 IC 124 x0=0.790156 velocity_parameter=0.3395 status=collision: trajectory reached the configured collision radius
velocity row 81/120 IC 132/599 x0=0.790174 velocity_parameter=0.3395 elapsed=69.4909s written=0
  crossing 0/250
  stopped velocity row 81 IC 132 x0=0.790174 velocity_parameter=0.3395 status=collision: trajectory reached the configured collision radius
velocity row 82/120 IC 114/599 x0=0.790134 velocity_parameter=0.355667 elapsed=69.5261s written=0
  crossing 0/250
  stopped velocity row 82 IC 114 x0=0.790134 velocity_parameter=0.355667 status=collision: trajectory reached the configured collision radius
velocity row 82/120 IC 124/599 x0=0.790156 velocity_parameter=0.355667 elapsed=69.914s written=0
  crossing 0/250
  stopped velocity row 82 IC 124 x0=0.790156 velocity_parameter=0.355667 status=collision: trajectory reached the configured collision radius
velocity row 82/120 IC 132/599 x0=0.790174 velocity_parameter=0.355667 elapsed=70.1908s written=0
  crossing 0/250
  stopped velocity row 82 IC 132 x0=0.790174 velocity_parameter=0.355667 status=collision: trajectory reached the configured collision radius
velocity row 83/120 IC 114/599 x0=0.790134 velocity_parameter=0.371833 elapsed=70.2259s written=0
  crossing 0/250
  stopped velocity row 83 IC 114 x0=0.790134 velocity_parameter=0.371833 status=collision: trajectory reached the configured collision radius
velocity row 83/120 IC 124/599 x0=0.790156 velocity_parameter=0.371833 elapsed=70.5648s written=0
  crossing 0/250
  stopped velocity row 83 IC 124 x0=0.790156 velocity_parameter=0.371833 status=collision: trajectory reached the configured collision radius
velocity row 83/120 IC 132/599 x0=0.790174 velocity_parameter=0.371833 elapsed=70.8419s written=0
  crossing 0/250
  stopped velocity row 83 IC 132 x0=0.790174 velocity_parameter=0.371833 status=collision: trajectory reached the configured collision radius
velocity row 84/120 IC 114/599 x0=0.790134 velocity_parameter=0.388 elapsed=70.877s written=0
  crossing 0/250
  stopped velocity row 84 IC 114 x0=0.790134 velocity_parameter=0.388 status=collision: trajectory reached the configured collision radius
velocity row 84/120 IC 124/599 x0=0.790156 velocity_parameter=0.388 elapsed=71.2485s written=0
  crossing 0/250
  stopped velocity row 84 IC 124 x0=0.790156 velocity_parameter=0.388 status=collision: trajectory reached the configured collision radius
velocity row 84/120 IC 132/599 x0=0.790174 velocity_parameter=0.388 elapsed=71.533s written=0
  crossing 0/250
  stopped velocity row 84 IC 132 x0=0.790174 velocity_parameter=0.388 status=collision: trajectory reached the configured collision radius
velocity row 85/120 IC 114/599 x0=0.790134 velocity_parameter=0.404167 elapsed=71.5671s written=0
  crossing 0/250
  stopped velocity row 85 IC 114 x0=0.790134 velocity_parameter=0.404167 status=collision: trajectory reached the configured collision radius
velocity row 85/120 IC 124/599 x0=0.790156 velocity_parameter=0.404167 elapsed=71.9127s written=0
  crossing 0/250
  stopped velocity row 85 IC 124 x0=0.790156 velocity_parameter=0.404167 status=collision: trajectory reached the configured collision radius
velocity row 85/120 IC 132/599 x0=0.790174 velocity_parameter=0.404167 elapsed=72.208s written=0
  crossing 0/250
  stopped velocity row 85 IC 132 x0=0.790174 velocity_parameter=0.404167 status=collision: trajectory reached the configured collision radius
velocity row 86/120 IC 114/599 x0=0.790134 velocity_parameter=0.420333 elapsed=72.2427s written=0
  crossing 0/250
  stopped velocity row 86 IC 114 x0=0.790134 velocity_parameter=0.420333 status=collision: trajectory reached the configured collision radius
velocity row 86/120 IC 124/599 x0=0.790156 velocity_parameter=0.420333 elapsed=72.6126s written=0
  crossing 0/250
  stopped velocity row 86 IC 124 x0=0.790156 velocity_parameter=0.420333 status=collision: trajectory reached the configured collision radius
velocity row 86/120 IC 132/599 x0=0.790174 velocity_parameter=0.420333 elapsed=72.9137s written=0
  crossing 0/250
  stopped velocity row 86 IC 132 x0=0.790174 velocity_parameter=0.420333 status=collision: trajectory reached the configured collision radius
velocity row 87/120 IC 114/599 x0=0.790134 velocity_parameter=0.4365 elapsed=72.9505s written=0
  crossing 0/250
  stopped velocity row 87 IC 114 x0=0.790134 velocity_parameter=0.4365 status=collision: trajectory reached the configured collision radius
velocity row 87/120 IC 124/599 x0=0.790156 velocity_parameter=0.4365 elapsed=73.3086s written=0
  crossing 0/250
  stopped velocity row 87 IC 124 x0=0.790156 velocity_parameter=0.4365 status=collision: trajectory reached the configured collision radius
velocity row 87/120 IC 132/599 x0=0.790174 velocity_parameter=0.4365 elapsed=73.5866s written=0
  crossing 0/250
  stopped velocity row 87 IC 132 x0=0.790174 velocity_parameter=0.4365 status=collision: trajectory reached the configured collision radius
velocity row 88/120 IC 114/599 x0=0.790134 velocity_parameter=0.452667 elapsed=73.6225s written=0
  crossing 0/250
  stopped velocity row 88 IC 114 x0=0.790134 velocity_parameter=0.452667 status=collision: trajectory reached the configured collision radius
velocity row 88/120 IC 124/599 x0=0.790156 velocity_parameter=0.452667 elapsed=73.9804s written=0
  crossing 0/250
  stopped velocity row 88 IC 124 x0=0.790156 velocity_parameter=0.452667 status=collision: trajectory reached the configured collision radius
velocity row 88/120 IC 132/599 x0=0.790174 velocity_parameter=0.452667 elapsed=74.2581s written=0
  crossing 0/250
  stopped velocity row 88 IC 132 x0=0.790174 velocity_parameter=0.452667 status=collision: trajectory reached the configured collision radius
velocity row 89/120 IC 114/599 x0=0.790134 velocity_parameter=0.468833 elapsed=74.2927s written=0
  crossing 0/250
  stopped velocity row 89 IC 114 x0=0.790134 velocity_parameter=0.468833 status=collision: trajectory reached the configured collision radius
velocity row 89/120 IC 124/599 x0=0.790156 velocity_parameter=0.468833 elapsed=74.6473s written=0
  crossing 0/250
  stopped velocity row 89 IC 124 x0=0.790156 velocity_parameter=0.468833 status=collision: trajectory reached the configured collision radius
velocity row 89/120 IC 132/599 x0=0.790174 velocity_parameter=0.468833 elapsed=74.9251s written=0
  crossing 0/250
  stopped velocity row 89 IC 132 x0=0.790174 velocity_parameter=0.468833 status=collision: trajectory reached the configured collision radius
velocity row 90/120 IC 114/599 x0=0.790134 velocity_parameter=0.485 elapsed=74.9608s written=0
  crossing 0/250
  stopped velocity row 90 IC 114 x0=0.790134 velocity_parameter=0.485 status=collision: trajectory reached the configured collision radius
velocity row 90/120 IC 124/599 x0=0.790156 velocity_parameter=0.485 elapsed=75.3155s written=0
  crossing 0/250
  stopped velocity row 90 IC 124 x0=0.790156 velocity_parameter=0.485 status=collision: trajectory reached the configured collision radius
velocity row 90/120 IC 132/599 x0=0.790174 velocity_parameter=0.485 elapsed=75.5981s written=0
  crossing 0/250
  stopped velocity row 90 IC 132 x0=0.790174 velocity_parameter=0.485 status=collision: trajectory reached the configured collision radius
velocity row 91/120 IC 114/599 x0=0.790134 velocity_parameter=0.501167 elapsed=75.6324s written=0
  crossing 0/250
  stopped velocity row 91 IC 114 x0=0.790134 velocity_parameter=0.501167 status=collision: trajectory reached the configured collision radius
velocity row 91/120 IC 124/599 x0=0.790156 velocity_parameter=0.501167 elapsed=75.9803s written=0
  crossing 0/250
  stopped velocity row 91 IC 124 x0=0.790156 velocity_parameter=0.501167 status=collision: trajectory reached the configured collision radius
velocity row 91/120 IC 132/599 x0=0.790174 velocity_parameter=0.501167 elapsed=76.2601s written=0
  crossing 0/250
  stopped velocity row 91 IC 132 x0=0.790174 velocity_parameter=0.501167 status=collision: trajectory reached the configured collision radius
velocity row 92/120 IC 114/599 x0=0.790134 velocity_parameter=0.517333 elapsed=76.295s written=0
  crossing 0/250
  stopped velocity row 92 IC 114 x0=0.790134 velocity_parameter=0.517333 status=collision: trajectory reached the configured collision radius
velocity row 92/120 IC 124/599 x0=0.790156 velocity_parameter=0.517333 elapsed=76.6536s written=0
  crossing 0/250
  stopped velocity row 92 IC 124 x0=0.790156 velocity_parameter=0.517333 status=collision: trajectory reached the configured collision radius
velocity row 92/120 IC 132/599 x0=0.790174 velocity_parameter=0.517333 elapsed=76.9471s written=0
  crossing 0/250
  stopped velocity row 92 IC 132 x0=0.790174 velocity_parameter=0.517333 status=collision: trajectory reached the configured collision radius
velocity row 93/120 IC 114/599 x0=0.790134 velocity_parameter=0.5335 elapsed=76.9819s written=0
  crossing 0/250
  stopped velocity row 93 IC 114 x0=0.790134 velocity_parameter=0.5335 status=collision: trajectory reached the configured collision radius
velocity row 93/120 IC 124/599 x0=0.790156 velocity_parameter=0.5335 elapsed=77.3359s written=0
  crossing 0/250
  stopped velocity row 93 IC 124 x0=0.790156 velocity_parameter=0.5335 status=collision: trajectory reached the configured collision radius
velocity row 93/120 IC 132/599 x0=0.790174 velocity_parameter=0.5335 elapsed=77.6504s written=0
  crossing 0/250
  stopped velocity row 93 IC 132 x0=0.790174 velocity_parameter=0.5335 status=collision: trajectory reached the configured collision radius
velocity row 94/120 IC 114/599 x0=0.790134 velocity_parameter=0.549667 elapsed=77.6853s written=0
  crossing 0/250
  stopped velocity row 94 IC 114 x0=0.790134 velocity_parameter=0.549667 status=collision: trajectory reached the configured collision radius
velocity row 94/120 IC 124/599 x0=0.790156 velocity_parameter=0.549667 elapsed=78.0344s written=0
  crossing 0/250
  stopped velocity row 94 IC 124 x0=0.790156 velocity_parameter=0.549667 status=collision: trajectory reached the configured collision radius
velocity row 94/120 IC 132/599 x0=0.790174 velocity_parameter=0.549667 elapsed=78.3182s written=0
  crossing 0/250
  stopped velocity row 94 IC 132 x0=0.790174 velocity_parameter=0.549667 status=collision: trajectory reached the configured collision radius
velocity row 95/120 IC 114/599 x0=0.790134 velocity_parameter=0.565833 elapsed=78.3528s written=0
  crossing 0/250
  stopped velocity row 95 IC 114 x0=0.790134 velocity_parameter=0.565833 status=collision: trajectory reached the configured collision radius
velocity row 95/120 IC 124/599 x0=0.790156 velocity_parameter=0.565833 elapsed=78.7059s written=0
  crossing 0/250
  stopped velocity row 95 IC 124 x0=0.790156 velocity_parameter=0.565833 status=collision: trajectory reached the configured collision radius
velocity row 95/120 IC 132/599 x0=0.790174 velocity_parameter=0.565833 elapsed=79.0199s written=0
  crossing 0/250
  stopped velocity row 95 IC 132 x0=0.790174 velocity_parameter=0.565833 status=collision: trajectory reached the configured collision radius
velocity row 96/120 IC 114/599 x0=0.790134 velocity_parameter=0.582 elapsed=79.055s written=0
  crossing 0/250
  stopped velocity row 96 IC 114 x0=0.790134 velocity_parameter=0.582 status=collision: trajectory reached the configured collision radius
velocity row 96/120 IC 124/599 x0=0.790156 velocity_parameter=0.582 elapsed=79.4089s written=0
  crossing 0/250
  stopped velocity row 96 IC 124 x0=0.790156 velocity_parameter=0.582 status=collision: trajectory reached the configured collision radius
velocity row 96/120 IC 132/599 x0=0.790174 velocity_parameter=0.582 elapsed=79.7219s written=0
  crossing 0/250
  stopped velocity row 96 IC 132 x0=0.790174 velocity_parameter=0.582 status=collision: trajectory reached the configured collision radius
velocity row 97/120 IC 114/599 x0=0.790134 velocity_parameter=0.598167 elapsed=79.7578s written=0
  crossing 0/250
  stopped velocity row 97 IC 114 x0=0.790134 velocity_parameter=0.598167 status=collision: trajectory reached the configured collision radius
velocity row 97/120 IC 124/599 x0=0.790156 velocity_parameter=0.598167 elapsed=80.1656s written=0
  crossing 0/250
  stopped velocity row 97 IC 124 x0=0.790156 velocity_parameter=0.598167 status=collision: trajectory reached the configured collision radius
velocity row 97/120 IC 132/599 x0=0.790174 velocity_parameter=0.598167 elapsed=80.449s written=0
  crossing 0/250
  stopped velocity row 97 IC 132 x0=0.790174 velocity_parameter=0.598167 status=collision: trajectory reached the configured collision radius
velocity row 98/120 IC 114/599 x0=0.790134 velocity_parameter=0.614333 elapsed=80.4851s written=0
  crossing 0/250
  stopped velocity row 98 IC 114 x0=0.790134 velocity_parameter=0.614333 status=collision: trajectory reached the configured collision radius
velocity row 98/120 IC 124/599 x0=0.790156 velocity_parameter=0.614333 elapsed=80.8441s written=0
  crossing 0/250
  stopped velocity row 98 IC 124 x0=0.790156 velocity_parameter=0.614333 status=collision: trajectory reached the configured collision radius
velocity row 98/120 IC 132/599 x0=0.790174 velocity_parameter=0.614333 elapsed=81.1453s written=0
  crossing 0/250
  stopped velocity row 98 IC 132 x0=0.790174 velocity_parameter=0.614333 status=collision: trajectory reached the configured collision radius
velocity row 99/120 IC 114/599 x0=0.790134 velocity_parameter=0.6305 elapsed=81.1804s written=0
  crossing 0/250
  stopped velocity row 99 IC 114 x0=0.790134 velocity_parameter=0.6305 status=collision: trajectory reached the configured collision radius
velocity row 99/120 IC 124/599 x0=0.790156 velocity_parameter=0.6305 elapsed=81.5841s written=0
  crossing 0/250
  stopped velocity row 99 IC 124 x0=0.790156 velocity_parameter=0.6305 status=collision: trajectory reached the configured collision radius
velocity row 99/120 IC 132/599 x0=0.790174 velocity_parameter=0.6305 elapsed=81.867s written=0
  crossing 0/250
  stopped velocity row 99 IC 132 x0=0.790174 velocity_parameter=0.6305 status=collision: trajectory reached the configured collision radius
velocity row 100/120 IC 114/599 x0=0.790134 velocity_parameter=0.646667 elapsed=81.9018s written=0
  crossing 0/250
  stopped velocity row 100 IC 114 x0=0.790134 velocity_parameter=0.646667 status=collision: trajectory reached the configured collision radius
velocity row 100/120 IC 124/599 x0=0.790156 velocity_parameter=0.646667 elapsed=82.2735s written=0
  crossing 0/250
  stopped velocity row 100 IC 124 x0=0.790156 velocity_parameter=0.646667 status=collision: trajectory reached the configured collision radius
velocity row 100/120 IC 132/599 x0=0.790174 velocity_parameter=0.646667 elapsed=82.5585s written=0
  crossing 0/250
  stopped velocity row 100 IC 132 x0=0.790174 velocity_parameter=0.646667 status=collision: trajectory reached the configured collision radius
velocity row 101/120 IC 114/599 x0=0.790134 velocity_parameter=0.662833 elapsed=82.5937s written=0
  crossing 0/250
  stopped velocity row 101 IC 114 x0=0.790134 velocity_parameter=0.662833 status=collision: trajectory reached the configured collision radius
velocity row 101/120 IC 124/599 x0=0.790156 velocity_parameter=0.662833 elapsed=82.9443s written=0
  crossing 0/250
  stopped velocity row 101 IC 124 x0=0.790156 velocity_parameter=0.662833 status=collision: trajectory reached the configured collision radius
velocity row 101/120 IC 132/599 x0=0.790174 velocity_parameter=0.662833 elapsed=83.2253s written=0
  crossing 0/250
  stopped velocity row 101 IC 132 x0=0.790174 velocity_parameter=0.662833 status=collision: trajectory reached the configured collision radius
velocity row 102/120 IC 114/599 x0=0.790134 velocity_parameter=0.679 elapsed=83.2598s written=0
  crossing 0/250
  stopped velocity row 102 IC 114 x0=0.790134 velocity_parameter=0.679 status=collision: trajectory reached the configured collision radius
velocity row 102/120 IC 124/599 x0=0.790156 velocity_parameter=0.679 elapsed=83.6191s written=0
  crossing 0/250
  stopped velocity row 102 IC 124 x0=0.790156 velocity_parameter=0.679 status=collision: trajectory reached the configured collision radius
velocity row 102/120 IC 132/599 x0=0.790174 velocity_parameter=0.679 elapsed=83.9343s written=0
  crossing 0/250
  stopped velocity row 102 IC 132 x0=0.790174 velocity_parameter=0.679 status=collision: trajectory reached the configured collision radius
velocity row 103/120 IC 114/599 x0=0.790134 velocity_parameter=0.695167 elapsed=83.9699s written=0
  crossing 0/250
  stopped velocity row 103 IC 114 x0=0.790134 velocity_parameter=0.695167 status=collision: trajectory reached the configured collision radius
velocity row 103/120 IC 124/599 x0=0.790156 velocity_parameter=0.695167 elapsed=84.3246s written=0
  crossing 0/250
  stopped velocity row 103 IC 124 x0=0.790156 velocity_parameter=0.695167 status=collision: trajectory reached the configured collision radius
velocity row 103/120 IC 132/599 x0=0.790174 velocity_parameter=0.695167 elapsed=84.6094s written=0
  crossing 0/250
  stopped velocity row 103 IC 132 x0=0.790174 velocity_parameter=0.695167 status=collision: trajectory reached the configured collision radius
velocity row 104/120 IC 114/599 x0=0.790134 velocity_parameter=0.711333 elapsed=84.6446s written=0
  crossing 0/250
  stopped velocity row 104 IC 114 x0=0.790134 velocity_parameter=0.711333 status=collision: trajectory reached the configured collision radius
velocity row 104/120 IC 124/599 x0=0.790156 velocity_parameter=0.711333 elapsed=85.018s written=0
  crossing 0/250
  stopped velocity row 104 IC 124 x0=0.790156 velocity_parameter=0.711333 status=collision: trajectory reached the configured collision radius
velocity row 104/120 IC 132/599 x0=0.790174 velocity_parameter=0.711333 elapsed=85.3419s written=0
  crossing 0/250
  stopped velocity row 104 IC 132 x0=0.790174 velocity_parameter=0.711333 status=collision: trajectory reached the configured collision radius
velocity row 105/120 IC 114/599 x0=0.790134 velocity_parameter=0.7275 elapsed=85.3773s written=0
  crossing 0/250
  stopped velocity row 105 IC 114 x0=0.790134 velocity_parameter=0.7275 status=collision: trajectory reached the configured collision radius
velocity row 105/120 IC 124/599 x0=0.790156 velocity_parameter=0.7275 elapsed=85.7777s written=0
  crossing 0/250
  stopped velocity row 105 IC 124 x0=0.790156 velocity_parameter=0.7275 status=collision: trajectory reached the configured collision radius
velocity row 105/120 IC 132/599 x0=0.790174 velocity_parameter=0.7275 elapsed=86.0862s written=0
  crossing 0/250
  stopped velocity row 105 IC 132 x0=0.790174 velocity_parameter=0.7275 status=collision: trajectory reached the configured collision radius
velocity row 106/120 IC 114/599 x0=0.790134 velocity_parameter=0.743667 elapsed=86.1216s written=0
  crossing 0/250
  stopped velocity row 106 IC 114 x0=0.790134 velocity_parameter=0.743667 status=collision: trajectory reached the configured collision radius
velocity row 106/120 IC 124/599 x0=0.790156 velocity_parameter=0.743667 elapsed=86.4729s written=0
  crossing 0/250
  stopped velocity row 106 IC 124 x0=0.790156 velocity_parameter=0.743667 status=collision: trajectory reached the configured collision radius
velocity row 106/120 IC 132/599 x0=0.790174 velocity_parameter=0.743667 elapsed=86.7719s written=0
  crossing 0/250
  stopped velocity row 106 IC 132 x0=0.790174 velocity_parameter=0.743667 status=collision: trajectory reached the configured collision radius
velocity row 107/120 IC 114/599 x0=0.790134 velocity_parameter=0.759833 elapsed=86.8066s written=0
  crossing 0/250
  stopped velocity row 107 IC 114 x0=0.790134 velocity_parameter=0.759833 status=collision: trajectory reached the configured collision radius
velocity row 107/120 IC 124/599 x0=0.790156 velocity_parameter=0.759833 elapsed=87.1585s written=0
  crossing 0/250
  stopped velocity row 107 IC 124 x0=0.790156 velocity_parameter=0.759833 status=collision: trajectory reached the configured collision radius
velocity row 107/120 IC 132/599 x0=0.790174 velocity_parameter=0.759833 elapsed=87.4473s written=0
  crossing 0/250
  stopped velocity row 107 IC 132 x0=0.790174 velocity_parameter=0.759833 status=collision: trajectory reached the configured collision radius
velocity row 108/120 IC 114/599 x0=0.790134 velocity_parameter=0.776 elapsed=87.4824s written=0
  crossing 0/250
  stopped velocity row 108 IC 114 x0=0.790134 velocity_parameter=0.776 status=collision: trajectory reached the configured collision radius
velocity row 108/120 IC 124/599 x0=0.790156 velocity_parameter=0.776 elapsed=87.8393s written=0
  crossing 0/250
  stopped velocity row 108 IC 124 x0=0.790156 velocity_parameter=0.776 status=collision: trajectory reached the configured collision radius
velocity row 108/120 IC 132/599 x0=0.790174 velocity_parameter=0.776 elapsed=88.1242s written=0
  crossing 0/250
  stopped velocity row 108 IC 132 x0=0.790174 velocity_parameter=0.776 status=collision: trajectory reached the configured collision radius
velocity row 109/120 IC 114/599 x0=0.790134 velocity_parameter=0.792167 elapsed=88.1592s written=0
  crossing 0/250
  stopped velocity row 109 IC 114 x0=0.790134 velocity_parameter=0.792167 status=collision: trajectory reached the configured collision radius
velocity row 109/120 IC 124/599 x0=0.790156 velocity_parameter=0.792167 elapsed=88.5189s written=0
  crossing 0/250
  stopped velocity row 109 IC 124 x0=0.790156 velocity_parameter=0.792167 status=collision: trajectory reached the configured collision radius
velocity row 109/120 IC 132/599 x0=0.790174 velocity_parameter=0.792167 elapsed=88.8084s written=0
  crossing 0/250
  stopped velocity row 109 IC 132 x0=0.790174 velocity_parameter=0.792167 status=collision: trajectory reached the configured collision radius
velocity row 110/120 IC 114/599 x0=0.790134 velocity_parameter=0.808333 elapsed=88.8438s written=0
  crossing 0/250
  stopped velocity row 110 IC 114 x0=0.790134 velocity_parameter=0.808333 status=collision: trajectory reached the configured collision radius
velocity row 110/120 IC 124/599 x0=0.790156 velocity_parameter=0.808333 elapsed=89.1981s written=0
  crossing 0/250
  stopped velocity row 110 IC 124 x0=0.790156 velocity_parameter=0.808333 status=collision: trajectory reached the configured collision radius
velocity row 110/120 IC 132/599 x0=0.790174 velocity_parameter=0.808333 elapsed=89.5049s written=0
  crossing 0/250
  stopped velocity row 110 IC 132 x0=0.790174 velocity_parameter=0.808333 status=collision: trajectory reached the configured collision radius
velocity row 111/120 IC 114/599 x0=0.790134 velocity_parameter=0.8245 elapsed=89.5403s written=0
  crossing 0/250
  stopped velocity row 111 IC 114 x0=0.790134 velocity_parameter=0.8245 status=collision: trajectory reached the configured collision radius
velocity row 111/120 IC 124/599 x0=0.790156 velocity_parameter=0.8245 elapsed=89.8959s written=0
  crossing 0/250
  stopped velocity row 111 IC 124 x0=0.790156 velocity_parameter=0.8245 status=collision: trajectory reached the configured collision radius
velocity row 111/120 IC 132/599 x0=0.790174 velocity_parameter=0.8245 elapsed=90.1783s written=0
  crossing 0/250
  stopped velocity row 111 IC 132 x0=0.790174 velocity_parameter=0.8245 status=collision: trajectory reached the configured collision radius
velocity row 112/120 IC 114/599 x0=0.790134 velocity_parameter=0.840667 elapsed=90.2133s written=0
  crossing 0/250
  stopped velocity row 112 IC 114 x0=0.790134 velocity_parameter=0.840667 status=collision: trajectory reached the configured collision radius
velocity row 112/120 IC 124/599 x0=0.790156 velocity_parameter=0.840667 elapsed=90.5679s written=0
  crossing 0/250
  stopped velocity row 112 IC 124 x0=0.790156 velocity_parameter=0.840667 status=collision: trajectory reached the configured collision radius
velocity row 112/120 IC 132/599 x0=0.790174 velocity_parameter=0.840667 elapsed=90.8602s written=0
  crossing 0/250
  stopped velocity row 112 IC 132 x0=0.790174 velocity_parameter=0.840667 status=collision: trajectory reached the configured collision radius
velocity row 113/120 IC 114/599 x0=0.790134 velocity_parameter=0.856833 elapsed=90.8971s written=0
  crossing 0/250
  stopped velocity row 113 IC 114 x0=0.790134 velocity_parameter=0.856833 status=collision: trajectory reached the configured collision radius
velocity row 113/120 IC 124/599 x0=0.790156 velocity_parameter=0.856833 elapsed=91.2694s written=0
  crossing 0/250
  stopped velocity row 113 IC 124 x0=0.790156 velocity_parameter=0.856833 status=collision: trajectory reached the configured collision radius
velocity row 113/120 IC 132/599 x0=0.790174 velocity_parameter=0.856833 elapsed=91.554s written=0
  crossing 0/250
  stopped velocity row 113 IC 132 x0=0.790174 velocity_parameter=0.856833 status=collision: trajectory reached the configured collision radius
velocity row 114/120 IC 114/599 x0=0.790134 velocity_parameter=0.873 elapsed=91.5891s written=0
  crossing 0/250
  stopped velocity row 114 IC 114 x0=0.790134 velocity_parameter=0.873 status=collision: trajectory reached the configured collision radius
velocity row 114/120 IC 124/599 x0=0.790156 velocity_parameter=0.873 elapsed=91.9647s written=0
  crossing 0/250
  stopped velocity row 114 IC 124 x0=0.790156 velocity_parameter=0.873 status=collision: trajectory reached the configured collision radius
velocity row 114/120 IC 132/599 x0=0.790174 velocity_parameter=0.873 elapsed=92.2513s written=0
  crossing 0/250
  stopped velocity row 114 IC 132 x0=0.790174 velocity_parameter=0.873 status=collision: trajectory reached the configured collision radius
velocity row 115/120 IC 114/599 x0=0.790134 velocity_parameter=0.889167 elapsed=92.287s written=0
  crossing 0/250
  stopped velocity row 115 IC 114 x0=0.790134 velocity_parameter=0.889167 status=collision: trajectory reached the configured collision radius
velocity row 115/120 IC 124/599 x0=0.790156 velocity_parameter=0.889167 elapsed=92.6421s written=0
  crossing 0/250
  stopped velocity row 115 IC 124 x0=0.790156 velocity_parameter=0.889167 status=collision: trajectory reached the configured collision radius
velocity row 115/120 IC 132/599 x0=0.790174 velocity_parameter=0.889167 elapsed=92.9356s written=0
  crossing 0/250
  stopped velocity row 115 IC 132 x0=0.790174 velocity_parameter=0.889167 status=collision: trajectory reached the configured collision radius
velocity row 116/120 IC 114/599 x0=0.790134 velocity_parameter=0.905333 elapsed=92.9716s written=0
  crossing 0/250
  stopped velocity row 116 IC 114 x0=0.790134 velocity_parameter=0.905333 status=collision: trajectory reached the configured collision radius
velocity row 116/120 IC 124/599 x0=0.790156 velocity_parameter=0.905333 elapsed=93.3516s written=0
  crossing 0/250
  stopped velocity row 116 IC 124 x0=0.790156 velocity_parameter=0.905333 status=collision: trajectory reached the configured collision radius
velocity row 116/120 IC 132/599 x0=0.790174 velocity_parameter=0.905333 elapsed=93.634s written=0
  crossing 0/250
  stopped velocity row 116 IC 132 x0=0.790174 velocity_parameter=0.905333 status=collision: trajectory reached the configured collision radius
velocity row 117/120 IC 114/599 x0=0.790134 velocity_parameter=0.9215 elapsed=93.6686s written=0
  crossing 0/250
  stopped velocity row 117 IC 114 x0=0.790134 velocity_parameter=0.9215 status=collision: trajectory reached the configured collision radius
velocity row 117/120 IC 124/599 x0=0.790156 velocity_parameter=0.9215 elapsed=94.0796s written=0
  crossing 0/250
  stopped velocity row 117 IC 124 x0=0.790156 velocity_parameter=0.9215 status=collision: trajectory reached the configured collision radius
velocity row 117/120 IC 132/599 x0=0.790174 velocity_parameter=0.9215 elapsed=94.3612s written=0
  crossing 0/250
  stopped velocity row 117 IC 132 x0=0.790174 velocity_parameter=0.9215 status=collision: trajectory reached the configured collision radius
velocity row 118/120 IC 114/599 x0=0.790134 velocity_parameter=0.937667 elapsed=94.3965s written=0
  crossing 0/250
  stopped velocity row 118 IC 114 x0=0.790134 velocity_parameter=0.937667 status=collision: trajectory reached the configured collision radius
velocity row 118/120 IC 124/599 x0=0.790156 velocity_parameter=0.937667 elapsed=94.7683s written=9
  crossing 0/250
  stopped velocity row 118 IC 124 x0=0.790156 velocity_parameter=0.937667 status=collision: trajectory reached the configured collision radius
velocity row 118/120 IC 132/599 x0=0.790174 velocity_parameter=0.937667 elapsed=95.0829s written=9
  crossing 0/250
  stopped velocity row 118 IC 132 x0=0.790174 velocity_parameter=0.937667 status=collision: trajectory reached the configured collision radius
velocity row 119/120 IC 114/599 x0=0.790134 velocity_parameter=0.953833 elapsed=95.1186s written=9
  crossing 0/250
  stopped velocity row 119 IC 114 x0=0.790134 velocity_parameter=0.953833 status=collision: trajectory reached the configured collision radius
velocity row 119/120 IC 124/599 x0=0.790156 velocity_parameter=0.953833 elapsed=95.478s written=19
  crossing 0/250
  stopped velocity row 119 IC 124 x0=0.790156 velocity_parameter=0.953833 status=collision: trajectory reached the configured collision radius
velocity row 119/120 IC 132/599 x0=0.790174 velocity_parameter=0.953833 elapsed=95.7776s written=27
  crossing 0/250
  stopped velocity row 119 IC 132 x0=0.790174 velocity_parameter=0.953833 status=collision: trajectory reached the configured collision radius
velocity row 120/120 IC 114/599 x0=0.790134 velocity_parameter=0.97 elapsed=95.8174s written=28
  crossing 0/250
  stopped velocity row 120 IC 114 x0=0.790134 velocity_parameter=0.97 status=collision: trajectory reached the configured collision radius
velocity row 120/120 IC 124/599 x0=0.790156 velocity_parameter=0.97 elapsed=96.1984s written=38
  crossing 0/250
  stopped velocity row 120 IC 124 x0=0.790156 velocity_parameter=0.97 status=collision: trajectory reached the configured collision radius
velocity row 120/120 IC 132/599 x0=0.790174 velocity_parameter=0.97 elapsed=96.4714s written=46
  crossing 0/250
  stopped velocity row 120 IC 132 x0=0.790174 velocity_parameter=0.97 status=collision: trajectory reached the configured collision radius
svg -> /mnt/c/Users/payne/Code/Hill_4BP/professional_neck_studies/e1_dense_001/survey/level_005_delta_1e_minus_7/closed/shard_0006/preview.svg
metadata -> /mnt/c/Users/payne/Code/Hill_4BP/professional_neck_studies/e1_dense_001/survey/level_005_delta_1e_minus_7/closed/shard_0006/metadata.txt
wrote 47 points (0 ICs skipped, 2299 orbits stopped early, elapsed=96.5074s) -> /mnt/c/Users/payne/Code/Hill_4BP/professional_neck_studies/e1_dense_001/survey/level_005_delta_1e_minus_7/closed/shard_0006/points.csv
outcomes: collision=2299 completed=0 forbidden=0 inner_radius_limit=0 invalid_initial_radius=0 invalid_velocity=0 nontransverse=0 numerical_failure=0 outer_limit=0 timeout=0
maximum sampled |H-h|=9.00605e-16
