zero-velocity boundary -> /mnt/c/Users/payne/Code/Hill_4BP/professional_neck_studies/e1_dense_001/survey/level_001_delta_1e_minus_3/open/shard_0004/zero_velocity_boundary.csv
lambda1=0.0272549 lambda2=2.97275 A=-0.986373 B=0.486373 c=0.0976566 c1=0 c2=0 c3=-0.0976566 h=-2.39054 (C=4.78107)
E1/E2 neck h=-2.39154 (C=4.78307), E3/E4 neck h=-0.454039 (C=0.908078)
energy_mode=neck_delta neck=E1 hcrit=-2.39154 delta=0.001 side=open actual_neck_side=open delta_h=0.001
x_count=600 xdot_count=121 iterates=250 index range=[76,94] velocity_mode=fraction x_range=[0.722563,0.858546] max_return_time=100
smooth coordinates R=sqrt(rho), CAPD crossing mode=Both solver_order=28 max_step=0.005 abs_tol=1e-15 rel_tol=1e-13 collision_radius=1e-06 outer_radius=5
velocity row 0/120 IC 76/599 x0=0.739816 velocity_parameter=-0.97 elapsed=1.6e-07s written=0
  crossing 0/250
  stopped velocity row 0 IC 76 x0=0.739816 velocity_parameter=-0.97 status=collision: trajectory reached the configured collision radius
  stopped velocity row 0 IC 77 x0=0.740043 velocity_parameter=-0.97 status=collision: trajectory reached the configured collision radius
  stopped velocity row 0 IC 78 x0=0.74027 velocity_parameter=-0.97 status=collision: trajectory reached the configured collision radius
  stopped velocity row 0 IC 79 x0=0.740497 velocity_parameter=-0.97 status=collision: trajectory reached the configured collision radius
  stopped velocity row 0 IC 80 x0=0.740724 velocity_parameter=-0.97 status=collision: trajectory reached the configured collision radius
  stopped velocity row 0 IC 81 x0=0.740951 velocity_parameter=-0.97 status=collision: trajectory reached the configured collision radius
  stopped velocity row 0 IC 82 x0=0.741178 velocity_parameter=-0.97 status=collision: trajectory reached the configured collision radius
  stopped velocity row 0 IC 83 x0=0.741405 velocity_parameter=-0.97 status=collision: trajectory reached the configured collision radius
  stopped velocity row 0 IC 84 x0=0.741632 velocity_parameter=-0.97 status=collision: trajectory reached the configured collision radius
  stopped velocity row 0 IC 85 x0=0.741859 velocity_parameter=-0.97 status=collision: trajectory reached the configured collision radius
velocity row 0/120 IC 86/599 x0=0.742086 velocity_parameter=-0.97 elapsed=0.74197s written=0
  crossing 0/250
  stopped velocity row 0 IC 86 x0=0.742086 velocity_parameter=-0.97 status=collision: trajectory reached the configured collision radius
velocity row 0/120 IC 94/599 x0=0.743903 velocity_parameter=-0.97 elapsed=1.3538s written=0
  crossing 0/250
  stopped velocity row 0 IC 94 x0=0.743903 velocity_parameter=-0.97 status=collision: trajectory reached the configured collision radius
velocity row 1/120 IC 76/599 x0=0.739816 velocity_parameter=-0.953833 elapsed=1.43161s written=0
  crossing 0/250
  stopped velocity row 1 IC 76 x0=0.739816 velocity_parameter=-0.953833 status=collision: trajectory reached the configured collision radius
velocity row 1/120 IC 86/599 x0=0.742086 velocity_parameter=-0.953833 elapsed=2.2179s written=0
  crossing 0/250
  stopped velocity row 1 IC 86 x0=0.742086 velocity_parameter=-0.953833 status=collision: trajectory reached the configured collision radius
velocity row 1/120 IC 94/599 x0=0.743903 velocity_parameter=-0.953833 elapsed=2.85038s written=0
  crossing 0/250
  stopped velocity row 1 IC 94 x0=0.743903 velocity_parameter=-0.953833 status=collision: trajectory reached the configured collision radius
velocity row 2/120 IC 76/599 x0=0.739816 velocity_parameter=-0.937667 elapsed=2.93925s written=0
  crossing 0/250
  stopped velocity row 2 IC 76 x0=0.739816 velocity_parameter=-0.937667 status=collision: trajectory reached the configured collision radius
velocity row 2/120 IC 86/599 x0=0.742086 velocity_parameter=-0.937667 elapsed=3.71205s written=0
  crossing 0/250
  stopped velocity row 2 IC 86 x0=0.742086 velocity_parameter=-0.937667 status=collision: trajectory reached the configured collision radius
velocity row 2/120 IC 94/599 x0=0.743903 velocity_parameter=-0.937667 elapsed=4.32811s written=0
  crossing 0/250
  stopped velocity row 2 IC 94 x0=0.743903 velocity_parameter=-0.937667 status=collision: trajectory reached the configured collision radius
velocity row 3/120 IC 76/599 x0=0.739816 velocity_parameter=-0.9215 elapsed=4.41152s written=0
  crossing 0/250
  stopped velocity row 3 IC 76 x0=0.739816 velocity_parameter=-0.9215 status=collision: trajectory reached the configured collision radius
velocity row 3/120 IC 86/599 x0=0.742086 velocity_parameter=-0.9215 elapsed=5.16701s written=0
  crossing 0/250
  stopped velocity row 3 IC 86 x0=0.742086 velocity_parameter=-0.9215 status=collision: trajectory reached the configured collision radius
velocity row 3/120 IC 94/599 x0=0.743903 velocity_parameter=-0.9215 elapsed=5.76555s written=0
  crossing 0/250
  stopped velocity row 3 IC 94 x0=0.743903 velocity_parameter=-0.9215 status=collision: trajectory reached the configured collision radius
velocity row 4/120 IC 76/599 x0=0.739816 velocity_parameter=-0.905333 elapsed=5.83652s written=0
  crossing 0/250
  stopped velocity row 4 IC 76 x0=0.739816 velocity_parameter=-0.905333 status=collision: trajectory reached the configured collision radius
velocity row 4/120 IC 86/599 x0=0.742086 velocity_parameter=-0.905333 elapsed=6.59295s written=0
  crossing 0/250
  stopped velocity row 4 IC 86 x0=0.742086 velocity_parameter=-0.905333 status=collision: trajectory reached the configured collision radius
velocity row 4/120 IC 94/599 x0=0.743903 velocity_parameter=-0.905333 elapsed=7.19078s written=0
  crossing 0/250
  stopped velocity row 4 IC 94 x0=0.743903 velocity_parameter=-0.905333 status=collision: trajectory reached the configured collision radius
velocity row 5/120 IC 76/599 x0=0.739816 velocity_parameter=-0.889167 elapsed=7.27095s written=0
  crossing 0/250
  stopped velocity row 5 IC 76 x0=0.739816 velocity_parameter=-0.889167 status=collision: trajectory reached the configured collision radius
velocity row 5/120 IC 86/599 x0=0.742086 velocity_parameter=-0.889167 elapsed=8.03026s written=0
  crossing 0/250
  stopped velocity row 5 IC 86 x0=0.742086 velocity_parameter=-0.889167 status=collision: trajectory reached the configured collision radius
velocity row 5/120 IC 94/599 x0=0.743903 velocity_parameter=-0.889167 elapsed=8.62786s written=0
  crossing 0/250
  stopped velocity row 5 IC 94 x0=0.743903 velocity_parameter=-0.889167 status=collision: trajectory reached the configured collision radius
velocity row 6/120 IC 76/599 x0=0.739816 velocity_parameter=-0.873 elapsed=8.71018s written=0
  crossing 0/250
  stopped velocity row 6 IC 76 x0=0.739816 velocity_parameter=-0.873 status=collision: trajectory reached the configured collision radius
velocity row 6/120 IC 86/599 x0=0.742086 velocity_parameter=-0.873 elapsed=9.47151s written=0
  crossing 0/250
  stopped velocity row 6 IC 86 x0=0.742086 velocity_parameter=-0.873 status=collision: trajectory reached the configured collision radius
velocity row 6/120 IC 94/599 x0=0.743903 velocity_parameter=-0.873 elapsed=10.0933s written=0
  crossing 0/250
  stopped velocity row 6 IC 94 x0=0.743903 velocity_parameter=-0.873 status=collision: trajectory reached the configured collision radius
velocity row 7/120 IC 76/599 x0=0.739816 velocity_parameter=-0.856833 elapsed=10.1675s written=0
  crossing 0/250
  stopped velocity row 7 IC 76 x0=0.739816 velocity_parameter=-0.856833 status=collision: trajectory reached the configured collision radius
velocity row 7/120 IC 86/599 x0=0.742086 velocity_parameter=-0.856833 elapsed=10.9185s written=0
  crossing 0/250
  stopped velocity row 7 IC 86 x0=0.742086 velocity_parameter=-0.856833 status=collision: trajectory reached the configured collision radius
velocity row 7/120 IC 94/599 x0=0.743903 velocity_parameter=-0.856833 elapsed=11.4871s written=0
  crossing 0/250
  stopped velocity row 7 IC 94 x0=0.743903 velocity_parameter=-0.856833 status=collision: trajectory reached the configured collision radius
velocity row 8/120 IC 76/599 x0=0.739816 velocity_parameter=-0.840667 elapsed=11.5577s written=0
  crossing 0/250
  stopped velocity row 8 IC 76 x0=0.739816 velocity_parameter=-0.840667 status=collision: trajectory reached the configured collision radius
velocity row 8/120 IC 86/599 x0=0.742086 velocity_parameter=-0.840667 elapsed=12.2133s written=0
  crossing 0/250
  stopped velocity row 8 IC 86 x0=0.742086 velocity_parameter=-0.840667 status=collision: trajectory reached the configured collision radius
velocity row 8/120 IC 94/599 x0=0.743903 velocity_parameter=-0.840667 elapsed=12.7149s written=0
  crossing 0/250
  stopped velocity row 8 IC 94 x0=0.743903 velocity_parameter=-0.840667 status=collision: trajectory reached the configured collision radius
velocity row 9/120 IC 76/599 x0=0.739816 velocity_parameter=-0.8245 elapsed=12.7763s written=0
  crossing 0/250
  stopped velocity row 9 IC 76 x0=0.739816 velocity_parameter=-0.8245 status=collision: trajectory reached the configured collision radius
velocity row 9/120 IC 86/599 x0=0.742086 velocity_parameter=-0.8245 elapsed=13.3495s written=0
  crossing 0/250
  stopped velocity row 9 IC 86 x0=0.742086 velocity_parameter=-0.8245 status=collision: trajectory reached the configured collision radius
velocity row 9/120 IC 94/599 x0=0.743903 velocity_parameter=-0.8245 elapsed=13.7835s written=0
  crossing 0/250
  stopped velocity row 9 IC 94 x0=0.743903 velocity_parameter=-0.8245 status=collision: trajectory reached the configured collision radius
velocity row 10/120 IC 76/599 x0=0.739816 velocity_parameter=-0.808333 elapsed=13.8424s written=0
  crossing 0/250
  stopped velocity row 10 IC 76 x0=0.739816 velocity_parameter=-0.808333 status=collision: trajectory reached the configured collision radius
velocity row 10/120 IC 86/599 x0=0.742086 velocity_parameter=-0.808333 elapsed=14.3933s written=0
  crossing 0/250
  stopped velocity row 10 IC 86 x0=0.742086 velocity_parameter=-0.808333 status=collision: trajectory reached the configured collision radius
velocity row 10/120 IC 94/599 x0=0.743903 velocity_parameter=-0.808333 elapsed=14.7873s written=0
  crossing 0/250
  stopped velocity row 10 IC 94 x0=0.743903 velocity_parameter=-0.808333 status=collision: trajectory reached the configured collision radius
velocity row 11/120 IC 76/599 x0=0.739816 velocity_parameter=-0.792167 elapsed=14.8322s written=0
  crossing 0/250
  stopped velocity row 11 IC 76 x0=0.739816 velocity_parameter=-0.792167 status=collision: trajectory reached the configured collision radius
velocity row 11/120 IC 86/599 x0=0.742086 velocity_parameter=-0.792167 elapsed=15.3764s written=0
  crossing 0/250
  stopped velocity row 11 IC 86 x0=0.742086 velocity_parameter=-0.792167 status=collision: trajectory reached the configured collision radius
velocity row 11/120 IC 94/599 x0=0.743903 velocity_parameter=-0.792167 elapsed=15.7547s written=0
  crossing 0/250
  stopped velocity row 11 IC 94 x0=0.743903 velocity_parameter=-0.792167 status=collision: trajectory reached the configured collision radius
velocity row 12/120 IC 76/599 x0=0.739816 velocity_parameter=-0.776 elapsed=15.7937s written=0
  crossing 0/250
  stopped velocity row 12 IC 76 x0=0.739816 velocity_parameter=-0.776 status=collision: trajectory reached the configured collision radius
velocity row 12/120 IC 86/599 x0=0.742086 velocity_parameter=-0.776 elapsed=16.2988s written=0
  crossing 0/250
  stopped velocity row 12 IC 86 x0=0.742086 velocity_parameter=-0.776 status=collision: trajectory reached the configured collision radius
velocity row 12/120 IC 94/599 x0=0.743903 velocity_parameter=-0.776 elapsed=16.7657s written=0
  crossing 0/250
  stopped velocity row 12 IC 94 x0=0.743903 velocity_parameter=-0.776 status=collision: trajectory reached the configured collision radius
velocity row 13/120 IC 76/599 x0=0.739816 velocity_parameter=-0.759833 elapsed=16.8336s written=0
  crossing 0/250
  stopped velocity row 13 IC 76 x0=0.739816 velocity_parameter=-0.759833 status=collision: trajectory reached the configured collision radius
velocity row 13/120 IC 86/599 x0=0.742086 velocity_parameter=-0.759833 elapsed=17.3162s written=0
  crossing 0/250
  stopped velocity row 13 IC 86 x0=0.742086 velocity_parameter=-0.759833 status=collision: trajectory reached the configured collision radius
velocity row 13/120 IC 94/599 x0=0.743903 velocity_parameter=-0.759833 elapsed=17.6582s written=0
  crossing 0/250
  stopped velocity row 13 IC 94 x0=0.743903 velocity_parameter=-0.759833 status=collision: trajectory reached the configured collision radius
velocity row 14/120 IC 76/599 x0=0.739816 velocity_parameter=-0.743667 elapsed=17.7204s written=0
  crossing 0/250
  stopped velocity row 14 IC 76 x0=0.739816 velocity_parameter=-0.743667 status=collision: trajectory reached the configured collision radius
velocity row 14/120 IC 86/599 x0=0.742086 velocity_parameter=-0.743667 elapsed=18.1978s written=0
  crossing 0/250
  stopped velocity row 14 IC 86 x0=0.742086 velocity_parameter=-0.743667 status=collision: trajectory reached the configured collision radius
velocity row 14/120 IC 94/599 x0=0.743903 velocity_parameter=-0.743667 elapsed=18.5852s written=0
  crossing 0/250
  stopped velocity row 14 IC 94 x0=0.743903 velocity_parameter=-0.743667 status=collision: trajectory reached the configured collision radius
velocity row 15/120 IC 76/599 x0=0.739816 velocity_parameter=-0.7275 elapsed=18.6186s written=0
  crossing 0/250
  stopped velocity row 15 IC 76 x0=0.739816 velocity_parameter=-0.7275 status=collision: trajectory reached the configured collision radius
velocity row 15/120 IC 86/599 x0=0.742086 velocity_parameter=-0.7275 elapsed=19.0188s written=0
  crossing 0/250
  stopped velocity row 15 IC 86 x0=0.742086 velocity_parameter=-0.7275 status=collision: trajectory reached the configured collision radius
velocity row 15/120 IC 94/599 x0=0.743903 velocity_parameter=-0.7275 elapsed=19.3323s written=0
  crossing 0/250
  stopped velocity row 15 IC 94 x0=0.743903 velocity_parameter=-0.7275 status=collision: trajectory reached the configured collision radius
velocity row 16/120 IC 76/599 x0=0.739816 velocity_parameter=-0.711333 elapsed=19.3816s written=0
  crossing 0/250
  stopped velocity row 16 IC 76 x0=0.739816 velocity_parameter=-0.711333 status=collision: trajectory reached the configured collision radius
velocity row 16/120 IC 86/599 x0=0.742086 velocity_parameter=-0.711333 elapsed=19.8233s written=0
  crossing 0/250
  stopped velocity row 16 IC 86 x0=0.742086 velocity_parameter=-0.711333 status=collision: trajectory reached the configured collision radius
velocity row 16/120 IC 94/599 x0=0.743903 velocity_parameter=-0.711333 elapsed=20.1484s written=0
  crossing 0/250
  stopped velocity row 16 IC 94 x0=0.743903 velocity_parameter=-0.711333 status=collision: trajectory reached the configured collision radius
velocity row 17/120 IC 76/599 x0=0.739816 velocity_parameter=-0.695167 elapsed=20.1862s written=0
  crossing 0/250
  stopped velocity row 17 IC 76 x0=0.739816 velocity_parameter=-0.695167 status=collision: trajectory reached the configured collision radius
velocity row 17/120 IC 86/599 x0=0.742086 velocity_parameter=-0.695167 elapsed=20.6475s written=0
  crossing 0/250
  stopped velocity row 17 IC 86 x0=0.742086 velocity_parameter=-0.695167 status=collision: trajectory reached the configured collision radius
velocity row 17/120 IC 94/599 x0=0.743903 velocity_parameter=-0.695167 elapsed=20.9936s written=0
  crossing 0/250
  stopped velocity row 17 IC 94 x0=0.743903 velocity_parameter=-0.695167 status=collision: trajectory reached the configured collision radius
velocity row 18/120 IC 76/599 x0=0.739816 velocity_parameter=-0.679 elapsed=21.0348s written=0
  crossing 0/250
  stopped velocity row 18 IC 76 x0=0.739816 velocity_parameter=-0.679 status=collision: trajectory reached the configured collision radius
velocity row 18/120 IC 86/599 x0=0.742086 velocity_parameter=-0.679 elapsed=21.494s written=0
  crossing 0/250
  stopped velocity row 18 IC 86 x0=0.742086 velocity_parameter=-0.679 status=collision: trajectory reached the configured collision radius
velocity row 18/120 IC 94/599 x0=0.743903 velocity_parameter=-0.679 elapsed=21.8791s written=0
  crossing 0/250
  stopped velocity row 18 IC 94 x0=0.743903 velocity_parameter=-0.679 status=collision: trajectory reached the configured collision radius
velocity row 19/120 IC 76/599 x0=0.739816 velocity_parameter=-0.662833 elapsed=21.9145s written=0
  crossing 0/250
  stopped velocity row 19 IC 76 x0=0.739816 velocity_parameter=-0.662833 status=collision: trajectory reached the configured collision radius
velocity row 19/120 IC 86/599 x0=0.742086 velocity_parameter=-0.662833 elapsed=22.3218s written=0
  crossing 0/250
  stopped velocity row 19 IC 86 x0=0.742086 velocity_parameter=-0.662833 status=collision: trajectory reached the configured collision radius
velocity row 19/120 IC 94/599 x0=0.743903 velocity_parameter=-0.662833 elapsed=22.6252s written=0
  crossing 0/250
  stopped velocity row 19 IC 94 x0=0.743903 velocity_parameter=-0.662833 status=collision: trajectory reached the configured collision radius
velocity row 20/120 IC 76/599 x0=0.739816 velocity_parameter=-0.646667 elapsed=22.6716s written=0
  crossing 0/250
  stopped velocity row 20 IC 76 x0=0.739816 velocity_parameter=-0.646667 status=collision: trajectory reached the configured collision radius
velocity row 20/120 IC 86/599 x0=0.742086 velocity_parameter=-0.646667 elapsed=23.1433s written=0
  crossing 0/250
  stopped velocity row 20 IC 86 x0=0.742086 velocity_parameter=-0.646667 status=collision: trajectory reached the configured collision radius
velocity row 20/120 IC 94/599 x0=0.743903 velocity_parameter=-0.646667 elapsed=23.494s written=0
  crossing 0/250
  stopped velocity row 20 IC 94 x0=0.743903 velocity_parameter=-0.646667 status=collision: trajectory reached the configured collision radius
velocity row 21/120 IC 76/599 x0=0.739816 velocity_parameter=-0.6305 elapsed=23.5535s written=0
  crossing 0/250
  stopped velocity row 21 IC 76 x0=0.739816 velocity_parameter=-0.6305 status=collision: trajectory reached the configured collision radius
velocity row 21/120 IC 86/599 x0=0.742086 velocity_parameter=-0.6305 elapsed=23.9703s written=0
  crossing 0/250
  stopped velocity row 21 IC 86 x0=0.742086 velocity_parameter=-0.6305 status=collision: trajectory reached the configured collision radius
velocity row 21/120 IC 94/599 x0=0.743903 velocity_parameter=-0.6305 elapsed=24.2896s written=0
  crossing 0/250
  stopped velocity row 21 IC 94 x0=0.743903 velocity_parameter=-0.6305 status=collision: trajectory reached the configured collision radius
velocity row 22/120 IC 76/599 x0=0.739816 velocity_parameter=-0.614333 elapsed=24.3277s written=0
  crossing 0/250
  stopped velocity row 22 IC 76 x0=0.739816 velocity_parameter=-0.614333 status=collision: trajectory reached the configured collision radius
velocity row 22/120 IC 86/599 x0=0.742086 velocity_parameter=-0.614333 elapsed=24.7692s written=0
  crossing 0/250
  stopped velocity row 22 IC 86 x0=0.742086 velocity_parameter=-0.614333 status=collision: trajectory reached the configured collision radius
velocity row 22/120 IC 94/599 x0=0.743903 velocity_parameter=-0.614333 elapsed=25.0563s written=0
  crossing 0/250
  stopped velocity row 22 IC 94 x0=0.743903 velocity_parameter=-0.614333 status=collision: trajectory reached the configured collision radius
velocity row 23/120 IC 76/599 x0=0.739816 velocity_parameter=-0.598167 elapsed=25.0982s written=0
  crossing 0/250
  stopped velocity row 23 IC 76 x0=0.739816 velocity_parameter=-0.598167 status=collision: trajectory reached the configured collision radius
velocity row 23/120 IC 86/599 x0=0.742086 velocity_parameter=-0.598167 elapsed=25.5659s written=0
  crossing 0/250
  stopped velocity row 23 IC 86 x0=0.742086 velocity_parameter=-0.598167 status=collision: trajectory reached the configured collision radius
velocity row 23/120 IC 94/599 x0=0.743903 velocity_parameter=-0.598167 elapsed=25.8966s written=0
  crossing 0/250
  stopped velocity row 23 IC 94 x0=0.743903 velocity_parameter=-0.598167 status=collision: trajectory reached the configured collision radius
velocity row 24/120 IC 76/599 x0=0.739816 velocity_parameter=-0.582 elapsed=25.9613s written=0
  crossing 0/250
  stopped velocity row 24 IC 76 x0=0.739816 velocity_parameter=-0.582 status=collision: trajectory reached the configured collision radius
velocity row 24/120 IC 86/599 x0=0.742086 velocity_parameter=-0.582 elapsed=26.3955s written=0
  crossing 0/250
  stopped velocity row 24 IC 86 x0=0.742086 velocity_parameter=-0.582 status=collision: trajectory reached the configured collision radius
velocity row 24/120 IC 94/599 x0=0.743903 velocity_parameter=-0.582 elapsed=26.7127s written=0
  crossing 0/250
  stopped velocity row 24 IC 94 x0=0.743903 velocity_parameter=-0.582 status=collision: trajectory reached the configured collision radius
velocity row 25/120 IC 76/599 x0=0.739816 velocity_parameter=-0.565833 elapsed=26.7463s written=0
  crossing 0/250
  stopped velocity row 25 IC 76 x0=0.739816 velocity_parameter=-0.565833 status=collision: trajectory reached the configured collision radius
velocity row 25/120 IC 86/599 x0=0.742086 velocity_parameter=-0.565833 elapsed=27.1556s written=0
  crossing 0/250
  stopped velocity row 25 IC 86 x0=0.742086 velocity_parameter=-0.565833 status=collision: trajectory reached the configured collision radius
velocity row 25/120 IC 94/599 x0=0.743903 velocity_parameter=-0.565833 elapsed=27.4706s written=0
  crossing 0/250
  stopped velocity row 25 IC 94 x0=0.743903 velocity_parameter=-0.565833 status=collision: trajectory reached the configured collision radius
velocity row 26/120 IC 76/599 x0=0.739816 velocity_parameter=-0.549667 elapsed=27.505s written=0
  crossing 0/250
  stopped velocity row 26 IC 76 x0=0.739816 velocity_parameter=-0.549667 status=collision: trajectory reached the configured collision radius
velocity row 26/120 IC 86/599 x0=0.742086 velocity_parameter=-0.549667 elapsed=27.9369s written=0
  crossing 0/250
  stopped velocity row 26 IC 86 x0=0.742086 velocity_parameter=-0.549667 status=collision: trajectory reached the configured collision radius
velocity row 26/120 IC 94/599 x0=0.743903 velocity_parameter=-0.549667 elapsed=28.2463s written=0
  crossing 0/250
  stopped velocity row 26 IC 94 x0=0.743903 velocity_parameter=-0.549667 status=collision: trajectory reached the configured collision radius
velocity row 27/120 IC 76/599 x0=0.739816 velocity_parameter=-0.5335 elapsed=28.3128s written=0
  crossing 0/250
  stopped velocity row 27 IC 76 x0=0.739816 velocity_parameter=-0.5335 status=collision: trajectory reached the configured collision radius
velocity row 27/120 IC 86/599 x0=0.742086 velocity_parameter=-0.5335 elapsed=28.7381s written=0
  crossing 0/250
  stopped velocity row 27 IC 86 x0=0.742086 velocity_parameter=-0.5335 status=collision: trajectory reached the configured collision radius
velocity row 27/120 IC 94/599 x0=0.743903 velocity_parameter=-0.5335 elapsed=29.0573s written=0
  crossing 0/250
  stopped velocity row 27 IC 94 x0=0.743903 velocity_parameter=-0.5335 status=collision: trajectory reached the configured collision radius
velocity row 28/120 IC 76/599 x0=0.739816 velocity_parameter=-0.517333 elapsed=29.0913s written=0
  crossing 0/250
  stopped velocity row 28 IC 76 x0=0.739816 velocity_parameter=-0.517333 status=collision: trajectory reached the configured collision radius
velocity row 28/120 IC 86/599 x0=0.742086 velocity_parameter=-0.517333 elapsed=29.498s written=0
  crossing 0/250
  stopped velocity row 28 IC 86 x0=0.742086 velocity_parameter=-0.517333 status=collision: trajectory reached the configured collision radius
velocity row 28/120 IC 94/599 x0=0.743903 velocity_parameter=-0.517333 elapsed=29.8223s written=0
  crossing 0/250
  stopped velocity row 28 IC 94 x0=0.743903 velocity_parameter=-0.517333 status=collision: trajectory reached the configured collision radius
velocity row 29/120 IC 76/599 x0=0.739816 velocity_parameter=-0.501167 elapsed=29.8561s written=0
  crossing 0/250
  stopped velocity row 29 IC 76 x0=0.739816 velocity_parameter=-0.501167 status=collision: trajectory reached the configured collision radius
velocity row 29/120 IC 86/599 x0=0.742086 velocity_parameter=-0.501167 elapsed=30.2778s written=0
  crossing 0/250
  stopped velocity row 29 IC 86 x0=0.742086 velocity_parameter=-0.501167 status=collision: trajectory reached the configured collision radius
velocity row 29/120 IC 94/599 x0=0.743903 velocity_parameter=-0.501167 elapsed=30.5939s written=0
  crossing 0/250
  stopped velocity row 29 IC 94 x0=0.743903 velocity_parameter=-0.501167 status=collision: trajectory reached the configured collision radius
velocity row 30/120 IC 76/599 x0=0.739816 velocity_parameter=-0.485 elapsed=30.6346s written=0
  crossing 0/250
  stopped velocity row 30 IC 76 x0=0.739816 velocity_parameter=-0.485 status=collision: trajectory reached the configured collision radius
velocity row 30/120 IC 86/599 x0=0.742086 velocity_parameter=-0.485 elapsed=31.0259s written=0
  crossing 0/250
  stopped velocity row 30 IC 86 x0=0.742086 velocity_parameter=-0.485 status=collision: trajectory reached the configured collision radius
velocity row 30/120 IC 94/599 x0=0.743903 velocity_parameter=-0.485 elapsed=31.3482s written=0
  crossing 0/250
  stopped velocity row 30 IC 94 x0=0.743903 velocity_parameter=-0.485 status=collision: trajectory reached the configured collision radius
velocity row 31/120 IC 76/599 x0=0.739816 velocity_parameter=-0.468833 elapsed=31.3826s written=0
  crossing 0/250
  stopped velocity row 31 IC 76 x0=0.739816 velocity_parameter=-0.468833 status=collision: trajectory reached the configured collision radius
velocity row 31/120 IC 86/599 x0=0.742086 velocity_parameter=-0.468833 elapsed=31.7473s written=0
  crossing 0/250
  stopped velocity row 31 IC 86 x0=0.742086 velocity_parameter=-0.468833 status=collision: trajectory reached the configured collision radius
velocity row 31/120 IC 94/599 x0=0.743903 velocity_parameter=-0.468833 elapsed=32.0627s written=0
  crossing 0/250
  stopped velocity row 31 IC 94 x0=0.743903 velocity_parameter=-0.468833 status=collision: trajectory reached the configured collision radius
velocity row 32/120 IC 76/599 x0=0.739816 velocity_parameter=-0.452667 elapsed=32.0967s written=0
  crossing 0/250
  stopped velocity row 32 IC 76 x0=0.739816 velocity_parameter=-0.452667 status=collision: trajectory reached the configured collision radius
velocity row 32/120 IC 86/599 x0=0.742086 velocity_parameter=-0.452667 elapsed=32.4708s written=0
  crossing 0/250
  stopped velocity row 32 IC 86 x0=0.742086 velocity_parameter=-0.452667 status=collision: trajectory reached the configured collision radius
velocity row 32/120 IC 94/599 x0=0.743903 velocity_parameter=-0.452667 elapsed=32.7978s written=0
  crossing 0/250
  stopped velocity row 32 IC 94 x0=0.743903 velocity_parameter=-0.452667 status=collision: trajectory reached the configured collision radius
velocity row 33/120 IC 76/599 x0=0.739816 velocity_parameter=-0.4365 elapsed=32.8304s written=0
  crossing 0/250
  stopped velocity row 33 IC 76 x0=0.739816 velocity_parameter=-0.4365 status=collision: trajectory reached the configured collision radius
velocity row 33/120 IC 86/599 x0=0.742086 velocity_parameter=-0.4365 elapsed=33.2365s written=0
  crossing 0/250
  stopped velocity row 33 IC 86 x0=0.742086 velocity_parameter=-0.4365 status=collision: trajectory reached the configured collision radius
velocity row 33/120 IC 94/599 x0=0.743903 velocity_parameter=-0.4365 elapsed=33.568s written=0
  crossing 0/250
  stopped velocity row 33 IC 94 x0=0.743903 velocity_parameter=-0.4365 status=collision: trajectory reached the configured collision radius
velocity row 34/120 IC 76/599 x0=0.739816 velocity_parameter=-0.420333 elapsed=33.6012s written=0
  crossing 0/250
  stopped velocity row 34 IC 76 x0=0.739816 velocity_parameter=-0.420333 status=collision: trajectory reached the configured collision radius
velocity row 34/120 IC 86/599 x0=0.742086 velocity_parameter=-0.420333 elapsed=33.9723s written=0
  crossing 0/250
  stopped velocity row 34 IC 86 x0=0.742086 velocity_parameter=-0.420333 status=collision: trajectory reached the configured collision radius
velocity row 34/120 IC 94/599 x0=0.743903 velocity_parameter=-0.420333 elapsed=34.2701s written=0
  crossing 0/250
  stopped velocity row 34 IC 94 x0=0.743903 velocity_parameter=-0.420333 status=collision: trajectory reached the configured collision radius
velocity row 35/120 IC 76/599 x0=0.739816 velocity_parameter=-0.404167 elapsed=34.3045s written=0
  crossing 0/250
  stopped velocity row 35 IC 76 x0=0.739816 velocity_parameter=-0.404167 status=collision: trajectory reached the configured collision radius
velocity row 35/120 IC 86/599 x0=0.742086 velocity_parameter=-0.404167 elapsed=34.6997s written=0
  crossing 0/250
  stopped velocity row 35 IC 86 x0=0.742086 velocity_parameter=-0.404167 status=collision: trajectory reached the configured collision radius
velocity row 35/120 IC 94/599 x0=0.743903 velocity_parameter=-0.404167 elapsed=35.0051s written=0
  crossing 0/250
  stopped velocity row 35 IC 94 x0=0.743903 velocity_parameter=-0.404167 status=collision: trajectory reached the configured collision radius
velocity row 36/120 IC 76/599 x0=0.739816 velocity_parameter=-0.388 elapsed=35.0382s written=0
  crossing 0/250
  stopped velocity row 36 IC 76 x0=0.739816 velocity_parameter=-0.388 status=collision: trajectory reached the configured collision radius
velocity row 36/120 IC 86/599 x0=0.742086 velocity_parameter=-0.388 elapsed=35.3999s written=0
  crossing 0/250
  stopped velocity row 36 IC 86 x0=0.742086 velocity_parameter=-0.388 status=collision: trajectory reached the configured collision radius
velocity row 36/120 IC 94/599 x0=0.743903 velocity_parameter=-0.388 elapsed=35.7067s written=0
  crossing 0/250
  stopped velocity row 36 IC 94 x0=0.743903 velocity_parameter=-0.388 status=collision: trajectory reached the configured collision radius
velocity row 37/120 IC 76/599 x0=0.739816 velocity_parameter=-0.371833 elapsed=35.7399s written=0
  crossing 0/250
  stopped velocity row 37 IC 76 x0=0.739816 velocity_parameter=-0.371833 status=collision: trajectory reached the configured collision radius
velocity row 37/120 IC 86/599 x0=0.742086 velocity_parameter=-0.371833 elapsed=36.1135s written=0
  crossing 0/250
  stopped velocity row 37 IC 86 x0=0.742086 velocity_parameter=-0.371833 status=collision: trajectory reached the configured collision radius
velocity row 37/120 IC 94/599 x0=0.743903 velocity_parameter=-0.371833 elapsed=36.4419s written=0
  crossing 0/250
  stopped velocity row 37 IC 94 x0=0.743903 velocity_parameter=-0.371833 status=collision: trajectory reached the configured collision radius
velocity row 38/120 IC 76/599 x0=0.739816 velocity_parameter=-0.355667 elapsed=36.4866s written=0
  crossing 0/250
  stopped velocity row 38 IC 76 x0=0.739816 velocity_parameter=-0.355667 status=collision: trajectory reached the configured collision radius
velocity row 38/120 IC 86/599 x0=0.742086 velocity_parameter=-0.355667 elapsed=36.9053s written=0
  crossing 0/250
  stopped velocity row 38 IC 86 x0=0.742086 velocity_parameter=-0.355667 status=collision: trajectory reached the configured collision radius
velocity row 38/120 IC 94/599 x0=0.743903 velocity_parameter=-0.355667 elapsed=37.2243s written=0
  crossing 0/250
  stopped velocity row 38 IC 94 x0=0.743903 velocity_parameter=-0.355667 status=collision: trajectory reached the configured collision radius
velocity row 39/120 IC 76/599 x0=0.739816 velocity_parameter=-0.3395 elapsed=37.279s written=0
  crossing 0/250
  stopped velocity row 39 IC 76 x0=0.739816 velocity_parameter=-0.3395 status=collision: trajectory reached the configured collision radius
velocity row 39/120 IC 86/599 x0=0.742086 velocity_parameter=-0.3395 elapsed=37.6266s written=0
  crossing 0/250
  stopped velocity row 39 IC 86 x0=0.742086 velocity_parameter=-0.3395 status=collision: trajectory reached the configured collision radius
velocity row 39/120 IC 94/599 x0=0.743903 velocity_parameter=-0.3395 elapsed=37.9409s written=0
  crossing 0/250
  stopped velocity row 39 IC 94 x0=0.743903 velocity_parameter=-0.3395 status=collision: trajectory reached the configured collision radius
velocity row 40/120 IC 76/599 x0=0.739816 velocity_parameter=-0.323333 elapsed=37.9744s written=0
  crossing 0/250
  stopped velocity row 40 IC 76 x0=0.739816 velocity_parameter=-0.323333 status=collision: trajectory reached the configured collision radius
velocity row 40/120 IC 86/599 x0=0.742086 velocity_parameter=-0.323333 elapsed=38.387s written=0
  crossing 0/250
  stopped velocity row 40 IC 86 x0=0.742086 velocity_parameter=-0.323333 status=collision: trajectory reached the configured collision radius
velocity row 40/120 IC 94/599 x0=0.743903 velocity_parameter=-0.323333 elapsed=38.6778s written=0
  crossing 0/250
  stopped velocity row 40 IC 94 x0=0.743903 velocity_parameter=-0.323333 status=collision: trajectory reached the configured collision radius
velocity row 41/120 IC 76/599 x0=0.739816 velocity_parameter=-0.307167 elapsed=38.727s written=0
  crossing 0/250
  stopped velocity row 41 IC 76 x0=0.739816 velocity_parameter=-0.307167 status=collision: trajectory reached the configured collision radius
velocity row 41/120 IC 86/599 x0=0.742086 velocity_parameter=-0.307167 elapsed=39.1461s written=0
  crossing 0/250
  stopped velocity row 41 IC 86 x0=0.742086 velocity_parameter=-0.307167 status=collision: trajectory reached the configured collision radius
velocity row 41/120 IC 94/599 x0=0.743903 velocity_parameter=-0.307167 elapsed=39.4787s written=0
  crossing 0/250
  stopped velocity row 41 IC 94 x0=0.743903 velocity_parameter=-0.307167 status=collision: trajectory reached the configured collision radius
velocity row 42/120 IC 76/599 x0=0.739816 velocity_parameter=-0.291 elapsed=39.5413s written=0
  crossing 0/250
  stopped velocity row 42 IC 76 x0=0.739816 velocity_parameter=-0.291 status=collision: trajectory reached the configured collision radius
velocity row 42/120 IC 86/599 x0=0.742086 velocity_parameter=-0.291 elapsed=39.9463s written=0
  crossing 0/250
  stopped velocity row 42 IC 86 x0=0.742086 velocity_parameter=-0.291 status=collision: trajectory reached the configured collision radius
velocity row 42/120 IC 94/599 x0=0.743903 velocity_parameter=-0.291 elapsed=40.2292s written=0
  crossing 0/250
  stopped velocity row 42 IC 94 x0=0.743903 velocity_parameter=-0.291 status=collision: trajectory reached the configured collision radius
velocity row 43/120 IC 76/599 x0=0.739816 velocity_parameter=-0.274833 elapsed=40.2652s written=0
  crossing 0/250
  stopped velocity row 43 IC 76 x0=0.739816 velocity_parameter=-0.274833 status=collision: trajectory reached the configured collision radius
velocity row 43/120 IC 86/599 x0=0.742086 velocity_parameter=-0.274833 elapsed=40.6544s written=0
  crossing 0/250
  stopped velocity row 43 IC 86 x0=0.742086 velocity_parameter=-0.274833 status=collision: trajectory reached the configured collision radius
velocity row 43/120 IC 94/599 x0=0.743903 velocity_parameter=-0.274833 elapsed=40.9707s written=0
  crossing 0/250
  stopped velocity row 43 IC 94 x0=0.743903 velocity_parameter=-0.274833 status=collision: trajectory reached the configured collision radius
velocity row 44/120 IC 76/599 x0=0.739816 velocity_parameter=-0.258667 elapsed=41.0073s written=0
  crossing 0/250
  stopped velocity row 44 IC 76 x0=0.739816 velocity_parameter=-0.258667 status=collision: trajectory reached the configured collision radius
velocity row 44/120 IC 86/599 x0=0.742086 velocity_parameter=-0.258667 elapsed=41.3634s written=0
  crossing 0/250
  stopped velocity row 44 IC 86 x0=0.742086 velocity_parameter=-0.258667 status=collision: trajectory reached the configured collision radius
velocity row 44/120 IC 94/599 x0=0.743903 velocity_parameter=-0.258667 elapsed=41.659s written=0
  crossing 0/250
  stopped velocity row 44 IC 94 x0=0.743903 velocity_parameter=-0.258667 status=collision: trajectory reached the configured collision radius
velocity row 45/120 IC 76/599 x0=0.739816 velocity_parameter=-0.2425 elapsed=41.6922s written=0
  crossing 0/250
  stopped velocity row 45 IC 76 x0=0.739816 velocity_parameter=-0.2425 status=collision: trajectory reached the configured collision radius
velocity row 45/120 IC 86/599 x0=0.742086 velocity_parameter=-0.2425 elapsed=42.0616s written=0
  crossing 0/250
  stopped velocity row 45 IC 86 x0=0.742086 velocity_parameter=-0.2425 status=collision: trajectory reached the configured collision radius
velocity row 45/120 IC 94/599 x0=0.743903 velocity_parameter=-0.2425 elapsed=42.3518s written=0
  crossing 0/250
  stopped velocity row 45 IC 94 x0=0.743903 velocity_parameter=-0.2425 status=collision: trajectory reached the configured collision radius
velocity row 46/120 IC 76/599 x0=0.739816 velocity_parameter=-0.226333 elapsed=42.3859s written=0
  crossing 0/250
  stopped velocity row 46 IC 76 x0=0.739816 velocity_parameter=-0.226333 status=collision: trajectory reached the configured collision radius
velocity row 46/120 IC 86/599 x0=0.742086 velocity_parameter=-0.226333 elapsed=42.7989s written=0
  crossing 0/250
  stopped velocity row 46 IC 86 x0=0.742086 velocity_parameter=-0.226333 status=collision: trajectory reached the configured collision radius
velocity row 46/120 IC 94/599 x0=0.743903 velocity_parameter=-0.226333 elapsed=43.0877s written=0
  crossing 0/250
  stopped velocity row 46 IC 94 x0=0.743903 velocity_parameter=-0.226333 status=collision: trajectory reached the configured collision radius
velocity row 47/120 IC 76/599 x0=0.739816 velocity_parameter=-0.210167 elapsed=43.1339s written=0
  crossing 0/250
  stopped velocity row 47 IC 76 x0=0.739816 velocity_parameter=-0.210167 status=collision: trajectory reached the configured collision radius
velocity row 47/120 IC 86/599 x0=0.742086 velocity_parameter=-0.210167 elapsed=43.5281s written=0
  crossing 0/250
  stopped velocity row 47 IC 86 x0=0.742086 velocity_parameter=-0.210167 status=collision: trajectory reached the configured collision radius
velocity row 47/120 IC 94/599 x0=0.743903 velocity_parameter=-0.210167 elapsed=43.8404s written=0
  crossing 0/250
  stopped velocity row 47 IC 94 x0=0.743903 velocity_parameter=-0.210167 status=collision: trajectory reached the configured collision radius
velocity row 48/120 IC 76/599 x0=0.739816 velocity_parameter=-0.194 elapsed=43.875s written=0
  crossing 0/250
  stopped velocity row 48 IC 76 x0=0.739816 velocity_parameter=-0.194 status=collision: trajectory reached the configured collision radius
velocity row 48/120 IC 86/599 x0=0.742086 velocity_parameter=-0.194 elapsed=44.2776s written=0
  crossing 0/250
  stopped velocity row 48 IC 86 x0=0.742086 velocity_parameter=-0.194 status=collision: trajectory reached the configured collision radius
velocity row 48/120 IC 94/599 x0=0.743903 velocity_parameter=-0.194 elapsed=44.6145s written=0
  crossing 0/250
  stopped velocity row 48 IC 94 x0=0.743903 velocity_parameter=-0.194 status=collision: trajectory reached the configured collision radius
velocity row 49/120 IC 76/599 x0=0.739816 velocity_parameter=-0.177833 elapsed=44.6641s written=0
  crossing 0/250
  stopped velocity row 49 IC 76 x0=0.739816 velocity_parameter=-0.177833 status=collision: trajectory reached the configured collision radius
velocity row 49/120 IC 86/599 x0=0.742086 velocity_parameter=-0.177833 elapsed=45.0198s written=0
  crossing 0/250
  stopped velocity row 49 IC 86 x0=0.742086 velocity_parameter=-0.177833 status=collision: trajectory reached the configured collision radius
velocity row 49/120 IC 94/599 x0=0.743903 velocity_parameter=-0.177833 elapsed=45.2968s written=0
  crossing 0/250
  stopped velocity row 49 IC 94 x0=0.743903 velocity_parameter=-0.177833 status=collision: trajectory reached the configured collision radius
velocity row 50/120 IC 76/599 x0=0.739816 velocity_parameter=-0.161667 elapsed=45.3311s written=0
  crossing 0/250
  stopped velocity row 50 IC 76 x0=0.739816 velocity_parameter=-0.161667 status=collision: trajectory reached the configured collision radius
velocity row 50/120 IC 86/599 x0=0.742086 velocity_parameter=-0.161667 elapsed=45.7266s written=0
  crossing 0/250
  stopped velocity row 50 IC 86 x0=0.742086 velocity_parameter=-0.161667 status=collision: trajectory reached the configured collision radius
velocity row 50/120 IC 94/599 x0=0.743903 velocity_parameter=-0.161667 elapsed=45.9884s written=0
  crossing 0/250
  stopped velocity row 50 IC 94 x0=0.743903 velocity_parameter=-0.161667 status=collision: trajectory reached the configured collision radius
velocity row 51/120 IC 76/599 x0=0.739816 velocity_parameter=-0.1455 elapsed=46.0449s written=0
  crossing 0/250
  stopped velocity row 51 IC 76 x0=0.739816 velocity_parameter=-0.1455 status=collision: trajectory reached the configured collision radius
velocity row 51/120 IC 86/599 x0=0.742086 velocity_parameter=-0.1455 elapsed=46.421s written=0
  crossing 0/250
  stopped velocity row 51 IC 86 x0=0.742086 velocity_parameter=-0.1455 status=collision: trajectory reached the configured collision radius
velocity row 51/120 IC 94/599 x0=0.743903 velocity_parameter=-0.1455 elapsed=46.6817s written=0
  crossing 0/250
  stopped velocity row 51 IC 94 x0=0.743903 velocity_parameter=-0.1455 status=collision: trajectory reached the configured collision radius
velocity row 52/120 IC 76/599 x0=0.739816 velocity_parameter=-0.129333 elapsed=46.7137s written=0
  crossing 0/250
  stopped velocity row 52 IC 76 x0=0.739816 velocity_parameter=-0.129333 status=collision: trajectory reached the configured collision radius
velocity row 52/120 IC 86/599 x0=0.742086 velocity_parameter=-0.129333 elapsed=47.1043s written=0
  crossing 0/250
  stopped velocity row 52 IC 86 x0=0.742086 velocity_parameter=-0.129333 status=collision: trajectory reached the configured collision radius
velocity row 52/120 IC 94/599 x0=0.743903 velocity_parameter=-0.129333 elapsed=47.3717s written=0
  crossing 0/250
  stopped velocity row 52 IC 94 x0=0.743903 velocity_parameter=-0.129333 status=collision: trajectory reached the configured collision radius
velocity row 53/120 IC 76/599 x0=0.739816 velocity_parameter=-0.113167 elapsed=47.414s written=0
  crossing 0/250
  stopped velocity row 53 IC 76 x0=0.739816 velocity_parameter=-0.113167 status=collision: trajectory reached the configured collision radius
velocity row 53/120 IC 86/599 x0=0.742086 velocity_parameter=-0.113167 elapsed=47.8193s written=0
  crossing 0/250
  stopped velocity row 53 IC 86 x0=0.742086 velocity_parameter=-0.113167 status=collision: trajectory reached the configured collision radius
velocity row 53/120 IC 94/599 x0=0.743903 velocity_parameter=-0.113167 elapsed=48.1196s written=0
  crossing 0/250
  stopped velocity row 53 IC 94 x0=0.743903 velocity_parameter=-0.113167 status=collision: trajectory reached the configured collision radius
velocity row 54/120 IC 76/599 x0=0.739816 velocity_parameter=-0.097 elapsed=48.1531s written=0
  crossing 0/250
  stopped velocity row 54 IC 76 x0=0.739816 velocity_parameter=-0.097 status=collision: trajectory reached the configured collision radius
velocity row 54/120 IC 86/599 x0=0.742086 velocity_parameter=-0.097 elapsed=48.5303s written=0
  crossing 0/250
  stopped velocity row 54 IC 86 x0=0.742086 velocity_parameter=-0.097 status=collision: trajectory reached the configured collision radius
velocity row 54/120 IC 94/599 x0=0.743903 velocity_parameter=-0.097 elapsed=48.8287s written=0
  crossing 0/250
  stopped velocity row 54 IC 94 x0=0.743903 velocity_parameter=-0.097 status=collision: trajectory reached the configured collision radius
velocity row 55/120 IC 76/599 x0=0.739816 velocity_parameter=-0.0808333 elapsed=48.8712s written=0
  crossing 0/250
  stopped velocity row 55 IC 76 x0=0.739816 velocity_parameter=-0.0808333 status=collision: trajectory reached the configured collision radius
velocity row 55/120 IC 86/599 x0=0.742086 velocity_parameter=-0.0808333 elapsed=49.2515s written=0
  crossing 0/250
  stopped velocity row 55 IC 86 x0=0.742086 velocity_parameter=-0.0808333 status=collision: trajectory reached the configured collision radius
velocity row 55/120 IC 94/599 x0=0.743903 velocity_parameter=-0.0808333 elapsed=49.5663s written=0
  crossing 0/250
  stopped velocity row 55 IC 94 x0=0.743903 velocity_parameter=-0.0808333 status=collision: trajectory reached the configured collision radius
velocity row 56/120 IC 76/599 x0=0.739816 velocity_parameter=-0.0646667 elapsed=49.5993s written=0
  crossing 0/250
  stopped velocity row 56 IC 76 x0=0.739816 velocity_parameter=-0.0646667 status=collision: trajectory reached the configured collision radius
velocity row 56/120 IC 86/599 x0=0.742086 velocity_parameter=-0.0646667 elapsed=49.953s written=0
  crossing 0/250
  stopped velocity row 56 IC 86 x0=0.742086 velocity_parameter=-0.0646667 status=collision: trajectory reached the configured collision radius
velocity row 56/120 IC 94/599 x0=0.743903 velocity_parameter=-0.0646667 elapsed=50.2437s written=0
  crossing 0/250
  stopped velocity row 56 IC 94 x0=0.743903 velocity_parameter=-0.0646667 status=collision: trajectory reached the configured collision radius
velocity row 57/120 IC 76/599 x0=0.739816 velocity_parameter=-0.0485 elapsed=50.2766s written=0
  crossing 0/250
  stopped velocity row 57 IC 76 x0=0.739816 velocity_parameter=-0.0485 status=collision: trajectory reached the configured collision radius
velocity row 57/120 IC 86/599 x0=0.742086 velocity_parameter=-0.0485 elapsed=50.636s written=0
  crossing 0/250
  stopped velocity row 57 IC 86 x0=0.742086 velocity_parameter=-0.0485 status=collision: trajectory reached the configured collision radius
velocity row 57/120 IC 94/599 x0=0.743903 velocity_parameter=-0.0485 elapsed=50.9327s written=0
  crossing 0/250
  stopped velocity row 57 IC 94 x0=0.743903 velocity_parameter=-0.0485 status=collision: trajectory reached the configured collision radius
velocity row 58/120 IC 76/599 x0=0.739816 velocity_parameter=-0.0323333 elapsed=50.9653s written=0
  crossing 0/250
  stopped velocity row 58 IC 76 x0=0.739816 velocity_parameter=-0.0323333 status=collision: trajectory reached the configured collision radius
velocity row 58/120 IC 86/599 x0=0.742086 velocity_parameter=-0.0323333 elapsed=51.377s written=0
  crossing 0/250
  stopped velocity row 58 IC 86 x0=0.742086 velocity_parameter=-0.0323333 status=collision: trajectory reached the configured collision radius
velocity row 58/120 IC 94/599 x0=0.743903 velocity_parameter=-0.0323333 elapsed=51.6754s written=0
  crossing 0/250
  stopped velocity row 58 IC 94 x0=0.743903 velocity_parameter=-0.0323333 status=collision: trajectory reached the configured collision radius
velocity row 59/120 IC 76/599 x0=0.739816 velocity_parameter=-0.0161667 elapsed=51.708s written=0
  crossing 0/250
  stopped velocity row 59 IC 76 x0=0.739816 velocity_parameter=-0.0161667 status=collision: trajectory reached the configured collision radius
velocity row 59/120 IC 86/599 x0=0.742086 velocity_parameter=-0.0161667 elapsed=52.0712s written=0
  crossing 0/250
  stopped velocity row 59 IC 86 x0=0.742086 velocity_parameter=-0.0161667 status=collision: trajectory reached the configured collision radius
velocity row 59/120 IC 94/599 x0=0.743903 velocity_parameter=-0.0161667 elapsed=52.3664s written=0
  crossing 0/250
  stopped velocity row 59 IC 94 x0=0.743903 velocity_parameter=-0.0161667 status=collision: trajectory reached the configured collision radius
velocity row 60/120 IC 76/599 x0=0.739816 velocity_parameter=0 elapsed=52.3993s written=0
  crossing 0/250
  stopped velocity row 60 IC 76 x0=0.739816 velocity_parameter=0 status=collision: trajectory reached the configured collision radius
velocity row 60/120 IC 86/599 x0=0.742086 velocity_parameter=0 elapsed=52.7486s written=0
  crossing 0/250
  stopped velocity row 60 IC 86 x0=0.742086 velocity_parameter=0 status=collision: trajectory reached the configured collision radius
velocity row 60/120 IC 94/599 x0=0.743903 velocity_parameter=0 elapsed=53.0434s written=0
  crossing 0/250
  stopped velocity row 60 IC 94 x0=0.743903 velocity_parameter=0 status=collision: trajectory reached the configured collision radius
velocity row 61/120 IC 76/599 x0=0.739816 velocity_parameter=0.0161667 elapsed=53.0762s written=0
  crossing 0/250
  stopped velocity row 61 IC 76 x0=0.739816 velocity_parameter=0.0161667 status=collision: trajectory reached the configured collision radius
velocity row 61/120 IC 86/599 x0=0.742086 velocity_parameter=0.0161667 elapsed=53.4128s written=0
  crossing 0/250
  stopped velocity row 61 IC 86 x0=0.742086 velocity_parameter=0.0161667 status=collision: trajectory reached the configured collision radius
velocity row 61/120 IC 94/599 x0=0.743903 velocity_parameter=0.0161667 elapsed=53.7067s written=0
  crossing 0/250
  stopped velocity row 61 IC 94 x0=0.743903 velocity_parameter=0.0161667 status=collision: trajectory reached the configured collision radius
velocity row 62/120 IC 76/599 x0=0.739816 velocity_parameter=0.0323333 elapsed=53.7398s written=0
  crossing 0/250
  stopped velocity row 62 IC 76 x0=0.739816 velocity_parameter=0.0323333 status=collision: trajectory reached the configured collision radius
velocity row 62/120 IC 86/599 x0=0.742086 velocity_parameter=0.0323333 elapsed=54.083s written=0
  crossing 0/250
  stopped velocity row 62 IC 86 x0=0.742086 velocity_parameter=0.0323333 status=collision: trajectory reached the configured collision radius
velocity row 62/120 IC 94/599 x0=0.743903 velocity_parameter=0.0323333 elapsed=54.3896s written=0
  crossing 0/250
  stopped velocity row 62 IC 94 x0=0.743903 velocity_parameter=0.0323333 status=collision: trajectory reached the configured collision radius
velocity row 63/120 IC 76/599 x0=0.739816 velocity_parameter=0.0485 elapsed=54.4309s written=0
  crossing 0/250
  stopped velocity row 63 IC 76 x0=0.739816 velocity_parameter=0.0485 status=collision: trajectory reached the configured collision radius
velocity row 63/120 IC 86/599 x0=0.742086 velocity_parameter=0.0485 elapsed=54.8098s written=0
  crossing 0/250
  stopped velocity row 63 IC 86 x0=0.742086 velocity_parameter=0.0485 status=collision: trajectory reached the configured collision radius
velocity row 63/120 IC 94/599 x0=0.743903 velocity_parameter=0.0485 elapsed=55.1029s written=0
  crossing 0/250
  stopped velocity row 63 IC 94 x0=0.743903 velocity_parameter=0.0485 status=collision: trajectory reached the configured collision radius
velocity row 64/120 IC 76/599 x0=0.739816 velocity_parameter=0.0646667 elapsed=55.1389s written=0
  crossing 0/250
  stopped velocity row 64 IC 76 x0=0.739816 velocity_parameter=0.0646667 status=collision: trajectory reached the configured collision radius
velocity row 64/120 IC 86/599 x0=0.742086 velocity_parameter=0.0646667 elapsed=55.6051s written=0
  crossing 0/250
  stopped velocity row 64 IC 86 x0=0.742086 velocity_parameter=0.0646667 status=collision: trajectory reached the configured collision radius
velocity row 64/120 IC 94/599 x0=0.743903 velocity_parameter=0.0646667 elapsed=55.911s written=0
  crossing 0/250
  stopped velocity row 64 IC 94 x0=0.743903 velocity_parameter=0.0646667 status=collision: trajectory reached the configured collision radius
velocity row 65/120 IC 76/599 x0=0.739816 velocity_parameter=0.0808333 elapsed=55.9455s written=0
  crossing 0/250
  stopped velocity row 65 IC 76 x0=0.739816 velocity_parameter=0.0808333 status=collision: trajectory reached the configured collision radius
velocity row 65/120 IC 86/599 x0=0.742086 velocity_parameter=0.0808333 elapsed=56.3407s written=0
  crossing 0/250
  stopped velocity row 65 IC 86 x0=0.742086 velocity_parameter=0.0808333 status=collision: trajectory reached the configured collision radius
velocity row 65/120 IC 94/599 x0=0.743903 velocity_parameter=0.0808333 elapsed=56.6092s written=0
  crossing 0/250
  stopped velocity row 65 IC 94 x0=0.743903 velocity_parameter=0.0808333 status=collision: trajectory reached the configured collision radius
velocity row 66/120 IC 76/599 x0=0.739816 velocity_parameter=0.097 elapsed=56.6433s written=0
  crossing 0/250
  stopped velocity row 66 IC 76 x0=0.739816 velocity_parameter=0.097 status=collision: trajectory reached the configured collision radius
velocity row 66/120 IC 86/599 x0=0.742086 velocity_parameter=0.097 elapsed=57.0249s written=0
  crossing 0/250
  stopped velocity row 66 IC 86 x0=0.742086 velocity_parameter=0.097 status=collision: trajectory reached the configured collision radius
velocity row 66/120 IC 94/599 x0=0.743903 velocity_parameter=0.097 elapsed=57.3257s written=0
  crossing 0/250
  stopped velocity row 66 IC 94 x0=0.743903 velocity_parameter=0.097 status=collision: trajectory reached the configured collision radius
velocity row 67/120 IC 76/599 x0=0.739816 velocity_parameter=0.113167 elapsed=57.3854s written=0
  crossing 0/250
  stopped velocity row 67 IC 76 x0=0.739816 velocity_parameter=0.113167 status=collision: trajectory reached the configured collision radius
velocity row 67/120 IC 86/599 x0=0.742086 velocity_parameter=0.113167 elapsed=57.7226s written=0
  crossing 0/250
  stopped velocity row 67 IC 86 x0=0.742086 velocity_parameter=0.113167 status=collision: trajectory reached the configured collision radius
velocity row 67/120 IC 94/599 x0=0.743903 velocity_parameter=0.113167 elapsed=58.0293s written=0
  crossing 0/250
  stopped velocity row 67 IC 94 x0=0.743903 velocity_parameter=0.113167 status=collision: trajectory reached the configured collision radius
velocity row 68/120 IC 76/599 x0=0.739816 velocity_parameter=0.129333 elapsed=58.0635s written=0
  crossing 0/250
  stopped velocity row 68 IC 76 x0=0.739816 velocity_parameter=0.129333 status=collision: trajectory reached the configured collision radius
velocity row 68/120 IC 86/599 x0=0.742086 velocity_parameter=0.129333 elapsed=58.4424s written=0
  crossing 0/250
  stopped velocity row 68 IC 86 x0=0.742086 velocity_parameter=0.129333 status=collision: trajectory reached the configured collision radius
velocity row 68/120 IC 94/599 x0=0.743903 velocity_parameter=0.129333 elapsed=58.7545s written=0
  crossing 0/250
  stopped velocity row 68 IC 94 x0=0.743903 velocity_parameter=0.129333 status=collision: trajectory reached the configured collision radius
velocity row 69/120 IC 76/599 x0=0.739816 velocity_parameter=0.1455 elapsed=58.7877s written=0
  crossing 0/250
  stopped velocity row 69 IC 76 x0=0.739816 velocity_parameter=0.1455 status=collision: trajectory reached the configured collision radius
velocity row 69/120 IC 86/599 x0=0.742086 velocity_parameter=0.1455 elapsed=59.131s written=0
  crossing 0/250
  stopped velocity row 69 IC 86 x0=0.742086 velocity_parameter=0.1455 status=collision: trajectory reached the configured collision radius
velocity row 69/120 IC 94/599 x0=0.743903 velocity_parameter=0.1455 elapsed=59.4561s written=0
  crossing 0/250
  stopped velocity row 69 IC 94 x0=0.743903 velocity_parameter=0.1455 status=collision: trajectory reached the configured collision radius
velocity row 70/120 IC 76/599 x0=0.739816 velocity_parameter=0.161667 elapsed=59.4894s written=0
  crossing 0/250
  stopped velocity row 70 IC 76 x0=0.739816 velocity_parameter=0.161667 status=collision: trajectory reached the configured collision radius
velocity row 70/120 IC 86/599 x0=0.742086 velocity_parameter=0.161667 elapsed=59.8487s written=0
  crossing 0/250
  stopped velocity row 70 IC 86 x0=0.742086 velocity_parameter=0.161667 status=collision: trajectory reached the configured collision radius
velocity row 70/120 IC 94/599 x0=0.743903 velocity_parameter=0.161667 elapsed=60.1362s written=0
  crossing 0/250
  stopped velocity row 70 IC 94 x0=0.743903 velocity_parameter=0.161667 status=collision: trajectory reached the configured collision radius
velocity row 71/120 IC 76/599 x0=0.739816 velocity_parameter=0.177833 elapsed=60.1689s written=0
  crossing 0/250
  stopped velocity row 71 IC 76 x0=0.739816 velocity_parameter=0.177833 status=collision: trajectory reached the configured collision radius
velocity row 71/120 IC 86/599 x0=0.742086 velocity_parameter=0.177833 elapsed=60.5121s written=0
  crossing 0/250
  stopped velocity row 71 IC 86 x0=0.742086 velocity_parameter=0.177833 status=collision: trajectory reached the configured collision radius
velocity row 71/120 IC 94/599 x0=0.743903 velocity_parameter=0.177833 elapsed=60.7968s written=0
  crossing 0/250
  stopped velocity row 71 IC 94 x0=0.743903 velocity_parameter=0.177833 status=collision: trajectory reached the configured collision radius
velocity row 72/120 IC 76/599 x0=0.739816 velocity_parameter=0.194 elapsed=60.831s written=0
  crossing 0/250
  stopped velocity row 72 IC 76 x0=0.739816 velocity_parameter=0.194 status=collision: trajectory reached the configured collision radius
velocity row 72/120 IC 86/599 x0=0.742086 velocity_parameter=0.194 elapsed=61.1611s written=0
  crossing 0/250
  stopped velocity row 72 IC 86 x0=0.742086 velocity_parameter=0.194 status=collision: trajectory reached the configured collision radius
velocity row 72/120 IC 94/599 x0=0.743903 velocity_parameter=0.194 elapsed=61.4734s written=0
  crossing 0/250
  stopped velocity row 72 IC 94 x0=0.743903 velocity_parameter=0.194 status=collision: trajectory reached the configured collision radius
velocity row 73/120 IC 76/599 x0=0.739816 velocity_parameter=0.210167 elapsed=61.5229s written=0
  crossing 0/250
  stopped velocity row 73 IC 76 x0=0.739816 velocity_parameter=0.210167 status=collision: trajectory reached the configured collision radius
velocity row 73/120 IC 86/599 x0=0.742086 velocity_parameter=0.210167 elapsed=61.8804s written=0
  crossing 0/250
  stopped velocity row 73 IC 86 x0=0.742086 velocity_parameter=0.210167 status=collision: trajectory reached the configured collision radius
velocity row 73/120 IC 94/599 x0=0.743903 velocity_parameter=0.210167 elapsed=62.166s written=0
  crossing 0/250
  stopped velocity row 73 IC 94 x0=0.743903 velocity_parameter=0.210167 status=collision: trajectory reached the configured collision radius
velocity row 74/120 IC 76/599 x0=0.739816 velocity_parameter=0.226333 elapsed=62.2s written=0
  crossing 0/250
  stopped velocity row 74 IC 76 x0=0.739816 velocity_parameter=0.226333 status=collision: trajectory reached the configured collision radius
velocity row 74/120 IC 86/599 x0=0.742086 velocity_parameter=0.226333 elapsed=62.5694s written=0
  crossing 0/250
  stopped velocity row 74 IC 86 x0=0.742086 velocity_parameter=0.226333 status=collision: trajectory reached the configured collision radius
velocity row 74/120 IC 94/599 x0=0.743903 velocity_parameter=0.226333 elapsed=62.9152s written=0
  crossing 0/250
  stopped velocity row 74 IC 94 x0=0.743903 velocity_parameter=0.226333 status=collision: trajectory reached the configured collision radius
velocity row 75/120 IC 76/599 x0=0.739816 velocity_parameter=0.2425 elapsed=62.9494s written=0
  crossing 0/250
  stopped velocity row 75 IC 76 x0=0.739816 velocity_parameter=0.2425 status=collision: trajectory reached the configured collision radius
velocity row 75/120 IC 86/599 x0=0.742086 velocity_parameter=0.2425 elapsed=63.3164s written=0
  crossing 0/250
  stopped velocity row 75 IC 86 x0=0.742086 velocity_parameter=0.2425 status=collision: trajectory reached the configured collision radius
velocity row 75/120 IC 94/599 x0=0.743903 velocity_parameter=0.2425 elapsed=63.6224s written=0
  crossing 0/250
  stopped velocity row 75 IC 94 x0=0.743903 velocity_parameter=0.2425 status=collision: trajectory reached the configured collision radius
velocity row 76/120 IC 76/599 x0=0.739816 velocity_parameter=0.258667 elapsed=63.6563s written=0
  crossing 0/250
  stopped velocity row 76 IC 76 x0=0.739816 velocity_parameter=0.258667 status=collision: trajectory reached the configured collision radius
velocity row 76/120 IC 86/599 x0=0.742086 velocity_parameter=0.258667 elapsed=64.0279s written=0
  crossing 0/250
  stopped velocity row 76 IC 86 x0=0.742086 velocity_parameter=0.258667 status=collision: trajectory reached the configured collision radius
velocity row 76/120 IC 94/599 x0=0.743903 velocity_parameter=0.258667 elapsed=64.3175s written=0
  crossing 0/250
  stopped velocity row 76 IC 94 x0=0.743903 velocity_parameter=0.258667 status=collision: trajectory reached the configured collision radius
velocity row 77/120 IC 76/599 x0=0.739816 velocity_parameter=0.274833 elapsed=64.3611s written=0
  crossing 0/250
  stopped velocity row 77 IC 76 x0=0.739816 velocity_parameter=0.274833 status=collision: trajectory reached the configured collision radius
velocity row 77/120 IC 86/599 x0=0.742086 velocity_parameter=0.274833 elapsed=64.6934s written=0
  crossing 0/250
  stopped velocity row 77 IC 86 x0=0.742086 velocity_parameter=0.274833 status=collision: trajectory reached the configured collision radius
velocity row 77/120 IC 94/599 x0=0.743903 velocity_parameter=0.274833 elapsed=64.9791s written=0
  crossing 0/250
  stopped velocity row 77 IC 94 x0=0.743903 velocity_parameter=0.274833 status=collision: trajectory reached the configured collision radius
velocity row 78/120 IC 76/599 x0=0.739816 velocity_parameter=0.291 elapsed=65.0121s written=0
  crossing 0/250
  stopped velocity row 78 IC 76 x0=0.739816 velocity_parameter=0.291 status=collision: trajectory reached the configured collision radius
velocity row 78/120 IC 86/599 x0=0.742086 velocity_parameter=0.291 elapsed=65.3462s written=0
  crossing 0/250
  stopped velocity row 78 IC 86 x0=0.742086 velocity_parameter=0.291 status=collision: trajectory reached the configured collision radius
velocity row 78/120 IC 94/599 x0=0.743903 velocity_parameter=0.291 elapsed=65.615s written=0
  crossing 0/250
  stopped velocity row 78 IC 94 x0=0.743903 velocity_parameter=0.291 status=collision: trajectory reached the configured collision radius
velocity row 79/120 IC 76/599 x0=0.739816 velocity_parameter=0.307167 elapsed=65.6492s written=0
  crossing 0/250
  stopped velocity row 79 IC 76 x0=0.739816 velocity_parameter=0.307167 status=collision: trajectory reached the configured collision radius
velocity row 79/120 IC 86/599 x0=0.742086 velocity_parameter=0.307167 elapsed=65.9984s written=0
  crossing 0/250
  stopped velocity row 79 IC 86 x0=0.742086 velocity_parameter=0.307167 status=collision: trajectory reached the configured collision radius
velocity row 79/120 IC 94/599 x0=0.743903 velocity_parameter=0.307167 elapsed=66.2645s written=0
  crossing 0/250
  stopped velocity row 79 IC 94 x0=0.743903 velocity_parameter=0.307167 status=collision: trajectory reached the configured collision radius
velocity row 80/120 IC 76/599 x0=0.739816 velocity_parameter=0.323333 elapsed=66.3077s written=0
  crossing 0/250
  stopped velocity row 80 IC 76 x0=0.739816 velocity_parameter=0.323333 status=collision: trajectory reached the configured collision radius
velocity row 80/120 IC 86/599 x0=0.742086 velocity_parameter=0.323333 elapsed=66.6904s written=0
  crossing 0/250
  stopped velocity row 80 IC 86 x0=0.742086 velocity_parameter=0.323333 status=collision: trajectory reached the configured collision radius
velocity row 80/120 IC 94/599 x0=0.743903 velocity_parameter=0.323333 elapsed=66.9745s written=0
  crossing 0/250
  stopped velocity row 80 IC 94 x0=0.743903 velocity_parameter=0.323333 status=collision: trajectory reached the configured collision radius
velocity row 81/120 IC 76/599 x0=0.739816 velocity_parameter=0.3395 elapsed=67.0142s written=0
  crossing 0/250
  stopped velocity row 81 IC 76 x0=0.739816 velocity_parameter=0.3395 status=collision: trajectory reached the configured collision radius
velocity row 81/120 IC 86/599 x0=0.742086 velocity_parameter=0.3395 elapsed=67.3785s written=0
  crossing 0/250
  stopped velocity row 81 IC 86 x0=0.742086 velocity_parameter=0.3395 status=collision: trajectory reached the configured collision radius
velocity row 81/120 IC 94/599 x0=0.743903 velocity_parameter=0.3395 elapsed=67.6584s written=0
  crossing 0/250
  stopped velocity row 81 IC 94 x0=0.743903 velocity_parameter=0.3395 status=collision: trajectory reached the configured collision radius
velocity row 82/120 IC 76/599 x0=0.739816 velocity_parameter=0.355667 elapsed=67.6916s written=0
  crossing 0/250
  stopped velocity row 82 IC 76 x0=0.739816 velocity_parameter=0.355667 status=collision: trajectory reached the configured collision radius
velocity row 82/120 IC 86/599 x0=0.742086 velocity_parameter=0.355667 elapsed=68.0585s written=0
  crossing 0/250
  stopped velocity row 82 IC 86 x0=0.742086 velocity_parameter=0.355667 status=collision: trajectory reached the configured collision radius
velocity row 82/120 IC 94/599 x0=0.743903 velocity_parameter=0.355667 elapsed=68.3557s written=0
  crossing 0/250
  stopped velocity row 82 IC 94 x0=0.743903 velocity_parameter=0.355667 status=collision: trajectory reached the configured collision radius
velocity row 83/120 IC 76/599 x0=0.739816 velocity_parameter=0.371833 elapsed=68.3886s written=0
  crossing 0/250
  stopped velocity row 83 IC 76 x0=0.739816 velocity_parameter=0.371833 status=collision: trajectory reached the configured collision radius
velocity row 83/120 IC 86/599 x0=0.742086 velocity_parameter=0.371833 elapsed=68.7309s written=0
  crossing 0/250
  stopped velocity row 83 IC 86 x0=0.742086 velocity_parameter=0.371833 status=collision: trajectory reached the configured collision radius
velocity row 83/120 IC 94/599 x0=0.743903 velocity_parameter=0.371833 elapsed=69.0173s written=0
  crossing 0/250
  stopped velocity row 83 IC 94 x0=0.743903 velocity_parameter=0.371833 status=collision: trajectory reached the configured collision radius
velocity row 84/120 IC 76/599 x0=0.739816 velocity_parameter=0.388 elapsed=69.0496s written=0
  crossing 0/250
  stopped velocity row 84 IC 76 x0=0.739816 velocity_parameter=0.388 status=collision: trajectory reached the configured collision radius
velocity row 84/120 IC 86/599 x0=0.742086 velocity_parameter=0.388 elapsed=69.4064s written=0
  crossing 0/250
  stopped velocity row 84 IC 86 x0=0.742086 velocity_parameter=0.388 status=collision: trajectory reached the configured collision radius
velocity row 84/120 IC 94/599 x0=0.743903 velocity_parameter=0.388 elapsed=69.6889s written=0
  crossing 0/250
  stopped velocity row 84 IC 94 x0=0.743903 velocity_parameter=0.388 status=collision: trajectory reached the configured collision radius
velocity row 85/120 IC 76/599 x0=0.739816 velocity_parameter=0.404167 elapsed=69.7221s written=0
  crossing 0/250
  stopped velocity row 85 IC 76 x0=0.739816 velocity_parameter=0.404167 status=collision: trajectory reached the configured collision radius
velocity row 85/120 IC 86/599 x0=0.742086 velocity_parameter=0.404167 elapsed=70.0591s written=0
  crossing 0/250
  stopped velocity row 85 IC 86 x0=0.742086 velocity_parameter=0.404167 status=collision: trajectory reached the configured collision radius
velocity row 85/120 IC 94/599 x0=0.743903 velocity_parameter=0.404167 elapsed=70.3285s written=0
  crossing 0/250
  stopped velocity row 85 IC 94 x0=0.743903 velocity_parameter=0.404167 status=collision: trajectory reached the configured collision radius
velocity row 86/120 IC 76/599 x0=0.739816 velocity_parameter=0.420333 elapsed=70.362s written=0
  crossing 0/250
  stopped velocity row 86 IC 76 x0=0.739816 velocity_parameter=0.420333 status=collision: trajectory reached the configured collision radius
velocity row 86/120 IC 86/599 x0=0.742086 velocity_parameter=0.420333 elapsed=70.709s written=0
  crossing 0/250
  stopped velocity row 86 IC 86 x0=0.742086 velocity_parameter=0.420333 status=collision: trajectory reached the configured collision radius
velocity row 86/120 IC 94/599 x0=0.743903 velocity_parameter=0.420333 elapsed=70.9709s written=0
  crossing 0/250
  stopped velocity row 86 IC 94 x0=0.743903 velocity_parameter=0.420333 status=collision: trajectory reached the configured collision radius
velocity row 87/120 IC 76/599 x0=0.739816 velocity_parameter=0.4365 elapsed=71.0041s written=0
  crossing 0/250
  stopped velocity row 87 IC 76 x0=0.739816 velocity_parameter=0.4365 status=collision: trajectory reached the configured collision radius
velocity row 87/120 IC 86/599 x0=0.742086 velocity_parameter=0.4365 elapsed=71.381s written=0
  crossing 0/250
  stopped velocity row 87 IC 86 x0=0.742086 velocity_parameter=0.4365 status=collision: trajectory reached the configured collision radius
velocity row 87/120 IC 94/599 x0=0.743903 velocity_parameter=0.4365 elapsed=71.6535s written=0
  crossing 0/250
  stopped velocity row 87 IC 94 x0=0.743903 velocity_parameter=0.4365 status=collision: trajectory reached the configured collision radius
velocity row 88/120 IC 76/599 x0=0.739816 velocity_parameter=0.452667 elapsed=71.6865s written=0
  crossing 0/250
  stopped velocity row 88 IC 76 x0=0.739816 velocity_parameter=0.452667 status=collision: trajectory reached the configured collision radius
velocity row 88/120 IC 86/599 x0=0.742086 velocity_parameter=0.452667 elapsed=72.0149s written=0
  crossing 0/250
  stopped velocity row 88 IC 86 x0=0.742086 velocity_parameter=0.452667 status=collision: trajectory reached the configured collision radius
velocity row 88/120 IC 94/599 x0=0.743903 velocity_parameter=0.452667 elapsed=72.3042s written=0
  crossing 0/250
  stopped velocity row 88 IC 94 x0=0.743903 velocity_parameter=0.452667 status=collision: trajectory reached the configured collision radius
velocity row 89/120 IC 76/599 x0=0.739816 velocity_parameter=0.468833 elapsed=72.3368s written=0
  crossing 0/250
  stopped velocity row 89 IC 76 x0=0.739816 velocity_parameter=0.468833 status=collision: trajectory reached the configured collision radius
velocity row 89/120 IC 86/599 x0=0.742086 velocity_parameter=0.468833 elapsed=72.6566s written=0
  crossing 0/250
  stopped velocity row 89 IC 86 x0=0.742086 velocity_parameter=0.468833 status=collision: trajectory reached the configured collision radius
velocity row 89/120 IC 94/599 x0=0.743903 velocity_parameter=0.468833 elapsed=72.9154s written=0
  crossing 0/250
  stopped velocity row 89 IC 94 x0=0.743903 velocity_parameter=0.468833 status=collision: trajectory reached the configured collision radius
velocity row 90/120 IC 76/599 x0=0.739816 velocity_parameter=0.485 elapsed=72.9486s written=0
  crossing 0/250
  stopped velocity row 90 IC 76 x0=0.739816 velocity_parameter=0.485 status=collision: trajectory reached the configured collision radius
velocity row 90/120 IC 86/599 x0=0.742086 velocity_parameter=0.485 elapsed=73.3062s written=0
  crossing 0/250
  stopped velocity row 90 IC 86 x0=0.742086 velocity_parameter=0.485 status=collision: trajectory reached the configured collision radius
velocity row 90/120 IC 94/599 x0=0.743903 velocity_parameter=0.485 elapsed=73.5631s written=0
  crossing 0/250
  stopped velocity row 90 IC 94 x0=0.743903 velocity_parameter=0.485 status=collision: trajectory reached the configured collision radius
velocity row 91/120 IC 76/599 x0=0.739816 velocity_parameter=0.501167 elapsed=73.5951s written=0
  crossing 0/250
  stopped velocity row 91 IC 76 x0=0.739816 velocity_parameter=0.501167 status=collision: trajectory reached the configured collision radius
velocity row 91/120 IC 86/599 x0=0.742086 velocity_parameter=0.501167 elapsed=73.9192s written=0
  crossing 0/250
  stopped velocity row 91 IC 86 x0=0.742086 velocity_parameter=0.501167 status=collision: trajectory reached the configured collision radius
velocity row 91/120 IC 94/599 x0=0.743903 velocity_parameter=0.501167 elapsed=74.2029s written=0
  crossing 0/250
  stopped velocity row 91 IC 94 x0=0.743903 velocity_parameter=0.501167 status=collision: trajectory reached the configured collision radius
velocity row 92/120 IC 76/599 x0=0.739816 velocity_parameter=0.517333 elapsed=74.2518s written=0
  crossing 0/250
  stopped velocity row 92 IC 76 x0=0.739816 velocity_parameter=0.517333 status=collision: trajectory reached the configured collision radius
velocity row 92/120 IC 86/599 x0=0.742086 velocity_parameter=0.517333 elapsed=74.5806s written=0
  crossing 0/250
  stopped velocity row 92 IC 86 x0=0.742086 velocity_parameter=0.517333 status=collision: trajectory reached the configured collision radius
velocity row 92/120 IC 94/599 x0=0.743903 velocity_parameter=0.517333 elapsed=74.8761s written=0
  crossing 0/250
  stopped velocity row 92 IC 94 x0=0.743903 velocity_parameter=0.517333 status=collision: trajectory reached the configured collision radius
velocity row 93/120 IC 76/599 x0=0.739816 velocity_parameter=0.5335 elapsed=74.9094s written=0
  crossing 0/250
  stopped velocity row 93 IC 76 x0=0.739816 velocity_parameter=0.5335 status=collision: trajectory reached the configured collision radius
velocity row 93/120 IC 86/599 x0=0.742086 velocity_parameter=0.5335 elapsed=75.2332s written=0
  crossing 0/250
  stopped velocity row 93 IC 86 x0=0.742086 velocity_parameter=0.5335 status=collision: trajectory reached the configured collision radius
velocity row 93/120 IC 94/599 x0=0.743903 velocity_parameter=0.5335 elapsed=75.4895s written=0
  crossing 0/250
  stopped velocity row 93 IC 94 x0=0.743903 velocity_parameter=0.5335 status=collision: trajectory reached the configured collision radius
velocity row 94/120 IC 76/599 x0=0.739816 velocity_parameter=0.549667 elapsed=75.522s written=0
  crossing 0/250
  stopped velocity row 94 IC 76 x0=0.739816 velocity_parameter=0.549667 status=collision: trajectory reached the configured collision radius
velocity row 94/120 IC 86/599 x0=0.742086 velocity_parameter=0.549667 elapsed=75.8502s written=0
  crossing 0/250
  stopped velocity row 94 IC 86 x0=0.742086 velocity_parameter=0.549667 status=collision: trajectory reached the configured collision radius
velocity row 94/120 IC 94/599 x0=0.743903 velocity_parameter=0.549667 elapsed=76.1196s written=0
  crossing 0/250
  stopped velocity row 94 IC 94 x0=0.743903 velocity_parameter=0.549667 status=collision: trajectory reached the configured collision radius
velocity row 95/120 IC 76/599 x0=0.739816 velocity_parameter=0.565833 elapsed=76.1759s written=0
  crossing 0/250
  stopped velocity row 95 IC 76 x0=0.739816 velocity_parameter=0.565833 status=collision: trajectory reached the configured collision radius
velocity row 95/120 IC 86/599 x0=0.742086 velocity_parameter=0.565833 elapsed=76.5553s written=0
  crossing 0/250
  stopped velocity row 95 IC 86 x0=0.742086 velocity_parameter=0.565833 status=collision: trajectory reached the configured collision radius
velocity row 95/120 IC 94/599 x0=0.743903 velocity_parameter=0.565833 elapsed=76.8373s written=0
  crossing 0/250
  stopped velocity row 95 IC 94 x0=0.743903 velocity_parameter=0.565833 status=collision: trajectory reached the configured collision radius
velocity row 96/120 IC 76/599 x0=0.739816 velocity_parameter=0.582 elapsed=76.872s written=0
  crossing 0/250
  stopped velocity row 96 IC 76 x0=0.739816 velocity_parameter=0.582 status=collision: trajectory reached the configured collision radius
velocity row 96/120 IC 86/599 x0=0.742086 velocity_parameter=0.582 elapsed=77.2164s written=0
  crossing 0/250
  stopped velocity row 96 IC 86 x0=0.742086 velocity_parameter=0.582 status=collision: trajectory reached the configured collision radius
velocity row 96/120 IC 94/599 x0=0.743903 velocity_parameter=0.582 elapsed=77.478s written=0
  crossing 0/250
  stopped velocity row 96 IC 94 x0=0.743903 velocity_parameter=0.582 status=collision: trajectory reached the configured collision radius
velocity row 97/120 IC 76/599 x0=0.739816 velocity_parameter=0.598167 elapsed=77.5107s written=0
  crossing 0/250
  stopped velocity row 97 IC 76 x0=0.739816 velocity_parameter=0.598167 status=collision: trajectory reached the configured collision radius
velocity row 97/120 IC 86/599 x0=0.742086 velocity_parameter=0.598167 elapsed=77.8586s written=0
  crossing 0/250
  stopped velocity row 97 IC 86 x0=0.742086 velocity_parameter=0.598167 status=collision: trajectory reached the configured collision radius
velocity row 97/120 IC 94/599 x0=0.743903 velocity_parameter=0.598167 elapsed=78.1781s written=0
  crossing 0/250
  stopped velocity row 97 IC 94 x0=0.743903 velocity_parameter=0.598167 status=collision: trajectory reached the configured collision radius
velocity row 98/120 IC 76/599 x0=0.739816 velocity_parameter=0.614333 elapsed=78.2098s written=0
  crossing 0/250
  stopped velocity row 98 IC 76 x0=0.739816 velocity_parameter=0.614333 status=collision: trajectory reached the configured collision radius
velocity row 98/120 IC 86/599 x0=0.742086 velocity_parameter=0.614333 elapsed=78.5359s written=0
  crossing 0/250
  stopped velocity row 98 IC 86 x0=0.742086 velocity_parameter=0.614333 status=collision: trajectory reached the configured collision radius
velocity row 98/120 IC 94/599 x0=0.743903 velocity_parameter=0.614333 elapsed=78.7924s written=0
  crossing 0/250
  stopped velocity row 98 IC 94 x0=0.743903 velocity_parameter=0.614333 status=collision: trajectory reached the configured collision radius
velocity row 99/120 IC 76/599 x0=0.739816 velocity_parameter=0.6305 elapsed=78.8241s written=0
  crossing 0/250
  stopped velocity row 99 IC 76 x0=0.739816 velocity_parameter=0.6305 status=collision: trajectory reached the configured collision radius
velocity row 99/120 IC 86/599 x0=0.742086 velocity_parameter=0.6305 elapsed=79.146s written=0
  crossing 0/250
  stopped velocity row 99 IC 86 x0=0.742086 velocity_parameter=0.6305 status=collision: trajectory reached the configured collision radius
velocity row 99/120 IC 94/599 x0=0.743903 velocity_parameter=0.6305 elapsed=79.416s written=0
  crossing 0/250
  stopped velocity row 99 IC 94 x0=0.743903 velocity_parameter=0.6305 status=collision: trajectory reached the configured collision radius
velocity row 100/120 IC 76/599 x0=0.739816 velocity_parameter=0.646667 elapsed=79.4483s written=0
  crossing 0/250
  stopped velocity row 100 IC 76 x0=0.739816 velocity_parameter=0.646667 status=collision: trajectory reached the configured collision radius
velocity row 100/120 IC 86/599 x0=0.742086 velocity_parameter=0.646667 elapsed=79.7737s written=0
  crossing 0/250
  stopped velocity row 100 IC 86 x0=0.742086 velocity_parameter=0.646667 status=collision: trajectory reached the configured collision radius
velocity row 100/120 IC 94/599 x0=0.743903 velocity_parameter=0.646667 elapsed=80.0287s written=0
  crossing 0/250
  stopped velocity row 100 IC 94 x0=0.743903 velocity_parameter=0.646667 status=collision: trajectory reached the configured collision radius
velocity row 101/120 IC 76/599 x0=0.739816 velocity_parameter=0.662833 elapsed=80.0603s written=0
  crossing 0/250
  stopped velocity row 101 IC 76 x0=0.739816 velocity_parameter=0.662833 status=collision: trajectory reached the configured collision radius
velocity row 101/120 IC 86/599 x0=0.742086 velocity_parameter=0.662833 elapsed=80.3807s written=0
  crossing 0/250
  stopped velocity row 101 IC 86 x0=0.742086 velocity_parameter=0.662833 status=collision: trajectory reached the configured collision radius
velocity row 101/120 IC 94/599 x0=0.743903 velocity_parameter=0.662833 elapsed=80.6338s written=0
  crossing 0/250
  stopped velocity row 101 IC 94 x0=0.743903 velocity_parameter=0.662833 status=collision: trajectory reached the configured collision radius
velocity row 102/120 IC 76/599 x0=0.739816 velocity_parameter=0.679 elapsed=80.6656s written=0
  crossing 0/250
  stopped velocity row 102 IC 76 x0=0.739816 velocity_parameter=0.679 status=collision: trajectory reached the configured collision radius
velocity row 102/120 IC 86/599 x0=0.742086 velocity_parameter=0.679 elapsed=80.9841s written=0
  crossing 0/250
  stopped velocity row 102 IC 86 x0=0.742086 velocity_parameter=0.679 status=collision: trajectory reached the configured collision radius
velocity row 102/120 IC 94/599 x0=0.743903 velocity_parameter=0.679 elapsed=81.2388s written=0
  crossing 0/250
  stopped velocity row 102 IC 94 x0=0.743903 velocity_parameter=0.679 status=collision: trajectory reached the configured collision radius
velocity row 103/120 IC 76/599 x0=0.739816 velocity_parameter=0.695167 elapsed=81.27s written=0
  crossing 0/250
  stopped velocity row 103 IC 76 x0=0.739816 velocity_parameter=0.695167 status=collision: trajectory reached the configured collision radius
velocity row 103/120 IC 86/599 x0=0.742086 velocity_parameter=0.695167 elapsed=81.5883s written=0
  crossing 0/250
  stopped velocity row 103 IC 86 x0=0.742086 velocity_parameter=0.695167 status=collision: trajectory reached the configured collision radius
velocity row 103/120 IC 94/599 x0=0.743903 velocity_parameter=0.695167 elapsed=81.8457s written=0
  crossing 0/250
  stopped velocity row 103 IC 94 x0=0.743903 velocity_parameter=0.695167 status=collision: trajectory reached the configured collision radius
velocity row 104/120 IC 76/599 x0=0.739816 velocity_parameter=0.711333 elapsed=81.8772s written=0
  crossing 0/250
  stopped velocity row 104 IC 76 x0=0.739816 velocity_parameter=0.711333 status=collision: trajectory reached the configured collision radius
velocity row 104/120 IC 86/599 x0=0.742086 velocity_parameter=0.711333 elapsed=82.1952s written=0
  crossing 0/250
  stopped velocity row 104 IC 86 x0=0.742086 velocity_parameter=0.711333 status=collision: trajectory reached the configured collision radius
velocity row 104/120 IC 94/599 x0=0.743903 velocity_parameter=0.711333 elapsed=82.468s written=0
  crossing 0/250
  stopped velocity row 104 IC 94 x0=0.743903 velocity_parameter=0.711333 status=collision: trajectory reached the configured collision radius
velocity row 105/120 IC 76/599 x0=0.739816 velocity_parameter=0.7275 elapsed=82.5002s written=0
  crossing 0/250
  stopped velocity row 105 IC 76 x0=0.739816 velocity_parameter=0.7275 status=collision: trajectory reached the configured collision radius
velocity row 105/120 IC 86/599 x0=0.742086 velocity_parameter=0.7275 elapsed=82.8187s written=0
  crossing 0/250
  stopped velocity row 105 IC 86 x0=0.742086 velocity_parameter=0.7275 status=collision: trajectory reached the configured collision radius
velocity row 105/120 IC 94/599 x0=0.743903 velocity_parameter=0.7275 elapsed=83.0742s written=0
  crossing 0/250
  stopped velocity row 105 IC 94 x0=0.743903 velocity_parameter=0.7275 status=collision: trajectory reached the configured collision radius
velocity row 106/120 IC 76/599 x0=0.739816 velocity_parameter=0.743667 elapsed=83.1066s written=0
  crossing 0/250
  stopped velocity row 106 IC 76 x0=0.739816 velocity_parameter=0.743667 status=collision: trajectory reached the configured collision radius
velocity row 106/120 IC 86/599 x0=0.742086 velocity_parameter=0.743667 elapsed=83.4211s written=0
  crossing 0/250
  stopped velocity row 106 IC 86 x0=0.742086 velocity_parameter=0.743667 status=collision: trajectory reached the configured collision radius
velocity row 106/120 IC 94/599 x0=0.743903 velocity_parameter=0.743667 elapsed=83.6787s written=0
  crossing 0/250
  stopped velocity row 106 IC 94 x0=0.743903 velocity_parameter=0.743667 status=collision: trajectory reached the configured collision radius
velocity row 107/120 IC 76/599 x0=0.739816 velocity_parameter=0.759833 elapsed=83.7115s written=0
  crossing 0/250
  stopped velocity row 107 IC 76 x0=0.739816 velocity_parameter=0.759833 status=collision: trajectory reached the configured collision radius
velocity row 107/120 IC 86/599 x0=0.742086 velocity_parameter=0.759833 elapsed=84.0261s written=0
  crossing 0/250
  stopped velocity row 107 IC 86 x0=0.742086 velocity_parameter=0.759833 status=collision: trajectory reached the configured collision radius
velocity row 107/120 IC 94/599 x0=0.743903 velocity_parameter=0.759833 elapsed=84.2849s written=0
  crossing 0/250
  stopped velocity row 107 IC 94 x0=0.743903 velocity_parameter=0.759833 status=collision: trajectory reached the configured collision radius
velocity row 108/120 IC 76/599 x0=0.739816 velocity_parameter=0.776 elapsed=84.3187s written=0
  crossing 0/250
  stopped velocity row 108 IC 76 x0=0.739816 velocity_parameter=0.776 status=collision: trajectory reached the configured collision radius
velocity row 108/120 IC 86/599 x0=0.742086 velocity_parameter=0.776 elapsed=84.6899s written=0
  crossing 0/250
  stopped velocity row 108 IC 86 x0=0.742086 velocity_parameter=0.776 status=collision: trajectory reached the configured collision radius
velocity row 108/120 IC 94/599 x0=0.743903 velocity_parameter=0.776 elapsed=84.9411s written=0
  crossing 0/250
  stopped velocity row 108 IC 94 x0=0.743903 velocity_parameter=0.776 status=collision: trajectory reached the configured collision radius
velocity row 109/120 IC 76/599 x0=0.739816 velocity_parameter=0.792167 elapsed=84.9718s written=0
  crossing 0/250
  stopped velocity row 109 IC 76 x0=0.739816 velocity_parameter=0.792167 status=collision: trajectory reached the configured collision radius
velocity row 109/120 IC 86/599 x0=0.742086 velocity_parameter=0.792167 elapsed=85.2929s written=2
  crossing 0/250
  stopped velocity row 109 IC 86 x0=0.742086 velocity_parameter=0.792167 status=collision: trajectory reached the configured collision radius
velocity row 109/120 IC 94/599 x0=0.743903 velocity_parameter=0.792167 elapsed=85.5507s written=10
  crossing 0/250
  stopped velocity row 109 IC 94 x0=0.743903 velocity_parameter=0.792167 status=collision: trajectory reached the configured collision radius
velocity row 110/120 IC 76/599 x0=0.739816 velocity_parameter=0.808333 elapsed=85.5828s written=11
  crossing 0/250
  stopped velocity row 110 IC 76 x0=0.739816 velocity_parameter=0.808333 status=collision: trajectory reached the configured collision radius
velocity row 110/120 IC 86/599 x0=0.742086 velocity_parameter=0.808333 elapsed=85.906s written=21
  crossing 0/250
  stopped velocity row 110 IC 86 x0=0.742086 velocity_parameter=0.808333 status=collision: trajectory reached the configured collision radius
velocity row 110/120 IC 94/599 x0=0.743903 velocity_parameter=0.808333 elapsed=86.1731s written=29
  crossing 0/250
  stopped velocity row 110 IC 94 x0=0.743903 velocity_parameter=0.808333 status=collision: trajectory reached the configured collision radius
velocity row 111/120 IC 76/599 x0=0.739816 velocity_parameter=0.8245 elapsed=86.2069s written=30
  crossing 0/250
  stopped velocity row 111 IC 76 x0=0.739816 velocity_parameter=0.8245 status=collision: trajectory reached the configured collision radius
velocity row 111/120 IC 86/599 x0=0.742086 velocity_parameter=0.8245 elapsed=86.5437s written=40
  crossing 0/250
  stopped velocity row 111 IC 86 x0=0.742086 velocity_parameter=0.8245 status=collision: trajectory reached the configured collision radius
velocity row 111/120 IC 94/599 x0=0.743903 velocity_parameter=0.8245 elapsed=86.8087s written=48
  crossing 0/250
  stopped velocity row 111 IC 94 x0=0.743903 velocity_parameter=0.8245 status=collision: trajectory reached the configured collision radius
velocity row 112/120 IC 76/599 x0=0.739816 velocity_parameter=0.840667 elapsed=86.842s written=49
  crossing 0/250
  stopped velocity row 112 IC 76 x0=0.739816 velocity_parameter=0.840667 status=collision: trajectory reached the configured collision radius
velocity row 112/120 IC 86/599 x0=0.742086 velocity_parameter=0.840667 elapsed=87.1811s written=59
  crossing 0/250
  stopped velocity row 112 IC 86 x0=0.742086 velocity_parameter=0.840667 status=collision: trajectory reached the configured collision radius
velocity row 112/120 IC 94/599 x0=0.743903 velocity_parameter=0.840667 elapsed=87.4523s written=67
  crossing 0/250
  stopped velocity row 112 IC 94 x0=0.743903 velocity_parameter=0.840667 status=collision: trajectory reached the configured collision radius
velocity row 113/120 IC 76/599 x0=0.739816 velocity_parameter=0.856833 elapsed=87.4857s written=68
  crossing 0/250
  stopped velocity row 113 IC 76 x0=0.739816 velocity_parameter=0.856833 status=collision: trajectory reached the configured collision radius
velocity row 113/120 IC 86/599 x0=0.742086 velocity_parameter=0.856833 elapsed=87.8215s written=78
  crossing 0/250
  stopped velocity row 113 IC 86 x0=0.742086 velocity_parameter=0.856833 status=collision: trajectory reached the configured collision radius
velocity row 113/120 IC 94/599 x0=0.743903 velocity_parameter=0.856833 elapsed=88.1011s written=86
  crossing 0/250
  stopped velocity row 113 IC 94 x0=0.743903 velocity_parameter=0.856833 status=collision: trajectory reached the configured collision radius
velocity row 114/120 IC 76/599 x0=0.739816 velocity_parameter=0.873 elapsed=88.1385s written=87
  crossing 0/250
  stopped velocity row 114 IC 76 x0=0.739816 velocity_parameter=0.873 status=collision: trajectory reached the configured collision radius
velocity row 114/120 IC 86/599 x0=0.742086 velocity_parameter=0.873 elapsed=88.4729s written=97
  crossing 0/250
  stopped velocity row 114 IC 86 x0=0.742086 velocity_parameter=0.873 status=collision: trajectory reached the configured collision radius
velocity row 114/120 IC 94/599 x0=0.743903 velocity_parameter=0.873 elapsed=88.611s written=101
  crossing 0/250
  stopped velocity row 114 IC 94 x0=0.743903 velocity_parameter=0.873 status=outer_limit: trajectory reached the configured outer_limit radius
velocity row 115/120 IC 76/599 x0=0.739816 velocity_parameter=0.889167 elapsed=88.6178s written=101
  crossing 0/250
  stopped velocity row 115 IC 76 x0=0.739816 velocity_parameter=0.889167 status=collision: trajectory reached the configured collision radius
velocity row 115/120 IC 86/599 x0=0.742086 velocity_parameter=0.889167 elapsed=88.9542s written=111
  crossing 0/250
  stopped velocity row 115 IC 86 x0=0.742086 velocity_parameter=0.889167 status=collision: trajectory reached the configured collision radius
velocity row 115/120 IC 94/599 x0=0.743903 velocity_parameter=0.889167 elapsed=89.0331s written=113
  crossing 0/250
  stopped velocity row 115 IC 94 x0=0.743903 velocity_parameter=0.889167 status=outer_limit: trajectory reached the configured outer_limit radius
velocity row 116/120 IC 76/599 x0=0.739816 velocity_parameter=0.905333 elapsed=89.0392s written=113
  crossing 0/250
  stopped velocity row 116 IC 76 x0=0.739816 velocity_parameter=0.905333 status=collision: trajectory reached the configured collision radius
velocity row 116/120 IC 86/599 x0=0.742086 velocity_parameter=0.905333 elapsed=89.3814s written=123
  crossing 0/250
  stopped velocity row 116 IC 86 x0=0.742086 velocity_parameter=0.905333 status=collision: trajectory reached the configured collision radius
velocity row 116/120 IC 94/599 x0=0.743903 velocity_parameter=0.905333 elapsed=89.4885s written=126
  crossing 0/250
  stopped velocity row 116 IC 94 x0=0.743903 velocity_parameter=0.905333 status=outer_limit: trajectory reached the configured outer_limit radius
velocity row 117/120 IC 76/599 x0=0.739816 velocity_parameter=0.9215 elapsed=89.4939s written=126
  crossing 0/250
  stopped velocity row 117 IC 76 x0=0.739816 velocity_parameter=0.9215 status=collision: trajectory reached the configured collision radius
velocity row 117/120 IC 86/599 x0=0.742086 velocity_parameter=0.9215 elapsed=89.8297s written=136
  crossing 0/250
  stopped velocity row 117 IC 86 x0=0.742086 velocity_parameter=0.9215 status=collision: trajectory reached the configured collision radius
velocity row 117/120 IC 94/599 x0=0.743903 velocity_parameter=0.9215 elapsed=90.0751s written=144
  crossing 0/250
  stopped velocity row 117 IC 94 x0=0.743903 velocity_parameter=0.9215 status=outer_limit: trajectory reached the configured outer_limit radius
velocity row 118/120 IC 76/599 x0=0.739816 velocity_parameter=0.937667 elapsed=90.0818s written=145
  crossing 0/250
  stopped velocity row 118 IC 76 x0=0.739816 velocity_parameter=0.937667 status=collision: trajectory reached the configured collision radius
velocity row 118/120 IC 86/599 x0=0.742086 velocity_parameter=0.937667 elapsed=90.4066s written=155
  crossing 0/250
  stopped velocity row 118 IC 86 x0=0.742086 velocity_parameter=0.937667 status=collision: trajectory reached the configured collision radius
velocity row 118/120 IC 94/599 x0=0.743903 velocity_parameter=0.937667 elapsed=90.6712s written=163
  crossing 0/250
  stopped velocity row 118 IC 94 x0=0.743903 velocity_parameter=0.937667 status=collision: trajectory reached the configured collision radius
velocity row 119/120 IC 76/599 x0=0.739816 velocity_parameter=0.953833 elapsed=90.7038s written=164
  crossing 0/250
  stopped velocity row 119 IC 76 x0=0.739816 velocity_parameter=0.953833 status=collision: trajectory reached the configured collision radius
velocity row 119/120 IC 86/599 x0=0.742086 velocity_parameter=0.953833 elapsed=91.0275s written=174
  crossing 0/250
  stopped velocity row 119 IC 86 x0=0.742086 velocity_parameter=0.953833 status=collision: trajectory reached the configured collision radius
velocity row 119/120 IC 94/599 x0=0.743903 velocity_parameter=0.953833 elapsed=91.2864s written=182
  crossing 0/250
  stopped velocity row 119 IC 94 x0=0.743903 velocity_parameter=0.953833 status=collision: trajectory reached the configured collision radius
velocity row 120/120 IC 76/599 x0=0.739816 velocity_parameter=0.97 elapsed=91.3196s written=183
  crossing 0/250
  stopped velocity row 120 IC 76 x0=0.739816 velocity_parameter=0.97 status=collision: trajectory reached the configured collision radius
velocity row 120/120 IC 86/599 x0=0.742086 velocity_parameter=0.97 elapsed=91.6337s written=193
  crossing 0/250
  stopped velocity row 120 IC 86 x0=0.742086 velocity_parameter=0.97 status=collision: trajectory reached the configured collision radius
velocity row 120/120 IC 94/599 x0=0.743903 velocity_parameter=0.97 elapsed=91.8772s written=201
  crossing 0/250
  stopped velocity row 120 IC 94 x0=0.743903 velocity_parameter=0.97 status=collision: trajectory reached the configured collision radius
svg -> /mnt/c/Users/payne/Code/Hill_4BP/professional_neck_studies/e1_dense_001/survey/level_001_delta_1e_minus_3/open/shard_0004/preview.svg
metadata -> /mnt/c/Users/payne/Code/Hill_4BP/professional_neck_studies/e1_dense_001/survey/level_001_delta_1e_minus_3/open/shard_0004/metadata.txt
wrote 202 points (0 ICs skipped, 2299 orbits stopped early, elapsed=91.9141s) -> /mnt/c/Users/payne/Code/Hill_4BP/professional_neck_studies/e1_dense_001/survey/level_001_delta_1e_minus_3/open/shard_0004/points.csv
outcomes: collision=2276 completed=0 forbidden=0 inner_radius_limit=0 invalid_initial_radius=0 invalid_velocity=0 nontransverse=0 numerical_failure=0 outer_limit=23 timeout=0
maximum sampled |H-h|=9.76043e-16
